[2024-10-11 10:23:50,544][websockets.server][INFO] - server listening on 0.0.0.0:8080
[2024-10-11 10:23:50,721][root][INFO] - self.cfg: 
 lr: 0.0001
c_in: 6
zfar: 'Infinity'
debug: null
n_view: 1
run_id: 3wy8qqex
use_BN: true
exp_name: 2024-01-11-20-02-45
n_epochs: 62
save_dir: /home/bowenw/debug/2024-01-11-20-02-45/
use_mask: false
loss_type: pairwise_valid
optimizer: adam
batch_size: 64
crop_ratio: 1.1
enable_amp: true
use_normal: false
max_num_key: null
warmup_step: -1
input_resize:
- 160
- 160
max_step_val: 1000
vis_interval: 1000
weight_decay: 0
normalize_xyz: true
resume_run_id: null
clip_grad_norm: 'Infinity'
lr_epoch_decay: 500
render_backend: nvdiffrast
train_num_pair: 5
lr_decay_epochs:
- 50
n_epochs_warmup: 1
make_pair_online: false
gradient_max_norm: 'Infinity'
max_step_per_epoch: 10000
n_rendering_workers: 1
save_epoch_interval: 100
n_dataloader_workers: 100
split_objects_across_gpus: true
ckpt_dir: FoundationPose/learning/training/../../weights/2024-01-11-20-02-45/model_best.pth

[2024-10-11 10:23:50,721][root][INFO] - self.h5_file:None
[2024-10-11 10:23:50,889][root][INFO] - Using pretrained model from FoundationPose/learning/training/../../weights/2024-01-11-20-02-45/model_best.pth
[2024-10-11 10:23:50,950][root][INFO] - init done
[2024-10-11 10:23:50,950][root][INFO] - welcome
[2024-10-11 10:23:50,953][root][INFO] - self.cfg: 
 lr: 0.0001
c_in: 6
zfar: .inf
debug: null
w_rot: 0.1
n_view: 1
run_id: null
use_BN: true
rot_rep: axis_angle
ckpt_dir: FoundationPose/learning/training/../../weights/2023-10-28-18-33-37/model_best.pth
exp_name: 2023-10-28-18-33-37
save_dir: /tmp/2023-10-28-18-33-37/
loss_type: l2
optimizer: adam
trans_rep: tracknet
batch_size: 64
crop_ratio: 1.2
use_normal: false
BN_momentum: 0.1
max_num_key: null
warmup_step: -1
input_resize:
- 160
- 160
max_step_val: 1000
normal_uint8: false
vis_interval: 1000
weight_decay: 0
n_max_objects: null
normalize_xyz: true
clip_grad_norm: 'Infinity'
rot_normalizer: 0.3490658503988659
trans_normalizer:
- 0.019999999552965164
- 0.019999999552965164
- 0.05000000074505806
max_step_per_epoch: 25000
val_epoch_interval: 10
n_dataloader_workers: 60
enable_amp: true
use_mask: false

[2024-10-11 10:23:50,953][root][INFO] - self.h5_file:
[2024-10-11 10:23:51,016][root][INFO] - Using pretrained model from FoundationPose/learning/training/../../weights/2023-10-28-18-33-37/model_best.pth
[2024-10-11 10:23:51,036][root][INFO] - init done
[2024-10-11 10:23:52,688][websockets.server][INFO] - connection open
[2024-10-11 10:23:53,184][root][INFO] - self.diameter:0.2324774443430137, vox_size:0.011623872217150685
[2024-10-11 10:23:53,199][root][INFO] - self.pts:torch.Size([385, 3])
[2024-10-11 10:23:54,009][root][INFO] - reset done
[2024-10-11 10:23:54,010][root][INFO] - cam_in_obs:(42, 4, 4)
[2024-10-11 10:23:54,012][root][INFO] - rot_grid:(252, 4, 4)
[2024-10-11 10:23:54,012][root][INFO] - after cluster, rot_grid:(252, 4, 4)
[2024-10-11 10:23:54,013][root][INFO] - self.rot_grid: torch.Size([252, 4, 4])
[2024-10-11 10:24:01,472][root][INFO] - Welcome
[2024-10-11 10:24:01,495][root][INFO] - poses:(252, 4, 4)
[2024-10-11 10:24:01,506][root][INFO] - after viewpoint, add_errs min:-1.0
[2024-10-11 10:24:01,580][root][INFO] - ob_in_cams:(252, 4, 4)
[2024-10-11 10:24:01,580][root][INFO] - self.cfg.use_normal:False
[2024-10-11 10:24:01,580][root][INFO] - trans_normalizer:[0.019999999552965164, 0.019999999552965164, 0.05000000074505806], rot_normalizer:0.3490658503988659
[2024-10-11 10:24:01,592][root][INFO] - making cropped data
[2024-10-11 10:24:01,593][root][INFO] - Welcome make_crop_data_batch
[2024-10-11 10:24:01,597][root][INFO] - make tf_to_crops done
[2024-10-11 10:24:01,622][root][INFO] - render done
[2024-10-11 10:24:01,628][root][INFO] - warp done
[2024-10-11 10:24:01,633][root][INFO] - pose batch data done
[2024-10-11 10:24:01,633][root][INFO] - forward start
[2024-10-11 10:24:01,752][root][INFO] - forward done
[2024-10-11 10:24:01,764][root][INFO] - making cropped data
[2024-10-11 10:24:01,765][root][INFO] - Welcome make_crop_data_batch
[2024-10-11 10:24:01,765][root][INFO] - make tf_to_crops done
[2024-10-11 10:24:01,783][root][INFO] - render done
[2024-10-11 10:24:01,787][root][INFO] - warp done
[2024-10-11 10:24:01,791][root][INFO] - pose batch data done
[2024-10-11 10:24:01,791][root][INFO] - forward start
[2024-10-11 10:24:01,792][root][INFO] - forward done
[2024-10-11 10:24:01,792][root][INFO] - making cropped data
[2024-10-11 10:24:01,793][root][INFO] - Welcome make_crop_data_batch
[2024-10-11 10:24:01,898][root][INFO] - make tf_to_crops done
[2024-10-11 10:24:01,916][root][INFO] - render done
[2024-10-11 10:24:01,919][root][INFO] - warp done
[2024-10-11 10:24:01,922][root][INFO] - pose batch data done
[2024-10-11 10:24:01,922][root][INFO] - forward start
[2024-10-11 10:24:01,924][root][INFO] - forward done
[2024-10-11 10:24:01,924][root][INFO] - making cropped data
[2024-10-11 10:24:01,924][root][INFO] - Welcome make_crop_data_batch
[2024-10-11 10:24:02,026][root][INFO] - make tf_to_crops done
[2024-10-11 10:24:02,043][root][INFO] - render done
[2024-10-11 10:24:02,047][root][INFO] - warp done
[2024-10-11 10:24:02,050][root][INFO] - pose batch data done
[2024-10-11 10:24:02,050][root][INFO] - forward start
[2024-10-11 10:24:02,051][root][INFO] - forward done
[2024-10-11 10:24:02,051][root][INFO] - making cropped data
[2024-10-11 10:24:02,051][root][INFO] - Welcome make_crop_data_batch
[2024-10-11 10:24:02,153][root][INFO] - make tf_to_crops done
[2024-10-11 10:24:02,171][root][INFO] - render done
[2024-10-11 10:24:02,175][root][INFO] - warp done
[2024-10-11 10:24:02,178][root][INFO] - pose batch data done
[2024-10-11 10:24:02,178][root][INFO] - forward start
[2024-10-11 10:24:02,179][root][INFO] - forward done
[2024-10-11 10:24:02,294][root][INFO] - ob_in_cams:(252, 4, 4)
[2024-10-11 10:24:02,294][root][INFO] - self.cfg.use_normal:False
[2024-10-11 10:24:02,294][root][INFO] - making cropped data
[2024-10-11 10:24:02,306][root][INFO] - Welcome make_crop_data_batch
[2024-10-11 10:24:02,307][root][INFO] - make tf_to_crops done
[2024-10-11 10:24:02,322][root][INFO] - render done
[2024-10-11 10:24:02,454][root][INFO] - pose batch data done
[2024-10-11 10:24:02,454][root][INFO] - pose_data.rgbAs.shape[0]: 252
[2024-10-11 10:24:02,553][root][INFO] - forward done
[2024-10-11 10:24:02,571][root][INFO] - final, add_errs min:-1.0
[2024-10-11 10:24:02,580][root][INFO] - sort ids:tensor([  0,  42,  72, 132, 220,   5,  64, 126, 137,  11,  47, 107,  77, 101,
        131, 202, 203, 221, 227, 100, 130,   4, 106,  75,   3,  74,  99, 171,
          9,  98, 105, 134, 146,   2, 170, 187,  32,  33,   8, 104, 128, 188,
          6, 164,  76, 169,  10,  96,  34, 129, 243, 245, 224,  43, 198,  97,
        103,  56, 102, 226,  73, 223, 144, 163, 199, 133, 145,   7, 136, 127,
        162, 189, 194,   1, 216,  41,  83, 125,  23,  89, 179,  53, 141, 155,
        161, 197, 244,  36,  95, 114, 120, 138, 251,  52,  78,  90, 150,  18,
         59, 160, 247,  35,  50, 212,  21, 113, 229,  27,  29,  55,  62,  67,
         79, 111, 183,  20, 122, 206,  13,  93,  94, 108, 139, 151,  38,  92,
        196,  14, 178, 210,  28,  44,  12,  19,  82, 121,  68,  84,  86,  87,
        208,  17,  22, 185, 205, 248,  37,  81, 204, 222,  58,  71, 236,  26,
        135, 154, 184,  85, 118, 167, 116, 147, 177,  15,  39, 109, 123, 231,
         61,  80, 235,  65, 191, 209, 117, 230, 152, 201,  91, 237,  49, 115,
        156,  88,  16,  70, 172, 175, 250, 211, 225,  24, 142, 239,  25, 166,
        176,  40, 119, 173, 200, 233, 180, 153, 124, 186, 219, 207, 213,  31,
        228, 232, 174, 214, 181, 218,  30, 240, 149, 168, 157,  45, 241, 158,
        193, 165, 217, 112, 238, 190, 242, 215,  46,  48, 234, 143,  60, 182,
         51, 110, 148, 246, 159, 140,  69,  66,  57, 195, 249, 192,  63,  54])
[2024-10-11 10:24:02,583][root][INFO] - sorted scores:tensor([86.0703, 86.0625, 86.0547, 86.0547, 86.0547, 86.0391, 86.0391, 86.0391,
        86.0391, 86.0312, 86.0312, 86.0312, 86.0234, 86.0234, 86.0234, 86.0234,
        86.0234, 86.0234, 86.0234, 86.0000, 85.9453, 85.9062, 85.8594, 85.7969,
        85.7891, 85.7891, 85.7891, 85.7891, 85.7812, 85.7812, 85.7734, 85.7734,
        85.7734, 85.7656, 85.7656, 85.7656, 85.7578, 85.7578, 85.7500, 85.7500,
        85.7422, 85.7422, 85.7031, 85.7031, 85.6719, 85.6562, 85.6250, 85.5859,
        85.5547, 85.5234, 85.5234, 85.5156, 85.4688, 85.4453, 85.4375, 85.4219,
        85.4219, 85.4141, 85.4141, 85.4141, 85.3984, 85.3906, 85.3828, 85.3828,
        85.3828, 85.3750, 85.3750, 85.3672, 85.3672, 85.3594, 85.3594, 85.3594,
        85.3516, 85.3438, 85.3281, 85.3047, 85.2891, 85.2891, 85.2812, 85.2812,
        85.2812, 85.2734, 85.2734, 85.2734, 85.2734, 85.2734, 85.2734, 85.2656,
        85.2656, 85.2578, 85.2578, 85.2578, 85.2578, 85.2500, 85.2500, 85.2500,
        85.2422, 85.2266, 85.2266, 85.2266, 85.2266, 85.2031, 85.1875, 85.1797,
        85.1641, 85.1641, 85.1641, 85.1484, 85.1484, 85.1484, 85.1484, 85.1406,
        85.1406, 85.1406, 85.1406, 85.1328, 85.1328, 85.1328, 85.1250, 85.1250,
        85.1250, 85.1250, 85.1250, 85.1250, 85.1172, 85.1172, 85.1172, 85.1094,
        85.0938, 85.0938, 85.0859, 85.0859, 85.0781, 85.0781, 85.0781, 85.0781,
        85.0703, 85.0703, 85.0703, 85.0703, 85.0703, 85.0625, 85.0625, 85.0625,
        85.0625, 85.0625, 85.0547, 85.0547, 85.0547, 85.0547, 85.0469, 85.0469,
        85.0469, 85.0391, 85.0391, 85.0391, 85.0391, 85.0312, 85.0312, 85.0312,
        85.0234, 85.0234, 85.0234, 85.0156, 85.0156, 85.0156, 85.0156, 85.0156,
        85.0078, 85.0078, 85.0078, 85.0000, 85.0000, 85.0000, 84.9922, 84.9922,
        84.9688, 84.9609, 84.9531, 84.9453, 84.9375, 84.9375, 84.9375, 84.9219,
        84.9141, 84.9062, 84.9062, 84.9062, 84.8984, 84.8750, 84.8672, 84.8594,
        84.8516, 84.8516, 84.8438, 84.8438, 84.8438, 84.8281, 84.8281, 84.8281,
        84.8203, 84.8203, 84.8125, 84.8047, 84.7969, 84.7969, 84.7969, 84.7891,
        84.7891, 84.7812, 84.7500, 84.7500, 84.7266, 84.7266, 84.7031, 84.7031,
        84.6875, 84.6797, 84.6719, 84.6719, 84.6562, 84.6406, 84.6406, 84.6328,
        84.6328, 84.5859, 84.5703, 84.5625, 84.5312, 84.5234, 84.5234, 84.5156,
        84.4922, 84.4766, 84.4609, 84.4531, 84.4453, 84.4375, 84.4141, 84.4141,
        84.4141, 84.3906, 84.3516, 84.3281, 84.3203, 84.3047, 84.2812, 84.2734,
        84.2578, 84.2422, 84.2188, 84.1953])
