[2024-10-25 11:20:09,216][websockets.server][INFO] - server listening on 0.0.0.0:8080
[2024-10-25 11:20:09,440][websockets.server][INFO] - connection open
[2024-10-25 11:20:09,468][root][INFO] - self.cfg: 
 lr: 0.0001
c_in: 6
zfar: 'Infinity'
debug: null
n_view: 1
run_id: 3wy8qqex
use_BN: true
exp_name: 2024-01-11-20-02-45
n_epochs: 62
save_dir: /home/bowenw/debug/2024-01-11-20-02-45/
use_mask: false
loss_type: pairwise_valid
optimizer: adam
batch_size: 64
crop_ratio: 1.1
enable_amp: true
use_normal: false
max_num_key: null
warmup_step: -1
input_resize:
- 160
- 160
max_step_val: 1000
vis_interval: 1000
weight_decay: 0
normalize_xyz: true
resume_run_id: null
clip_grad_norm: 'Infinity'
lr_epoch_decay: 500
render_backend: nvdiffrast
train_num_pair: 5
lr_decay_epochs:
- 50
n_epochs_warmup: 1
make_pair_online: false
gradient_max_norm: 'Infinity'
max_step_per_epoch: 10000
n_rendering_workers: 1
save_epoch_interval: 100
n_dataloader_workers: 100
split_objects_across_gpus: true
ckpt_dir: /home/shaol/gjx/rw/third_party/FoundationPose/learning/training/../../weights/2024-01-11-20-02-45/model_best.pth

[2024-10-25 11:20:09,468][root][INFO] - self.h5_file:None
[2024-10-25 11:20:09,639][root][INFO] - Using pretrained model from /home/shaol/gjx/rw/third_party/FoundationPose/learning/training/../../weights/2024-01-11-20-02-45/model_best.pth
[2024-10-25 11:20:09,704][root][INFO] - init done
[2024-10-25 11:20:09,704][root][INFO] - welcome
[2024-10-25 11:20:09,708][root][INFO] - self.cfg: 
 lr: 0.0001
c_in: 6
zfar: .inf
debug: null
w_rot: 0.1
n_view: 1
run_id: null
use_BN: true
rot_rep: axis_angle
ckpt_dir: /home/shaol/gjx/rw/third_party/FoundationPose/learning/training/../../weights/2023-10-28-18-33-37/model_best.pth
exp_name: 2023-10-28-18-33-37
save_dir: /tmp/2023-10-28-18-33-37/
loss_type: l2
optimizer: adam
trans_rep: tracknet
batch_size: 64
crop_ratio: 1.2
use_normal: false
BN_momentum: 0.1
max_num_key: null
warmup_step: -1
input_resize:
- 160
- 160
max_step_val: 1000
normal_uint8: false
vis_interval: 1000
weight_decay: 0
n_max_objects: null
normalize_xyz: true
clip_grad_norm: 'Infinity'
rot_normalizer: 0.3490658503988659
trans_normalizer:
- 0.019999999552965164
- 0.019999999552965164
- 0.05000000074505806
max_step_per_epoch: 25000
val_epoch_interval: 10
n_dataloader_workers: 60
enable_amp: true
use_mask: false

[2024-10-25 11:20:09,708][root][INFO] - self.h5_file:
[2024-10-25 11:20:09,757][root][INFO] - Using pretrained model from /home/shaol/gjx/rw/third_party/FoundationPose/learning/training/../../weights/2023-10-28-18-33-37/model_best.pth
[2024-10-25 11:20:09,778][root][INFO] - init done
[2024-10-25 11:20:11,961][root][INFO] - self.diameter:0.19214579998048123, vox_size:0.009607289999024061
[2024-10-25 11:20:11,976][root][INFO] - self.pts:torch.Size([570, 3])
[2024-10-25 11:20:12,963][root][INFO] - reset done
[2024-10-25 11:20:12,964][root][INFO] - cam_in_obs:(42, 4, 4)
[2024-10-25 11:20:12,971][root][INFO] - rot_grid:(252, 4, 4)
[2024-10-25 11:20:12,972][root][INFO] - after cluster, rot_grid:(252, 4, 4)
[2024-10-25 11:20:12,972][root][INFO] - self.rot_grid: torch.Size([252, 4, 4])
[2024-10-25 11:20:21,679][root][INFO] - Welcome
[2024-10-25 11:20:21,694][root][INFO] - poses:(252, 4, 4)
[2024-10-25 11:20:21,704][root][INFO] - after viewpoint, add_errs min:-1.0
[2024-10-25 11:20:21,756][root][INFO] - ob_in_cams:(252, 4, 4)
[2024-10-25 11:20:21,758][root][INFO] - self.cfg.use_normal:False
[2024-10-25 11:20:21,758][root][INFO] - trans_normalizer:[0.019999999552965164, 0.019999999552965164, 0.05000000074505806], rot_normalizer:0.3490658503988659
[2024-10-25 11:20:21,781][root][INFO] - making cropped data
[2024-10-25 11:20:21,781][root][INFO] - Welcome make_crop_data_batch
[2024-10-25 11:20:21,785][root][INFO] - make tf_to_crops done
[2024-10-25 11:20:21,815][root][INFO] - render done
[2024-10-25 11:20:21,820][root][INFO] - warp done
[2024-10-25 11:20:21,825][root][INFO] - pose batch data done
[2024-10-25 11:20:21,825][root][INFO] - forward start
[2024-10-25 11:20:21,949][root][INFO] - forward done
[2024-10-25 11:20:21,960][root][INFO] - making cropped data
[2024-10-25 11:20:21,960][root][INFO] - Welcome make_crop_data_batch
[2024-10-25 11:20:21,960][root][INFO] - make tf_to_crops done
[2024-10-25 11:20:21,984][root][INFO] - render done
[2024-10-25 11:20:21,987][root][INFO] - warp done
[2024-10-25 11:20:21,990][root][INFO] - pose batch data done
[2024-10-25 11:20:21,991][root][INFO] - forward start
[2024-10-25 11:20:21,992][root][INFO] - forward done
[2024-10-25 11:20:21,992][root][INFO] - making cropped data
[2024-10-25 11:20:21,992][root][INFO] - Welcome make_crop_data_batch
[2024-10-25 11:20:22,090][root][INFO] - make tf_to_crops done
[2024-10-25 11:20:22,111][root][INFO] - render done
[2024-10-25 11:20:22,115][root][INFO] - warp done
[2024-10-25 11:20:22,118][root][INFO] - pose batch data done
[2024-10-25 11:20:22,118][root][INFO] - forward start
[2024-10-25 11:20:22,120][root][INFO] - forward done
[2024-10-25 11:20:22,120][root][INFO] - making cropped data
[2024-10-25 11:20:22,120][root][INFO] - Welcome make_crop_data_batch
[2024-10-25 11:20:22,218][root][INFO] - make tf_to_crops done
[2024-10-25 11:20:22,239][root][INFO] - render done
[2024-10-25 11:20:22,243][root][INFO] - warp done
[2024-10-25 11:20:22,246][root][INFO] - pose batch data done
[2024-10-25 11:20:22,246][root][INFO] - forward start
[2024-10-25 11:20:22,247][root][INFO] - forward done
[2024-10-25 11:20:22,247][root][INFO] - making cropped data
[2024-10-25 11:20:22,247][root][INFO] - Welcome make_crop_data_batch
[2024-10-25 11:20:22,345][root][INFO] - make tf_to_crops done
[2024-10-25 11:20:22,367][root][INFO] - render done
[2024-10-25 11:20:22,371][root][INFO] - warp done
[2024-10-25 11:20:22,373][root][INFO] - pose batch data done
[2024-10-25 11:20:22,374][root][INFO] - forward start
[2024-10-25 11:20:22,375][root][INFO] - forward done
[2024-10-25 11:20:22,489][root][INFO] - ob_in_cams:(252, 4, 4)
[2024-10-25 11:20:22,490][root][INFO] - self.cfg.use_normal:False
[2024-10-25 11:20:22,490][root][INFO] - making cropped data
[2024-10-25 11:20:22,501][root][INFO] - Welcome make_crop_data_batch
[2024-10-25 11:20:22,502][root][INFO] - make tf_to_crops done
[2024-10-25 11:20:22,522][root][INFO] - render done
[2024-10-25 11:20:22,648][root][INFO] - pose batch data done
[2024-10-25 11:20:22,648][root][INFO] - pose_data.rgbAs.shape[0]: 252
[2024-10-25 11:20:22,744][root][INFO] - forward done
[2024-10-25 11:20:22,762][root][INFO] - final, add_errs min:-1.0
[2024-10-25 11:20:22,771][root][INFO] - sort ids:tensor([203, 226,   4,   5,  34,  47,  76, 100, 106, 131, 202, 220, 227,  77,
        101, 130, 137, 245,   7,   8,  32,  73,  98, 103, 104, 127, 133, 134,
        146, 164, 169, 170, 187,  74, 145,  43,  44,  26,  85,  86, 116,  13,
         14,  28,  37,  79,  80,  82,  83,  88,  92,  95, 115, 119, 121, 124,
        206, 212, 229,  22,  23,  41, 125, 154, 160, 179, 185, 235,  94, 178,
        230, 205,  46,  31,  29,  35,  25,  40, 239, 184, 211,  38, 150, 236,
         99, 198,  58,  59,  93, 132, 190, 231, 242, 167, 189, 191, 208, 216,
        228, 233,  52,  61,  62,  67,  68, 153, 214, 163, 188, 197, 218, 241,
        250, 251,  49, 155, 171, 175, 193, 217, 221, 238, 248,  55,  70, 105,
        142, 166, 196,  53,  56,  64,  65,  71, 112, 157, 158, 181, 182, 194,
        247,  50, 215,   2, 136, 149, 152, 159, 161, 200, 223,  10,  11, 151,
        172, 173, 224,  16,  89,  91, 107, 122, 148, 199, 209, 232,   1,  19,
        176,  97, 118, 128,  17,  20, 138,  27,  33, 126,  24,  87, 114,  36,
         42,  18, 108, 141, 156, 109, 111, 117, 201, 120, 244, 123, 237,  78,
         81, 135, 140,   6,  12,  15,  21,  45,  84,  96,   3,  30, 110, 113,
          9, 102, 162, 210, 147, 183,  90, 234, 207, 225,  39,  48, 139, 143,
        204,  57,  60,  69,  72,  75, 129,   0, 165, 219, 213, 222, 186, 243,
        180, 240, 168, 174,  51,  66, 144,  54,  63, 192, 246, 249, 195, 177])
[2024-10-25 11:20:22,776][root][INFO] - sorted scores:tensor([60.7812, 60.7812, 60.7500, 60.7500, 60.7500, 60.7500, 60.7500, 60.7500,
        60.7500, 60.7500, 60.7500, 60.7500, 60.7500, 60.7188, 60.7188, 60.7188,
        60.7188, 60.7188, 60.6250, 60.6250, 60.6250, 60.6250, 60.6250, 60.6250,
        60.6250, 60.6250, 60.6250, 60.6250, 60.6250, 60.6250, 60.6250, 60.6250,
        60.6250, 60.5938, 60.5938, 60.4375, 60.4375, 60.4062, 60.4062, 60.4062,
        60.4062, 60.3750, 60.3750, 60.3750, 60.3750, 60.3750, 60.3750, 60.3750,
        60.3750, 60.3750, 60.3750, 60.3750, 60.3750, 60.3750, 60.3750, 60.3750,
        60.3750, 60.3750, 60.3750, 60.3438, 60.3438, 60.3438, 60.3438, 60.3438,
        60.3438, 60.3438, 60.3438, 60.3438, 60.3125, 60.3125, 60.2500, 60.1562,
        60.0625, 60.0312, 60.0000, 60.0000, 59.9688, 59.9688, 59.9062, 59.8750,
        59.8750, 59.8125, 59.8125, 59.8125, 59.7500, 59.7500, 59.7188, 59.7188,
        59.7188, 59.7188, 59.7188, 59.7188, 59.7188, 59.6875, 59.6875, 59.6875,
        59.6875, 59.6875, 59.6875, 59.6875, 59.6562, 59.6562, 59.6562, 59.6562,
        59.6562, 59.6562, 59.6562, 59.6250, 59.6250, 59.6250, 59.6250, 59.6250,
        59.6250, 59.6250, 59.5938, 59.5938, 59.5938, 59.5938, 59.5938, 59.5938,
        59.5938, 59.5938, 59.5938, 59.5625, 59.5625, 59.5625, 59.5625, 59.5625,
        59.5625, 59.5312, 59.5312, 59.5312, 59.5312, 59.5312, 59.5312, 59.5312,
        59.5312, 59.5312, 59.5312, 59.5312, 59.5312, 59.5000, 59.5000, 59.4688,
        59.4688, 59.4688, 59.4688, 59.4688, 59.4688, 59.4688, 59.4688, 59.4375,
        59.4375, 59.4375, 59.4375, 59.4375, 59.4375, 59.4062, 59.4062, 59.4062,
        59.4062, 59.4062, 59.4062, 59.4062, 59.4062, 59.4062, 59.3750, 59.3750,
        59.3750, 59.3438, 59.3438, 59.3438, 59.3125, 59.3125, 59.2188, 59.1562,
        59.1250, 59.1250, 59.0938, 59.0938, 59.0938, 59.0625, 59.0625, 59.0312,
        59.0312, 59.0312, 59.0312, 59.0000, 59.0000, 59.0000, 59.0000, 58.9688,
        58.9688, 58.9375, 58.9375, 58.9062, 58.9062, 58.8750, 58.8750, 58.8438,
        58.8438, 58.8438, 58.8438, 58.8438, 58.8438, 58.8438, 58.8125, 58.8125,
        58.8125, 58.8125, 58.7812, 58.7812, 58.7812, 58.7812, 58.7500, 58.7500,
        58.7188, 58.7188, 58.6875, 58.6875, 58.6562, 58.6562, 58.6562, 58.6562,
        58.6562, 58.6250, 58.6250, 58.6250, 58.6250, 58.6250, 58.6250, 58.5938,
        58.5938, 58.5625, 58.5312, 58.5312, 58.5000, 58.5000, 58.4688, 58.4688,
        58.4375, 58.4375, 58.4062, 58.4062, 58.4062, 58.3750, 58.3750, 58.3750,
        58.3750, 58.3750, 58.3438, 58.3125])
