[2024-10-22 15:10:26,314][websockets.server][INFO] - server listening on 0.0.0.0:8080
[2024-10-22 15:10:26,513][root][INFO] - self.cfg: 
 lr: 0.0001
c_in: 6
zfar: 'Infinity'
debug: null
n_view: 1
run_id: 3wy8qqex
use_BN: true
exp_name: 2024-01-11-20-02-45
n_epochs: 62
save_dir: /home/bowenw/debug/2024-01-11-20-02-45/
use_mask: false
loss_type: pairwise_valid
optimizer: adam
batch_size: 64
crop_ratio: 1.1
enable_amp: true
use_normal: false
max_num_key: null
warmup_step: -1
input_resize:
- 160
- 160
max_step_val: 1000
vis_interval: 1000
weight_decay: 0
normalize_xyz: true
resume_run_id: null
clip_grad_norm: 'Infinity'
lr_epoch_decay: 500
render_backend: nvdiffrast
train_num_pair: 5
lr_decay_epochs:
- 50
n_epochs_warmup: 1
make_pair_online: false
gradient_max_norm: 'Infinity'
max_step_per_epoch: 10000
n_rendering_workers: 1
save_epoch_interval: 100
n_dataloader_workers: 100
split_objects_across_gpus: true
ckpt_dir: /home/shaol/gjx/rw/third_party/FoundationPose/learning/training/../../weights/2024-01-11-20-02-45/model_best.pth

[2024-10-22 15:10:26,513][root][INFO] - self.h5_file:None
[2024-10-22 15:10:26,669][root][INFO] - Using pretrained model from /home/shaol/gjx/rw/third_party/FoundationPose/learning/training/../../weights/2024-01-11-20-02-45/model_best.pth
[2024-10-22 15:10:26,728][root][INFO] - init done
[2024-10-22 15:10:26,728][root][INFO] - welcome
[2024-10-22 15:10:26,732][root][INFO] - self.cfg: 
 lr: 0.0001
c_in: 6
zfar: .inf
debug: null
w_rot: 0.1
n_view: 1
run_id: null
use_BN: true
rot_rep: axis_angle
ckpt_dir: /home/shaol/gjx/rw/third_party/FoundationPose/learning/training/../../weights/2023-10-28-18-33-37/model_best.pth
exp_name: 2023-10-28-18-33-37
save_dir: /tmp/2023-10-28-18-33-37/
loss_type: l2
optimizer: adam
trans_rep: tracknet
batch_size: 64
crop_ratio: 1.2
use_normal: false
BN_momentum: 0.1
max_num_key: null
warmup_step: -1
input_resize:
- 160
- 160
max_step_val: 1000
normal_uint8: false
vis_interval: 1000
weight_decay: 0
n_max_objects: null
normalize_xyz: true
clip_grad_norm: 'Infinity'
rot_normalizer: 0.3490658503988659
trans_normalizer:
- 0.019999999552965164
- 0.019999999552965164
- 0.05000000074505806
max_step_per_epoch: 25000
val_epoch_interval: 10
n_dataloader_workers: 60
enable_amp: true
use_mask: false

[2024-10-22 15:10:26,732][root][INFO] - self.h5_file:
[2024-10-22 15:10:26,777][root][INFO] - Using pretrained model from /home/shaol/gjx/rw/third_party/FoundationPose/learning/training/../../weights/2023-10-28-18-33-37/model_best.pth
[2024-10-22 15:10:26,799][root][INFO] - init done
[2024-10-22 15:10:27,184][websockets.server][INFO] - connection open
[2024-10-22 15:10:28,954][root][INFO] - self.diameter:0.1372724853491983, vox_size:0.006863624267459916
[2024-10-22 15:10:28,969][root][INFO] - self.pts:torch.Size([812, 3])
[2024-10-22 15:10:30,340][root][INFO] - reset done
[2024-10-22 15:10:30,341][root][INFO] - cam_in_obs:(42, 4, 4)
[2024-10-22 15:10:30,360][root][INFO] - rot_grid:(252, 4, 4)
[2024-10-22 15:10:30,361][root][INFO] - after cluster, rot_grid:(252, 4, 4)
[2024-10-22 15:10:30,361][root][INFO] - self.rot_grid: torch.Size([252, 4, 4])
[2024-10-22 15:10:42,661][root][INFO] - Welcome
[2024-10-22 15:10:42,676][root][INFO] - poses:(252, 4, 4)
[2024-10-22 15:10:42,686][root][INFO] - after viewpoint, add_errs min:-1.0
[2024-10-22 15:10:42,732][root][INFO] - ob_in_cams:(252, 4, 4)
[2024-10-22 15:10:42,732][root][INFO] - self.cfg.use_normal:False
[2024-10-22 15:10:42,733][root][INFO] - trans_normalizer:[0.019999999552965164, 0.019999999552965164, 0.05000000074505806], rot_normalizer:0.3490658503988659
[2024-10-22 15:10:42,765][root][INFO] - making cropped data
[2024-10-22 15:10:42,765][root][INFO] - Welcome make_crop_data_batch
[2024-10-22 15:10:42,769][root][INFO] - make tf_to_crops done
[2024-10-22 15:10:42,796][root][INFO] - render done
[2024-10-22 15:10:42,802][root][INFO] - warp done
[2024-10-22 15:10:42,807][root][INFO] - pose batch data done
[2024-10-22 15:10:42,807][root][INFO] - forward start
[2024-10-22 15:10:42,933][root][INFO] - forward done
[2024-10-22 15:10:42,944][root][INFO] - making cropped data
[2024-10-22 15:10:42,944][root][INFO] - Welcome make_crop_data_batch
[2024-10-22 15:10:42,944][root][INFO] - make tf_to_crops done
[2024-10-22 15:10:42,964][root][INFO] - render done
[2024-10-22 15:10:42,967][root][INFO] - warp done
[2024-10-22 15:10:42,970][root][INFO] - pose batch data done
[2024-10-22 15:10:42,970][root][INFO] - forward start
[2024-10-22 15:10:42,972][root][INFO] - forward done
[2024-10-22 15:10:42,972][root][INFO] - making cropped data
[2024-10-22 15:10:42,972][root][INFO] - Welcome make_crop_data_batch
[2024-10-22 15:10:43,069][root][INFO] - make tf_to_crops done
[2024-10-22 15:10:43,088][root][INFO] - render done
[2024-10-22 15:10:43,092][root][INFO] - warp done
[2024-10-22 15:10:43,094][root][INFO] - pose batch data done
[2024-10-22 15:10:43,094][root][INFO] - forward start
[2024-10-22 15:10:43,096][root][INFO] - forward done
[2024-10-22 15:10:43,096][root][INFO] - making cropped data
[2024-10-22 15:10:43,096][root][INFO] - Welcome make_crop_data_batch
[2024-10-22 15:10:43,194][root][INFO] - make tf_to_crops done
[2024-10-22 15:10:43,214][root][INFO] - render done
[2024-10-22 15:10:43,217][root][INFO] - warp done
[2024-10-22 15:10:43,220][root][INFO] - pose batch data done
[2024-10-22 15:10:43,220][root][INFO] - forward start
[2024-10-22 15:10:43,222][root][INFO] - forward done
[2024-10-22 15:10:43,222][root][INFO] - making cropped data
[2024-10-22 15:10:43,222][root][INFO] - Welcome make_crop_data_batch
[2024-10-22 15:10:43,320][root][INFO] - make tf_to_crops done
[2024-10-22 15:10:43,339][root][INFO] - render done
[2024-10-22 15:10:43,342][root][INFO] - warp done
[2024-10-22 15:10:43,344][root][INFO] - pose batch data done
[2024-10-22 15:10:43,345][root][INFO] - forward start
[2024-10-22 15:10:43,346][root][INFO] - forward done
[2024-10-22 15:10:43,460][root][INFO] - ob_in_cams:(252, 4, 4)
[2024-10-22 15:10:43,461][root][INFO] - self.cfg.use_normal:False
[2024-10-22 15:10:43,461][root][INFO] - making cropped data
[2024-10-22 15:10:43,468][root][INFO] - Welcome make_crop_data_batch
[2024-10-22 15:10:43,469][root][INFO] - make tf_to_crops done
[2024-10-22 15:10:43,486][root][INFO] - render done
[2024-10-22 15:10:43,613][root][INFO] - pose batch data done
[2024-10-22 15:10:43,614][root][INFO] - pose_data.rgbAs.shape[0]: 252
[2024-10-22 15:10:43,710][root][INFO] - forward done
[2024-10-22 15:10:43,727][root][INFO] - final, add_errs min:-1.0
[2024-10-22 15:10:43,737][root][INFO] - sort ids:tensor([232,  88, 238, 243,  70, 208, 250,  64, 226, 202, 220,  75, 225,   4,
        201,  69,  76, 130,   3,  47, 244,   9,  99, 135, 143,  26,  38,  98,
        213,  34,  40, 139, 159, 164, 182, 189,  89,  97, 112, 219,  46, 131,
         10,  79, 234, 245,  11,  13,  51,  73,  77, 107, 137, 146, 154, 176,
         25,  35,  43,  50,  63,  96, 101, 113, 125, 160, 235,  66,  80, 153,
        161, 210, 229, 249,  27,  30,  41,  44,  86, 124, 140, 148, 157, 165,
        166, 171, 177, 183, 240,  14,  21,  36,  52,  57,  93, 106, 123, 178,
        190, 195, 215, 246,   2,  22,  61,  62,  84, 104, 110, 128, 147, 172,
        187, 196,  82, 109, 115, 126, 129, 134, 185, 191, 198, 216, 228, 247,
          7,  20,  45,  49,  53,  67,  72,  85, 100, 108, 118, 127, 132, 151,
        168, 169, 173, 212, 227, 248,   6,  54,  60,  74, 103, 119, 133, 141,
        150, 155, 162, 200, 205, 209, 217, 223, 230, 237,   5,  12,  17,  18,
         28,  58,  68,  71, 105, 144, 145, 180, 192, 206, 241, 251,   8,  23,
         29,  55,  83,  90,  94,  95, 102, 114, 116, 138, 149, 163, 174, 184,
        193, 194, 199, 211, 236,  15,  32,  37,  65,  87,  91,  92, 121, 122,
        142, 197, 203, 214, 222, 242,  19, 120, 167, 170, 179, 221, 224, 231,
        233,   0,   1,  56,  59, 117, 186, 218,  16,  42,  48,  81, 136, 181,
        188, 204, 207, 239,  24,  33, 111, 156, 175,  31, 158,  78,  39, 152])
[2024-10-22 15:10:43,741][root][INFO] - sorted scores:tensor([138.0000, 137.9688, 137.9688, 137.9688, 137.9375, 137.9375, 137.9062,
        137.8438, 137.8438, 137.7812, 137.6250, 137.5312, 137.5312, 137.5000,
        137.5000, 137.4688, 137.4688, 137.4688, 137.4375, 137.4375, 137.4375,
        137.4062, 137.4062, 137.4062, 137.4062, 137.3750, 137.3750, 137.3750,
        137.3750, 137.3438, 137.3438, 137.3438, 137.3438, 137.3438, 137.3438,
        137.3438, 137.3125, 137.3125, 137.3125, 137.3125, 137.2812, 137.2812,
        137.2500, 137.2500, 137.2500, 137.2500, 137.2188, 137.2188, 137.2188,
        137.2188, 137.2188, 137.2188, 137.2188, 137.2188, 137.2188, 137.2188,
        137.1875, 137.1875, 137.1875, 137.1875, 137.1875, 137.1875, 137.1875,
        137.1875, 137.1875, 137.1875, 137.1875, 137.1562, 137.1562, 137.1562,
        137.1562, 137.1562, 137.1562, 137.1562, 137.1250, 137.1250, 137.1250,
        137.1250, 137.1250, 137.1250, 137.1250, 137.1250, 137.1250, 137.1250,
        137.1250, 137.1250, 137.1250, 137.1250, 137.1250, 137.0938, 137.0938,
        137.0938, 137.0938, 137.0938, 137.0938, 137.0938, 137.0938, 137.0938,
        137.0938, 137.0938, 137.0938, 137.0938, 137.0625, 137.0625, 137.0625,
        137.0625, 137.0625, 137.0625, 137.0625, 137.0625, 137.0625, 137.0625,
        137.0625, 137.0625, 137.0312, 137.0312, 137.0312, 137.0312, 137.0312,
        137.0312, 137.0312, 137.0312, 137.0312, 137.0312, 137.0312, 137.0312,
        137.0000, 137.0000, 137.0000, 137.0000, 137.0000, 137.0000, 137.0000,
        137.0000, 137.0000, 137.0000, 137.0000, 137.0000, 137.0000, 137.0000,
        137.0000, 137.0000, 137.0000, 137.0000, 137.0000, 137.0000, 136.9688,
        136.9688, 136.9688, 136.9688, 136.9688, 136.9688, 136.9688, 136.9688,
        136.9688, 136.9688, 136.9688, 136.9688, 136.9688, 136.9688, 136.9688,
        136.9688, 136.9688, 136.9688, 136.9375, 136.9375, 136.9375, 136.9375,
        136.9375, 136.9375, 136.9375, 136.9375, 136.9375, 136.9375, 136.9375,
        136.9375, 136.9375, 136.9375, 136.9375, 136.9375, 136.9062, 136.9062,
        136.9062, 136.9062, 136.9062, 136.9062, 136.9062, 136.9062, 136.9062,
        136.9062, 136.9062, 136.9062, 136.9062, 136.9062, 136.9062, 136.9062,
        136.9062, 136.9062, 136.9062, 136.9062, 136.9062, 136.8750, 136.8750,
        136.8750, 136.8750, 136.8750, 136.8750, 136.8750, 136.8750, 136.8750,
        136.8750, 136.8750, 136.8750, 136.8750, 136.8750, 136.8750, 136.8438,
        136.8438, 136.8438, 136.8438, 136.8438, 136.8438, 136.8438, 136.8438,
        136.8438, 136.8125, 136.8125, 136.8125, 136.8125, 136.8125, 136.8125,
        136.8125, 136.7812, 136.7812, 136.7812, 136.7812, 136.7812, 136.7812,
        136.7812, 136.7812, 136.7812, 136.7812, 136.7500, 136.7500, 136.7500,
        136.7500, 136.7500, 136.7188, 136.7188, 136.6875, 136.6562, 136.6250])
