[2024-09-20 12:10:31,059][root][INFO] - self.cfg: 
 lr: 0.0001
c_in: 6
zfar: 'Infinity'
debug: null
n_view: 1
run_id: 3wy8qqex
use_BN: true
exp_name: 2024-01-11-20-02-45
n_epochs: 62
save_dir: /home/bowenw/debug/2024-01-11-20-02-45/
use_mask: false
loss_type: pairwise_valid
optimizer: adam
batch_size: 64
crop_ratio: 1.1
enable_amp: true
use_normal: false
max_num_key: null
warmup_step: -1
input_resize:
- 160
- 160
max_step_val: 1000
vis_interval: 1000
weight_decay: 0
normalize_xyz: true
resume_run_id: null
clip_grad_norm: 'Infinity'
lr_epoch_decay: 500
render_backend: nvdiffrast
train_num_pair: 5
lr_decay_epochs:
- 50
n_epochs_warmup: 1
make_pair_online: false
gradient_max_norm: 'Infinity'
max_step_per_epoch: 10000
n_rendering_workers: 1
save_epoch_interval: 100
n_dataloader_workers: 100
split_objects_across_gpus: true
ckpt_dir: FoundationPose/learning/training/../../weights/2024-01-11-20-02-45/model_best.pth

[2024-09-20 12:10:31,059][root][INFO] - self.h5_file:None
[2024-09-20 12:10:31,241][root][INFO] - Using pretrained model from FoundationPose/learning/training/../../weights/2024-01-11-20-02-45/model_best.pth
[2024-09-20 12:10:31,302][root][INFO] - init done
[2024-09-20 12:10:31,302][root][INFO] - welcome
[2024-09-20 12:10:31,305][root][INFO] - self.cfg: 
 lr: 0.0001
c_in: 6
zfar: .inf
debug: null
w_rot: 0.1
n_view: 1
run_id: null
use_BN: true
rot_rep: axis_angle
ckpt_dir: FoundationPose/learning/training/../../weights/2023-10-28-18-33-37/model_best.pth
exp_name: 2023-10-28-18-33-37
save_dir: /tmp/2023-10-28-18-33-37/
loss_type: l2
optimizer: adam
trans_rep: tracknet
batch_size: 64
crop_ratio: 1.2
use_normal: false
BN_momentum: 0.1
max_num_key: null
warmup_step: -1
input_resize:
- 160
- 160
max_step_val: 1000
normal_uint8: false
vis_interval: 1000
weight_decay: 0
n_max_objects: null
normalize_xyz: true
clip_grad_norm: 'Infinity'
rot_normalizer: 0.3490658503988659
trans_normalizer:
- 0.019999999552965164
- 0.019999999552965164
- 0.05000000074505806
max_step_per_epoch: 25000
val_epoch_interval: 10
n_dataloader_workers: 60
enable_amp: true
use_mask: false

[2024-09-20 12:10:31,305][root][INFO] - self.h5_file:
[2024-09-20 12:10:31,355][root][INFO] - Using pretrained model from FoundationPose/learning/training/../../weights/2023-10-28-18-33-37/model_best.pth
[2024-09-20 12:10:31,377][root][INFO] - init done
[2024-09-20 12:10:32,417][root][INFO] - self.diameter:0.11834483055076726, vox_size:0.005917241527538363
[2024-09-20 12:10:32,433][root][INFO] - self.pts:torch.Size([1023, 3])
[2024-09-20 12:10:32,959][root][INFO] - reset done
[2024-09-20 12:10:32,959][root][INFO] - cam_in_obs:(42, 4, 4)
[2024-09-20 12:10:32,961][root][INFO] - rot_grid:(252, 4, 4)
[2024-09-20 12:10:32,962][root][INFO] - after cluster, rot_grid:(252, 4, 4)
[2024-09-20 12:10:32,962][root][INFO] - self.rot_grid: torch.Size([252, 4, 4])
[2024-09-20 12:10:42,425][root][INFO] - Welcome
[2024-09-20 12:10:42,439][root][INFO] - poses:(252, 4, 4)
[2024-09-20 12:10:42,448][root][INFO] - after viewpoint, add_errs min:-1.0
[2024-09-20 12:10:42,499][root][INFO] - ob_in_cams:(252, 4, 4)
[2024-09-20 12:10:42,499][root][INFO] - self.cfg.use_normal:False
[2024-09-20 12:10:42,499][root][INFO] - trans_normalizer:[0.019999999552965164, 0.019999999552965164, 0.05000000074505806], rot_normalizer:0.3490658503988659
[2024-09-20 12:10:42,529][root][INFO] - making cropped data
[2024-09-20 12:10:42,529][root][INFO] - Welcome make_crop_data_batch
[2024-09-20 12:10:42,533][root][INFO] - make tf_to_crops done
[2024-09-20 12:10:42,558][root][INFO] - render done
[2024-09-20 12:10:42,564][root][INFO] - warp done
[2024-09-20 12:10:42,569][root][INFO] - pose batch data done
[2024-09-20 12:10:42,569][root][INFO] - forward start
[2024-09-20 12:10:42,686][root][INFO] - forward done
[2024-09-20 12:10:42,697][root][INFO] - making cropped data
[2024-09-20 12:10:42,697][root][INFO] - Welcome make_crop_data_batch
[2024-09-20 12:10:42,698][root][INFO] - make tf_to_crops done
[2024-09-20 12:10:42,712][root][INFO] - render done
[2024-09-20 12:10:42,716][root][INFO] - warp done
[2024-09-20 12:10:42,719][root][INFO] - pose batch data done
[2024-09-20 12:10:42,719][root][INFO] - forward start
[2024-09-20 12:10:42,720][root][INFO] - forward done
[2024-09-20 12:10:42,721][root][INFO] - making cropped data
[2024-09-20 12:10:42,721][root][INFO] - Welcome make_crop_data_batch
[2024-09-20 12:10:42,821][root][INFO] - make tf_to_crops done
[2024-09-20 12:10:42,835][root][INFO] - render done
[2024-09-20 12:10:42,838][root][INFO] - warp done
[2024-09-20 12:10:42,841][root][INFO] - pose batch data done
[2024-09-20 12:10:42,841][root][INFO] - forward start
[2024-09-20 12:10:42,842][root][INFO] - forward done
[2024-09-20 12:10:42,842][root][INFO] - making cropped data
[2024-09-20 12:10:42,842][root][INFO] - Welcome make_crop_data_batch
[2024-09-20 12:10:42,940][root][INFO] - make tf_to_crops done
[2024-09-20 12:10:42,953][root][INFO] - render done
[2024-09-20 12:10:42,957][root][INFO] - warp done
[2024-09-20 12:10:42,960][root][INFO] - pose batch data done
[2024-09-20 12:10:42,960][root][INFO] - forward start
[2024-09-20 12:10:42,961][root][INFO] - forward done
[2024-09-20 12:10:42,961][root][INFO] - making cropped data
[2024-09-20 12:10:42,961][root][INFO] - Welcome make_crop_data_batch
[2024-09-20 12:10:43,059][root][INFO] - make tf_to_crops done
[2024-09-20 12:10:43,073][root][INFO] - render done
[2024-09-20 12:10:43,076][root][INFO] - warp done
[2024-09-20 12:10:43,079][root][INFO] - pose batch data done
[2024-09-20 12:10:43,079][root][INFO] - forward start
[2024-09-20 12:10:43,080][root][INFO] - forward done
[2024-09-20 12:10:43,194][root][INFO] - ob_in_cams:(252, 4, 4)
[2024-09-20 12:10:43,194][root][INFO] - self.cfg.use_normal:False
[2024-09-20 12:10:43,194][root][INFO] - making cropped data
[2024-09-20 12:10:43,204][root][INFO] - Welcome make_crop_data_batch
[2024-09-20 12:10:43,205][root][INFO] - make tf_to_crops done
[2024-09-20 12:10:43,216][root][INFO] - render done
[2024-09-20 12:10:43,342][root][INFO] - pose batch data done
[2024-09-20 12:10:43,342][root][INFO] - pose_data.rgbAs.shape[0]: 252
[2024-09-20 12:10:43,438][root][INFO] - forward done
[2024-09-20 12:10:43,456][root][INFO] - final, add_errs min:-1.0
[2024-09-20 12:10:43,465][root][INFO] - sort ids:tensor([250, 231, 225,  70, 237, 243,  69, 232, 238,  88,  15,  49, 151, 156,
        162, 121, 157,  48,  18, 193,  38, 143, 117, 249, 192, 150,  64, 207,
        142,  63, 213, 220, 228, 222,  67, 229, 246,  85, 235, 240,  34, 190,
         26, 234, 113, 112,  35, 106, 245,  66, 183,  57,  60, 210, 189, 163,
        247, 191,  21, 172, 199, 204, 173, 187,  61, 144, 194,  59,  29, 110,
        217, 216, 198, 176,  95,  58, 180, 174,  41, 201, 170, 158,  90,  55,
         54, 171,  50, 196, 108, 154, 251, 197,  47,  92,  51,  30, 111, 152,
        195, 147, 177, 159, 153, 233, 244, 203, 214,  24, 208, 168,  32, 134,
        148, 221,  56, 145,  65, 119, 118,  46, 215,  10, 109, 209,  39,  93,
        139,  44,  37, 160, 138, 165,  43, 140, 241, 124, 146,  19,  82, 123,
         99, 223,  98,  72, 107, 164,  17, 169, 102, 161,   9, 178,   8,  77,
         71, 103, 131, 127, 188, 137, 104,  94,  40,  75,   7, 230, 242,  96,
         13,   6,  80, 236,   2,  16, 116, 130,  89,   3,  33, 126,  22, 179,
         20,  73, 122, 185, 132, 149,  53,  74, 155, 239,  79,  52, 166, 224,
         45,   4,  42, 114, 120, 186, 248,  91,  12, 136, 181,  87, 182,  68,
        129, 202,  31, 105, 141, 115,  28,  25, 175, 167,  11, 184,  81,  76,
         84,  97,  83, 125,  23,   5,  27, 133, 100,  36,   1, 226,  86, 128,
         14, 219,  78,   0, 135, 205, 200, 206, 101,  62, 218, 227, 211, 212])
[2024-09-20 12:10:43,469][root][INFO] - sorted scores:tensor([100.3452, 100.3418, 100.3391, 100.3337, 100.3247, 100.3213, 100.3210,
        100.3127, 100.3071, 100.3054, 100.1825, 100.1747, 100.1716, 100.1683,
        100.1680, 100.1633, 100.1631, 100.1436, 100.1433, 100.1433, 100.1427,
        100.1403, 100.1379, 100.1276, 100.1268, 100.1052, 100.1026, 100.1009,
        100.0930, 100.0845, 100.0836, 100.0505,  99.9668,  99.9646,  99.9638,
         99.9600,  99.9557,  99.9557,  99.9487,  99.9406,  99.9252,  99.9251,
         99.9250,  99.9240,  99.9224,  99.9215,  99.9189,  99.9145,  99.8973,
         99.8830,  99.8777,  99.8698,  99.8683,  99.8666,  99.8663,  99.8638,
         99.8634,  99.8618,  99.8611,  99.8599,  99.8593,  99.8563,  99.8488,
         99.8447,  99.8444,  99.8442,  99.8428,  99.8412,  99.8403,  99.8339,
         99.8318,  99.8312,  99.8257,  99.8232,  99.8225,  99.8207,  99.8203,
         99.8120,  99.8103,  99.8102,  99.8087,  99.8062,  99.8060,  99.8029,
         99.8007,  99.7933,  99.7881,  99.7833,  99.7808,  99.7805,  99.7729,
         99.7721,  99.7695,  99.7684,  99.7657,  99.7635,  99.7626,  99.7606,
         99.7587,  99.7554,  99.7523,  99.7485,  99.7483,  99.7400,  99.7339,
         99.7319,  99.7295,  99.7256,  99.7231,  99.7178,  99.7095,  99.7085,
         99.7002,  99.6997,  99.6948,  99.6848,  99.6833,  99.6826,  99.6821,
         99.6809,  99.6790,  99.6763,  99.6750,  99.6721,  99.6716,  99.6707,
         99.6707,  99.6689,  99.6685,  99.6658,  99.6650,  99.6628,  99.6626,
         99.6604,  99.6599,  99.6567,  99.6562,  99.6543,  99.6536,  99.6494,
         99.6489,  99.6433,  99.6428,  99.6421,  99.6372,  99.6365,  99.6357,
         99.6348,  99.6326,  99.6323,  99.6272,  99.6272,  99.6252,  99.6228,
         99.6169,  99.6167,  99.6150,  99.6138,  99.6101,  99.6067,  99.6064,
         99.6057,  99.6040,  99.6028,  99.6001,  99.6001,  99.5977,  99.5967,
         99.5955,  99.5911,  99.5894,  99.5891,  99.5862,  99.5825,  99.5798,
         99.5776,  99.5769,  99.5762,  99.5732,  99.5725,  99.5698,  99.5674,
         99.5667,  99.5654,  99.5654,  99.5654,  99.5649,  99.5649,  99.5637,
         99.5630,  99.5627,  99.5601,  99.5591,  99.5588,  99.5586,  99.5586,
         99.5544,  99.5532,  99.5527,  99.5481,  99.5474,  99.5469,  99.5439,
         99.5422,  99.5415,  99.5378,  99.5369,  99.5359,  99.5322,  99.5300,
         99.5288,  99.5288,  99.5286,  99.5281,  99.5256,  99.5251,  99.5186,
         99.5156,  99.5151,  99.5115,  99.5110,  99.5095,  99.5081,  99.5066,
         99.5024,  99.4941,  99.4868,  99.4785,  99.4658,  99.4619,  99.4619,
         99.4570,  99.4497,  99.4463,  99.4453,  99.4438,  99.4316,  99.4185,
         99.4180,  99.4126,  99.4058,  99.4038,  99.3721,  99.3662,  99.3501,
         99.3462,  99.3423,  99.3408,  99.3354,  99.3286,  99.3052,  99.2891])
[2024-09-20 12:10:55,613][websockets.server][INFO] - server listening on 0.0.0.0:8080
[2024-09-20 12:10:57,041][websockets.server][INFO] - connection open
