[2024-09-20 13:02:06,597][root][INFO] - self.cfg: 
 lr: 0.0001
c_in: 6
zfar: 'Infinity'
debug: null
n_view: 1
run_id: 3wy8qqex
use_BN: true
exp_name: 2024-01-11-20-02-45
n_epochs: 62
save_dir: /home/bowenw/debug/2024-01-11-20-02-45/
use_mask: false
loss_type: pairwise_valid
optimizer: adam
batch_size: 64
crop_ratio: 1.1
enable_amp: true
use_normal: false
max_num_key: null
warmup_step: -1
input_resize:
- 160
- 160
max_step_val: 1000
vis_interval: 1000
weight_decay: 0
normalize_xyz: true
resume_run_id: null
clip_grad_norm: 'Infinity'
lr_epoch_decay: 500
render_backend: nvdiffrast
train_num_pair: 5
lr_decay_epochs:
- 50
n_epochs_warmup: 1
make_pair_online: false
gradient_max_norm: 'Infinity'
max_step_per_epoch: 10000
n_rendering_workers: 1
save_epoch_interval: 100
n_dataloader_workers: 100
split_objects_across_gpus: true
ckpt_dir: FoundationPose/learning/training/../../weights/2024-01-11-20-02-45/model_best.pth

[2024-09-20 13:02:06,597][root][INFO] - self.h5_file:None
[2024-09-20 13:02:06,784][root][INFO] - Using pretrained model from FoundationPose/learning/training/../../weights/2024-01-11-20-02-45/model_best.pth
[2024-09-20 13:02:06,845][root][INFO] - init done
[2024-09-20 13:02:06,845][root][INFO] - welcome
[2024-09-20 13:02:06,849][root][INFO] - self.cfg: 
 lr: 0.0001
c_in: 6
zfar: .inf
debug: null
w_rot: 0.1
n_view: 1
run_id: null
use_BN: true
rot_rep: axis_angle
ckpt_dir: FoundationPose/learning/training/../../weights/2023-10-28-18-33-37/model_best.pth
exp_name: 2023-10-28-18-33-37
save_dir: /tmp/2023-10-28-18-33-37/
loss_type: l2
optimizer: adam
trans_rep: tracknet
batch_size: 64
crop_ratio: 1.2
use_normal: false
BN_momentum: 0.1
max_num_key: null
warmup_step: -1
input_resize:
- 160
- 160
max_step_val: 1000
normal_uint8: false
vis_interval: 1000
weight_decay: 0
n_max_objects: null
normalize_xyz: true
clip_grad_norm: 'Infinity'
rot_normalizer: 0.3490658503988659
trans_normalizer:
- 0.019999999552965164
- 0.019999999552965164
- 0.05000000074505806
max_step_per_epoch: 25000
val_epoch_interval: 10
n_dataloader_workers: 60
enable_amp: true
use_mask: false

[2024-09-20 13:02:06,849][root][INFO] - self.h5_file:
[2024-09-20 13:02:06,895][root][INFO] - Using pretrained model from FoundationPose/learning/training/../../weights/2023-10-28-18-33-37/model_best.pth
[2024-09-20 13:02:06,917][root][INFO] - init done
[2024-09-20 13:02:09,073][root][INFO] - self.diameter:0.2324774443430137, vox_size:0.011623872217150685
[2024-09-20 13:02:09,088][root][INFO] - self.pts:torch.Size([385, 3])
[2024-09-20 13:02:09,889][root][INFO] - reset done
[2024-09-20 13:02:09,890][root][INFO] - cam_in_obs:(42, 4, 4)
[2024-09-20 13:02:09,892][root][INFO] - rot_grid:(252, 4, 4)
[2024-09-20 13:02:09,893][root][INFO] - after cluster, rot_grid:(252, 4, 4)
[2024-09-20 13:02:09,893][root][INFO] - self.rot_grid: torch.Size([252, 4, 4])
[2024-09-20 13:02:18,696][root][INFO] - Welcome
[2024-09-20 13:02:18,710][root][INFO] - poses:(252, 4, 4)
[2024-09-20 13:02:18,720][root][INFO] - after viewpoint, add_errs min:-1.0
[2024-09-20 13:02:18,757][root][INFO] - ob_in_cams:(252, 4, 4)
[2024-09-20 13:02:18,757][root][INFO] - self.cfg.use_normal:False
[2024-09-20 13:02:18,757][root][INFO] - trans_normalizer:[0.019999999552965164, 0.019999999552965164, 0.05000000074505806], rot_normalizer:0.3490658503988659
[2024-09-20 13:02:18,760][root][INFO] - making cropped data
[2024-09-20 13:02:18,760][root][INFO] - Welcome make_crop_data_batch
[2024-09-20 13:02:18,764][root][INFO] - make tf_to_crops done
[2024-09-20 13:02:18,792][root][INFO] - render done
[2024-09-20 13:02:18,798][root][INFO] - warp done
[2024-09-20 13:02:18,803][root][INFO] - pose batch data done
[2024-09-20 13:02:18,804][root][INFO] - forward start
[2024-09-20 13:02:18,918][root][INFO] - forward done
[2024-09-20 13:02:18,930][root][INFO] - making cropped data
[2024-09-20 13:02:18,930][root][INFO] - Welcome make_crop_data_batch
[2024-09-20 13:02:18,931][root][INFO] - make tf_to_crops done
[2024-09-20 13:02:18,950][root][INFO] - render done
[2024-09-20 13:02:18,955][root][INFO] - warp done
[2024-09-20 13:02:18,957][root][INFO] - pose batch data done
[2024-09-20 13:02:18,957][root][INFO] - forward start
[2024-09-20 13:02:18,959][root][INFO] - forward done
[2024-09-20 13:02:18,959][root][INFO] - making cropped data
[2024-09-20 13:02:18,959][root][INFO] - Welcome make_crop_data_batch
[2024-09-20 13:02:19,060][root][INFO] - make tf_to_crops done
[2024-09-20 13:02:19,077][root][INFO] - render done
[2024-09-20 13:02:19,080][root][INFO] - warp done
[2024-09-20 13:02:19,083][root][INFO] - pose batch data done
[2024-09-20 13:02:19,083][root][INFO] - forward start
[2024-09-20 13:02:19,084][root][INFO] - forward done
[2024-09-20 13:02:19,084][root][INFO] - making cropped data
[2024-09-20 13:02:19,084][root][INFO] - Welcome make_crop_data_batch
[2024-09-20 13:02:19,181][root][INFO] - make tf_to_crops done
[2024-09-20 13:02:19,198][root][INFO] - render done
[2024-09-20 13:02:19,201][root][INFO] - warp done
[2024-09-20 13:02:19,204][root][INFO] - pose batch data done
[2024-09-20 13:02:19,205][root][INFO] - forward start
[2024-09-20 13:02:19,206][root][INFO] - forward done
[2024-09-20 13:02:19,206][root][INFO] - making cropped data
[2024-09-20 13:02:19,206][root][INFO] - Welcome make_crop_data_batch
[2024-09-20 13:02:19,303][root][INFO] - make tf_to_crops done
[2024-09-20 13:02:19,320][root][INFO] - render done
[2024-09-20 13:02:19,324][root][INFO] - warp done
[2024-09-20 13:02:19,327][root][INFO] - pose batch data done
[2024-09-20 13:02:19,327][root][INFO] - forward start
[2024-09-20 13:02:19,328][root][INFO] - forward done
[2024-09-20 13:02:19,440][root][INFO] - ob_in_cams:(252, 4, 4)
[2024-09-20 13:02:19,440][root][INFO] - self.cfg.use_normal:False
[2024-09-20 13:02:19,440][root][INFO] - making cropped data
[2024-09-20 13:02:19,448][root][INFO] - Welcome make_crop_data_batch
[2024-09-20 13:02:19,448][root][INFO] - make tf_to_crops done
[2024-09-20 13:02:19,464][root][INFO] - render done
[2024-09-20 13:02:19,589][root][INFO] - pose batch data done
[2024-09-20 13:02:19,589][root][INFO] - pose_data.rgbAs.shape[0]: 252
[2024-09-20 13:02:19,684][root][INFO] - forward done
[2024-09-20 13:02:19,701][root][INFO] - final, add_errs min:-1.0
[2024-09-20 13:02:19,711][root][INFO] - sort ids:tensor([ 10,   4,  11,  47, 100, 106, 130, 136, 220, 226, 227, 245,   5,  76,
        107, 131, 202, 203,  34,  77, 101, 137, 244, 132,   7,  43,  73, 104,
        127, 163,   2,   8,  98, 133, 134, 145, 169,  32,  74, 103, 146, 164,
        170, 187,  55,  50, 221, 126,  72,  42,  58, 154,   0,  83,  94, 179,
        196,  22,  82, 155, 178, 125, 198,  23,  41,  95, 171, 194, 197, 160,
         75, 105,   9,  33,  99, 185, 188, 216,  56,  59,  70, 138,  13,  79,
        115, 230,  67,  80,  86, 235,  14,  37,  62, 116, 205, 206, 212,  52,
         53, 229, 247,  64,  61,   6,  26,  71, 109, 162, 111,  49,  92,  68,
         89,  15,  28, 183, 122, 119, 142, 248, 118, 189, 243, 250,  88,  16,
        141, 231,   3, 124,   1,  17,  97, 135, 139, 128, 237, 108, 129, 113,
        184, 210,  87, 112, 114, 156,  20,  27,  93, 150,  78, 236,  36,  81,
         96, 204, 211,  19,  85,  91, 120, 121, 161, 102,  18,  29, 251,  24,
         31, 241,  40, 110, 228, 233, 238, 209, 232, 239, 217, 153, 157, 199,
        208, 158, 182, 223,  90, 151, 175, 176, 177, 207,  84, 152, 234,  35,
         38, 159, 168,  25, 200, 144, 186,  44, 215, 225, 242,  12,  45, 149,
        214, 224, 117, 123, 172, 193,  39, 218,  21,  65, 148, 147, 180, 191,
        201, 173, 181, 219,  30, 166, 190, 167,  46, 143, 165,  48,  69, 249,
         57, 140, 192, 195, 213,  60, 246,  63,  51,  54, 174,  66, 240, 222])
[2024-09-20 13:02:19,715][root][INFO] - sorted scores:tensor([89.6719, 89.6641, 89.6641, 89.6641, 89.6641, 89.6641, 89.6641, 89.6641,
        89.6641, 89.6641, 89.6641, 89.6641, 89.6562, 89.6562, 89.6562, 89.6562,
        89.6562, 89.6562, 89.6484, 89.6484, 89.6484, 89.6484, 89.6328, 89.5625,
        89.5156, 89.5156, 89.5156, 89.5156, 89.5156, 89.5156, 89.5078, 89.5078,
        89.5078, 89.5078, 89.5078, 89.5078, 89.5078, 89.5000, 89.5000, 89.5000,
        89.5000, 89.5000, 89.5000, 89.4922, 89.4219, 89.3906, 89.3906, 89.3828,
        89.3281, 89.3047, 89.2969, 89.2812, 89.2734, 89.2734, 89.2734, 89.2734,
        89.2734, 89.2656, 89.2656, 89.2656, 89.2656, 89.2578, 89.2578, 89.2344,
        89.2344, 89.2344, 89.2344, 89.2344, 89.2344, 89.2266, 89.2188, 89.2109,
        89.2031, 89.2031, 89.2031, 89.2031, 89.1953, 89.1797, 89.1719, 89.1641,
        89.1641, 89.1641, 89.1484, 89.1484, 89.1484, 89.1484, 89.1406, 89.1406,
        89.1406, 89.1406, 89.1328, 89.1328, 89.1328, 89.1328, 89.1328, 89.1328,
        89.1328, 89.1250, 89.1250, 89.1250, 89.1250, 89.1172, 89.1094, 89.0859,
        89.0859, 89.0859, 89.0859, 89.0859, 89.0781, 89.0703, 89.0625, 89.0547,
        89.0547, 89.0391, 89.0391, 89.0391, 89.0234, 89.0156, 89.0156, 89.0078,
        89.0000, 89.0000, 88.9844, 88.9844, 88.9766, 88.9609, 88.9609, 88.9531,
        88.9375, 88.9297, 88.9141, 88.9141, 88.9141, 88.9141, 88.9141, 88.9062,
        88.9062, 88.8984, 88.8984, 88.8828, 88.8750, 88.8750, 88.8594, 88.8594,
        88.8594, 88.8594, 88.8516, 88.8516, 88.8516, 88.8438, 88.8359, 88.8359,
        88.8281, 88.8281, 88.8203, 88.8203, 88.8203, 88.8125, 88.8125, 88.8047,
        88.8047, 88.8047, 88.8047, 88.7969, 88.7891, 88.7891, 88.7812, 88.7734,
        88.7734, 88.7734, 88.7578, 88.7578, 88.7500, 88.7500, 88.7500, 88.7422,
        88.7422, 88.7344, 88.7266, 88.7188, 88.7188, 88.7188, 88.7188, 88.7109,
        88.7109, 88.7109, 88.7031, 88.7031, 88.7031, 88.7031, 88.7031, 88.7031,
        88.6953, 88.6953, 88.6953, 88.6875, 88.6875, 88.6875, 88.6875, 88.6797,
        88.6797, 88.6719, 88.6719, 88.6641, 88.6562, 88.6562, 88.6562, 88.6484,
        88.6406, 88.6406, 88.6406, 88.6406, 88.6172, 88.6172, 88.6172, 88.6172,
        88.6016, 88.5938, 88.5859, 88.5859, 88.5781, 88.5703, 88.5547, 88.5469,
        88.5469, 88.5391, 88.5312, 88.5312, 88.5078, 88.5078, 88.5078, 88.4531,
        88.4453, 88.4453, 88.4375, 88.2266, 88.1797, 88.1562, 88.1484, 88.1484,
        88.1484, 88.1484, 88.1484, 88.1406, 88.1406, 88.1172, 88.1094, 88.1016,
        88.0938, 88.0859, 88.0859, 88.0781])
[2024-09-20 13:02:30,718][websockets.server][INFO] - server listening on 0.0.0.0:8080
[2024-09-20 13:02:31,923][websockets.server][INFO] - connection open
[2024-09-20 13:02:36,416][root][INFO] - Succeeded to open port: /dev/ttyUSB0
[2024-09-20 13:02:36,416][root][INFO] - Succeeded to set baudrate to 3000000
[2024-09-20 13:02:48,342][websockets.server][INFO] - connection open
[2024-09-20 13:02:53,847][root][ERROR] - > read: [TxRxResult] There is no status packet!
[2024-09-20 13:02:53,883][root][ERROR] - > read: [TxRxResult] There is no status packet!
[2024-09-20 13:02:54,020][root][ERROR] - > read: [TxRxResult] There is no status packet!
[2024-09-20 13:02:54,055][root][ERROR] - > read: [TxRxResult] There is no status packet!
