[2024-10-11 13:24:25,761][websockets.server][INFO] - server listening on 0.0.0.0:8080
[2024-10-11 13:24:27,981][websockets.server][INFO] - connection open
[2024-10-11 13:24:29,112][root][INFO] - self.cfg: 
 lr: 0.0001
c_in: 6
zfar: 'Infinity'
debug: null
n_view: 1
run_id: 3wy8qqex
use_BN: true
exp_name: 2024-01-11-20-02-45
n_epochs: 62
save_dir: /home/bowenw/debug/2024-01-11-20-02-45/
use_mask: false
loss_type: pairwise_valid
optimizer: adam
batch_size: 64
crop_ratio: 1.1
enable_amp: true
use_normal: false
max_num_key: null
warmup_step: -1
input_resize:
- 160
- 160
max_step_val: 1000
vis_interval: 1000
weight_decay: 0
normalize_xyz: true
resume_run_id: null
clip_grad_norm: 'Infinity'
lr_epoch_decay: 500
render_backend: nvdiffrast
train_num_pair: 5
lr_decay_epochs:
- 50
n_epochs_warmup: 1
make_pair_online: false
gradient_max_norm: 'Infinity'
max_step_per_epoch: 10000
n_rendering_workers: 1
save_epoch_interval: 100
n_dataloader_workers: 100
split_objects_across_gpus: true
ckpt_dir: FoundationPose/learning/training/../../weights/2024-01-11-20-02-45/model_best.pth

[2024-10-11 13:24:29,112][root][INFO] - self.h5_file:None
[2024-10-11 13:24:29,154][root][INFO] - Using pretrained model from FoundationPose/learning/training/../../weights/2024-01-11-20-02-45/model_best.pth
[2024-10-11 13:24:29,212][root][INFO] - init done
[2024-10-11 13:24:29,213][root][INFO] - welcome
[2024-10-11 13:24:29,216][root][INFO] - self.cfg: 
 lr: 0.0001
c_in: 6
zfar: .inf
debug: null
w_rot: 0.1
n_view: 1
run_id: null
use_BN: true
rot_rep: axis_angle
ckpt_dir: FoundationPose/learning/training/../../weights/2023-10-28-18-33-37/model_best.pth
exp_name: 2023-10-28-18-33-37
save_dir: /tmp/2023-10-28-18-33-37/
loss_type: l2
optimizer: adam
trans_rep: tracknet
batch_size: 64
crop_ratio: 1.2
use_normal: false
BN_momentum: 0.1
max_num_key: null
warmup_step: -1
input_resize:
- 160
- 160
max_step_val: 1000
normal_uint8: false
vis_interval: 1000
weight_decay: 0
n_max_objects: null
normalize_xyz: true
clip_grad_norm: 'Infinity'
rot_normalizer: 0.3490658503988659
trans_normalizer:
- 0.019999999552965164
- 0.019999999552965164
- 0.05000000074505806
max_step_per_epoch: 25000
val_epoch_interval: 10
n_dataloader_workers: 60
enable_amp: true
use_mask: false

[2024-10-11 13:24:29,216][root][INFO] - self.h5_file:
[2024-10-11 13:24:29,260][root][INFO] - Using pretrained model from FoundationPose/learning/training/../../weights/2023-10-28-18-33-37/model_best.pth
[2024-10-11 13:24:29,277][root][INFO] - init done
[2024-10-11 13:24:31,411][root][INFO] - self.diameter:0.2324774443430137, vox_size:0.011623872217150685
[2024-10-11 13:24:31,412][root][INFO] - self.pts:torch.Size([385, 3])
[2024-10-11 13:24:32,203][root][INFO] - reset done
[2024-10-11 13:24:32,204][root][INFO] - cam_in_obs:(42, 4, 4)
[2024-10-11 13:24:32,206][root][INFO] - rot_grid:(252, 4, 4)
[2024-10-11 13:24:32,207][root][INFO] - after cluster, rot_grid:(252, 4, 4)
[2024-10-11 13:24:32,207][root][INFO] - self.rot_grid: torch.Size([252, 4, 4])
[2024-10-11 13:24:36,680][root][INFO] - Welcome
[2024-10-11 13:24:36,708][root][INFO] - poses:(252, 4, 4)
[2024-10-11 13:24:36,710][root][INFO] - after viewpoint, add_errs min:-1.0
[2024-10-11 13:24:36,732][root][INFO] - ob_in_cams:(252, 4, 4)
[2024-10-11 13:24:36,732][root][INFO] - self.cfg.use_normal:False
[2024-10-11 13:24:36,732][root][INFO] - trans_normalizer:[0.019999999552965164, 0.019999999552965164, 0.05000000074505806], rot_normalizer:0.3490658503988659
[2024-10-11 13:24:36,735][root][INFO] - making cropped data
[2024-10-11 13:24:36,735][root][INFO] - Welcome make_crop_data_batch
[2024-10-11 13:24:36,736][root][INFO] - make tf_to_crops done
[2024-10-11 13:24:36,781][root][INFO] - render done
[2024-10-11 13:24:36,806][root][INFO] - warp done
[2024-10-11 13:24:36,809][root][INFO] - pose batch data done
[2024-10-11 13:24:36,809][root][INFO] - forward start
[2024-10-11 13:24:36,894][root][INFO] - forward done
[2024-10-11 13:24:36,895][root][INFO] - making cropped data
[2024-10-11 13:24:36,895][root][INFO] - Welcome make_crop_data_batch
[2024-10-11 13:24:36,914][root][INFO] - make tf_to_crops done
[2024-10-11 13:24:36,932][root][INFO] - render done
[2024-10-11 13:24:36,935][root][INFO] - warp done
[2024-10-11 13:24:36,938][root][INFO] - pose batch data done
[2024-10-11 13:24:36,938][root][INFO] - forward start
[2024-10-11 13:24:36,939][root][INFO] - forward done
[2024-10-11 13:24:36,940][root][INFO] - making cropped data
[2024-10-11 13:24:36,940][root][INFO] - Welcome make_crop_data_batch
[2024-10-11 13:24:37,041][root][INFO] - make tf_to_crops done
[2024-10-11 13:24:37,058][root][INFO] - render done
[2024-10-11 13:24:37,062][root][INFO] - warp done
[2024-10-11 13:24:37,065][root][INFO] - pose batch data done
[2024-10-11 13:24:37,065][root][INFO] - forward start
[2024-10-11 13:24:37,066][root][INFO] - forward done
[2024-10-11 13:24:37,067][root][INFO] - making cropped data
[2024-10-11 13:24:37,067][root][INFO] - Welcome make_crop_data_batch
[2024-10-11 13:24:37,166][root][INFO] - make tf_to_crops done
[2024-10-11 13:24:37,183][root][INFO] - render done
[2024-10-11 13:24:37,187][root][INFO] - warp done
[2024-10-11 13:24:37,190][root][INFO] - pose batch data done
[2024-10-11 13:24:37,190][root][INFO] - forward start
[2024-10-11 13:24:37,191][root][INFO] - forward done
[2024-10-11 13:24:37,192][root][INFO] - making cropped data
[2024-10-11 13:24:37,192][root][INFO] - Welcome make_crop_data_batch
[2024-10-11 13:24:37,291][root][INFO] - make tf_to_crops done
[2024-10-11 13:24:37,309][root][INFO] - render done
[2024-10-11 13:24:37,312][root][INFO] - warp done
[2024-10-11 13:24:37,315][root][INFO] - pose batch data done
[2024-10-11 13:24:37,316][root][INFO] - forward start
[2024-10-11 13:24:37,317][root][INFO] - forward done
[2024-10-11 13:24:37,482][root][INFO] - ob_in_cams:(252, 4, 4)
[2024-10-11 13:24:37,482][root][INFO] - self.cfg.use_normal:False
[2024-10-11 13:24:37,482][root][INFO] - making cropped data
[2024-10-11 13:24:37,483][root][INFO] - Welcome make_crop_data_batch
[2024-10-11 13:24:37,484][root][INFO] - make tf_to_crops done
[2024-10-11 13:24:37,498][root][INFO] - render done
[2024-10-11 13:24:37,627][root][INFO] - pose batch data done
[2024-10-11 13:24:37,627][root][INFO] - pose_data.rgbAs.shape[0]: 252
[2024-10-11 13:24:37,629][root][INFO] - forward done
[2024-10-11 13:24:37,738][root][INFO] - final, add_errs min:-1.0
[2024-10-11 13:24:37,739][root][INFO] - sort ids:tensor([106,   4,   5, 100, 130, 203, 220,  76,  77, 131, 136, 137, 226, 227,
         10,  11, 101, 202, 245,  34,  47,   8, 133, 134, 187,  43,  74, 146,
        169, 170,   7,  50,  73, 104, 145, 164, 194,   2,  97,  98, 103, 127,
         32,  55, 224,  64, 163,  23, 197, 155, 196,  22,  82,  83,  95, 125,
        178, 244, 154, 179,  59, 185,  41,  58, 160, 216, 162,  68,  92, 235,
         67, 230, 116,  26,  85,  86, 126, 138, 205,   0,  14, 198, 212,  72,
         80, 115, 132, 229,  42,  79, 121, 206, 248,  62,  13,  94, 221, 171,
        189, 102, 105,  37,  75,  99, 236,   9, 188, 243,  33, 161, 247,  35,
         52,  56, 156,  18,  53,   1, 210,  61, 135,   3, 129, 225,  28, 124,
         93, 250, 118,  15,  17,  78,  88,  96, 150, 211,  16, 119, 237,  89,
         27, 114, 141,  19, 200,  36,  70, 120, 183, 231, 108, 177, 184,  81,
         87, 223, 222,  91,  20,  21, 111, 251, 232,   6,  90, 110,  84, 122,
        117, 123,  12,  25,  39, 107, 147, 168, 204, 142, 153, 228, 209,  24,
         45, 207,  40,  38, 208, 233, 109, 144, 157, 175, 180, 128, 151, 152,
        182, 193,  48, 215, 238, 158,  49, 112, 174, 213,  29, 176, 199, 234,
        148, 173, 159, 239,  44, 181, 190, 139,  71, 143, 214,  65, 240, 242,
        167, 219,  31,  30, 149, 241, 186, 172, 191, 218, 166, 201, 217,  46,
         51, 246, 113, 195, 165,  60, 192,  57, 249,  69,  66, 140,  54,  63])
[2024-10-11 13:24:37,742][root][INFO] - sorted scores:tensor([89.2969, 89.2891, 89.2891, 89.2891, 89.2891, 89.2891, 89.2891, 89.2812,
        89.2812, 89.2812, 89.2812, 89.2812, 89.2812, 89.2812, 89.2734, 89.2734,
        89.2734, 89.2734, 89.2734, 89.2656, 89.2578, 89.1172, 89.1172, 89.1172,
        89.1172, 89.1094, 89.1094, 89.1094, 89.1094, 89.1094, 89.1016, 89.1016,
        89.1016, 89.1016, 89.1016, 89.1016, 89.1016, 89.0938, 89.0938, 89.0938,
        89.0938, 89.0938, 89.0859, 89.0859, 89.0625, 88.9844, 88.9688, 88.9453,
        88.9375, 88.9297, 88.9297, 88.9219, 88.9219, 88.9219, 88.9219, 88.9219,
        88.9219, 88.9219, 88.9141, 88.9141, 88.9062, 88.9062, 88.8906, 88.8672,
        88.8672, 88.8594, 88.8516, 88.8438, 88.8359, 88.8359, 88.8281, 88.8281,
        88.8203, 88.8125, 88.8125, 88.8125, 88.8125, 88.8125, 88.8125, 88.8047,
        88.8047, 88.8047, 88.8047, 88.7969, 88.7969, 88.7969, 88.7969, 88.7969,
        88.7891, 88.7891, 88.7891, 88.7891, 88.7891, 88.7812, 88.7734, 88.7734,
        88.7734, 88.7656, 88.7578, 88.7500, 88.7500, 88.7422, 88.7422, 88.7422,
        88.7344, 88.7266, 88.7266, 88.7266, 88.7188, 88.7188, 88.7031, 88.6797,
        88.6797, 88.6641, 88.6641, 88.6484, 88.6406, 88.6328, 88.6328, 88.6250,
        88.6250, 88.6094, 88.6094, 88.6016, 88.5859, 88.5859, 88.5781, 88.5547,
        88.5469, 88.5391, 88.5391, 88.5391, 88.5391, 88.5391, 88.5391, 88.5391,
        88.5312, 88.5312, 88.5312, 88.5156, 88.5078, 88.5078, 88.5078, 88.5000,
        88.5000, 88.4922, 88.4922, 88.4922, 88.4922, 88.4922, 88.4844, 88.4844,
        88.4844, 88.4766, 88.4766, 88.4688, 88.4609, 88.4531, 88.4453, 88.4453,
        88.4297, 88.4297, 88.4219, 88.4141, 88.4141, 88.4141, 88.4062, 88.4062,
        88.3984, 88.3984, 88.3906, 88.3828, 88.3828, 88.3828, 88.3828, 88.3828,
        88.3828, 88.3750, 88.3750, 88.3750, 88.3672, 88.3594, 88.3594, 88.3594,
        88.3516, 88.3438, 88.3438, 88.3438, 88.3359, 88.3359, 88.3359, 88.3281,
        88.3281, 88.3203, 88.3125, 88.3047, 88.3047, 88.2969, 88.2891, 88.2891,
        88.2891, 88.2812, 88.2734, 88.2734, 88.2734, 88.2734, 88.2656, 88.2578,
        88.2578, 88.2578, 88.2344, 88.1875, 88.1719, 88.1719, 88.1562, 88.1562,
        88.1328, 88.1094, 88.1016, 88.1016, 88.1016, 88.0938, 88.0938, 88.0938,
        88.0859, 88.0859, 88.0781, 88.0625, 88.0547, 88.0547, 88.0469, 88.0391,
        88.0312, 88.0312, 88.0000, 87.9922, 87.9844, 87.9766, 87.9688, 87.9531,
        87.8828, 87.8672, 87.8594, 87.8359, 87.8281, 87.8047, 87.7969, 87.7812,
        87.7734, 87.7422, 87.7109, 87.6641])
