[2024-12-20 21:51:15,467][websockets.server][INFO] - server listening on 0.0.0.0:8080
[2024-12-20 21:51:15,613][root][INFO] - self.cfg: 
 lr: 0.0001
c_in: 6
zfar: 'Infinity'
debug: null
n_view: 1
run_id: 3wy8qqex
use_BN: true
exp_name: 2024-01-11-20-02-45
n_epochs: 62
save_dir: /home/bowenw/debug/2024-01-11-20-02-45/
use_mask: false
loss_type: pairwise_valid
optimizer: adam
batch_size: 64
crop_ratio: 1.1
enable_amp: true
use_normal: false
max_num_key: null
warmup_step: -1
input_resize:
- 160
- 160
max_step_val: 1000
vis_interval: 1000
weight_decay: 0
normalize_xyz: true
resume_run_id: null
clip_grad_norm: 'Infinity'
lr_epoch_decay: 500
render_backend: nvdiffrast
train_num_pair: 5
lr_decay_epochs:
- 50
n_epochs_warmup: 1
make_pair_online: false
gradient_max_norm: 'Infinity'
max_step_per_epoch: 10000
n_rendering_workers: 1
save_epoch_interval: 100
n_dataloader_workers: 100
split_objects_across_gpus: true
ckpt_dir: /data/zjx/rw/third_party/FoundationPose/learning/training/../../weights/2024-01-11-20-02-45/model_best.pth

[2024-12-20 21:51:15,613][root][INFO] - self.h5_file:None
[2024-12-20 21:51:15,735][root][INFO] - Using pretrained model from /data/zjx/rw/third_party/FoundationPose/learning/training/../../weights/2024-01-11-20-02-45/model_best.pth
[2024-12-20 21:51:15,798][root][INFO] - init done
[2024-12-20 21:51:15,798][root][INFO] - welcome
[2024-12-20 21:51:15,801][root][INFO] - self.cfg: 
 lr: 0.0001
c_in: 6
zfar: .inf
debug: null
w_rot: 0.1
n_view: 1
run_id: null
use_BN: true
rot_rep: axis_angle
ckpt_dir: /data/zjx/rw/third_party/FoundationPose/learning/training/../../weights/2023-10-28-18-33-37/model_best.pth
exp_name: 2023-10-28-18-33-37
save_dir: /tmp/2023-10-28-18-33-37/
loss_type: l2
optimizer: adam
trans_rep: tracknet
batch_size: 64
crop_ratio: 1.2
use_normal: false
BN_momentum: 0.1
max_num_key: null
warmup_step: -1
input_resize:
- 160
- 160
max_step_val: 1000
normal_uint8: false
vis_interval: 1000
weight_decay: 0
n_max_objects: null
normalize_xyz: true
clip_grad_norm: 'Infinity'
rot_normalizer: 0.3490658503988659
trans_normalizer:
- 0.019999999552965164
- 0.019999999552965164
- 0.05000000074505806
max_step_per_epoch: 25000
val_epoch_interval: 10
n_dataloader_workers: 60
enable_amp: true
use_mask: false

[2024-12-20 21:51:15,801][root][INFO] - self.h5_file:
[2024-12-20 21:51:15,846][root][INFO] - Using pretrained model from /data/zjx/rw/third_party/FoundationPose/learning/training/../../weights/2023-10-28-18-33-37/model_best.pth
[2024-12-20 21:51:15,867][root][INFO] - init done
[2024-12-20 21:51:17,097][root][INFO] - self.diameter:0.2729166168820516, vox_size:0.01364583084410258
[2024-12-20 21:51:17,112][root][INFO] - self.pts:torch.Size([179, 3])
[2024-12-20 21:51:18,076][root][INFO] - reset done
[2024-12-20 21:51:18,077][root][INFO] - cam_in_obs:(42, 4, 4)
[2024-12-20 21:51:18,077][root][INFO] - rot_grid:(252, 4, 4)
[2024-12-20 21:51:18,078][root][INFO] - after cluster, rot_grid:(252, 4, 4)
[2024-12-20 21:51:18,078][root][INFO] - self.rot_grid: torch.Size([252, 4, 4])
[2024-12-20 21:51:19,109][websockets.server][INFO] - connection open
[2024-12-20 21:51:28,902][root][INFO] - Welcome
[2024-12-20 21:51:28,916][root][INFO] - poses:(252, 4, 4)
[2024-12-20 21:51:28,924][root][INFO] - after viewpoint, add_errs min:-1.0
[2024-12-20 21:51:28,951][root][INFO] - ob_in_cams:(252, 4, 4)
[2024-12-20 21:51:28,951][root][INFO] - self.cfg.use_normal:False
[2024-12-20 21:51:28,951][root][INFO] - trans_normalizer:[0.019999999552965164, 0.019999999552965164, 0.05000000074505806], rot_normalizer:0.3490658503988659
[2024-12-20 21:51:28,959][root][INFO] - making cropped data
[2024-12-20 21:51:28,959][root][INFO] - Welcome make_crop_data_batch
[2024-12-20 21:51:28,962][root][INFO] - make tf_to_crops done
[2024-12-20 21:51:28,985][root][INFO] - render done
[2024-12-20 21:51:28,992][root][INFO] - warp done
[2024-12-20 21:51:28,997][root][INFO] - pose batch data done
[2024-12-20 21:51:28,997][root][INFO] - forward start
[2024-12-20 21:51:29,127][root][INFO] - forward done
[2024-12-20 21:51:29,140][root][INFO] - making cropped data
[2024-12-20 21:51:29,140][root][INFO] - Welcome make_crop_data_batch
[2024-12-20 21:51:29,141][root][INFO] - make tf_to_crops done
[2024-12-20 21:51:29,160][root][INFO] - render done
[2024-12-20 21:51:29,165][root][INFO] - warp done
[2024-12-20 21:51:29,168][root][INFO] - pose batch data done
[2024-12-20 21:51:29,168][root][INFO] - forward start
[2024-12-20 21:51:29,169][root][INFO] - forward done
[2024-12-20 21:51:29,170][root][INFO] - making cropped data
[2024-12-20 21:51:29,170][root][INFO] - Welcome make_crop_data_batch
[2024-12-20 21:51:29,272][root][INFO] - make tf_to_crops done
[2024-12-20 21:51:29,288][root][INFO] - render done
[2024-12-20 21:51:29,292][root][INFO] - warp done
[2024-12-20 21:51:29,294][root][INFO] - pose batch data done
[2024-12-20 21:51:29,294][root][INFO] - forward start
[2024-12-20 21:51:29,296][root][INFO] - forward done
[2024-12-20 21:51:29,296][root][INFO] - making cropped data
[2024-12-20 21:51:29,296][root][INFO] - Welcome make_crop_data_batch
[2024-12-20 21:51:29,400][root][INFO] - make tf_to_crops done
[2024-12-20 21:51:29,416][root][INFO] - render done
[2024-12-20 21:51:29,419][root][INFO] - warp done
[2024-12-20 21:51:29,422][root][INFO] - pose batch data done
[2024-12-20 21:51:29,422][root][INFO] - forward start
[2024-12-20 21:51:29,423][root][INFO] - forward done
[2024-12-20 21:51:29,424][root][INFO] - making cropped data
[2024-12-20 21:51:29,424][root][INFO] - Welcome make_crop_data_batch
[2024-12-20 21:51:29,527][root][INFO] - make tf_to_crops done
[2024-12-20 21:51:29,542][root][INFO] - render done
[2024-12-20 21:51:29,545][root][INFO] - warp done
[2024-12-20 21:51:29,548][root][INFO] - pose batch data done
[2024-12-20 21:51:29,548][root][INFO] - forward start
[2024-12-20 21:51:29,550][root][INFO] - forward done
[2024-12-20 21:51:29,669][root][INFO] - ob_in_cams:(252, 4, 4)
[2024-12-20 21:51:29,669][root][INFO] - self.cfg.use_normal:False
[2024-12-20 21:51:29,670][root][INFO] - making cropped data
[2024-12-20 21:51:29,676][root][INFO] - Welcome make_crop_data_batch
[2024-12-20 21:51:29,677][root][INFO] - make tf_to_crops done
[2024-12-20 21:51:29,691][root][INFO] - render done
[2024-12-20 21:51:29,821][root][INFO] - pose batch data done
[2024-12-20 21:51:29,821][root][INFO] - pose_data.rgbAs.shape[0]: 252
[2024-12-20 21:51:29,918][root][INFO] - forward done
[2024-12-20 21:51:29,936][root][INFO] - final, add_errs min:-1.0
[2024-12-20 21:51:29,946][root][INFO] - sort ids:tensor([224,   3,  96, 128, 173, 200, 222, 135,   2, 107, 134,  11,  66, 101,
        146, 147, 149,  74,  77, 227,   5,   8,  35, 137,  98, 170, 188,  99,
        144, 191, 203, 132, 225, 243, 104, 131,  32,  47,  55, 169, 187, 202,
        240, 162,  41, 140, 210,  70, 154, 174,  29,  54, 110, 160, 180, 217,
        218, 238, 239,  44,  51,  52,  69, 155, 161, 165,  61,  64, 114, 119,
        125, 220, 213, 233,  89,  90, 194, 204,  38,  49, 190, 235,  23,  58,
         67,  86,  95, 157, 158, 229, 113, 143, 183,  26,  63,  93,  83,  92,
        179, 207, 232, 236, 230,  17, 177,  48,  12, 117, 199,  14, 122, 172,
        152,  80, 116, 206, 151,  20,  60,  57, 176,  21, 250, 221,   6, 184,
        209, 248, 193, 195, 247, 246, 197, 196, 251,  27,  50,  45,  81,  28,
        109, 148,  36,  75,  84, 102, 105, 129, 136, 223,   0,   9,  31,  33,
         39,  42,  53,  56,  68,  72,  76,  87, 100, 108, 123, 126, 150, 156,
        163, 175, 181, 214, 237, 241, 244,  15,  18,  24,  30,  40,  46,  78,
         94,  97, 111, 115, 138, 141, 166, 171, 186, 208, 211, 231, 245,  34,
         37,  82,  91, 120, 133, 142, 159, 198,  16,  19,  43,  73,  79, 112,
        118, 139, 189, 216, 219,  10,  25,  65, 234,   1,  88, 167, 182, 215,
        242,   7, 106, 121, 249,   4,  13,  22, 127,  62,  85, 103, 130, 164,
        185, 192, 124, 153, 212, 168, 205,  59, 228,  71, 145, 178, 226, 201])
[2024-12-20 21:51:29,950][root][INFO] - sorted scores:tensor([76.0000, 75.9688, 75.9688, 75.9688, 75.9688, 75.9688, 75.9688, 75.9531,
        75.9375, 75.9375, 75.9375, 75.9219, 75.9219, 75.9219, 75.9219, 75.9219,
        75.9219, 75.9062, 75.9062, 75.9062, 75.8906, 75.8906, 75.8906, 75.8906,
        75.8750, 75.8750, 75.8750, 75.8594, 75.8594, 75.8594, 75.8594, 75.8438,
        75.8438, 75.8438, 75.8281, 75.8281, 75.7969, 75.7969, 75.7812, 75.7812,
        75.7812, 75.7656, 75.7656, 75.7500, 75.7344, 75.7344, 75.7344, 75.7188,
        75.7188, 75.7188, 75.7031, 75.7031, 75.7031, 75.7031, 75.7031, 75.6875,
        75.6875, 75.6875, 75.6875, 75.6719, 75.6719, 75.6719, 75.6719, 75.6719,
        75.6719, 75.6719, 75.6562, 75.6562, 75.6562, 75.6562, 75.6562, 75.6562,
        75.6406, 75.6406, 75.6250, 75.6250, 75.6250, 75.6250, 75.6094, 75.6094,
        75.6094, 75.6094, 75.5938, 75.5938, 75.5938, 75.5938, 75.5938, 75.5938,
        75.5938, 75.5938, 75.5781, 75.5781, 75.5781, 75.5625, 75.5625, 75.5625,
        75.5469, 75.5469, 75.5469, 75.5469, 75.5469, 75.5312, 75.5156, 75.5000,
        75.5000, 75.4531, 75.4219, 75.3906, 75.3906, 75.3594, 75.3594, 75.3438,
        75.3125, 75.2812, 75.2500, 75.2344, 75.2188, 75.1875, 75.1875, 75.1562,
        75.0781, 75.0625, 75.0000, 74.9688, 74.9531, 74.9062, 74.9062, 74.8906,
        74.8438, 74.7500, 74.6875, 74.5312, 74.4219, 74.3906, 74.1250, 73.6562,
        73.6250, 73.6094, 73.6094, 73.5781, 73.5625, 73.5625, 73.5469, 73.5469,
        73.5469, 73.5469, 73.5469, 73.5469, 73.5469, 73.5469, 73.5312, 73.5312,
        73.5312, 73.5312, 73.5312, 73.5312, 73.5312, 73.5312, 73.5312, 73.5312,
        73.5312, 73.5312, 73.5312, 73.5312, 73.5312, 73.5312, 73.5312, 73.5312,
        73.5312, 73.5312, 73.5312, 73.5312, 73.5312, 73.5312, 73.5312, 73.5156,
        73.5156, 73.5156, 73.5156, 73.5156, 73.5156, 73.5156, 73.5156, 73.5156,
        73.5156, 73.5156, 73.5156, 73.5156, 73.5156, 73.5156, 73.5156, 73.5156,
        73.5156, 73.5156, 73.5156, 73.5000, 73.5000, 73.5000, 73.5000, 73.5000,
        73.5000, 73.5000, 73.5000, 73.5000, 73.4844, 73.4844, 73.4844, 73.4844,
        73.4844, 73.4844, 73.4844, 73.4844, 73.4844, 73.4844, 73.4844, 73.4688,
        73.4688, 73.4688, 73.4688, 73.4531, 73.4375, 73.4375, 73.4375, 73.4375,
        73.4219, 73.4062, 73.4062, 73.4062, 73.4062, 73.3906, 73.3750, 73.3750,
        73.3750, 73.3594, 73.3594, 73.3594, 73.3594, 73.3438, 73.3438, 73.3438,
        73.3281, 73.3125, 73.3125, 73.2812, 73.2656, 73.2500, 73.2500, 73.2031,
        73.2031, 73.2031, 73.2031, 73.1875])
