[2024-09-20 13:55:32,600][root][INFO] - self.cfg: 
 lr: 0.0001
c_in: 6
zfar: 'Infinity'
debug: null
n_view: 1
run_id: 3wy8qqex
use_BN: true
exp_name: 2024-01-11-20-02-45
n_epochs: 62
save_dir: /home/bowenw/debug/2024-01-11-20-02-45/
use_mask: false
loss_type: pairwise_valid
optimizer: adam
batch_size: 64
crop_ratio: 1.1
enable_amp: true
use_normal: false
max_num_key: null
warmup_step: -1
input_resize:
- 160
- 160
max_step_val: 1000
vis_interval: 1000
weight_decay: 0
normalize_xyz: true
resume_run_id: null
clip_grad_norm: 'Infinity'
lr_epoch_decay: 500
render_backend: nvdiffrast
train_num_pair: 5
lr_decay_epochs:
- 50
n_epochs_warmup: 1
make_pair_online: false
gradient_max_norm: 'Infinity'
max_step_per_epoch: 10000
n_rendering_workers: 1
save_epoch_interval: 100
n_dataloader_workers: 100
split_objects_across_gpus: true
ckpt_dir: FoundationPose/learning/training/../../weights/2024-01-11-20-02-45/model_best.pth

[2024-09-20 13:55:32,601][root][INFO] - self.h5_file:None
[2024-09-20 13:55:32,802][root][INFO] - Using pretrained model from FoundationPose/learning/training/../../weights/2024-01-11-20-02-45/model_best.pth
[2024-09-20 13:55:32,871][root][INFO] - init done
[2024-09-20 13:55:32,871][root][INFO] - welcome
[2024-09-20 13:55:32,874][root][INFO] - self.cfg: 
 lr: 0.0001
c_in: 6
zfar: .inf
debug: null
w_rot: 0.1
n_view: 1
run_id: null
use_BN: true
rot_rep: axis_angle
ckpt_dir: FoundationPose/learning/training/../../weights/2023-10-28-18-33-37/model_best.pth
exp_name: 2023-10-28-18-33-37
save_dir: /tmp/2023-10-28-18-33-37/
loss_type: l2
optimizer: adam
trans_rep: tracknet
batch_size: 64
crop_ratio: 1.2
use_normal: false
BN_momentum: 0.1
max_num_key: null
warmup_step: -1
input_resize:
- 160
- 160
max_step_val: 1000
normal_uint8: false
vis_interval: 1000
weight_decay: 0
n_max_objects: null
normalize_xyz: true
clip_grad_norm: 'Infinity'
rot_normalizer: 0.3490658503988659
trans_normalizer:
- 0.019999999552965164
- 0.019999999552965164
- 0.05000000074505806
max_step_per_epoch: 25000
val_epoch_interval: 10
n_dataloader_workers: 60
enable_amp: true
use_mask: false

[2024-09-20 13:55:32,874][root][INFO] - self.h5_file:
[2024-09-20 13:55:32,924][root][INFO] - Using pretrained model from FoundationPose/learning/training/../../weights/2023-10-28-18-33-37/model_best.pth
[2024-09-20 13:55:32,945][root][INFO] - init done
[2024-09-20 13:55:34,675][root][INFO] - self.diameter:0.08397155096556706, vox_size:0.0041985775482783535
[2024-09-20 13:55:34,691][root][INFO] - self.pts:torch.Size([1273, 3])
[2024-09-20 13:55:35,495][root][INFO] - reset done
[2024-09-20 13:55:35,496][root][INFO] - cam_in_obs:(42, 4, 4)
[2024-09-20 13:55:35,498][root][INFO] - rot_grid:(252, 4, 4)
[2024-09-20 13:55:35,499][root][INFO] - after cluster, rot_grid:(252, 4, 4)
[2024-09-20 13:55:35,499][root][INFO] - self.rot_grid: torch.Size([252, 4, 4])
[2024-09-20 13:55:45,542][root][INFO] - Welcome
[2024-09-20 13:55:45,558][root][INFO] - poses:(252, 4, 4)
[2024-09-20 13:55:45,567][root][INFO] - after viewpoint, add_errs min:-1.0
[2024-09-20 13:55:45,614][root][INFO] - ob_in_cams:(252, 4, 4)
[2024-09-20 13:55:45,624][root][INFO] - self.cfg.use_normal:False
[2024-09-20 13:55:45,624][root][INFO] - trans_normalizer:[0.019999999552965164, 0.019999999552965164, 0.05000000074505806], rot_normalizer:0.3490658503988659
[2024-09-20 13:55:45,631][root][INFO] - making cropped data
[2024-09-20 13:55:45,638][root][INFO] - Welcome make_crop_data_batch
[2024-09-20 13:55:45,642][root][INFO] - make tf_to_crops done
[2024-09-20 13:55:45,672][root][INFO] - render done
[2024-09-20 13:55:45,678][root][INFO] - warp done
[2024-09-20 13:55:45,684][root][INFO] - pose batch data done
[2024-09-20 13:55:45,684][root][INFO] - forward start
[2024-09-20 13:55:45,813][root][INFO] - forward done
[2024-09-20 13:55:45,826][root][INFO] - making cropped data
[2024-09-20 13:55:45,826][root][INFO] - Welcome make_crop_data_batch
[2024-09-20 13:55:45,827][root][INFO] - make tf_to_crops done
[2024-09-20 13:55:45,845][root][INFO] - render done
[2024-09-20 13:55:45,849][root][INFO] - warp done
[2024-09-20 13:55:45,852][root][INFO] - pose batch data done
[2024-09-20 13:55:45,852][root][INFO] - forward start
[2024-09-20 13:55:45,853][root][INFO] - forward done
[2024-09-20 13:55:45,853][root][INFO] - making cropped data
[2024-09-20 13:55:45,854][root][INFO] - Welcome make_crop_data_batch
[2024-09-20 13:55:45,964][root][INFO] - make tf_to_crops done
[2024-09-20 13:55:45,982][root][INFO] - render done
[2024-09-20 13:55:45,987][root][INFO] - warp done
[2024-09-20 13:55:45,990][root][INFO] - pose batch data done
[2024-09-20 13:55:45,990][root][INFO] - forward start
[2024-09-20 13:55:45,991][root][INFO] - forward done
[2024-09-20 13:55:45,992][root][INFO] - making cropped data
[2024-09-20 13:55:45,992][root][INFO] - Welcome make_crop_data_batch
[2024-09-20 13:55:46,102][root][INFO] - make tf_to_crops done
[2024-09-20 13:55:46,120][root][INFO] - render done
[2024-09-20 13:55:46,124][root][INFO] - warp done
[2024-09-20 13:55:46,126][root][INFO] - pose batch data done
[2024-09-20 13:55:46,126][root][INFO] - forward start
[2024-09-20 13:55:46,128][root][INFO] - forward done
[2024-09-20 13:55:46,128][root][INFO] - making cropped data
[2024-09-20 13:55:46,128][root][INFO] - Welcome make_crop_data_batch
[2024-09-20 13:55:46,238][root][INFO] - make tf_to_crops done
[2024-09-20 13:55:46,257][root][INFO] - render done
[2024-09-20 13:55:46,261][root][INFO] - warp done
[2024-09-20 13:55:46,264][root][INFO] - pose batch data done
[2024-09-20 13:55:46,264][root][INFO] - forward start
[2024-09-20 13:55:46,266][root][INFO] - forward done
[2024-09-20 13:55:46,391][root][INFO] - ob_in_cams:(252, 4, 4)
[2024-09-20 13:55:46,391][root][INFO] - self.cfg.use_normal:False
[2024-09-20 13:55:46,391][root][INFO] - making cropped data
[2024-09-20 13:55:46,399][root][INFO] - Welcome make_crop_data_batch
[2024-09-20 13:55:46,399][root][INFO] - make tf_to_crops done
[2024-09-20 13:55:46,416][root][INFO] - render done
[2024-09-20 13:55:46,559][root][INFO] - pose batch data done
[2024-09-20 13:55:46,559][root][INFO] - pose_data.rgbAs.shape[0]: 252
[2024-09-20 13:55:46,665][root][INFO] - forward done
[2024-09-20 13:55:46,683][root][INFO] - final, add_errs min:-1.0
[2024-09-20 13:55:46,693][root][INFO] - sort ids:tensor([ 74,   8, 104,   2,  98,   9, 134,  75,  32, 245, 218, 251, 173, 101,
         64, 120,  11,  36, 109, 211,  89,  55,  90, 117, 168, 208,  47, 209,
        174,  54, 166, 192, 242,  30, 188,  62,  17,  79,  19, 108, 144, 186,
         56, 115, 222,  13,  35, 234,  14, 205,   4, 133,  53, 197,  15,  34,
        239, 130, 236,  68, 207, 244, 241, 184, 191, 203, 214, 170, 195,  80,
         18,  63, 221, 238, 126, 147, 230,  61, 249, 100,  94,  26,  48,  51,
        114, 187,  93, 121, 226,  65,  91, 148,   5,  25, 194,  72,  78, 175,
        131, 189, 248, 200,   1,  85,  92, 246, 171,   7,  21,  70,  84, 198,
         44,  77, 136,  86, 116, 163, 169, 231, 228, 179, 202, 105,  37,  67,
        181, 196, 229,  73, 132, 161, 124, 106, 149, 243,  95, 138, 176, 232,
         69, 180,  28, 240,  99, 162,  59,  22,  66,  71, 193,  39, 123, 235,
         97, 150, 103,   0,  24, 155,  33,  83, 177, 220, 154, 157, 182,  42,
         82,  38, 118, 159, 250, 111, 201,  76, 158, 219,  57,  87, 233,   3,
        224, 145, 110, 129,  43, 199, 225,  45, 178, 152,  88, 204, 125,  16,
         81, 153, 164,  20, 172, 113, 190,  10,  23, 107,  27, 141, 156, 119,
        223,  46,  50, 122, 215, 237,  49,  96, 160, 213,  58,  40, 151, 217,
        143, 206, 112, 128, 247,  52, 212, 185,  12, 142, 165, 227,  41, 137,
        127, 139, 146, 210, 183, 167, 135,   6, 140, 216,  29,  60, 102,  31])
[2024-09-20 13:55:46,696][root][INFO] - sorted scores:tensor([99.8760, 99.8695, 99.8647, 99.8588, 99.8582, 99.8293, 99.8138, 99.7999,
        99.3330, 99.2358, 99.2305, 99.2290, 99.2046, 99.2021, 99.2012, 99.2012,
        99.1982, 99.1982, 99.1973, 99.1958, 99.1934, 99.1919, 99.1919, 99.1904,
        99.1899, 99.1899, 99.1895, 99.1880, 99.1875, 99.1836, 99.1821, 99.1821,
        99.1821, 99.1802, 99.1777, 99.1763, 99.1738, 99.1738, 99.1733, 99.1729,
        99.1719, 99.1714, 99.1709, 99.1709, 99.1709, 99.1704, 99.1694, 99.1689,
        99.1685, 99.1680, 99.1670, 99.1665, 99.1660, 99.1660, 99.1650, 99.1641,
        99.1631, 99.1616, 99.1616, 99.1611, 99.1611, 99.1606, 99.1602, 99.1592,
        99.1592, 99.1592, 99.1592, 99.1587, 99.1587, 99.1582, 99.1572, 99.1567,
        99.1567, 99.1538, 99.1528, 99.1509, 99.1499, 99.1494, 99.1494, 99.1484,
        99.1475, 99.1465, 99.1465, 99.1450, 99.1450, 99.1445, 99.1440, 99.1436,
        99.1436, 99.1431, 99.1421, 99.1421, 99.1416, 99.1416, 99.1416, 99.1406,
        99.1396, 99.1396, 99.1392, 99.1387, 99.1387, 99.1372, 99.1367, 99.1362,
        99.1362, 99.1362, 99.1338, 99.1333, 99.1333, 99.1328, 99.1313, 99.1309,
        99.1299, 99.1299, 99.1289, 99.1270, 99.1260, 99.1260, 99.1260, 99.1260,
        99.1255, 99.1235, 99.1235, 99.1230, 99.1221, 99.1221, 99.1221, 99.1221,
        99.1221, 99.1211, 99.1206, 99.1201, 99.1196, 99.1187, 99.1187, 99.1187,
        99.1177, 99.1177, 99.1172, 99.1157, 99.1147, 99.1147, 99.1138, 99.1133,
        99.1128, 99.1128, 99.1123, 99.1118, 99.1113, 99.1113, 99.1104, 99.1099,
        99.1094, 99.1094, 99.1074, 99.1074, 99.1069, 99.1060, 99.1060, 99.1060,
        99.1055, 99.1055, 99.1050, 99.1045, 99.1040, 99.1040, 99.1040, 99.1035,
        99.1030, 99.1025, 99.1025, 99.1021, 99.1021, 99.1016, 99.1016, 99.1011,
        99.1011, 99.1011, 99.1006, 99.1001, 99.0981, 99.0977, 99.0977, 99.0967,
        99.0962, 99.0962, 99.0957, 99.0957, 99.0957, 99.0952, 99.0952, 99.0947,
        99.0933, 99.0923, 99.0918, 99.0908, 99.0903, 99.0894, 99.0889, 99.0884,
        99.0884, 99.0879, 99.0874, 99.0840, 99.0835, 99.0830, 99.0820, 99.0815,
        99.0791, 99.0767, 99.0757, 99.0747, 99.0747, 99.0747, 99.0747, 99.0737,
        99.0728, 99.0728, 99.0723, 99.0723, 99.0713, 99.0708, 99.0708, 99.0708,
        99.0703, 99.0703, 99.0698, 99.0698, 99.0698, 99.0693, 99.0684, 99.0679,
        99.0669, 99.0659, 99.0654, 99.0649, 99.0625, 99.0615, 99.0596, 99.0596,
        99.0591, 99.0562, 99.0503, 99.0483, 99.0459, 99.0430, 99.0425, 99.0420,
        99.0415, 99.0381, 99.0366, 99.0347])
[2024-09-20 13:55:58,239][websockets.server][INFO] - server listening on 0.0.0.0:8080
[2024-09-20 13:55:59,631][websockets.server][INFO] - connection open
[2024-09-20 13:56:01,537][root][INFO] - Succeeded to open port: /dev/ttyUSB0
[2024-09-20 13:56:01,537][root][INFO] - Succeeded to set baudrate to 3000000
