[2024-10-15 10:10:26,882][websockets.server][INFO] - server listening on 0.0.0.0:8080
[2024-10-15 10:10:27,025][root][INFO] - self.cfg: 
 lr: 0.0001
c_in: 6
zfar: 'Infinity'
debug: null
n_view: 1
run_id: 3wy8qqex
use_BN: true
exp_name: 2024-01-11-20-02-45
n_epochs: 62
save_dir: /home/bowenw/debug/2024-01-11-20-02-45/
use_mask: false
loss_type: pairwise_valid
optimizer: adam
batch_size: 64
crop_ratio: 1.1
enable_amp: true
use_normal: false
max_num_key: null
warmup_step: -1
input_resize:
- 160
- 160
max_step_val: 1000
vis_interval: 1000
weight_decay: 0
normalize_xyz: true
resume_run_id: null
clip_grad_norm: 'Infinity'
lr_epoch_decay: 500
render_backend: nvdiffrast
train_num_pair: 5
lr_decay_epochs:
- 50
n_epochs_warmup: 1
make_pair_online: false
gradient_max_norm: 'Infinity'
max_step_per_epoch: 10000
n_rendering_workers: 1
save_epoch_interval: 100
n_dataloader_workers: 100
split_objects_across_gpus: true
ckpt_dir: /home/shaol/gjx/rw/third_party/FoundationPose/learning/training/../../weights/2024-01-11-20-02-45/model_best.pth

[2024-10-15 10:10:27,026][root][INFO] - self.h5_file:None
[2024-10-15 10:10:27,245][root][INFO] - Using pretrained model from /home/shaol/gjx/rw/third_party/FoundationPose/learning/training/../../weights/2024-01-11-20-02-45/model_best.pth
[2024-10-15 10:10:27,315][root][INFO] - init done
[2024-10-15 10:10:27,315][root][INFO] - welcome
[2024-10-15 10:10:27,319][root][INFO] - self.cfg: 
 lr: 0.0001
c_in: 6
zfar: .inf
debug: null
w_rot: 0.1
n_view: 1
run_id: null
use_BN: true
rot_rep: axis_angle
ckpt_dir: /home/shaol/gjx/rw/third_party/FoundationPose/learning/training/../../weights/2023-10-28-18-33-37/model_best.pth
exp_name: 2023-10-28-18-33-37
save_dir: /tmp/2023-10-28-18-33-37/
loss_type: l2
optimizer: adam
trans_rep: tracknet
batch_size: 64
crop_ratio: 1.2
use_normal: false
BN_momentum: 0.1
max_num_key: null
warmup_step: -1
input_resize:
- 160
- 160
max_step_val: 1000
normal_uint8: false
vis_interval: 1000
weight_decay: 0
n_max_objects: null
normalize_xyz: true
clip_grad_norm: 'Infinity'
rot_normalizer: 0.3490658503988659
trans_normalizer:
- 0.019999999552965164
- 0.019999999552965164
- 0.05000000074505806
max_step_per_epoch: 25000
val_epoch_interval: 10
n_dataloader_workers: 60
enable_amp: true
use_mask: false

[2024-10-15 10:10:27,319][root][INFO] - self.h5_file:
[2024-10-15 10:10:27,369][root][INFO] - Using pretrained model from /home/shaol/gjx/rw/third_party/FoundationPose/learning/training/../../weights/2023-10-28-18-33-37/model_best.pth
[2024-10-15 10:10:27,394][root][INFO] - init done
[2024-10-15 10:10:28,198][websockets.server][INFO] - connection open
[2024-10-15 10:10:28,958][root][INFO] - self.diameter:0.20218917538522446, vox_size:0.010109458769261222
[2024-10-15 10:10:28,973][root][INFO] - self.pts:torch.Size([390, 3])
[2024-10-15 10:10:30,109][root][INFO] - reset done
[2024-10-15 10:10:30,110][root][INFO] - cam_in_obs:(42, 4, 4)
[2024-10-15 10:10:30,113][root][INFO] - rot_grid:(252, 4, 4)
[2024-10-15 10:10:30,114][root][INFO] - after cluster, rot_grid:(252, 4, 4)
[2024-10-15 10:10:30,114][root][INFO] - self.rot_grid: torch.Size([252, 4, 4])
[2024-10-15 10:10:32,418][websockets.server][INFO] - connection open
[2024-10-15 10:10:39,678][root][INFO] - Welcome
[2024-10-15 10:10:39,695][root][INFO] - poses:(252, 4, 4)
[2024-10-15 10:10:39,705][root][INFO] - after viewpoint, add_errs min:-1.0
[2024-10-15 10:10:39,771][root][INFO] - ob_in_cams:(252, 4, 4)
[2024-10-15 10:10:39,772][root][INFO] - self.cfg.use_normal:False
[2024-10-15 10:10:39,772][root][INFO] - trans_normalizer:[0.019999999552965164, 0.019999999552965164, 0.05000000074505806], rot_normalizer:0.3490658503988659
[2024-10-15 10:10:39,783][root][INFO] - making cropped data
[2024-10-15 10:10:39,783][root][INFO] - Welcome make_crop_data_batch
[2024-10-15 10:10:39,787][root][INFO] - make tf_to_crops done
[2024-10-15 10:10:39,810][root][INFO] - render done
[2024-10-15 10:10:39,816][root][INFO] - warp done
[2024-10-15 10:10:39,821][root][INFO] - pose batch data done
[2024-10-15 10:10:39,822][root][INFO] - forward start
[2024-10-15 10:10:39,942][root][INFO] - forward done
[2024-10-15 10:10:39,952][root][INFO] - making cropped data
[2024-10-15 10:10:39,952][root][INFO] - Welcome make_crop_data_batch
[2024-10-15 10:10:39,953][root][INFO] - make tf_to_crops done
[2024-10-15 10:10:39,967][root][INFO] - render done
[2024-10-15 10:10:39,971][root][INFO] - warp done
[2024-10-15 10:10:39,973][root][INFO] - pose batch data done
[2024-10-15 10:10:39,973][root][INFO] - forward start
[2024-10-15 10:10:39,975][root][INFO] - forward done
[2024-10-15 10:10:39,975][root][INFO] - making cropped data
[2024-10-15 10:10:39,975][root][INFO] - Welcome make_crop_data_batch
[2024-10-15 10:10:40,065][root][INFO] - make tf_to_crops done
[2024-10-15 10:10:40,080][root][INFO] - render done
[2024-10-15 10:10:40,083][root][INFO] - warp done
[2024-10-15 10:10:40,086][root][INFO] - pose batch data done
[2024-10-15 10:10:40,086][root][INFO] - forward start
[2024-10-15 10:10:40,087][root][INFO] - forward done
[2024-10-15 10:10:40,088][root][INFO] - making cropped data
[2024-10-15 10:10:40,088][root][INFO] - Welcome make_crop_data_batch
[2024-10-15 10:10:40,177][root][INFO] - make tf_to_crops done
[2024-10-15 10:10:40,192][root][INFO] - render done
[2024-10-15 10:10:40,195][root][INFO] - warp done
[2024-10-15 10:10:40,198][root][INFO] - pose batch data done
[2024-10-15 10:10:40,198][root][INFO] - forward start
[2024-10-15 10:10:40,200][root][INFO] - forward done
[2024-10-15 10:10:40,200][root][INFO] - making cropped data
[2024-10-15 10:10:40,200][root][INFO] - Welcome make_crop_data_batch
[2024-10-15 10:10:40,290][root][INFO] - make tf_to_crops done
[2024-10-15 10:10:40,304][root][INFO] - render done
[2024-10-15 10:10:40,308][root][INFO] - warp done
[2024-10-15 10:10:40,310][root][INFO] - pose batch data done
[2024-10-15 10:10:40,310][root][INFO] - forward start
[2024-10-15 10:10:40,312][root][INFO] - forward done
[2024-10-15 10:10:40,417][root][INFO] - ob_in_cams:(252, 4, 4)
[2024-10-15 10:10:40,417][root][INFO] - self.cfg.use_normal:False
[2024-10-15 10:10:40,417][root][INFO] - making cropped data
[2024-10-15 10:10:40,428][root][INFO] - Welcome make_crop_data_batch
[2024-10-15 10:10:40,429][root][INFO] - make tf_to_crops done
[2024-10-15 10:10:40,442][root][INFO] - render done
[2024-10-15 10:10:40,559][root][INFO] - pose batch data done
[2024-10-15 10:10:40,560][root][INFO] - pose_data.rgbAs.shape[0]: 252
[2024-10-15 10:10:40,648][root][INFO] - forward done
[2024-10-15 10:10:40,666][root][INFO] - final, add_errs min:-1.0
[2024-10-15 10:10:40,675][root][INFO] - sort ids:tensor([ 20,  57, 152, 177,  50,  56,  92, 153, 171, 176, 182, 183, 189, 194,
        195,  51, 147,   9, 105, 170, 123, 146,   8,  80,  21, 164, 198,  75,
        209, 216,  60,  65, 134, 204, 251, 215, 188, 233, 159, 203,  71,  43,
         41, 246,  33,  86, 242,  42, 228,  66, 119, 245, 222,   5, 114,   0,
          6, 197, 210, 193, 224, 227,  12, 129, 165, 221, 240,  59, 102,  72,
        135, 128,  53,  96, 125, 200, 218,   2,  62,  77, 101, 248,  11,  35,
         44, 137, 144, 167, 173,  49, 149,  84,  14, 107, 179,  17, 116, 151,
         47, 206, 238,  83,  54,  76, 155,  45,  78,  23,  89,  95, 100,  88,
         26,  58,  81, 196, 148, 168, 207, 145,  48,  74,  63,  70, 122, 126,
        162, 231, 157, 237,  61,  99, 150, 178, 247,  36,  69, 249,  15,  68,
         93, 174, 223,  67, 103,  52, 133, 136, 192, 199, 205,  18,  39, 156,
        175,  46, 106,  10, 130, 229,   1,  87, 111, 120, 243, 201, 232, 236,
         19,  82, 127,   3, 132, 169, 172, 225,  27, 154, 161, 219, 250,   4,
        184, 226, 230,  13,  32,  73,  85,  97, 138, 244,  22, 158, 202,  55,
          7, 217, 112,  79,  90, 143, 191, 211,  38, 121, 124, 190,  30,  37,
         98, 109, 104, 163,  31,  34,  91, 185, 208,  64, 214, 234, 235, 117,
        141, 142, 160, 213, 220,  40, 118, 166, 181, 186,  16,  25, 140, 180,
        187,  29,  94, 108, 115,  28, 110, 239,  24, 131, 139, 241, 212, 113])
[2024-10-15 10:10:40,680][root][INFO] - sorted scores:tensor([114.9609, 114.9609, 114.9609, 114.9609, 114.9531, 114.9531, 114.9531,
        114.9531, 114.9531, 114.9531, 114.9531, 114.9531, 114.9531, 114.9531,
        114.9531, 114.9453, 114.9453, 114.9375, 114.9375, 114.9375, 114.9062,
        114.8750, 114.8047, 114.7969, 114.7734, 114.6641, 114.5859, 114.5703,
        114.5703, 114.5625, 114.5547, 114.5547, 114.5547, 114.5547, 114.5547,
        114.5469, 114.5312, 114.5078, 114.4922, 114.4141, 114.3828, 114.3672,
        114.3594, 114.3438, 114.3281, 114.3281, 114.3281, 114.3125, 114.3125,
        114.2812, 114.2344, 114.2266, 114.2188, 114.2031, 114.1953, 114.1875,
        114.1875, 114.1875, 114.1875, 114.1719, 114.1719, 114.1719, 114.1484,
        114.1484, 114.1484, 114.1484, 114.1484, 114.1406, 114.1406, 114.1328,
        114.1328, 114.1250, 114.1172, 114.1172, 114.1172, 114.1172, 114.1172,
        114.1094, 114.1094, 114.1094, 114.1094, 114.1094, 114.1016, 114.1016,
        114.1016, 114.1016, 114.1016, 114.0938, 114.0938, 114.0859, 114.0859,
        114.0703, 114.0625, 114.0625, 114.0625, 114.0547, 114.0547, 114.0547,
        114.0469, 114.0469, 114.0469, 114.0391, 114.0312, 114.0312, 114.0312,
        114.0234, 114.0156, 114.0078, 114.0078, 114.0078, 114.0078, 113.9922,
        113.9844, 113.9844, 113.9844, 113.9844, 113.9766, 113.9766, 113.9766,
        113.9609, 113.9531, 113.9531, 113.9453, 113.9375, 113.9375, 113.9375,
        113.9375, 113.9375, 113.9297, 113.9297, 113.9219, 113.9219, 113.9141,
        113.9141, 113.9141, 113.9062, 113.9062, 113.9062, 113.8906, 113.8906,
        113.8906, 113.8906, 113.8906, 113.8828, 113.8828, 113.8750, 113.8750,
        113.8750, 113.8750, 113.8750, 113.8750, 113.8672, 113.8672, 113.8672,
        113.8672, 113.8594, 113.8594, 113.8516, 113.8516, 113.8516, 113.8438,
        113.8438, 113.8438, 113.8438, 113.8438, 113.8359, 113.8359, 113.8359,
        113.8281, 113.8281, 113.8281, 113.8203, 113.8203, 113.8203, 113.8203,
        113.8203, 113.8125, 113.8125, 113.8125, 113.8125, 113.8125, 113.8047,
        113.8047, 113.8047, 113.8047, 113.7969, 113.7969, 113.7969, 113.7969,
        113.7969, 113.7969, 113.7969, 113.7891, 113.7891, 113.7891, 113.7812,
        113.7734, 113.7734, 113.7656, 113.7578, 113.7578, 113.7578, 113.7578,
        113.7578, 113.7500, 113.7500, 113.7500, 113.7500, 113.7422, 113.7422,
        113.7422, 113.7422, 113.7344, 113.7344, 113.7266, 113.7266, 113.7266,
        113.7266, 113.7266, 113.7188, 113.7188, 113.7188, 113.7188, 113.7109,
        113.7109, 113.7109, 113.7109, 113.7109, 113.7109, 113.7031, 113.7031,
        113.7031, 113.7031, 113.7031, 113.6953, 113.6953, 113.6953, 113.6953,
        113.6953, 113.6875, 113.6875, 113.6875, 113.6875, 113.6797, 113.6797,
        113.6797, 113.6719, 113.6719, 113.6719, 113.6719, 113.6641, 113.6562])
