[2024-10-24 21:23:22,780][websockets.server][INFO] - server listening on 0.0.0.0:8080
[2024-10-24 21:23:22,840][root][INFO] - self.cfg: 
 lr: 0.0001
c_in: 6
zfar: 'Infinity'
debug: null
n_view: 1
run_id: 3wy8qqex
use_BN: true
exp_name: 2024-01-11-20-02-45
n_epochs: 62
save_dir: /home/bowenw/debug/2024-01-11-20-02-45/
use_mask: false
loss_type: pairwise_valid
optimizer: adam
batch_size: 64
crop_ratio: 1.1
enable_amp: true
use_normal: false
max_num_key: null
warmup_step: -1
input_resize:
- 160
- 160
max_step_val: 1000
vis_interval: 1000
weight_decay: 0
normalize_xyz: true
resume_run_id: null
clip_grad_norm: 'Infinity'
lr_epoch_decay: 500
render_backend: nvdiffrast
train_num_pair: 5
lr_decay_epochs:
- 50
n_epochs_warmup: 1
make_pair_online: false
gradient_max_norm: 'Infinity'
max_step_per_epoch: 10000
n_rendering_workers: 1
save_epoch_interval: 100
n_dataloader_workers: 100
split_objects_across_gpus: true
ckpt_dir: /home/shaol/gjx/rw/third_party/FoundationPose/learning/training/../../weights/2024-01-11-20-02-45/model_best.pth

[2024-10-24 21:23:22,840][root][INFO] - self.h5_file:None
[2024-10-24 21:23:22,998][root][INFO] - Using pretrained model from /home/shaol/gjx/rw/third_party/FoundationPose/learning/training/../../weights/2024-01-11-20-02-45/model_best.pth
[2024-10-24 21:23:23,056][root][INFO] - init done
[2024-10-24 21:23:23,056][root][INFO] - welcome
[2024-10-24 21:23:23,060][root][INFO] - self.cfg: 
 lr: 0.0001
c_in: 6
zfar: .inf
debug: null
w_rot: 0.1
n_view: 1
run_id: null
use_BN: true
rot_rep: axis_angle
ckpt_dir: /home/shaol/gjx/rw/third_party/FoundationPose/learning/training/../../weights/2023-10-28-18-33-37/model_best.pth
exp_name: 2023-10-28-18-33-37
save_dir: /tmp/2023-10-28-18-33-37/
loss_type: l2
optimizer: adam
trans_rep: tracknet
batch_size: 64
crop_ratio: 1.2
use_normal: false
BN_momentum: 0.1
max_num_key: null
warmup_step: -1
input_resize:
- 160
- 160
max_step_val: 1000
normal_uint8: false
vis_interval: 1000
weight_decay: 0
n_max_objects: null
normalize_xyz: true
clip_grad_norm: 'Infinity'
rot_normalizer: 0.3490658503988659
trans_normalizer:
- 0.019999999552965164
- 0.019999999552965164
- 0.05000000074505806
max_step_per_epoch: 25000
val_epoch_interval: 10
n_dataloader_workers: 60
enable_amp: true
use_mask: false

[2024-10-24 21:23:23,060][root][INFO] - self.h5_file:
[2024-10-24 21:23:23,106][root][INFO] - Using pretrained model from /home/shaol/gjx/rw/third_party/FoundationPose/learning/training/../../weights/2023-10-28-18-33-37/model_best.pth
[2024-10-24 21:23:23,129][root][INFO] - init done
[2024-10-24 21:23:23,500][root][INFO] - self.diameter:0.08312107539009728, vox_size:0.004156053769504864
[2024-10-24 21:23:23,516][root][INFO] - self.pts:torch.Size([607, 3])
[2024-10-24 21:23:24,309][root][INFO] - reset done
[2024-10-24 21:23:24,310][root][INFO] - cam_in_obs:(42, 4, 4)
[2024-10-24 21:23:24,311][root][INFO] - rot_grid:(252, 4, 4)
[2024-10-24 21:23:24,312][root][INFO] - after cluster, rot_grid:(252, 4, 4)
[2024-10-24 21:23:24,313][root][INFO] - self.rot_grid: torch.Size([252, 4, 4])
[2024-10-24 21:23:24,941][websockets.server][INFO] - connection open
[2024-10-24 21:23:34,010][root][INFO] - Welcome
[2024-10-24 21:23:34,024][root][INFO] - poses:(252, 4, 4)
[2024-10-24 21:23:34,034][root][INFO] - after viewpoint, add_errs min:-1.0
[2024-10-24 21:23:34,088][root][INFO] - ob_in_cams:(252, 4, 4)
[2024-10-24 21:23:34,094][root][INFO] - self.cfg.use_normal:False
[2024-10-24 21:23:34,094][root][INFO] - trans_normalizer:[0.019999999552965164, 0.019999999552965164, 0.05000000074505806], rot_normalizer:0.3490658503988659
[2024-10-24 21:23:34,110][root][INFO] - making cropped data
[2024-10-24 21:23:34,110][root][INFO] - Welcome make_crop_data_batch
[2024-10-24 21:23:34,114][root][INFO] - make tf_to_crops done
[2024-10-24 21:23:34,134][root][INFO] - render done
[2024-10-24 21:23:34,139][root][INFO] - warp done
[2024-10-24 21:23:34,145][root][INFO] - pose batch data done
[2024-10-24 21:23:34,145][root][INFO] - forward start
[2024-10-24 21:23:34,268][root][INFO] - forward done
[2024-10-24 21:23:34,279][root][INFO] - making cropped data
[2024-10-24 21:23:34,279][root][INFO] - Welcome make_crop_data_batch
[2024-10-24 21:23:34,280][root][INFO] - make tf_to_crops done
[2024-10-24 21:23:34,290][root][INFO] - render done
[2024-10-24 21:23:34,294][root][INFO] - warp done
[2024-10-24 21:23:34,297][root][INFO] - pose batch data done
[2024-10-24 21:23:34,297][root][INFO] - forward start
[2024-10-24 21:23:34,298][root][INFO] - forward done
[2024-10-24 21:23:34,299][root][INFO] - making cropped data
[2024-10-24 21:23:34,299][root][INFO] - Welcome make_crop_data_batch
[2024-10-24 21:23:34,399][root][INFO] - make tf_to_crops done
[2024-10-24 21:23:34,410][root][INFO] - render done
[2024-10-24 21:23:34,414][root][INFO] - warp done
[2024-10-24 21:23:34,417][root][INFO] - pose batch data done
[2024-10-24 21:23:34,417][root][INFO] - forward start
[2024-10-24 21:23:34,418][root][INFO] - forward done
[2024-10-24 21:23:34,418][root][INFO] - making cropped data
[2024-10-24 21:23:34,418][root][INFO] - Welcome make_crop_data_batch
[2024-10-24 21:23:34,515][root][INFO] - make tf_to_crops done
[2024-10-24 21:23:34,525][root][INFO] - render done
[2024-10-24 21:23:34,529][root][INFO] - warp done
[2024-10-24 21:23:34,531][root][INFO] - pose batch data done
[2024-10-24 21:23:34,531][root][INFO] - forward start
[2024-10-24 21:23:34,533][root][INFO] - forward done
[2024-10-24 21:23:34,533][root][INFO] - making cropped data
[2024-10-24 21:23:34,533][root][INFO] - Welcome make_crop_data_batch
[2024-10-24 21:23:34,630][root][INFO] - make tf_to_crops done
[2024-10-24 21:23:34,640][root][INFO] - render done
[2024-10-24 21:23:34,644][root][INFO] - warp done
[2024-10-24 21:23:34,647][root][INFO] - pose batch data done
[2024-10-24 21:23:34,647][root][INFO] - forward start
[2024-10-24 21:23:34,648][root][INFO] - forward done
[2024-10-24 21:23:34,762][root][INFO] - ob_in_cams:(252, 4, 4)
[2024-10-24 21:23:34,762][root][INFO] - self.cfg.use_normal:False
[2024-10-24 21:23:34,762][root][INFO] - making cropped data
[2024-10-24 21:23:34,771][root][INFO] - Welcome make_crop_data_batch
[2024-10-24 21:23:34,771][root][INFO] - make tf_to_crops done
[2024-10-24 21:23:34,781][root][INFO] - render done
[2024-10-24 21:23:34,907][root][INFO] - pose batch data done
[2024-10-24 21:23:34,907][root][INFO] - pose_data.rgbAs.shape[0]: 252
[2024-10-24 21:23:35,002][root][INFO] - forward done
[2024-10-24 21:23:35,021][root][INFO] - final, add_errs min:-1.0
[2024-10-24 21:23:35,029][root][INFO] - sort ids:tensor([146,  98,  74, 104,   8, 169, 234,  66, 228, 222, 240, 235, 246, 245,
         99,  26, 140, 165, 159, 139, 160, 164,  40,  79, 103, 121, 124,   4,
        113,  13, 115,  37,  41,  93,  30,  35,  96, 112, 118,  12,  22,  27,
         33, 108, 158,  16,  42,  81, 105, 163, 236, 241,   7,  45,  80,  85,
         87, 123, 190,  83, 184,  21,  36, 141, 232,  14,  94, 114, 122, 134,
        145,  15,  82,  84, 161,  28,  78,  88, 128,  89, 166,  90, 218, 226,
         43, 111, 131, 116, 157,  18, 215, 221, 244,  39,  48,  53,  56,  75,
        120, 138, 156, 175,  92, 216,  47, 167, 214,  52, 137, 151, 247,  55,
        162, 174, 200, 224, 249, 125, 188, 229,  24, 170, 171, 182, 189, 197,
         50, 202, 239,  67,  60,  73, 194, 183,  57, 198,  20,  44,  76, 132,
        192, 248,  91,   2, 152, 119, 201, 210,  19,  68, 168, 199, 176, 191,
        117, 150, 181, 195, 204, 208,   3, 217,   9,  54,  25,  49,  70, 101,
        155, 177, 193, 207,  38,  95, 153,  65,  72,  97, 100, 205, 106, 130,
         61,  64, 143, 149, 173, 211, 147, 196, 144, 186,   1,  23, 133, 142,
         29,  62, 136, 126, 243, 206, 251,   6, 209, 237,  17, 102, 127, 242,
        230,  51,  59,  71, 110, 180, 203, 213, 238,  86, 231,  58, 179,  10,
         77,  69, 129, 135, 185, 233, 250, 178,   0,  63, 107, 219, 212, 223,
        220, 109, 187,  32,  34, 148,   5,  11,  31, 172, 227,  46, 225, 154])
[2024-10-24 21:23:35,033][root][INFO] - sorted scores:tensor([114.1953, 114.1875, 114.1797, 114.1797, 114.1719, 114.1484, 114.0625,
        114.0312, 114.0312, 114.0234, 114.0234, 114.0078, 113.8828, 113.8203,
        113.7656, 113.7031, 113.6875, 113.6875, 113.6797, 113.6719, 113.6719,
        113.6719, 113.6641, 113.6641, 113.6562, 113.6484, 113.6328, 113.6250,
        113.6250, 113.6172, 113.6172, 113.6094, 113.5781, 113.5781, 113.5703,
        113.5703, 113.5703, 113.5703, 113.5703, 113.5625, 113.5625, 113.5625,
        113.5625, 113.5625, 113.5625, 113.5547, 113.5547, 113.5547, 113.5547,
        113.5547, 113.5547, 113.5547, 113.5469, 113.5469, 113.5469, 113.5469,
        113.5469, 113.5469, 113.5469, 113.5391, 113.5391, 113.5312, 113.5312,
        113.5312, 113.5312, 113.5234, 113.5234, 113.5234, 113.5234, 113.5234,
        113.5234, 113.5156, 113.5156, 113.5156, 113.5156, 113.5078, 113.5078,
        113.5078, 113.5078, 113.5000, 113.5000, 113.4844, 113.4844, 113.4844,
        113.4766, 113.4766, 113.4766, 113.4688, 113.4688, 113.4609, 113.4609,
        113.4609, 113.4609, 113.4453, 113.4453, 113.4453, 113.4453, 113.4453,
        113.4453, 113.4453, 113.4453, 113.4453, 113.4375, 113.4375, 113.4297,
        113.4297, 113.4297, 113.4219, 113.4219, 113.4219, 113.4219, 113.4141,
        113.4141, 113.4141, 113.4141, 113.4062, 113.4062, 113.3984, 113.3984,
        113.3984, 113.3906, 113.3906, 113.3906, 113.3906, 113.3906, 113.3906,
        113.3828, 113.3828, 113.3828, 113.3750, 113.3672, 113.3672, 113.3672,
        113.3594, 113.3516, 113.3516, 113.3438, 113.3438, 113.3438, 113.3438,
        113.3438, 113.3438, 113.3359, 113.3281, 113.3281, 113.3203, 113.3203,
        113.3203, 113.3125, 113.3125, 113.3125, 113.3125, 113.3047, 113.3047,
        113.2969, 113.2969, 113.2969, 113.2969, 113.2969, 113.2969, 113.2891,
        113.2891, 113.2812, 113.2812, 113.2734, 113.2734, 113.2734, 113.2734,
        113.2734, 113.2734, 113.2734, 113.2734, 113.2656, 113.2656, 113.2578,
        113.2500, 113.2500, 113.2500, 113.2500, 113.2500, 113.2422, 113.2422,
        113.2344, 113.2344, 113.2344, 113.2344, 113.2344, 113.2344, 113.2266,
        113.2266, 113.2188, 113.2188, 113.2109, 113.2109, 113.2109, 113.2109,
        113.2031, 113.2031, 113.1953, 113.1875, 113.1875, 113.1797, 113.1797,
        113.1719, 113.1719, 113.1719, 113.1641, 113.1641, 113.1641, 113.1641,
        113.1562, 113.1484, 113.1484, 113.1484, 113.1484, 113.1406, 113.1406,
        113.1406, 113.1406, 113.1328, 113.1328, 113.1250, 113.1250, 113.1172,
        113.1172, 113.1016, 113.1016, 113.1016, 113.1016, 113.1016, 113.1016,
        113.0938, 113.0859, 113.0859, 113.0859, 113.0859, 113.0781, 113.0703,
        113.0625, 113.0469, 113.0312, 113.0234, 113.0234, 113.0234, 113.0156,
        113.0000, 112.9922, 112.9922, 112.9844, 112.9688, 112.9297, 112.8906])
