[2024-09-19 21:58:46,648][root][INFO] - self.cfg: 
 lr: 0.0001
c_in: 6
zfar: 'Infinity'
debug: null
n_view: 1
run_id: 3wy8qqex
use_BN: true
exp_name: 2024-01-11-20-02-45
n_epochs: 62
save_dir: /home/bowenw/debug/2024-01-11-20-02-45/
use_mask: false
loss_type: pairwise_valid
optimizer: adam
batch_size: 64
crop_ratio: 1.1
enable_amp: true
use_normal: false
max_num_key: null
warmup_step: -1
input_resize:
- 160
- 160
max_step_val: 1000
vis_interval: 1000
weight_decay: 0
normalize_xyz: true
resume_run_id: null
clip_grad_norm: 'Infinity'
lr_epoch_decay: 500
render_backend: nvdiffrast
train_num_pair: 5
lr_decay_epochs:
- 50
n_epochs_warmup: 1
make_pair_online: false
gradient_max_norm: 'Infinity'
max_step_per_epoch: 10000
n_rendering_workers: 1
save_epoch_interval: 100
n_dataloader_workers: 100
split_objects_across_gpus: true
ckpt_dir: FoundationPose/learning/training/../../weights/2024-01-11-20-02-45/model_best.pth

[2024-09-19 21:58:46,648][root][INFO] - self.h5_file:None
[2024-09-19 21:58:46,838][root][INFO] - Using pretrained model from FoundationPose/learning/training/../../weights/2024-01-11-20-02-45/model_best.pth
[2024-09-19 21:58:46,894][root][INFO] - init done
[2024-09-19 21:58:46,894][root][INFO] - welcome
[2024-09-19 21:58:46,897][root][INFO] - self.cfg: 
 lr: 0.0001
c_in: 6
zfar: .inf
debug: null
w_rot: 0.1
n_view: 1
run_id: null
use_BN: true
rot_rep: axis_angle
ckpt_dir: FoundationPose/learning/training/../../weights/2023-10-28-18-33-37/model_best.pth
exp_name: 2023-10-28-18-33-37
save_dir: /tmp/2023-10-28-18-33-37/
loss_type: l2
optimizer: adam
trans_rep: tracknet
batch_size: 64
crop_ratio: 1.2
use_normal: false
BN_momentum: 0.1
max_num_key: null
warmup_step: -1
input_resize:
- 160
- 160
max_step_val: 1000
normal_uint8: false
vis_interval: 1000
weight_decay: 0
n_max_objects: null
normalize_xyz: true
clip_grad_norm: 'Infinity'
rot_normalizer: 0.3490658503988659
trans_normalizer:
- 0.019999999552965164
- 0.019999999552965164
- 0.05000000074505806
max_step_per_epoch: 25000
val_epoch_interval: 10
n_dataloader_workers: 60
enable_amp: true
use_mask: false

[2024-09-19 21:58:46,897][root][INFO] - self.h5_file:
[2024-09-19 21:58:46,944][root][INFO] - Using pretrained model from FoundationPose/learning/training/../../weights/2023-10-28-18-33-37/model_best.pth
[2024-09-19 21:58:46,966][root][INFO] - init done
[2024-09-19 21:58:49,175][root][INFO] - self.diameter:0.13731688484618407, vox_size:0.006865844242309203
[2024-09-19 21:58:49,190][root][INFO] - self.pts:torch.Size([813, 3])
[2024-09-19 21:58:50,152][root][INFO] - reset done
[2024-09-19 21:58:50,153][root][INFO] - cam_in_obs:(42, 4, 4)
[2024-09-19 21:58:50,159][root][INFO] - rot_grid:(252, 4, 4)
[2024-09-19 21:58:50,160][root][INFO] - after cluster, rot_grid:(252, 4, 4)
[2024-09-19 21:58:50,160][root][INFO] - self.rot_grid: torch.Size([252, 4, 4])
[2024-09-19 21:59:12,676][root][INFO] - Welcome
[2024-09-19 21:59:12,694][root][INFO] - poses:(252, 4, 4)
[2024-09-19 21:59:12,704][root][INFO] - after viewpoint, add_errs min:-1.0
[2024-09-19 21:59:12,734][root][INFO] - ob_in_cams:(252, 4, 4)
[2024-09-19 21:59:12,735][root][INFO] - self.cfg.use_normal:False
[2024-09-19 21:59:12,735][root][INFO] - trans_normalizer:[0.019999999552965164, 0.019999999552965164, 0.05000000074505806], rot_normalizer:0.3490658503988659
[2024-09-19 21:59:12,780][root][INFO] - making cropped data
[2024-09-19 21:59:12,780][root][INFO] - Welcome make_crop_data_batch
[2024-09-19 21:59:12,785][root][INFO] - make tf_to_crops done
[2024-09-19 21:59:12,814][root][INFO] - render done
[2024-09-19 21:59:12,820][root][INFO] - warp done
[2024-09-19 21:59:12,825][root][INFO] - pose batch data done
[2024-09-19 21:59:12,825][root][INFO] - forward start
[2024-09-19 21:59:12,943][root][INFO] - forward done
[2024-09-19 21:59:12,954][root][INFO] - making cropped data
[2024-09-19 21:59:12,954][root][INFO] - Welcome make_crop_data_batch
[2024-09-19 21:59:12,954][root][INFO] - make tf_to_crops done
[2024-09-19 21:59:12,974][root][INFO] - render done
[2024-09-19 21:59:12,978][root][INFO] - warp done
[2024-09-19 21:59:12,980][root][INFO] - pose batch data done
[2024-09-19 21:59:12,980][root][INFO] - forward start
[2024-09-19 21:59:12,982][root][INFO] - forward done
[2024-09-19 21:59:12,982][root][INFO] - making cropped data
[2024-09-19 21:59:12,982][root][INFO] - Welcome make_crop_data_batch
[2024-09-19 21:59:13,083][root][INFO] - make tf_to_crops done
[2024-09-19 21:59:13,102][root][INFO] - render done
[2024-09-19 21:59:13,106][root][INFO] - warp done
[2024-09-19 21:59:13,109][root][INFO] - pose batch data done
[2024-09-19 21:59:13,109][root][INFO] - forward start
[2024-09-19 21:59:13,110][root][INFO] - forward done
[2024-09-19 21:59:13,110][root][INFO] - making cropped data
[2024-09-19 21:59:13,111][root][INFO] - Welcome make_crop_data_batch
[2024-09-19 21:59:13,210][root][INFO] - make tf_to_crops done
[2024-09-19 21:59:13,230][root][INFO] - render done
[2024-09-19 21:59:13,234][root][INFO] - warp done
[2024-09-19 21:59:13,237][root][INFO] - pose batch data done
[2024-09-19 21:59:13,237][root][INFO] - forward start
[2024-09-19 21:59:13,239][root][INFO] - forward done
[2024-09-19 21:59:13,239][root][INFO] - making cropped data
[2024-09-19 21:59:13,239][root][INFO] - Welcome make_crop_data_batch
[2024-09-19 21:59:13,339][root][INFO] - make tf_to_crops done
[2024-09-19 21:59:13,358][root][INFO] - render done
[2024-09-19 21:59:13,361][root][INFO] - warp done
[2024-09-19 21:59:13,364][root][INFO] - pose batch data done
[2024-09-19 21:59:13,364][root][INFO] - forward start
[2024-09-19 21:59:13,365][root][INFO] - forward done
[2024-09-19 21:59:13,480][root][INFO] - ob_in_cams:(252, 4, 4)
[2024-09-19 21:59:13,480][root][INFO] - self.cfg.use_normal:False
[2024-09-19 21:59:13,480][root][INFO] - making cropped data
[2024-09-19 21:59:13,488][root][INFO] - Welcome make_crop_data_batch
[2024-09-19 21:59:13,489][root][INFO] - make tf_to_crops done
[2024-09-19 21:59:13,508][root][INFO] - render done
[2024-09-19 21:59:13,637][root][INFO] - pose batch data done
[2024-09-19 21:59:13,637][root][INFO] - pose_data.rgbAs.shape[0]: 252
[2024-09-19 21:59:13,734][root][INFO] - forward done
[2024-09-19 21:59:13,751][root][INFO] - final, add_errs min:-1.0
[2024-09-19 21:59:13,761][root][INFO] - sort ids:tensor([  6,  42,  47,  72,  77, 126, 131, 132, 137, 144, 162,  11, 107,   5,
        227, 203, 244, 103, 141, 187, 226, 169, 130, 100,  51,  55, 218, 202,
         33, 104,  32,  62,  98, 166, 188, 195,  44,  54,  61,  99, 243, 110,
        168, 193, 221, 145,  52, 247,   4,  85,   7,  48, 163, 133, 199,  76,
         68,  49,  57,  27, 139, 217, 220,  43,  66, 151, 236, 111, 154, 164,
        113, 233,  45, 198, 245,  70, 140,  53, 209, 165, 159, 161, 178, 208,
        246,  22,  83, 177, 183,  20, 119, 124,   3,  60, 170, 214, 235,  92,
        138, 146, 234, 160, 176, 184, 152, 180, 230,  38, 108, 117, 206, 112,
        116, 219, 250,  13,  14,  17,  18,  64, 105, 120, 122, 150, 153, 205,
        207, 213,  26,  41,  74,  86, 101, 118, 121, 129, 143, 186, 240,   8,
         12,  15,  16,  23,  39,  46,  80,  84, 123, 158, 174, 192,  19,  29,
         34,  71,  79,  87,  90,  95, 179, 182, 185, 204, 211, 216, 238, 251,
         40,  69,  78, 136, 175, 181, 196, 212, 215, 225, 231,   2,  10,  25,
         58,  59,  65, 102, 149, 156, 210, 232, 248, 249,  36,  37,  50,  82,
         88,  89,  94, 106, 109, 125, 142, 157, 189, 200, 228, 237, 239,  21,
         28,  81,  91, 114, 134, 155, 194, 224,  24,  31,  93, 128, 147, 148,
        171, 191, 201,   9,  63,  73,  75, 167, 172, 173, 190, 197, 223, 241,
          1,  30,  56,  67,  96,  97, 222,   0,  35, 115, 229, 135, 127, 242])
[2024-09-19 21:59:13,764][root][INFO] - sorted scores:tensor([92.7344, 92.7344, 92.7344, 92.7344, 92.7344, 92.7344, 92.7344, 92.7344,
        92.7344, 92.7344, 92.7305, 92.7070, 92.6992, 92.4844, 92.2188, 92.1758,
        91.9688, 91.9609, 91.9609, 91.9453, 91.9453, 91.9375, 91.8906, 91.8516,
        91.8359, 91.8281, 91.7656, 91.7500, 91.7422, 91.7344, 91.7266, 91.7188,
        91.7188, 91.7188, 91.7188, 91.7031, 91.6953, 91.6953, 91.6875, 91.6875,
        91.6875, 91.6797, 91.6719, 91.6641, 91.6562, 91.6406, 91.6172, 91.6016,
        91.5938, 91.5938, 91.5859, 91.5859, 91.5859, 91.5781, 91.5781, 91.5703,
        91.5625, 91.5547, 91.5547, 91.5469, 91.5469, 91.5469, 91.5469, 91.5391,
        91.5391, 91.5391, 91.5312, 91.5234, 91.5234, 91.5234, 91.5156, 91.5156,
        91.4922, 91.4922, 91.4922, 91.4844, 91.4844, 91.4766, 91.4766, 91.4688,
        91.4531, 91.4531, 91.4531, 91.4531, 91.4531, 91.4453, 91.4453, 91.4453,
        91.4453, 91.4375, 91.4297, 91.4297, 91.4219, 91.4219, 91.4219, 91.4219,
        91.4219, 91.4141, 91.4141, 91.4141, 91.4141, 91.4062, 91.4062, 91.4062,
        91.3984, 91.3984, 91.3984, 91.3906, 91.3906, 91.3906, 91.3906, 91.3828,
        91.3828, 91.3828, 91.3828, 91.3750, 91.3750, 91.3750, 91.3750, 91.3750,
        91.3750, 91.3750, 91.3750, 91.3750, 91.3750, 91.3750, 91.3750, 91.3750,
        91.3672, 91.3672, 91.3672, 91.3672, 91.3672, 91.3672, 91.3672, 91.3672,
        91.3672, 91.3672, 91.3672, 91.3594, 91.3594, 91.3594, 91.3594, 91.3594,
        91.3594, 91.3594, 91.3594, 91.3594, 91.3594, 91.3594, 91.3594, 91.3594,
        91.3516, 91.3516, 91.3516, 91.3516, 91.3516, 91.3516, 91.3516, 91.3516,
        91.3516, 91.3516, 91.3516, 91.3516, 91.3516, 91.3516, 91.3516, 91.3516,
        91.3438, 91.3438, 91.3438, 91.3438, 91.3438, 91.3438, 91.3438, 91.3438,
        91.3438, 91.3438, 91.3438, 91.3359, 91.3359, 91.3359, 91.3359, 91.3359,
        91.3359, 91.3359, 91.3359, 91.3359, 91.3359, 91.3359, 91.3359, 91.3359,
        91.3281, 91.3281, 91.3281, 91.3281, 91.3281, 91.3281, 91.3281, 91.3281,
        91.3281, 91.3281, 91.3281, 91.3281, 91.3281, 91.3281, 91.3281, 91.3281,
        91.3281, 91.3203, 91.3203, 91.3203, 91.3203, 91.3203, 91.3203, 91.3203,
        91.3203, 91.3203, 91.3125, 91.3125, 91.3125, 91.3125, 91.3125, 91.3125,
        91.3125, 91.3125, 91.3125, 91.3047, 91.3047, 91.3047, 91.3047, 91.3047,
        91.3047, 91.3047, 91.3047, 91.3047, 91.3047, 91.3047, 91.2969, 91.2969,
        91.2969, 91.2969, 91.2969, 91.2969, 91.2969, 91.2891, 91.2891, 91.2891,
        91.2891, 91.2812, 91.2734, 91.2734])
[2024-09-19 21:59:21,567][websockets.server][INFO] - server listening on 0.0.0.0:8080
[2024-09-19 21:59:21,822][websockets.server][INFO] - connection open
[2024-09-19 21:59:37,099][root][INFO] - Succeeded to open port: /dev/ttyUSB0
[2024-09-19 21:59:37,100][root][INFO] - Succeeded to set baudrate to 3000000
