[2024-10-11 13:56:16,147][websockets.server][INFO] - server listening on 0.0.0.0:8080
[2024-10-11 13:56:16,357][root][INFO] - self.cfg: 
 lr: 0.0001
c_in: 6
zfar: 'Infinity'
debug: null
n_view: 1
run_id: 3wy8qqex
use_BN: true
exp_name: 2024-01-11-20-02-45
n_epochs: 62
save_dir: /home/bowenw/debug/2024-01-11-20-02-45/
use_mask: false
loss_type: pairwise_valid
optimizer: adam
batch_size: 64
crop_ratio: 1.1
enable_amp: true
use_normal: false
max_num_key: null
warmup_step: -1
input_resize:
- 160
- 160
max_step_val: 1000
vis_interval: 1000
weight_decay: 0
normalize_xyz: true
resume_run_id: null
clip_grad_norm: 'Infinity'
lr_epoch_decay: 500
render_backend: nvdiffrast
train_num_pair: 5
lr_decay_epochs:
- 50
n_epochs_warmup: 1
make_pair_online: false
gradient_max_norm: 'Infinity'
max_step_per_epoch: 10000
n_rendering_workers: 1
save_epoch_interval: 100
n_dataloader_workers: 100
split_objects_across_gpus: true
ckpt_dir: FoundationPose/learning/training/../../weights/2024-01-11-20-02-45/model_best.pth

[2024-10-11 13:56:16,357][root][INFO] - self.h5_file:None
[2024-10-11 13:56:16,668][websockets.server][INFO] - connection open
[2024-10-11 13:56:16,777][root][INFO] - Using pretrained model from FoundationPose/learning/training/../../weights/2024-01-11-20-02-45/model_best.pth
[2024-10-11 13:56:16,835][root][INFO] - init done
[2024-10-11 13:56:16,835][root][INFO] - welcome
[2024-10-11 13:56:16,839][root][INFO] - self.cfg: 
 lr: 0.0001
c_in: 6
zfar: .inf
debug: null
w_rot: 0.1
n_view: 1
run_id: null
use_BN: true
rot_rep: axis_angle
ckpt_dir: FoundationPose/learning/training/../../weights/2023-10-28-18-33-37/model_best.pth
exp_name: 2023-10-28-18-33-37
save_dir: /tmp/2023-10-28-18-33-37/
loss_type: l2
optimizer: adam
trans_rep: tracknet
batch_size: 64
crop_ratio: 1.2
use_normal: false
BN_momentum: 0.1
max_num_key: null
warmup_step: -1
input_resize:
- 160
- 160
max_step_val: 1000
normal_uint8: false
vis_interval: 1000
weight_decay: 0
n_max_objects: null
normalize_xyz: true
clip_grad_norm: 'Infinity'
rot_normalizer: 0.3490658503988659
trans_normalizer:
- 0.019999999552965164
- 0.019999999552965164
- 0.05000000074505806
max_step_per_epoch: 25000
val_epoch_interval: 10
n_dataloader_workers: 60
enable_amp: true
use_mask: false

[2024-10-11 13:56:16,839][root][INFO] - self.h5_file:
[2024-10-11 13:56:16,886][root][INFO] - Using pretrained model from FoundationPose/learning/training/../../weights/2023-10-28-18-33-37/model_best.pth
[2024-10-11 13:56:16,909][root][INFO] - init done
[2024-10-11 13:56:19,134][root][INFO] - self.diameter:0.137712368854882, vox_size:0.0068856184427441
[2024-10-11 13:56:19,135][root][INFO] - self.pts:torch.Size([807, 3])
[2024-10-11 13:56:20,099][root][INFO] - reset done
[2024-10-11 13:56:20,099][root][INFO] - cam_in_obs:(42, 4, 4)
[2024-10-11 13:56:20,108][root][INFO] - rot_grid:(252, 4, 4)
[2024-10-11 13:56:20,109][root][INFO] - after cluster, rot_grid:(252, 4, 4)
[2024-10-11 13:56:20,109][root][INFO] - self.rot_grid: torch.Size([252, 4, 4])
[2024-10-11 13:56:28,530][root][INFO] - Welcome
[2024-10-11 13:56:28,544][root][INFO] - poses:(252, 4, 4)
[2024-10-11 13:56:28,547][root][INFO] - after viewpoint, add_errs min:-1.0
[2024-10-11 13:56:28,594][root][INFO] - ob_in_cams:(252, 4, 4)
[2024-10-11 13:56:28,600][root][INFO] - self.cfg.use_normal:False
[2024-10-11 13:56:28,600][root][INFO] - trans_normalizer:[0.019999999552965164, 0.019999999552965164, 0.05000000074505806], rot_normalizer:0.3490658503988659
[2024-10-11 13:56:28,607][root][INFO] - making cropped data
[2024-10-11 13:56:28,614][root][INFO] - Welcome make_crop_data_batch
[2024-10-11 13:56:28,615][root][INFO] - make tf_to_crops done
[2024-10-11 13:56:28,670][root][INFO] - render done
[2024-10-11 13:56:28,697][root][INFO] - warp done
[2024-10-11 13:56:28,700][root][INFO] - pose batch data done
[2024-10-11 13:56:28,700][root][INFO] - forward start
[2024-10-11 13:56:28,792][root][INFO] - forward done
[2024-10-11 13:56:28,792][root][INFO] - making cropped data
[2024-10-11 13:56:28,792][root][INFO] - Welcome make_crop_data_batch
[2024-10-11 13:56:28,814][root][INFO] - make tf_to_crops done
[2024-10-11 13:56:28,834][root][INFO] - render done
[2024-10-11 13:56:28,838][root][INFO] - warp done
[2024-10-11 13:56:28,840][root][INFO] - pose batch data done
[2024-10-11 13:56:28,840][root][INFO] - forward start
[2024-10-11 13:56:28,842][root][INFO] - forward done
[2024-10-11 13:56:28,842][root][INFO] - making cropped data
[2024-10-11 13:56:28,842][root][INFO] - Welcome make_crop_data_batch
[2024-10-11 13:56:28,944][root][INFO] - make tf_to_crops done
[2024-10-11 13:56:28,964][root][INFO] - render done
[2024-10-11 13:56:28,968][root][INFO] - warp done
[2024-10-11 13:56:28,971][root][INFO] - pose batch data done
[2024-10-11 13:56:28,971][root][INFO] - forward start
[2024-10-11 13:56:28,972][root][INFO] - forward done
[2024-10-11 13:56:28,972][root][INFO] - making cropped data
[2024-10-11 13:56:28,972][root][INFO] - Welcome make_crop_data_batch
[2024-10-11 13:56:29,075][root][INFO] - make tf_to_crops done
[2024-10-11 13:56:29,096][root][INFO] - render done
[2024-10-11 13:56:29,099][root][INFO] - warp done
[2024-10-11 13:56:29,102][root][INFO] - pose batch data done
[2024-10-11 13:56:29,102][root][INFO] - forward start
[2024-10-11 13:56:29,104][root][INFO] - forward done
[2024-10-11 13:56:29,104][root][INFO] - making cropped data
[2024-10-11 13:56:29,104][root][INFO] - Welcome make_crop_data_batch
[2024-10-11 13:56:29,206][root][INFO] - make tf_to_crops done
[2024-10-11 13:56:29,227][root][INFO] - render done
[2024-10-11 13:56:29,231][root][INFO] - warp done
[2024-10-11 13:56:29,234][root][INFO] - pose batch data done
[2024-10-11 13:56:29,234][root][INFO] - forward start
[2024-10-11 13:56:29,235][root][INFO] - forward done
[2024-10-11 13:56:29,353][root][INFO] - ob_in_cams:(252, 4, 4)
[2024-10-11 13:56:29,353][root][INFO] - self.cfg.use_normal:False
[2024-10-11 13:56:29,353][root][INFO] - making cropped data
[2024-10-11 13:56:29,361][root][INFO] - Welcome make_crop_data_batch
[2024-10-11 13:56:29,361][root][INFO] - make tf_to_crops done
[2024-10-11 13:56:29,378][root][INFO] - render done
[2024-10-11 13:56:29,512][root][INFO] - pose batch data done
[2024-10-11 13:56:29,512][root][INFO] - pose_data.rgbAs.shape[0]: 252
[2024-10-11 13:56:29,514][root][INFO] - forward done
[2024-10-11 13:56:29,622][root][INFO] - final, add_errs min:-1.0
[2024-10-11 13:56:29,624][root][INFO] - sort ids:tensor([ 68,  31, 242, 224, 109, 186,   2, 102,  74,  10, 200, 225, 136,  98,
        219,  76, 129, 167,  75, 201,   3,  45,  46,  59, 148, 149, 185,  11,
         36, 142,  28, 237, 161, 191, 211,  13, 118, 141, 214, 229,  42, 107,
        190, 117,  61,  73, 116, 212,  14, 156, 166,  86,  97, 120, 173, 223,
        236,  15,  17,  19,  58,  88, 146, 175, 184, 206, 217, 241,  27,  53,
         89, 126, 133, 165, 205, 231,  39,  41,  52,  67,  82, 104, 122,   6,
         37,  43,  62,  81, 131, 172, 178, 196, 210, 232,   1,   9,  30,  34,
         95, 114, 128, 155, 198, 204, 218, 248,   8,  49,  50,  80,  84, 106,
        127, 134, 135, 160, 181, 199, 222, 245, 247,   0,   5,  26, 145, 154,
        163, 171, 221, 230,  16,  22,  23,  56,  69,  72,  78,  83,  85,  94,
        115, 138, 140, 170, 189, 235,  18,  38, 108, 112, 113, 194, 203, 234,
         65,  79,  87,  96, 121, 125, 137, 147, 162, 182, 188, 228,  48,  90,
         93, 124, 176, 179, 208,   7,  20,  92, 100, 105, 132, 151, 207, 239,
        246, 251,  40,  54,  55,  64, 101, 119, 130, 168, 213, 227,  25,  35,
         71,  77,  91, 103, 139, 150, 174, 187,  12,  21,  60,  66, 157, 164,
        180, 192, 215, 216, 249,  33, 152, 244,  24,  44, 123, 238,  51, 153,
        159, 193,  57,  99, 158, 177, 197, 209, 226, 233, 243,  47, 183, 220,
          4,  32, 110, 111, 169, 202, 240,  29, 144, 195, 143, 250,  63,  70])
[2024-10-11 13:56:29,626][root][INFO] - sorted scores:tensor([129.3594, 129.2969, 129.2656, 129.1875, 129.1719, 129.1562, 129.1250,
        129.0469, 129.0156, 129.0000, 129.0000, 128.9531, 128.9375, 128.9219,
        128.9219, 128.9062, 128.9062, 128.9062, 128.8906, 128.8906, 128.8750,
        128.8750, 128.8594, 128.8594, 128.8594, 128.8281, 128.8125, 128.7812,
        128.7656, 128.7656, 128.7500, 128.7500, 128.7344, 128.7344, 128.7344,
        128.7188, 128.7188, 128.7188, 128.7188, 128.7188, 128.7031, 128.7031,
        128.7031, 128.6875, 128.6562, 128.6562, 128.6562, 128.6562, 128.6406,
        128.6406, 128.6406, 128.6250, 128.6250, 128.6250, 128.6250, 128.6250,
        128.6250, 128.6094, 128.6094, 128.6094, 128.6094, 128.6094, 128.6094,
        128.6094, 128.6094, 128.6094, 128.6094, 128.6094, 128.5938, 128.5938,
        128.5938, 128.5938, 128.5938, 128.5938, 128.5938, 128.5938, 128.5781,
        128.5781, 128.5781, 128.5781, 128.5781, 128.5781, 128.5781, 128.5625,
        128.5625, 128.5625, 128.5625, 128.5625, 128.5625, 128.5625, 128.5625,
        128.5625, 128.5625, 128.5625, 128.5469, 128.5469, 128.5469, 128.5469,
        128.5469, 128.5469, 128.5469, 128.5469, 128.5469, 128.5469, 128.5469,
        128.5469, 128.5312, 128.5312, 128.5312, 128.5312, 128.5312, 128.5312,
        128.5312, 128.5312, 128.5312, 128.5312, 128.5312, 128.5312, 128.5312,
        128.5312, 128.5312, 128.5156, 128.5156, 128.5156, 128.5156, 128.5156,
        128.5156, 128.5156, 128.5156, 128.5156, 128.5000, 128.5000, 128.5000,
        128.5000, 128.5000, 128.5000, 128.5000, 128.5000, 128.5000, 128.5000,
        128.5000, 128.5000, 128.5000, 128.5000, 128.5000, 128.5000, 128.4844,
        128.4844, 128.4844, 128.4844, 128.4844, 128.4844, 128.4844, 128.4844,
        128.4688, 128.4688, 128.4688, 128.4688, 128.4688, 128.4688, 128.4688,
        128.4688, 128.4688, 128.4688, 128.4688, 128.4688, 128.4531, 128.4531,
        128.4531, 128.4531, 128.4531, 128.4531, 128.4531, 128.4375, 128.4375,
        128.4375, 128.4375, 128.4375, 128.4375, 128.4375, 128.4375, 128.4375,
        128.4375, 128.4375, 128.4219, 128.4219, 128.4219, 128.4219, 128.4219,
        128.4219, 128.4219, 128.4219, 128.4219, 128.4219, 128.4062, 128.4062,
        128.4062, 128.4062, 128.4062, 128.4062, 128.4062, 128.4062, 128.4062,
        128.4062, 128.3906, 128.3906, 128.3906, 128.3906, 128.3906, 128.3906,
        128.3906, 128.3906, 128.3906, 128.3906, 128.3906, 128.3750, 128.3750,
        128.3750, 128.3594, 128.3594, 128.3594, 128.3594, 128.3438, 128.3438,
        128.3438, 128.3438, 128.3281, 128.3281, 128.3281, 128.3281, 128.3281,
        128.3281, 128.3281, 128.3281, 128.3281, 128.3125, 128.3125, 128.3125,
        128.2969, 128.2969, 128.2969, 128.2969, 128.2969, 128.2969, 128.2969,
        128.2812, 128.2656, 128.2500, 128.2344, 128.2344, 128.2188, 128.2188])
