[2024-09-20 12:51:56,819][root][INFO] - self.cfg: 
 lr: 0.0001
c_in: 6
zfar: 'Infinity'
debug: null
n_view: 1
run_id: 3wy8qqex
use_BN: true
exp_name: 2024-01-11-20-02-45
n_epochs: 62
save_dir: /home/bowenw/debug/2024-01-11-20-02-45/
use_mask: false
loss_type: pairwise_valid
optimizer: adam
batch_size: 64
crop_ratio: 1.1
enable_amp: true
use_normal: false
max_num_key: null
warmup_step: -1
input_resize:
- 160
- 160
max_step_val: 1000
vis_interval: 1000
weight_decay: 0
normalize_xyz: true
resume_run_id: null
clip_grad_norm: 'Infinity'
lr_epoch_decay: 500
render_backend: nvdiffrast
train_num_pair: 5
lr_decay_epochs:
- 50
n_epochs_warmup: 1
make_pair_online: false
gradient_max_norm: 'Infinity'
max_step_per_epoch: 10000
n_rendering_workers: 1
save_epoch_interval: 100
n_dataloader_workers: 100
split_objects_across_gpus: true
ckpt_dir: FoundationPose/learning/training/../../weights/2024-01-11-20-02-45/model_best.pth

[2024-09-20 12:51:56,819][root][INFO] - self.h5_file:None
[2024-09-20 12:51:56,987][root][INFO] - Using pretrained model from FoundationPose/learning/training/../../weights/2024-01-11-20-02-45/model_best.pth
[2024-09-20 12:51:57,052][root][INFO] - init done
[2024-09-20 12:51:57,052][root][INFO] - welcome
[2024-09-20 12:51:57,055][root][INFO] - self.cfg: 
 lr: 0.0001
c_in: 6
zfar: .inf
debug: null
w_rot: 0.1
n_view: 1
run_id: null
use_BN: true
rot_rep: axis_angle
ckpt_dir: FoundationPose/learning/training/../../weights/2023-10-28-18-33-37/model_best.pth
exp_name: 2023-10-28-18-33-37
save_dir: /tmp/2023-10-28-18-33-37/
loss_type: l2
optimizer: adam
trans_rep: tracknet
batch_size: 64
crop_ratio: 1.2
use_normal: false
BN_momentum: 0.1
max_num_key: null
warmup_step: -1
input_resize:
- 160
- 160
max_step_val: 1000
normal_uint8: false
vis_interval: 1000
weight_decay: 0
n_max_objects: null
normalize_xyz: true
clip_grad_norm: 'Infinity'
rot_normalizer: 0.3490658503988659
trans_normalizer:
- 0.019999999552965164
- 0.019999999552965164
- 0.05000000074505806
max_step_per_epoch: 25000
val_epoch_interval: 10
n_dataloader_workers: 60
enable_amp: true
use_mask: false

[2024-09-20 12:51:57,055][root][INFO] - self.h5_file:
[2024-09-20 12:51:57,106][root][INFO] - Using pretrained model from FoundationPose/learning/training/../../weights/2023-10-28-18-33-37/model_best.pth
[2024-09-20 12:51:57,128][root][INFO] - init done
[2024-09-20 12:51:58,192][root][INFO] - self.diameter:0.09129442543218583, vox_size:0.004564721271609291
[2024-09-20 12:51:58,206][root][INFO] - self.pts:torch.Size([825, 3])
[2024-09-20 12:51:58,960][root][INFO] - reset done
[2024-09-20 12:51:58,961][root][INFO] - cam_in_obs:(42, 4, 4)
[2024-09-20 12:51:58,962][root][INFO] - rot_grid:(252, 4, 4)
[2024-09-20 12:51:58,963][root][INFO] - after cluster, rot_grid:(252, 4, 4)
[2024-09-20 12:51:58,963][root][INFO] - self.rot_grid: torch.Size([252, 4, 4])
[2024-09-20 12:52:08,637][root][INFO] - Welcome
[2024-09-20 12:52:08,651][root][INFO] - poses:(252, 4, 4)
[2024-09-20 12:52:08,660][root][INFO] - after viewpoint, add_errs min:-1.0
[2024-09-20 12:52:08,690][root][INFO] - ob_in_cams:(252, 4, 4)
[2024-09-20 12:52:08,690][root][INFO] - self.cfg.use_normal:False
[2024-09-20 12:52:08,690][root][INFO] - trans_normalizer:[0.019999999552965164, 0.019999999552965164, 0.05000000074505806], rot_normalizer:0.3490658503988659
[2024-09-20 12:52:08,734][root][INFO] - making cropped data
[2024-09-20 12:52:08,735][root][INFO] - Welcome make_crop_data_batch
[2024-09-20 12:52:08,738][root][INFO] - make tf_to_crops done
[2024-09-20 12:52:08,762][root][INFO] - render done
[2024-09-20 12:52:08,768][root][INFO] - warp done
[2024-09-20 12:52:08,773][root][INFO] - pose batch data done
[2024-09-20 12:52:08,773][root][INFO] - forward start
[2024-09-20 12:52:08,891][root][INFO] - forward done
[2024-09-20 12:52:08,901][root][INFO] - making cropped data
[2024-09-20 12:52:08,901][root][INFO] - Welcome make_crop_data_batch
[2024-09-20 12:52:08,902][root][INFO] - make tf_to_crops done
[2024-09-20 12:52:08,917][root][INFO] - render done
[2024-09-20 12:52:08,921][root][INFO] - warp done
[2024-09-20 12:52:08,924][root][INFO] - pose batch data done
[2024-09-20 12:52:08,924][root][INFO] - forward start
[2024-09-20 12:52:08,925][root][INFO] - forward done
[2024-09-20 12:52:08,926][root][INFO] - making cropped data
[2024-09-20 12:52:08,926][root][INFO] - Welcome make_crop_data_batch
[2024-09-20 12:52:09,027][root][INFO] - make tf_to_crops done
[2024-09-20 12:52:09,041][root][INFO] - render done
[2024-09-20 12:52:09,045][root][INFO] - warp done
[2024-09-20 12:52:09,047][root][INFO] - pose batch data done
[2024-09-20 12:52:09,047][root][INFO] - forward start
[2024-09-20 12:52:09,049][root][INFO] - forward done
[2024-09-20 12:52:09,049][root][INFO] - making cropped data
[2024-09-20 12:52:09,049][root][INFO] - Welcome make_crop_data_batch
[2024-09-20 12:52:09,147][root][INFO] - make tf_to_crops done
[2024-09-20 12:52:09,162][root][INFO] - render done
[2024-09-20 12:52:09,165][root][INFO] - warp done
[2024-09-20 12:52:09,168][root][INFO] - pose batch data done
[2024-09-20 12:52:09,168][root][INFO] - forward start
[2024-09-20 12:52:09,169][root][INFO] - forward done
[2024-09-20 12:52:09,170][root][INFO] - making cropped data
[2024-09-20 12:52:09,170][root][INFO] - Welcome make_crop_data_batch
[2024-09-20 12:52:09,268][root][INFO] - make tf_to_crops done
[2024-09-20 12:52:09,281][root][INFO] - render done
[2024-09-20 12:52:09,285][root][INFO] - warp done
[2024-09-20 12:52:09,288][root][INFO] - pose batch data done
[2024-09-20 12:52:09,288][root][INFO] - forward start
[2024-09-20 12:52:09,289][root][INFO] - forward done
[2024-09-20 12:52:09,403][root][INFO] - ob_in_cams:(252, 4, 4)
[2024-09-20 12:52:09,403][root][INFO] - self.cfg.use_normal:False
[2024-09-20 12:52:09,403][root][INFO] - making cropped data
[2024-09-20 12:52:09,415][root][INFO] - Welcome make_crop_data_batch
[2024-09-20 12:52:09,416][root][INFO] - make tf_to_crops done
[2024-09-20 12:52:09,428][root][INFO] - render done
[2024-09-20 12:52:09,555][root][INFO] - pose batch data done
[2024-09-20 12:52:09,555][root][INFO] - pose_data.rgbAs.shape[0]: 252
[2024-09-20 12:52:09,651][root][INFO] - forward done
[2024-09-20 12:52:09,668][root][INFO] - final, add_errs min:-1.0
[2024-09-20 12:52:09,678][root][INFO] - sort ids:tensor([166, 135,  45, 129, 141, 218, 211,  52,  44, 160, 165,  34, 212,  51,
         66, 113, 172,  25,  59,  26,  35,  53,  60, 234,  40,  46,  58, 112,
        235,  47, 102, 184, 171, 220, 240,   7, 173, 213,  41, 101, 219,   8,
         30,  73,  75, 105, 148, 222,   5,  56,  74,  76,  85,  99, 108, 124,
        143, 198, 241,   3,   9,  38,  77,  96, 104, 142, 152, 191, 204,   4,
         63, 100, 131, 175, 203,  11,  43,  50, 133, 217,  28,  29, 134, 149,
        196, 228,  37, 153, 168, 174, 186, 139, 144, 150, 193, 200, 227,  49,
        109, 159, 192, 246, 248,  48, 140, 176, 194, 224,  32, 157, 162, 180,
        130,  31, 147, 195, 199, 247,  54, 197, 110, 214,  10,  33, 163, 177,
        216, 223, 187,  39,  61,  84, 126,  42,  57,  62,  90,  55, 132,   0,
        185, 181, 209,  20, 123, 138,  24,  65,  70,  71, 117, 190, 226, 244,
          6, 128, 156, 158, 231, 233, 239,   2,  68, 111, 243, 251,  64, 208,
        225, 250,  17,   1,  72, 183, 249,  69, 207, 106, 238, 189, 201, 210,
        107,  67, 202,  13,  14,  80,  79,  86, 155, 215, 115,  18, 114,  78,
        120, 154,  94,  95,  23, 179,  22, 125,  82,  83,  15,  81,  21,  93,
         19,  87, 237, 119, 118, 188, 136, 127, 137,  12, 151, 245, 103, 164,
         97,  16,  98, 122, 221, 232, 182, 169,  89, 145, 146, 170, 242, 116,
        167,  92, 206, 178,  88, 229, 205, 230, 161,  36,  91, 236, 121,  27])
[2024-09-20 12:52:09,681][root][INFO] - sorted scores:tensor([94.0352, 94.0273, 94.0195, 94.0117, 94.0117, 94.0117, 93.9922, 93.9727,
        93.9609, 93.9570, 93.9531, 93.9492, 93.9492, 93.9414, 93.9414, 93.9375,
        93.9375, 93.9336, 93.9336, 93.9297, 93.9297, 93.9297, 93.9297, 93.9258,
        93.9219, 93.9219, 93.9219, 93.9219, 93.9180, 93.9141, 93.9141, 93.9141,
        93.9102, 93.9102, 93.9102, 93.9062, 93.9062, 93.9062, 93.9023, 93.9023,
        93.9023, 93.8984, 93.8984, 93.8984, 93.8984, 93.8984, 93.8984, 93.8984,
        93.8945, 93.8945, 93.8945, 93.8945, 93.8945, 93.8945, 93.8945, 93.8945,
        93.8945, 93.8945, 93.8945, 93.8906, 93.8906, 93.8906, 93.8906, 93.8906,
        93.8906, 93.8906, 93.8906, 93.8906, 93.8906, 93.8867, 93.8867, 93.8867,
        93.8867, 93.8867, 93.8867, 93.8828, 93.8828, 93.8828, 93.8828, 93.8828,
        93.8789, 93.8789, 93.8789, 93.8789, 93.8789, 93.8789, 93.8750, 93.8750,
        93.8750, 93.8750, 93.8750, 93.8711, 93.8711, 93.8711, 93.8711, 93.8711,
        93.8711, 93.8672, 93.8672, 93.8672, 93.8672, 93.8672, 93.8672, 93.8633,
        93.8633, 93.8633, 93.8633, 93.8633, 93.8594, 93.8594, 93.8594, 93.8594,
        93.8555, 93.8516, 93.8516, 93.8516, 93.8516, 93.8516, 93.8477, 93.8477,
        93.8438, 93.8438, 93.8398, 93.8398, 93.8398, 93.8398, 93.8398, 93.8398,
        93.8281, 93.8242, 93.8242, 93.8242, 93.8242, 93.8203, 93.8203, 93.8203,
        93.8203, 93.8164, 93.8164, 93.8125, 93.8125, 93.8086, 93.8086, 93.8047,
        93.8047, 93.8047, 93.8008, 93.8008, 93.8008, 93.8008, 93.8008, 93.8008,
        93.8008, 93.8008, 93.7930, 93.7930, 93.7930, 93.7930, 93.7930, 93.7930,
        93.7930, 93.7891, 93.7891, 93.7891, 93.7891, 93.7891, 93.7852, 93.7852,
        93.7852, 93.7852, 93.7812, 93.7773, 93.7773, 93.7773, 93.7773, 93.7695,
        93.7695, 93.7617, 93.7578, 93.7461, 93.7461, 93.7461, 93.7266, 93.7227,
        93.6719, 93.6250, 93.5898, 93.5820, 93.5742, 93.5625, 93.5469, 93.5430,
        93.5391, 93.5195, 93.5195, 93.5117, 93.5039, 93.5000, 93.4766, 93.4766,
        93.4727, 93.4727, 93.4688, 93.4688, 93.4648, 93.4609, 93.4570, 93.4453,
        93.4375, 93.4375, 93.4297, 93.4258, 93.4102, 93.4062, 93.3906, 93.3672,
        93.3555, 93.3398, 93.3281, 93.3047, 93.2969, 93.2773, 93.2656, 93.2500,
        93.2383, 93.2266, 93.2227, 93.2227, 93.2148, 93.1953, 93.1914, 93.1758,
        93.1641, 93.1367, 93.1211, 93.1211, 93.0898, 93.0273, 93.0117, 92.9062,
        92.8945, 92.8828, 92.8477, 92.7930, 92.7578, 92.7383, 92.7266, 92.7148,
        92.7070, 92.6484, 92.6328, 92.5859])
[2024-09-20 12:52:13,893][websockets.server][INFO] - server listening on 0.0.0.0:8080
[2024-09-20 12:52:15,261][websockets.server][INFO] - connection open
[2024-09-20 12:52:28,236][root][INFO] - Succeeded to open port: /dev/ttyUSB0
[2024-09-20 12:52:28,237][root][INFO] - Succeeded to set baudrate to 3000000
[2024-09-20 12:52:41,555][websockets.server][INFO] - connection open
[2024-09-20 12:52:51,227][root][ERROR] - > read: [TxRxResult] Incorrect status packet!
[2024-09-20 12:52:51,382][root][ERROR] - > read: [TxRxResult] There is no status packet!
[2024-09-20 12:52:51,417][root][ERROR] - > read: [TxRxResult] There is no status packet!
[2024-09-20 12:52:51,556][root][ERROR] - > read: [TxRxResult] There is no status packet!
[2024-09-20 12:52:51,591][root][ERROR] - > read: [TxRxResult] There is no status packet!
