[2024-09-22 15:57:00,255][root][INFO] - self.cfg: 
 lr: 0.0001
c_in: 6
zfar: 'Infinity'
debug: null
n_view: 1
run_id: 3wy8qqex
use_BN: true
exp_name: 2024-01-11-20-02-45
n_epochs: 62
save_dir: /home/bowenw/debug/2024-01-11-20-02-45/
use_mask: false
loss_type: pairwise_valid
optimizer: adam
batch_size: 64
crop_ratio: 1.1
enable_amp: true
use_normal: false
max_num_key: null
warmup_step: -1
input_resize:
- 160
- 160
max_step_val: 1000
vis_interval: 1000
weight_decay: 0
normalize_xyz: true
resume_run_id: null
clip_grad_norm: 'Infinity'
lr_epoch_decay: 500
render_backend: nvdiffrast
train_num_pair: 5
lr_decay_epochs:
- 50
n_epochs_warmup: 1
make_pair_online: false
gradient_max_norm: 'Infinity'
max_step_per_epoch: 10000
n_rendering_workers: 1
save_epoch_interval: 100
n_dataloader_workers: 100
split_objects_across_gpus: true
ckpt_dir: FoundationPose/learning/training/../../weights/2024-01-11-20-02-45/model_best.pth

[2024-09-22 15:57:00,255][root][INFO] - self.h5_file:None
[2024-09-22 15:57:00,428][root][INFO] - Using pretrained model from FoundationPose/learning/training/../../weights/2024-01-11-20-02-45/model_best.pth
[2024-09-22 15:57:00,489][root][INFO] - init done
[2024-09-22 15:57:00,490][root][INFO] - welcome
[2024-09-22 15:57:00,493][root][INFO] - self.cfg: 
 lr: 0.0001
c_in: 6
zfar: .inf
debug: null
w_rot: 0.1
n_view: 1
run_id: null
use_BN: true
rot_rep: axis_angle
ckpt_dir: FoundationPose/learning/training/../../weights/2023-10-28-18-33-37/model_best.pth
exp_name: 2023-10-28-18-33-37
save_dir: /tmp/2023-10-28-18-33-37/
loss_type: l2
optimizer: adam
trans_rep: tracknet
batch_size: 64
crop_ratio: 1.2
use_normal: false
BN_momentum: 0.1
max_num_key: null
warmup_step: -1
input_resize:
- 160
- 160
max_step_val: 1000
normal_uint8: false
vis_interval: 1000
weight_decay: 0
n_max_objects: null
normalize_xyz: true
clip_grad_norm: 'Infinity'
rot_normalizer: 0.3490658503988659
trans_normalizer:
- 0.019999999552965164
- 0.019999999552965164
- 0.05000000074505806
max_step_per_epoch: 25000
val_epoch_interval: 10
n_dataloader_workers: 60
enable_amp: true
use_mask: false

[2024-09-22 15:57:00,493][root][INFO] - self.h5_file:
[2024-09-22 15:57:00,538][root][INFO] - Using pretrained model from FoundationPose/learning/training/../../weights/2023-10-28-18-33-37/model_best.pth
[2024-09-22 15:57:00,563][root][INFO] - init done
[2024-09-22 15:57:02,788][root][INFO] - self.diameter:0.1689814690475985, vox_size:0.008449073452379925
[2024-09-22 15:57:02,803][root][INFO] - self.pts:torch.Size([674, 3])
[2024-09-22 15:57:03,785][root][INFO] - reset done
[2024-09-22 15:57:03,786][root][INFO] - cam_in_obs:(42, 4, 4)
[2024-09-22 15:57:03,790][root][INFO] - rot_grid:(252, 4, 4)
[2024-09-22 15:57:03,791][root][INFO] - after cluster, rot_grid:(252, 4, 4)
[2024-09-22 15:57:03,791][root][INFO] - self.rot_grid: torch.Size([252, 4, 4])
[2024-09-22 15:57:15,164][root][INFO] - Welcome
[2024-09-22 15:57:15,178][root][INFO] - poses:(252, 4, 4)
[2024-09-22 15:57:15,188][root][INFO] - after viewpoint, add_errs min:-1.0
[2024-09-22 15:57:15,267][root][INFO] - ob_in_cams:(252, 4, 4)
[2024-09-22 15:57:15,268][root][INFO] - self.cfg.use_normal:False
[2024-09-22 15:57:15,268][root][INFO] - trans_normalizer:[0.019999999552965164, 0.019999999552965164, 0.05000000074505806], rot_normalizer:0.3490658503988659
[2024-09-22 15:57:15,272][root][INFO] - making cropped data
[2024-09-22 15:57:15,272][root][INFO] - Welcome make_crop_data_batch
[2024-09-22 15:57:15,276][root][INFO] - make tf_to_crops done
[2024-09-22 15:57:15,309][root][INFO] - render done
[2024-09-22 15:57:15,315][root][INFO] - warp done
[2024-09-22 15:57:15,320][root][INFO] - pose batch data done
[2024-09-22 15:57:15,320][root][INFO] - forward start
[2024-09-22 15:57:15,438][root][INFO] - forward done
[2024-09-22 15:57:15,449][root][INFO] - making cropped data
[2024-09-22 15:57:15,449][root][INFO] - Welcome make_crop_data_batch
[2024-09-22 15:57:15,449][root][INFO] - make tf_to_crops done
[2024-09-22 15:57:15,471][root][INFO] - render done
[2024-09-22 15:57:15,475][root][INFO] - warp done
[2024-09-22 15:57:15,477][root][INFO] - pose batch data done
[2024-09-22 15:57:15,478][root][INFO] - forward start
[2024-09-22 15:57:15,479][root][INFO] - forward done
[2024-09-22 15:57:15,479][root][INFO] - making cropped data
[2024-09-22 15:57:15,479][root][INFO] - Welcome make_crop_data_batch
[2024-09-22 15:57:15,577][root][INFO] - make tf_to_crops done
[2024-09-22 15:57:15,599][root][INFO] - render done
[2024-09-22 15:57:15,603][root][INFO] - warp done
[2024-09-22 15:57:15,606][root][INFO] - pose batch data done
[2024-09-22 15:57:15,606][root][INFO] - forward start
[2024-09-22 15:57:15,607][root][INFO] - forward done
[2024-09-22 15:57:15,608][root][INFO] - making cropped data
[2024-09-22 15:57:15,608][root][INFO] - Welcome make_crop_data_batch
[2024-09-22 15:57:15,705][root][INFO] - make tf_to_crops done
[2024-09-22 15:57:15,727][root][INFO] - render done
[2024-09-22 15:57:15,731][root][INFO] - warp done
[2024-09-22 15:57:15,733][root][INFO] - pose batch data done
[2024-09-22 15:57:15,734][root][INFO] - forward start
[2024-09-22 15:57:15,735][root][INFO] - forward done
[2024-09-22 15:57:15,735][root][INFO] - making cropped data
[2024-09-22 15:57:15,735][root][INFO] - Welcome make_crop_data_batch
[2024-09-22 15:57:15,833][root][INFO] - make tf_to_crops done
[2024-09-22 15:57:15,854][root][INFO] - render done
[2024-09-22 15:57:15,858][root][INFO] - warp done
[2024-09-22 15:57:15,860][root][INFO] - pose batch data done
[2024-09-22 15:57:15,860][root][INFO] - forward start
[2024-09-22 15:57:15,862][root][INFO] - forward done
[2024-09-22 15:57:15,975][root][INFO] - ob_in_cams:(252, 4, 4)
[2024-09-22 15:57:15,975][root][INFO] - self.cfg.use_normal:False
[2024-09-22 15:57:15,975][root][INFO] - making cropped data
[2024-09-22 15:57:15,987][root][INFO] - Welcome make_crop_data_batch
[2024-09-22 15:57:15,987][root][INFO] - make tf_to_crops done
[2024-09-22 15:57:16,007][root][INFO] - render done
[2024-09-22 15:57:16,133][root][INFO] - pose batch data done
[2024-09-22 15:57:16,133][root][INFO] - pose_data.rgbAs.shape[0]: 252
[2024-09-22 15:57:16,227][root][INFO] - forward done
[2024-09-22 15:57:16,245][root][INFO] - final, add_errs min:-1.0
[2024-09-22 15:57:16,255][root][INFO] - sort ids:tensor([  0,   5,   6,  35,  42,  72,  77,  96, 101, 102, 107, 126, 131, 132,
        137, 144, 162, 168, 198, 203, 221, 222, 227, 240,  30,  47,  66, 166,
        230, 183,  11, 173, 186, 223,  61,  68,  86, 133, 135, 216, 128,   9,
         44, 148, 193, 199, 248,   1,  46, 127, 140, 147, 209, 241,  75, 145,
        157, 196, 200, 224, 251,  45, 177,  65,  73, 204, 229, 136, 165, 235,
        243,  24,  48,  60,  92, 110, 155, 213, 246,  41,  71, 129, 161,  57,
         70, 116, 117, 160, 175,  21,  27,  49, 192, 215, 247,  53, 122, 153,
        163, 220, 234, 237,  54,  90,  98, 138, 150, 207,  29,  84,  93, 109,
        134, 184, 191,  38,  52,  63,  91, 113, 125, 146, 231,   8,  15,  59,
         69,  80, 103, 156, 169, 180, 187, 238, 245, 249,  18,  78,  89,  97,
        174, 206, 218, 233,  39,  62, 108, 114, 190, 210, 217, 236,   7,  14,
         17,  23,  28,  31,  37,  55,  67,  74,  87, 143, 201, 202, 239,  12,
         26,  58,  81, 105, 115, 154, 179, 185, 211, 219, 226,   4,  25,  33,
         34,  50,  51,  64,  94,  99, 100, 104, 111, 112, 158, 170, 181, 182,
        188, 189, 194, 228, 244, 250,   3,  22,  32,  56,  76,  95, 106, 141,
        149, 171, 172, 178, 197, 242,  82,  83,  85,  88, 119, 120, 121, 124,
        130, 167,   2,  20,  36,  43, 142, 152, 212,  10,  16, 123, 151, 159,
        164, 195, 205, 225, 232,  13,  19,  40,  79, 118, 139, 208, 214, 176])
[2024-09-22 15:57:16,259][root][INFO] - sorted scores:tensor([51.0938, 51.0938, 51.0938, 51.0938, 51.0938, 51.0938, 51.0938, 51.0938,
        51.0938, 51.0938, 51.0938, 51.0938, 51.0938, 51.0938, 51.0938, 51.0938,
        51.0938, 51.0938, 51.0938, 51.0938, 51.0938, 51.0938, 51.0938, 51.0938,
        51.0625, 50.9062, 50.6250, 50.4688, 50.4688, 50.3125, 50.2812, 50.2188,
        50.1875, 50.1562, 50.1250, 50.1250, 50.1250, 50.1250, 50.0938, 50.0938,
        50.0625, 50.0000, 50.0000, 50.0000, 50.0000, 50.0000, 50.0000, 49.9688,
        49.9688, 49.9688, 49.9688, 49.9375, 49.9375, 49.9375, 49.9062, 49.9062,
        49.9062, 49.9062, 49.9062, 49.9062, 49.9062, 49.8750, 49.8750, 49.8438,
        49.8438, 49.8438, 49.8438, 49.8125, 49.8125, 49.8125, 49.8125, 49.7812,
        49.7500, 49.7500, 49.7500, 49.7500, 49.7500, 49.7500, 49.7500, 49.7188,
        49.6875, 49.6875, 49.6875, 49.6562, 49.6562, 49.6562, 49.6562, 49.6562,
        49.6562, 49.6250, 49.6250, 49.6250, 49.6250, 49.6250, 49.6250, 49.5938,
        49.5938, 49.5938, 49.5938, 49.5938, 49.5938, 49.5938, 49.5625, 49.5625,
        49.5625, 49.5625, 49.5625, 49.5625, 49.5312, 49.5312, 49.5312, 49.5312,
        49.5312, 49.5312, 49.5312, 49.5000, 49.5000, 49.5000, 49.5000, 49.5000,
        49.5000, 49.5000, 49.5000, 49.4688, 49.4688, 49.4688, 49.4688, 49.4688,
        49.4688, 49.4688, 49.4688, 49.4688, 49.4688, 49.4688, 49.4688, 49.4688,
        49.4375, 49.4375, 49.4375, 49.4375, 49.4375, 49.4375, 49.4375, 49.4375,
        49.4062, 49.4062, 49.4062, 49.4062, 49.4062, 49.4062, 49.4062, 49.4062,
        49.3750, 49.3750, 49.3750, 49.3750, 49.3750, 49.3750, 49.3750, 49.3750,
        49.3750, 49.3750, 49.3750, 49.3750, 49.3750, 49.3750, 49.3750, 49.3438,
        49.3438, 49.3438, 49.3438, 49.3438, 49.3438, 49.3438, 49.3438, 49.3438,
        49.3438, 49.3438, 49.3438, 49.3125, 49.3125, 49.3125, 49.3125, 49.3125,
        49.3125, 49.3125, 49.3125, 49.3125, 49.3125, 49.3125, 49.3125, 49.3125,
        49.3125, 49.3125, 49.3125, 49.3125, 49.3125, 49.3125, 49.3125, 49.3125,
        49.3125, 49.3125, 49.2812, 49.2812, 49.2812, 49.2812, 49.2812, 49.2812,
        49.2812, 49.2812, 49.2812, 49.2812, 49.2812, 49.2812, 49.2812, 49.2812,
        49.2500, 49.2500, 49.2500, 49.2500, 49.2500, 49.2500, 49.2500, 49.2500,
        49.2500, 49.2500, 49.2188, 49.2188, 49.2188, 49.2188, 49.2188, 49.2188,
        49.2188, 49.1875, 49.1875, 49.1875, 49.1875, 49.1875, 49.1875, 49.1875,
        49.1875, 49.1875, 49.1875, 49.1562, 49.1562, 49.1562, 49.1562, 49.1562,
        49.1562, 49.1562, 49.1562, 49.0938])
[2024-09-22 15:57:27,728][websockets.server][INFO] - server listening on 0.0.0.0:8080
[2024-09-22 15:57:28,072][websockets.server][INFO] - connection open
[2024-09-22 15:57:29,520][root][INFO] - Succeeded to open port: /dev/ttyUSB0
[2024-09-22 15:57:29,521][root][INFO] - Succeeded to set baudrate to 3000000
