[2024-11-10 22:27:06,734][websockets.server][INFO] - server listening on 0.0.0.0:8080
[2024-11-10 22:27:06,868][root][INFO] - self.cfg: 
 lr: 0.0001
c_in: 6
zfar: 'Infinity'
debug: null
n_view: 1
run_id: 3wy8qqex
use_BN: true
exp_name: 2024-01-11-20-02-45
n_epochs: 62
save_dir: /home/bowenw/debug/2024-01-11-20-02-45/
use_mask: false
loss_type: pairwise_valid
optimizer: adam
batch_size: 64
crop_ratio: 1.1
enable_amp: true
use_normal: false
max_num_key: null
warmup_step: -1
input_resize:
- 160
- 160
max_step_val: 1000
vis_interval: 1000
weight_decay: 0
normalize_xyz: true
resume_run_id: null
clip_grad_norm: 'Infinity'
lr_epoch_decay: 500
render_backend: nvdiffrast
train_num_pair: 5
lr_decay_epochs:
- 50
n_epochs_warmup: 1
make_pair_online: false
gradient_max_norm: 'Infinity'
max_step_per_epoch: 10000
n_rendering_workers: 1
save_epoch_interval: 100
n_dataloader_workers: 100
split_objects_across_gpus: true
ckpt_dir: /home/shaol/gjx/rw/third_party/FoundationPose/learning/training/../../weights/2024-01-11-20-02-45/model_best.pth

[2024-11-10 22:27:06,868][root][INFO] - self.h5_file:None
[2024-11-10 22:27:07,043][root][INFO] - Using pretrained model from /home/shaol/gjx/rw/third_party/FoundationPose/learning/training/../../weights/2024-01-11-20-02-45/model_best.pth
[2024-11-10 22:27:07,104][root][INFO] - init done
[2024-11-10 22:27:07,105][root][INFO] - welcome
[2024-11-10 22:27:07,108][root][INFO] - self.cfg: 
 lr: 0.0001
c_in: 6
zfar: .inf
debug: null
w_rot: 0.1
n_view: 1
run_id: null
use_BN: true
rot_rep: axis_angle
ckpt_dir: /home/shaol/gjx/rw/third_party/FoundationPose/learning/training/../../weights/2023-10-28-18-33-37/model_best.pth
exp_name: 2023-10-28-18-33-37
save_dir: /tmp/2023-10-28-18-33-37/
loss_type: l2
optimizer: adam
trans_rep: tracknet
batch_size: 64
crop_ratio: 1.2
use_normal: false
BN_momentum: 0.1
max_num_key: null
warmup_step: -1
input_resize:
- 160
- 160
max_step_val: 1000
normal_uint8: false
vis_interval: 1000
weight_decay: 0
n_max_objects: null
normalize_xyz: true
clip_grad_norm: 'Infinity'
rot_normalizer: 0.3490658503988659
trans_normalizer:
- 0.019999999552965164
- 0.019999999552965164
- 0.05000000074505806
max_step_per_epoch: 25000
val_epoch_interval: 10
n_dataloader_workers: 60
enable_amp: true
use_mask: false

[2024-11-10 22:27:07,108][root][INFO] - self.h5_file:
[2024-11-10 22:27:07,155][root][INFO] - Using pretrained model from /home/shaol/gjx/rw/third_party/FoundationPose/learning/training/../../weights/2023-10-28-18-33-37/model_best.pth
[2024-11-10 22:27:07,176][root][INFO] - init done
[2024-11-10 22:27:07,477][websockets.server][INFO] - connection open
[2024-11-10 22:27:08,446][root][INFO] - self.diameter:0.22612456594069064, vox_size:0.011306228297034532
[2024-11-10 22:27:08,461][root][INFO] - self.pts:torch.Size([334, 3])
[2024-11-10 22:27:09,692][root][INFO] - reset done
[2024-11-10 22:27:09,692][root][INFO] - cam_in_obs:(42, 4, 4)
[2024-11-10 22:27:09,694][root][INFO] - rot_grid:(252, 4, 4)
[2024-11-10 22:27:09,695][root][INFO] - after cluster, rot_grid:(252, 4, 4)
[2024-11-10 22:27:09,695][root][INFO] - self.rot_grid: torch.Size([252, 4, 4])
[2024-11-10 22:27:21,460][root][INFO] - Welcome
[2024-11-10 22:27:21,481][root][INFO] - poses:(252, 4, 4)
[2024-11-10 22:27:21,491][root][INFO] - after viewpoint, add_errs min:-1.0
[2024-11-10 22:27:21,521][root][INFO] - ob_in_cams:(252, 4, 4)
[2024-11-10 22:27:21,521][root][INFO] - self.cfg.use_normal:False
[2024-11-10 22:27:21,521][root][INFO] - trans_normalizer:[0.019999999552965164, 0.019999999552965164, 0.05000000074505806], rot_normalizer:0.3490658503988659
[2024-11-10 22:27:21,566][root][INFO] - making cropped data
[2024-11-10 22:27:21,567][root][INFO] - Welcome make_crop_data_batch
[2024-11-10 22:27:21,570][root][INFO] - make tf_to_crops done
[2024-11-10 22:27:21,593][root][INFO] - render done
[2024-11-10 22:27:21,599][root][INFO] - warp done
[2024-11-10 22:27:21,604][root][INFO] - pose batch data done
[2024-11-10 22:27:21,604][root][INFO] - forward start
[2024-11-10 22:27:21,734][root][INFO] - forward done
[2024-11-10 22:27:21,745][root][INFO] - making cropped data
[2024-11-10 22:27:21,745][root][INFO] - Welcome make_crop_data_batch
[2024-11-10 22:27:21,746][root][INFO] - make tf_to_crops done
[2024-11-10 22:27:21,761][root][INFO] - render done
[2024-11-10 22:27:21,765][root][INFO] - warp done
[2024-11-10 22:27:21,768][root][INFO] - pose batch data done
[2024-11-10 22:27:21,768][root][INFO] - forward start
[2024-11-10 22:27:21,769][root][INFO] - forward done
[2024-11-10 22:27:21,769][root][INFO] - making cropped data
[2024-11-10 22:27:21,770][root][INFO] - Welcome make_crop_data_batch
[2024-11-10 22:27:21,874][root][INFO] - make tf_to_crops done
[2024-11-10 22:27:21,889][root][INFO] - render done
[2024-11-10 22:27:21,894][root][INFO] - warp done
[2024-11-10 22:27:21,897][root][INFO] - pose batch data done
[2024-11-10 22:27:21,897][root][INFO] - forward start
[2024-11-10 22:27:21,898][root][INFO] - forward done
[2024-11-10 22:27:21,899][root][INFO] - making cropped data
[2024-11-10 22:27:21,899][root][INFO] - Welcome make_crop_data_batch
[2024-11-10 22:27:22,001][root][INFO] - make tf_to_crops done
[2024-11-10 22:27:22,017][root][INFO] - render done
[2024-11-10 22:27:22,020][root][INFO] - warp done
[2024-11-10 22:27:22,023][root][INFO] - pose batch data done
[2024-11-10 22:27:22,023][root][INFO] - forward start
[2024-11-10 22:27:22,024][root][INFO] - forward done
[2024-11-10 22:27:22,024][root][INFO] - making cropped data
[2024-11-10 22:27:22,025][root][INFO] - Welcome make_crop_data_batch
[2024-11-10 22:27:22,128][root][INFO] - make tf_to_crops done
[2024-11-10 22:27:22,144][root][INFO] - render done
[2024-11-10 22:27:22,148][root][INFO] - warp done
[2024-11-10 22:27:22,151][root][INFO] - pose batch data done
[2024-11-10 22:27:22,151][root][INFO] - forward start
[2024-11-10 22:27:22,152][root][INFO] - forward done
[2024-11-10 22:27:22,269][root][INFO] - ob_in_cams:(252, 4, 4)
[2024-11-10 22:27:22,269][root][INFO] - self.cfg.use_normal:False
[2024-11-10 22:27:22,269][root][INFO] - making cropped data
[2024-11-10 22:27:22,277][root][INFO] - Welcome make_crop_data_batch
[2024-11-10 22:27:22,278][root][INFO] - make tf_to_crops done
[2024-11-10 22:27:22,291][root][INFO] - render done
[2024-11-10 22:27:22,423][root][INFO] - pose batch data done
[2024-11-10 22:27:22,423][root][INFO] - pose_data.rgbAs.shape[0]: 252
[2024-11-10 22:27:22,523][root][INFO] - forward done
[2024-11-10 22:27:22,541][root][INFO] - final, add_errs min:-1.0
[2024-11-10 22:27:22,550][root][INFO] - sort ids:tensor([ 35,  34, 250,  10,  77, 101, 129,  76, 202,   9, 100,   4, 245,  46,
        137, 130,   5, 105, 106, 149, 244, 171, 172,   3,  75, 190, 189, 167,
         71, 226, 148, 227, 136,  11, 131, 220, 166, 107,  57, 203,  53, 219,
        201, 135,  45,  63, 211, 114, 140, 150,  37, 156, 239,  18, 120,  48,
        115, 121,  36, 116,  56, 199, 112,  78,  44, 212,  13,  66,  79, 175,
         14, 176,  33,  91,  12,  92,  85,  84, 182,  19,  62, 206,  25, 151,
        143, 234, 113,  24, 235, 181,  90, 243,  96, 229, 191,  64, 228,  42,
         68, 240, 147, 236, 198, 242,  86, 142, 126, 205, 110, 224, 188, 213,
         26,  15,  32, 183, 221, 216, 223, 241,  41, 157,  38, 161, 111, 246,
         30,   0,  47,  65, 139, 204, 164, 104,  39,   6, 217,   2, 117, 165,
         83, 174, 141,  89, 218, 138, 215, 209,  72, 162, 210, 192,  31,  98,
         74,  40, 123, 248,  17, 237,  69, 251,  82, 158, 231,  28, 124,   1,
        102, 109,  73, 238, 196, 184,  43, 119,  97, 108,  52, 118,  88,  94,
         80,  27, 232, 134, 179, 186,  29,  93,  22, 127, 133,  87,   8,  95,
        180,  16, 159,  23,  81,  58, 185, 103,  61, 170, 187, 145, 122, 193,
         54,   7, 146, 207,  55, 168,  49, 169, 233,  67, 194, 208,  59, 214,
        249, 163,  50, 160,  20, 152,  21,  60, 247, 153, 178, 222, 132,  51,
        177, 195, 173, 197, 144,  70, 200, 128, 154, 125,  99, 225, 155, 230])
[2024-11-10 22:27:22,554][root][INFO] - sorted scores:tensor([102.6250, 102.2500, 102.2305, 102.2188, 102.1914, 102.1895, 102.1836,
        102.1680, 102.1680, 102.1641, 102.1621, 102.1602, 102.1523, 102.1504,
        102.1504, 102.1484, 102.1367, 102.1270, 102.1270, 102.1230, 102.1211,
        102.1191, 102.1133, 102.1055, 102.1035, 102.1035, 102.0859, 102.0762,
        102.0742, 102.0664, 102.0605, 102.0566, 102.0488, 102.0312, 102.0293,
        102.0156, 101.9424, 101.8545, 101.8008, 101.7129, 101.6357, 101.5469,
        101.5332, 101.4941, 101.3828, 101.2031, 101.1338, 101.1260, 101.1211,
        101.1191, 101.1025, 101.0908, 101.0898, 101.0850, 101.0762, 101.0693,
        101.0654, 101.0635, 101.0596, 101.0586, 101.0518, 101.0508, 101.0488,
        101.0469, 101.0410, 101.0342, 101.0303, 101.0283, 101.0254, 101.0225,
        101.0215, 101.0186, 101.0166, 101.0088, 100.9980, 100.9980, 100.9976,
        100.9956, 100.9956, 100.9917, 100.9902, 100.9766, 100.9751, 100.9722,
        100.9683, 100.9658, 100.9653, 100.9634, 100.9619, 100.9570, 100.9487,
        100.9458, 100.9341, 100.9292, 100.9248, 100.9229, 100.9224, 100.9214,
        100.9077, 100.8984, 100.8877, 100.8828, 100.8823, 100.8774, 100.8667,
        100.8550, 100.8525, 100.8511, 100.8418, 100.8262, 100.8252, 100.8242,
        100.8193, 100.8159, 100.8149, 100.8110, 100.8091, 100.8018, 100.8018,
        100.7993, 100.7959, 100.7954, 100.7832, 100.7812, 100.7788, 100.7773,
        100.7749, 100.7710, 100.7612, 100.7568, 100.7568, 100.7563, 100.7500,
        100.7466, 100.7432, 100.7383, 100.7266, 100.7251, 100.7192, 100.7158,
        100.7134, 100.7129, 100.7100, 100.7031, 100.7031, 100.6855, 100.6748,
        100.6733, 100.6699, 100.6699, 100.6636, 100.6611, 100.6577, 100.6406,
        100.6401, 100.6294, 100.6289, 100.6191, 100.6133, 100.6099, 100.6035,
        100.5957, 100.5796, 100.5752, 100.5742, 100.5732, 100.5684, 100.5615,
        100.5610, 100.5596, 100.5542, 100.5474, 100.5464, 100.5454, 100.5439,
        100.5435, 100.5400, 100.5396, 100.5283, 100.5273, 100.5220, 100.5200,
        100.5132, 100.5122, 100.5122, 100.5112, 100.5098, 100.5063, 100.5020,
        100.5005, 100.4990, 100.4980, 100.4927, 100.4897, 100.4885, 100.4885,
        100.4817, 100.4802, 100.4792, 100.4790, 100.4597, 100.4514, 100.4482,
        100.4214, 100.4128, 100.4099, 100.4004, 100.3984, 100.3958, 100.3828,
        100.3796, 100.3774, 100.3743, 100.3679, 100.3660, 100.3657, 100.3635,
        100.3616, 100.3601, 100.3557, 100.3506, 100.3474, 100.3442, 100.3350,
        100.3350, 100.3330, 100.3196, 100.3110, 100.3086, 100.2979, 100.2910,
        100.2905, 100.2776, 100.2771, 100.2720, 100.2644, 100.2571, 100.2487,
        100.2437, 100.2397, 100.2271, 100.2107, 100.2030, 100.1750, 100.1702,
        100.1699, 100.1617, 100.0889, 100.0034,  99.9824,  99.9528,  99.9020])
[2024-11-10 22:28:08,923][websockets.server][INFO] - connection rejected (200 OK)
[2024-11-10 22:28:08,923][websockets.server][INFO] - connection closed
[2024-11-10 22:28:08,968][websockets.server][INFO] - connection closed
[2024-11-10 22:28:09,049][websockets.server][INFO] - connection rejected (200 OK)
[2024-11-10 22:28:09,050][websockets.server][INFO] - connection closed
[2024-11-10 22:28:09,054][websockets.server][INFO] - connection rejected (200 OK)
[2024-11-10 22:28:09,054][websockets.server][INFO] - connection closed
[2024-11-10 22:28:09,132][websockets.server][INFO] - connection rejected (200 OK)
[2024-11-10 22:28:09,132][websockets.server][INFO] - connection closed
[2024-11-10 22:28:09,187][websockets.server][INFO] - connection rejected (200 OK)
[2024-11-10 22:28:09,187][websockets.server][INFO] - connection rejected (200 OK)
[2024-11-10 22:28:09,187][websockets.server][INFO] - connection closed
[2024-11-10 22:28:09,187][websockets.server][INFO] - connection closed
[2024-11-10 22:28:09,227][websockets.server][INFO] - connection open
[2024-11-10 22:28:09,586][websockets.server][INFO] - connection rejected (200 OK)
[2024-11-10 22:28:09,587][websockets.server][INFO] - connection closed
[2024-11-10 22:28:09,633][websockets.server][INFO] - connection rejected (200 OK)
[2024-11-10 22:28:09,633][websockets.server][INFO] - connection closed
[2024-11-10 22:28:09,634][websockets.server][INFO] - connection rejected (200 OK)
[2024-11-10 22:28:09,634][websockets.server][INFO] - connection closed
[2024-11-10 22:28:09,707][websockets.server][INFO] - connection rejected (200 OK)
[2024-11-10 22:28:09,707][websockets.server][INFO] - connection closed
[2024-11-10 22:28:09,949][websockets.server][INFO] - connection rejected (200 OK)
[2024-11-10 22:28:09,950][websockets.server][INFO] - connection closed
[2024-11-10 22:28:09,950][websockets.server][INFO] - connection rejected (200 OK)
[2024-11-10 22:28:09,950][websockets.server][INFO] - connection closed
[2024-11-10 22:28:10,018][websockets.server][INFO] - connection rejected (200 OK)
[2024-11-10 22:28:10,018][websockets.server][INFO] - connection closed
