[2024-09-21 11:51:01,133][root][INFO] - self.cfg: 
 lr: 0.0001
c_in: 6
zfar: 'Infinity'
debug: null
n_view: 1
run_id: 3wy8qqex
use_BN: true
exp_name: 2024-01-11-20-02-45
n_epochs: 62
save_dir: /home/bowenw/debug/2024-01-11-20-02-45/
use_mask: false
loss_type: pairwise_valid
optimizer: adam
batch_size: 64
crop_ratio: 1.1
enable_amp: true
use_normal: false
max_num_key: null
warmup_step: -1
input_resize:
- 160
- 160
max_step_val: 1000
vis_interval: 1000
weight_decay: 0
normalize_xyz: true
resume_run_id: null
clip_grad_norm: 'Infinity'
lr_epoch_decay: 500
render_backend: nvdiffrast
train_num_pair: 5
lr_decay_epochs:
- 50
n_epochs_warmup: 1
make_pair_online: false
gradient_max_norm: 'Infinity'
max_step_per_epoch: 10000
n_rendering_workers: 1
save_epoch_interval: 100
n_dataloader_workers: 100
split_objects_across_gpus: true
ckpt_dir: FoundationPose/learning/training/../../weights/2024-01-11-20-02-45/model_best.pth

[2024-09-21 11:51:01,133][root][INFO] - self.h5_file:None
[2024-09-21 11:51:01,319][root][INFO] - Using pretrained model from FoundationPose/learning/training/../../weights/2024-01-11-20-02-45/model_best.pth
[2024-09-21 11:51:01,381][root][INFO] - init done
[2024-09-21 11:51:01,381][root][INFO] - welcome
[2024-09-21 11:51:01,385][root][INFO] - self.cfg: 
 lr: 0.0001
c_in: 6
zfar: .inf
debug: null
w_rot: 0.1
n_view: 1
run_id: null
use_BN: true
rot_rep: axis_angle
ckpt_dir: FoundationPose/learning/training/../../weights/2023-10-28-18-33-37/model_best.pth
exp_name: 2023-10-28-18-33-37
save_dir: /tmp/2023-10-28-18-33-37/
loss_type: l2
optimizer: adam
trans_rep: tracknet
batch_size: 64
crop_ratio: 1.2
use_normal: false
BN_momentum: 0.1
max_num_key: null
warmup_step: -1
input_resize:
- 160
- 160
max_step_val: 1000
normal_uint8: false
vis_interval: 1000
weight_decay: 0
n_max_objects: null
normalize_xyz: true
clip_grad_norm: 'Infinity'
rot_normalizer: 0.3490658503988659
trans_normalizer:
- 0.019999999552965164
- 0.019999999552965164
- 0.05000000074505806
max_step_per_epoch: 25000
val_epoch_interval: 10
n_dataloader_workers: 60
enable_amp: true
use_mask: false

[2024-09-21 11:51:01,385][root][INFO] - self.h5_file:
[2024-09-21 11:51:01,436][root][INFO] - Using pretrained model from FoundationPose/learning/training/../../weights/2023-10-28-18-33-37/model_best.pth
[2024-09-21 11:51:01,458][root][INFO] - init done
[2024-09-21 11:51:03,713][root][INFO] - self.diameter:0.1689814690475985, vox_size:0.008449073452379925
[2024-09-21 11:51:03,739][root][INFO] - self.pts:torch.Size([674, 3])
[2024-09-21 11:51:04,719][root][INFO] - reset done
[2024-09-21 11:51:04,719][root][INFO] - cam_in_obs:(42, 4, 4)
[2024-09-21 11:51:04,741][root][INFO] - rot_grid:(252, 4, 4)
[2024-09-21 11:51:04,742][root][INFO] - after cluster, rot_grid:(252, 4, 4)
[2024-09-21 11:51:04,742][root][INFO] - self.rot_grid: torch.Size([252, 4, 4])
[2024-09-21 11:51:14,254][root][INFO] - Welcome
[2024-09-21 11:51:14,269][root][INFO] - poses:(252, 4, 4)
[2024-09-21 11:51:14,300][root][INFO] - after viewpoint, add_errs min:-1.0
[2024-09-21 11:51:14,354][root][INFO] - ob_in_cams:(252, 4, 4)
[2024-09-21 11:51:14,355][root][INFO] - self.cfg.use_normal:False
[2024-09-21 11:51:14,355][root][INFO] - trans_normalizer:[0.019999999552965164, 0.019999999552965164, 0.05000000074505806], rot_normalizer:0.3490658503988659
[2024-09-21 11:51:14,364][root][INFO] - making cropped data
[2024-09-21 11:51:14,364][root][INFO] - Welcome make_crop_data_batch
[2024-09-21 11:51:14,369][root][INFO] - make tf_to_crops done
[2024-09-21 11:51:14,402][root][INFO] - render done
[2024-09-21 11:51:14,408][root][INFO] - warp done
[2024-09-21 11:51:14,413][root][INFO] - pose batch data done
[2024-09-21 11:51:14,413][root][INFO] - forward start
[2024-09-21 11:51:14,529][root][INFO] - forward done
[2024-09-21 11:51:14,542][root][INFO] - making cropped data
[2024-09-21 11:51:14,542][root][INFO] - Welcome make_crop_data_batch
[2024-09-21 11:51:14,542][root][INFO] - make tf_to_crops done
[2024-09-21 11:51:14,566][root][INFO] - render done
[2024-09-21 11:51:14,569][root][INFO] - warp done
[2024-09-21 11:51:14,572][root][INFO] - pose batch data done
[2024-09-21 11:51:14,572][root][INFO] - forward start
[2024-09-21 11:51:14,573][root][INFO] - forward done
[2024-09-21 11:51:14,574][root][INFO] - making cropped data
[2024-09-21 11:51:14,574][root][INFO] - Welcome make_crop_data_batch
[2024-09-21 11:51:14,677][root][INFO] - make tf_to_crops done
[2024-09-21 11:51:14,700][root][INFO] - render done
[2024-09-21 11:51:14,704][root][INFO] - warp done
[2024-09-21 11:51:14,706][root][INFO] - pose batch data done
[2024-09-21 11:51:14,706][root][INFO] - forward start
[2024-09-21 11:51:14,708][root][INFO] - forward done
[2024-09-21 11:51:14,708][root][INFO] - making cropped data
[2024-09-21 11:51:14,708][root][INFO] - Welcome make_crop_data_batch
[2024-09-21 11:51:14,808][root][INFO] - make tf_to_crops done
[2024-09-21 11:51:14,831][root][INFO] - render done
[2024-09-21 11:51:14,835][root][INFO] - warp done
[2024-09-21 11:51:14,838][root][INFO] - pose batch data done
[2024-09-21 11:51:14,838][root][INFO] - forward start
[2024-09-21 11:51:14,839][root][INFO] - forward done
[2024-09-21 11:51:14,840][root][INFO] - making cropped data
[2024-09-21 11:51:14,840][root][INFO] - Welcome make_crop_data_batch
[2024-09-21 11:51:14,941][root][INFO] - make tf_to_crops done
[2024-09-21 11:51:14,963][root][INFO] - render done
[2024-09-21 11:51:14,967][root][INFO] - warp done
[2024-09-21 11:51:14,969][root][INFO] - pose batch data done
[2024-09-21 11:51:14,969][root][INFO] - forward start
[2024-09-21 11:51:14,971][root][INFO] - forward done
[2024-09-21 11:51:15,087][root][INFO] - ob_in_cams:(252, 4, 4)
[2024-09-21 11:51:15,087][root][INFO] - self.cfg.use_normal:False
[2024-09-21 11:51:15,087][root][INFO] - making cropped data
[2024-09-21 11:51:15,095][root][INFO] - Welcome make_crop_data_batch
[2024-09-21 11:51:15,096][root][INFO] - make tf_to_crops done
[2024-09-21 11:51:15,116][root][INFO] - render done
[2024-09-21 11:51:15,246][root][INFO] - pose batch data done
[2024-09-21 11:51:15,246][root][INFO] - pose_data.rgbAs.shape[0]: 252
[2024-09-21 11:51:15,344][root][INFO] - forward done
[2024-09-21 11:51:15,362][root][INFO] - final, add_errs min:-1.0
[2024-09-21 11:51:15,372][root][INFO] - sort ids:tensor([ 42,   0,   7,  72,  73, 169, 223,   1,   6,  31,  96,  97, 102, 103,
        126, 127, 132, 133, 145, 163, 222, 198,  30, 187, 186, 242,  32,  49,
        193, 221, 144, 239, 241,  43, 178, 194, 251, 196, 216,  55,  71, 154,
        218, 146, 203,  62,  45,  58, 139, 185, 167, 201,  46,  59, 110, 129,
        176, 227, 245, 200, 248, 148, 249, 158, 161, 212, 219, 235,  15,   5,
         21,  69,  90, 101, 168, 175,  52,  53,  54,  65, 138, 164,  60,  84,
        109, 135,  22,  28,  87, 123, 231,  50,  76,  81,  93,  94, 159, 204,
         27,  48, 128, 184, 153, 172, 177, 237,  78, 106, 134, 142, 150, 156,
        207, 236,  13,  61, 108, 197, 232,   4,  37,  82, 124, 179, 181, 228,
          2,  16,  63,  74, 117, 118, 130, 136, 166, 210, 226, 233, 244,   8,
         12,  19,  36,  51,  79,  88,  98, 149, 188, 225, 234, 238,  24,  25,
         33,  34,  66,  85,  91, 100, 105, 111, 114, 170, 171, 173, 190, 191,
        214, 246, 247,   9,  10,  11,  18,  35,  38,  56,  64,  77, 104, 107,
        112, 140, 151, 155, 160, 182, 189, 199, 208, 211,   3,  39,  68, 115,
        120, 141, 157, 165, 206, 224, 230, 240,  17,  40,  67,  70,  75,  80,
         89,  95,  99, 116, 119, 131, 152, 180, 209, 213, 217, 229, 243, 250,
         14,  26,  41,  44,  47,  57,  86, 121, 137, 195, 205, 215, 220,  20,
         23, 113, 122, 125, 202,  83,  92, 143, 147, 162, 192,  29, 174, 183])
[2024-09-21 11:51:15,375][root][INFO] - sorted scores:tensor([68.5156, 68.5000, 68.5000, 68.5000, 68.5000, 68.5000, 68.5000, 68.4844,
        68.4844, 68.4844, 68.4844, 68.4844, 68.4844, 68.4844, 68.4844, 68.4844,
        68.4844, 68.4844, 68.4844, 68.4844, 68.4844, 68.4688, 68.4531, 68.4531,
        68.4219, 68.2969, 68.2500, 68.0469, 67.9688, 67.9062, 67.8125, 67.8125,
        67.8125, 67.7812, 67.7812, 67.7188, 67.7188, 67.6875, 67.6875, 67.6562,
        67.6250, 67.6250, 67.6250, 67.5938, 67.5938, 67.5625, 67.5312, 67.5312,
        67.5000, 67.5000, 67.4375, 67.4375, 67.4062, 67.4062, 67.4062, 67.3750,
        67.3750, 67.3750, 67.3750, 67.3438, 67.3438, 67.3125, 67.2812, 67.2500,
        67.2500, 67.2500, 67.2500, 67.2500, 67.2188, 67.1875, 67.1875, 67.1875,
        67.1875, 67.1875, 67.1875, 67.1875, 67.1562, 67.1562, 67.1562, 67.1562,
        67.1562, 67.1562, 67.1250, 67.1250, 67.1250, 67.1250, 67.0938, 67.0625,
        67.0625, 67.0625, 67.0625, 67.0312, 67.0312, 67.0312, 67.0312, 67.0312,
        67.0312, 67.0312, 67.0000, 67.0000, 67.0000, 67.0000, 66.9688, 66.9688,
        66.9688, 66.9688, 66.9375, 66.9375, 66.9375, 66.9375, 66.9375, 66.9375,
        66.9375, 66.9375, 66.9062, 66.9062, 66.9062, 66.9062, 66.9062, 66.8750,
        66.8750, 66.8750, 66.8750, 66.8750, 66.8750, 66.8750, 66.8438, 66.8438,
        66.8438, 66.8438, 66.8438, 66.8438, 66.8438, 66.8438, 66.8438, 66.8438,
        66.8438, 66.8438, 66.8438, 66.8125, 66.8125, 66.8125, 66.8125, 66.8125,
        66.8125, 66.8125, 66.8125, 66.8125, 66.8125, 66.8125, 66.8125, 66.8125,
        66.7812, 66.7812, 66.7812, 66.7812, 66.7812, 66.7812, 66.7812, 66.7812,
        66.7812, 66.7812, 66.7812, 66.7812, 66.7812, 66.7812, 66.7812, 66.7812,
        66.7812, 66.7812, 66.7812, 66.7500, 66.7500, 66.7500, 66.7500, 66.7500,
        66.7500, 66.7500, 66.7500, 66.7500, 66.7500, 66.7500, 66.7500, 66.7500,
        66.7500, 66.7500, 66.7500, 66.7500, 66.7500, 66.7500, 66.7500, 66.7500,
        66.7188, 66.7188, 66.7188, 66.7188, 66.7188, 66.7188, 66.7188, 66.7188,
        66.7188, 66.7188, 66.7188, 66.7188, 66.6875, 66.6875, 66.6875, 66.6875,
        66.6875, 66.6875, 66.6875, 66.6875, 66.6875, 66.6875, 66.6875, 66.6875,
        66.6875, 66.6875, 66.6875, 66.6875, 66.6875, 66.6875, 66.6875, 66.6875,
        66.6562, 66.6562, 66.6562, 66.6562, 66.6562, 66.6562, 66.6562, 66.6562,
        66.6562, 66.6562, 66.6562, 66.6562, 66.6562, 66.6250, 66.6250, 66.6250,
        66.6250, 66.6250, 66.6250, 66.5938, 66.5938, 66.5938, 66.5938, 66.5938,
        66.5938, 66.5625, 66.5625, 66.5625])
[2024-09-21 11:51:27,399][websockets.server][INFO] - server listening on 0.0.0.0:8080
[2024-09-21 11:51:28,522][websockets.server][INFO] - connection open
[2024-09-21 11:51:30,400][root][INFO] - Succeeded to open port: /dev/ttyUSB0
[2024-09-21 11:51:30,400][root][INFO] - Succeeded to set baudrate to 3000000
[2024-09-21 11:51:50,644][root][ERROR] - > read: [TxRxResult] Incorrect status packet!
[2024-09-21 11:51:50,680][root][ERROR] - > read: [TxRxResult] There is no status packet!
[2024-09-21 11:51:50,720][root][ERROR] - > read: [TxRxResult] There is no status packet!
[2024-09-21 11:51:50,756][root][ERROR] - > read: [TxRxResult] There is no status packet!
[2024-09-21 11:51:50,796][root][ERROR] - > read: [TxRxResult] There is no status packet!
[2024-09-21 11:51:50,832][root][ERROR] - > read: [TxRxResult] There is no status packet!
[2024-09-21 11:51:50,872][root][ERROR] - > read: [TxRxResult] There is no status packet!
[2024-09-21 11:51:50,908][root][ERROR] - > read: [TxRxResult] There is no status packet!
[2024-09-21 11:51:50,948][root][ERROR] - > read: [TxRxResult] There is no status packet!
