[2024-09-22 23:25:37,486][root][INFO] - self.cfg: 
 lr: 0.0001
c_in: 6
zfar: 'Infinity'
debug: null
n_view: 1
run_id: 3wy8qqex
use_BN: true
exp_name: 2024-01-11-20-02-45
n_epochs: 62
save_dir: /home/bowenw/debug/2024-01-11-20-02-45/
use_mask: false
loss_type: pairwise_valid
optimizer: adam
batch_size: 64
crop_ratio: 1.1
enable_amp: true
use_normal: false
max_num_key: null
warmup_step: -1
input_resize:
- 160
- 160
max_step_val: 1000
vis_interval: 1000
weight_decay: 0
normalize_xyz: true
resume_run_id: null
clip_grad_norm: 'Infinity'
lr_epoch_decay: 500
render_backend: nvdiffrast
train_num_pair: 5
lr_decay_epochs:
- 50
n_epochs_warmup: 1
make_pair_online: false
gradient_max_norm: 'Infinity'
max_step_per_epoch: 10000
n_rendering_workers: 1
save_epoch_interval: 100
n_dataloader_workers: 100
split_objects_across_gpus: true
ckpt_dir: FoundationPose/learning/training/../../weights/2024-01-11-20-02-45/model_best.pth

[2024-09-22 23:25:37,486][root][INFO] - self.h5_file:None
[2024-09-22 23:25:37,680][root][INFO] - Using pretrained model from FoundationPose/learning/training/../../weights/2024-01-11-20-02-45/model_best.pth
[2024-09-22 23:25:37,745][root][INFO] - init done
[2024-09-22 23:25:37,746][root][INFO] - welcome
[2024-09-22 23:25:37,749][root][INFO] - self.cfg: 
 lr: 0.0001
c_in: 6
zfar: .inf
debug: null
w_rot: 0.1
n_view: 1
run_id: null
use_BN: true
rot_rep: axis_angle
ckpt_dir: FoundationPose/learning/training/../../weights/2023-10-28-18-33-37/model_best.pth
exp_name: 2023-10-28-18-33-37
save_dir: /tmp/2023-10-28-18-33-37/
loss_type: l2
optimizer: adam
trans_rep: tracknet
batch_size: 64
crop_ratio: 1.2
use_normal: false
BN_momentum: 0.1
max_num_key: null
warmup_step: -1
input_resize:
- 160
- 160
max_step_val: 1000
normal_uint8: false
vis_interval: 1000
weight_decay: 0
n_max_objects: null
normalize_xyz: true
clip_grad_norm: 'Infinity'
rot_normalizer: 0.3490658503988659
trans_normalizer:
- 0.019999999552965164
- 0.019999999552965164
- 0.05000000074505806
max_step_per_epoch: 25000
val_epoch_interval: 10
n_dataloader_workers: 60
enable_amp: true
use_mask: false

[2024-09-22 23:25:37,749][root][INFO] - self.h5_file:
[2024-09-22 23:25:37,793][root][INFO] - Using pretrained model from FoundationPose/learning/training/../../weights/2023-10-28-18-33-37/model_best.pth
[2024-09-22 23:25:37,812][root][INFO] - init done
[2024-09-22 23:25:40,034][root][INFO] - self.diameter:0.14923713571782127, vox_size:0.007461856785891063
[2024-09-22 23:25:40,048][root][INFO] - self.pts:torch.Size([913, 3])
[2024-09-22 23:25:40,901][root][INFO] - reset done
[2024-09-22 23:25:40,902][root][INFO] - cam_in_obs:(42, 4, 4)
[2024-09-22 23:25:40,912][root][INFO] - rot_grid:(252, 4, 4)
[2024-09-22 23:25:40,914][root][INFO] - after cluster, rot_grid:(252, 4, 4)
[2024-09-22 23:25:40,914][root][INFO] - self.rot_grid: torch.Size([252, 4, 4])
[2024-09-22 23:25:49,482][root][INFO] - Welcome
[2024-09-22 23:25:49,496][root][INFO] - poses:(252, 4, 4)
[2024-09-22 23:25:49,506][root][INFO] - after viewpoint, add_errs min:-1.0
[2024-09-22 23:25:49,544][root][INFO] - ob_in_cams:(252, 4, 4)
[2024-09-22 23:25:49,544][root][INFO] - self.cfg.use_normal:False
[2024-09-22 23:25:49,545][root][INFO] - trans_normalizer:[0.019999999552965164, 0.019999999552965164, 0.05000000074505806], rot_normalizer:0.3490658503988659
[2024-09-22 23:25:49,552][root][INFO] - making cropped data
[2024-09-22 23:25:49,552][root][INFO] - Welcome make_crop_data_batch
[2024-09-22 23:25:49,557][root][INFO] - make tf_to_crops done
[2024-09-22 23:25:49,593][root][INFO] - render done
[2024-09-22 23:25:49,600][root][INFO] - warp done
[2024-09-22 23:25:49,605][root][INFO] - pose batch data done
[2024-09-22 23:25:49,605][root][INFO] - forward start
[2024-09-22 23:25:49,723][root][INFO] - forward done
[2024-09-22 23:25:49,735][root][INFO] - making cropped data
[2024-09-22 23:25:49,735][root][INFO] - Welcome make_crop_data_batch
[2024-09-22 23:25:49,736][root][INFO] - make tf_to_crops done
[2024-09-22 23:25:49,759][root][INFO] - render done
[2024-09-22 23:25:49,762][root][INFO] - warp done
[2024-09-22 23:25:49,765][root][INFO] - pose batch data done
[2024-09-22 23:25:49,765][root][INFO] - forward start
[2024-09-22 23:25:49,767][root][INFO] - forward done
[2024-09-22 23:25:49,767][root][INFO] - making cropped data
[2024-09-22 23:25:49,767][root][INFO] - Welcome make_crop_data_batch
[2024-09-22 23:25:49,867][root][INFO] - make tf_to_crops done
[2024-09-22 23:25:49,888][root][INFO] - render done
[2024-09-22 23:25:49,892][root][INFO] - warp done
[2024-09-22 23:25:49,894][root][INFO] - pose batch data done
[2024-09-22 23:25:49,894][root][INFO] - forward start
[2024-09-22 23:25:49,896][root][INFO] - forward done
[2024-09-22 23:25:49,896][root][INFO] - making cropped data
[2024-09-22 23:25:49,896][root][INFO] - Welcome make_crop_data_batch
[2024-09-22 23:25:49,994][root][INFO] - make tf_to_crops done
[2024-09-22 23:25:50,016][root][INFO] - render done
[2024-09-22 23:25:50,020][root][INFO] - warp done
[2024-09-22 23:25:50,023][root][INFO] - pose batch data done
[2024-09-22 23:25:50,023][root][INFO] - forward start
[2024-09-22 23:25:50,024][root][INFO] - forward done
[2024-09-22 23:25:50,024][root][INFO] - making cropped data
[2024-09-22 23:25:50,024][root][INFO] - Welcome make_crop_data_batch
[2024-09-22 23:25:50,122][root][INFO] - make tf_to_crops done
[2024-09-22 23:25:50,143][root][INFO] - render done
[2024-09-22 23:25:50,148][root][INFO] - warp done
[2024-09-22 23:25:50,151][root][INFO] - pose batch data done
[2024-09-22 23:25:50,151][root][INFO] - forward start
[2024-09-22 23:25:50,152][root][INFO] - forward done
[2024-09-22 23:25:50,266][root][INFO] - ob_in_cams:(252, 4, 4)
[2024-09-22 23:25:50,266][root][INFO] - self.cfg.use_normal:False
[2024-09-22 23:25:50,266][root][INFO] - making cropped data
[2024-09-22 23:25:50,276][root][INFO] - Welcome make_crop_data_batch
[2024-09-22 23:25:50,276][root][INFO] - make tf_to_crops done
[2024-09-22 23:25:50,295][root][INFO] - render done
[2024-09-22 23:25:50,422][root][INFO] - pose batch data done
[2024-09-22 23:25:50,422][root][INFO] - pose_data.rgbAs.shape[0]: 252
[2024-09-22 23:25:50,517][root][INFO] - forward done
[2024-09-22 23:25:50,535][root][INFO] - final, add_errs min:-1.0
[2024-09-22 23:25:50,544][root][INFO] - sort ids:tensor([  3,  99, 106, 135, 244,   4,   9,  33,  34, 105, 129, 136,  76, 100,
         75, 130, 170, 104, 226,  74,   1,   2,  98,  32, 128, 169, 103, 134,
        146,   8, 132,   6,  96,  72, 120,   0,   7,  12, 211,  18,  36,  78,
         79,  85,  88,  90, 107, 114, 115, 121, 126, 154, 179, 229,  10,  13,
         19,  42,  91,  97, 124, 178, 188, 205,  22,  23,  37,  43,  47, 127,
        133, 206, 221,  17,  41,  84,  95, 102, 122, 125, 145, 155,   5,  83,
         89, 203,  73,  94, 101, 117, 118, 131,  11,  21,  26,  77,  82, 137,
        202, 230,  16, 119, 184, 227,  14,  27,  81, 123,  28,  80, 116,  20,
         87,  92,  93,  15,  86, 163, 236, 111, 198, 161,  53, 250, 141,  64,
        245, 112, 162, 233, 108, 113, 241,  50,  51, 189, 214, 238,  68, 156,
         55, 138, 213, 247,  67, 223, 243, 207,  49, 220,  38,  44,  58, 199,
        208, 249,  46, 144, 172, 231, 110,  29,  48, 143, 150, 151, 185, 216,
         24, 180, 234,  35,  52, 109, 142, 165, 177, 193, 212, 225, 239,  59,
         61,  63, 160, 235, 237,  54,  56, 148, 153, 166, 174, 201, 147, 157,
        183, 242,  69, 139, 140, 182, 187, 195, 204, 159, 164, 167, 191, 197,
        218, 240,  57, 171, 217, 219, 246,  45, 186, 200, 222, 168, 192, 224,
        251,  30, 190, 196,  40,  65,  66,  71, 149, 158, 181, 194, 228, 232,
         39,  60, 210,  70, 215, 173, 248, 152,  25, 175, 176, 209,  31,  62])
[2024-09-22 23:25:50,549][root][INFO] - sorted scores:tensor([74.2969, 74.2812, 74.2812, 74.2812, 74.2812, 74.2656, 74.2656, 74.2656,
        74.2656, 74.2656, 74.2656, 74.2656, 74.2500, 74.2500, 74.2344, 74.2344,
        74.2188, 74.1875, 74.1875, 74.1562, 74.1406, 74.1406, 74.1406, 74.1250,
        74.1250, 74.1250, 74.1094, 74.1094, 74.1094, 74.0938, 74.0938, 74.0781,
        74.0781, 74.0625, 74.0625, 74.0469, 74.0469, 74.0469, 74.0469, 74.0312,
        74.0312, 74.0312, 74.0312, 74.0312, 74.0312, 74.0312, 74.0312, 74.0312,
        74.0312, 74.0312, 74.0312, 74.0312, 74.0312, 74.0312, 74.0156, 74.0156,
        74.0156, 74.0156, 74.0156, 74.0156, 74.0156, 74.0156, 74.0156, 74.0156,
        74.0000, 74.0000, 74.0000, 74.0000, 74.0000, 74.0000, 74.0000, 74.0000,
        74.0000, 73.9844, 73.9844, 73.9844, 73.9844, 73.9844, 73.9844, 73.9844,
        73.9844, 73.9844, 73.9688, 73.9688, 73.9688, 73.9688, 73.9531, 73.9531,
        73.9531, 73.9531, 73.9531, 73.9531, 73.9375, 73.9375, 73.9375, 73.9375,
        73.9375, 73.9375, 73.9375, 73.9375, 73.9219, 73.9219, 73.9219, 73.9219,
        73.9062, 73.9062, 73.9062, 73.9062, 73.8906, 73.8906, 73.8906, 73.8750,
        73.8750, 73.8750, 73.8750, 73.8438, 73.8438, 73.7812, 73.7188, 73.6719,
        73.5938, 73.5156, 73.4375, 73.3438, 73.3125, 73.2656, 73.2656, 73.2188,
        73.1875, 73.1719, 73.1406, 73.1406, 73.1406, 73.1250, 73.1250, 73.1250,
        73.1250, 73.1250, 73.1094, 73.1094, 73.0938, 73.0938, 73.0938, 73.0938,
        73.0781, 73.0781, 73.0781, 73.0625, 73.0469, 73.0469, 73.0312, 73.0312,
        73.0312, 73.0312, 73.0312, 73.0156, 73.0000, 73.0000, 73.0000, 73.0000,
        72.9844, 72.9688, 72.9688, 72.9688, 72.9688, 72.9688, 72.9688, 72.9688,
        72.9531, 72.9531, 72.9531, 72.9375, 72.9375, 72.9375, 72.9375, 72.9375,
        72.9375, 72.9375, 72.9375, 72.9375, 72.9375, 72.9062, 72.9062, 72.9062,
        72.9062, 72.9062, 72.9062, 72.8906, 72.8906, 72.8906, 72.8906, 72.8906,
        72.8906, 72.8906, 72.8750, 72.8750, 72.8750, 72.8750, 72.8594, 72.8594,
        72.8594, 72.8594, 72.8594, 72.8594, 72.8594, 72.8438, 72.8438, 72.8438,
        72.8438, 72.8438, 72.8281, 72.8281, 72.8125, 72.8125, 72.8125, 72.8125,
        72.8125, 72.7812, 72.7812, 72.7812, 72.7812, 72.7656, 72.7656, 72.7656,
        72.7656, 72.7500, 72.7500, 72.7500, 72.7344, 72.7344, 72.7188, 72.7188,
        72.7188, 72.7188, 72.7188, 72.7188, 72.7188, 72.7188, 72.7031, 72.7031,
        72.7031, 72.6875, 72.6719, 72.6562, 72.6406, 72.6250, 72.6094, 72.6094,
        72.5938, 72.5938, 72.5625, 72.5156])
[2024-09-22 23:26:02,057][websockets.server][INFO] - server listening on 0.0.0.0:8080
[2024-09-22 23:26:03,574][websockets.server][INFO] - connection open
[2024-09-22 23:26:04,350][websockets.server][INFO] - connection open
[2024-09-22 23:26:10,684][root][INFO] - Succeeded to open port: /dev/ttyUSB0
[2024-09-22 23:26:10,685][root][INFO] - Succeeded to set baudrate to 3000000
