[2024-09-20 17:16:17,143][root][INFO] - self.cfg: 
 lr: 0.0001
c_in: 6
zfar: 'Infinity'
debug: null
n_view: 1
run_id: 3wy8qqex
use_BN: true
exp_name: 2024-01-11-20-02-45
n_epochs: 62
save_dir: /home/bowenw/debug/2024-01-11-20-02-45/
use_mask: false
loss_type: pairwise_valid
optimizer: adam
batch_size: 64
crop_ratio: 1.1
enable_amp: true
use_normal: false
max_num_key: null
warmup_step: -1
input_resize:
- 160
- 160
max_step_val: 1000
vis_interval: 1000
weight_decay: 0
normalize_xyz: true
resume_run_id: null
clip_grad_norm: 'Infinity'
lr_epoch_decay: 500
render_backend: nvdiffrast
train_num_pair: 5
lr_decay_epochs:
- 50
n_epochs_warmup: 1
make_pair_online: false
gradient_max_norm: 'Infinity'
max_step_per_epoch: 10000
n_rendering_workers: 1
save_epoch_interval: 100
n_dataloader_workers: 100
split_objects_across_gpus: true
ckpt_dir: FoundationPose/learning/training/../../weights/2024-01-11-20-02-45/model_best.pth

[2024-09-20 17:16:17,143][root][INFO] - self.h5_file:None
[2024-09-20 17:16:17,312][root][INFO] - Using pretrained model from FoundationPose/learning/training/../../weights/2024-01-11-20-02-45/model_best.pth
[2024-09-20 17:16:17,380][root][INFO] - init done
[2024-09-20 17:16:17,380][root][INFO] - welcome
[2024-09-20 17:16:17,383][root][INFO] - self.cfg: 
 lr: 0.0001
c_in: 6
zfar: .inf
debug: null
w_rot: 0.1
n_view: 1
run_id: null
use_BN: true
rot_rep: axis_angle
ckpt_dir: FoundationPose/learning/training/../../weights/2023-10-28-18-33-37/model_best.pth
exp_name: 2023-10-28-18-33-37
save_dir: /tmp/2023-10-28-18-33-37/
loss_type: l2
optimizer: adam
trans_rep: tracknet
batch_size: 64
crop_ratio: 1.2
use_normal: false
BN_momentum: 0.1
max_num_key: null
warmup_step: -1
input_resize:
- 160
- 160
max_step_val: 1000
normal_uint8: false
vis_interval: 1000
weight_decay: 0
n_max_objects: null
normalize_xyz: true
clip_grad_norm: 'Infinity'
rot_normalizer: 0.3490658503988659
trans_normalizer:
- 0.019999999552965164
- 0.019999999552965164
- 0.05000000074505806
max_step_per_epoch: 25000
val_epoch_interval: 10
n_dataloader_workers: 60
enable_amp: true
use_mask: false

[2024-09-20 17:16:17,383][root][INFO] - self.h5_file:
[2024-09-20 17:16:17,456][root][INFO] - Using pretrained model from FoundationPose/learning/training/../../weights/2023-10-28-18-33-37/model_best.pth
[2024-09-20 17:16:17,481][root][INFO] - init done
[2024-09-20 17:16:19,225][root][INFO] - self.diameter:0.08397155096556706, vox_size:0.0041985775482783535
[2024-09-20 17:16:19,240][root][INFO] - self.pts:torch.Size([1273, 3])
[2024-09-20 17:16:20,058][root][INFO] - reset done
[2024-09-20 17:16:20,059][root][INFO] - cam_in_obs:(42, 4, 4)
[2024-09-20 17:16:20,061][root][INFO] - rot_grid:(252, 4, 4)
[2024-09-20 17:16:20,062][root][INFO] - after cluster, rot_grid:(252, 4, 4)
[2024-09-20 17:16:20,062][root][INFO] - self.rot_grid: torch.Size([252, 4, 4])
[2024-09-20 17:16:39,872][root][INFO] - Welcome
[2024-09-20 17:16:39,887][root][INFO] - poses:(252, 4, 4)
[2024-09-20 17:16:39,898][root][INFO] - after viewpoint, add_errs min:-1.0
[2024-09-20 17:16:39,958][root][INFO] - ob_in_cams:(252, 4, 4)
[2024-09-20 17:16:39,958][root][INFO] - self.cfg.use_normal:False
[2024-09-20 17:16:39,963][root][INFO] - trans_normalizer:[0.019999999552965164, 0.019999999552965164, 0.05000000074505806], rot_normalizer:0.3490658503988659
[2024-09-20 17:16:39,975][root][INFO] - making cropped data
[2024-09-20 17:16:39,975][root][INFO] - Welcome make_crop_data_batch
[2024-09-20 17:16:39,979][root][INFO] - make tf_to_crops done
[2024-09-20 17:16:40,007][root][INFO] - render done
[2024-09-20 17:16:40,013][root][INFO] - warp done
[2024-09-20 17:16:40,018][root][INFO] - pose batch data done
[2024-09-20 17:16:40,018][root][INFO] - forward start
[2024-09-20 17:16:40,148][root][INFO] - forward done
[2024-09-20 17:16:40,161][root][INFO] - making cropped data
[2024-09-20 17:16:40,161][root][INFO] - Welcome make_crop_data_batch
[2024-09-20 17:16:40,162][root][INFO] - make tf_to_crops done
[2024-09-20 17:16:40,181][root][INFO] - render done
[2024-09-20 17:16:40,186][root][INFO] - warp done
[2024-09-20 17:16:40,189][root][INFO] - pose batch data done
[2024-09-20 17:16:40,189][root][INFO] - forward start
[2024-09-20 17:16:40,190][root][INFO] - forward done
[2024-09-20 17:16:40,190][root][INFO] - making cropped data
[2024-09-20 17:16:40,190][root][INFO] - Welcome make_crop_data_batch
[2024-09-20 17:16:40,300][root][INFO] - make tf_to_crops done
[2024-09-20 17:16:40,319][root][INFO] - render done
[2024-09-20 17:16:40,324][root][INFO] - warp done
[2024-09-20 17:16:40,327][root][INFO] - pose batch data done
[2024-09-20 17:16:40,327][root][INFO] - forward start
[2024-09-20 17:16:40,328][root][INFO] - forward done
[2024-09-20 17:16:40,329][root][INFO] - making cropped data
[2024-09-20 17:16:40,329][root][INFO] - Welcome make_crop_data_batch
[2024-09-20 17:16:40,438][root][INFO] - make tf_to_crops done
[2024-09-20 17:16:40,457][root][INFO] - render done
[2024-09-20 17:16:40,461][root][INFO] - warp done
[2024-09-20 17:16:40,463][root][INFO] - pose batch data done
[2024-09-20 17:16:40,464][root][INFO] - forward start
[2024-09-20 17:16:40,465][root][INFO] - forward done
[2024-09-20 17:16:40,466][root][INFO] - making cropped data
[2024-09-20 17:16:40,466][root][INFO] - Welcome make_crop_data_batch
[2024-09-20 17:16:40,577][root][INFO] - make tf_to_crops done
[2024-09-20 17:16:40,595][root][INFO] - render done
[2024-09-20 17:16:40,599][root][INFO] - warp done
[2024-09-20 17:16:40,603][root][INFO] - pose batch data done
[2024-09-20 17:16:40,603][root][INFO] - forward start
[2024-09-20 17:16:40,604][root][INFO] - forward done
[2024-09-20 17:16:40,730][root][INFO] - ob_in_cams:(252, 4, 4)
[2024-09-20 17:16:40,730][root][INFO] - self.cfg.use_normal:False
[2024-09-20 17:16:40,730][root][INFO] - making cropped data
[2024-09-20 17:16:40,739][root][INFO] - Welcome make_crop_data_batch
[2024-09-20 17:16:40,740][root][INFO] - make tf_to_crops done
[2024-09-20 17:16:40,756][root][INFO] - render done
[2024-09-20 17:16:40,897][root][INFO] - pose batch data done
[2024-09-20 17:16:40,897][root][INFO] - pose_data.rgbAs.shape[0]: 252
[2024-09-20 17:16:41,004][root][INFO] - forward done
[2024-09-20 17:16:41,021][root][INFO] - final, add_errs min:-1.0
[2024-09-20 17:16:41,031][root][INFO] - sort ids:tensor([134,  74,   8,  98, 104,  75, 170,   0,  42, 126, 132,  72,   9,   3,
         54, 105,  43, 184,   7, 109, 193,  99,   4,  91, 226,  56, 192, 127,
        175, 202, 168, 221,  55, 232,  31,  33, 130, 141, 237, 188, 242,  34,
         45, 181,  96,  62,  69,  76, 227,  15,  68,  77, 195, 201, 246,  64,
        208,  32,  70, 203, 241,  51,  57,  63,  66,  81,  84, 156, 213, 215,
         61, 125, 248,   6,  17, 131, 207, 225, 243, 249,  27, 144, 200, 222,
         79, 218, 234,  13,  18,  48, 118, 177, 214, 231,   2, 133, 112, 206,
        233, 247, 115,   5, 153, 250,  52, 100, 162, 166,  25,  65, 121, 219,
        228,  10,  24,  53, 120, 136, 172, 173, 236, 245,  21,  58, 129, 148,
        169, 182, 235, 239,  19,  93, 223, 230,  50,  67,  83, 117,  71, 107,
         26, 111, 142, 198, 216,  23,  73,  78,  87,  89,  94, 158,  60, 114,
        199, 204,  22, 155, 178, 183, 251,  16,  12,  86,  92, 110, 123, 186,
        220,  14, 159, 167,  11,  97, 135, 147, 149, 160, 211, 229, 240,  39,
         95, 113, 138, 152, 161, 224, 244,  20, 119, 150, 176, 179,  82, 171,
        191,  28,  46, 189,  35, 116, 139, 163, 209,  88, 122, 124, 210,  59,
        180, 196, 194,  36,  47,  49,  85,  90, 174, 102, 106, 190, 212,   1,
        217, 143, 154,  41,  44, 145, 165,  80, 108, 140,  30,  37, 101, 128,
        197, 205,  38, 103, 151, 185, 187, 146,  29,  40, 238, 157, 137, 164])
[2024-09-20 17:16:41,035][root][INFO] - sorted scores:tensor([103.9648, 103.9473, 103.9453, 103.9453, 103.9434, 103.9414, 103.9355,
        103.6562, 103.6426, 103.6348, 103.6270, 103.6133, 103.5898, 103.5625,
        103.5605, 103.5469, 103.5430, 103.5410, 103.5391, 103.5391, 103.5352,
        103.5312, 103.5293, 103.5293, 103.5254, 103.5234, 103.5195, 103.5176,
        103.5156, 103.5156, 103.5137, 103.5137, 103.5117, 103.5117, 103.5098,
        103.5098, 103.5098, 103.5098, 103.5098, 103.5078, 103.5039, 103.5020,
        103.5000, 103.5000, 103.4980, 103.4961, 103.4961, 103.4961, 103.4902,
        103.4883, 103.4883, 103.4883, 103.4883, 103.4883, 103.4883, 103.4863,
        103.4863, 103.4844, 103.4844, 103.4844, 103.4844, 103.4824, 103.4824,
        103.4824, 103.4824, 103.4824, 103.4824, 103.4824, 103.4824, 103.4824,
        103.4805, 103.4805, 103.4805, 103.4785, 103.4785, 103.4785, 103.4785,
        103.4785, 103.4785, 103.4785, 103.4766, 103.4766, 103.4766, 103.4766,
        103.4746, 103.4746, 103.4746, 103.4727, 103.4727, 103.4727, 103.4727,
        103.4727, 103.4727, 103.4727, 103.4707, 103.4707, 103.4688, 103.4688,
        103.4688, 103.4688, 103.4668, 103.4648, 103.4648, 103.4648, 103.4629,
        103.4629, 103.4629, 103.4629, 103.4609, 103.4609, 103.4609, 103.4609,
        103.4609, 103.4590, 103.4590, 103.4590, 103.4590, 103.4590, 103.4590,
        103.4590, 103.4570, 103.4570, 103.4551, 103.4551, 103.4551, 103.4551,
        103.4551, 103.4551, 103.4551, 103.4551, 103.4531, 103.4531, 103.4531,
        103.4531, 103.4512, 103.4512, 103.4512, 103.4512, 103.4492, 103.4492,
        103.4473, 103.4473, 103.4473, 103.4473, 103.4473, 103.4453, 103.4453,
        103.4453, 103.4453, 103.4453, 103.4453, 103.4453, 103.4434, 103.4434,
        103.4434, 103.4434, 103.4414, 103.4414, 103.4395, 103.4395, 103.4395,
        103.4375, 103.4355, 103.4355, 103.4355, 103.4355, 103.4355, 103.4355,
        103.4355, 103.4336, 103.4336, 103.4336, 103.4316, 103.4316, 103.4316,
        103.4316, 103.4316, 103.4316, 103.4316, 103.4316, 103.4316, 103.4297,
        103.4297, 103.4297, 103.4297, 103.4297, 103.4297, 103.4297, 103.4297,
        103.4277, 103.4277, 103.4277, 103.4277, 103.4277, 103.4258, 103.4258,
        103.4258, 103.4238, 103.4238, 103.4238, 103.4180, 103.4180, 103.4180,
        103.4180, 103.4180, 103.4160, 103.4160, 103.4160, 103.4160, 103.4121,
        103.4121, 103.4121, 103.4102, 103.4082, 103.4082, 103.4082, 103.4082,
        103.4082, 103.4082, 103.4062, 103.4043, 103.4043, 103.4043, 103.4023,
        103.4023, 103.4004, 103.4004, 103.3984, 103.3984, 103.3965, 103.3965,
        103.3945, 103.3945, 103.3945, 103.3906, 103.3906, 103.3906, 103.3906,
        103.3906, 103.3887, 103.3828, 103.3828, 103.3828, 103.3828, 103.3828,
        103.3789, 103.3770, 103.3770, 103.3750, 103.3691, 103.3633, 103.3594])
[2024-09-20 17:16:45,980][websockets.server][INFO] - server listening on 0.0.0.0:8080
[2024-09-20 17:16:47,755][websockets.server][INFO] - connection open
[2024-09-20 17:17:05,131][root][INFO] - Succeeded to open port: /dev/ttyUSB0
[2024-09-20 17:17:05,132][root][INFO] - Succeeded to set baudrate to 3000000
[2024-09-20 17:17:10,570][websockets.server][INFO] - connection open
[2024-09-20 17:17:29,033][root][ERROR] - > write_byte: [Motor ID: 6] [RxPacketError] Hardware error occurred. Check the error at Control Table (Hardware Error Status)!
[2024-09-20 17:17:29,177][root][ERROR] - Could not set torque disabled for IDs: [6]
