[2024-09-20 14:27:55,251][root][INFO] - self.cfg: 
 lr: 0.0001
c_in: 6
zfar: 'Infinity'
debug: null
n_view: 1
run_id: 3wy8qqex
use_BN: true
exp_name: 2024-01-11-20-02-45
n_epochs: 62
save_dir: /home/bowenw/debug/2024-01-11-20-02-45/
use_mask: false
loss_type: pairwise_valid
optimizer: adam
batch_size: 64
crop_ratio: 1.1
enable_amp: true
use_normal: false
max_num_key: null
warmup_step: -1
input_resize:
- 160
- 160
max_step_val: 1000
vis_interval: 1000
weight_decay: 0
normalize_xyz: true
resume_run_id: null
clip_grad_norm: 'Infinity'
lr_epoch_decay: 500
render_backend: nvdiffrast
train_num_pair: 5
lr_decay_epochs:
- 50
n_epochs_warmup: 1
make_pair_online: false
gradient_max_norm: 'Infinity'
max_step_per_epoch: 10000
n_rendering_workers: 1
save_epoch_interval: 100
n_dataloader_workers: 100
split_objects_across_gpus: true
ckpt_dir: FoundationPose/learning/training/../../weights/2024-01-11-20-02-45/model_best.pth

[2024-09-20 14:27:55,251][root][INFO] - self.h5_file:None
[2024-09-20 14:27:55,459][root][INFO] - Using pretrained model from FoundationPose/learning/training/../../weights/2024-01-11-20-02-45/model_best.pth
[2024-09-20 14:27:55,525][root][INFO] - init done
[2024-09-20 14:27:55,525][root][INFO] - welcome
[2024-09-20 14:27:55,528][root][INFO] - self.cfg: 
 lr: 0.0001
c_in: 6
zfar: .inf
debug: null
w_rot: 0.1
n_view: 1
run_id: null
use_BN: true
rot_rep: axis_angle
ckpt_dir: FoundationPose/learning/training/../../weights/2023-10-28-18-33-37/model_best.pth
exp_name: 2023-10-28-18-33-37
save_dir: /tmp/2023-10-28-18-33-37/
loss_type: l2
optimizer: adam
trans_rep: tracknet
batch_size: 64
crop_ratio: 1.2
use_normal: false
BN_momentum: 0.1
max_num_key: null
warmup_step: -1
input_resize:
- 160
- 160
max_step_val: 1000
normal_uint8: false
vis_interval: 1000
weight_decay: 0
n_max_objects: null
normalize_xyz: true
clip_grad_norm: 'Infinity'
rot_normalizer: 0.3490658503988659
trans_normalizer:
- 0.019999999552965164
- 0.019999999552965164
- 0.05000000074505806
max_step_per_epoch: 25000
val_epoch_interval: 10
n_dataloader_workers: 60
enable_amp: true
use_mask: false

[2024-09-20 14:27:55,529][root][INFO] - self.h5_file:
[2024-09-20 14:27:55,595][root][INFO] - Using pretrained model from FoundationPose/learning/training/../../weights/2023-10-28-18-33-37/model_best.pth
[2024-09-20 14:27:55,615][root][INFO] - init done
[2024-09-20 14:27:57,831][root][INFO] - self.diameter:0.17908105308944297, vox_size:0.008954052654472149
[2024-09-20 14:27:57,845][root][INFO] - self.pts:torch.Size([630, 3])
[2024-09-20 14:27:58,941][root][INFO] - reset done
[2024-09-20 14:27:58,942][root][INFO] - cam_in_obs:(42, 4, 4)
[2024-09-20 14:27:58,952][root][INFO] - rot_grid:(252, 4, 4)
[2024-09-20 14:27:58,953][root][INFO] - after cluster, rot_grid:(252, 4, 4)
[2024-09-20 14:27:58,954][root][INFO] - self.rot_grid: torch.Size([252, 4, 4])
[2024-09-20 14:28:09,834][root][INFO] - Welcome
[2024-09-20 14:28:09,848][root][INFO] - poses:(252, 4, 4)
[2024-09-20 14:28:09,860][root][INFO] - after viewpoint, add_errs min:-1.0
[2024-09-20 14:28:09,933][root][INFO] - ob_in_cams:(252, 4, 4)
[2024-09-20 14:28:09,933][root][INFO] - self.cfg.use_normal:False
[2024-09-20 14:28:09,933][root][INFO] - trans_normalizer:[0.019999999552965164, 0.019999999552965164, 0.05000000074505806], rot_normalizer:0.3490658503988659
[2024-09-20 14:28:09,940][root][INFO] - making cropped data
[2024-09-20 14:28:09,940][root][INFO] - Welcome make_crop_data_batch
[2024-09-20 14:28:09,944][root][INFO] - make tf_to_crops done
[2024-09-20 14:28:09,979][root][INFO] - render done
[2024-09-20 14:28:09,986][root][INFO] - warp done
[2024-09-20 14:28:09,992][root][INFO] - pose batch data done
[2024-09-20 14:28:09,992][root][INFO] - forward start
[2024-09-20 14:28:10,116][root][INFO] - forward done
[2024-09-20 14:28:10,129][root][INFO] - making cropped data
[2024-09-20 14:28:10,129][root][INFO] - Welcome make_crop_data_batch
[2024-09-20 14:28:10,130][root][INFO] - make tf_to_crops done
[2024-09-20 14:28:10,154][root][INFO] - render done
[2024-09-20 14:28:10,159][root][INFO] - warp done
[2024-09-20 14:28:10,162][root][INFO] - pose batch data done
[2024-09-20 14:28:10,162][root][INFO] - forward start
[2024-09-20 14:28:10,163][root][INFO] - forward done
[2024-09-20 14:28:10,163][root][INFO] - making cropped data
[2024-09-20 14:28:10,164][root][INFO] - Welcome make_crop_data_batch
[2024-09-20 14:28:10,276][root][INFO] - make tf_to_crops done
[2024-09-20 14:28:10,299][root][INFO] - render done
[2024-09-20 14:28:10,305][root][INFO] - warp done
[2024-09-20 14:28:10,307][root][INFO] - pose batch data done
[2024-09-20 14:28:10,308][root][INFO] - forward start
[2024-09-20 14:28:10,309][root][INFO] - forward done
[2024-09-20 14:28:10,309][root][INFO] - making cropped data
[2024-09-20 14:28:10,309][root][INFO] - Welcome make_crop_data_batch
[2024-09-20 14:28:10,418][root][INFO] - make tf_to_crops done
[2024-09-20 14:28:10,442][root][INFO] - render done
[2024-09-20 14:28:10,446][root][INFO] - warp done
[2024-09-20 14:28:10,448][root][INFO] - pose batch data done
[2024-09-20 14:28:10,448][root][INFO] - forward start
[2024-09-20 14:28:10,450][root][INFO] - forward done
[2024-09-20 14:28:10,450][root][INFO] - making cropped data
[2024-09-20 14:28:10,450][root][INFO] - Welcome make_crop_data_batch
[2024-09-20 14:28:10,560][root][INFO] - make tf_to_crops done
[2024-09-20 14:28:10,583][root][INFO] - render done
[2024-09-20 14:28:10,589][root][INFO] - warp done
[2024-09-20 14:28:10,592][root][INFO] - pose batch data done
[2024-09-20 14:28:10,592][root][INFO] - forward start
[2024-09-20 14:28:10,593][root][INFO] - forward done
[2024-09-20 14:28:10,716][root][INFO] - ob_in_cams:(252, 4, 4)
[2024-09-20 14:28:10,717][root][INFO] - self.cfg.use_normal:False
[2024-09-20 14:28:10,717][root][INFO] - making cropped data
[2024-09-20 14:28:10,724][root][INFO] - Welcome make_crop_data_batch
[2024-09-20 14:28:10,725][root][INFO] - make tf_to_crops done
[2024-09-20 14:28:10,747][root][INFO] - render done
[2024-09-20 14:28:10,889][root][INFO] - pose batch data done
[2024-09-20 14:28:10,889][root][INFO] - pose_data.rgbAs.shape[0]: 252
[2024-09-20 14:28:10,995][root][INFO] - forward done
[2024-09-20 14:28:11,013][root][INFO] - final, add_errs min:-1.0
[2024-09-20 14:28:11,022][root][INFO] - sort ids:tensor([127, 145,   5,   7,  74,  76,  77, 104,  26,   8, 100,   4, 125,  13,
         57, 115, 133, 226, 230,  60,  83, 131,  23,  41, 205,  14,  79,  80,
         85, 126,  10,  86,  94,  98, 120, 137,  22,  28,  51,  73,  82, 103,
        124, 144, 178, 199,  37,  78, 114, 147, 152, 170,  18,  25,  35,  45,
         72, 132, 192, 240, 241,   2,  17,  30,  46, 181, 186, 191, 214,   1,
          3,  11,  31,  58,  87, 134, 140, 148, 166, 182, 209, 222, 223, 233,
        239,   0,  69,  93,  97, 101, 112, 119, 128, 158, 163, 168, 172, 175,
        193, 198, 249,  81,  91,  92, 105, 106, 130, 154, 173, 180, 195, 219,
          6,  12,  15,  21,  29,  40,  48,  84,  88, 136, 149, 165, 208, 213,
        218, 224, 242,   9,  19,  42,  63,  75,  89,  95,  99, 102, 116, 123,
        157, 167, 169, 176, 190, 200, 203, 217, 225, 232, 250,  16,  24,  34,
         36,  38,  44,  47,  54,  96, 107, 118, 146, 151, 171, 188, 215, 216,
        228, 234, 238, 244,  20,  27,  39,  43,  90, 108, 117, 121, 122, 129,
        135, 150, 159, 179, 207, 221, 243,  32,  33,  66,  67, 141, 153, 156,
        161, 184, 206, 210, 227, 229, 231,  50,  52,  62, 111, 113, 164, 189,
        236, 237, 245, 246,  49,  53,  59,  68,  71, 138, 139, 155, 162, 185,
        194, 197, 202, 204, 211, 212, 220, 235, 248, 251,  56,  64,  65, 109,
        110, 174, 177, 183, 187, 196, 247,  55,  61,  70, 142, 143, 160, 201])
[2024-09-20 14:28:11,026][root][INFO] - sorted scores:tensor([137.8125, 137.7500, 137.7188, 137.6875, 137.6875, 137.6875, 137.6875,
        137.6875, 137.6562, 137.6250, 137.6250, 137.5938, 137.5625, 137.5312,
        137.5312, 137.5312, 137.5312, 137.5312, 137.5312, 137.5000, 137.5000,
        137.5000, 137.4688, 137.4375, 137.4375, 137.4062, 137.4062, 137.4062,
        137.4062, 137.4062, 137.3750, 137.3750, 137.3750, 137.3750, 137.3750,
        137.3750, 137.3438, 137.3438, 137.3438, 137.3438, 137.3438, 137.3438,
        137.3438, 137.3438, 137.3438, 137.3438, 137.3125, 137.3125, 137.3125,
        137.3125, 137.3125, 137.3125, 137.2812, 137.2812, 137.2812, 137.2812,
        137.2812, 137.2812, 137.2812, 137.2812, 137.2812, 137.2500, 137.2500,
        137.2500, 137.2500, 137.2500, 137.2500, 137.2500, 137.2500, 137.2188,
        137.2188, 137.2188, 137.2188, 137.2188, 137.2188, 137.2188, 137.2188,
        137.2188, 137.2188, 137.2188, 137.2188, 137.2188, 137.2188, 137.2188,
        137.2188, 137.1875, 137.1875, 137.1875, 137.1875, 137.1875, 137.1875,
        137.1875, 137.1875, 137.1875, 137.1875, 137.1875, 137.1875, 137.1875,
        137.1875, 137.1875, 137.1875, 137.1562, 137.1562, 137.1562, 137.1562,
        137.1562, 137.1562, 137.1562, 137.1562, 137.1562, 137.1562, 137.1562,
        137.1250, 137.1250, 137.1250, 137.1250, 137.1250, 137.1250, 137.1250,
        137.1250, 137.1250, 137.1250, 137.1250, 137.1250, 137.1250, 137.1250,
        137.1250, 137.1250, 137.1250, 137.0938, 137.0938, 137.0938, 137.0938,
        137.0938, 137.0938, 137.0938, 137.0938, 137.0938, 137.0938, 137.0938,
        137.0938, 137.0938, 137.0938, 137.0938, 137.0938, 137.0938, 137.0938,
        137.0938, 137.0938, 137.0938, 137.0938, 137.0625, 137.0625, 137.0625,
        137.0625, 137.0625, 137.0625, 137.0625, 137.0625, 137.0625, 137.0625,
        137.0625, 137.0625, 137.0625, 137.0625, 137.0625, 137.0625, 137.0625,
        137.0625, 137.0625, 137.0625, 137.0625, 137.0312, 137.0312, 137.0312,
        137.0312, 137.0312, 137.0312, 137.0312, 137.0312, 137.0312, 137.0312,
        137.0312, 137.0312, 137.0312, 137.0312, 137.0312, 137.0312, 137.0312,
        137.0000, 137.0000, 137.0000, 137.0000, 137.0000, 137.0000, 137.0000,
        137.0000, 137.0000, 137.0000, 137.0000, 137.0000, 137.0000, 137.0000,
        136.9688, 136.9688, 136.9688, 136.9688, 136.9688, 136.9688, 136.9688,
        136.9688, 136.9688, 136.9688, 136.9688, 136.9375, 136.9375, 136.9375,
        136.9375, 136.9375, 136.9375, 136.9375, 136.9375, 136.9375, 136.9375,
        136.9375, 136.9375, 136.9375, 136.9375, 136.9375, 136.9375, 136.9375,
        136.9375, 136.9375, 136.9375, 136.9062, 136.9062, 136.9062, 136.9062,
        136.9062, 136.9062, 136.9062, 136.9062, 136.9062, 136.9062, 136.9062,
        136.8750, 136.8750, 136.8750, 136.8750, 136.8750, 136.8750, 136.8750])
[2024-09-20 14:28:22,304][websockets.server][INFO] - server listening on 0.0.0.0:8080
[2024-09-20 14:28:22,789][websockets.server][INFO] - connection open
[2024-09-20 14:28:25,761][websockets.server][INFO] - connection open
[2024-09-20 14:28:29,176][root][INFO] - Succeeded to open port: /dev/ttyUSB0
[2024-09-20 14:28:29,177][root][INFO] - Succeeded to set baudrate to 3000000
