[2024-10-25 15:11:53,453][websockets.server][INFO] - server listening on 0.0.0.0:8080
[2024-10-25 15:11:53,521][websockets.server][INFO] - connection open
[2024-10-25 15:11:53,586][root][INFO] - self.cfg: 
 lr: 0.0001
c_in: 6
zfar: 'Infinity'
debug: null
n_view: 1
run_id: 3wy8qqex
use_BN: true
exp_name: 2024-01-11-20-02-45
n_epochs: 62
save_dir: /home/bowenw/debug/2024-01-11-20-02-45/
use_mask: false
loss_type: pairwise_valid
optimizer: adam
batch_size: 64
crop_ratio: 1.1
enable_amp: true
use_normal: false
max_num_key: null
warmup_step: -1
input_resize:
- 160
- 160
max_step_val: 1000
vis_interval: 1000
weight_decay: 0
normalize_xyz: true
resume_run_id: null
clip_grad_norm: 'Infinity'
lr_epoch_decay: 500
render_backend: nvdiffrast
train_num_pair: 5
lr_decay_epochs:
- 50
n_epochs_warmup: 1
make_pair_online: false
gradient_max_norm: 'Infinity'
max_step_per_epoch: 10000
n_rendering_workers: 1
save_epoch_interval: 100
n_dataloader_workers: 100
split_objects_across_gpus: true
ckpt_dir: /home/shaol/gjx/rw/third_party/FoundationPose/learning/training/../../weights/2024-01-11-20-02-45/model_best.pth

[2024-10-25 15:11:53,586][root][INFO] - self.h5_file:None
[2024-10-25 15:11:53,751][root][INFO] - Using pretrained model from /home/shaol/gjx/rw/third_party/FoundationPose/learning/training/../../weights/2024-01-11-20-02-45/model_best.pth
[2024-10-25 15:11:53,812][root][INFO] - init done
[2024-10-25 15:11:53,812][root][INFO] - welcome
[2024-10-25 15:11:53,816][root][INFO] - self.cfg: 
 lr: 0.0001
c_in: 6
zfar: .inf
debug: null
w_rot: 0.1
n_view: 1
run_id: null
use_BN: true
rot_rep: axis_angle
ckpt_dir: /home/shaol/gjx/rw/third_party/FoundationPose/learning/training/../../weights/2023-10-28-18-33-37/model_best.pth
exp_name: 2023-10-28-18-33-37
save_dir: /tmp/2023-10-28-18-33-37/
loss_type: l2
optimizer: adam
trans_rep: tracknet
batch_size: 64
crop_ratio: 1.2
use_normal: false
BN_momentum: 0.1
max_num_key: null
warmup_step: -1
input_resize:
- 160
- 160
max_step_val: 1000
normal_uint8: false
vis_interval: 1000
weight_decay: 0
n_max_objects: null
normalize_xyz: true
clip_grad_norm: 'Infinity'
rot_normalizer: 0.3490658503988659
trans_normalizer:
- 0.019999999552965164
- 0.019999999552965164
- 0.05000000074505806
max_step_per_epoch: 25000
val_epoch_interval: 10
n_dataloader_workers: 60
enable_amp: true
use_mask: false

[2024-10-25 15:11:53,816][root][INFO] - self.h5_file:
[2024-10-25 15:11:53,861][websockets.server][INFO] - connection open
[2024-10-25 15:11:53,868][root][INFO] - Using pretrained model from /home/shaol/gjx/rw/third_party/FoundationPose/learning/training/../../weights/2023-10-28-18-33-37/model_best.pth
[2024-10-25 15:11:53,891][root][INFO] - init done
[2024-10-25 15:11:55,075][root][INFO] - self.diameter:0.09668672292280457, vox_size:0.004834336146140228
[2024-10-25 15:11:55,088][root][INFO] - self.pts:torch.Size([735, 3])
[2024-10-25 15:11:56,022][root][INFO] - reset done
[2024-10-25 15:11:56,022][root][INFO] - cam_in_obs:(42, 4, 4)
[2024-10-25 15:11:56,024][root][INFO] - rot_grid:(252, 4, 4)
[2024-10-25 15:11:56,025][root][INFO] - after cluster, rot_grid:(252, 4, 4)
[2024-10-25 15:11:56,025][root][INFO] - self.rot_grid: torch.Size([252, 4, 4])
[2024-10-25 15:12:29,410][root][INFO] - Welcome
[2024-10-25 15:12:29,425][root][INFO] - poses:(252, 4, 4)
[2024-10-25 15:12:29,437][root][INFO] - after viewpoint, add_errs min:-1.0
[2024-10-25 15:12:29,509][root][INFO] - ob_in_cams:(252, 4, 4)
[2024-10-25 15:12:29,509][root][INFO] - self.cfg.use_normal:False
[2024-10-25 15:12:29,509][root][INFO] - trans_normalizer:[0.019999999552965164, 0.019999999552965164, 0.05000000074505806], rot_normalizer:0.3490658503988659
[2024-10-25 15:12:29,511][root][INFO] - making cropped data
[2024-10-25 15:12:29,511][root][INFO] - Welcome make_crop_data_batch
[2024-10-25 15:12:29,515][root][INFO] - make tf_to_crops done
[2024-10-25 15:12:29,537][root][INFO] - render done
[2024-10-25 15:12:29,542][root][INFO] - warp done
[2024-10-25 15:12:29,547][root][INFO] - pose batch data done
[2024-10-25 15:12:29,547][root][INFO] - forward start
[2024-10-25 15:12:29,673][root][INFO] - forward done
[2024-10-25 15:12:29,684][root][INFO] - making cropped data
[2024-10-25 15:12:29,684][root][INFO] - Welcome make_crop_data_batch
[2024-10-25 15:12:29,684][root][INFO] - make tf_to_crops done
[2024-10-25 15:12:29,700][root][INFO] - render done
[2024-10-25 15:12:29,704][root][INFO] - warp done
[2024-10-25 15:12:29,706][root][INFO] - pose batch data done
[2024-10-25 15:12:29,706][root][INFO] - forward start
[2024-10-25 15:12:29,708][root][INFO] - forward done
[2024-10-25 15:12:29,708][root][INFO] - making cropped data
[2024-10-25 15:12:29,708][root][INFO] - Welcome make_crop_data_batch
[2024-10-25 15:12:29,808][root][INFO] - make tf_to_crops done
[2024-10-25 15:12:29,823][root][INFO] - render done
[2024-10-25 15:12:29,827][root][INFO] - warp done
[2024-10-25 15:12:29,829][root][INFO] - pose batch data done
[2024-10-25 15:12:29,829][root][INFO] - forward start
[2024-10-25 15:12:29,830][root][INFO] - forward done
[2024-10-25 15:12:29,831][root][INFO] - making cropped data
[2024-10-25 15:12:29,831][root][INFO] - Welcome make_crop_data_batch
[2024-10-25 15:12:29,929][root][INFO] - make tf_to_crops done
[2024-10-25 15:12:29,944][root][INFO] - render done
[2024-10-25 15:12:29,948][root][INFO] - warp done
[2024-10-25 15:12:29,951][root][INFO] - pose batch data done
[2024-10-25 15:12:29,951][root][INFO] - forward start
[2024-10-25 15:12:29,952][root][INFO] - forward done
[2024-10-25 15:12:29,952][root][INFO] - making cropped data
[2024-10-25 15:12:29,953][root][INFO] - Welcome make_crop_data_batch
[2024-10-25 15:12:30,051][root][INFO] - make tf_to_crops done
[2024-10-25 15:12:30,066][root][INFO] - render done
[2024-10-25 15:12:30,069][root][INFO] - warp done
[2024-10-25 15:12:30,072][root][INFO] - pose batch data done
[2024-10-25 15:12:30,072][root][INFO] - forward start
[2024-10-25 15:12:30,074][root][INFO] - forward done
[2024-10-25 15:12:30,186][root][INFO] - ob_in_cams:(252, 4, 4)
[2024-10-25 15:12:30,186][root][INFO] - self.cfg.use_normal:False
[2024-10-25 15:12:30,186][root][INFO] - making cropped data
[2024-10-25 15:12:30,193][root][INFO] - Welcome make_crop_data_batch
[2024-10-25 15:12:30,193][root][INFO] - make tf_to_crops done
[2024-10-25 15:12:30,206][root][INFO] - render done
[2024-10-25 15:12:30,335][root][INFO] - pose batch data done
[2024-10-25 15:12:30,335][root][INFO] - pose_data.rgbAs.shape[0]: 252
[2024-10-25 15:12:30,429][root][INFO] - forward done
[2024-10-25 15:12:30,447][root][INFO] - final, add_errs min:-1.0
[2024-10-25 15:12:30,456][root][INFO] - sort ids:tensor([ 75, 132, 104,  74, 113, 191, 190, 184,  30, 108, 135, 236, 214,  36,
        141, 166,  45, 114, 198, 200, 211,  62, 161, 205, 218,  61, 222, 126,
        217,  35, 241,  42, 129, 138, 203, 128, 131,   5,  68,  96, 221,   0,
          6,  72, 101, 220,   2,  58, 102, 173,  64, 178,  59, 107, 137,   3,
         11,  77, 196, 202,  12,  47,  52,  53, 149,   4,  39, 117, 143, 155,
        248,  27,  99, 201,  13,  43,  79, 230,  46,  88,  94, 136, 208, 250,
         28,  93, 118, 142, 148, 167, 238,  10,  67,  69, 197, 199,  18, 115,
        133, 175,   8,  15,  33,  73,  76,  81, 106, 120, 181, 227,  24,  60,
         70,  78,  29, 123, 188, 247,  19,  21,  85, 109, 130, 172,  20,  56,
         65,  91, 111, 176, 185, 225, 242,  16,  22,  55,  90, 134, 207, 232,
        235, 152, 213, 237,  82,  84,   1,  26,  87, 162, 179, 223, 226,  23,
         57,  89, 105, 163, 164, 170, 180, 195, 210, 219, 229, 243,  54, 174,
        194,  86,  92, 122, 146, 158, 182, 239, 244,   7,  44,  48, 100, 112,
        145, 177, 216,  95, 150, 153, 159, 186,  37,  80, 156, 169, 192, 240,
        246,  17,  25,  38,  63, 110, 231, 233,  50, 127, 168, 249, 139,  98,
        121, 193, 212, 228,  51, 119, 151, 224,  32,  97, 116, 125, 183,  14,
         49,  66,  71, 124, 140, 157, 160, 165, 234,  40, 144, 251,  31, 103,
        204, 209,  34,  41, 187, 206, 245,  83, 147, 171, 215,   9, 154, 189])
[2024-10-25 15:12:30,459][root][INFO] - sorted scores:tensor([122.2031, 121.8438, 121.7188, 121.7031, 121.6250, 121.5625, 121.5469,
        121.5312, 121.5156, 121.5156, 121.5156, 121.5156, 121.4844, 121.4688,
        121.4531, 121.4531, 121.4375, 121.4375, 121.4375, 121.4375, 121.4375,
        121.4219, 121.4219, 121.4219, 121.4219, 121.3906, 121.3906, 121.3750,
        121.3750, 121.3594, 121.3594, 121.3438, 121.3438, 121.3438, 121.3438,
        121.3281, 121.3281, 121.3125, 121.3125, 121.3125, 121.3125, 121.2969,
        121.2969, 121.2969, 121.2969, 121.2969, 121.2812, 121.2656, 121.2656,
        121.2656, 121.2500, 121.2500, 121.2344, 121.2344, 121.2344, 121.2188,
        121.2031, 121.1875, 121.1875, 121.1562, 121.1406, 121.1406, 121.1406,
        121.1406, 121.1406, 121.1250, 121.1250, 121.1250, 121.1250, 121.1250,
        121.1250, 121.1094, 121.1094, 121.1094, 121.0938, 121.0938, 121.0938,
        121.0938, 121.0781, 121.0781, 121.0781, 121.0781, 121.0781, 121.0781,
        121.0625, 121.0625, 121.0625, 121.0625, 121.0625, 121.0625, 121.0625,
        121.0469, 121.0469, 121.0469, 121.0469, 121.0469, 121.0312, 121.0312,
        121.0312, 121.0312, 121.0156, 121.0156, 121.0000, 121.0000, 121.0000,
        121.0000, 121.0000, 121.0000, 121.0000, 121.0000, 120.9844, 120.9844,
        120.9844, 120.9844, 120.9688, 120.9688, 120.9688, 120.9688, 120.9531,
        120.9531, 120.9531, 120.9531, 120.9531, 120.9531, 120.9375, 120.9375,
        120.9375, 120.9375, 120.9375, 120.9375, 120.9375, 120.9375, 120.9375,
        120.9219, 120.9219, 120.9219, 120.9219, 120.9219, 120.9219, 120.9219,
        120.9219, 120.9062, 120.9062, 120.9062, 120.8906, 120.8906, 120.8750,
        120.8750, 120.8750, 120.8750, 120.8750, 120.8750, 120.8750, 120.8594,
        120.8594, 120.8594, 120.8594, 120.8594, 120.8594, 120.8594, 120.8438,
        120.8438, 120.8438, 120.8438, 120.8438, 120.8438, 120.8281, 120.8281,
        120.8281, 120.8125, 120.8125, 120.8125, 120.8125, 120.8125, 120.8125,
        120.8125, 120.8125, 120.7969, 120.7969, 120.7969, 120.7969, 120.7969,
        120.7969, 120.7969, 120.7969, 120.7812, 120.7812, 120.7812, 120.7812,
        120.7812, 120.7656, 120.7656, 120.7656, 120.7656, 120.7656, 120.7656,
        120.7656, 120.7500, 120.7500, 120.7500, 120.7500, 120.7500, 120.7500,
        120.7500, 120.7344, 120.7344, 120.7344, 120.7344, 120.7188, 120.7031,
        120.7031, 120.7031, 120.7031, 120.7031, 120.6875, 120.6875, 120.6875,
        120.6875, 120.6719, 120.6719, 120.6719, 120.6719, 120.6719, 120.6562,
        120.6562, 120.6562, 120.6562, 120.6562, 120.6562, 120.6562, 120.6562,
        120.6562, 120.6562, 120.6406, 120.6406, 120.6406, 120.6250, 120.6250,
        120.6250, 120.6250, 120.6094, 120.6094, 120.6094, 120.6094, 120.6094,
        120.5938, 120.5938, 120.5938, 120.5781, 120.5625, 120.5625, 120.5625])
