[2024-10-15 17:03:55,121][websockets.server][INFO] - server listening on 0.0.0.0:8080
[2024-10-15 17:03:55,259][root][INFO] - self.cfg: 
 lr: 0.0001
c_in: 6
zfar: 'Infinity'
debug: null
n_view: 1
run_id: 3wy8qqex
use_BN: true
exp_name: 2024-01-11-20-02-45
n_epochs: 62
save_dir: /home/bowenw/debug/2024-01-11-20-02-45/
use_mask: false
loss_type: pairwise_valid
optimizer: adam
batch_size: 64
crop_ratio: 1.1
enable_amp: true
use_normal: false
max_num_key: null
warmup_step: -1
input_resize:
- 160
- 160
max_step_val: 1000
vis_interval: 1000
weight_decay: 0
normalize_xyz: true
resume_run_id: null
clip_grad_norm: 'Infinity'
lr_epoch_decay: 500
render_backend: nvdiffrast
train_num_pair: 5
lr_decay_epochs:
- 50
n_epochs_warmup: 1
make_pair_online: false
gradient_max_norm: 'Infinity'
max_step_per_epoch: 10000
n_rendering_workers: 1
save_epoch_interval: 100
n_dataloader_workers: 100
split_objects_across_gpus: true
ckpt_dir: /home/shaol/gjx/rw/third_party/FoundationPose/learning/training/../../weights/2024-01-11-20-02-45/model_best.pth

[2024-10-15 17:03:55,259][root][INFO] - self.h5_file:None
[2024-10-15 17:03:55,487][root][INFO] - Using pretrained model from /home/shaol/gjx/rw/third_party/FoundationPose/learning/training/../../weights/2024-01-11-20-02-45/model_best.pth
[2024-10-15 17:03:55,548][root][INFO] - init done
[2024-10-15 17:03:55,548][root][INFO] - welcome
[2024-10-15 17:03:55,552][root][INFO] - self.cfg: 
 lr: 0.0001
c_in: 6
zfar: .inf
debug: null
w_rot: 0.1
n_view: 1
run_id: null
use_BN: true
rot_rep: axis_angle
ckpt_dir: /home/shaol/gjx/rw/third_party/FoundationPose/learning/training/../../weights/2023-10-28-18-33-37/model_best.pth
exp_name: 2023-10-28-18-33-37
save_dir: /tmp/2023-10-28-18-33-37/
loss_type: l2
optimizer: adam
trans_rep: tracknet
batch_size: 64
crop_ratio: 1.2
use_normal: false
BN_momentum: 0.1
max_num_key: null
warmup_step: -1
input_resize:
- 160
- 160
max_step_val: 1000
normal_uint8: false
vis_interval: 1000
weight_decay: 0
n_max_objects: null
normalize_xyz: true
clip_grad_norm: 'Infinity'
rot_normalizer: 0.3490658503988659
trans_normalizer:
- 0.019999999552965164
- 0.019999999552965164
- 0.05000000074505806
max_step_per_epoch: 25000
val_epoch_interval: 10
n_dataloader_workers: 60
enable_amp: true
use_mask: false

[2024-10-15 17:03:55,552][root][INFO] - self.h5_file:
[2024-10-15 17:03:55,611][root][INFO] - Using pretrained model from /home/shaol/gjx/rw/third_party/FoundationPose/learning/training/../../weights/2023-10-28-18-33-37/model_best.pth
[2024-10-15 17:03:55,630][root][INFO] - init done
[2024-10-15 17:03:56,626][websockets.server][INFO] - connection open
[2024-10-15 17:03:57,147][root][INFO] - self.diameter:0.20218917538522446, vox_size:0.010109458769261222
[2024-10-15 17:03:57,161][root][INFO] - self.pts:torch.Size([390, 3])
[2024-10-15 17:03:58,366][root][INFO] - reset done
[2024-10-15 17:03:58,367][root][INFO] - cam_in_obs:(42, 4, 4)
[2024-10-15 17:03:58,369][root][INFO] - rot_grid:(252, 4, 4)
[2024-10-15 17:03:58,370][root][INFO] - after cluster, rot_grid:(252, 4, 4)
[2024-10-15 17:03:58,371][root][INFO] - self.rot_grid: torch.Size([252, 4, 4])
[2024-10-15 17:04:06,960][root][INFO] - Welcome
[2024-10-15 17:04:06,985][root][INFO] - poses:(252, 4, 4)
[2024-10-15 17:04:06,997][root][INFO] - after viewpoint, add_errs min:-1.0
[2024-10-15 17:04:07,069][root][INFO] - ob_in_cams:(252, 4, 4)
[2024-10-15 17:04:07,069][root][INFO] - self.cfg.use_normal:False
[2024-10-15 17:04:07,069][root][INFO] - trans_normalizer:[0.019999999552965164, 0.019999999552965164, 0.05000000074505806], rot_normalizer:0.3490658503988659
[2024-10-15 17:04:07,082][root][INFO] - making cropped data
[2024-10-15 17:04:07,082][root][INFO] - Welcome make_crop_data_batch
[2024-10-15 17:04:07,086][root][INFO] - make tf_to_crops done
[2024-10-15 17:04:07,109][root][INFO] - render done
[2024-10-15 17:04:07,115][root][INFO] - warp done
[2024-10-15 17:04:07,120][root][INFO] - pose batch data done
[2024-10-15 17:04:07,121][root][INFO] - forward start
[2024-10-15 17:04:07,242][root][INFO] - forward done
[2024-10-15 17:04:07,252][root][INFO] - making cropped data
[2024-10-15 17:04:07,252][root][INFO] - Welcome make_crop_data_batch
[2024-10-15 17:04:07,252][root][INFO] - make tf_to_crops done
[2024-10-15 17:04:07,267][root][INFO] - render done
[2024-10-15 17:04:07,270][root][INFO] - warp done
[2024-10-15 17:04:07,273][root][INFO] - pose batch data done
[2024-10-15 17:04:07,273][root][INFO] - forward start
[2024-10-15 17:04:07,274][root][INFO] - forward done
[2024-10-15 17:04:07,275][root][INFO] - making cropped data
[2024-10-15 17:04:07,275][root][INFO] - Welcome make_crop_data_batch
[2024-10-15 17:04:07,364][root][INFO] - make tf_to_crops done
[2024-10-15 17:04:07,379][root][INFO] - render done
[2024-10-15 17:04:07,382][root][INFO] - warp done
[2024-10-15 17:04:07,385][root][INFO] - pose batch data done
[2024-10-15 17:04:07,385][root][INFO] - forward start
[2024-10-15 17:04:07,386][root][INFO] - forward done
[2024-10-15 17:04:07,387][root][INFO] - making cropped data
[2024-10-15 17:04:07,387][root][INFO] - Welcome make_crop_data_batch
[2024-10-15 17:04:07,476][root][INFO] - make tf_to_crops done
[2024-10-15 17:04:07,491][root][INFO] - render done
[2024-10-15 17:04:07,494][root][INFO] - warp done
[2024-10-15 17:04:07,497][root][INFO] - pose batch data done
[2024-10-15 17:04:07,497][root][INFO] - forward start
[2024-10-15 17:04:07,498][root][INFO] - forward done
[2024-10-15 17:04:07,498][root][INFO] - making cropped data
[2024-10-15 17:04:07,499][root][INFO] - Welcome make_crop_data_batch
[2024-10-15 17:04:07,588][root][INFO] - make tf_to_crops done
[2024-10-15 17:04:07,603][root][INFO] - render done
[2024-10-15 17:04:07,606][root][INFO] - warp done
[2024-10-15 17:04:07,609][root][INFO] - pose batch data done
[2024-10-15 17:04:07,609][root][INFO] - forward start
[2024-10-15 17:04:07,611][root][INFO] - forward done
[2024-10-15 17:04:07,716][root][INFO] - ob_in_cams:(252, 4, 4)
[2024-10-15 17:04:07,716][root][INFO] - self.cfg.use_normal:False
[2024-10-15 17:04:07,716][root][INFO] - making cropped data
[2024-10-15 17:04:07,735][root][INFO] - Welcome make_crop_data_batch
[2024-10-15 17:04:07,736][root][INFO] - make tf_to_crops done
[2024-10-15 17:04:07,749][root][INFO] - render done
[2024-10-15 17:04:07,866][root][INFO] - pose batch data done
[2024-10-15 17:04:07,866][root][INFO] - pose_data.rgbAs.shape[0]: 252
[2024-10-15 17:04:07,954][root][INFO] - forward done
[2024-10-15 17:04:07,972][root][INFO] - final, add_errs min:-1.0
[2024-10-15 17:04:07,982][root][INFO] - sort ids:tensor([114, 205, 229, 217, 204, 210,  60,  61, 223, 247,   0,   1,  66, 127,
        198, 246, 199, 222,  67,  96, 126, 216, 235, 240, 241,  30,  13, 228,
         12, 178,  85, 147,   9,  52, 183, 172,  58,  72,  97, 195, 148, 177,
        196, 135, 190, 171, 154, 102, 166,  93, 191, 145,  10, 108, 193, 250,
         57,  36,  43,  75, 208, 219, 105,  84, 136,  49,  78, 133, 163, 100,
        211,  70,  51, 244, 153, 144,  34,  45, 169,   4, 118, 189, 175,  31,
        201, 151, 202, 238,  63,  91, 197,  79,  88, 226, 192, 213,  19,  40,
        124, 159, 249,  22, 129, 225, 207,   7, 232,  95,  21,  94, 106,  82,
        170,  18,  15,  54, 115, 117, 194, 174, 231, 103,  48, 131, 186,  16,
        139,  46, 150, 180, 184,  76, 123, 130,  81, 104, 141,   5,  56, 248,
         42, 132, 164, 120, 138, 203,  77, 224,  27, 167, 168, 212,  73, 121,
          6,  74, 142, 245, 156,  33,  99, 113, 161, 185, 214, 218, 236,   3,
         35,  55,  65, 160, 162, 221,   2, 165, 109, 125, 137, 158, 242,   8,
         28,  41,  64,  68, 122, 157,  90, 116, 215, 234, 237,  37,  69,  87,
        179, 209,  38,  47, 206,  53,  59,  62,  89, 188, 230,  25,  98, 173,
        181, 119, 134, 143, 200, 227,  24,  39,  44, 110, 128, 155, 220,  23,
         26,  32,  86, 101, 146, 111, 140, 149, 243,  20,  29, 182, 112, 239,
        187,  92,  11,  14,  83, 107,  71, 152, 233,  17, 251,  50,  80, 176])
[2024-10-15 17:04:07,986][root][INFO] - sorted scores:tensor([115.7109, 115.6562, 115.6562, 115.6406, 115.6328, 115.6250, 115.5938,
        115.5938, 115.5938, 115.5938, 115.5859, 115.5859, 115.5859, 115.5859,
        115.5859, 115.5859, 115.5781, 115.5703, 115.5625, 115.5469, 115.5469,
        115.5469, 115.5469, 115.5078, 115.4844, 115.3750, 115.3281, 115.2266,
        115.0547, 115.0547, 115.0312, 114.9922, 114.9766, 114.9766, 114.9688,
        114.9609, 114.9531, 114.9531, 114.9375, 114.9297, 114.9219, 114.9219,
        114.9219, 114.9141, 114.9141, 114.8984, 114.8438, 114.8359, 114.8281,
        114.8203, 114.8047, 114.7969, 114.7734, 114.7109, 114.6719, 114.6719,
        114.6406, 114.6250, 114.6172, 114.6094, 114.6094, 114.6094, 114.6016,
        114.5859, 114.5703, 114.5547, 114.5547, 114.5469, 114.5469, 114.5391,
        114.5391, 114.5234, 114.5078, 114.5078, 114.4688, 114.4609, 114.4531,
        114.4375, 114.4297, 114.4219, 114.4219, 114.4219, 114.4141, 114.3750,
        114.3750, 114.3672, 114.3672, 114.3672, 114.3594, 114.3594, 114.3594,
        114.3516, 114.3438, 114.3438, 114.3359, 114.3359, 114.3281, 114.3281,
        114.3281, 114.3281, 114.3281, 114.3203, 114.3203, 114.3203, 114.3125,
        114.3047, 114.3047, 114.2969, 114.2891, 114.2891, 114.2891, 114.2812,
        114.2812, 114.2734, 114.2656, 114.2656, 114.2656, 114.2656, 114.2578,
        114.2500, 114.2500, 114.2422, 114.2344, 114.2344, 114.2344, 114.2266,
        114.2266, 114.2188, 114.2188, 114.2109, 114.1953, 114.1719, 114.1719,
        114.1719, 114.1641, 114.1641, 114.1641, 114.1562, 114.1562, 114.1484,
        114.1406, 114.1406, 114.1406, 114.1328, 114.1328, 114.1250, 114.1172,
        114.1172, 114.1094, 114.1094, 114.1094, 114.1094, 114.1016, 114.1016,
        114.0938, 114.0938, 114.0938, 114.0938, 114.0859, 114.0781, 114.0781,
        114.0781, 114.0781, 114.0781, 114.0781, 114.0781, 114.0781, 114.0703,
        114.0703, 114.0703, 114.0703, 114.0703, 114.0703, 114.0703, 114.0625,
        114.0625, 114.0547, 114.0547, 114.0547, 114.0547, 114.0547, 114.0469,
        114.0469, 114.0469, 114.0469, 114.0469, 114.0469, 114.0469, 114.0391,
        114.0391, 114.0391, 114.0391, 114.0391, 114.0312, 114.0312, 114.0312,
        114.0312, 114.0312, 114.0234, 114.0234, 114.0234, 114.0156, 114.0156,
        114.0156, 114.0156, 114.0156, 114.0156, 114.0078, 114.0078, 114.0078,
        114.0078, 114.0000, 114.0000, 114.0000, 114.0000, 114.0000, 113.9922,
        113.9922, 113.9922, 113.9922, 113.9922, 113.9922, 113.9922, 113.9844,
        113.9844, 113.9844, 113.9844, 113.9844, 113.9844, 113.9766, 113.9766,
        113.9766, 113.9766, 113.9688, 113.9688, 113.9609, 113.9531, 113.9531,
        113.9453, 113.9375, 113.9297, 113.9297, 113.9219, 113.9219, 113.9141,
        113.8984, 113.8906, 113.8828, 113.8828, 113.8750, 113.8750, 113.8438])
