[2024-09-25 14:28:07,667][root][INFO] - self.cfg: 
 lr: 0.0001
c_in: 6
zfar: 'Infinity'
debug: null
n_view: 1
run_id: 3wy8qqex
use_BN: true
exp_name: 2024-01-11-20-02-45
n_epochs: 62
save_dir: /home/bowenw/debug/2024-01-11-20-02-45/
use_mask: false
loss_type: pairwise_valid
optimizer: adam
batch_size: 64
crop_ratio: 1.1
enable_amp: true
use_normal: false
max_num_key: null
warmup_step: -1
input_resize:
- 160
- 160
max_step_val: 1000
vis_interval: 1000
weight_decay: 0
normalize_xyz: true
resume_run_id: null
clip_grad_norm: 'Infinity'
lr_epoch_decay: 500
render_backend: nvdiffrast
train_num_pair: 5
lr_decay_epochs:
- 50
n_epochs_warmup: 1
make_pair_online: false
gradient_max_norm: 'Infinity'
max_step_per_epoch: 10000
n_rendering_workers: 1
save_epoch_interval: 100
n_dataloader_workers: 100
split_objects_across_gpus: true
ckpt_dir: FoundationPose/learning/training/../../weights/2024-01-11-20-02-45/model_best.pth

[2024-09-25 14:28:07,667][root][INFO] - self.h5_file:None
[2024-09-25 14:28:07,828][root][INFO] - Using pretrained model from FoundationPose/learning/training/../../weights/2024-01-11-20-02-45/model_best.pth
[2024-09-25 14:28:07,887][root][INFO] - init done
[2024-09-25 14:28:07,887][root][INFO] - welcome
[2024-09-25 14:28:07,891][root][INFO] - self.cfg: 
 lr: 0.0001
c_in: 6
zfar: .inf
debug: null
w_rot: 0.1
n_view: 1
run_id: null
use_BN: true
rot_rep: axis_angle
ckpt_dir: FoundationPose/learning/training/../../weights/2023-10-28-18-33-37/model_best.pth
exp_name: 2023-10-28-18-33-37
save_dir: /tmp/2023-10-28-18-33-37/
loss_type: l2
optimizer: adam
trans_rep: tracknet
batch_size: 64
crop_ratio: 1.2
use_normal: false
BN_momentum: 0.1
max_num_key: null
warmup_step: -1
input_resize:
- 160
- 160
max_step_val: 1000
normal_uint8: false
vis_interval: 1000
weight_decay: 0
n_max_objects: null
normalize_xyz: true
clip_grad_norm: 'Infinity'
rot_normalizer: 0.3490658503988659
trans_normalizer:
- 0.019999999552965164
- 0.019999999552965164
- 0.05000000074505806
max_step_per_epoch: 25000
val_epoch_interval: 10
n_dataloader_workers: 60
enable_amp: true
use_mask: false

[2024-09-25 14:28:07,891][root][INFO] - self.h5_file:
[2024-09-25 14:28:07,934][root][INFO] - Using pretrained model from FoundationPose/learning/training/../../weights/2023-10-28-18-33-37/model_best.pth
[2024-09-25 14:28:07,950][root][INFO] - init done
[2024-09-25 14:28:10,090][root][INFO] - self.diameter:0.17909879360779285, vox_size:0.008954939680389642
[2024-09-25 14:28:10,104][root][INFO] - self.pts:torch.Size([631, 3])
[2024-09-25 14:28:11,186][root][INFO] - reset done
[2024-09-25 14:28:11,187][root][INFO] - cam_in_obs:(42, 4, 4)
[2024-09-25 14:28:11,189][root][INFO] - rot_grid:(252, 4, 4)
[2024-09-25 14:28:11,190][root][INFO] - after cluster, rot_grid:(252, 4, 4)
[2024-09-25 14:28:11,190][root][INFO] - self.rot_grid: torch.Size([252, 4, 4])
[2024-09-25 14:28:18,787][root][INFO] - Welcome
[2024-09-25 14:28:18,803][root][INFO] - poses:(252, 4, 4)
[2024-09-25 14:28:18,813][root][INFO] - after viewpoint, add_errs min:-1.0
[2024-09-25 14:28:18,849][root][INFO] - ob_in_cams:(252, 4, 4)
[2024-09-25 14:28:18,849][root][INFO] - self.cfg.use_normal:False
[2024-09-25 14:28:18,849][root][INFO] - trans_normalizer:[0.019999999552965164, 0.019999999552965164, 0.05000000074505806], rot_normalizer:0.3490658503988659
[2024-09-25 14:28:18,882][root][INFO] - making cropped data
[2024-09-25 14:28:18,882][root][INFO] - Welcome make_crop_data_batch
[2024-09-25 14:28:18,886][root][INFO] - make tf_to_crops done
[2024-09-25 14:28:18,916][root][INFO] - render done
[2024-09-25 14:28:18,922][root][INFO] - warp done
[2024-09-25 14:28:18,926][root][INFO] - pose batch data done
[2024-09-25 14:28:18,927][root][INFO] - forward start
[2024-09-25 14:28:19,041][root][INFO] - forward done
[2024-09-25 14:28:19,052][root][INFO] - making cropped data
[2024-09-25 14:28:19,052][root][INFO] - Welcome make_crop_data_batch
[2024-09-25 14:28:19,053][root][INFO] - make tf_to_crops done
[2024-09-25 14:28:19,074][root][INFO] - render done
[2024-09-25 14:28:19,078][root][INFO] - warp done
[2024-09-25 14:28:19,081][root][INFO] - pose batch data done
[2024-09-25 14:28:19,081][root][INFO] - forward start
[2024-09-25 14:28:19,082][root][INFO] - forward done
[2024-09-25 14:28:19,082][root][INFO] - making cropped data
[2024-09-25 14:28:19,082][root][INFO] - Welcome make_crop_data_batch
[2024-09-25 14:28:19,178][root][INFO] - make tf_to_crops done
[2024-09-25 14:28:19,199][root][INFO] - render done
[2024-09-25 14:28:19,202][root][INFO] - warp done
[2024-09-25 14:28:19,205][root][INFO] - pose batch data done
[2024-09-25 14:28:19,205][root][INFO] - forward start
[2024-09-25 14:28:19,207][root][INFO] - forward done
[2024-09-25 14:28:19,207][root][INFO] - making cropped data
[2024-09-25 14:28:19,207][root][INFO] - Welcome make_crop_data_batch
[2024-09-25 14:28:19,303][root][INFO] - make tf_to_crops done
[2024-09-25 14:28:19,324][root][INFO] - render done
[2024-09-25 14:28:19,328][root][INFO] - warp done
[2024-09-25 14:28:19,331][root][INFO] - pose batch data done
[2024-09-25 14:28:19,331][root][INFO] - forward start
[2024-09-25 14:28:19,332][root][INFO] - forward done
[2024-09-25 14:28:19,332][root][INFO] - making cropped data
[2024-09-25 14:28:19,332][root][INFO] - Welcome make_crop_data_batch
[2024-09-25 14:28:19,428][root][INFO] - make tf_to_crops done
[2024-09-25 14:28:19,449][root][INFO] - render done
[2024-09-25 14:28:19,452][root][INFO] - warp done
[2024-09-25 14:28:19,455][root][INFO] - pose batch data done
[2024-09-25 14:28:19,455][root][INFO] - forward start
[2024-09-25 14:28:19,457][root][INFO] - forward done
[2024-09-25 14:28:19,569][root][INFO] - ob_in_cams:(252, 4, 4)
[2024-09-25 14:28:19,569][root][INFO] - self.cfg.use_normal:False
[2024-09-25 14:28:19,569][root][INFO] - making cropped data
[2024-09-25 14:28:19,577][root][INFO] - Welcome make_crop_data_batch
[2024-09-25 14:28:19,577][root][INFO] - make tf_to_crops done
[2024-09-25 14:28:19,596][root][INFO] - render done
[2024-09-25 14:28:19,720][root][INFO] - pose batch data done
[2024-09-25 14:28:19,720][root][INFO] - pose_data.rgbAs.shape[0]: 252
[2024-09-25 14:28:19,814][root][INFO] - forward done
[2024-09-25 14:28:19,832][root][INFO] - final, add_errs min:-1.0
[2024-09-25 14:28:19,841][root][INFO] - sort ids:tensor([171, 105,  33,  70, 136, 148, 172,  10,  75,  76, 100, 226,   3,   4,
          9,  34,  46,  99, 106, 129, 189, 202, 244, 130, 147, 160, 179,  23,
         41,  83,  90,  95, 114, 115, 121, 155, 205,   6,  12,  17,  19,  21,
         37,  79,  84,  85,  89,  91, 116, 118, 119, 125, 161, 204, 211,  13,
         15,  22,  26,  87,  88, 102, 103, 117, 120, 123, 124, 126, 127, 132,
        145, 154, 184, 229,   1,   7,  16,  18,  28,  32,  42,  43,  72,  78,
         80,  81,  82,  94,  97, 104, 128, 133, 134, 163, 169, 170, 178, 187,
          0,   2,   8,  73,  74,  86,  92,  93,  98, 122, 146, 188, 228, 236,
         44, 206, 216, 224, 230,  14, 243,  20, 135, 162, 227, 250,   5,  11,
         29,  61,  96, 101, 137, 149, 190, 207, 220,  27,  35,  47,  77, 107,
        131, 144, 151, 203, 221,  31,  36,  38, 198, 199, 231, 245,  25,  56,
        108, 150, 164, 168, 237, 247,  64,  67, 111, 141, 173, 177, 185, 197,
        209, 225, 232, 235,  50,  59,  68, 138, 201, 217, 248,  55, 110, 112,
        176, 196,  39,  65,  71, 193, 241,  53,  62, 113, 140, 165, 183,  52,
        156, 210, 218, 222,  58, 212, 234, 143, 181, 191, 139,  49, 194, 157,
        223,  24, 159, 233, 166, 240, 158, 238,  30,  45, 153, 200, 167, 186,
         40, 180, 175, 174, 242, 213, 109, 208, 214, 239, 251, 219,  60, 142,
        249, 152, 192,  69, 195,  48, 246, 215,  57,  51, 182,  63,  54,  66])
[2024-09-25 14:28:19,845][root][INFO] - sorted scores:tensor([64.1562, 64.1250, 64.0938, 64.0938, 64.0938, 64.0938, 64.0938, 64.0625,
        64.0625, 64.0625, 64.0625, 64.0625, 64.0312, 64.0312, 64.0312, 64.0312,
        64.0312, 64.0312, 64.0312, 64.0312, 64.0312, 64.0312, 64.0312, 64.0000,
        63.9375, 63.5000, 63.4688, 63.4375, 63.4375, 63.4375, 63.4375, 63.4375,
        63.4375, 63.4375, 63.4375, 63.4375, 63.4375, 63.4062, 63.4062, 63.4062,
        63.4062, 63.4062, 63.4062, 63.4062, 63.4062, 63.4062, 63.4062, 63.4062,
        63.4062, 63.4062, 63.4062, 63.4062, 63.4062, 63.4062, 63.4062, 63.3750,
        63.3750, 63.3750, 63.3750, 63.3750, 63.3750, 63.3750, 63.3750, 63.3750,
        63.3750, 63.3750, 63.3750, 63.3750, 63.3750, 63.3750, 63.3750, 63.3750,
        63.3750, 63.3750, 63.3438, 63.3438, 63.3438, 63.3438, 63.3438, 63.3438,
        63.3438, 63.3438, 63.3438, 63.3438, 63.3438, 63.3438, 63.3438, 63.3438,
        63.3438, 63.3438, 63.3438, 63.3438, 63.3438, 63.3438, 63.3438, 63.3438,
        63.3438, 63.3438, 63.3125, 63.3125, 63.3125, 63.3125, 63.3125, 63.3125,
        63.3125, 63.3125, 63.3125, 63.3125, 63.3125, 63.3125, 63.3125, 63.3125,
        63.2812, 63.2812, 63.2812, 63.2812, 63.2812, 63.2500, 63.2500, 63.2188,
        63.2188, 63.1250, 63.1250, 63.1250, 63.0938, 63.0938, 63.0938, 63.0938,
        63.0938, 63.0938, 63.0938, 63.0938, 63.0938, 63.0938, 63.0938, 63.0625,
        63.0625, 63.0625, 63.0625, 63.0625, 63.0625, 63.0625, 63.0625, 63.0625,
        63.0625, 63.0312, 63.0312, 63.0312, 63.0312, 63.0312, 63.0312, 63.0312,
        63.0000, 63.0000, 63.0000, 63.0000, 63.0000, 63.0000, 63.0000, 63.0000,
        62.9688, 62.9688, 62.9688, 62.9688, 62.9688, 62.9688, 62.9688, 62.9688,
        62.9688, 62.9688, 62.9688, 62.9688, 62.9375, 62.9375, 62.9375, 62.9375,
        62.9375, 62.9375, 62.9375, 62.9062, 62.9062, 62.9062, 62.9062, 62.9062,
        62.8750, 62.8750, 62.8750, 62.8750, 62.8750, 62.8438, 62.8438, 62.8438,
        62.8438, 62.8438, 62.8438, 62.8125, 62.8125, 62.8125, 62.8125, 62.8125,
        62.7812, 62.7812, 62.7812, 62.7500, 62.7500, 62.7500, 62.7188, 62.6875,
        62.6562, 62.6250, 62.6250, 62.5938, 62.5938, 62.5938, 62.5625, 62.5312,
        62.4688, 62.4688, 62.4375, 62.4375, 62.4375, 62.3750, 62.3438, 62.3125,
        62.2812, 62.2812, 62.1875, 62.1562, 62.1250, 62.0938, 62.0625, 62.0625,
        62.0625, 62.0625, 62.0312, 62.0000, 61.8438, 61.8438, 61.8125, 61.7188,
        61.7188, 61.6562, 61.6562, 61.6250, 61.6250, 61.5938, 61.5625, 61.5312,
        61.5312, 61.5000, 61.4688, 61.4062])
[2024-09-25 14:28:31,029][websockets.server][INFO] - server listening on 0.0.0.0:8080
[2024-09-25 14:28:33,788][websockets.server][INFO] - connection open
[2024-09-25 14:28:38,033][root][INFO] - Succeeded to open port: /dev/ttyUSB0
[2024-09-25 14:28:38,034][root][INFO] - Succeeded to set baudrate to 3000000
