[2024-12-22 17:00:06,473][websockets.server][INFO] - server listening on 0.0.0.0:8080
[2024-12-22 17:00:06,619][root][INFO] - self.cfg: 
 lr: 0.0001
c_in: 6
zfar: 'Infinity'
debug: null
n_view: 1
run_id: 3wy8qqex
use_BN: true
exp_name: 2024-01-11-20-02-45
n_epochs: 62
save_dir: /home/bowenw/debug/2024-01-11-20-02-45/
use_mask: false
loss_type: pairwise_valid
optimizer: adam
batch_size: 64
crop_ratio: 1.1
enable_amp: true
use_normal: false
max_num_key: null
warmup_step: -1
input_resize:
- 160
- 160
max_step_val: 1000
vis_interval: 1000
weight_decay: 0
normalize_xyz: true
resume_run_id: null
clip_grad_norm: 'Infinity'
lr_epoch_decay: 500
render_backend: nvdiffrast
train_num_pair: 5
lr_decay_epochs:
- 50
n_epochs_warmup: 1
make_pair_online: false
gradient_max_norm: 'Infinity'
max_step_per_epoch: 10000
n_rendering_workers: 1
save_epoch_interval: 100
n_dataloader_workers: 100
split_objects_across_gpus: true
ckpt_dir: /data/zjx/rw/third_party/FoundationPose/learning/training/../../weights/2024-01-11-20-02-45/model_best.pth

[2024-12-22 17:00:06,619][root][INFO] - self.h5_file:None
[2024-12-22 17:00:06,743][root][INFO] - Using pretrained model from /data/zjx/rw/third_party/FoundationPose/learning/training/../../weights/2024-01-11-20-02-45/model_best.pth
[2024-12-22 17:00:06,808][root][INFO] - init done
[2024-12-22 17:00:06,808][root][INFO] - welcome
[2024-12-22 17:00:06,812][root][INFO] - self.cfg: 
 lr: 0.0001
c_in: 6
zfar: .inf
debug: null
w_rot: 0.1
n_view: 1
run_id: null
use_BN: true
rot_rep: axis_angle
ckpt_dir: /data/zjx/rw/third_party/FoundationPose/learning/training/../../weights/2023-10-28-18-33-37/model_best.pth
exp_name: 2023-10-28-18-33-37
save_dir: /tmp/2023-10-28-18-33-37/
loss_type: l2
optimizer: adam
trans_rep: tracknet
batch_size: 64
crop_ratio: 1.2
use_normal: false
BN_momentum: 0.1
max_num_key: null
warmup_step: -1
input_resize:
- 160
- 160
max_step_val: 1000
normal_uint8: false
vis_interval: 1000
weight_decay: 0
n_max_objects: null
normalize_xyz: true
clip_grad_norm: 'Infinity'
rot_normalizer: 0.3490658503988659
trans_normalizer:
- 0.019999999552965164
- 0.019999999552965164
- 0.05000000074505806
max_step_per_epoch: 25000
val_epoch_interval: 10
n_dataloader_workers: 60
enable_amp: true
use_mask: false

[2024-12-22 17:00:06,812][root][INFO] - self.h5_file:
[2024-12-22 17:00:06,880][root][INFO] - Using pretrained model from /data/zjx/rw/third_party/FoundationPose/learning/training/../../weights/2023-10-28-18-33-37/model_best.pth
[2024-12-22 17:00:06,903][root][INFO] - init done
[2024-12-22 17:00:07,336][websockets.server][INFO] - connection open
[2024-12-22 17:00:08,143][root][INFO] - self.diameter:0.2729166168820516, vox_size:0.01364583084410258
[2024-12-22 17:00:08,159][root][INFO] - self.pts:torch.Size([179, 3])
[2024-12-22 17:00:09,138][root][INFO] - reset done
[2024-12-22 17:00:09,138][root][INFO] - cam_in_obs:(42, 4, 4)
[2024-12-22 17:00:09,140][root][INFO] - rot_grid:(252, 4, 4)
[2024-12-22 17:00:09,140][root][INFO] - after cluster, rot_grid:(252, 4, 4)
[2024-12-22 17:00:09,140][root][INFO] - self.rot_grid: torch.Size([252, 4, 4])
[2024-12-22 17:00:22,439][root][INFO] - Welcome
[2024-12-22 17:00:22,453][root][INFO] - poses:(252, 4, 4)
[2024-12-22 17:00:22,461][root][INFO] - after viewpoint, add_errs min:-1.0
[2024-12-22 17:00:22,485][root][INFO] - ob_in_cams:(252, 4, 4)
[2024-12-22 17:00:22,485][root][INFO] - self.cfg.use_normal:False
[2024-12-22 17:00:22,485][root][INFO] - trans_normalizer:[0.019999999552965164, 0.019999999552965164, 0.05000000074505806], rot_normalizer:0.3490658503988659
[2024-12-22 17:00:22,488][root][INFO] - making cropped data
[2024-12-22 17:00:22,488][root][INFO] - Welcome make_crop_data_batch
[2024-12-22 17:00:22,491][root][INFO] - make tf_to_crops done
[2024-12-22 17:00:22,513][root][INFO] - render done
[2024-12-22 17:00:22,520][root][INFO] - warp done
[2024-12-22 17:00:22,525][root][INFO] - pose batch data done
[2024-12-22 17:00:22,525][root][INFO] - forward start
[2024-12-22 17:00:22,654][root][INFO] - forward done
[2024-12-22 17:00:22,666][root][INFO] - making cropped data
[2024-12-22 17:00:22,667][root][INFO] - Welcome make_crop_data_batch
[2024-12-22 17:00:22,667][root][INFO] - make tf_to_crops done
[2024-12-22 17:00:22,683][root][INFO] - render done
[2024-12-22 17:00:22,687][root][INFO] - warp done
[2024-12-22 17:00:22,690][root][INFO] - pose batch data done
[2024-12-22 17:00:22,690][root][INFO] - forward start
[2024-12-22 17:00:22,691][root][INFO] - forward done
[2024-12-22 17:00:22,691][root][INFO] - making cropped data
[2024-12-22 17:00:22,691][root][INFO] - Welcome make_crop_data_batch
[2024-12-22 17:00:22,792][root][INFO] - make tf_to_crops done
[2024-12-22 17:00:22,808][root][INFO] - render done
[2024-12-22 17:00:22,811][root][INFO] - warp done
[2024-12-22 17:00:22,814][root][INFO] - pose batch data done
[2024-12-22 17:00:22,814][root][INFO] - forward start
[2024-12-22 17:00:22,815][root][INFO] - forward done
[2024-12-22 17:00:22,815][root][INFO] - making cropped data
[2024-12-22 17:00:22,815][root][INFO] - Welcome make_crop_data_batch
[2024-12-22 17:00:22,916][root][INFO] - make tf_to_crops done
[2024-12-22 17:00:22,932][root][INFO] - render done
[2024-12-22 17:00:22,935][root][INFO] - warp done
[2024-12-22 17:00:22,938][root][INFO] - pose batch data done
[2024-12-22 17:00:22,938][root][INFO] - forward start
[2024-12-22 17:00:22,939][root][INFO] - forward done
[2024-12-22 17:00:22,940][root][INFO] - making cropped data
[2024-12-22 17:00:22,940][root][INFO] - Welcome make_crop_data_batch
[2024-12-22 17:00:23,041][root][INFO] - make tf_to_crops done
[2024-12-22 17:00:23,056][root][INFO] - render done
[2024-12-22 17:00:23,060][root][INFO] - warp done
[2024-12-22 17:00:23,063][root][INFO] - pose batch data done
[2024-12-22 17:00:23,063][root][INFO] - forward start
[2024-12-22 17:00:23,064][root][INFO] - forward done
[2024-12-22 17:00:23,181][root][INFO] - ob_in_cams:(252, 4, 4)
[2024-12-22 17:00:23,181][root][INFO] - self.cfg.use_normal:False
[2024-12-22 17:00:23,181][root][INFO] - making cropped data
[2024-12-22 17:00:23,191][root][INFO] - Welcome make_crop_data_batch
[2024-12-22 17:00:23,192][root][INFO] - make tf_to_crops done
[2024-12-22 17:00:23,205][root][INFO] - render done
[2024-12-22 17:00:23,331][root][INFO] - pose batch data done
[2024-12-22 17:00:23,331][root][INFO] - pose_data.rgbAs.shape[0]: 252
[2024-12-22 17:00:23,425][root][INFO] - forward done
[2024-12-22 17:00:23,443][root][INFO] - final, add_errs min:-1.0
[2024-12-22 17:00:23,454][root][INFO] - sort ids:tensor([244, 163,   9, 102, 105, 123, 188, 221, 129, 181, 214,   0,  78,  87,
        120, 126, 208, 241,  18,  39,  75, 166, 168,  24,  30,  72,  84,  90,
        111,  15,  42,  65, 153, 184, 196, 250,  27,  33,  50,  96, 117, 138,
        198, 249,   3,   6,  12,  21,  36,  45,  81,  97, 161, 175, 211, 228,
        231,  68,  99, 108, 135, 141, 150, 197, 223, 236, 248,  48,  53,  56,
        132, 158, 190, 192, 201,  59,  71, 114, 119, 148, 171, 195, 205, 239,
        246, 247,  60,  69,  92,  93, 118, 136, 149, 191, 193, 199, 224, 251,
         57,  61,  62, 100, 151, 152, 209, 218, 226, 232, 233,  58, 145, 172,
        194, 200, 217,  49,  70,  76,  91, 109, 173, 176, 177, 178, 207, 225,
        237,  10,  16,  37, 115, 133, 144, 156, 157, 204, 216, 238,   2,  17,
         20,  79,  82,  94, 128, 222, 242,   1,  28,  83, 107, 142, 186, 189,
         11,  19,  22,  31,  34,  43,  46,  73, 134, 139, 147, 210,  14,  23,
         35,  67,  74,  89,  95, 101, 103, 112, 116, 121, 122, 124, 155, 159,
        160, 165, 167, 183, 243,   7,   8,  25,  40,  85,  86,  98, 106, 162,
        174, 187, 215, 219, 230, 235,  26,  41,  44,  80,  88, 125, 220, 240,
         29,  32,  55,  64,  77, 127, 130, 185, 234,   4,  47,  52, 104, 110,
        137, 140, 164, 182, 212, 245,   5,  13,  38, 113, 131, 143, 180, 213,
        203, 170, 229, 154, 206,  51,  54,  66, 146, 169, 179, 202, 227,  63])
[2024-12-22 17:00:23,457][root][INFO] - sorted scores:tensor([151.4375, 151.4062, 151.2500, 151.2188, 151.2188, 151.2188, 151.2188,
        151.2188, 151.1875, 151.1875, 151.1875, 151.1562, 151.1562, 151.1562,
        151.1562, 151.1562, 151.1562, 151.1562, 151.1250, 151.1250, 151.1250,
        151.1250, 151.1250, 151.0938, 151.0938, 151.0938, 151.0938, 151.0938,
        151.0938, 151.0625, 151.0625, 151.0625, 151.0625, 151.0625, 151.0625,
        151.0625, 151.0312, 151.0312, 151.0312, 151.0312, 151.0312, 151.0312,
        151.0312, 151.0312, 151.0000, 151.0000, 151.0000, 151.0000, 151.0000,
        151.0000, 151.0000, 151.0000, 151.0000, 151.0000, 151.0000, 151.0000,
        151.0000, 150.9688, 150.9688, 150.9688, 150.9688, 150.9688, 150.9688,
        150.9688, 150.9688, 150.9688, 150.9688, 150.9375, 150.9375, 150.9375,
        150.9375, 150.9375, 150.9375, 150.9375, 150.9375, 150.9062, 150.9062,
        150.9062, 150.9062, 150.9062, 150.9062, 150.9062, 150.9062, 150.9062,
        150.9062, 150.9062, 150.8750, 150.8750, 150.8750, 150.8750, 150.8750,
        150.8750, 150.8750, 150.8750, 150.8750, 150.8750, 150.8750, 150.8750,
        150.8438, 150.8438, 150.8438, 150.8438, 150.8438, 150.8438, 150.8438,
        150.8438, 150.8438, 150.8438, 150.8438, 150.8125, 150.8125, 150.8125,
        150.8125, 150.8125, 150.8125, 150.7812, 150.7812, 150.7812, 150.7812,
        150.7812, 150.7812, 150.7812, 150.7812, 150.7812, 150.7812, 150.7812,
        150.7812, 150.7500, 150.7500, 150.7500, 150.7500, 150.7500, 150.7500,
        150.7500, 150.7500, 150.7500, 150.7500, 150.7500, 150.7188, 150.7188,
        150.7188, 150.7188, 150.7188, 150.7188, 150.7188, 150.7188, 150.7188,
        150.6875, 150.6875, 150.6875, 150.6875, 150.6875, 150.6875, 150.6875,
        150.6562, 150.6562, 150.6562, 150.6562, 150.6562, 150.6562, 150.6562,
        150.6562, 150.6562, 150.6562, 150.6562, 150.6562, 150.6250, 150.6250,
        150.6250, 150.6250, 150.6250, 150.6250, 150.6250, 150.6250, 150.6250,
        150.6250, 150.6250, 150.6250, 150.6250, 150.6250, 150.6250, 150.6250,
        150.6250, 150.6250, 150.6250, 150.6250, 150.6250, 150.5938, 150.5938,
        150.5938, 150.5938, 150.5938, 150.5938, 150.5938, 150.5938, 150.5938,
        150.5938, 150.5938, 150.5938, 150.5938, 150.5938, 150.5938, 150.5625,
        150.5625, 150.5625, 150.5625, 150.5625, 150.5625, 150.5625, 150.5625,
        150.5312, 150.5312, 150.5312, 150.5312, 150.5312, 150.5312, 150.5312,
        150.5312, 150.5312, 150.5000, 150.5000, 150.5000, 150.5000, 150.5000,
        150.5000, 150.5000, 150.5000, 150.5000, 150.5000, 150.5000, 150.4688,
        150.4688, 150.4688, 150.4688, 150.4688, 150.4688, 150.4688, 150.4688,
        150.4375, 150.4062, 150.4062, 150.2812, 150.2812, 150.2500, 150.2500,
        150.2500, 150.2500, 150.2500, 150.2500, 150.2500, 150.2500, 150.2188])
