[2024-09-20 12:01:13,230][root][INFO] - self.cfg: 
 lr: 0.0001
c_in: 6
zfar: 'Infinity'
debug: null
n_view: 1
run_id: 3wy8qqex
use_BN: true
exp_name: 2024-01-11-20-02-45
n_epochs: 62
save_dir: /home/bowenw/debug/2024-01-11-20-02-45/
use_mask: false
loss_type: pairwise_valid
optimizer: adam
batch_size: 64
crop_ratio: 1.1
enable_amp: true
use_normal: false
max_num_key: null
warmup_step: -1
input_resize:
- 160
- 160
max_step_val: 1000
vis_interval: 1000
weight_decay: 0
normalize_xyz: true
resume_run_id: null
clip_grad_norm: 'Infinity'
lr_epoch_decay: 500
render_backend: nvdiffrast
train_num_pair: 5
lr_decay_epochs:
- 50
n_epochs_warmup: 1
make_pair_online: false
gradient_max_norm: 'Infinity'
max_step_per_epoch: 10000
n_rendering_workers: 1
save_epoch_interval: 100
n_dataloader_workers: 100
split_objects_across_gpus: true
ckpt_dir: FoundationPose/learning/training/../../weights/2024-01-11-20-02-45/model_best.pth

[2024-09-20 12:01:13,230][root][INFO] - self.h5_file:None
[2024-09-20 12:01:13,392][root][INFO] - Using pretrained model from FoundationPose/learning/training/../../weights/2024-01-11-20-02-45/model_best.pth
[2024-09-20 12:01:13,453][root][INFO] - init done
[2024-09-20 12:01:13,453][root][INFO] - welcome
[2024-09-20 12:01:13,457][root][INFO] - self.cfg: 
 lr: 0.0001
c_in: 6
zfar: .inf
debug: null
w_rot: 0.1
n_view: 1
run_id: null
use_BN: true
rot_rep: axis_angle
ckpt_dir: FoundationPose/learning/training/../../weights/2023-10-28-18-33-37/model_best.pth
exp_name: 2023-10-28-18-33-37
save_dir: /tmp/2023-10-28-18-33-37/
loss_type: l2
optimizer: adam
trans_rep: tracknet
batch_size: 64
crop_ratio: 1.2
use_normal: false
BN_momentum: 0.1
max_num_key: null
warmup_step: -1
input_resize:
- 160
- 160
max_step_val: 1000
normal_uint8: false
vis_interval: 1000
weight_decay: 0
n_max_objects: null
normalize_xyz: true
clip_grad_norm: 'Infinity'
rot_normalizer: 0.3490658503988659
trans_normalizer:
- 0.019999999552965164
- 0.019999999552965164
- 0.05000000074505806
max_step_per_epoch: 25000
val_epoch_interval: 10
n_dataloader_workers: 60
enable_amp: true
use_mask: false

[2024-09-20 12:01:13,457][root][INFO] - self.h5_file:
[2024-09-20 12:01:13,501][root][INFO] - Using pretrained model from FoundationPose/learning/training/../../weights/2023-10-28-18-33-37/model_best.pth
[2024-09-20 12:01:13,522][root][INFO] - init done
[2024-09-20 12:01:14,438][root][INFO] - self.diameter:0.11834483055076726, vox_size:0.005917241527538363
[2024-09-20 12:01:14,453][root][INFO] - self.pts:torch.Size([1023, 3])
[2024-09-20 12:01:14,967][root][INFO] - reset done
[2024-09-20 12:01:14,967][root][INFO] - cam_in_obs:(42, 4, 4)
[2024-09-20 12:01:14,969][root][INFO] - rot_grid:(252, 4, 4)
[2024-09-20 12:01:14,970][root][INFO] - after cluster, rot_grid:(252, 4, 4)
[2024-09-20 12:01:14,970][root][INFO] - self.rot_grid: torch.Size([252, 4, 4])
[2024-09-20 12:01:23,329][root][INFO] - Welcome
[2024-09-20 12:01:23,344][root][INFO] - poses:(252, 4, 4)
[2024-09-20 12:01:23,353][root][INFO] - after viewpoint, add_errs min:-1.0
[2024-09-20 12:01:23,386][root][INFO] - ob_in_cams:(252, 4, 4)
[2024-09-20 12:01:23,386][root][INFO] - self.cfg.use_normal:False
[2024-09-20 12:01:23,387][root][INFO] - trans_normalizer:[0.019999999552965164, 0.019999999552965164, 0.05000000074505806], rot_normalizer:0.3490658503988659
[2024-09-20 12:01:23,430][root][INFO] - making cropped data
[2024-09-20 12:01:23,430][root][INFO] - Welcome make_crop_data_batch
[2024-09-20 12:01:23,434][root][INFO] - make tf_to_crops done
[2024-09-20 12:01:23,457][root][INFO] - render done
[2024-09-20 12:01:23,463][root][INFO] - warp done
[2024-09-20 12:01:23,468][root][INFO] - pose batch data done
[2024-09-20 12:01:23,468][root][INFO] - forward start
[2024-09-20 12:01:23,581][root][INFO] - forward done
[2024-09-20 12:01:23,593][root][INFO] - making cropped data
[2024-09-20 12:01:23,593][root][INFO] - Welcome make_crop_data_batch
[2024-09-20 12:01:23,593][root][INFO] - make tf_to_crops done
[2024-09-20 12:01:23,607][root][INFO] - render done
[2024-09-20 12:01:23,610][root][INFO] - warp done
[2024-09-20 12:01:23,613][root][INFO] - pose batch data done
[2024-09-20 12:01:23,613][root][INFO] - forward start
[2024-09-20 12:01:23,614][root][INFO] - forward done
[2024-09-20 12:01:23,615][root][INFO] - making cropped data
[2024-09-20 12:01:23,615][root][INFO] - Welcome make_crop_data_batch
[2024-09-20 12:01:23,712][root][INFO] - make tf_to_crops done
[2024-09-20 12:01:23,726][root][INFO] - render done
[2024-09-20 12:01:23,729][root][INFO] - warp done
[2024-09-20 12:01:23,732][root][INFO] - pose batch data done
[2024-09-20 12:01:23,732][root][INFO] - forward start
[2024-09-20 12:01:23,734][root][INFO] - forward done
[2024-09-20 12:01:23,734][root][INFO] - making cropped data
[2024-09-20 12:01:23,734][root][INFO] - Welcome make_crop_data_batch
[2024-09-20 12:01:23,831][root][INFO] - make tf_to_crops done
[2024-09-20 12:01:23,844][root][INFO] - render done
[2024-09-20 12:01:23,848][root][INFO] - warp done
[2024-09-20 12:01:23,850][root][INFO] - pose batch data done
[2024-09-20 12:01:23,850][root][INFO] - forward start
[2024-09-20 12:01:23,852][root][INFO] - forward done
[2024-09-20 12:01:23,852][root][INFO] - making cropped data
[2024-09-20 12:01:23,852][root][INFO] - Welcome make_crop_data_batch
[2024-09-20 12:01:23,948][root][INFO] - make tf_to_crops done
[2024-09-20 12:01:23,962][root][INFO] - render done
[2024-09-20 12:01:23,965][root][INFO] - warp done
[2024-09-20 12:01:23,968][root][INFO] - pose batch data done
[2024-09-20 12:01:23,968][root][INFO] - forward start
[2024-09-20 12:01:23,969][root][INFO] - forward done
[2024-09-20 12:01:24,082][root][INFO] - ob_in_cams:(252, 4, 4)
[2024-09-20 12:01:24,082][root][INFO] - self.cfg.use_normal:False
[2024-09-20 12:01:24,082][root][INFO] - making cropped data
[2024-09-20 12:01:24,088][root][INFO] - Welcome make_crop_data_batch
[2024-09-20 12:01:24,089][root][INFO] - make tf_to_crops done
[2024-09-20 12:01:24,101][root][INFO] - render done
[2024-09-20 12:01:24,226][root][INFO] - pose batch data done
[2024-09-20 12:01:24,226][root][INFO] - pose_data.rgbAs.shape[0]: 252
[2024-09-20 12:01:24,320][root][INFO] - forward done
[2024-09-20 12:01:24,338][root][INFO] - final, add_errs min:-1.0
[2024-09-20 12:01:24,348][root][INFO] - sort ids:tensor([ 38, 122, 157, 162,  48,  16, 151, 193,  49, 121,  69, 175, 232,  19,
         70, 192, 150, 208, 250, 249, 143, 238, 207, 243,  64,  32,  63, 214,
        117,  89, 202, 110, 220,  29, 180,  24, 187, 213,  55,  90,  18,  54,
        174, 181, 240,  66, 229, 235, 130, 140,  61, 199, 160,  44, 135, 223,
         52, 165, 196, 148,  45, 183,  51,  26, 106, 171, 154,   4,  58, 147,
         35, 172, 190, 113, 195, 177, 217,  57, 246, 222,  67, 225, 166,  60,
        144,  10,  99, 108, 215,  40, 118, 247,  75, 159, 210,  17, 191, 107,
         47,  22, 226, 184,  59, 178, 197, 131, 127, 244, 100,  56,  76, 158,
         31, 152,  77, 103, 185,   6, 132,   9, 194, 164, 124, 137,  72, 123,
        125, 149,  50, 133, 153,  92,   3,  28,  43, 169, 104, 105, 111, 136,
         65,  94, 156, 186,  21, 209,  39, 102, 134, 236,   7,  23, 230,  88,
         93, 179, 241,  41, 233, 173,   1,  30, 119, 221, 109, 138,  68, 242,
        176,  78, 224, 145, 167, 231,  74, 141, 251,  81,  83,  25,  82, 239,
         36,  95, 200, 188, 237,  96,  91,  46,   0,  20, 146, 170, 216, 168,
        155,  97, 120,   2,  37, 201,  12, 114,  27,  53, 182, 161, 198,  33,
          8,  71,  98, 204, 139, 203,  15,  73,  87, 245, 126, 101, 142, 227,
        248, 189,  42, 112,   5, 129, 163, 206, 234,  62,  34,  79, 128,  11,
        218, 228,  13, 219,  85,  84, 116,  80, 212,  86,  14, 205, 211, 115])
[2024-09-20 12:01:24,351][root][INFO] - sorted scores:tensor([103.3965, 103.3867, 103.3809, 103.3809, 103.2637, 103.2383, 103.2383,
        103.2383, 103.2344, 103.2344, 103.2266, 103.2266, 103.2207, 103.2188,
        103.2188, 103.2109, 103.2031, 103.1777, 103.1777, 103.1719, 103.1699,
        103.0781, 103.0723, 103.0645, 103.0293, 103.0176, 102.9961, 102.9746,
        102.9531, 102.9473, 102.9434, 102.9180, 102.9160, 102.9141, 102.9043,
        102.8887, 102.8867, 102.8555, 102.8184, 102.8145, 102.8125, 102.8086,
        102.8008, 102.7969, 102.7871, 102.7793, 102.7793, 102.7598, 102.7500,
        102.7148, 102.7109, 102.7090, 102.7070, 102.7031, 102.6816, 102.6816,
        102.6699, 102.6660, 102.6660, 102.6621, 102.6465, 102.6426, 102.6406,
        102.6367, 102.6328, 102.6309, 102.6250, 102.6172, 102.6074, 102.6074,
        102.6055, 102.6035, 102.6035, 102.6016, 102.5957, 102.5918, 102.5859,
        102.5840, 102.5586, 102.5566, 102.5488, 102.5488, 102.5430, 102.5391,
        102.5332, 102.5254, 102.5195, 102.5176, 102.5176, 102.5156, 102.5059,
        102.5059, 102.5020, 102.5020, 102.5020, 102.5000, 102.4961, 102.4902,
        102.4844, 102.4727, 102.4707, 102.4668, 102.4629, 102.4551, 102.4551,
        102.4531, 102.4492, 102.4414, 102.4395, 102.4375, 102.4375, 102.4355,
        102.4316, 102.4316, 102.4219, 102.4219, 102.4121, 102.4102, 102.4062,
        102.4023, 102.4023, 102.3984, 102.3965, 102.3965, 102.3945, 102.3887,
        102.3887, 102.3867, 102.3828, 102.3828, 102.3770, 102.3750, 102.3730,
        102.3730, 102.3730, 102.3730, 102.3711, 102.3672, 102.3672, 102.3672,
        102.3613, 102.3613, 102.3613, 102.3613, 102.3574, 102.3535, 102.3516,
        102.3496, 102.3477, 102.3477, 102.3418, 102.3418, 102.3418, 102.3398,
        102.3398, 102.3398, 102.3398, 102.3379, 102.3379, 102.3301, 102.3262,
        102.3262, 102.3242, 102.3223, 102.3164, 102.3164, 102.3145, 102.3145,
        102.3125, 102.3105, 102.3105, 102.3086, 102.3027, 102.3027, 102.2988,
        102.2988, 102.2988, 102.2891, 102.2871, 102.2852, 102.2852, 102.2852,
        102.2812, 102.2793, 102.2793, 102.2715, 102.2715, 102.2676, 102.2656,
        102.2617, 102.2598, 102.2598, 102.2598, 102.2500, 102.2480, 102.2441,
        102.2422, 102.2402, 102.2402, 102.2383, 102.2344, 102.2285, 102.2266,
        102.2266, 102.2227, 102.2227, 102.2188, 102.2148, 102.2129, 102.2109,
        102.2031, 102.1973, 102.1875, 102.1875, 102.1855, 102.1836, 102.1777,
        102.1777, 102.1641, 102.1621, 102.1602, 102.1582, 102.1523, 102.1484,
        102.1445, 102.1387, 102.1367, 102.1367, 102.1328, 102.1230, 102.1133,
        102.1035, 102.1035, 102.0957, 102.0801, 102.0723, 102.0684, 102.0488,
        102.0449, 102.0332, 102.0234, 102.0234, 102.0176, 102.0117, 102.0117,
        102.0059, 102.0059, 101.9932, 101.9883, 101.9707, 101.9424, 101.9219])
[2024-09-20 12:01:36,071][websockets.server][INFO] - server listening on 0.0.0.0:8080
[2024-09-20 12:01:41,076][websockets.server][INFO] - connection open
[2024-09-20 12:01:43,624][root][INFO] - Succeeded to open port: /dev/ttyUSB0
[2024-09-20 12:01:43,625][root][INFO] - Succeeded to set baudrate to 3000000
[2024-09-20 12:01:52,593][websockets.server][INFO] - connection open
[2024-09-20 12:02:02,192][root][ERROR] - > read: [TxRxResult] Incorrect status packet!
[2024-09-20 12:02:02,227][root][ERROR] - > read: [TxRxResult] There is no status packet!
[2024-09-20 12:02:02,365][root][ERROR] - > read: [TxRxResult] There is no status packet!
[2024-09-20 12:02:02,400][root][ERROR] - > read: [TxRxResult] There is no status packet!
