[2024-12-20 21:43:07,330][websockets.server][INFO] - server listening on 0.0.0.0:8080
[2024-12-20 21:43:07,474][root][INFO] - self.cfg: 
 lr: 0.0001
c_in: 6
zfar: 'Infinity'
debug: null
n_view: 1
run_id: 3wy8qqex
use_BN: true
exp_name: 2024-01-11-20-02-45
n_epochs: 62
save_dir: /home/bowenw/debug/2024-01-11-20-02-45/
use_mask: false
loss_type: pairwise_valid
optimizer: adam
batch_size: 64
crop_ratio: 1.1
enable_amp: true
use_normal: false
max_num_key: null
warmup_step: -1
input_resize:
- 160
- 160
max_step_val: 1000
vis_interval: 1000
weight_decay: 0
normalize_xyz: true
resume_run_id: null
clip_grad_norm: 'Infinity'
lr_epoch_decay: 500
render_backend: nvdiffrast
train_num_pair: 5
lr_decay_epochs:
- 50
n_epochs_warmup: 1
make_pair_online: false
gradient_max_norm: 'Infinity'
max_step_per_epoch: 10000
n_rendering_workers: 1
save_epoch_interval: 100
n_dataloader_workers: 100
split_objects_across_gpus: true
ckpt_dir: /data/zjx/rw/third_party/FoundationPose/learning/training/../../weights/2024-01-11-20-02-45/model_best.pth

[2024-12-20 21:43:07,474][root][INFO] - self.h5_file:None
[2024-12-20 21:43:07,611][root][INFO] - Using pretrained model from /data/zjx/rw/third_party/FoundationPose/learning/training/../../weights/2024-01-11-20-02-45/model_best.pth
[2024-12-20 21:43:07,674][root][INFO] - init done
[2024-12-20 21:43:07,675][root][INFO] - welcome
[2024-12-20 21:43:07,678][root][INFO] - self.cfg: 
 lr: 0.0001
c_in: 6
zfar: .inf
debug: null
w_rot: 0.1
n_view: 1
run_id: null
use_BN: true
rot_rep: axis_angle
ckpt_dir: /data/zjx/rw/third_party/FoundationPose/learning/training/../../weights/2023-10-28-18-33-37/model_best.pth
exp_name: 2023-10-28-18-33-37
save_dir: /tmp/2023-10-28-18-33-37/
loss_type: l2
optimizer: adam
trans_rep: tracknet
batch_size: 64
crop_ratio: 1.2
use_normal: false
BN_momentum: 0.1
max_num_key: null
warmup_step: -1
input_resize:
- 160
- 160
max_step_val: 1000
normal_uint8: false
vis_interval: 1000
weight_decay: 0
n_max_objects: null
normalize_xyz: true
clip_grad_norm: 'Infinity'
rot_normalizer: 0.3490658503988659
trans_normalizer:
- 0.019999999552965164
- 0.019999999552965164
- 0.05000000074505806
max_step_per_epoch: 25000
val_epoch_interval: 10
n_dataloader_workers: 60
enable_amp: true
use_mask: false

[2024-12-20 21:43:07,678][root][INFO] - self.h5_file:
[2024-12-20 21:43:07,723][root][INFO] - Using pretrained model from /data/zjx/rw/third_party/FoundationPose/learning/training/../../weights/2023-10-28-18-33-37/model_best.pth
[2024-12-20 21:43:07,741][root][INFO] - init done
[2024-12-20 21:43:07,822][websockets.server][INFO] - connection open
[2024-12-20 21:43:08,957][root][INFO] - self.diameter:0.2729166168820516, vox_size:0.01364583084410258
[2024-12-20 21:43:08,972][root][INFO] - self.pts:torch.Size([179, 3])
[2024-12-20 21:43:09,944][root][INFO] - reset done
[2024-12-20 21:43:09,945][root][INFO] - cam_in_obs:(42, 4, 4)
[2024-12-20 21:43:09,946][root][INFO] - rot_grid:(252, 4, 4)
[2024-12-20 21:43:09,946][root][INFO] - after cluster, rot_grid:(252, 4, 4)
[2024-12-20 21:43:09,946][root][INFO] - self.rot_grid: torch.Size([252, 4, 4])
[2024-12-20 21:43:20,068][root][INFO] - Welcome
[2024-12-20 21:43:20,083][root][INFO] - poses:(252, 4, 4)
[2024-12-20 21:43:20,090][root][INFO] - after viewpoint, add_errs min:-1.0
[2024-12-20 21:43:20,112][root][INFO] - ob_in_cams:(252, 4, 4)
[2024-12-20 21:43:20,112][root][INFO] - self.cfg.use_normal:False
[2024-12-20 21:43:20,112][root][INFO] - trans_normalizer:[0.019999999552965164, 0.019999999552965164, 0.05000000074505806], rot_normalizer:0.3490658503988659
[2024-12-20 21:43:20,115][root][INFO] - making cropped data
[2024-12-20 21:43:20,115][root][INFO] - Welcome make_crop_data_batch
[2024-12-20 21:43:20,118][root][INFO] - make tf_to_crops done
[2024-12-20 21:43:20,141][root][INFO] - render done
[2024-12-20 21:43:20,147][root][INFO] - warp done
[2024-12-20 21:43:20,152][root][INFO] - pose batch data done
[2024-12-20 21:43:20,152][root][INFO] - forward start
[2024-12-20 21:43:20,282][root][INFO] - forward done
[2024-12-20 21:43:20,295][root][INFO] - making cropped data
[2024-12-20 21:43:20,295][root][INFO] - Welcome make_crop_data_batch
[2024-12-20 21:43:20,295][root][INFO] - make tf_to_crops done
[2024-12-20 21:43:20,313][root][INFO] - render done
[2024-12-20 21:43:20,317][root][INFO] - warp done
[2024-12-20 21:43:20,320][root][INFO] - pose batch data done
[2024-12-20 21:43:20,320][root][INFO] - forward start
[2024-12-20 21:43:20,321][root][INFO] - forward done
[2024-12-20 21:43:20,321][root][INFO] - making cropped data
[2024-12-20 21:43:20,321][root][INFO] - Welcome make_crop_data_batch
[2024-12-20 21:43:20,426][root][INFO] - make tf_to_crops done
[2024-12-20 21:43:20,441][root][INFO] - render done
[2024-12-20 21:43:20,444][root][INFO] - warp done
[2024-12-20 21:43:20,447][root][INFO] - pose batch data done
[2024-12-20 21:43:20,447][root][INFO] - forward start
[2024-12-20 21:43:20,448][root][INFO] - forward done
[2024-12-20 21:43:20,449][root][INFO] - making cropped data
[2024-12-20 21:43:20,449][root][INFO] - Welcome make_crop_data_batch
[2024-12-20 21:43:20,551][root][INFO] - make tf_to_crops done
[2024-12-20 21:43:20,567][root][INFO] - render done
[2024-12-20 21:43:20,570][root][INFO] - warp done
[2024-12-20 21:43:20,573][root][INFO] - pose batch data done
[2024-12-20 21:43:20,573][root][INFO] - forward start
[2024-12-20 21:43:20,575][root][INFO] - forward done
[2024-12-20 21:43:20,575][root][INFO] - making cropped data
[2024-12-20 21:43:20,575][root][INFO] - Welcome make_crop_data_batch
[2024-12-20 21:43:20,676][root][INFO] - make tf_to_crops done
[2024-12-20 21:43:20,691][root][INFO] - render done
[2024-12-20 21:43:20,695][root][INFO] - warp done
[2024-12-20 21:43:20,697][root][INFO] - pose batch data done
[2024-12-20 21:43:20,697][root][INFO] - forward start
[2024-12-20 21:43:20,699][root][INFO] - forward done
[2024-12-20 21:43:20,814][root][INFO] - ob_in_cams:(252, 4, 4)
[2024-12-20 21:43:20,814][root][INFO] - self.cfg.use_normal:False
[2024-12-20 21:43:20,815][root][INFO] - making cropped data
[2024-12-20 21:43:20,821][root][INFO] - Welcome make_crop_data_batch
[2024-12-20 21:43:20,822][root][INFO] - make tf_to_crops done
[2024-12-20 21:43:20,835][root][INFO] - render done
[2024-12-20 21:43:20,962][root][INFO] - pose batch data done
[2024-12-20 21:43:20,962][root][INFO] - pose_data.rgbAs.shape[0]: 252
[2024-12-20 21:43:21,057][root][INFO] - forward done
[2024-12-20 21:43:21,074][root][INFO] - final, add_errs min:-1.0
[2024-12-20 21:43:21,085][root][INFO] - sort ids:tensor([128, 134, 135, 224,   2, 200,  74,  96, 146, 173, 222,  11, 101, 147,
        227,   8, 107,  66,  77, 149,   5,  35,  98, 170, 203,  99, 104, 188,
        225, 144, 194,  32, 132, 137, 169, 243, 131, 191, 221,  55, 240,  41,
         47,  52, 161, 187,  70, 174, 210, 154, 160,  54,  69, 110, 114, 162,
        165, 202, 238,  29,  44,  51, 140, 217, 218,  61, 125, 180, 204, 119,
        190, 220,  89, 113,  38,  49,  63,  64,  90, 155, 213, 233,  58,  67,
        143,  23,  93,  95, 157, 230, 235, 239,  26,  86, 183, 229,  92,  83,
        179, 193, 207, 236,   3,  17,  48, 177, 172, 250,  14, 117, 199, 209,
        232,  80, 122,  60, 206, 116, 152,  57, 151,  20, 176, 158, 192, 251,
         21, 248,  12,   6, 195, 247, 196, 246, 197, 245, 163,  94, 184,  28,
        109, 133, 136, 244,  30,  39,  75, 100, 138, 148, 150, 189, 237,  31,
         33,  45,  56,  97, 108, 223,   0,   9,  24,  27,  36,  42,  46,  53,
         68,  72,  81, 102, 115, 123, 126, 129, 171, 175, 186, 208, 216,  18,
         34,  37,  73,  78,  84, 105, 111, 141, 156, 164, 166, 181, 198, 211,
        214, 231, 241,  15,  76,  91, 118, 142,  16,  43,  65,  79,  87, 120,
         19,  40,  82,  25, 139, 219,  10, 112, 159, 249,   1, 167, 242,   4,
         88, 127, 153, 182, 215, 234,  13, 103, 106, 124, 130, 185, 212,   7,
         22,  50,  85, 121,  71,  59, 168, 228,  62, 145, 205, 178, 201, 226])
[2024-12-20 21:43:21,089][root][INFO] - sorted scores:tensor([75.7656, 75.7500, 75.7500, 75.7500, 75.7344, 75.7344, 75.7188, 75.7188,
        75.7188, 75.7188, 75.7188, 75.7031, 75.7031, 75.7031, 75.7031, 75.6875,
        75.6875, 75.6719, 75.6719, 75.6719, 75.6562, 75.6562, 75.6562, 75.6562,
        75.6562, 75.6406, 75.6406, 75.6406, 75.6406, 75.6250, 75.6250, 75.6094,
        75.6094, 75.6094, 75.5938, 75.5938, 75.5781, 75.5781, 75.5781, 75.5625,
        75.5625, 75.5312, 75.5312, 75.5312, 75.5312, 75.5312, 75.5156, 75.5156,
        75.5156, 75.5000, 75.5000, 75.4844, 75.4844, 75.4844, 75.4844, 75.4844,
        75.4844, 75.4844, 75.4844, 75.4688, 75.4688, 75.4688, 75.4688, 75.4688,
        75.4688, 75.4531, 75.4531, 75.4531, 75.4531, 75.4375, 75.4375, 75.4375,
        75.4219, 75.4219, 75.4062, 75.4062, 75.4062, 75.4062, 75.4062, 75.4062,
        75.4062, 75.4062, 75.3906, 75.3906, 75.3906, 75.3750, 75.3750, 75.3750,
        75.3750, 75.3750, 75.3750, 75.3750, 75.3594, 75.3594, 75.3594, 75.3594,
        75.3438, 75.3281, 75.3125, 75.3125, 75.3125, 75.3125, 75.2969, 75.2969,
        75.2969, 75.2969, 75.2656, 75.2500, 75.2188, 75.2188, 75.2188, 75.1875,
        75.1875, 75.1719, 75.1562, 75.0781, 75.0781, 75.0312, 75.0312, 75.0156,
        74.9844, 74.9688, 74.9219, 74.8438, 74.8125, 74.6719, 74.6562, 74.6562,
        74.6094, 74.2656, 74.1562, 74.0938, 74.0156, 73.9844, 73.9688, 73.7500,
        73.4375, 73.4062, 73.4062, 73.3750, 73.3750, 73.3750, 73.3750, 73.3750,
        73.3594, 73.3594, 73.3594, 73.3594, 73.3594, 73.3594, 73.3594, 73.3594,
        73.3594, 73.3438, 73.3438, 73.3438, 73.3438, 73.3438, 73.3438, 73.3438,
        73.3281, 73.3281, 73.3281, 73.3281, 73.3281, 73.3281, 73.3281, 73.3281,
        73.3281, 73.3281, 73.3281, 73.3281, 73.3281, 73.3281, 73.3281, 73.3281,
        73.3281, 73.3281, 73.3281, 73.3281, 73.3281, 73.3125, 73.3125, 73.3125,
        73.3125, 73.3125, 73.3125, 73.3125, 73.3125, 73.3125, 73.3125, 73.3125,
        73.3125, 73.3125, 73.3125, 73.3125, 73.3125, 73.3125, 73.3125, 73.2969,
        73.2969, 73.2969, 73.2969, 73.2969, 73.2812, 73.2812, 73.2812, 73.2812,
        73.2812, 73.2812, 73.2656, 73.2656, 73.2656, 73.2500, 73.2500, 73.2500,
        73.2344, 73.2188, 73.2188, 73.2188, 73.2031, 73.2031, 73.2031, 73.1875,
        73.1875, 73.1875, 73.1875, 73.1875, 73.1875, 73.1875, 73.1719, 73.1719,
        73.1719, 73.1719, 73.1719, 73.1719, 73.1719, 73.1562, 73.1562, 73.1562,
        73.1562, 73.1562, 73.1094, 73.0938, 73.0938, 73.0781, 73.0625, 73.0625,
        73.0625, 73.0469, 73.0469, 73.0156])
