[2024-10-10 22:18:13,097][root][INFO] - self.cfg: 
 lr: 0.0001
c_in: 6
zfar: 'Infinity'
debug: null
n_view: 1
run_id: 3wy8qqex
use_BN: true
exp_name: 2024-01-11-20-02-45
n_epochs: 62
save_dir: /home/bowenw/debug/2024-01-11-20-02-45/
use_mask: false
loss_type: pairwise_valid
optimizer: adam
batch_size: 64
crop_ratio: 1.1
enable_amp: true
use_normal: false
max_num_key: null
warmup_step: -1
input_resize:
- 160
- 160
max_step_val: 1000
vis_interval: 1000
weight_decay: 0
normalize_xyz: true
resume_run_id: null
clip_grad_norm: 'Infinity'
lr_epoch_decay: 500
render_backend: nvdiffrast
train_num_pair: 5
lr_decay_epochs:
- 50
n_epochs_warmup: 1
make_pair_online: false
gradient_max_norm: 'Infinity'
max_step_per_epoch: 10000
n_rendering_workers: 1
save_epoch_interval: 100
n_dataloader_workers: 100
split_objects_across_gpus: true
ckpt_dir: FoundationPose/learning/training/../../weights/2024-01-11-20-02-45/model_best.pth

[2024-10-10 22:18:13,097][root][INFO] - self.h5_file:None
[2024-10-10 22:18:13,254][root][INFO] - Using pretrained model from FoundationPose/learning/training/../../weights/2024-01-11-20-02-45/model_best.pth
[2024-10-10 22:18:13,308][root][INFO] - init done
[2024-10-10 22:18:13,308][root][INFO] - welcome
[2024-10-10 22:18:13,312][root][INFO] - self.cfg: 
 lr: 0.0001
c_in: 6
zfar: .inf
debug: null
w_rot: 0.1
n_view: 1
run_id: null
use_BN: true
rot_rep: axis_angle
ckpt_dir: FoundationPose/learning/training/../../weights/2023-10-28-18-33-37/model_best.pth
exp_name: 2023-10-28-18-33-37
save_dir: /tmp/2023-10-28-18-33-37/
loss_type: l2
optimizer: adam
trans_rep: tracknet
batch_size: 64
crop_ratio: 1.2
use_normal: false
BN_momentum: 0.1
max_num_key: null
warmup_step: -1
input_resize:
- 160
- 160
max_step_val: 1000
normal_uint8: false
vis_interval: 1000
weight_decay: 0
n_max_objects: null
normalize_xyz: true
clip_grad_norm: 'Infinity'
rot_normalizer: 0.3490658503988659
trans_normalizer:
- 0.019999999552965164
- 0.019999999552965164
- 0.05000000074505806
max_step_per_epoch: 25000
val_epoch_interval: 10
n_dataloader_workers: 60
enable_amp: true
use_mask: false

[2024-10-10 22:18:13,312][root][INFO] - self.h5_file:
[2024-10-10 22:18:13,359][root][INFO] - Using pretrained model from FoundationPose/learning/training/../../weights/2023-10-28-18-33-37/model_best.pth
[2024-10-10 22:18:13,376][root][INFO] - init done
[2024-10-10 22:18:15,530][root][INFO] - self.diameter:0.2324774443430137, vox_size:0.011623872217150685
[2024-10-10 22:18:15,545][root][INFO] - self.pts:torch.Size([385, 3])
[2024-10-10 22:18:16,356][root][INFO] - reset done
[2024-10-10 22:18:16,357][root][INFO] - cam_in_obs:(42, 4, 4)
[2024-10-10 22:18:16,358][root][INFO] - rot_grid:(252, 4, 4)
[2024-10-10 22:18:16,359][root][INFO] - after cluster, rot_grid:(252, 4, 4)
[2024-10-10 22:18:16,359][root][INFO] - self.rot_grid: torch.Size([252, 4, 4])
[2024-10-10 22:18:24,470][root][INFO] - Welcome
[2024-10-10 22:18:24,491][root][INFO] - poses:(252, 4, 4)
[2024-10-10 22:18:24,503][root][INFO] - after viewpoint, add_errs min:-1.0
[2024-10-10 22:18:24,576][root][INFO] - ob_in_cams:(252, 4, 4)
[2024-10-10 22:18:24,576][root][INFO] - self.cfg.use_normal:False
[2024-10-10 22:18:24,576][root][INFO] - trans_normalizer:[0.019999999552965164, 0.019999999552965164, 0.05000000074505806], rot_normalizer:0.3490658503988659
[2024-10-10 22:18:24,581][root][INFO] - making cropped data
[2024-10-10 22:18:24,581][root][INFO] - Welcome make_crop_data_batch
[2024-10-10 22:18:24,584][root][INFO] - make tf_to_crops done
[2024-10-10 22:18:24,610][root][INFO] - render done
[2024-10-10 22:18:24,617][root][INFO] - warp done
[2024-10-10 22:18:24,621][root][INFO] - pose batch data done
[2024-10-10 22:18:24,622][root][INFO] - forward start
[2024-10-10 22:18:24,739][root][INFO] - forward done
[2024-10-10 22:18:24,751][root][INFO] - making cropped data
[2024-10-10 22:18:24,751][root][INFO] - Welcome make_crop_data_batch
[2024-10-10 22:18:24,752][root][INFO] - make tf_to_crops done
[2024-10-10 22:18:24,770][root][INFO] - render done
[2024-10-10 22:18:24,773][root][INFO] - warp done
[2024-10-10 22:18:24,777][root][INFO] - pose batch data done
[2024-10-10 22:18:24,777][root][INFO] - forward start
[2024-10-10 22:18:24,778][root][INFO] - forward done
[2024-10-10 22:18:24,778][root][INFO] - making cropped data
[2024-10-10 22:18:24,778][root][INFO] - Welcome make_crop_data_batch
[2024-10-10 22:18:24,879][root][INFO] - make tf_to_crops done
[2024-10-10 22:18:24,895][root][INFO] - render done
[2024-10-10 22:18:24,900][root][INFO] - warp done
[2024-10-10 22:18:24,902][root][INFO] - pose batch data done
[2024-10-10 22:18:24,902][root][INFO] - forward start
[2024-10-10 22:18:24,903][root][INFO] - forward done
[2024-10-10 22:18:24,904][root][INFO] - making cropped data
[2024-10-10 22:18:24,904][root][INFO] - Welcome make_crop_data_batch
[2024-10-10 22:18:25,006][root][INFO] - make tf_to_crops done
[2024-10-10 22:18:25,024][root][INFO] - render done
[2024-10-10 22:18:25,027][root][INFO] - warp done
[2024-10-10 22:18:25,030][root][INFO] - pose batch data done
[2024-10-10 22:18:25,030][root][INFO] - forward start
[2024-10-10 22:18:25,032][root][INFO] - forward done
[2024-10-10 22:18:25,032][root][INFO] - making cropped data
[2024-10-10 22:18:25,032][root][INFO] - Welcome make_crop_data_batch
[2024-10-10 22:18:25,135][root][INFO] - make tf_to_crops done
[2024-10-10 22:18:25,152][root][INFO] - render done
[2024-10-10 22:18:25,156][root][INFO] - warp done
[2024-10-10 22:18:25,159][root][INFO] - pose batch data done
[2024-10-10 22:18:25,159][root][INFO] - forward start
[2024-10-10 22:18:25,160][root][INFO] - forward done
[2024-10-10 22:18:25,279][root][INFO] - ob_in_cams:(252, 4, 4)
[2024-10-10 22:18:25,279][root][INFO] - self.cfg.use_normal:False
[2024-10-10 22:18:25,279][root][INFO] - making cropped data
[2024-10-10 22:18:25,287][root][INFO] - Welcome make_crop_data_batch
[2024-10-10 22:18:25,287][root][INFO] - make tf_to_crops done
[2024-10-10 22:18:25,304][root][INFO] - render done
[2024-10-10 22:18:25,436][root][INFO] - pose batch data done
[2024-10-10 22:18:25,437][root][INFO] - pose_data.rgbAs.shape[0]: 252
[2024-10-10 22:18:25,535][root][INFO] - forward done
[2024-10-10 22:18:25,553][root][INFO] - final, add_errs min:-1.0
[2024-10-10 22:18:25,561][root][INFO] - sort ids:tensor([  4,   5,  10,  11,  47,  76,  77, 100, 101, 106, 107, 130, 131, 136,
        137, 202, 203, 220, 226, 227, 245, 132, 126,  50, 145, 164,   7, 104,
        127, 133, 187,  32,  73,  74, 103, 169,   2,  55, 134, 170,   8,  43,
        146,   1,  97, 188, 200,  34,  52, 179, 185,  23,  83,  95, 161, 197,
        221,  22, 125, 154, 155, 178,  41,  59, 160,  82,  94, 196, 244,  72,
        102,  53, 162, 163,   6,  33, 250,   9, 105, 189,  62,  75,  99, 205,
        216,   0,  13,  42,  64,  68,  86, 144, 198, 206, 212, 230, 248,  14,
         79, 115, 194,  80, 116, 229,   3, 235, 236,  26,  67, 121, 171,  58,
        138,  93, 128,  87, 120, 243, 113, 184,  70,  98, 108, 223,  27,  81,
         18, 124, 141, 210, 231,  17,  37,  78, 111, 156, 224, 114, 237,  15,
         16, 109, 129, 199, 211,  36, 150,  45,  88, 119, 147, 183, 135, 251,
        193, 222,  29,  96,  28, 110, 142, 247,  92,  19,  89,  38,  61, 191,
        201,  20, 122,  85,  91, 232,  71,  49, 151, 208, 118, 182,  12, 140,
        175, 176, 217,  46,  84, 152, 157, 204,  35, 233,  90, 228,  44, 177,
         21, 225,  31,  39,  40, 209, 123,  25, 153,  24,  56, 117, 143, 207,
        234, 168, 139, 112, 181, 246,  60, 190, 240, 214, 219,  65, 241,  48,
        158, 238, 239, 180, 215,  30, 186, 159, 218, 242, 166, 149, 165, 167,
        173, 174, 213, 148, 172,  51, 249,  57,  66, 192, 195,  63,  69,  54])
[2024-10-10 22:18:25,565][root][INFO] - sorted scores:tensor([88.8828, 88.8828, 88.8828, 88.8828, 88.8828, 88.8828, 88.8828, 88.8828,
        88.8828, 88.8828, 88.8828, 88.8828, 88.8828, 88.8828, 88.8828, 88.8828,
        88.8828, 88.8828, 88.8828, 88.8828, 88.8828, 88.8672, 88.8359, 88.7734,
        88.7734, 88.7734, 88.7656, 88.7656, 88.7656, 88.7656, 88.7656, 88.7578,
        88.7578, 88.7578, 88.7578, 88.7578, 88.7500, 88.7500, 88.7500, 88.7500,
        88.7422, 88.7422, 88.7422, 88.7344, 88.7344, 88.6641, 88.6562, 88.6406,
        88.6172, 88.6094, 88.6094, 88.6016, 88.6016, 88.6016, 88.6016, 88.6016,
        88.6016, 88.5938, 88.5938, 88.5938, 88.5938, 88.5938, 88.5859, 88.5859,
        88.5781, 88.5703, 88.5703, 88.5625, 88.5625, 88.5469, 88.5312, 88.5234,
        88.5234, 88.5078, 88.5000, 88.5000, 88.5000, 88.4844, 88.4844, 88.4844,
        88.4766, 88.4766, 88.4766, 88.4766, 88.4766, 88.4688, 88.4688, 88.4688,
        88.4688, 88.4688, 88.4688, 88.4688, 88.4688, 88.4688, 88.4688, 88.4688,
        88.4688, 88.4609, 88.4609, 88.4609, 88.4609, 88.4531, 88.4531, 88.4531,
        88.4453, 88.4453, 88.4453, 88.4375, 88.4297, 88.4219, 88.4141, 88.3984,
        88.3125, 88.3047, 88.3047, 88.2891, 88.2891, 88.2891, 88.2812, 88.2812,
        88.2734, 88.2734, 88.2656, 88.2656, 88.2578, 88.2578, 88.2500, 88.2500,
        88.2500, 88.2500, 88.2500, 88.2422, 88.2422, 88.2422, 88.2422, 88.2422,
        88.2422, 88.2344, 88.2344, 88.2266, 88.2188, 88.2188, 88.2109, 88.2109,
        88.2109, 88.1953, 88.1875, 88.1797, 88.1797, 88.1797, 88.1797, 88.1797,
        88.1719, 88.1719, 88.1641, 88.1641, 88.1484, 88.1484, 88.1328, 88.1328,
        88.1328, 88.1094, 88.1016, 88.0938, 88.0938, 88.0859, 88.0859, 88.0859,
        88.0859, 88.0703, 88.0703, 88.0391, 88.0391, 88.0391, 88.0312, 88.0234,
        88.0234, 88.0234, 88.0156, 88.0156, 88.0000, 88.0000, 88.0000, 88.0000,
        88.0000, 87.9922, 87.9922, 87.9922, 87.9922, 87.9922, 87.9844, 87.9844,
        87.9766, 87.9766, 87.9688, 87.9688, 87.9609, 87.9609, 87.9531, 87.9453,
        87.9453, 87.9453, 87.9375, 87.9297, 87.9297, 87.9219, 87.9141, 87.9141,
        87.9141, 87.9141, 87.9141, 87.9062, 87.8906, 87.8828, 87.8750, 87.8750,
        87.8672, 87.8281, 87.8281, 87.8125, 87.8125, 87.8047, 87.8047, 87.7812,
        87.7812, 87.7812, 87.7812, 87.7734, 87.7734, 87.7578, 87.7578, 87.7500,
        87.7500, 87.7500, 87.7422, 87.7266, 87.7109, 87.6953, 87.6875, 87.6719,
        87.6719, 87.6641, 87.6562, 87.6172, 87.5859, 87.5625, 87.5156, 87.5156,
        87.4531, 87.3828, 87.3828, 87.3438])
[2024-10-10 22:18:27,482][websockets.server][INFO] - server listening on 0.0.0.0:8080
[2024-10-10 22:18:29,972][websockets.server][INFO] - connection open
