[2024-09-22 15:59:29,770][root][INFO] - self.cfg: 
 lr: 0.0001
c_in: 6
zfar: 'Infinity'
debug: null
n_view: 1
run_id: 3wy8qqex
use_BN: true
exp_name: 2024-01-11-20-02-45
n_epochs: 62
save_dir: /home/bowenw/debug/2024-01-11-20-02-45/
use_mask: false
loss_type: pairwise_valid
optimizer: adam
batch_size: 64
crop_ratio: 1.1
enable_amp: true
use_normal: false
max_num_key: null
warmup_step: -1
input_resize:
- 160
- 160
max_step_val: 1000
vis_interval: 1000
weight_decay: 0
normalize_xyz: true
resume_run_id: null
clip_grad_norm: 'Infinity'
lr_epoch_decay: 500
render_backend: nvdiffrast
train_num_pair: 5
lr_decay_epochs:
- 50
n_epochs_warmup: 1
make_pair_online: false
gradient_max_norm: 'Infinity'
max_step_per_epoch: 10000
n_rendering_workers: 1
save_epoch_interval: 100
n_dataloader_workers: 100
split_objects_across_gpus: true
ckpt_dir: FoundationPose/learning/training/../../weights/2024-01-11-20-02-45/model_best.pth

[2024-09-22 15:59:29,771][root][INFO] - self.h5_file:None
[2024-09-22 15:59:29,957][root][INFO] - Using pretrained model from FoundationPose/learning/training/../../weights/2024-01-11-20-02-45/model_best.pth
[2024-09-22 15:59:30,014][root][INFO] - init done
[2024-09-22 15:59:30,014][root][INFO] - welcome
[2024-09-22 15:59:30,017][root][INFO] - self.cfg: 
 lr: 0.0001
c_in: 6
zfar: .inf
debug: null
w_rot: 0.1
n_view: 1
run_id: null
use_BN: true
rot_rep: axis_angle
ckpt_dir: FoundationPose/learning/training/../../weights/2023-10-28-18-33-37/model_best.pth
exp_name: 2023-10-28-18-33-37
save_dir: /tmp/2023-10-28-18-33-37/
loss_type: l2
optimizer: adam
trans_rep: tracknet
batch_size: 64
crop_ratio: 1.2
use_normal: false
BN_momentum: 0.1
max_num_key: null
warmup_step: -1
input_resize:
- 160
- 160
max_step_val: 1000
normal_uint8: false
vis_interval: 1000
weight_decay: 0
n_max_objects: null
normalize_xyz: true
clip_grad_norm: 'Infinity'
rot_normalizer: 0.3490658503988659
trans_normalizer:
- 0.019999999552965164
- 0.019999999552965164
- 0.05000000074505806
max_step_per_epoch: 25000
val_epoch_interval: 10
n_dataloader_workers: 60
enable_amp: true
use_mask: false

[2024-09-22 15:59:30,018][root][INFO] - self.h5_file:
[2024-09-22 15:59:30,062][root][INFO] - Using pretrained model from FoundationPose/learning/training/../../weights/2023-10-28-18-33-37/model_best.pth
[2024-09-22 15:59:30,086][root][INFO] - init done
[2024-09-22 15:59:32,297][root][INFO] - self.diameter:0.1688165410404694, vox_size:0.00844082705202347
[2024-09-22 15:59:32,312][root][INFO] - self.pts:torch.Size([675, 3])
[2024-09-22 15:59:33,306][root][INFO] - reset done
[2024-09-22 15:59:33,307][root][INFO] - cam_in_obs:(42, 4, 4)
[2024-09-22 15:59:33,321][root][INFO] - rot_grid:(252, 4, 4)
[2024-09-22 15:59:33,322][root][INFO] - after cluster, rot_grid:(252, 4, 4)
[2024-09-22 15:59:33,322][root][INFO] - self.rot_grid: torch.Size([252, 4, 4])
[2024-09-22 15:59:43,947][root][INFO] - Welcome
[2024-09-22 15:59:43,965][root][INFO] - poses:(252, 4, 4)
[2024-09-22 15:59:43,980][root][INFO] - after viewpoint, add_errs min:-1.0
[2024-09-22 15:59:44,012][root][INFO] - ob_in_cams:(252, 4, 4)
[2024-09-22 15:59:44,012][root][INFO] - self.cfg.use_normal:False
[2024-09-22 15:59:44,012][root][INFO] - trans_normalizer:[0.019999999552965164, 0.019999999552965164, 0.05000000074505806], rot_normalizer:0.3490658503988659
[2024-09-22 15:59:44,048][root][INFO] - making cropped data
[2024-09-22 15:59:44,048][root][INFO] - Welcome make_crop_data_batch
[2024-09-22 15:59:44,052][root][INFO] - make tf_to_crops done
[2024-09-22 15:59:44,083][root][INFO] - render done
[2024-09-22 15:59:44,089][root][INFO] - warp done
[2024-09-22 15:59:44,094][root][INFO] - pose batch data done
[2024-09-22 15:59:44,094][root][INFO] - forward start
[2024-09-22 15:59:44,212][root][INFO] - forward done
[2024-09-22 15:59:44,223][root][INFO] - making cropped data
[2024-09-22 15:59:44,223][root][INFO] - Welcome make_crop_data_batch
[2024-09-22 15:59:44,223][root][INFO] - make tf_to_crops done
[2024-09-22 15:59:44,245][root][INFO] - render done
[2024-09-22 15:59:44,249][root][INFO] - warp done
[2024-09-22 15:59:44,252][root][INFO] - pose batch data done
[2024-09-22 15:59:44,252][root][INFO] - forward start
[2024-09-22 15:59:44,253][root][INFO] - forward done
[2024-09-22 15:59:44,253][root][INFO] - making cropped data
[2024-09-22 15:59:44,254][root][INFO] - Welcome make_crop_data_batch
[2024-09-22 15:59:44,352][root][INFO] - make tf_to_crops done
[2024-09-22 15:59:44,374][root][INFO] - render done
[2024-09-22 15:59:44,377][root][INFO] - warp done
[2024-09-22 15:59:44,380][root][INFO] - pose batch data done
[2024-09-22 15:59:44,380][root][INFO] - forward start
[2024-09-22 15:59:44,382][root][INFO] - forward done
[2024-09-22 15:59:44,382][root][INFO] - making cropped data
[2024-09-22 15:59:44,382][root][INFO] - Welcome make_crop_data_batch
[2024-09-22 15:59:44,479][root][INFO] - make tf_to_crops done
[2024-09-22 15:59:44,501][root][INFO] - render done
[2024-09-22 15:59:44,504][root][INFO] - warp done
[2024-09-22 15:59:44,507][root][INFO] - pose batch data done
[2024-09-22 15:59:44,507][root][INFO] - forward start
[2024-09-22 15:59:44,509][root][INFO] - forward done
[2024-09-22 15:59:44,509][root][INFO] - making cropped data
[2024-09-22 15:59:44,509][root][INFO] - Welcome make_crop_data_batch
[2024-09-22 15:59:44,606][root][INFO] - make tf_to_crops done
[2024-09-22 15:59:44,628][root][INFO] - render done
[2024-09-22 15:59:44,632][root][INFO] - warp done
[2024-09-22 15:59:44,635][root][INFO] - pose batch data done
[2024-09-22 15:59:44,635][root][INFO] - forward start
[2024-09-22 15:59:44,636][root][INFO] - forward done
[2024-09-22 15:59:44,750][root][INFO] - ob_in_cams:(252, 4, 4)
[2024-09-22 15:59:44,750][root][INFO] - self.cfg.use_normal:False
[2024-09-22 15:59:44,750][root][INFO] - making cropped data
[2024-09-22 15:59:44,757][root][INFO] - Welcome make_crop_data_batch
[2024-09-22 15:59:44,757][root][INFO] - make tf_to_crops done
[2024-09-22 15:59:44,777][root][INFO] - render done
[2024-09-22 15:59:44,903][root][INFO] - pose batch data done
[2024-09-22 15:59:44,903][root][INFO] - pose_data.rgbAs.shape[0]: 252
[2024-09-22 15:59:44,998][root][INFO] - forward done
[2024-09-22 15:59:45,015][root][INFO] - final, add_errs min:-1.0
[2024-09-22 15:59:45,025][root][INFO] - sort ids:tensor([  0,   6,   7,  30,  42,  72,  73,  96, 102, 126, 131, 132, 144, 162,
        168, 198, 203, 222, 240,   1,  35,  97, 103, 221, 191, 127,  77, 216,
        223, 107, 133,  54,  65,  31, 145, 163,  86,  27,  47,  49, 237,  55,
         44,  68, 175, 236,  61, 173, 217, 242, 128, 230,  45, 187, 192, 146,
        193,  58, 147,  53, 165,  46,  38, 169, 183, 241, 137, 148, 157, 196,
        239,  25, 140, 151, 155, 166,  18,  62,  70, 122, 213, 248, 108, 114,
        116, 167, 194, 204, 206,  92, 174, 195, 200,  69, 138, 184, 249,  20,
         67,  43, 179, 227,  12,  14,  57,   8,  95, 218,  66,  78, 121, 134,
        135, 153, 207,   5,  11, 123, 177, 201, 210, 219,  60, 109, 117, 120,
        164, 224, 234,  51,  52,  81, 150, 156, 170, 243,   4,  41,  71,  84,
         87,  91, 142, 246,  29,  36,  48,  89,  90,  93, 101, 130, 149, 185,
        233, 251,  19,  21,  24,  63, 141, 158, 161, 231, 232,  17,  80, 129,
        154, 171,   9,  15,  74,  76, 186, 199,  50, 106, 136, 159, 226, 247,
         75, 211, 228,  32, 113, 139, 209,  34,  59,  94, 172, 176, 180, 220,
        245,  22,  33,  37,  39,  56,  99, 100, 104, 105, 111, 112, 115, 124,
        125, 152, 160, 178, 181, 182, 189, 205, 229, 244,  10,  13,  23,  28,
         64,  82, 188, 197, 225,   2,   3,  16,  79,  83,  98, 119, 190, 212,
         88, 110, 143, 214, 215, 238,  26,  40,  85, 118, 208, 235, 202, 250])
[2024-09-22 15:59:45,028][root][INFO] - sorted scores:tensor([49.1562, 49.1562, 49.1562, 49.1562, 49.1562, 49.1562, 49.1562, 49.1562,
        49.1562, 49.1562, 49.1562, 49.1562, 49.1562, 49.1562, 49.1562, 49.1562,
        49.1562, 49.1562, 49.1562, 49.1250, 49.1250, 49.1250, 49.1250, 49.1250,
        49.0625, 49.0312, 48.9375, 48.9062, 48.8125, 48.7812, 48.7188, 48.6562,
        48.6250, 48.5625, 48.5312, 48.5312, 48.5000, 48.4688, 48.4375, 48.4375,
        48.4375, 48.3750, 48.3438, 48.3438, 48.3438, 48.3438, 48.3125, 48.3125,
        48.3125, 48.3125, 48.2812, 48.2812, 48.2500, 48.2500, 48.2500, 48.2188,
        48.2188, 48.1562, 48.1562, 48.1250, 48.1250, 48.0938, 48.0625, 48.0625,
        48.0625, 48.0625, 48.0312, 48.0312, 48.0312, 48.0312, 48.0312, 48.0000,
        48.0000, 48.0000, 48.0000, 47.9688, 47.9375, 47.9375, 47.9375, 47.9375,
        47.9375, 47.9375, 47.9062, 47.9062, 47.9062, 47.9062, 47.9062, 47.9062,
        47.9062, 47.8750, 47.8750, 47.8750, 47.8750, 47.8438, 47.8438, 47.8438,
        47.8438, 47.8125, 47.8125, 47.7812, 47.7812, 47.7812, 47.7500, 47.7500,
        47.7500, 47.7188, 47.7188, 47.7188, 47.6875, 47.6875, 47.6875, 47.6875,
        47.6875, 47.6875, 47.6875, 47.6562, 47.6562, 47.6562, 47.6562, 47.6562,
        47.6562, 47.6562, 47.6250, 47.6250, 47.6250, 47.6250, 47.6250, 47.6250,
        47.6250, 47.5938, 47.5938, 47.5938, 47.5938, 47.5938, 47.5938, 47.5938,
        47.5625, 47.5625, 47.5625, 47.5625, 47.5625, 47.5625, 47.5625, 47.5625,
        47.5312, 47.5312, 47.5312, 47.5312, 47.5312, 47.5312, 47.5312, 47.5312,
        47.5312, 47.5312, 47.5312, 47.5312, 47.5000, 47.5000, 47.5000, 47.5000,
        47.5000, 47.5000, 47.5000, 47.5000, 47.5000, 47.4688, 47.4688, 47.4688,
        47.4688, 47.4688, 47.4375, 47.4375, 47.4375, 47.4375, 47.4375, 47.4375,
        47.4062, 47.4062, 47.4062, 47.4062, 47.4062, 47.4062, 47.3750, 47.3750,
        47.3750, 47.3438, 47.3438, 47.3438, 47.3438, 47.3125, 47.3125, 47.3125,
        47.3125, 47.3125, 47.3125, 47.3125, 47.3125, 47.2812, 47.2812, 47.2812,
        47.2812, 47.2812, 47.2812, 47.2812, 47.2812, 47.2812, 47.2812, 47.2812,
        47.2812, 47.2812, 47.2812, 47.2812, 47.2812, 47.2812, 47.2812, 47.2812,
        47.2812, 47.2812, 47.2812, 47.2812, 47.2500, 47.2500, 47.2500, 47.2500,
        47.2500, 47.2500, 47.2500, 47.2500, 47.2500, 47.2188, 47.2188, 47.2188,
        47.2188, 47.2188, 47.2188, 47.2188, 47.2188, 47.2188, 47.1875, 47.1875,
        47.1875, 47.1562, 47.1562, 47.1562, 47.1250, 47.1250, 47.1250, 47.1250,
        47.1250, 47.0938, 47.0312, 47.0312])
[2024-09-22 15:59:56,285][websockets.server][INFO] - server listening on 0.0.0.0:8080
[2024-09-22 15:59:59,574][websockets.server][INFO] - connection open
[2024-09-22 16:00:11,449][root][INFO] - Succeeded to open port: /dev/ttyUSB0
[2024-09-22 16:00:11,450][root][INFO] - Succeeded to set baudrate to 3000000
