[2024-09-25 15:36:35,653][root][INFO] - self.cfg: 
 lr: 0.0001
c_in: 6
zfar: 'Infinity'
debug: null
n_view: 1
run_id: 3wy8qqex
use_BN: true
exp_name: 2024-01-11-20-02-45
n_epochs: 62
save_dir: /home/bowenw/debug/2024-01-11-20-02-45/
use_mask: false
loss_type: pairwise_valid
optimizer: adam
batch_size: 64
crop_ratio: 1.1
enable_amp: true
use_normal: false
max_num_key: null
warmup_step: -1
input_resize:
- 160
- 160
max_step_val: 1000
vis_interval: 1000
weight_decay: 0
normalize_xyz: true
resume_run_id: null
clip_grad_norm: 'Infinity'
lr_epoch_decay: 500
render_backend: nvdiffrast
train_num_pair: 5
lr_decay_epochs:
- 50
n_epochs_warmup: 1
make_pair_online: false
gradient_max_norm: 'Infinity'
max_step_per_epoch: 10000
n_rendering_workers: 1
save_epoch_interval: 100
n_dataloader_workers: 100
split_objects_across_gpus: true
ckpt_dir: FoundationPose/learning/training/../../weights/2024-01-11-20-02-45/model_best.pth

[2024-09-25 15:36:35,653][root][INFO] - self.h5_file:None
[2024-09-25 15:36:35,809][root][INFO] - Using pretrained model from FoundationPose/learning/training/../../weights/2024-01-11-20-02-45/model_best.pth
[2024-09-25 15:36:35,864][root][INFO] - init done
[2024-09-25 15:36:35,864][root][INFO] - welcome
[2024-09-25 15:36:35,867][root][INFO] - self.cfg: 
 lr: 0.0001
c_in: 6
zfar: .inf
debug: null
w_rot: 0.1
n_view: 1
run_id: null
use_BN: true
rot_rep: axis_angle
ckpt_dir: FoundationPose/learning/training/../../weights/2023-10-28-18-33-37/model_best.pth
exp_name: 2023-10-28-18-33-37
save_dir: /tmp/2023-10-28-18-33-37/
loss_type: l2
optimizer: adam
trans_rep: tracknet
batch_size: 64
crop_ratio: 1.2
use_normal: false
BN_momentum: 0.1
max_num_key: null
warmup_step: -1
input_resize:
- 160
- 160
max_step_val: 1000
normal_uint8: false
vis_interval: 1000
weight_decay: 0
n_max_objects: null
normalize_xyz: true
clip_grad_norm: 'Infinity'
rot_normalizer: 0.3490658503988659
trans_normalizer:
- 0.019999999552965164
- 0.019999999552965164
- 0.05000000074505806
max_step_per_epoch: 25000
val_epoch_interval: 10
n_dataloader_workers: 60
enable_amp: true
use_mask: false

[2024-09-25 15:36:35,867][root][INFO] - self.h5_file:
[2024-09-25 15:36:35,915][root][INFO] - Using pretrained model from FoundationPose/learning/training/../../weights/2023-10-28-18-33-37/model_best.pth
[2024-09-25 15:36:35,937][root][INFO] - init done
[2024-09-25 15:36:38,029][root][INFO] - self.diameter:0.17931863506728118, vox_size:0.008965931753364059
[2024-09-25 15:36:38,044][root][INFO] - self.pts:torch.Size([630, 3])
[2024-09-25 15:36:39,110][root][INFO] - reset done
[2024-09-25 15:36:39,111][root][INFO] - cam_in_obs:(42, 4, 4)
[2024-09-25 15:36:39,112][root][INFO] - rot_grid:(252, 4, 4)
[2024-09-25 15:36:39,113][root][INFO] - after cluster, rot_grid:(252, 4, 4)
[2024-09-25 15:36:39,114][root][INFO] - self.rot_grid: torch.Size([252, 4, 4])
[2024-09-25 15:36:47,619][root][INFO] - Welcome
[2024-09-25 15:36:47,640][root][INFO] - poses:(252, 4, 4)
[2024-09-25 15:36:47,650][root][INFO] - after viewpoint, add_errs min:-1.0
[2024-09-25 15:36:47,681][root][INFO] - ob_in_cams:(252, 4, 4)
[2024-09-25 15:36:47,681][root][INFO] - self.cfg.use_normal:False
[2024-09-25 15:36:47,681][root][INFO] - trans_normalizer:[0.019999999552965164, 0.019999999552965164, 0.05000000074505806], rot_normalizer:0.3490658503988659
[2024-09-25 15:36:47,726][root][INFO] - making cropped data
[2024-09-25 15:36:47,726][root][INFO] - Welcome make_crop_data_batch
[2024-09-25 15:36:47,729][root][INFO] - make tf_to_crops done
[2024-09-25 15:36:47,759][root][INFO] - render done
[2024-09-25 15:36:47,765][root][INFO] - warp done
[2024-09-25 15:36:47,769][root][INFO] - pose batch data done
[2024-09-25 15:36:47,770][root][INFO] - forward start
[2024-09-25 15:36:47,881][root][INFO] - forward done
[2024-09-25 15:36:47,891][root][INFO] - making cropped data
[2024-09-25 15:36:47,891][root][INFO] - Welcome make_crop_data_batch
[2024-09-25 15:36:47,891][root][INFO] - make tf_to_crops done
[2024-09-25 15:36:47,912][root][INFO] - render done
[2024-09-25 15:36:47,916][root][INFO] - warp done
[2024-09-25 15:36:47,918][root][INFO] - pose batch data done
[2024-09-25 15:36:47,918][root][INFO] - forward start
[2024-09-25 15:36:47,920][root][INFO] - forward done
[2024-09-25 15:36:47,920][root][INFO] - making cropped data
[2024-09-25 15:36:47,920][root][INFO] - Welcome make_crop_data_batch
[2024-09-25 15:36:48,015][root][INFO] - make tf_to_crops done
[2024-09-25 15:36:48,035][root][INFO] - render done
[2024-09-25 15:36:48,039][root][INFO] - warp done
[2024-09-25 15:36:48,041][root][INFO] - pose batch data done
[2024-09-25 15:36:48,041][root][INFO] - forward start
[2024-09-25 15:36:48,043][root][INFO] - forward done
[2024-09-25 15:36:48,043][root][INFO] - making cropped data
[2024-09-25 15:36:48,043][root][INFO] - Welcome make_crop_data_batch
[2024-09-25 15:36:48,137][root][INFO] - make tf_to_crops done
[2024-09-25 15:36:48,156][root][INFO] - render done
[2024-09-25 15:36:48,159][root][INFO] - warp done
[2024-09-25 15:36:48,162][root][INFO] - pose batch data done
[2024-09-25 15:36:48,162][root][INFO] - forward start
[2024-09-25 15:36:48,163][root][INFO] - forward done
[2024-09-25 15:36:48,164][root][INFO] - making cropped data
[2024-09-25 15:36:48,164][root][INFO] - Welcome make_crop_data_batch
[2024-09-25 15:36:48,260][root][INFO] - make tf_to_crops done
[2024-09-25 15:36:48,281][root][INFO] - render done
[2024-09-25 15:36:48,284][root][INFO] - warp done
[2024-09-25 15:36:48,287][root][INFO] - pose batch data done
[2024-09-25 15:36:48,287][root][INFO] - forward start
[2024-09-25 15:36:48,288][root][INFO] - forward done
[2024-09-25 15:36:48,397][root][INFO] - ob_in_cams:(252, 4, 4)
[2024-09-25 15:36:48,397][root][INFO] - self.cfg.use_normal:False
[2024-09-25 15:36:48,397][root][INFO] - making cropped data
[2024-09-25 15:36:48,405][root][INFO] - Welcome make_crop_data_batch
[2024-09-25 15:36:48,406][root][INFO] - make tf_to_crops done
[2024-09-25 15:36:48,424][root][INFO] - render done
[2024-09-25 15:36:48,545][root][INFO] - pose batch data done
[2024-09-25 15:36:48,545][root][INFO] - pose_data.rgbAs.shape[0]: 252
[2024-09-25 15:36:48,635][root][INFO] - forward done
[2024-09-25 15:36:48,653][root][INFO] - final, add_errs min:-1.0
[2024-09-25 15:36:48,662][root][INFO] - sort ids:tensor([ 72,   0,   6, 126,   7,   9, 132, 171, 146, 147, 163,  99, 105, 127,
        134, 164,  73,  75,   3,   8,  43,  74, 133, 248, 104,  33, 135, 206,
         80,  86, 230,  76, 101,  34,  95,   5,  23, 100,  42, 130, 137,  37,
        125,  14, 106, 116, 121, 131, 169, 203, 212, 227,  81,  87,  90, 170,
        245,  18,  93, 114, 231, 251,  15,  77,  88, 202,  83, 185,   4,  78,
         96, 120,  94,  82, 154, 179, 124, 150,  16, 155,  28, 198,  10,  22,
         92,  19,  98, 103,  79,  39,  71, 115, 214, 158, 229,  62, 236,  13,
         65,  59, 205, 145, 129, 138, 161, 176, 178, 188, 197, 233, 181,   1,
         56, 117, 119,   2,  85,  68, 102, 221,  20, 226, 228,  11,  12,  53,
        222,  36, 136, 194, 239,  84, 144, 211, 244,  21,  27,  41,  50, 122,
        123, 128, 149, 204,  17, 107, 184,  32,  89, 118, 232, 111,  26, 139,
        152, 199,  91, 109, 225, 108, 210, 223,  25, 112, 183, 246,  47,  64,
        141,  55, 142, 200, 218, 224, 241, 250,  24, 235, 247, 249,  30,  49,
        192, 173, 182, 215, 234, 243,  35,  63, 151, 220,  60, 159, 166,  45,
         46, 177, 195,  52,  61,  69, 160, 187, 191, 143, 162, 167,  44,  70,
         57,  58,  67, 148, 153, 193, 242,  97, 172, 175,  40, 113, 189,  66,
        186, 208, 217,  48,  54, 168, 219,  31,  51, 196, 213, 190, 201, 237,
        240, 110, 216,  29, 140, 156, 157, 165, 238, 209, 180, 174,  38, 207])
[2024-09-25 15:36:48,666][root][INFO] - sorted scores:tensor([122.3750, 122.3594, 122.3594, 122.3281, 122.2969, 122.2969, 122.2812,
        122.2812, 122.2656, 122.2656, 122.2656, 122.2500, 122.2500, 122.2500,
        122.2500, 122.2500, 122.2344, 122.2344, 122.2188, 122.2188, 122.2188,
        122.2031, 122.2031, 122.1875, 122.1562, 122.1250, 122.1094, 122.1094,
        122.0938, 122.0781, 122.0469, 122.0312, 122.0312, 122.0156, 122.0156,
        122.0000, 122.0000, 122.0000, 121.9844, 121.9844, 121.9844, 121.9688,
        121.9688, 121.9531, 121.9531, 121.9531, 121.9531, 121.9531, 121.9531,
        121.9531, 121.9531, 121.9531, 121.9375, 121.9375, 121.9219, 121.9219,
        121.9219, 121.9062, 121.9062, 121.9062, 121.9062, 121.9062, 121.8906,
        121.8906, 121.8906, 121.8906, 121.8750, 121.8750, 121.8594, 121.8594,
        121.8594, 121.8594, 121.8438, 121.8281, 121.8281, 121.8281, 121.8125,
        121.8125, 121.7969, 121.7969, 121.7812, 121.7812, 121.7656, 121.7656,
        121.7656, 121.7344, 121.7344, 121.7344, 121.7188, 121.7031, 121.7031,
        121.7031, 121.7031, 121.6875, 121.6875, 121.6562, 121.6562, 121.6406,
        121.6406, 121.6250, 121.6250, 121.6094, 121.5938, 121.5938, 121.5938,
        121.5938, 121.5938, 121.5938, 121.5938, 121.5938, 121.5781, 121.5625,
        121.5625, 121.5625, 121.5625, 121.5469, 121.5469, 121.5312, 121.5312,
        121.5312, 121.5156, 121.5156, 121.5156, 121.5000, 121.5000, 121.5000,
        121.5000, 121.4844, 121.4844, 121.4844, 121.4844, 121.4688, 121.4688,
        121.4688, 121.4688, 121.4531, 121.4531, 121.4531, 121.4531, 121.4531,
        121.4531, 121.4531, 121.4531, 121.4531, 121.4375, 121.4375, 121.4375,
        121.4219, 121.4062, 121.3750, 121.3750, 121.3594, 121.3438, 121.3438,
        121.3438, 121.3438, 121.3281, 121.3281, 121.3281, 121.3125, 121.3125,
        121.3125, 121.2969, 121.2969, 121.2969, 121.2969, 121.2812, 121.2812,
        121.2812, 121.2656, 121.2656, 121.2656, 121.2500, 121.2500, 121.2500,
        121.2500, 121.2344, 121.2344, 121.2344, 121.2344, 121.2188, 121.2188,
        121.2188, 121.2031, 121.2031, 121.2031, 121.2031, 121.2031, 121.1875,
        121.1875, 121.1875, 121.1875, 121.1719, 121.1719, 121.1719, 121.1562,
        121.1562, 121.1562, 121.1562, 121.1406, 121.1406, 121.1406, 121.1406,
        121.1406, 121.1406, 121.1250, 121.1250, 121.1250, 121.1094, 121.1094,
        121.0938, 121.0938, 121.0938, 121.0938, 121.0938, 121.0938, 121.0938,
        121.0781, 121.0781, 121.0781, 121.0625, 121.0625, 121.0625, 121.0469,
        121.0469, 121.0469, 121.0469, 121.0312, 121.0312, 121.0312, 121.0312,
        121.0156, 121.0156, 121.0156, 121.0000, 120.9844, 120.9844, 120.9844,
        120.9844, 120.9688, 120.9688, 120.9375, 120.9375, 120.9375, 120.9219,
        120.9219, 120.9062, 120.8594, 120.8438, 120.8125, 120.7500, 120.6875])
[2024-09-25 15:36:53,134][websockets.server][INFO] - server listening on 0.0.0.0:8080
[2024-09-25 15:36:56,099][websockets.server][INFO] - connection open
