[2024-09-22 19:39:36,377][root][INFO] - self.cfg: 
 lr: 0.0001
c_in: 6
zfar: 'Infinity'
debug: null
n_view: 1
run_id: 3wy8qqex
use_BN: true
exp_name: 2024-01-11-20-02-45
n_epochs: 62
save_dir: /home/bowenw/debug/2024-01-11-20-02-45/
use_mask: false
loss_type: pairwise_valid
optimizer: adam
batch_size: 64
crop_ratio: 1.1
enable_amp: true
use_normal: false
max_num_key: null
warmup_step: -1
input_resize:
- 160
- 160
max_step_val: 1000
vis_interval: 1000
weight_decay: 0
normalize_xyz: true
resume_run_id: null
clip_grad_norm: 'Infinity'
lr_epoch_decay: 500
render_backend: nvdiffrast
train_num_pair: 5
lr_decay_epochs:
- 50
n_epochs_warmup: 1
make_pair_online: false
gradient_max_norm: 'Infinity'
max_step_per_epoch: 10000
n_rendering_workers: 1
save_epoch_interval: 100
n_dataloader_workers: 100
split_objects_across_gpus: true
ckpt_dir: FoundationPose/learning/training/../../weights/2024-01-11-20-02-45/model_best.pth

[2024-09-22 19:39:36,378][root][INFO] - self.h5_file:None
[2024-09-22 19:39:36,564][root][INFO] - Using pretrained model from FoundationPose/learning/training/../../weights/2024-01-11-20-02-45/model_best.pth
[2024-09-22 19:39:36,629][root][INFO] - init done
[2024-09-22 19:39:36,629][root][INFO] - welcome
[2024-09-22 19:39:36,633][root][INFO] - self.cfg: 
 lr: 0.0001
c_in: 6
zfar: .inf
debug: null
w_rot: 0.1
n_view: 1
run_id: null
use_BN: true
rot_rep: axis_angle
ckpt_dir: FoundationPose/learning/training/../../weights/2023-10-28-18-33-37/model_best.pth
exp_name: 2023-10-28-18-33-37
save_dir: /tmp/2023-10-28-18-33-37/
loss_type: l2
optimizer: adam
trans_rep: tracknet
batch_size: 64
crop_ratio: 1.2
use_normal: false
BN_momentum: 0.1
max_num_key: null
warmup_step: -1
input_resize:
- 160
- 160
max_step_val: 1000
normal_uint8: false
vis_interval: 1000
weight_decay: 0
n_max_objects: null
normalize_xyz: true
clip_grad_norm: 'Infinity'
rot_normalizer: 0.3490658503988659
trans_normalizer:
- 0.019999999552965164
- 0.019999999552965164
- 0.05000000074505806
max_step_per_epoch: 25000
val_epoch_interval: 10
n_dataloader_workers: 60
enable_amp: true
use_mask: false

[2024-09-22 19:39:36,633][root][INFO] - self.h5_file:
[2024-09-22 19:39:36,681][root][INFO] - Using pretrained model from FoundationPose/learning/training/../../weights/2023-10-28-18-33-37/model_best.pth
[2024-09-22 19:39:36,699][root][INFO] - init done
[2024-09-22 19:39:37,638][root][INFO] - self.diameter:0.11834483055076726, vox_size:0.005917241527538363
[2024-09-22 19:39:37,653][root][INFO] - self.pts:torch.Size([1023, 3])
[2024-09-22 19:39:38,182][root][INFO] - reset done
[2024-09-22 19:39:38,182][root][INFO] - cam_in_obs:(42, 4, 4)
[2024-09-22 19:39:38,184][root][INFO] - rot_grid:(252, 4, 4)
[2024-09-22 19:39:38,185][root][INFO] - after cluster, rot_grid:(252, 4, 4)
[2024-09-22 19:39:38,185][root][INFO] - self.rot_grid: torch.Size([252, 4, 4])
[2024-09-22 19:39:47,179][root][INFO] - Welcome
[2024-09-22 19:39:47,193][root][INFO] - poses:(252, 4, 4)
[2024-09-22 19:39:47,202][root][INFO] - after viewpoint, add_errs min:-1.0
[2024-09-22 19:39:47,258][root][INFO] - ob_in_cams:(252, 4, 4)
[2024-09-22 19:39:47,266][root][INFO] - self.cfg.use_normal:False
[2024-09-22 19:39:47,267][root][INFO] - trans_normalizer:[0.019999999552965164, 0.019999999552965164, 0.05000000074505806], rot_normalizer:0.3490658503988659
[2024-09-22 19:39:47,284][root][INFO] - making cropped data
[2024-09-22 19:39:47,285][root][INFO] - Welcome make_crop_data_batch
[2024-09-22 19:39:47,289][root][INFO] - make tf_to_crops done
[2024-09-22 19:39:47,312][root][INFO] - render done
[2024-09-22 19:39:47,317][root][INFO] - warp done
[2024-09-22 19:39:47,322][root][INFO] - pose batch data done
[2024-09-22 19:39:47,322][root][INFO] - forward start
[2024-09-22 19:39:47,443][root][INFO] - forward done
[2024-09-22 19:39:47,454][root][INFO] - making cropped data
[2024-09-22 19:39:47,454][root][INFO] - Welcome make_crop_data_batch
[2024-09-22 19:39:47,455][root][INFO] - make tf_to_crops done
[2024-09-22 19:39:47,469][root][INFO] - render done
[2024-09-22 19:39:47,473][root][INFO] - warp done
[2024-09-22 19:39:47,476][root][INFO] - pose batch data done
[2024-09-22 19:39:47,476][root][INFO] - forward start
[2024-09-22 19:39:47,477][root][INFO] - forward done
[2024-09-22 19:39:47,478][root][INFO] - making cropped data
[2024-09-22 19:39:47,478][root][INFO] - Welcome make_crop_data_batch
[2024-09-22 19:39:47,581][root][INFO] - make tf_to_crops done
[2024-09-22 19:39:47,594][root][INFO] - render done
[2024-09-22 19:39:47,597][root][INFO] - warp done
[2024-09-22 19:39:47,600][root][INFO] - pose batch data done
[2024-09-22 19:39:47,600][root][INFO] - forward start
[2024-09-22 19:39:47,601][root][INFO] - forward done
[2024-09-22 19:39:47,602][root][INFO] - making cropped data
[2024-09-22 19:39:47,602][root][INFO] - Welcome make_crop_data_batch
[2024-09-22 19:39:47,700][root][INFO] - make tf_to_crops done
[2024-09-22 19:39:47,714][root][INFO] - render done
[2024-09-22 19:39:47,717][root][INFO] - warp done
[2024-09-22 19:39:47,720][root][INFO] - pose batch data done
[2024-09-22 19:39:47,720][root][INFO] - forward start
[2024-09-22 19:39:47,721][root][INFO] - forward done
[2024-09-22 19:39:47,722][root][INFO] - making cropped data
[2024-09-22 19:39:47,722][root][INFO] - Welcome make_crop_data_batch
[2024-09-22 19:39:47,819][root][INFO] - make tf_to_crops done
[2024-09-22 19:39:47,834][root][INFO] - render done
[2024-09-22 19:39:47,837][root][INFO] - warp done
[2024-09-22 19:39:47,839][root][INFO] - pose batch data done
[2024-09-22 19:39:47,840][root][INFO] - forward start
[2024-09-22 19:39:47,841][root][INFO] - forward done
[2024-09-22 19:39:47,957][root][INFO] - ob_in_cams:(252, 4, 4)
[2024-09-22 19:39:47,957][root][INFO] - self.cfg.use_normal:False
[2024-09-22 19:39:47,957][root][INFO] - making cropped data
[2024-09-22 19:39:47,966][root][INFO] - Welcome make_crop_data_batch
[2024-09-22 19:39:47,967][root][INFO] - make tf_to_crops done
[2024-09-22 19:39:47,979][root][INFO] - render done
[2024-09-22 19:39:48,107][root][INFO] - pose batch data done
[2024-09-22 19:39:48,107][root][INFO] - pose_data.rgbAs.shape[0]: 252
[2024-09-22 19:39:48,203][root][INFO] - forward done
[2024-09-22 19:39:48,221][root][INFO] - final, add_errs min:-1.0
[2024-09-22 19:39:48,230][root][INFO] - sort ids:tensor([126,  42, 132,   9, 105, 131,   0,   5,  72, 203,  33,  75,  99, 101,
        104,  77, 170, 221, 188, 171,   3,   4,  34, 100, 226, 244,  32,  76,
        202, 227, 145, 133, 198,   8,   7,  73, 169, 146,  43, 163,   2,  12,
         21,  23,  83, 114, 125,  78, 120, 210,  18,  36,  81,  82, 134,  98,
        164, 217,  45,  87,  93, 129, 161, 106,  22,  31,  44,  80, 128, 201,
        223,  56,  74,  94,   1,  11,  50,  95, 121, 135, 147, 149,  79,  85,
        102, 137, 157, 173, 206, 230,  40,  97, 107, 109, 247, 248,  17,  35,
         86, 115, 148,  14,  37,  41,  46,  65,  69, 108, 116, 127, 140, 205,
        211, 218, 219, 229, 233, 249,  10,  15,  62,  71,  89, 112, 136, 199,
        215, 224,  13,  48,  53,  88, 166, 172, 192, 194, 195, 200, 204, 234,
        236, 238, 251,  30,  38,  61,  96, 130, 139, 151, 152, 159, 182, 197,
        209, 214, 237,  16,  39,  51,  60,  68, 123, 208, 232, 241, 246,   6,
         28, 158, 160,  20,  54, 103, 124, 142, 154, 174, 178, 180, 181, 213,
        228,  52,  67, 118, 119, 185, 242,  25,  27,  29,  90, 122, 138, 165,
        187, 216, 243,  19,  49,  59,  91, 110, 162, 184, 186, 189, 191, 193,
        196,  66, 117, 150, 175, 176, 141, 143, 144, 155, 167, 222, 225, 239,
         55,  58, 156, 179, 183, 231,  24,  57,  84, 111, 153, 177,  26,  70,
        113, 235,  63, 212, 240, 245,  47,  64, 190, 207, 250, 168,  92, 220])
[2024-09-22 19:39:48,234][root][INFO] - sorted scores:tensor([131.5156, 131.4844, 131.4688, 131.4219, 131.4219, 131.4219, 131.4062,
        131.4062, 131.4062, 131.4062, 131.3906, 131.3906, 131.3906, 131.3906,
        131.3906, 131.3750, 131.3750, 131.3594, 131.3438, 131.3125, 131.2969,
        131.2969, 131.2969, 131.2969, 131.2969, 131.2969, 131.2656, 131.2500,
        131.2344, 131.2344, 131.2031, 131.1875, 131.1719, 131.1562, 131.1406,
        131.1406, 131.1250, 131.1094, 131.0625, 131.0625, 131.0469, 131.0312,
        131.0312, 131.0312, 131.0312, 131.0312, 131.0312, 131.0156, 131.0156,
        131.0156, 131.0000, 131.0000, 131.0000, 131.0000, 131.0000, 130.9844,
        130.9844, 130.9844, 130.9688, 130.9688, 130.9688, 130.9688, 130.9688,
        130.9531, 130.9375, 130.9375, 130.9375, 130.9375, 130.9375, 130.9375,
        130.9375, 130.9219, 130.9219, 130.9219, 130.9062, 130.9062, 130.9062,
        130.9062, 130.9062, 130.9062, 130.9062, 130.9062, 130.8906, 130.8906,
        130.8906, 130.8906, 130.8906, 130.8906, 130.8906, 130.8906, 130.8750,
        130.8750, 130.8750, 130.8750, 130.8750, 130.8750, 130.8594, 130.8594,
        130.8594, 130.8594, 130.8594, 130.8438, 130.8438, 130.8438, 130.8438,
        130.8438, 130.8438, 130.8438, 130.8438, 130.8438, 130.8438, 130.8438,
        130.8438, 130.8438, 130.8438, 130.8438, 130.8438, 130.8438, 130.8281,
        130.8281, 130.8281, 130.8281, 130.8281, 130.8281, 130.8281, 130.8281,
        130.8281, 130.8281, 130.8125, 130.8125, 130.8125, 130.8125, 130.8125,
        130.8125, 130.8125, 130.8125, 130.8125, 130.8125, 130.8125, 130.8125,
        130.8125, 130.8125, 130.8125, 130.7969, 130.7969, 130.7969, 130.7969,
        130.7969, 130.7969, 130.7969, 130.7969, 130.7969, 130.7969, 130.7969,
        130.7969, 130.7969, 130.7969, 130.7812, 130.7812, 130.7812, 130.7812,
        130.7812, 130.7812, 130.7812, 130.7812, 130.7812, 130.7812, 130.7656,
        130.7656, 130.7656, 130.7656, 130.7500, 130.7500, 130.7500, 130.7500,
        130.7500, 130.7500, 130.7500, 130.7500, 130.7500, 130.7500, 130.7500,
        130.7500, 130.7344, 130.7344, 130.7344, 130.7344, 130.7344, 130.7344,
        130.7188, 130.7188, 130.7188, 130.7188, 130.7188, 130.7188, 130.7188,
        130.7188, 130.7188, 130.7188, 130.7031, 130.7031, 130.7031, 130.7031,
        130.7031, 130.7031, 130.7031, 130.7031, 130.7031, 130.7031, 130.7031,
        130.7031, 130.6875, 130.6875, 130.6875, 130.6875, 130.6875, 130.6719,
        130.6719, 130.6719, 130.6719, 130.6719, 130.6719, 130.6719, 130.6719,
        130.6562, 130.6562, 130.6562, 130.6562, 130.6562, 130.6562, 130.6406,
        130.6406, 130.6406, 130.6406, 130.6406, 130.6406, 130.6250, 130.6250,
        130.6250, 130.6250, 130.6094, 130.6094, 130.6094, 130.6094, 130.5938,
        130.5938, 130.5938, 130.5938, 130.5938, 130.5781, 130.5625, 130.5625])
[2024-09-22 19:39:59,327][websockets.server][INFO] - server listening on 0.0.0.0:8080
[2024-09-22 19:40:01,142][websockets.server][INFO] - connection open
[2024-09-22 19:40:05,945][root][INFO] - Succeeded to open port: /dev/ttyUSB0
[2024-09-22 19:40:05,946][root][INFO] - Succeeded to set baudrate to 3000000
[2024-09-22 19:40:09,957][websockets.server][ERROR] - connection handler failed
Traceback (most recent call last):
  File "/home/shaol/anaconda3/envs/py39/lib/python3.9/site-packages/websockets/legacy/server.py", line 245, in handler
    await self.ws_handler(self)
  File "/home/shaol/anaconda3/envs/py39/lib/python3.9/site-packages/viser/infra/_infra.py", line 379, in serve
    await asyncio.gather(
  File "/home/shaol/anaconda3/envs/py39/lib/python3.9/site-packages/viser/infra/_infra.py", line 534, in _message_consumer
    handle_message(message)
  File "/home/shaol/anaconda3/envs/py39/lib/python3.9/site-packages/viser/infra/_infra.py", line 359, in handle_incoming
    self._thread_executor.submit(
  File "/home/shaol/anaconda3/envs/py39/lib/python3.9/concurrent/futures/thread.py", line 167, in submit
    raise RuntimeError('cannot schedule new futures after shutdown')
RuntimeError: cannot schedule new futures after shutdown
[2024-09-22 19:40:09,977][websockets.server][INFO] - connection closed
