[2024-09-20 10:50:53,982][root][INFO] - self.cfg: 
 lr: 0.0001
c_in: 6
zfar: 'Infinity'
debug: null
n_view: 1
run_id: 3wy8qqex
use_BN: true
exp_name: 2024-01-11-20-02-45
n_epochs: 62
save_dir: /home/bowenw/debug/2024-01-11-20-02-45/
use_mask: false
loss_type: pairwise_valid
optimizer: adam
batch_size: 64
crop_ratio: 1.1
enable_amp: true
use_normal: false
max_num_key: null
warmup_step: -1
input_resize:
- 160
- 160
max_step_val: 1000
vis_interval: 1000
weight_decay: 0
normalize_xyz: true
resume_run_id: null
clip_grad_norm: 'Infinity'
lr_epoch_decay: 500
render_backend: nvdiffrast
train_num_pair: 5
lr_decay_epochs:
- 50
n_epochs_warmup: 1
make_pair_online: false
gradient_max_norm: 'Infinity'
max_step_per_epoch: 10000
n_rendering_workers: 1
save_epoch_interval: 100
n_dataloader_workers: 100
split_objects_across_gpus: true
ckpt_dir: FoundationPose/learning/training/../../weights/2024-01-11-20-02-45/model_best.pth

[2024-09-20 10:50:53,982][root][INFO] - self.h5_file:None
[2024-09-20 10:50:54,163][root][INFO] - Using pretrained model from FoundationPose/learning/training/../../weights/2024-01-11-20-02-45/model_best.pth
[2024-09-20 10:50:54,217][root][INFO] - init done
[2024-09-20 10:50:54,217][root][INFO] - welcome
[2024-09-20 10:50:54,220][root][INFO] - self.cfg: 
 lr: 0.0001
c_in: 6
zfar: .inf
debug: null
w_rot: 0.1
n_view: 1
run_id: null
use_BN: true
rot_rep: axis_angle
ckpt_dir: FoundationPose/learning/training/../../weights/2023-10-28-18-33-37/model_best.pth
exp_name: 2023-10-28-18-33-37
save_dir: /tmp/2023-10-28-18-33-37/
loss_type: l2
optimizer: adam
trans_rep: tracknet
batch_size: 64
crop_ratio: 1.2
use_normal: false
BN_momentum: 0.1
max_num_key: null
warmup_step: -1
input_resize:
- 160
- 160
max_step_val: 1000
normal_uint8: false
vis_interval: 1000
weight_decay: 0
n_max_objects: null
normalize_xyz: true
clip_grad_norm: 'Infinity'
rot_normalizer: 0.3490658503988659
trans_normalizer:
- 0.019999999552965164
- 0.019999999552965164
- 0.05000000074505806
max_step_per_epoch: 25000
val_epoch_interval: 10
n_dataloader_workers: 60
enable_amp: true
use_mask: false

[2024-09-20 10:50:54,220][root][INFO] - self.h5_file:
[2024-09-20 10:50:54,268][root][INFO] - Using pretrained model from FoundationPose/learning/training/../../weights/2023-10-28-18-33-37/model_best.pth
[2024-09-20 10:50:54,290][root][INFO] - init done
[2024-09-20 10:50:56,500][root][INFO] - self.diameter:0.137712368854882, vox_size:0.0068856184427441
[2024-09-20 10:50:56,515][root][INFO] - self.pts:torch.Size([807, 3])
[2024-09-20 10:50:57,506][root][INFO] - reset done
[2024-09-20 10:50:57,507][root][INFO] - cam_in_obs:(42, 4, 4)
[2024-09-20 10:50:57,509][root][INFO] - rot_grid:(252, 4, 4)
[2024-09-20 10:50:57,510][root][INFO] - after cluster, rot_grid:(252, 4, 4)
[2024-09-20 10:50:57,510][root][INFO] - self.rot_grid: torch.Size([252, 4, 4])
[2024-09-20 10:51:06,090][root][INFO] - Welcome
[2024-09-20 10:51:06,104][root][INFO] - poses:(252, 4, 4)
[2024-09-20 10:51:06,116][root][INFO] - after viewpoint, add_errs min:-1.0
[2024-09-20 10:51:06,168][root][INFO] - ob_in_cams:(252, 4, 4)
[2024-09-20 10:51:06,178][root][INFO] - self.cfg.use_normal:False
[2024-09-20 10:51:06,178][root][INFO] - trans_normalizer:[0.019999999552965164, 0.019999999552965164, 0.05000000074505806], rot_normalizer:0.3490658503988659
[2024-09-20 10:51:06,191][root][INFO] - making cropped data
[2024-09-20 10:51:06,191][root][INFO] - Welcome make_crop_data_batch
[2024-09-20 10:51:06,195][root][INFO] - make tf_to_crops done
[2024-09-20 10:51:06,226][root][INFO] - render done
[2024-09-20 10:51:06,232][root][INFO] - warp done
[2024-09-20 10:51:06,237][root][INFO] - pose batch data done
[2024-09-20 10:51:06,237][root][INFO] - forward start
[2024-09-20 10:51:06,357][root][INFO] - forward done
[2024-09-20 10:51:06,368][root][INFO] - making cropped data
[2024-09-20 10:51:06,368][root][INFO] - Welcome make_crop_data_batch
[2024-09-20 10:51:06,369][root][INFO] - make tf_to_crops done
[2024-09-20 10:51:06,388][root][INFO] - render done
[2024-09-20 10:51:06,393][root][INFO] - warp done
[2024-09-20 10:51:06,396][root][INFO] - pose batch data done
[2024-09-20 10:51:06,396][root][INFO] - forward start
[2024-09-20 10:51:06,397][root][INFO] - forward done
[2024-09-20 10:51:06,397][root][INFO] - making cropped data
[2024-09-20 10:51:06,397][root][INFO] - Welcome make_crop_data_batch
[2024-09-20 10:51:06,498][root][INFO] - make tf_to_crops done
[2024-09-20 10:51:06,517][root][INFO] - render done
[2024-09-20 10:51:06,520][root][INFO] - warp done
[2024-09-20 10:51:06,523][root][INFO] - pose batch data done
[2024-09-20 10:51:06,523][root][INFO] - forward start
[2024-09-20 10:51:06,524][root][INFO] - forward done
[2024-09-20 10:51:06,525][root][INFO] - making cropped data
[2024-09-20 10:51:06,525][root][INFO] - Welcome make_crop_data_batch
[2024-09-20 10:51:06,627][root][INFO] - make tf_to_crops done
[2024-09-20 10:51:06,646][root][INFO] - render done
[2024-09-20 10:51:06,650][root][INFO] - warp done
[2024-09-20 10:51:06,652][root][INFO] - pose batch data done
[2024-09-20 10:51:06,652][root][INFO] - forward start
[2024-09-20 10:51:06,654][root][INFO] - forward done
[2024-09-20 10:51:06,654][root][INFO] - making cropped data
[2024-09-20 10:51:06,654][root][INFO] - Welcome make_crop_data_batch
[2024-09-20 10:51:06,756][root][INFO] - make tf_to_crops done
[2024-09-20 10:51:06,776][root][INFO] - render done
[2024-09-20 10:51:06,779][root][INFO] - warp done
[2024-09-20 10:51:06,782][root][INFO] - pose batch data done
[2024-09-20 10:51:06,782][root][INFO] - forward start
[2024-09-20 10:51:06,783][root][INFO] - forward done
[2024-09-20 10:51:06,900][root][INFO] - ob_in_cams:(252, 4, 4)
[2024-09-20 10:51:06,900][root][INFO] - self.cfg.use_normal:False
[2024-09-20 10:51:06,900][root][INFO] - making cropped data
[2024-09-20 10:51:06,913][root][INFO] - Welcome make_crop_data_batch
[2024-09-20 10:51:06,914][root][INFO] - make tf_to_crops done
[2024-09-20 10:51:06,932][root][INFO] - render done
[2024-09-20 10:51:07,062][root][INFO] - pose batch data done
[2024-09-20 10:51:07,062][root][INFO] - pose_data.rgbAs.shape[0]: 252
[2024-09-20 10:51:07,160][root][INFO] - forward done
[2024-09-20 10:51:07,178][root][INFO] - final, add_errs min:-1.0
[2024-09-20 10:51:07,188][root][INFO] - sort ids:tensor([ 77,  42, 163, 145, 131, 221, 144, 132,   6, 126, 162,  72, 137, 168,
         47,   5, 220,  49, 202, 138, 227,  32, 104, 187, 188, 157, 169, 130,
         33,   7, 243, 193,   4, 141,  99, 244, 203, 100,  54, 166, 151, 226,
        103, 158, 143,  70, 124, 111, 228, 214, 247, 192,  36, 159, 122,  20,
        251, 181, 232,  38, 233, 123, 119, 175, 199,  64, 213, 146,  29,  21,
         51, 204, 182,  24,  66, 114, 235, 238,  68,  62,  89,  78, 205, 246,
        160,   8,  17,  39, 239, 250,  92, 207,   2,  71,  84,  48, 110,  12,
        161,  91,  55,  25,  44, 102, 165, 117, 150, 195, 174, 248, 208,  57,
        211, 106, 231,  15,  90, 139,  53, 167, 180,  63,  95,  45,  81, 170,
        171, 218,  96, 153, 116, 134, 234,  60,  82,   0,  43, 133, 176,   9,
         13, 216, 206, 230,  16,  74, 185,  80,  85, 177,  35,  31, 223,  18,
         94, 215, 156, 240,  88,  83, 241,  61,  65,   1,  23, 128, 249, 198,
        200,  37, 164,  19,  69, 154, 212,  73, 118,  22,  28,  40,  76, 196,
         79, 121, 179, 225,  97,  98, 105, 172,  50, 142,  27,  52,  58, 147,
        236,  14, 127, 224, 245, 149, 173, 190, 219, 120, 152, 186, 209, 129,
         59, 242,  10,  46, 136,  67, 148,  56, 107, 125, 112,  11,  93, 178,
         30, 194, 229, 115, 135,  86, 184, 113, 222,  75, 108, 201,   3, 191,
         87, 155, 101, 197, 140, 109, 237, 189,  34, 217,  26, 183, 210,  41])
[2024-09-20 10:51:07,192][root][INFO] - sorted scores:tensor([99.1206, 99.0981, 99.0952, 99.0933, 99.0928, 99.0918, 99.0913, 99.0908,
        99.0898, 99.0898, 99.0898, 99.0894, 99.0894, 99.0884, 99.0879, 99.0688,
        99.0640, 99.0063, 98.7783, 98.7666, 98.7109, 98.7002, 98.6816, 98.6514,
        98.6318, 98.5459, 98.5254, 98.4453, 98.4248, 98.4199, 98.4141, 98.4043,
        98.3955, 98.3779, 98.3691, 98.3301, 98.3125, 98.2881, 98.2588, 98.1953,
        98.1895, 98.1670, 98.1611, 98.1494, 98.1045, 98.1035, 98.1006, 98.0781,
        98.0596, 98.0576, 98.0479, 98.0332, 98.0195, 98.0146, 97.9863, 97.9785,
        97.9766, 97.9453, 97.9453, 97.9336, 97.9160, 97.9102, 97.9062, 97.9043,
        97.9023, 97.8965, 97.8926, 97.8906, 97.8887, 97.8867, 97.8848, 97.8828,
        97.8789, 97.8730, 97.8672, 97.8652, 97.8652, 97.8652, 97.8633, 97.8574,
        97.8574, 97.8516, 97.8496, 97.8438, 97.8379, 97.8359, 97.8359, 97.8359,
        97.8359, 97.8359, 97.8301, 97.8301, 97.8281, 97.8281, 97.8223, 97.8203,
        97.8184, 97.8164, 97.8145, 97.8086, 97.8066, 97.8047, 97.8047, 97.8047,
        97.8047, 97.8008, 97.8008, 97.7969, 97.7949, 97.7949, 97.7930, 97.7910,
        97.7891, 97.7812, 97.7812, 97.7793, 97.7715, 97.7715, 97.7676, 97.7676,
        97.7676, 97.7656, 97.7637, 97.7598, 97.7598, 97.7598, 97.7598, 97.7598,
        97.7578, 97.7578, 97.7559, 97.7559, 97.7559, 97.7539, 97.7539, 97.7520,
        97.7520, 97.7520, 97.7500, 97.7480, 97.7480, 97.7480, 97.7441, 97.7441,
        97.7422, 97.7422, 97.7383, 97.7363, 97.7363, 97.7363, 97.7324, 97.7305,
        97.7305, 97.7285, 97.7285, 97.7285, 97.7266, 97.7266, 97.7246, 97.7227,
        97.7227, 97.7207, 97.7207, 97.7168, 97.7168, 97.7168, 97.7168, 97.7148,
        97.7129, 97.7109, 97.7109, 97.7090, 97.7090, 97.7090, 97.7090, 97.7070,
        97.7070, 97.7051, 97.7051, 97.7051, 97.7051, 97.7031, 97.7012, 97.7012,
        97.7012, 97.7012, 97.6992, 97.6992, 97.6992, 97.6973, 97.6953, 97.6953,
        97.6934, 97.6934, 97.6914, 97.6914, 97.6875, 97.6855, 97.6836, 97.6836,
        97.6836, 97.6816, 97.6816, 97.6816, 97.6816, 97.6797, 97.6797, 97.6797,
        97.6797, 97.6758, 97.6719, 97.6719, 97.6699, 97.6680, 97.6680, 97.6660,
        97.6660, 97.6621, 97.6621, 97.6621, 97.6582, 97.6562, 97.6562, 97.6562,
        97.6543, 97.6504, 97.6504, 97.6465, 97.6445, 97.6426, 97.6426, 97.6406,
        97.6406, 97.6387, 97.6367, 97.6367, 97.6348, 97.6348, 97.6328, 97.6328,
        97.6250, 97.6250, 97.6191, 97.6074, 97.6074, 97.6055, 97.5859, 97.5742,
        97.5723, 97.5703, 97.5195, 97.5000])
[2024-09-20 10:51:11,582][websockets.server][INFO] - server listening on 0.0.0.0:8080
[2024-09-20 10:51:15,347][websockets.server][INFO] - connection open
[2024-09-20 10:51:21,204][root][INFO] - Succeeded to open port: /dev/ttyUSB0
[2024-09-20 10:51:21,205][root][INFO] - Succeeded to set baudrate to 3000000
[2024-09-20 10:51:25,022][websockets.server][INFO] - connection open
