[2024-10-25 14:50:58,242][websockets.server][INFO] - server listening on 0.0.0.0:8080
[2024-10-25 14:50:58,482][root][INFO] - self.cfg: 
 lr: 0.0001
c_in: 6
zfar: 'Infinity'
debug: null
n_view: 1
run_id: 3wy8qqex
use_BN: true
exp_name: 2024-01-11-20-02-45
n_epochs: 62
save_dir: /home/bowenw/debug/2024-01-11-20-02-45/
use_mask: false
loss_type: pairwise_valid
optimizer: adam
batch_size: 64
crop_ratio: 1.1
enable_amp: true
use_normal: false
max_num_key: null
warmup_step: -1
input_resize:
- 160
- 160
max_step_val: 1000
vis_interval: 1000
weight_decay: 0
normalize_xyz: true
resume_run_id: null
clip_grad_norm: 'Infinity'
lr_epoch_decay: 500
render_backend: nvdiffrast
train_num_pair: 5
lr_decay_epochs:
- 50
n_epochs_warmup: 1
make_pair_online: false
gradient_max_norm: 'Infinity'
max_step_per_epoch: 10000
n_rendering_workers: 1
save_epoch_interval: 100
n_dataloader_workers: 100
split_objects_across_gpus: true
ckpt_dir: /home/shaol/gjx/rw/third_party/FoundationPose/learning/training/../../weights/2024-01-11-20-02-45/model_best.pth

[2024-10-25 14:50:58,482][root][INFO] - self.h5_file:None
[2024-10-25 14:50:58,559][websockets.server][INFO] - connection open
[2024-10-25 14:50:58,571][websockets.server][INFO] - connection open
[2024-10-25 14:50:58,637][root][INFO] - Using pretrained model from /home/shaol/gjx/rw/third_party/FoundationPose/learning/training/../../weights/2024-01-11-20-02-45/model_best.pth
[2024-10-25 14:50:58,696][root][INFO] - init done
[2024-10-25 14:50:58,697][root][INFO] - welcome
[2024-10-25 14:50:58,700][root][INFO] - self.cfg: 
 lr: 0.0001
c_in: 6
zfar: .inf
debug: null
w_rot: 0.1
n_view: 1
run_id: null
use_BN: true
rot_rep: axis_angle
ckpt_dir: /home/shaol/gjx/rw/third_party/FoundationPose/learning/training/../../weights/2023-10-28-18-33-37/model_best.pth
exp_name: 2023-10-28-18-33-37
save_dir: /tmp/2023-10-28-18-33-37/
loss_type: l2
optimizer: adam
trans_rep: tracknet
batch_size: 64
crop_ratio: 1.2
use_normal: false
BN_momentum: 0.1
max_num_key: null
warmup_step: -1
input_resize:
- 160
- 160
max_step_val: 1000
normal_uint8: false
vis_interval: 1000
weight_decay: 0
n_max_objects: null
normalize_xyz: true
clip_grad_norm: 'Infinity'
rot_normalizer: 0.3490658503988659
trans_normalizer:
- 0.019999999552965164
- 0.019999999552965164
- 0.05000000074505806
max_step_per_epoch: 25000
val_epoch_interval: 10
n_dataloader_workers: 60
enable_amp: true
use_mask: false

[2024-10-25 14:50:58,700][root][INFO] - self.h5_file:
[2024-10-25 14:50:58,759][root][INFO] - Using pretrained model from /home/shaol/gjx/rw/third_party/FoundationPose/learning/training/../../weights/2023-10-28-18-33-37/model_best.pth
[2024-10-25 14:50:58,777][root][INFO] - init done
[2024-10-25 14:51:00,926][root][INFO] - self.diameter:0.16911805808118208, vox_size:0.008455902904059103
[2024-10-25 14:51:00,940][root][INFO] - self.pts:torch.Size([675, 3])
[2024-10-25 14:51:02,252][root][INFO] - reset done
[2024-10-25 14:51:02,253][root][INFO] - cam_in_obs:(42, 4, 4)
[2024-10-25 14:51:02,255][root][INFO] - rot_grid:(252, 4, 4)
[2024-10-25 14:51:02,256][root][INFO] - after cluster, rot_grid:(252, 4, 4)
[2024-10-25 14:51:02,256][root][INFO] - self.rot_grid: torch.Size([252, 4, 4])
[2024-10-25 14:52:20,964][root][INFO] - Welcome
[2024-10-25 14:52:20,979][root][INFO] - poses:(252, 4, 4)
[2024-10-25 14:52:20,991][root][INFO] - after viewpoint, add_errs min:-1.0
[2024-10-25 14:52:21,022][root][INFO] - ob_in_cams:(252, 4, 4)
[2024-10-25 14:52:21,022][root][INFO] - self.cfg.use_normal:False
[2024-10-25 14:52:21,023][root][INFO] - trans_normalizer:[0.019999999552965164, 0.019999999552965164, 0.05000000074505806], rot_normalizer:0.3490658503988659
[2024-10-25 14:52:21,066][root][INFO] - making cropped data
[2024-10-25 14:52:21,066][root][INFO] - Welcome make_crop_data_batch
[2024-10-25 14:52:21,070][root][INFO] - make tf_to_crops done
[2024-10-25 14:52:21,101][root][INFO] - render done
[2024-10-25 14:52:21,107][root][INFO] - warp done
[2024-10-25 14:52:21,112][root][INFO] - pose batch data done
[2024-10-25 14:52:21,112][root][INFO] - forward start
[2024-10-25 14:52:21,237][root][INFO] - forward done
[2024-10-25 14:52:21,249][root][INFO] - making cropped data
[2024-10-25 14:52:21,249][root][INFO] - Welcome make_crop_data_batch
[2024-10-25 14:52:21,250][root][INFO] - make tf_to_crops done
[2024-10-25 14:52:21,274][root][INFO] - render done
[2024-10-25 14:52:21,278][root][INFO] - warp done
[2024-10-25 14:52:21,281][root][INFO] - pose batch data done
[2024-10-25 14:52:21,287][root][INFO] - forward start
[2024-10-25 14:52:21,288][root][INFO] - forward done
[2024-10-25 14:52:21,289][root][INFO] - making cropped data
[2024-10-25 14:52:21,289][root][INFO] - Welcome make_crop_data_batch
[2024-10-25 14:52:21,388][root][INFO] - make tf_to_crops done
[2024-10-25 14:52:21,411][root][INFO] - render done
[2024-10-25 14:52:21,415][root][INFO] - warp done
[2024-10-25 14:52:21,417][root][INFO] - pose batch data done
[2024-10-25 14:52:21,417][root][INFO] - forward start
[2024-10-25 14:52:21,419][root][INFO] - forward done
[2024-10-25 14:52:21,419][root][INFO] - making cropped data
[2024-10-25 14:52:21,419][root][INFO] - Welcome make_crop_data_batch
[2024-10-25 14:52:21,521][root][INFO] - make tf_to_crops done
[2024-10-25 14:52:21,545][root][INFO] - render done
[2024-10-25 14:52:21,548][root][INFO] - warp done
[2024-10-25 14:52:21,551][root][INFO] - pose batch data done
[2024-10-25 14:52:21,551][root][INFO] - forward start
[2024-10-25 14:52:21,552][root][INFO] - forward done
[2024-10-25 14:52:21,553][root][INFO] - making cropped data
[2024-10-25 14:52:21,553][root][INFO] - Welcome make_crop_data_batch
[2024-10-25 14:52:21,654][root][INFO] - make tf_to_crops done
[2024-10-25 14:52:21,678][root][INFO] - render done
[2024-10-25 14:52:21,681][root][INFO] - warp done
[2024-10-25 14:52:21,684][root][INFO] - pose batch data done
[2024-10-25 14:52:21,684][root][INFO] - forward start
[2024-10-25 14:52:21,685][root][INFO] - forward done
[2024-10-25 14:52:21,802][root][INFO] - ob_in_cams:(252, 4, 4)
[2024-10-25 14:52:21,802][root][INFO] - self.cfg.use_normal:False
[2024-10-25 14:52:21,802][root][INFO] - making cropped data
[2024-10-25 14:52:21,812][root][INFO] - Welcome make_crop_data_batch
[2024-10-25 14:52:21,813][root][INFO] - make tf_to_crops done
[2024-10-25 14:52:21,834][root][INFO] - render done
[2024-10-25 14:52:21,964][root][INFO] - pose batch data done
[2024-10-25 14:52:21,964][root][INFO] - pose_data.rgbAs.shape[0]: 252
[2024-10-25 14:52:22,063][root][INFO] - forward done
[2024-10-25 14:52:22,080][root][INFO] - final, add_errs min:-1.0
[2024-10-25 14:52:22,089][root][INFO] - sort ids:tensor([162, 131,  63,  37,   4,  64, 202, 130, 249,  76, 157, 201, 220, 142,
        137, 219, 167, 213, 250,  46,  47, 136, 143, 226, 100, 165, 128,  51,
        207, 159, 135,  35, 146, 156,   8,  86, 113, 147, 194, 247, 106, 112,
        205, 246, 197, 225,  50, 242, 222, 190,  34,  25, 228, 223,  70,  59,
          1,  99, 232,  88,  43, 245, 152, 198, 187,  18, 150,  92, 244, 102,
        179, 183,  44, 140, 164,  90, 243, 110, 199, 144, 192,  38, 120, 237,
        176, 160, 182, 161, 168, 186,   6,  32,  57, 109,  95,   3, 174, 231,
         54, 170,   2,   0, 134,  29,  75, 114,  40, 127,  48, 139, 180,  22,
         74, 105, 189,  98, 204, 149,  71,   5, 234, 185,  79, 119,  91,  96,
         53,  78,  21, 124,  97, 155, 211, 227,  52, 153, 171,  93,  89,  19,
         82, 203,  73,  94, 177,  17, 195, 212,  28, 209,  31,  41, 103,  13,
        118, 154, 178, 215,   9,  66, 210,  23, 133, 141, 169, 224,  10, 108,
        191,  83,   7,  56, 125, 145, 132, 104, 121, 173,  30, 216, 240,  16,
         68, 115, 241, 217,  67,  11,  60, 126,  55,  77,  84,  33, 196, 221,
         58,  65, 101, 172,  80, 122, 235,  69, 107, 151, 166,  12,  26, 233,
         61,  72, 229,  14,  85, 117, 163, 116, 148, 158, 206,  42, 251,  36,
        188, 238,  15,  45, 184, 230,  20, 175, 208,  39, 236,  62, 218,  49,
        193, 200, 214, 248,  27, 129, 123, 181, 239,  87,  24, 111,  81, 138])
[2024-10-25 14:52:22,092][root][INFO] - sorted scores:tensor([97.4668, 97.4609, 97.4590, 97.4570, 97.4551, 97.4551, 97.4551, 97.4531,
        97.4531, 97.4492, 97.4492, 97.4473, 97.4453, 97.4434, 97.4395, 97.4395,
        97.4375, 97.4375, 97.4355, 97.4316, 97.4316, 97.4316, 97.4316, 97.2344,
        97.1309, 97.1230, 97.1133, 97.0918, 97.0664, 97.0605, 97.0469, 97.0195,
        97.0176, 97.0137, 96.9668, 96.9395, 96.9375, 96.9219, 96.9219, 96.9141,
        96.9121, 96.9082, 96.9062, 96.8906, 96.8828, 96.8691, 96.8633, 96.8555,
        96.8516, 96.8438, 96.8281, 96.8223, 96.8027, 96.7949, 96.7754, 96.7734,
        96.7715, 96.7695, 96.7695, 96.7422, 96.7344, 96.7344, 96.7227, 96.7012,
        96.6992, 96.6875, 96.6836, 96.6719, 96.6543, 96.6484, 96.6387, 96.6289,
        96.6230, 96.6172, 96.6133, 96.6055, 96.6035, 96.5977, 96.5977, 96.5820,
        96.5820, 96.5762, 96.5762, 96.5703, 96.5684, 96.5645, 96.5625, 96.5605,
        96.5605, 96.5566, 96.5488, 96.5488, 96.5488, 96.5488, 96.5469, 96.5312,
        96.5156, 96.4863, 96.4766, 96.4746, 96.4688, 96.4668, 96.4668, 96.4609,
        96.4512, 96.4414, 96.4336, 96.4297, 96.4277, 96.4219, 96.4141, 96.4004,
        96.3906, 96.3906, 96.3906, 96.3887, 96.3555, 96.3438, 96.3301, 96.3145,
        96.3125, 96.3105, 96.2891, 96.2891, 96.2793, 96.2754, 96.2695, 96.2617,
        96.2539, 96.2520, 96.2383, 96.2383, 96.2305, 96.2207, 96.2188, 96.2129,
        96.2129, 96.2109, 96.2051, 96.2031, 96.1973, 96.1855, 96.1816, 96.1797,
        96.1797, 96.1777, 96.1777, 96.1660, 96.1641, 96.1621, 96.1543, 96.1543,
        96.1523, 96.1426, 96.1406, 96.1406, 96.1289, 96.1250, 96.1211, 96.1191,
        96.1191, 96.1152, 96.1133, 96.1133, 96.1074, 96.1055, 96.0996, 96.0859,
        96.0859, 96.0820, 96.0801, 96.0762, 96.0762, 96.0742, 96.0645, 96.0566,
        96.0566, 96.0547, 96.0527, 96.0469, 96.0449, 96.0430, 96.0430, 96.0430,
        96.0430, 96.0410, 96.0391, 96.0371, 96.0371, 96.0371, 96.0352, 96.0352,
        96.0332, 96.0312, 96.0273, 96.0254, 96.0234, 96.0234, 96.0234, 96.0234,
        96.0215, 96.0215, 96.0176, 96.0156, 96.0137, 96.0098, 96.0078, 96.0039,
        96.0020, 96.0020, 95.9961, 95.9961, 95.9961, 95.9844, 95.9844, 95.9766,
        95.9766, 95.9727, 95.9727, 95.9727, 95.9688, 95.9648, 95.9609, 95.9570,
        95.9570, 95.9570, 95.9531, 95.9531, 95.9531, 95.9492, 95.9453, 95.9453,
        95.9453, 95.9414, 95.9414, 95.9375, 95.9375, 95.9297, 95.9297, 95.9297,
        95.9258, 95.9219, 95.9180, 95.9180, 95.8984, 95.8906, 95.8906, 95.8867,
        95.8828, 95.8789, 95.8711, 95.8125])
