[2024-10-11 10:35:17,067][websockets.server][INFO] - server listening on 0.0.0.0:8080
[2024-10-11 10:35:17,287][root][INFO] - self.cfg: 
 lr: 0.0001
c_in: 6
zfar: 'Infinity'
debug: null
n_view: 1
run_id: 3wy8qqex
use_BN: true
exp_name: 2024-01-11-20-02-45
n_epochs: 62
save_dir: /home/bowenw/debug/2024-01-11-20-02-45/
use_mask: false
loss_type: pairwise_valid
optimizer: adam
batch_size: 64
crop_ratio: 1.1
enable_amp: true
use_normal: false
max_num_key: null
warmup_step: -1
input_resize:
- 160
- 160
max_step_val: 1000
vis_interval: 1000
weight_decay: 0
normalize_xyz: true
resume_run_id: null
clip_grad_norm: 'Infinity'
lr_epoch_decay: 500
render_backend: nvdiffrast
train_num_pair: 5
lr_decay_epochs:
- 50
n_epochs_warmup: 1
make_pair_online: false
gradient_max_norm: 'Infinity'
max_step_per_epoch: 10000
n_rendering_workers: 1
save_epoch_interval: 100
n_dataloader_workers: 100
split_objects_across_gpus: true
ckpt_dir: FoundationPose/learning/training/../../weights/2024-01-11-20-02-45/model_best.pth

[2024-10-11 10:35:17,287][root][INFO] - self.h5_file:None
[2024-10-11 10:35:17,434][root][INFO] - Using pretrained model from FoundationPose/learning/training/../../weights/2024-01-11-20-02-45/model_best.pth
[2024-10-11 10:35:17,498][root][INFO] - init done
[2024-10-11 10:35:17,498][root][INFO] - welcome
[2024-10-11 10:35:17,501][root][INFO] - self.cfg: 
 lr: 0.0001
c_in: 6
zfar: .inf
debug: null
w_rot: 0.1
n_view: 1
run_id: null
use_BN: true
rot_rep: axis_angle
ckpt_dir: FoundationPose/learning/training/../../weights/2023-10-28-18-33-37/model_best.pth
exp_name: 2023-10-28-18-33-37
save_dir: /tmp/2023-10-28-18-33-37/
loss_type: l2
optimizer: adam
trans_rep: tracknet
batch_size: 64
crop_ratio: 1.2
use_normal: false
BN_momentum: 0.1
max_num_key: null
warmup_step: -1
input_resize:
- 160
- 160
max_step_val: 1000
normal_uint8: false
vis_interval: 1000
weight_decay: 0
n_max_objects: null
normalize_xyz: true
clip_grad_norm: 'Infinity'
rot_normalizer: 0.3490658503988659
trans_normalizer:
- 0.019999999552965164
- 0.019999999552965164
- 0.05000000074505806
max_step_per_epoch: 25000
val_epoch_interval: 10
n_dataloader_workers: 60
enable_amp: true
use_mask: false

[2024-10-11 10:35:17,501][root][INFO] - self.h5_file:
[2024-10-11 10:35:17,551][root][INFO] - Using pretrained model from FoundationPose/learning/training/../../weights/2023-10-28-18-33-37/model_best.pth
[2024-10-11 10:35:17,571][root][INFO] - init done
[2024-10-11 10:35:17,697][websockets.server][INFO] - connection open
[2024-10-11 10:35:19,763][root][INFO] - self.diameter:0.15118380157922512, vox_size:0.007559190078961256
[2024-10-11 10:35:19,778][root][INFO] - self.pts:torch.Size([684, 3])
[2024-10-11 10:35:20,698][root][INFO] - reset done
[2024-10-11 10:35:20,699][root][INFO] - cam_in_obs:(42, 4, 4)
[2024-10-11 10:35:20,712][root][INFO] - rot_grid:(252, 4, 4)
[2024-10-11 10:35:20,713][root][INFO] - after cluster, rot_grid:(252, 4, 4)
[2024-10-11 10:35:20,713][root][INFO] - self.rot_grid: torch.Size([252, 4, 4])
[2024-10-11 10:35:28,962][root][INFO] - Welcome
[2024-10-11 10:35:28,978][root][INFO] - poses:(252, 4, 4)
[2024-10-11 10:35:28,987][root][INFO] - after viewpoint, add_errs min:-1.0
[2024-10-11 10:35:29,017][root][INFO] - ob_in_cams:(252, 4, 4)
[2024-10-11 10:35:29,017][root][INFO] - self.cfg.use_normal:False
[2024-10-11 10:35:29,017][root][INFO] - trans_normalizer:[0.019999999552965164, 0.019999999552965164, 0.05000000074505806], rot_normalizer:0.3490658503988659
[2024-10-11 10:35:29,039][root][INFO] - making cropped data
[2024-10-11 10:35:29,040][root][INFO] - Welcome make_crop_data_batch
[2024-10-11 10:35:29,044][root][INFO] - make tf_to_crops done
[2024-10-11 10:35:29,071][root][INFO] - render done
[2024-10-11 10:35:29,078][root][INFO] - warp done
[2024-10-11 10:35:29,083][root][INFO] - pose batch data done
[2024-10-11 10:35:29,083][root][INFO] - forward start
[2024-10-11 10:35:29,200][root][INFO] - forward done
[2024-10-11 10:35:29,212][root][INFO] - making cropped data
[2024-10-11 10:35:29,213][root][INFO] - Welcome make_crop_data_batch
[2024-10-11 10:35:29,213][root][INFO] - make tf_to_crops done
[2024-10-11 10:35:29,233][root][INFO] - render done
[2024-10-11 10:35:29,236][root][INFO] - warp done
[2024-10-11 10:35:29,238][root][INFO] - pose batch data done
[2024-10-11 10:35:29,238][root][INFO] - forward start
[2024-10-11 10:35:29,240][root][INFO] - forward done
[2024-10-11 10:35:29,240][root][INFO] - making cropped data
[2024-10-11 10:35:29,240][root][INFO] - Welcome make_crop_data_batch
[2024-10-11 10:35:29,340][root][INFO] - make tf_to_crops done
[2024-10-11 10:35:29,360][root][INFO] - render done
[2024-10-11 10:35:29,363][root][INFO] - warp done
[2024-10-11 10:35:29,366][root][INFO] - pose batch data done
[2024-10-11 10:35:29,366][root][INFO] - forward start
[2024-10-11 10:35:29,367][root][INFO] - forward done
[2024-10-11 10:35:29,368][root][INFO] - making cropped data
[2024-10-11 10:35:29,368][root][INFO] - Welcome make_crop_data_batch
[2024-10-11 10:35:29,467][root][INFO] - make tf_to_crops done
[2024-10-11 10:35:29,486][root][INFO] - render done
[2024-10-11 10:35:29,489][root][INFO] - warp done
[2024-10-11 10:35:29,492][root][INFO] - pose batch data done
[2024-10-11 10:35:29,492][root][INFO] - forward start
[2024-10-11 10:35:29,493][root][INFO] - forward done
[2024-10-11 10:35:29,494][root][INFO] - making cropped data
[2024-10-11 10:35:29,494][root][INFO] - Welcome make_crop_data_batch
[2024-10-11 10:35:29,593][root][INFO] - make tf_to_crops done
[2024-10-11 10:35:29,612][root][INFO] - render done
[2024-10-11 10:35:29,616][root][INFO] - warp done
[2024-10-11 10:35:29,618][root][INFO] - pose batch data done
[2024-10-11 10:35:29,618][root][INFO] - forward start
[2024-10-11 10:35:29,620][root][INFO] - forward done
[2024-10-11 10:35:29,735][root][INFO] - ob_in_cams:(252, 4, 4)
[2024-10-11 10:35:29,735][root][INFO] - self.cfg.use_normal:False
[2024-10-11 10:35:29,735][root][INFO] - making cropped data
[2024-10-11 10:35:29,746][root][INFO] - Welcome make_crop_data_batch
[2024-10-11 10:35:29,747][root][INFO] - make tf_to_crops done
[2024-10-11 10:35:29,765][root][INFO] - render done
[2024-10-11 10:35:29,894][root][INFO] - pose batch data done
[2024-10-11 10:35:29,894][root][INFO] - pose_data.rgbAs.shape[0]: 252
[2024-10-11 10:35:29,991][root][INFO] - forward done
[2024-10-11 10:35:30,009][root][INFO] - final, add_errs min:-1.0
[2024-10-11 10:35:30,017][root][INFO] - sort ids:tensor([ 74, 188,   7, 169, 146,  73, 134, 103,   8, 104, 187, 133, 145, 170,
         32, 164,  50, 127,  55,  43, 110,  44, 128,   1,  98, 163, 224,  31,
         97,   2, 217, 242, 193, 115,  13, 194, 158, 199,   4,   5, 181, 245,
         56, 130,  76,  70,  89, 152,  47, 131,  14,  34, 100,  16, 227, 101,
        215, 182, 233, 200, 235, 214,  65, 175, 221,  86, 251,  17,  40, 119,
        151,  19, 212,  20, 118, 176,  91,  71,  79,  24, 122,  25,  49,  85,
        121, 124, 208, 232, 107,  62, 203,  29,  92,  80, 116, 247, 244,  45,
        206, 209,  64, 205, 139,  67, 226,  35, 190, 230, 229,  58, 109, 223,
         38,  61, 143, 238, 248,  37, 236,  68, 218,  30, 241, 125, 250, 211,
         77,  11,  88, 138, 149, 157, 202,  42,  26, 165, 140, 239,  53, 136,
        106, 160,  51, 159, 156, 137, 172,  41,  33, 171, 207, 154,  10,  46,
        167, 184, 191, 243, 155,  22,  82, 111,  23, 162, 185,  59, 197,  28,
         27, 240, 166, 196, 173, 178, 220, 161, 179, 189,  52,  95, 108, 148,
         83,  94, 141, 142, 135,  36, 147, 213, 112, 180,  39, 249,  63,  15,
        210, 219,  60, 117,   9, 222, 113, 198, 234,  54, 186, 195,  66,  57,
        174, 228,  18, 177, 204, 246,  96, 231, 192, 183, 201, 150, 153,   0,
        168,  12,  90, 126,  78,   3, 129,  84, 123,  81, 102,  48, 237,  21,
        144,  75,  72,   6, 225,  69, 120, 216, 114,  93,  87, 132,  99, 105])
[2024-10-11 10:35:30,021][root][INFO] - sorted scores:tensor([107.0625, 107.0586, 107.0508, 107.0508, 107.0469, 107.0430, 107.0430,
        107.0391, 107.0352, 107.0352, 107.0312, 107.0273, 107.0273, 107.0273,
        107.0234, 107.0234, 107.0195, 106.9688, 106.9609, 106.9336, 106.6523,
        106.6445, 106.6250, 106.6133, 106.6133, 106.6133, 106.6094, 106.6055,
        106.6055, 106.6016, 106.5820, 106.5273, 106.5000, 106.4766, 106.4297,
        106.4102, 106.4062, 106.3828, 106.3711, 106.3594, 106.3594, 106.3594,
        106.3477, 106.3438, 106.3242, 106.3203, 106.3203, 106.3203, 106.3164,
        106.3164, 106.3125, 106.3125, 106.3086, 106.3047, 106.3047, 106.2578,
        106.2500, 106.2461, 106.2383, 106.2344, 106.2344, 106.2305, 106.2266,
        106.2266, 106.2266, 106.2227, 106.2188, 106.2148, 106.2070, 106.2070,
        106.2070, 106.2031, 106.2031, 106.1992, 106.1914, 106.1914, 106.1875,
        106.1836, 106.1797, 106.1758, 106.1758, 106.1680, 106.1680, 106.1680,
        106.1680, 106.1680, 106.1680, 106.1680, 106.1641, 106.1602, 106.1602,
        106.1523, 106.1484, 106.1445, 106.1445, 106.1445, 106.1406, 106.1367,
        106.1367, 106.1367, 106.1289, 106.1289, 106.1211, 106.1172, 106.1172,
        106.1133, 106.1133, 106.1133, 106.1094, 106.1016, 106.1016, 106.0977,
        106.0938, 106.0938, 106.0938, 106.0938, 106.0938, 106.0898, 106.0898,
        106.0859, 106.0859, 106.0820, 106.0820, 106.0781, 106.0781, 106.0742,
        106.0703, 106.0586, 106.0586, 106.0586, 106.0547, 106.0547, 106.0547,
        106.0508, 106.0469, 106.0391, 106.0352, 106.0352, 106.0312, 106.0312,
        106.0273, 106.0273, 106.0156, 106.0117, 106.0000, 105.9922, 105.9922,
        105.9883, 105.9844, 105.9844, 105.9844, 105.9805, 105.9766, 105.9727,
        105.9727, 105.9727, 105.9648, 105.9648, 105.9609, 105.9570, 105.9570,
        105.9531, 105.9453, 105.9453, 105.9414, 105.9375, 105.9375, 105.9336,
        105.9258, 105.9258, 105.9219, 105.9141, 105.9102, 105.9102, 105.9102,
        105.9062, 105.9062, 105.9062, 105.9023, 105.8789, 105.8750, 105.8750,
        105.8555, 105.8516, 105.8438, 105.8281, 105.7930, 105.7695, 105.7188,
        105.7148, 105.7070, 105.7031, 105.6953, 105.6836, 105.6523, 105.6289,
        105.6133, 105.6133, 105.6016, 105.5938, 105.5898, 105.5742, 105.5703,
        105.5547, 105.5547, 105.5508, 105.5430, 105.5430, 105.5391, 105.5312,
        105.5312, 105.5234, 105.5156, 105.5117, 105.5117, 105.5117, 105.5039,
        105.4883, 105.4609, 105.4570, 105.4531, 105.4414, 105.4414, 105.4375,
        105.4336, 105.3867, 105.3789, 105.3477, 105.3320, 105.3281, 105.3281,
        105.3242, 105.3125, 105.2969, 105.2969, 105.2812, 105.2773, 105.2734,
        105.2734, 105.2617, 105.2422, 105.2227, 105.1680, 105.1406, 105.1328,
        105.1055, 105.1016, 105.0820, 105.0703, 105.0703, 105.0508, 105.0391])
