[2024-09-20 12:18:15,809][root][INFO] - self.cfg: 
 lr: 0.0001
c_in: 6
zfar: 'Infinity'
debug: null
n_view: 1
run_id: 3wy8qqex
use_BN: true
exp_name: 2024-01-11-20-02-45
n_epochs: 62
save_dir: /home/bowenw/debug/2024-01-11-20-02-45/
use_mask: false
loss_type: pairwise_valid
optimizer: adam
batch_size: 64
crop_ratio: 1.1
enable_amp: true
use_normal: false
max_num_key: null
warmup_step: -1
input_resize:
- 160
- 160
max_step_val: 1000
vis_interval: 1000
weight_decay: 0
normalize_xyz: true
resume_run_id: null
clip_grad_norm: 'Infinity'
lr_epoch_decay: 500
render_backend: nvdiffrast
train_num_pair: 5
lr_decay_epochs:
- 50
n_epochs_warmup: 1
make_pair_online: false
gradient_max_norm: 'Infinity'
max_step_per_epoch: 10000
n_rendering_workers: 1
save_epoch_interval: 100
n_dataloader_workers: 100
split_objects_across_gpus: true
ckpt_dir: FoundationPose/learning/training/../../weights/2024-01-11-20-02-45/model_best.pth

[2024-09-20 12:18:15,809][root][INFO] - self.h5_file:None
[2024-09-20 12:18:15,992][root][INFO] - Using pretrained model from FoundationPose/learning/training/../../weights/2024-01-11-20-02-45/model_best.pth
[2024-09-20 12:18:16,048][root][INFO] - init done
[2024-09-20 12:18:16,048][root][INFO] - welcome
[2024-09-20 12:18:16,052][root][INFO] - self.cfg: 
 lr: 0.0001
c_in: 6
zfar: .inf
debug: null
w_rot: 0.1
n_view: 1
run_id: null
use_BN: true
rot_rep: axis_angle
ckpt_dir: FoundationPose/learning/training/../../weights/2023-10-28-18-33-37/model_best.pth
exp_name: 2023-10-28-18-33-37
save_dir: /tmp/2023-10-28-18-33-37/
loss_type: l2
optimizer: adam
trans_rep: tracknet
batch_size: 64
crop_ratio: 1.2
use_normal: false
BN_momentum: 0.1
max_num_key: null
warmup_step: -1
input_resize:
- 160
- 160
max_step_val: 1000
normal_uint8: false
vis_interval: 1000
weight_decay: 0
n_max_objects: null
normalize_xyz: true
clip_grad_norm: 'Infinity'
rot_normalizer: 0.3490658503988659
trans_normalizer:
- 0.019999999552965164
- 0.019999999552965164
- 0.05000000074505806
max_step_per_epoch: 25000
val_epoch_interval: 10
n_dataloader_workers: 60
enable_amp: true
use_mask: false

[2024-09-20 12:18:16,052][root][INFO] - self.h5_file:
[2024-09-20 12:18:16,095][root][INFO] - Using pretrained model from FoundationPose/learning/training/../../weights/2023-10-28-18-33-37/model_best.pth
[2024-09-20 12:18:16,113][root][INFO] - init done
[2024-09-20 12:18:17,035][root][INFO] - self.diameter:0.11834483055076726, vox_size:0.005917241527538363
[2024-09-20 12:18:17,048][root][INFO] - self.pts:torch.Size([1023, 3])
[2024-09-20 12:18:17,561][root][INFO] - reset done
[2024-09-20 12:18:17,562][root][INFO] - cam_in_obs:(42, 4, 4)
[2024-09-20 12:18:17,564][root][INFO] - rot_grid:(252, 4, 4)
[2024-09-20 12:18:17,565][root][INFO] - after cluster, rot_grid:(252, 4, 4)
[2024-09-20 12:18:17,565][root][INFO] - self.rot_grid: torch.Size([252, 4, 4])
[2024-09-20 12:18:47,648][root][INFO] - Welcome
[2024-09-20 12:18:47,662][root][INFO] - poses:(252, 4, 4)
[2024-09-20 12:18:47,679][root][INFO] - after viewpoint, add_errs min:-1.0
[2024-09-20 12:18:47,742][root][INFO] - ob_in_cams:(252, 4, 4)
[2024-09-20 12:18:47,743][root][INFO] - self.cfg.use_normal:False
[2024-09-20 12:18:47,744][root][INFO] - trans_normalizer:[0.019999999552965164, 0.019999999552965164, 0.05000000074505806], rot_normalizer:0.3490658503988659
[2024-09-20 12:18:47,748][root][INFO] - making cropped data
[2024-09-20 12:18:47,748][root][INFO] - Welcome make_crop_data_batch
[2024-09-20 12:18:47,753][root][INFO] - make tf_to_crops done
[2024-09-20 12:18:47,777][root][INFO] - render done
[2024-09-20 12:18:47,783][root][INFO] - warp done
[2024-09-20 12:18:47,788][root][INFO] - pose batch data done
[2024-09-20 12:18:47,788][root][INFO] - forward start
[2024-09-20 12:18:47,900][root][INFO] - forward done
[2024-09-20 12:18:47,911][root][INFO] - making cropped data
[2024-09-20 12:18:47,911][root][INFO] - Welcome make_crop_data_batch
[2024-09-20 12:18:47,911][root][INFO] - make tf_to_crops done
[2024-09-20 12:18:47,925][root][INFO] - render done
[2024-09-20 12:18:47,928][root][INFO] - warp done
[2024-09-20 12:18:47,931][root][INFO] - pose batch data done
[2024-09-20 12:18:47,931][root][INFO] - forward start
[2024-09-20 12:18:47,932][root][INFO] - forward done
[2024-09-20 12:18:47,932][root][INFO] - making cropped data
[2024-09-20 12:18:47,932][root][INFO] - Welcome make_crop_data_batch
[2024-09-20 12:18:48,030][root][INFO] - make tf_to_crops done
[2024-09-20 12:18:48,043][root][INFO] - render done
[2024-09-20 12:18:48,046][root][INFO] - warp done
[2024-09-20 12:18:48,049][root][INFO] - pose batch data done
[2024-09-20 12:18:48,049][root][INFO] - forward start
[2024-09-20 12:18:48,051][root][INFO] - forward done
[2024-09-20 12:18:48,051][root][INFO] - making cropped data
[2024-09-20 12:18:48,051][root][INFO] - Welcome make_crop_data_batch
[2024-09-20 12:18:48,148][root][INFO] - make tf_to_crops done
[2024-09-20 12:18:48,161][root][INFO] - render done
[2024-09-20 12:18:48,164][root][INFO] - warp done
[2024-09-20 12:18:48,167][root][INFO] - pose batch data done
[2024-09-20 12:18:48,167][root][INFO] - forward start
[2024-09-20 12:18:48,169][root][INFO] - forward done
[2024-09-20 12:18:48,169][root][INFO] - making cropped data
[2024-09-20 12:18:48,169][root][INFO] - Welcome make_crop_data_batch
[2024-09-20 12:18:48,265][root][INFO] - make tf_to_crops done
[2024-09-20 12:18:48,279][root][INFO] - render done
[2024-09-20 12:18:48,282][root][INFO] - warp done
[2024-09-20 12:18:48,285][root][INFO] - pose batch data done
[2024-09-20 12:18:48,285][root][INFO] - forward start
[2024-09-20 12:18:48,287][root][INFO] - forward done
[2024-09-20 12:18:48,398][root][INFO] - ob_in_cams:(252, 4, 4)
[2024-09-20 12:18:48,398][root][INFO] - self.cfg.use_normal:False
[2024-09-20 12:18:48,398][root][INFO] - making cropped data
[2024-09-20 12:18:48,406][root][INFO] - Welcome make_crop_data_batch
[2024-09-20 12:18:48,407][root][INFO] - make tf_to_crops done
[2024-09-20 12:18:48,418][root][INFO] - render done
[2024-09-20 12:18:48,544][root][INFO] - pose batch data done
[2024-09-20 12:18:48,544][root][INFO] - pose_data.rgbAs.shape[0]: 252
[2024-09-20 12:18:48,638][root][INFO] - forward done
[2024-09-20 12:18:48,656][root][INFO] - final, add_errs min:-1.0
[2024-09-20 12:18:48,666][root][INFO] - sort ids:tensor([ 69, 249,  88, 231,  31,  15, 237,  66, 109, 242, 238, 243,  28,  63,
        228, 116, 207, 235,  85, 222, 240, 234,  48, 204, 245, 206, 112, 110,
        213, 121,  25, 246,  26, 113,  34, 198, 186, 187,  12, 157,  37, 156,
        174, 167,  18, 192,  29, 185, 162, 144, 150,  47, 168, 220, 183, 182,
        190, 219, 189, 212, 124, 106,  92, 159,  60, 177, 147, 153,  21, 171,
         51,  38, 195,  57, 180,  54,  43, 215, 217,  95, 210, 216, 134, 230,
        247, 179, 164, 199, 214, 218,  68, 143, 248,  67, 221,  64,  49,  65,
        251,  45,  70, 146,  40,  62, 142, 165, 250, 152, 211, 208, 232, 233,
        236,  56, 141,  59,  61, 193, 160, 224,  44, 138,  20,  24, 223, 241,
        184, 227,  27, 122, 127, 244,   0, 158,  55,  71,  41,  14, 188, 163,
        140, 111,  81,  84, 239,  86, 108, 175,  87, 101, 191,  82, 139,  50,
        181, 229,  80, 115,  73,  93, 194, 201, 178,  58, 107, 205,  90,  78,
         83,  36, 114, 197,  13,  72, 145, 120,  94, 196,  39, 137,  11,  52,
         35, 117, 118, 151, 166,  53,  77, 161, 209, 130,  91,  79,   3,  19,
         22, 129,  96,  75,  17,   1,   5, 176, 125, 132,  33, 203, 123, 136,
        133, 169,   7,  32, 126,  23, 104,  30,  76, 200,   6,  46, 131, 135,
         89,  16,  99, 225,   4,  42,  98, 100, 128,   8, 103, 119, 155,  10,
        105, 148, 149,   9, 202,  97,   2, 102, 170,  74, 226, 154, 173, 172])
[2024-09-20 12:18:48,669][root][INFO] - sorted scores:tensor([107.1250, 106.9453, 106.9297, 106.9219, 106.8203, 106.7695, 106.7188,
        106.6953, 106.6719, 106.6484, 106.6328, 106.6328, 106.6289, 106.6250,
        106.6055, 106.5938, 106.5898, 106.5508, 106.5273, 106.5273, 106.5234,
        106.5195, 106.5117, 106.5117, 106.4922, 106.4844, 106.4727, 106.4688,
        106.4648, 106.4570, 106.4492, 106.4492, 106.4375, 106.4297, 106.4219,
        106.4180, 106.4102, 106.4102, 106.3945, 106.3906, 106.3789, 106.3789,
        106.3750, 106.3711, 106.3672, 106.3672, 106.3594, 106.3594, 106.3555,
        106.3477, 106.3438, 106.3398, 106.3398, 106.3008, 106.2969, 106.2930,
        106.2930, 106.2812, 106.2773, 106.2734, 106.2148, 106.1992, 106.1953,
        106.1875, 106.1836, 106.1797, 106.1758, 106.1758, 106.1680, 106.1680,
        106.1562, 106.1523, 106.1445, 106.1406, 106.1133, 106.0859, 106.0820,
        106.0820, 106.0820, 106.0625, 106.0547, 106.0508, 106.0352, 106.0312,
        106.0195, 106.0117, 106.0078, 106.0078, 106.0078, 106.0000, 105.9922,
        105.9922, 105.9883, 105.9844, 105.9805, 105.9766, 105.9688, 105.9688,
        105.9688, 105.9648, 105.9648, 105.9609, 105.9570, 105.9531, 105.9531,
        105.9492, 105.9492, 105.9453, 105.9414, 105.9375, 105.9375, 105.9375,
        105.9375, 105.9336, 105.9336, 105.9297, 105.9258, 105.9258, 105.9219,
        105.9219, 105.9180, 105.9141, 105.9102, 105.9102, 105.9102, 105.9102,
        105.9062, 105.9062, 105.9023, 105.8984, 105.8984, 105.8984, 105.8945,
        105.8945, 105.8906, 105.8828, 105.8750, 105.8711, 105.8711, 105.8672,
        105.8594, 105.8555, 105.8516, 105.8516, 105.8516, 105.8477, 105.8477,
        105.8477, 105.8438, 105.8438, 105.8438, 105.8398, 105.8398, 105.8320,
        105.8281, 105.8281, 105.8125, 105.8125, 105.8047, 105.8047, 105.8008,
        105.8008, 105.7930, 105.7891, 105.7891, 105.7852, 105.7812, 105.7773,
        105.7734, 105.7695, 105.7695, 105.7617, 105.7578, 105.7578, 105.7578,
        105.7500, 105.7461, 105.7305, 105.7266, 105.7266, 105.7227, 105.7148,
        105.7109, 105.7109, 105.7109, 105.7109, 105.7031, 105.6992, 105.6992,
        105.6953, 105.6953, 105.6875, 105.6797, 105.6758, 105.6719, 105.6719,
        105.6719, 105.6719, 105.6523, 105.6484, 105.6445, 105.6328, 105.6328,
        105.6328, 105.6289, 105.6289, 105.6250, 105.6250, 105.6211, 105.6211,
        105.6172, 105.6133, 105.6016, 105.6016, 105.6016, 105.5977, 105.5977,
        105.5938, 105.5938, 105.5898, 105.5859, 105.5859, 105.5859, 105.5820,
        105.5742, 105.5703, 105.5703, 105.5703, 105.5664, 105.5625, 105.5234,
        105.5234, 105.5234, 105.5195, 105.5195, 105.5156, 105.5156, 105.5117,
        105.5039, 105.5039, 105.5039, 105.4961, 105.4961, 105.4570, 105.4414,
        105.4258, 105.4258, 105.4219, 105.4219, 105.4180, 105.2773, 105.2617])
[2024-09-20 12:18:59,333][websockets.server][INFO] - server listening on 0.0.0.0:8080
[2024-09-20 12:19:00,992][websockets.server][INFO] - connection open
[2024-09-20 12:19:10,573][websockets.server][INFO] - connection open
[2024-09-20 12:19:16,583][root][INFO] - Succeeded to open port: /dev/ttyUSB0
[2024-09-20 12:19:16,583][root][INFO] - Succeeded to set baudrate to 3000000
[2024-09-20 12:19:35,791][root][ERROR] - > read: [TxRxResult] Incorrect status packet!
[2024-09-20 12:19:35,826][root][ERROR] - > read: [TxRxResult] There is no status packet!
[2024-09-20 12:19:35,947][root][ERROR] - > read: [TxRxResult] Incorrect status packet!
[2024-09-20 12:19:35,982][root][ERROR] - > read: [TxRxResult] There is no status packet!
