[2024-09-21 00:05:34,711][root][INFO] - self.cfg: 
 lr: 0.0001
c_in: 6
zfar: 'Infinity'
debug: null
n_view: 1
run_id: 3wy8qqex
use_BN: true
exp_name: 2024-01-11-20-02-45
n_epochs: 62
save_dir: /home/bowenw/debug/2024-01-11-20-02-45/
use_mask: false
loss_type: pairwise_valid
optimizer: adam
batch_size: 64
crop_ratio: 1.1
enable_amp: true
use_normal: false
max_num_key: null
warmup_step: -1
input_resize:
- 160
- 160
max_step_val: 1000
vis_interval: 1000
weight_decay: 0
normalize_xyz: true
resume_run_id: null
clip_grad_norm: 'Infinity'
lr_epoch_decay: 500
render_backend: nvdiffrast
train_num_pair: 5
lr_decay_epochs:
- 50
n_epochs_warmup: 1
make_pair_online: false
gradient_max_norm: 'Infinity'
max_step_per_epoch: 10000
n_rendering_workers: 1
save_epoch_interval: 100
n_dataloader_workers: 100
split_objects_across_gpus: true
ckpt_dir: FoundationPose/learning/training/../../weights/2024-01-11-20-02-45/model_best.pth

[2024-09-21 00:05:34,712][root][INFO] - self.h5_file:None
[2024-09-21 00:05:34,892][root][INFO] - Using pretrained model from FoundationPose/learning/training/../../weights/2024-01-11-20-02-45/model_best.pth
[2024-09-21 00:05:34,952][root][INFO] - init done
[2024-09-21 00:05:34,952][root][INFO] - welcome
[2024-09-21 00:05:34,955][root][INFO] - self.cfg: 
 lr: 0.0001
c_in: 6
zfar: .inf
debug: null
w_rot: 0.1
n_view: 1
run_id: null
use_BN: true
rot_rep: axis_angle
ckpt_dir: FoundationPose/learning/training/../../weights/2023-10-28-18-33-37/model_best.pth
exp_name: 2023-10-28-18-33-37
save_dir: /tmp/2023-10-28-18-33-37/
loss_type: l2
optimizer: adam
trans_rep: tracknet
batch_size: 64
crop_ratio: 1.2
use_normal: false
BN_momentum: 0.1
max_num_key: null
warmup_step: -1
input_resize:
- 160
- 160
max_step_val: 1000
normal_uint8: false
vis_interval: 1000
weight_decay: 0
n_max_objects: null
normalize_xyz: true
clip_grad_norm: 'Infinity'
rot_normalizer: 0.3490658503988659
trans_normalizer:
- 0.019999999552965164
- 0.019999999552965164
- 0.05000000074505806
max_step_per_epoch: 25000
val_epoch_interval: 10
n_dataloader_workers: 60
enable_amp: true
use_mask: false

[2024-09-21 00:05:34,955][root][INFO] - self.h5_file:
[2024-09-21 00:05:35,000][root][INFO] - Using pretrained model from FoundationPose/learning/training/../../weights/2023-10-28-18-33-37/model_best.pth
[2024-09-21 00:05:35,023][root][INFO] - init done
[2024-09-21 00:05:37,126][root][INFO] - self.diameter:0.2324774443430137, vox_size:0.011623872217150685
[2024-09-21 00:05:37,140][root][INFO] - self.pts:torch.Size([385, 3])
[2024-09-21 00:05:37,927][root][INFO] - reset done
[2024-09-21 00:05:37,927][root][INFO] - cam_in_obs:(42, 4, 4)
[2024-09-21 00:05:37,929][root][INFO] - rot_grid:(252, 4, 4)
[2024-09-21 00:05:37,930][root][INFO] - after cluster, rot_grid:(252, 4, 4)
[2024-09-21 00:05:37,930][root][INFO] - self.rot_grid: torch.Size([252, 4, 4])
[2024-09-21 00:05:46,332][root][INFO] - Welcome
[2024-09-21 00:05:46,351][root][INFO] - poses:(252, 4, 4)
[2024-09-21 00:05:46,360][root][INFO] - after viewpoint, add_errs min:-1.0
[2024-09-21 00:05:46,390][root][INFO] - ob_in_cams:(252, 4, 4)
[2024-09-21 00:05:46,391][root][INFO] - self.cfg.use_normal:False
[2024-09-21 00:05:46,391][root][INFO] - trans_normalizer:[0.019999999552965164, 0.019999999552965164, 0.05000000074505806], rot_normalizer:0.3490658503988659
[2024-09-21 00:05:46,411][root][INFO] - making cropped data
[2024-09-21 00:05:46,412][root][INFO] - Welcome make_crop_data_batch
[2024-09-21 00:05:46,415][root][INFO] - make tf_to_crops done
[2024-09-21 00:05:46,449][root][INFO] - render done
[2024-09-21 00:05:46,455][root][INFO] - warp done
[2024-09-21 00:05:46,460][root][INFO] - pose batch data done
[2024-09-21 00:05:46,460][root][INFO] - forward start
[2024-09-21 00:05:46,574][root][INFO] - forward done
[2024-09-21 00:05:46,585][root][INFO] - making cropped data
[2024-09-21 00:05:46,585][root][INFO] - Welcome make_crop_data_batch
[2024-09-21 00:05:46,585][root][INFO] - make tf_to_crops done
[2024-09-21 00:05:46,603][root][INFO] - render done
[2024-09-21 00:05:46,607][root][INFO] - warp done
[2024-09-21 00:05:46,609][root][INFO] - pose batch data done
[2024-09-21 00:05:46,609][root][INFO] - forward start
[2024-09-21 00:05:46,611][root][INFO] - forward done
[2024-09-21 00:05:46,611][root][INFO] - making cropped data
[2024-09-21 00:05:46,611][root][INFO] - Welcome make_crop_data_batch
[2024-09-21 00:05:46,704][root][INFO] - make tf_to_crops done
[2024-09-21 00:05:46,720][root][INFO] - render done
[2024-09-21 00:05:46,724][root][INFO] - warp done
[2024-09-21 00:05:46,727][root][INFO] - pose batch data done
[2024-09-21 00:05:46,727][root][INFO] - forward start
[2024-09-21 00:05:46,728][root][INFO] - forward done
[2024-09-21 00:05:46,728][root][INFO] - making cropped data
[2024-09-21 00:05:46,728][root][INFO] - Welcome make_crop_data_batch
[2024-09-21 00:05:46,820][root][INFO] - make tf_to_crops done
[2024-09-21 00:05:46,835][root][INFO] - render done
[2024-09-21 00:05:46,838][root][INFO] - warp done
[2024-09-21 00:05:46,841][root][INFO] - pose batch data done
[2024-09-21 00:05:46,841][root][INFO] - forward start
[2024-09-21 00:05:46,843][root][INFO] - forward done
[2024-09-21 00:05:46,843][root][INFO] - making cropped data
[2024-09-21 00:05:46,843][root][INFO] - Welcome make_crop_data_batch
[2024-09-21 00:05:46,935][root][INFO] - make tf_to_crops done
[2024-09-21 00:05:46,951][root][INFO] - render done
[2024-09-21 00:05:46,954][root][INFO] - warp done
[2024-09-21 00:05:46,957][root][INFO] - pose batch data done
[2024-09-21 00:05:46,957][root][INFO] - forward start
[2024-09-21 00:05:46,958][root][INFO] - forward done
[2024-09-21 00:05:47,066][root][INFO] - ob_in_cams:(252, 4, 4)
[2024-09-21 00:05:47,066][root][INFO] - self.cfg.use_normal:False
[2024-09-21 00:05:47,066][root][INFO] - making cropped data
[2024-09-21 00:05:47,074][root][INFO] - Welcome make_crop_data_batch
[2024-09-21 00:05:47,074][root][INFO] - make tf_to_crops done
[2024-09-21 00:05:47,088][root][INFO] - render done
[2024-09-21 00:05:47,207][root][INFO] - pose batch data done
[2024-09-21 00:05:47,207][root][INFO] - pose_data.rgbAs.shape[0]: 252
[2024-09-21 00:05:47,297][root][INFO] - forward done
[2024-09-21 00:05:47,315][root][INFO] - final, add_errs min:-1.0
[2024-09-21 00:05:47,324][root][INFO] - sort ids:tensor([  0,  77, 126, 133, 145, 168,   5,   7, 102, 138, 162, 203,   6,  42,
         72, 144, 163,  96, 131, 132, 221, 107,  73, 101,  11,  99, 105, 188,
        226,   4,  34,  75, 100, 129, 225, 244,   3,   9,  33, 135, 171, 189,
        201, 243,  76, 137, 227, 202,  45, 164,  47,  10, 146,  35, 128, 136,
        172,   1, 224,  46, 127, 187, 169, 106, 220, 103, 170, 130,   2,  43,
         97, 216,  32,  74, 223, 199, 104, 134, 222,  98,   8,  44,  30, 198,
        167,  24, 200, 245, 197,  62,  59, 228, 186, 207, 234,  25, 122, 148,
        158, 166, 217, 208, 215, 176,  53,  68, 111, 213,  31, 210, 108, 123,
        151, 157, 182, 232, 185, 175, 196,  61, 191, 233, 236, 242, 147, 230,
         52, 117, 141, 180,  58,  89, 152,  86, 209, 173,  67,  92, 156, 229,
         50,  80, 177,  18,  21,  12,  26,  38, 149, 161,  71,  78, 194, 235,
         20,  81, 120, 159, 204,  15,  84, 116, 238,  87,  91, 114, 206, 231,
         14,  27,  93,  94, 150, 184, 248,  22,  36,  90,  41, 118, 178, 190,
        237,  16, 160, 183, 211,  28,  82,  88, 251,  29,  39,  40, 241,  17,
         23, 153, 154, 155, 218, 119, 193, 239,  95, 179,  56,  85, 124, 125,
        181, 205,  83,  13,  19,  37,  79, 115, 121, 212,  49,  65, 192,  48,
        246,  69, 109, 113,  60,  70, 214, 139, 165, 249,  57, 142,  66, 195,
        247,  51,  63, 110,  54, 112, 219, 174, 250, 143,  64,  55, 140, 240])
[2024-09-21 00:05:47,328][root][INFO] - sorted scores:tensor([87.3125, 87.3125, 87.3125, 87.3125, 87.3125, 87.3125, 87.3047, 87.3047,
        87.3047, 87.3047, 87.3047, 87.3047, 87.2969, 87.2969, 87.2969, 87.2969,
        87.2969, 87.2891, 87.2891, 87.2891, 87.2891, 87.2734, 87.2578, 87.1250,
        87.1016, 87.0547, 87.0547, 87.0547, 87.0547, 87.0469, 87.0469, 87.0469,
        87.0469, 87.0469, 87.0469, 87.0469, 87.0391, 87.0391, 87.0391, 87.0391,
        87.0391, 87.0391, 87.0391, 87.0391, 87.0312, 87.0312, 87.0312, 86.9766,
        86.9688, 86.9453, 86.9219, 86.9141, 86.9141, 86.8828, 86.8828, 86.8750,
        86.8750, 86.8672, 86.8516, 86.8438, 86.8438, 86.8203, 86.8125, 86.8047,
        86.8047, 86.7891, 86.7734, 86.7656, 86.7422, 86.7266, 86.7109, 86.7109,
        86.6875, 86.6875, 86.6406, 86.6328, 86.6250, 86.6172, 86.6094, 86.6016,
        86.5938, 86.5859, 86.5781, 86.5781, 86.5625, 86.5547, 86.5078, 86.5078,
        86.4688, 86.4453, 86.4141, 86.4141, 86.4062, 86.4062, 86.4062, 86.3984,
        86.3984, 86.3906, 86.3750, 86.3750, 86.3750, 86.3594, 86.3594, 86.3281,
        86.3125, 86.3125, 86.3047, 86.3047, 86.2969, 86.2969, 86.2891, 86.2891,
        86.2891, 86.2891, 86.2891, 86.2578, 86.2500, 86.2422, 86.2422, 86.2266,
        86.2266, 86.2266, 86.2266, 86.2188, 86.1953, 86.1953, 86.1797, 86.1641,
        86.1641, 86.1641, 86.1562, 86.1562, 86.1562, 86.1406, 86.1406, 86.1328,
        86.1172, 86.1172, 86.1172, 86.1172, 86.1094, 86.1094, 86.1016, 86.0938,
        86.0938, 86.0859, 86.0859, 86.0859, 86.0859, 86.0859, 86.0781, 86.0781,
        86.0781, 86.0781, 86.0703, 86.0703, 86.0703, 86.0703, 86.0703, 86.0625,
        86.0625, 86.0625, 86.0625, 86.0547, 86.0547, 86.0547, 86.0547, 86.0547,
        86.0469, 86.0469, 86.0469, 86.0469, 86.0469, 86.0469, 86.0469, 86.0391,
        86.0391, 86.0391, 86.0312, 86.0312, 86.0312, 86.0312, 86.0312, 86.0234,
        86.0234, 86.0234, 86.0234, 86.0156, 86.0156, 86.0156, 86.0156, 86.0078,
        86.0078, 86.0078, 86.0000, 85.9922, 85.9922, 85.9922, 85.9922, 85.9922,
        85.9922, 85.9844, 85.9844, 85.9844, 85.9766, 85.9766, 85.9688, 85.9609,
        85.9609, 85.9609, 85.9609, 85.9609, 85.9453, 85.9375, 85.9375, 85.9375,
        85.9375, 85.9297, 85.9297, 85.9297, 85.9219, 85.9219, 85.9141, 85.8906,
        85.8750, 85.8672, 85.8672, 85.8672, 85.8594, 85.8594, 85.8594, 85.8359,
        85.8359, 85.8359, 85.8281, 85.8125, 85.8047, 85.8047, 85.7969, 85.7891,
        85.7891, 85.7734, 85.7656, 85.7578, 85.7578, 85.7500, 85.7422, 85.7344,
        85.7109, 85.7031, 85.6875, 85.6484])
[2024-09-21 00:05:58,148][websockets.server][INFO] - server listening on 0.0.0.0:8080
[2024-09-21 00:05:59,714][websockets.server][INFO] - connection rejected (200 OK)
[2024-09-21 00:05:59,715][websockets.server][INFO] - connection closed
[2024-09-21 00:05:59,777][websockets.server][INFO] - connection rejected (200 OK)
[2024-09-21 00:05:59,781][websockets.server][INFO] - connection rejected (200 OK)
[2024-09-21 00:05:59,781][websockets.server][INFO] - connection closed
[2024-09-21 00:05:59,781][websockets.server][INFO] - connection closed
[2024-09-21 00:06:00,053][websockets.server][INFO] - connection rejected (200 OK)
[2024-09-21 00:06:00,053][websockets.server][INFO] - connection closed
[2024-09-21 00:06:00,103][websockets.server][INFO] - connection rejected (200 OK)
[2024-09-21 00:06:00,103][websockets.server][INFO] - connection rejected (200 OK)
[2024-09-21 00:06:00,104][websockets.server][INFO] - connection closed
[2024-09-21 00:06:00,104][websockets.server][INFO] - connection closed
[2024-09-21 00:06:00,104][websockets.server][INFO] - connection open
[2024-09-21 00:06:00,471][websockets.server][INFO] - connection rejected (200 OK)
[2024-09-21 00:06:00,471][websockets.server][INFO] - connection closed
[2024-09-21 00:06:00,512][websockets.server][INFO] - connection rejected (200 OK)
[2024-09-21 00:06:00,513][websockets.server][INFO] - connection closed
[2024-09-21 00:06:00,513][websockets.server][INFO] - connection rejected (200 OK)
[2024-09-21 00:06:00,513][websockets.server][INFO] - connection rejected (200 OK)
[2024-09-21 00:06:00,514][websockets.server][INFO] - connection rejected (200 OK)
[2024-09-21 00:06:00,514][websockets.server][INFO] - connection closed
[2024-09-21 00:06:00,514][websockets.server][INFO] - connection closed
[2024-09-21 00:06:00,514][websockets.server][INFO] - connection closed
[2024-09-21 00:06:00,553][websockets.server][INFO] - connection rejected (200 OK)
[2024-09-21 00:06:00,553][websockets.server][INFO] - connection closed
[2024-09-21 00:06:00,592][websockets.server][INFO] - connection rejected (200 OK)
[2024-09-21 00:06:00,592][websockets.server][INFO] - connection closed
[2024-09-21 00:06:10,832][root][INFO] - Succeeded to open port: /dev/ttyUSB0
[2024-09-21 00:06:10,833][root][INFO] - Succeeded to set baudrate to 3000000
[2024-09-21 00:06:37,609][root][ERROR] - > read: [TxRxResult] Incorrect status packet!
[2024-09-21 00:06:37,682][root][ERROR] - > read: [TxRxResult] Incorrect status packet!
[2024-09-21 00:06:37,683][root][ERROR] - > read: [TxRxResult] Incorrect status packet!
[2024-09-21 00:06:37,756][root][ERROR] - > read: [TxRxResult] Incorrect status packet!
[2024-09-21 00:06:37,813][root][ERROR] - > read: [TxRxResult] Incorrect status packet!
