[2024-09-22 19:42:20,129][root][INFO] - self.cfg: 
 lr: 0.0001
c_in: 6
zfar: 'Infinity'
debug: null
n_view: 1
run_id: 3wy8qqex
use_BN: true
exp_name: 2024-01-11-20-02-45
n_epochs: 62
save_dir: /home/bowenw/debug/2024-01-11-20-02-45/
use_mask: false
loss_type: pairwise_valid
optimizer: adam
batch_size: 64
crop_ratio: 1.1
enable_amp: true
use_normal: false
max_num_key: null
warmup_step: -1
input_resize:
- 160
- 160
max_step_val: 1000
vis_interval: 1000
weight_decay: 0
normalize_xyz: true
resume_run_id: null
clip_grad_norm: 'Infinity'
lr_epoch_decay: 500
render_backend: nvdiffrast
train_num_pair: 5
lr_decay_epochs:
- 50
n_epochs_warmup: 1
make_pair_online: false
gradient_max_norm: 'Infinity'
max_step_per_epoch: 10000
n_rendering_workers: 1
save_epoch_interval: 100
n_dataloader_workers: 100
split_objects_across_gpus: true
ckpt_dir: FoundationPose/learning/training/../../weights/2024-01-11-20-02-45/model_best.pth

[2024-09-22 19:42:20,129][root][INFO] - self.h5_file:None
[2024-09-22 19:42:20,289][root][INFO] - Using pretrained model from FoundationPose/learning/training/../../weights/2024-01-11-20-02-45/model_best.pth
[2024-09-22 19:42:20,356][root][INFO] - init done
[2024-09-22 19:42:20,356][root][INFO] - welcome
[2024-09-22 19:42:20,359][root][INFO] - self.cfg: 
 lr: 0.0001
c_in: 6
zfar: .inf
debug: null
w_rot: 0.1
n_view: 1
run_id: null
use_BN: true
rot_rep: axis_angle
ckpt_dir: FoundationPose/learning/training/../../weights/2023-10-28-18-33-37/model_best.pth
exp_name: 2023-10-28-18-33-37
save_dir: /tmp/2023-10-28-18-33-37/
loss_type: l2
optimizer: adam
trans_rep: tracknet
batch_size: 64
crop_ratio: 1.2
use_normal: false
BN_momentum: 0.1
max_num_key: null
warmup_step: -1
input_resize:
- 160
- 160
max_step_val: 1000
normal_uint8: false
vis_interval: 1000
weight_decay: 0
n_max_objects: null
normalize_xyz: true
clip_grad_norm: 'Infinity'
rot_normalizer: 0.3490658503988659
trans_normalizer:
- 0.019999999552965164
- 0.019999999552965164
- 0.05000000074505806
max_step_per_epoch: 25000
val_epoch_interval: 10
n_dataloader_workers: 60
enable_amp: true
use_mask: false

[2024-09-22 19:42:20,359][root][INFO] - self.h5_file:
[2024-09-22 19:42:20,411][root][INFO] - Using pretrained model from FoundationPose/learning/training/../../weights/2023-10-28-18-33-37/model_best.pth
[2024-09-22 19:42:20,432][root][INFO] - init done
[2024-09-22 19:42:21,367][root][INFO] - self.diameter:0.11834483055076726, vox_size:0.005917241527538363
[2024-09-22 19:42:21,382][root][INFO] - self.pts:torch.Size([1023, 3])
[2024-09-22 19:42:21,915][root][INFO] - reset done
[2024-09-22 19:42:21,915][root][INFO] - cam_in_obs:(42, 4, 4)
[2024-09-22 19:42:21,917][root][INFO] - rot_grid:(252, 4, 4)
[2024-09-22 19:42:21,918][root][INFO] - after cluster, rot_grid:(252, 4, 4)
[2024-09-22 19:42:21,918][root][INFO] - self.rot_grid: torch.Size([252, 4, 4])
[2024-09-22 19:42:30,566][root][INFO] - Welcome
[2024-09-22 19:42:30,580][root][INFO] - poses:(252, 4, 4)
[2024-09-22 19:42:30,590][root][INFO] - after viewpoint, add_errs min:-1.0
[2024-09-22 19:42:30,669][root][INFO] - ob_in_cams:(252, 4, 4)
[2024-09-22 19:42:30,669][root][INFO] - self.cfg.use_normal:False
[2024-09-22 19:42:30,670][root][INFO] - trans_normalizer:[0.019999999552965164, 0.019999999552965164, 0.05000000074505806], rot_normalizer:0.3490658503988659
[2024-09-22 19:42:30,672][root][INFO] - making cropped data
[2024-09-22 19:42:30,672][root][INFO] - Welcome make_crop_data_batch
[2024-09-22 19:42:30,676][root][INFO] - make tf_to_crops done
[2024-09-22 19:42:30,699][root][INFO] - render done
[2024-09-22 19:42:30,706][root][INFO] - warp done
[2024-09-22 19:42:30,711][root][INFO] - pose batch data done
[2024-09-22 19:42:30,711][root][INFO] - forward start
[2024-09-22 19:42:30,829][root][INFO] - forward done
[2024-09-22 19:42:30,839][root][INFO] - making cropped data
[2024-09-22 19:42:30,839][root][INFO] - Welcome make_crop_data_batch
[2024-09-22 19:42:30,840][root][INFO] - make tf_to_crops done
[2024-09-22 19:42:30,853][root][INFO] - render done
[2024-09-22 19:42:30,858][root][INFO] - warp done
[2024-09-22 19:42:30,861][root][INFO] - pose batch data done
[2024-09-22 19:42:30,861][root][INFO] - forward start
[2024-09-22 19:42:30,862][root][INFO] - forward done
[2024-09-22 19:42:30,862][root][INFO] - making cropped data
[2024-09-22 19:42:30,863][root][INFO] - Welcome make_crop_data_batch
[2024-09-22 19:42:30,959][root][INFO] - make tf_to_crops done
[2024-09-22 19:42:30,973][root][INFO] - render done
[2024-09-22 19:42:30,977][root][INFO] - warp done
[2024-09-22 19:42:30,979][root][INFO] - pose batch data done
[2024-09-22 19:42:30,979][root][INFO] - forward start
[2024-09-22 19:42:30,981][root][INFO] - forward done
[2024-09-22 19:42:30,981][root][INFO] - making cropped data
[2024-09-22 19:42:30,981][root][INFO] - Welcome make_crop_data_batch
[2024-09-22 19:42:31,078][root][INFO] - make tf_to_crops done
[2024-09-22 19:42:31,091][root][INFO] - render done
[2024-09-22 19:42:31,095][root][INFO] - warp done
[2024-09-22 19:42:31,097][root][INFO] - pose batch data done
[2024-09-22 19:42:31,098][root][INFO] - forward start
[2024-09-22 19:42:31,099][root][INFO] - forward done
[2024-09-22 19:42:31,099][root][INFO] - making cropped data
[2024-09-22 19:42:31,099][root][INFO] - Welcome make_crop_data_batch
[2024-09-22 19:42:31,197][root][INFO] - make tf_to_crops done
[2024-09-22 19:42:31,210][root][INFO] - render done
[2024-09-22 19:42:31,214][root][INFO] - warp done
[2024-09-22 19:42:31,217][root][INFO] - pose batch data done
[2024-09-22 19:42:31,217][root][INFO] - forward start
[2024-09-22 19:42:31,218][root][INFO] - forward done
[2024-09-22 19:42:31,331][root][INFO] - ob_in_cams:(252, 4, 4)
[2024-09-22 19:42:31,331][root][INFO] - self.cfg.use_normal:False
[2024-09-22 19:42:31,331][root][INFO] - making cropped data
[2024-09-22 19:42:31,339][root][INFO] - Welcome make_crop_data_batch
[2024-09-22 19:42:31,339][root][INFO] - make tf_to_crops done
[2024-09-22 19:42:31,351][root][INFO] - render done
[2024-09-22 19:42:31,479][root][INFO] - pose batch data done
[2024-09-22 19:42:31,479][root][INFO] - pose_data.rgbAs.shape[0]: 252
[2024-09-22 19:42:31,574][root][INFO] - forward done
[2024-09-22 19:42:31,591][root][INFO] - final, add_errs min:-1.0
[2024-09-22 19:42:31,601][root][INFO] - sort ids:tensor([138,  11, 101, 137, 102,  30,  77, 221,  35, 107,   5,  42, 203, 131,
        146,  47,  55,  74, 227,   7,   8, 104, 170, 202, 188,  32, 169,   9,
         76,  99, 100, 105, 126, 226,  72,  75, 132, 145,   3,   4,   0, 144,
        163,  18,  12, 114,  78, 120,  43, 125, 133,  21,  34,  87,  37,  93,
         73,  79, 121, 244,  33,  13,  15,  23,  65, 115, 116, 134, 149, 230,
        201,  14,  44,  81,  85,  95, 205, 209, 224, 251,  83,  98, 215, 245,
          6, 206,  36, 127, 130, 167, 199,  86, 106,  10,  22,  31,  46,  61,
        136, 229, 242,   1,  82, 172, 214, 218,   2,  80,  94,  97, 223, 225,
         71, 129, 140, 168, 210, 211,  17,  41,  96, 112, 118, 128, 135, 234,
        186, 212, 237, 158,  68, 117, 143, 190, 198, 240, 247,  16, 103, 109,
        208,  62,  28,  39,  89, 119, 124, 171, 217,  49, 182, 219, 228, 141,
        189, 207, 248, 216, 231,  67,  92, 246, 122, 159, 200,  48,  56,  84,
        249,  66, 139, 233,  45,  50, 192,  70, 108, 164,  40, 157, 236, 241,
        250,  69,  91, 152, 160, 178, 194, 232,  53,  88, 123, 243,  25,  27,
         38, 173, 175, 184, 166, 176, 185, 193, 204, 222, 191, 213,  20,  26,
         57, 142, 177, 180, 183,  63, 162, 235, 113, 187,  59,  60, 110, 111,
        220,  54, 179, 155, 174, 238,  24,  52, 151, 196, 197, 154, 239,  19,
         29,  64, 150, 156, 161, 181,  90, 165,  51, 147, 195, 148,  58, 153])
[2024-09-22 19:42:31,604][root][INFO] - sorted scores:tensor([130.9531, 130.8750, 130.8750, 130.8750, 130.8594, 130.8438, 130.8438,
        130.8438, 130.8281, 130.8281, 130.7812, 130.7812, 130.7812, 130.7500,
        130.7344, 130.7031, 130.6719, 130.6719, 130.6562, 130.5938, 130.5938,
        130.5938, 130.5938, 130.5938, 130.5781, 130.5625, 130.5625, 130.5312,
        130.5312, 130.5312, 130.5312, 130.5312, 130.5312, 130.5312, 130.5156,
        130.5156, 130.5156, 130.5156, 130.5000, 130.5000, 130.4844, 130.4844,
        130.4688, 130.4531, 130.4375, 130.4375, 130.4219, 130.4219, 130.4062,
        130.4062, 130.4062, 130.3906, 130.3906, 130.3906, 130.3750, 130.3750,
        130.3594, 130.3594, 130.3594, 130.3594, 130.3438, 130.3281, 130.3281,
        130.3281, 130.3281, 130.3281, 130.3281, 130.3281, 130.3281, 130.3281,
        130.3125, 130.2969, 130.2969, 130.2969, 130.2969, 130.2969, 130.2969,
        130.2969, 130.2969, 130.2969, 130.2812, 130.2812, 130.2812, 130.2812,
        130.2656, 130.2656, 130.2500, 130.2500, 130.2500, 130.2500, 130.2500,
        130.2344, 130.2344, 130.2188, 130.2188, 130.2188, 130.2188, 130.2188,
        130.2188, 130.2188, 130.2188, 130.2031, 130.2031, 130.2031, 130.2031,
        130.2031, 130.1875, 130.1875, 130.1875, 130.1875, 130.1875, 130.1875,
        130.1719, 130.1719, 130.1719, 130.1719, 130.1719, 130.1719, 130.1562,
        130.1562, 130.1562, 130.1562, 130.1562, 130.1562, 130.1562, 130.1562,
        130.1406, 130.1406, 130.1250, 130.1094, 130.0938, 130.0938, 130.0938,
        130.0938, 130.0938, 130.0938, 130.0938, 130.0781, 130.0781, 130.0781,
        130.0781, 130.0625, 130.0469, 130.0469, 130.0469, 130.0469, 130.0469,
        130.0469, 130.0469, 130.0312, 130.0312, 130.0312, 130.0312, 130.0156,
        130.0156, 130.0156, 130.0156, 130.0000, 130.0000, 129.9844, 129.9844,
        129.9844, 129.9688, 129.9688, 129.9688, 129.9531, 129.9531, 129.9531,
        129.9531, 129.9375, 129.9375, 129.9375, 129.9219, 129.9219, 129.9219,
        129.9062, 129.9062, 129.9062, 129.8906, 129.8906, 129.8906, 129.8906,
        129.8906, 129.8750, 129.8750, 129.8750, 129.8750, 129.8750, 129.8750,
        129.8750, 129.8594, 129.8594, 129.8594, 129.8594, 129.8438, 129.8438,
        129.8281, 129.8281, 129.8281, 129.8281, 129.8125, 129.8125, 129.8125,
        129.8125, 129.8125, 129.8125, 129.7969, 129.7969, 129.7812, 129.7812,
        129.7812, 129.7812, 129.7812, 129.7812, 129.7812, 129.7656, 129.7656,
        129.7656, 129.7500, 129.7500, 129.7344, 129.7344, 129.7344, 129.7344,
        129.7344, 129.7188, 129.7188, 129.7031, 129.7031, 129.7031, 129.6875,
        129.6875, 129.6875, 129.6875, 129.6875, 129.6719, 129.6719, 129.6562,
        129.6562, 129.6562, 129.6562, 129.6562, 129.6562, 129.6562, 129.6406,
        129.6250, 129.5938, 129.5938, 129.5938, 129.5781, 129.5625, 129.4531])
[2024-09-22 19:42:36,272][websockets.server][INFO] - server listening on 0.0.0.0:8080
[2024-09-22 19:42:36,515][websockets.server][INFO] - connection open
[2024-09-22 19:42:41,585][root][INFO] - Succeeded to open port: /dev/ttyUSB0
[2024-09-22 19:42:41,586][root][INFO] - Succeeded to set baudrate to 3000000
[2024-09-22 19:42:56,071][root][ERROR] - > read: [TxRxResult] Incorrect status packet!
[2024-09-22 19:42:56,106][root][ERROR] - > read: [TxRxResult] There is no status packet!
[2024-09-22 19:42:56,148][root][ERROR] - > read: [TxRxResult] There is no status packet!
[2024-09-22 19:42:56,184][root][ERROR] - > read: [TxRxResult] There is no status packet!
[2024-09-22 19:42:56,224][root][ERROR] - > read: [TxRxResult] There is no status packet!
[2024-09-22 19:42:56,260][root][ERROR] - > read: [TxRxResult] There is no status packet!
[2024-09-22 19:42:56,300][root][ERROR] - > read: [TxRxResult] There is no status packet!
[2024-09-22 19:42:56,336][root][ERROR] - > read: [TxRxResult] There is no status packet!
[2024-09-22 19:42:56,376][root][ERROR] - > read: [TxRxResult] There is no status packet!
