[2024-12-22 16:57:23,698][websockets.server][INFO] - server listening on 0.0.0.0:8080
[2024-12-22 16:57:23,838][root][INFO] - self.cfg: 
 lr: 0.0001
c_in: 6
zfar: 'Infinity'
debug: null
n_view: 1
run_id: 3wy8qqex
use_BN: true
exp_name: 2024-01-11-20-02-45
n_epochs: 62
save_dir: /home/bowenw/debug/2024-01-11-20-02-45/
use_mask: false
loss_type: pairwise_valid
optimizer: adam
batch_size: 64
crop_ratio: 1.1
enable_amp: true
use_normal: false
max_num_key: null
warmup_step: -1
input_resize:
- 160
- 160
max_step_val: 1000
vis_interval: 1000
weight_decay: 0
normalize_xyz: true
resume_run_id: null
clip_grad_norm: 'Infinity'
lr_epoch_decay: 500
render_backend: nvdiffrast
train_num_pair: 5
lr_decay_epochs:
- 50
n_epochs_warmup: 1
make_pair_online: false
gradient_max_norm: 'Infinity'
max_step_per_epoch: 10000
n_rendering_workers: 1
save_epoch_interval: 100
n_dataloader_workers: 100
split_objects_across_gpus: true
ckpt_dir: /data/zjx/rw/third_party/FoundationPose/learning/training/../../weights/2024-01-11-20-02-45/model_best.pth

[2024-12-22 16:57:23,838][root][INFO] - self.h5_file:None
[2024-12-22 16:57:23,991][root][INFO] - Using pretrained model from /data/zjx/rw/third_party/FoundationPose/learning/training/../../weights/2024-01-11-20-02-45/model_best.pth
[2024-12-22 16:57:24,052][root][INFO] - init done
[2024-12-22 16:57:24,052][root][INFO] - welcome
[2024-12-22 16:57:24,055][root][INFO] - self.cfg: 
 lr: 0.0001
c_in: 6
zfar: .inf
debug: null
w_rot: 0.1
n_view: 1
run_id: null
use_BN: true
rot_rep: axis_angle
ckpt_dir: /data/zjx/rw/third_party/FoundationPose/learning/training/../../weights/2023-10-28-18-33-37/model_best.pth
exp_name: 2023-10-28-18-33-37
save_dir: /tmp/2023-10-28-18-33-37/
loss_type: l2
optimizer: adam
trans_rep: tracknet
batch_size: 64
crop_ratio: 1.2
use_normal: false
BN_momentum: 0.1
max_num_key: null
warmup_step: -1
input_resize:
- 160
- 160
max_step_val: 1000
normal_uint8: false
vis_interval: 1000
weight_decay: 0
n_max_objects: null
normalize_xyz: true
clip_grad_norm: 'Infinity'
rot_normalizer: 0.3490658503988659
trans_normalizer:
- 0.019999999552965164
- 0.019999999552965164
- 0.05000000074505806
max_step_per_epoch: 25000
val_epoch_interval: 10
n_dataloader_workers: 60
enable_amp: true
use_mask: false

[2024-12-22 16:57:24,055][root][INFO] - self.h5_file:
[2024-12-22 16:57:24,100][root][INFO] - Using pretrained model from /data/zjx/rw/third_party/FoundationPose/learning/training/../../weights/2023-10-28-18-33-37/model_best.pth
[2024-12-22 16:57:24,121][root][INFO] - init done
[2024-12-22 16:57:25,308][root][INFO] - self.diameter:0.2729166168820516, vox_size:0.01364583084410258
[2024-12-22 16:57:25,322][root][INFO] - self.pts:torch.Size([179, 3])
[2024-12-22 16:57:26,301][root][INFO] - reset done
[2024-12-22 16:57:26,302][root][INFO] - cam_in_obs:(42, 4, 4)
[2024-12-22 16:57:26,303][root][INFO] - rot_grid:(252, 4, 4)
[2024-12-22 16:57:26,303][root][INFO] - after cluster, rot_grid:(252, 4, 4)
[2024-12-22 16:57:26,303][root][INFO] - self.rot_grid: torch.Size([252, 4, 4])
[2024-12-22 16:57:27,825][websockets.server][INFO] - connection open
[2024-12-22 16:57:36,427][root][INFO] - Welcome
[2024-12-22 16:57:36,451][root][INFO] - poses:(252, 4, 4)
[2024-12-22 16:57:36,459][root][INFO] - after viewpoint, add_errs min:-1.0
[2024-12-22 16:57:36,482][root][INFO] - ob_in_cams:(252, 4, 4)
[2024-12-22 16:57:36,482][root][INFO] - self.cfg.use_normal:False
[2024-12-22 16:57:36,482][root][INFO] - trans_normalizer:[0.019999999552965164, 0.019999999552965164, 0.05000000074505806], rot_normalizer:0.3490658503988659
[2024-12-22 16:57:36,484][root][INFO] - making cropped data
[2024-12-22 16:57:36,484][root][INFO] - Welcome make_crop_data_batch
[2024-12-22 16:57:36,488][root][INFO] - make tf_to_crops done
[2024-12-22 16:57:36,510][root][INFO] - render done
[2024-12-22 16:57:36,515][root][INFO] - warp done
[2024-12-22 16:57:36,520][root][INFO] - pose batch data done
[2024-12-22 16:57:36,520][root][INFO] - forward start
[2024-12-22 16:57:36,644][root][INFO] - forward done
[2024-12-22 16:57:36,657][root][INFO] - making cropped data
[2024-12-22 16:57:36,657][root][INFO] - Welcome make_crop_data_batch
[2024-12-22 16:57:36,657][root][INFO] - make tf_to_crops done
[2024-12-22 16:57:36,673][root][INFO] - render done
[2024-12-22 16:57:36,677][root][INFO] - warp done
[2024-12-22 16:57:36,680][root][INFO] - pose batch data done
[2024-12-22 16:57:36,680][root][INFO] - forward start
[2024-12-22 16:57:36,681][root][INFO] - forward done
[2024-12-22 16:57:36,681][root][INFO] - making cropped data
[2024-12-22 16:57:36,681][root][INFO] - Welcome make_crop_data_batch
[2024-12-22 16:57:36,779][root][INFO] - make tf_to_crops done
[2024-12-22 16:57:36,794][root][INFO] - render done
[2024-12-22 16:57:36,797][root][INFO] - warp done
[2024-12-22 16:57:36,800][root][INFO] - pose batch data done
[2024-12-22 16:57:36,800][root][INFO] - forward start
[2024-12-22 16:57:36,801][root][INFO] - forward done
[2024-12-22 16:57:36,802][root][INFO] - making cropped data
[2024-12-22 16:57:36,802][root][INFO] - Welcome make_crop_data_batch
[2024-12-22 16:57:36,899][root][INFO] - make tf_to_crops done
[2024-12-22 16:57:36,914][root][INFO] - render done
[2024-12-22 16:57:36,917][root][INFO] - warp done
[2024-12-22 16:57:36,920][root][INFO] - pose batch data done
[2024-12-22 16:57:36,920][root][INFO] - forward start
[2024-12-22 16:57:36,922][root][INFO] - forward done
[2024-12-22 16:57:36,922][root][INFO] - making cropped data
[2024-12-22 16:57:36,922][root][INFO] - Welcome make_crop_data_batch
[2024-12-22 16:57:37,019][root][INFO] - make tf_to_crops done
[2024-12-22 16:57:37,034][root][INFO] - render done
[2024-12-22 16:57:37,038][root][INFO] - warp done
[2024-12-22 16:57:37,041][root][INFO] - pose batch data done
[2024-12-22 16:57:37,041][root][INFO] - forward start
[2024-12-22 16:57:37,042][root][INFO] - forward done
[2024-12-22 16:57:37,154][root][INFO] - ob_in_cams:(252, 4, 4)
[2024-12-22 16:57:37,154][root][INFO] - self.cfg.use_normal:False
[2024-12-22 16:57:37,154][root][INFO] - making cropped data
[2024-12-22 16:57:37,159][root][INFO] - Welcome make_crop_data_batch
[2024-12-22 16:57:37,160][root][INFO] - make tf_to_crops done
[2024-12-22 16:57:37,174][root][INFO] - render done
[2024-12-22 16:57:37,296][root][INFO] - pose batch data done
[2024-12-22 16:57:37,296][root][INFO] - pose_data.rgbAs.shape[0]: 252
[2024-12-22 16:57:37,387][root][INFO] - forward done
[2024-12-22 16:57:37,404][root][INFO] - final, add_errs min:-1.0
[2024-12-22 16:57:37,415][root][INFO] - sort ids:tensor([  8,  73, 133,   7, 128,   1, 127, 103, 134,   2, 169,  74, 146,  43,
        199,  98,  44, 145, 224, 104, 217,  97, 164, 202, 226,  11,  77,  50,
        137,   4,  10,  76, 100, 227,   5, 106, 130, 131, 172, 101, 149,  71,
        107,  34, 245, 168,  35, 136, 190, 187, 240, 112,  31,  32, 234, 242,
        189, 113, 165, 183, 215,  26,  66, 139, 140, 182, 200, 235,  51, 228,
         25,  40, 159, 210, 216,  41,  54,  92,  57, 160, 153,  85, 124, 173,
        170, 243,  55, 229, 119, 186,  60,  59, 110, 167, 143, 180, 209, 220,
         29,  69, 203, 219,  16,  46,  47,  63, 109, 142, 238, 201, 162, 185,
        237,  28, 154,  23, 156, 176, 213,  82,  91, 178, 179,  48, 118, 125,
         17,  20,  95,  22,  58,  86,  89, 157,  94,  13,  83,  88,  79,  61,
         62, 212,  38, 232,  64, 205,  14,  37,  80, 152, 121, 116, 115, 122,
         19, 206, 223, 148, 151,  67, 177, 204, 225,  52,  49, 174, 233,  70,
        250, 155, 230, 195, 249, 144, 147,  68,  53, 175,  56, 193, 194,  65,
        246, 208, 222, 251, 207, 196, 248, 247, 197, 150, 192, 198, 231, 171,
        138, 105,   0, 102,   9,  87, 126, 129, 181, 214,  39,  42,  72,  75,
         84, 111, 120, 123, 166,   3,  24,  33, 132, 163, 241,  30,  45,  90,
         96,  99, 135, 141, 158, 161, 188, 239, 244,   6,  12,  18,  21, 108,
        117, 221,  15,  27,  78,  93, 114, 184, 211, 236,  36,  81, 191, 218])
[2024-12-22 16:57:37,418][root][INFO] - sorted scores:tensor([87.8672, 87.8594, 87.8594, 87.8438, 87.8438, 87.8359, 87.8359, 87.8281,
        87.8203, 87.8125, 87.8125, 87.8047, 87.8047, 87.7891, 87.7891, 87.7734,
        87.7656, 87.7578, 87.7578, 87.7422, 87.6875, 87.6719, 87.6641, 87.6562,
        87.6562, 87.6484, 87.6484, 87.6328, 87.6328, 87.6250, 87.6250, 87.6250,
        87.6250, 87.6250, 87.6172, 87.6172, 87.6172, 87.6172, 87.6172, 87.6094,
        87.6094, 87.6016, 87.6016, 87.5781, 87.5781, 87.5703, 87.5625, 87.5625,
        87.5625, 87.5391, 87.4844, 87.4766, 87.4688, 87.4609, 87.4531, 87.4531,
        87.4453, 87.4375, 87.4297, 87.4219, 87.4219, 87.4062, 87.4062, 87.4062,
        87.4062, 87.4062, 87.4062, 87.4062, 87.3906, 87.3906, 87.3828, 87.3828,
        87.3828, 87.3828, 87.3828, 87.3750, 87.3672, 87.3672, 87.3594, 87.3594,
        87.3516, 87.3438, 87.3359, 87.3359, 87.3125, 87.3125, 87.2969, 87.2969,
        87.2891, 87.2891, 87.2734, 87.2578, 87.2578, 87.2578, 87.2500, 87.2500,
        87.2422, 87.2422, 87.2344, 87.2344, 87.2344, 87.2344, 87.2266, 87.2266,
        87.2266, 87.2266, 87.2266, 87.2266, 87.2266, 87.2188, 87.2109, 87.2109,
        87.2109, 87.2031, 87.2031, 87.1953, 87.1953, 87.1953, 87.1953, 87.1875,
        87.1875, 87.1875, 87.1797, 87.1719, 87.1719, 87.1719, 87.1641, 87.1641,
        87.1641, 87.1562, 87.1562, 87.1562, 87.1562, 87.1562, 87.1484, 87.1406,
        87.1328, 87.1328, 87.1094, 87.1016, 87.1016, 87.1016, 87.0938, 87.0938,
        87.0859, 87.0703, 87.0625, 87.0625, 87.0547, 87.0469, 87.0234, 87.0156,
        87.0078, 87.0000, 86.9844, 86.9766, 86.9609, 86.9375, 86.9219, 86.9141,
        86.9141, 86.8984, 86.8281, 86.7812, 86.7031, 86.7031, 86.7031, 86.6484,
        86.6484, 86.6406, 86.6406, 86.6016, 86.5938, 86.5859, 86.5859, 86.5781,
        86.5391, 86.5234, 86.5156, 86.5156, 86.4844, 86.4766, 86.4531, 86.4453,
        86.4453, 86.4453, 86.3984, 86.3594, 86.2109, 86.1641, 85.9453, 85.9141,
        85.7656, 85.6172, 85.5391, 85.4141, 85.3125, 85.3047, 85.2969, 85.2969,
        85.2891, 85.2891, 85.2891, 85.2891, 85.2891, 85.2891, 85.2812, 85.2812,
        85.2812, 85.2812, 85.2812, 85.2812, 85.2812, 85.2812, 85.2812, 85.2734,
        85.2734, 85.2734, 85.2734, 85.2734, 85.2734, 85.2656, 85.2656, 85.2656,
        85.2656, 85.2656, 85.2656, 85.2656, 85.2656, 85.2656, 85.2656, 85.2656,
        85.2656, 85.2578, 85.2578, 85.2578, 85.2578, 85.2578, 85.2578, 85.2578,
        85.2500, 85.2500, 85.2500, 85.2500, 85.2500, 85.2500, 85.2500, 85.2500,
        85.2422, 85.2422, 85.2422, 85.2422])
[2024-12-22 16:58:14,346][root][INFO] - self.cfg: 
 lr: 0.0001
c_in: 6
zfar: 'Infinity'
debug: null
n_view: 1
run_id: 3wy8qqex
use_BN: true
exp_name: 2024-01-11-20-02-45
n_epochs: 62
save_dir: /home/bowenw/debug/2024-01-11-20-02-45/
use_mask: false
loss_type: pairwise_valid
optimizer: adam
batch_size: 64
crop_ratio: 1.1
enable_amp: true
use_normal: false
max_num_key: null
warmup_step: -1
input_resize:
- 160
- 160
max_step_val: 1000
vis_interval: 1000
weight_decay: 0
normalize_xyz: true
resume_run_id: null
clip_grad_norm: 'Infinity'
lr_epoch_decay: 500
render_backend: nvdiffrast
train_num_pair: 5
lr_decay_epochs:
- 50
n_epochs_warmup: 1
make_pair_online: false
gradient_max_norm: 'Infinity'
max_step_per_epoch: 10000
n_rendering_workers: 1
save_epoch_interval: 100
n_dataloader_workers: 100
split_objects_across_gpus: true
ckpt_dir: /data/zjx/rw/third_party/FoundationPose/learning/training/../../weights/2024-01-11-20-02-45/model_best.pth

[2024-12-22 16:58:14,346][root][INFO] - self.h5_file:None
[2024-12-22 16:58:14,359][root][INFO] - Using pretrained model from /data/zjx/rw/third_party/FoundationPose/learning/training/../../weights/2024-01-11-20-02-45/model_best.pth
[2024-12-22 16:58:14,396][root][INFO] - init done
[2024-12-22 16:58:14,396][root][INFO] - welcome
[2024-12-22 16:58:14,400][root][INFO] - self.cfg: 
 lr: 0.0001
c_in: 6
zfar: .inf
debug: null
w_rot: 0.1
n_view: 1
run_id: null
use_BN: true
rot_rep: axis_angle
ckpt_dir: /data/zjx/rw/third_party/FoundationPose/learning/training/../../weights/2023-10-28-18-33-37/model_best.pth
exp_name: 2023-10-28-18-33-37
save_dir: /tmp/2023-10-28-18-33-37/
loss_type: l2
optimizer: adam
trans_rep: tracknet
batch_size: 64
crop_ratio: 1.2
use_normal: false
BN_momentum: 0.1
max_num_key: null
warmup_step: -1
input_resize:
- 160
- 160
max_step_val: 1000
normal_uint8: false
vis_interval: 1000
weight_decay: 0
n_max_objects: null
normalize_xyz: true
clip_grad_norm: 'Infinity'
rot_normalizer: 0.3490658503988659
trans_normalizer:
- 0.019999999552965164
- 0.019999999552965164
- 0.05000000074505806
max_step_per_epoch: 25000
val_epoch_interval: 10
n_dataloader_workers: 60
enable_amp: true
use_mask: false

[2024-12-22 16:58:14,400][root][INFO] - self.h5_file:
[2024-12-22 16:58:14,403][root][INFO] - Using pretrained model from /data/zjx/rw/third_party/FoundationPose/learning/training/../../weights/2023-10-28-18-33-37/model_best.pth
[2024-12-22 16:58:14,418][root][INFO] - init done
[2024-12-22 16:58:16,068][root][INFO] - self.diameter:0.4345238886410475, vox_size:0.021726194432052377
[2024-12-22 16:58:16,069][root][INFO] - self.pts:torch.Size([432, 3])
[2024-12-22 16:58:17,253][root][INFO] - reset done
[2024-12-22 16:58:17,254][root][INFO] - cam_in_obs:(42, 4, 4)
[2024-12-22 16:58:17,255][root][INFO] - rot_grid:(252, 4, 4)
[2024-12-22 16:58:17,256][root][INFO] - after cluster, rot_grid:(252, 4, 4)
[2024-12-22 16:58:17,256][root][INFO] - self.rot_grid: torch.Size([252, 4, 4])
[2024-12-22 16:58:26,967][root][INFO] - Welcome
[2024-12-22 16:58:26,973][root][INFO] - poses:(252, 4, 4)
[2024-12-22 16:58:26,975][root][INFO] - after viewpoint, add_errs min:-1.0
[2024-12-22 16:58:26,997][root][INFO] - ob_in_cams:(252, 4, 4)
[2024-12-22 16:58:26,998][root][INFO] - self.cfg.use_normal:False
[2024-12-22 16:58:26,998][root][INFO] - trans_normalizer:[0.019999999552965164, 0.019999999552965164, 0.05000000074505806], rot_normalizer:0.3490658503988659
[2024-12-22 16:58:27,001][root][INFO] - making cropped data
[2024-12-22 16:58:27,002][root][INFO] - Welcome make_crop_data_batch
[2024-12-22 16:58:27,002][root][INFO] - make tf_to_crops done
[2024-12-22 16:58:27,026][root][INFO] - render done
[2024-12-22 16:58:27,030][root][INFO] - warp done
[2024-12-22 16:58:27,033][root][INFO] - pose batch data done
[2024-12-22 16:58:27,033][root][INFO] - forward start
[2024-12-22 16:58:27,035][root][INFO] - forward done
[2024-12-22 16:58:27,035][root][INFO] - making cropped data
[2024-12-22 16:58:27,035][root][INFO] - Welcome make_crop_data_batch
[2024-12-22 16:58:27,140][root][INFO] - make tf_to_crops done
[2024-12-22 16:58:27,162][root][INFO] - render done
[2024-12-22 16:58:27,166][root][INFO] - warp done
[2024-12-22 16:58:27,168][root][INFO] - pose batch data done
[2024-12-22 16:58:27,168][root][INFO] - forward start
[2024-12-22 16:58:27,170][root][INFO] - forward done
[2024-12-22 16:58:27,170][root][INFO] - making cropped data
[2024-12-22 16:58:27,170][root][INFO] - Welcome make_crop_data_batch
[2024-12-22 16:58:27,272][root][INFO] - make tf_to_crops done
[2024-12-22 16:58:27,294][root][INFO] - render done
[2024-12-22 16:58:27,297][root][INFO] - warp done
[2024-12-22 16:58:27,300][root][INFO] - pose batch data done
[2024-12-22 16:58:27,300][root][INFO] - forward start
[2024-12-22 16:58:27,301][root][INFO] - forward done
[2024-12-22 16:58:27,301][root][INFO] - making cropped data
[2024-12-22 16:58:27,301][root][INFO] - Welcome make_crop_data_batch
[2024-12-22 16:58:27,404][root][INFO] - make tf_to_crops done
[2024-12-22 16:58:27,427][root][INFO] - render done
[2024-12-22 16:58:27,430][root][INFO] - warp done
[2024-12-22 16:58:27,432][root][INFO] - pose batch data done
[2024-12-22 16:58:27,432][root][INFO] - forward start
[2024-12-22 16:58:27,434][root][INFO] - forward done
[2024-12-22 16:58:27,434][root][INFO] - making cropped data
[2024-12-22 16:58:27,434][root][INFO] - Welcome make_crop_data_batch
[2024-12-22 16:58:27,535][root][INFO] - make tf_to_crops done
[2024-12-22 16:58:27,558][root][INFO] - render done
[2024-12-22 16:58:27,561][root][INFO] - warp done
[2024-12-22 16:58:27,564][root][INFO] - pose batch data done
[2024-12-22 16:58:27,564][root][INFO] - forward start
[2024-12-22 16:58:27,566][root][INFO] - forward done
[2024-12-22 16:58:27,729][root][INFO] - ob_in_cams:(252, 4, 4)
[2024-12-22 16:58:27,729][root][INFO] - self.cfg.use_normal:False
[2024-12-22 16:58:27,729][root][INFO] - making cropped data
[2024-12-22 16:58:27,735][root][INFO] - Welcome make_crop_data_batch
[2024-12-22 16:58:27,736][root][INFO] - make tf_to_crops done
[2024-12-22 16:58:27,757][root][INFO] - render done
[2024-12-22 16:58:27,883][root][INFO] - pose batch data done
[2024-12-22 16:58:27,883][root][INFO] - pose_data.rgbAs.shape[0]: 252
[2024-12-22 16:58:27,885][root][INFO] - forward done
[2024-12-22 16:58:27,987][root][INFO] - final, add_errs min:-1.0
[2024-12-22 16:58:27,989][root][INFO] - sort ids:tensor([  7,   8,  73,  74, 104, 145, 146, 134, 169, 127, 164, 187, 103,  55,
         16,  17,   2,  14,  19,  22,  25,  79,  80,  82,  83,  85,  91,  92,
         95, 116, 119, 124,   0,  12,  18,  20,  72,  78,  84,  86,  90, 117,
        125, 126, 132, 160,   3,  15,  21,  40,  81,  93,  99, 118, 123, 176,
        232,   9,  11,  13,  23,  33,  67,  75,  96,  98, 105, 120, 122, 162,
        128, 135, 155, 230, 247,  29,  49,  56,  87,  94, 102, 114, 133, 170,
        194, 196, 200, 224, 243,   6,  50,  51,  59,  62, 111, 159, 173, 180,
        181, 191, 203, 205, 206, 218, 241, 244,  42,  44,  61,  89, 101, 110,
        131, 137, 138, 140, 165, 172, 184, 188, 207, 211, 226, 231, 248,   4,
          5,  24,  30,  36,  39,  45,  52,  68,  76,  88, 113, 129, 130, 141,
        150, 153, 168, 178, 185, 202, 212, 219, 221, 235,   1,  34,  37,  77,
        100, 115, 158, 182, 195, 209, 214, 220, 245,  26,  28,  32,  35,  38,
         69,  97, 107, 142, 156, 189, 190, 217, 227, 239,  27,  41,  58,  70,
        106, 112, 121, 144, 152, 157, 161, 163, 166, 183, 193, 222, 225, 236,
         31,  53, 143, 204, 210, 228, 229, 234, 238, 240, 246,  57,  64,  66,
         71, 108, 147, 151, 175, 199, 208, 249,  43,  47, 109, 154, 174, 177,
        186, 198, 201, 213, 215, 216, 242, 251,  10,  60,  65, 139, 171, 192,
        197, 223, 167,  46,  48, 179, 237, 250,  54, 136, 149, 233,  63, 148])
[2024-12-22 16:58:27,991][root][INFO] - sorted scores:tensor([29.3750, 29.3750, 29.3750, 29.3750, 29.3750, 29.3750, 29.3750, 29.3125,
        29.3125, 29.2500, 29.2500, 29.1875, 28.8125, 28.5000, 28.1875, 28.1875,
        28.1250, 28.1250, 28.1250, 28.1250, 28.1250, 28.1250, 28.1250, 28.1250,
        28.1250, 28.1250, 28.1250, 28.1250, 28.1250, 28.1250, 28.1250, 28.1250,
        28.0625, 28.0625, 28.0625, 28.0625, 28.0625, 28.0625, 28.0625, 28.0625,
        28.0625, 28.0625, 28.0625, 28.0625, 28.0625, 28.0625, 28.0000, 28.0000,
        28.0000, 28.0000, 28.0000, 28.0000, 28.0000, 28.0000, 28.0000, 28.0000,
        28.0000, 27.9375, 27.9375, 27.9375, 27.9375, 27.9375, 27.9375, 27.9375,
        27.9375, 27.9375, 27.9375, 27.9375, 27.9375, 27.9375, 27.8750, 27.8750,
        27.8750, 27.8750, 27.8750, 27.8125, 27.8125, 27.8125, 27.8125, 27.8125,
        27.8125, 27.8125, 27.8125, 27.8125, 27.8125, 27.8125, 27.8125, 27.8125,
        27.8125, 27.7500, 27.7500, 27.7500, 27.7500, 27.7500, 27.7500, 27.7500,
        27.7500, 27.7500, 27.7500, 27.7500, 27.7500, 27.7500, 27.7500, 27.7500,
        27.7500, 27.7500, 27.6875, 27.6875, 27.6875, 27.6875, 27.6875, 27.6875,
        27.6875, 27.6875, 27.6875, 27.6875, 27.6875, 27.6875, 27.6875, 27.6875,
        27.6875, 27.6875, 27.6875, 27.6875, 27.6875, 27.6250, 27.6250, 27.6250,
        27.6250, 27.6250, 27.6250, 27.6250, 27.6250, 27.6250, 27.6250, 27.6250,
        27.6250, 27.6250, 27.6250, 27.6250, 27.6250, 27.6250, 27.6250, 27.6250,
        27.6250, 27.6250, 27.6250, 27.6250, 27.6250, 27.6250, 27.5625, 27.5625,
        27.5625, 27.5625, 27.5625, 27.5625, 27.5625, 27.5625, 27.5625, 27.5625,
        27.5625, 27.5625, 27.5625, 27.5000, 27.5000, 27.5000, 27.5000, 27.5000,
        27.5000, 27.5000, 27.5000, 27.5000, 27.5000, 27.5000, 27.5000, 27.5000,
        27.5000, 27.5000, 27.4375, 27.4375, 27.4375, 27.4375, 27.4375, 27.4375,
        27.4375, 27.4375, 27.4375, 27.4375, 27.4375, 27.4375, 27.4375, 27.4375,
        27.4375, 27.4375, 27.4375, 27.4375, 27.3750, 27.3750, 27.3750, 27.3750,
        27.3750, 27.3750, 27.3750, 27.3750, 27.3750, 27.3750, 27.3750, 27.3125,
        27.3125, 27.3125, 27.3125, 27.3125, 27.3125, 27.3125, 27.3125, 27.3125,
        27.3125, 27.3125, 27.2500, 27.2500, 27.2500, 27.2500, 27.2500, 27.2500,
        27.2500, 27.2500, 27.2500, 27.2500, 27.2500, 27.2500, 27.2500, 27.2500,
        27.1875, 27.1875, 27.1875, 27.1875, 27.1875, 27.1875, 27.1875, 27.1875,
        27.1250, 27.0625, 27.0625, 27.0625, 27.0625, 27.0625, 27.0000, 27.0000,
        27.0000, 27.0000, 26.9375, 26.8750])
[2024-12-22 16:58:34,506][root][INFO] - self.cfg: 
 lr: 0.0001
c_in: 6
zfar: 'Infinity'
debug: null
n_view: 1
run_id: 3wy8qqex
use_BN: true
exp_name: 2024-01-11-20-02-45
n_epochs: 62
save_dir: /home/bowenw/debug/2024-01-11-20-02-45/
use_mask: false
loss_type: pairwise_valid
optimizer: adam
batch_size: 64
crop_ratio: 1.1
enable_amp: true
use_normal: false
max_num_key: null
warmup_step: -1
input_resize:
- 160
- 160
max_step_val: 1000
vis_interval: 1000
weight_decay: 0
normalize_xyz: true
resume_run_id: null
clip_grad_norm: 'Infinity'
lr_epoch_decay: 500
render_backend: nvdiffrast
train_num_pair: 5
lr_decay_epochs:
- 50
n_epochs_warmup: 1
make_pair_online: false
gradient_max_norm: 'Infinity'
max_step_per_epoch: 10000
n_rendering_workers: 1
save_epoch_interval: 100
n_dataloader_workers: 100
split_objects_across_gpus: true
ckpt_dir: /data/zjx/rw/third_party/FoundationPose/learning/training/../../weights/2024-01-11-20-02-45/model_best.pth

[2024-12-22 16:58:34,506][root][INFO] - self.h5_file:None
[2024-12-22 16:58:34,508][root][INFO] - Using pretrained model from /data/zjx/rw/third_party/FoundationPose/learning/training/../../weights/2024-01-11-20-02-45/model_best.pth
[2024-12-22 16:58:34,567][root][INFO] - init done
[2024-12-22 16:58:34,567][root][INFO] - welcome
[2024-12-22 16:58:34,571][root][INFO] - self.cfg: 
 lr: 0.0001
c_in: 6
zfar: .inf
debug: null
w_rot: 0.1
n_view: 1
run_id: null
use_BN: true
rot_rep: axis_angle
ckpt_dir: /data/zjx/rw/third_party/FoundationPose/learning/training/../../weights/2023-10-28-18-33-37/model_best.pth
exp_name: 2023-10-28-18-33-37
save_dir: /tmp/2023-10-28-18-33-37/
loss_type: l2
optimizer: adam
trans_rep: tracknet
batch_size: 64
crop_ratio: 1.2
use_normal: false
BN_momentum: 0.1
max_num_key: null
warmup_step: -1
input_resize:
- 160
- 160
max_step_val: 1000
normal_uint8: false
vis_interval: 1000
weight_decay: 0
n_max_objects: null
normalize_xyz: true
clip_grad_norm: 'Infinity'
rot_normalizer: 0.3490658503988659
trans_normalizer:
- 0.019999999552965164
- 0.019999999552965164
- 0.05000000074505806
max_step_per_epoch: 25000
val_epoch_interval: 10
n_dataloader_workers: 60
enable_amp: true
use_mask: false

[2024-12-22 16:58:34,571][root][INFO] - self.h5_file:
[2024-12-22 16:58:34,574][root][INFO] - Using pretrained model from /data/zjx/rw/third_party/FoundationPose/learning/training/../../weights/2023-10-28-18-33-37/model_best.pth
[2024-12-22 16:58:34,599][root][INFO] - init done
[2024-12-22 16:58:35,729][root][INFO] - self.diameter:0.2729166168820516, vox_size:0.01364583084410258
[2024-12-22 16:58:35,730][root][INFO] - self.pts:torch.Size([179, 3])
[2024-12-22 16:58:36,713][root][INFO] - reset done
[2024-12-22 16:58:36,713][root][INFO] - cam_in_obs:(42, 4, 4)
[2024-12-22 16:58:36,714][root][INFO] - rot_grid:(252, 4, 4)
[2024-12-22 16:58:36,715][root][INFO] - after cluster, rot_grid:(252, 4, 4)
[2024-12-22 16:58:36,715][root][INFO] - self.rot_grid: torch.Size([252, 4, 4])
[2024-12-22 16:58:54,752][root][INFO] - Welcome
[2024-12-22 16:58:54,759][root][INFO] - poses:(252, 4, 4)
[2024-12-22 16:58:54,761][root][INFO] - after viewpoint, add_errs min:-1.0
[2024-12-22 16:58:54,785][root][INFO] - ob_in_cams:(252, 4, 4)
[2024-12-22 16:58:54,785][root][INFO] - self.cfg.use_normal:False
[2024-12-22 16:58:54,785][root][INFO] - trans_normalizer:[0.019999999552965164, 0.019999999552965164, 0.05000000074505806], rot_normalizer:0.3490658503988659
[2024-12-22 16:58:54,788][root][INFO] - making cropped data
[2024-12-22 16:58:54,788][root][INFO] - Welcome make_crop_data_batch
[2024-12-22 16:58:54,788][root][INFO] - make tf_to_crops done
[2024-12-22 16:58:54,804][root][INFO] - render done
[2024-12-22 16:58:54,808][root][INFO] - warp done
[2024-12-22 16:58:54,811][root][INFO] - pose batch data done
[2024-12-22 16:58:54,811][root][INFO] - forward start
[2024-12-22 16:58:54,813][root][INFO] - forward done
[2024-12-22 16:58:54,813][root][INFO] - making cropped data
[2024-12-22 16:58:54,813][root][INFO] - Welcome make_crop_data_batch
[2024-12-22 16:58:54,918][root][INFO] - make tf_to_crops done
[2024-12-22 16:58:54,934][root][INFO] - render done
[2024-12-22 16:58:54,938][root][INFO] - warp done
[2024-12-22 16:58:54,941][root][INFO] - pose batch data done
[2024-12-22 16:58:54,941][root][INFO] - forward start
[2024-12-22 16:58:54,943][root][INFO] - forward done
[2024-12-22 16:58:54,943][root][INFO] - making cropped data
[2024-12-22 16:58:54,943][root][INFO] - Welcome make_crop_data_batch
[2024-12-22 16:58:55,044][root][INFO] - make tf_to_crops done
[2024-12-22 16:58:55,060][root][INFO] - render done
[2024-12-22 16:58:55,063][root][INFO] - warp done
[2024-12-22 16:58:55,066][root][INFO] - pose batch data done
[2024-12-22 16:58:55,066][root][INFO] - forward start
[2024-12-22 16:58:55,067][root][INFO] - forward done
[2024-12-22 16:58:55,068][root][INFO] - making cropped data
[2024-12-22 16:58:55,068][root][INFO] - Welcome make_crop_data_batch
[2024-12-22 16:58:55,168][root][INFO] - make tf_to_crops done
[2024-12-22 16:58:55,183][root][INFO] - render done
[2024-12-22 16:58:55,188][root][INFO] - warp done
[2024-12-22 16:58:55,190][root][INFO] - pose batch data done
[2024-12-22 16:58:55,190][root][INFO] - forward start
[2024-12-22 16:58:55,192][root][INFO] - forward done
[2024-12-22 16:58:55,192][root][INFO] - making cropped data
[2024-12-22 16:58:55,192][root][INFO] - Welcome make_crop_data_batch
[2024-12-22 16:58:55,292][root][INFO] - make tf_to_crops done
[2024-12-22 16:58:55,307][root][INFO] - render done
[2024-12-22 16:58:55,310][root][INFO] - warp done
[2024-12-22 16:58:55,313][root][INFO] - pose batch data done
[2024-12-22 16:58:55,313][root][INFO] - forward start
[2024-12-22 16:58:55,315][root][INFO] - forward done
[2024-12-22 16:58:55,461][root][INFO] - ob_in_cams:(252, 4, 4)
[2024-12-22 16:58:55,462][root][INFO] - self.cfg.use_normal:False
[2024-12-22 16:58:55,462][root][INFO] - making cropped data
[2024-12-22 16:58:55,476][root][INFO] - Welcome make_crop_data_batch
[2024-12-22 16:58:55,476][root][INFO] - make tf_to_crops done
[2024-12-22 16:58:55,490][root][INFO] - render done
[2024-12-22 16:58:55,616][root][INFO] - pose batch data done
[2024-12-22 16:58:55,616][root][INFO] - pose_data.rgbAs.shape[0]: 252
[2024-12-22 16:58:55,618][root][INFO] - forward done
[2024-12-22 16:58:55,721][root][INFO] - final, add_errs min:-1.0
[2024-12-22 16:58:55,722][root][INFO] - sort ids:tensor([171, 190, 183, 113,  58,  57,  26, 172, 177, 217,  35, 150, 195, 137,
        200,  44, 106, 182, 128, 140, 148, 167, 199,  61, 144, 196, 210,  10,
        248, 127, 156,   1,  92,  53,  68, 176, 192, 223, 194,   2,  56, 149,
        247,  48, 224,  74,  11,  20, 209,  16,  17,  47, 119, 122, 208, 251,
         80,  89, 107, 197, 189, 204, 233, 173, 175, 250,  65,  83, 162,  98,
        143, 158,  77,  19, 152, 242, 121, 151, 215,  41, 157,  32, 193, 216,
         29,  60, 231,  49, 249, 198, 225, 232, 237,  38,  88, 246,  70,  69,
        243, 110, 238, 239, 191, 218,   6,  52,  67,  21,  54,  99, 153, 202,
         51,  93,  12, 134, 114, 132, 179, 206, 228,   3,  50, 163, 205, 226,
        227,  59, 145, 169,  71, 244,  66, 124, 178,  63, 236, 201,  62, 154,
        168,  86, 117,  14, 211,  90, 160, 235, 135, 116,  37,  23, 229, 180,
        187,  75, 129, 213,  36, 118, 125,   5, 101, 161, 188, 230, 131, 221,
         96,  72,  78,   8,  84, 220, 174,  33, 104, 155,   0,  15,  95, 240,
         97, 102, 203, 165,  39, 126,  31, 138,   7, 147,  18,  55, 170, 214,
          9, 184,  42, 123,  64, 105, 207, 146,  24,  46, 120, 166, 181, 222,
         87, 241,  91,  85, 111,  43, 164,  28,  45, 212,  30, 109, 130, 141,
         73, 108,  81, 245,  27,  76, 136, 142,  34,  40, 185,  82, 103, 139,
         79,  13, 133, 219, 112,   4, 186,  25,  94, 159, 234, 115,  22, 100])
[2024-12-22 16:58:55,725][root][INFO] - sorted scores:tensor([90.0938, 89.9766, 89.9688, 89.9609, 89.9219, 89.9141, 89.9062, 89.8906,
        89.8906, 89.8906, 89.8594, 89.8594, 89.8594, 89.8359, 89.8359, 89.8281,
        89.8281, 89.8203, 89.8125, 89.8047, 89.8047, 89.8047, 89.8047, 89.7969,
        89.7969, 89.7969, 89.7891, 89.7734, 89.7656, 89.7578, 89.7422, 89.7266,
        89.7266, 89.7188, 89.7188, 89.7188, 89.7188, 89.7188, 89.7109, 89.7031,
        89.6953, 89.6953, 89.6953, 89.6797, 89.6797, 89.6719, 89.6641, 89.6641,
        89.6641, 89.6406, 89.6406, 89.6406, 89.6328, 89.6328, 89.6328, 89.6328,
        89.6250, 89.6250, 89.6250, 89.6172, 89.6094, 89.6094, 89.6094, 89.6016,
        89.6016, 89.6016, 89.5938, 89.5938, 89.5938, 89.5781, 89.5781, 89.5781,
        89.5703, 89.5625, 89.5625, 89.5547, 89.5391, 89.5391, 89.5391, 89.5312,
        89.5312, 89.5234, 89.5234, 89.5156, 89.5078, 89.5000, 89.4922, 89.4844,
        89.4844, 89.4766, 89.4766, 89.4766, 89.4766, 89.4609, 89.4609, 89.4375,
        89.4219, 89.4141, 89.3984, 89.3828, 89.3750, 89.2188, 88.9375, 88.8906,
        88.8750, 88.7344, 88.7188, 88.6562, 88.6562, 88.6484, 88.6016, 88.5938,
        88.5859, 88.5859, 88.5625, 88.5547, 88.5391, 88.5312, 88.5312, 88.5234,
        88.5156, 88.4844, 88.4688, 88.4688, 88.4609, 88.4531, 88.4531, 88.4453,
        88.4453, 88.4375, 88.4297, 88.4297, 88.4219, 88.4141, 88.4141, 88.3672,
        88.3672, 88.3203, 88.2812, 88.2031, 88.2031, 88.1953, 88.1797, 88.1406,
        88.1172, 88.1094, 88.1016, 88.1016, 88.0938, 88.0781, 88.0703, 88.0547,
        88.0469, 88.0391, 88.0156, 88.0078, 88.0000, 88.0000, 87.9922, 87.9922,
        87.9922, 87.9844, 87.9844, 87.9844, 87.9844, 87.9844, 87.9766, 87.9766,
        87.9688, 87.9609, 87.9609, 87.9453, 87.9453, 87.9453, 87.9219, 87.9141,
        87.9141, 87.9062, 87.8984, 87.8984, 87.8984, 87.8984, 87.8906, 87.8906,
        87.8906, 87.8750, 87.8672, 87.8672, 87.8594, 87.8594, 87.8438, 87.8438,
        87.8281, 87.8281, 87.8281, 87.8281, 87.8203, 87.8203, 87.7969, 87.7969,
        87.7891, 87.7891, 87.7891, 87.7734, 87.7656, 87.7656, 87.7656, 87.7578,
        87.7578, 87.7578, 87.7500, 87.7500, 87.7344, 87.7266, 87.7188, 87.6953,
        87.6719, 87.6250, 87.6250, 87.6172, 87.6094, 87.6094, 87.5781, 87.5781,
        87.5703, 87.5703, 87.5625, 87.5469, 87.5391, 87.5312, 87.5234, 87.5078,
        87.4922, 87.4844, 87.4844, 87.4531, 87.4531, 87.3594, 87.3359, 87.2891,
        87.2344, 87.2031, 87.1953, 87.1406, 87.1406, 87.1250, 87.1016, 87.0625,
        87.0547, 87.0391, 87.0234, 86.9609])
