[2024-10-11 12:19:18,197][websockets.server][INFO] - server listening on 0.0.0.0:8080
[2024-10-11 12:19:18,377][root][INFO] - self.cfg: 
 lr: 0.0001
c_in: 6
zfar: 'Infinity'
debug: null
n_view: 1
run_id: 3wy8qqex
use_BN: true
exp_name: 2024-01-11-20-02-45
n_epochs: 62
save_dir: /home/bowenw/debug/2024-01-11-20-02-45/
use_mask: false
loss_type: pairwise_valid
optimizer: adam
batch_size: 64
crop_ratio: 1.1
enable_amp: true
use_normal: false
max_num_key: null
warmup_step: -1
input_resize:
- 160
- 160
max_step_val: 1000
vis_interval: 1000
weight_decay: 0
normalize_xyz: true
resume_run_id: null
clip_grad_norm: 'Infinity'
lr_epoch_decay: 500
render_backend: nvdiffrast
train_num_pair: 5
lr_decay_epochs:
- 50
n_epochs_warmup: 1
make_pair_online: false
gradient_max_norm: 'Infinity'
max_step_per_epoch: 10000
n_rendering_workers: 1
save_epoch_interval: 100
n_dataloader_workers: 100
split_objects_across_gpus: true
ckpt_dir: FoundationPose/learning/training/../../weights/2024-01-11-20-02-45/model_best.pth

[2024-10-11 12:19:18,377][root][INFO] - self.h5_file:None
[2024-10-11 12:19:18,531][root][INFO] - Using pretrained model from FoundationPose/learning/training/../../weights/2024-01-11-20-02-45/model_best.pth
[2024-10-11 12:19:18,591][root][INFO] - init done
[2024-10-11 12:19:18,591][root][INFO] - welcome
[2024-10-11 12:19:18,594][root][INFO] - self.cfg: 
 lr: 0.0001
c_in: 6
zfar: .inf
debug: null
w_rot: 0.1
n_view: 1
run_id: null
use_BN: true
rot_rep: axis_angle
ckpt_dir: FoundationPose/learning/training/../../weights/2023-10-28-18-33-37/model_best.pth
exp_name: 2023-10-28-18-33-37
save_dir: /tmp/2023-10-28-18-33-37/
loss_type: l2
optimizer: adam
trans_rep: tracknet
batch_size: 64
crop_ratio: 1.2
use_normal: false
BN_momentum: 0.1
max_num_key: null
warmup_step: -1
input_resize:
- 160
- 160
max_step_val: 1000
normal_uint8: false
vis_interval: 1000
weight_decay: 0
n_max_objects: null
normalize_xyz: true
clip_grad_norm: 'Infinity'
rot_normalizer: 0.3490658503988659
trans_normalizer:
- 0.019999999552965164
- 0.019999999552965164
- 0.05000000074505806
max_step_per_epoch: 25000
val_epoch_interval: 10
n_dataloader_workers: 60
enable_amp: true
use_mask: false

[2024-10-11 12:19:18,595][root][INFO] - self.h5_file:
[2024-10-11 12:19:18,641][root][INFO] - Using pretrained model from FoundationPose/learning/training/../../weights/2023-10-28-18-33-37/model_best.pth
[2024-10-11 12:19:18,657][root][INFO] - init done
[2024-10-11 12:19:20,506][websockets.server][INFO] - connection open
[2024-10-11 12:19:20,854][root][INFO] - self.diameter:0.2324774443430137, vox_size:0.011623872217150685
[2024-10-11 12:19:20,868][root][INFO] - self.pts:torch.Size([385, 3])
[2024-10-11 12:19:21,697][root][INFO] - reset done
[2024-10-11 12:19:21,698][root][INFO] - cam_in_obs:(42, 4, 4)
[2024-10-11 12:19:21,699][root][INFO] - rot_grid:(252, 4, 4)
[2024-10-11 12:19:21,700][root][INFO] - after cluster, rot_grid:(252, 4, 4)
[2024-10-11 12:19:21,701][root][INFO] - self.rot_grid: torch.Size([252, 4, 4])
[2024-10-11 12:19:29,850][root][INFO] - Welcome
[2024-10-11 12:19:29,865][root][INFO] - poses:(252, 4, 4)
[2024-10-11 12:19:29,874][root][INFO] - after viewpoint, add_errs min:-1.0
[2024-10-11 12:19:29,941][root][INFO] - ob_in_cams:(252, 4, 4)
[2024-10-11 12:19:29,941][root][INFO] - self.cfg.use_normal:False
[2024-10-11 12:19:29,941][root][INFO] - trans_normalizer:[0.019999999552965164, 0.019999999552965164, 0.05000000074505806], rot_normalizer:0.3490658503988659
[2024-10-11 12:19:29,951][root][INFO] - making cropped data
[2024-10-11 12:19:29,951][root][INFO] - Welcome make_crop_data_batch
[2024-10-11 12:19:29,955][root][INFO] - make tf_to_crops done
[2024-10-11 12:19:29,982][root][INFO] - render done
[2024-10-11 12:19:29,988][root][INFO] - warp done
[2024-10-11 12:19:29,993][root][INFO] - pose batch data done
[2024-10-11 12:19:29,993][root][INFO] - forward start
[2024-10-11 12:19:30,111][root][INFO] - forward done
[2024-10-11 12:19:30,122][root][INFO] - making cropped data
[2024-10-11 12:19:30,122][root][INFO] - Welcome make_crop_data_batch
[2024-10-11 12:19:30,123][root][INFO] - make tf_to_crops done
[2024-10-11 12:19:30,141][root][INFO] - render done
[2024-10-11 12:19:30,144][root][INFO] - warp done
[2024-10-11 12:19:30,147][root][INFO] - pose batch data done
[2024-10-11 12:19:30,147][root][INFO] - forward start
[2024-10-11 12:19:30,148][root][INFO] - forward done
[2024-10-11 12:19:30,148][root][INFO] - making cropped data
[2024-10-11 12:19:30,148][root][INFO] - Welcome make_crop_data_batch
[2024-10-11 12:19:30,253][root][INFO] - make tf_to_crops done
[2024-10-11 12:19:30,271][root][INFO] - render done
[2024-10-11 12:19:30,274][root][INFO] - warp done
[2024-10-11 12:19:30,277][root][INFO] - pose batch data done
[2024-10-11 12:19:30,277][root][INFO] - forward start
[2024-10-11 12:19:30,279][root][INFO] - forward done
[2024-10-11 12:19:30,279][root][INFO] - making cropped data
[2024-10-11 12:19:30,279][root][INFO] - Welcome make_crop_data_batch
[2024-10-11 12:19:30,380][root][INFO] - make tf_to_crops done
[2024-10-11 12:19:30,397][root][INFO] - render done
[2024-10-11 12:19:30,402][root][INFO] - warp done
[2024-10-11 12:19:30,405][root][INFO] - pose batch data done
[2024-10-11 12:19:30,405][root][INFO] - forward start
[2024-10-11 12:19:30,406][root][INFO] - forward done
[2024-10-11 12:19:30,406][root][INFO] - making cropped data
[2024-10-11 12:19:30,407][root][INFO] - Welcome make_crop_data_batch
[2024-10-11 12:19:30,506][root][INFO] - make tf_to_crops done
[2024-10-11 12:19:30,523][root][INFO] - render done
[2024-10-11 12:19:30,527][root][INFO] - warp done
[2024-10-11 12:19:30,529][root][INFO] - pose batch data done
[2024-10-11 12:19:30,529][root][INFO] - forward start
[2024-10-11 12:19:30,531][root][INFO] - forward done
[2024-10-11 12:19:30,646][root][INFO] - ob_in_cams:(252, 4, 4)
[2024-10-11 12:19:30,647][root][INFO] - self.cfg.use_normal:False
[2024-10-11 12:19:30,647][root][INFO] - making cropped data
[2024-10-11 12:19:30,656][root][INFO] - Welcome make_crop_data_batch
[2024-10-11 12:19:30,657][root][INFO] - make tf_to_crops done
[2024-10-11 12:19:30,674][root][INFO] - render done
[2024-10-11 12:19:30,803][root][INFO] - pose batch data done
[2024-10-11 12:19:30,803][root][INFO] - pose_data.rgbAs.shape[0]: 252
[2024-10-11 12:19:30,901][root][INFO] - forward done
[2024-10-11 12:19:30,918][root][INFO] - final, add_errs min:-1.0
[2024-10-11 12:19:30,928][root][INFO] - sort ids:tensor([100,  10, 106, 202, 226,   4,  76, 101, 130, 136,  77,   5,  34, 137,
        227, 245, 131, 244, 220, 203,  11,  47,  74, 104, 169, 170, 187,   2,
          8,  43, 133, 134,   7,  98, 103, 127, 145,  73, 146, 164,  32, 163,
          1,  97, 107,  50,  71, 128, 223,   0,  99, 188,  75,   6,  96, 221,
         33, 126, 184,   3, 225,  42, 105, 132,  72, 155,  23,  83,  94, 154,
        179,  22,  28,  59, 178,  58, 125, 160, 115, 229,  52,  82, 185,  13,
        196, 205, 216,  62,  85, 247, 144,  86, 197, 212,  41, 122, 138, 116,
         37,  61, 206,  79,  80, 230, 198,  14, 171, 248, 162,  67,  68,  53,
         92, 243, 211, 235,  26, 189, 236, 199,  16, 109,  89,  88, 141, 204,
        108, 124, 156,  21,  87,  27,  95, 118,  36, 161, 237,  78,  93,  17,
         81, 177,  25, 119, 113, 114, 120, 139,  40,  84,  49, 129,  91, 135,
        191, 210, 224,  15,  19,  64, 102, 180,   9, 140, 183,  12, 121, 175,
        228,  38, 150, 200, 251,  20,  24,  90, 231,  18,  39,  44, 207,  56,
        123, 117, 234, 242, 153, 174, 213,  31, 165, 217, 218,  29, 240, 147,
        201, 152, 209, 168, 182, 222, 176, 232,  30, 110, 151, 219, 157, 159,
        208, 241, 158, 250, 233, 238,  35,  65, 193, 239,  70, 112, 142, 143,
         55, 172, 181, 214, 149, 173,  45, 111, 190, 215, 194, 148, 186, 167,
         46, 166, 195, 246,  69, 249,  57,  48,  60,  66, 192,  63,  51,  54])
[2024-10-11 12:19:30,931][root][INFO] - sorted scores:tensor([92.7578, 92.7539, 92.7539, 92.7539, 92.7539, 92.7500, 92.7500, 92.7500,
        92.7500, 92.7500, 92.7461, 92.7422, 92.7422, 92.7422, 92.7422, 92.7422,
        92.7344, 92.7344, 92.7305, 92.7188, 92.7148, 92.6719, 92.5820, 92.5820,
        92.5820, 92.5820, 92.5820, 92.5781, 92.5781, 92.5781, 92.5781, 92.5781,
        92.5742, 92.5742, 92.5742, 92.5742, 92.5742, 92.5703, 92.5703, 92.5703,
        92.5664, 92.5586, 92.5547, 92.5469, 92.3945, 92.3906, 92.3789, 92.3281,
        92.3242, 92.3164, 92.3086, 92.3086, 92.3047, 92.2930, 92.2891, 92.2773,
        92.2695, 92.2578, 92.2578, 92.2539, 92.2539, 92.2461, 92.2461, 92.2422,
        92.2344, 92.2305, 92.2266, 92.2266, 92.2227, 92.2227, 92.2227, 92.2188,
        92.2188, 92.2148, 92.2148, 92.2109, 92.2109, 92.2109, 92.2070, 92.2070,
        92.2031, 92.2031, 92.2031, 92.1992, 92.1992, 92.1992, 92.1992, 92.1953,
        92.1953, 92.1953, 92.1914, 92.1875, 92.1875, 92.1875, 92.1836, 92.1836,
        92.1836, 92.1797, 92.1758, 92.1758, 92.1758, 92.1719, 92.1680, 92.1680,
        92.1641, 92.1602, 92.1602, 92.1562, 92.1367, 92.1328, 92.1328, 92.1289,
        92.1172, 92.0938, 92.0859, 92.0859, 92.0742, 92.0430, 92.0234, 92.0195,
        91.9922, 91.9922, 91.9844, 91.9766, 91.9766, 91.9688, 91.9609, 91.9609,
        91.9609, 91.9531, 91.9531, 91.9453, 91.9453, 91.9453, 91.9375, 91.9297,
        91.9297, 91.9219, 91.9219, 91.9141, 91.9141, 91.9141, 91.8984, 91.8984,
        91.8828, 91.8750, 91.8750, 91.8750, 91.8672, 91.8672, 91.8594, 91.8594,
        91.8516, 91.8516, 91.8516, 91.8516, 91.8359, 91.8281, 91.8203, 91.8203,
        91.8203, 91.8203, 91.8125, 91.8125, 91.8125, 91.8047, 91.8047, 91.8047,
        91.8047, 91.7969, 91.7969, 91.7969, 91.7969, 91.7891, 91.7891, 91.7891,
        91.7812, 91.7656, 91.7656, 91.7656, 91.7656, 91.7578, 91.7578, 91.7500,
        91.7344, 91.7344, 91.7266, 91.7266, 91.7188, 91.7109, 91.6953, 91.6953,
        91.6953, 91.6797, 91.6797, 91.6641, 91.6641, 91.6562, 91.6562, 91.6484,
        91.6484, 91.6484, 91.6328, 91.6328, 91.6250, 91.6250, 91.6250, 91.6172,
        91.6094, 91.6094, 91.6094, 91.6016, 91.5938, 91.5938, 91.5859, 91.5781,
        91.5703, 91.5703, 91.5625, 91.5625, 91.5547, 91.5391, 91.5391, 91.5391,
        91.5156, 91.5156, 91.5156, 91.5156, 91.5078, 91.5078, 91.5000, 91.5000,
        91.5000, 91.4922, 91.4844, 91.4688, 91.4297, 91.4141, 91.3984, 91.3984,
        91.2109, 91.2109, 91.1953, 91.1875, 91.1797, 91.1719, 91.1719, 91.1484,
        91.1484, 91.1406, 91.1172, 91.1094])
