[2024-09-21 15:06:07,627][root][INFO] - self.cfg: 
 lr: 0.0001
c_in: 6
zfar: 'Infinity'
debug: null
n_view: 1
run_id: 3wy8qqex
use_BN: true
exp_name: 2024-01-11-20-02-45
n_epochs: 62
save_dir: /home/bowenw/debug/2024-01-11-20-02-45/
use_mask: false
loss_type: pairwise_valid
optimizer: adam
batch_size: 64
crop_ratio: 1.1
enable_amp: true
use_normal: false
max_num_key: null
warmup_step: -1
input_resize:
- 160
- 160
max_step_val: 1000
vis_interval: 1000
weight_decay: 0
normalize_xyz: true
resume_run_id: null
clip_grad_norm: 'Infinity'
lr_epoch_decay: 500
render_backend: nvdiffrast
train_num_pair: 5
lr_decay_epochs:
- 50
n_epochs_warmup: 1
make_pair_online: false
gradient_max_norm: 'Infinity'
max_step_per_epoch: 10000
n_rendering_workers: 1
save_epoch_interval: 100
n_dataloader_workers: 100
split_objects_across_gpus: true
ckpt_dir: FoundationPose/learning/training/../../weights/2024-01-11-20-02-45/model_best.pth

[2024-09-21 15:06:07,627][root][INFO] - self.h5_file:None
[2024-09-21 15:06:07,814][root][INFO] - Using pretrained model from FoundationPose/learning/training/../../weights/2024-01-11-20-02-45/model_best.pth
[2024-09-21 15:06:07,868][root][INFO] - init done
[2024-09-21 15:06:07,868][root][INFO] - welcome
[2024-09-21 15:06:07,872][root][INFO] - self.cfg: 
 lr: 0.0001
c_in: 6
zfar: .inf
debug: null
w_rot: 0.1
n_view: 1
run_id: null
use_BN: true
rot_rep: axis_angle
ckpt_dir: FoundationPose/learning/training/../../weights/2023-10-28-18-33-37/model_best.pth
exp_name: 2023-10-28-18-33-37
save_dir: /tmp/2023-10-28-18-33-37/
loss_type: l2
optimizer: adam
trans_rep: tracknet
batch_size: 64
crop_ratio: 1.2
use_normal: false
BN_momentum: 0.1
max_num_key: null
warmup_step: -1
input_resize:
- 160
- 160
max_step_val: 1000
normal_uint8: false
vis_interval: 1000
weight_decay: 0
n_max_objects: null
normalize_xyz: true
clip_grad_norm: 'Infinity'
rot_normalizer: 0.3490658503988659
trans_normalizer:
- 0.019999999552965164
- 0.019999999552965164
- 0.05000000074505806
max_step_per_epoch: 25000
val_epoch_interval: 10
n_dataloader_workers: 60
enable_amp: true
use_mask: false

[2024-09-21 15:06:07,872][root][INFO] - self.h5_file:
[2024-09-21 15:06:07,919][root][INFO] - Using pretrained model from FoundationPose/learning/training/../../weights/2023-10-28-18-33-37/model_best.pth
[2024-09-21 15:06:07,942][root][INFO] - init done
[2024-09-21 15:06:10,098][root][INFO] - self.diameter:0.1688705789871166, vox_size:0.00844352894935583
[2024-09-21 15:06:10,113][root][INFO] - self.pts:torch.Size([674, 3])
[2024-09-21 15:06:11,062][root][INFO] - reset done
[2024-09-21 15:06:11,062][root][INFO] - cam_in_obs:(42, 4, 4)
[2024-09-21 15:06:11,078][root][INFO] - rot_grid:(252, 4, 4)
[2024-09-21 15:06:11,079][root][INFO] - after cluster, rot_grid:(252, 4, 4)
[2024-09-21 15:06:11,079][root][INFO] - self.rot_grid: torch.Size([252, 4, 4])
[2024-09-21 15:06:24,200][root][INFO] - Welcome
[2024-09-21 15:06:24,214][root][INFO] - poses:(252, 4, 4)
[2024-09-21 15:06:24,226][root][INFO] - after viewpoint, add_errs min:-1.0
[2024-09-21 15:06:24,261][root][INFO] - ob_in_cams:(252, 4, 4)
[2024-09-21 15:06:24,261][root][INFO] - self.cfg.use_normal:False
[2024-09-21 15:06:24,261][root][INFO] - trans_normalizer:[0.019999999552965164, 0.019999999552965164, 0.05000000074505806], rot_normalizer:0.3490658503988659
[2024-09-21 15:06:24,275][root][INFO] - making cropped data
[2024-09-21 15:06:24,275][root][INFO] - Welcome make_crop_data_batch
[2024-09-21 15:06:24,279][root][INFO] - make tf_to_crops done
[2024-09-21 15:06:24,323][root][INFO] - render done
[2024-09-21 15:06:24,329][root][INFO] - warp done
[2024-09-21 15:06:24,334][root][INFO] - pose batch data done
[2024-09-21 15:06:24,334][root][INFO] - forward start
[2024-09-21 15:06:24,449][root][INFO] - forward done
[2024-09-21 15:06:24,460][root][INFO] - making cropped data
[2024-09-21 15:06:24,461][root][INFO] - Welcome make_crop_data_batch
[2024-09-21 15:06:24,461][root][INFO] - make tf_to_crops done
[2024-09-21 15:06:24,484][root][INFO] - render done
[2024-09-21 15:06:24,488][root][INFO] - warp done
[2024-09-21 15:06:24,490][root][INFO] - pose batch data done
[2024-09-21 15:06:24,491][root][INFO] - forward start
[2024-09-21 15:06:24,492][root][INFO] - forward done
[2024-09-21 15:06:24,492][root][INFO] - making cropped data
[2024-09-21 15:06:24,492][root][INFO] - Welcome make_crop_data_batch
[2024-09-21 15:06:24,588][root][INFO] - make tf_to_crops done
[2024-09-21 15:06:24,610][root][INFO] - render done
[2024-09-21 15:06:24,613][root][INFO] - warp done
[2024-09-21 15:06:24,616][root][INFO] - pose batch data done
[2024-09-21 15:06:24,616][root][INFO] - forward start
[2024-09-21 15:06:24,617][root][INFO] - forward done
[2024-09-21 15:06:24,618][root][INFO] - making cropped data
[2024-09-21 15:06:24,618][root][INFO] - Welcome make_crop_data_batch
[2024-09-21 15:06:24,714][root][INFO] - make tf_to_crops done
[2024-09-21 15:06:24,736][root][INFO] - render done
[2024-09-21 15:06:24,740][root][INFO] - warp done
[2024-09-21 15:06:24,742][root][INFO] - pose batch data done
[2024-09-21 15:06:24,742][root][INFO] - forward start
[2024-09-21 15:06:24,744][root][INFO] - forward done
[2024-09-21 15:06:24,744][root][INFO] - making cropped data
[2024-09-21 15:06:24,744][root][INFO] - Welcome make_crop_data_batch
[2024-09-21 15:06:24,840][root][INFO] - make tf_to_crops done
[2024-09-21 15:06:24,861][root][INFO] - render done
[2024-09-21 15:06:24,865][root][INFO] - warp done
[2024-09-21 15:06:24,868][root][INFO] - pose batch data done
[2024-09-21 15:06:24,868][root][INFO] - forward start
[2024-09-21 15:06:24,869][root][INFO] - forward done
[2024-09-21 15:06:24,980][root][INFO] - ob_in_cams:(252, 4, 4)
[2024-09-21 15:06:24,981][root][INFO] - self.cfg.use_normal:False
[2024-09-21 15:06:24,981][root][INFO] - making cropped data
[2024-09-21 15:06:24,987][root][INFO] - Welcome make_crop_data_batch
[2024-09-21 15:06:24,988][root][INFO] - make tf_to_crops done
[2024-09-21 15:06:25,009][root][INFO] - render done
[2024-09-21 15:06:25,132][root][INFO] - pose batch data done
[2024-09-21 15:06:25,132][root][INFO] - pose_data.rgbAs.shape[0]: 252
[2024-09-21 15:06:25,226][root][INFO] - forward done
[2024-09-21 15:06:25,243][root][INFO] - final, add_errs min:-1.0
[2024-09-21 15:06:25,253][root][INFO] - sort ids:tensor([ 32, 164, 223,   7,   8,  43,  55,  73,  74,  98, 103, 104, 127, 133,
        134, 145, 146, 163, 169, 170,   1,  50,  97, 194, 188,  31, 187, 207,
         14,  15, 116,  56,  38,  66, 227, 212, 213, 234,   5, 182, 111, 245,
        112, 179,  57,  76, 157, 199, 231, 238, 216, 154, 101,  28,  62, 198,
         17,  81, 132, 185, 219, 118, 125,  34,  37, 102, 203, 249,   4,  64,
        155,  39, 122, 123, 196, 214,  10, 208,  77,   6,  35, 107, 126, 151,
        172, 243,  72,  53,  69, 166,  20,  26,  96, 178, 206,  63,  92, 150,
        186,  59, 121, 136,  19, 131, 144, 201,   0, 240, 248,  16,  87,  99,
        139, 222,  54,  94, 114, 142, 156, 160, 215,  36,  82, 167, 176, 241,
          2,  46,  88, 115, 137, 183, 229, 232,  23,  86,  93, 168, 190, 235,
         79, 106, 113,  13,  80,  85, 129, 152, 158, 175, 189,  11,  33, 181,
        193, 209,  49,  95, 105, 109, 161, 173, 191, 200, 202, 225,   3,  75,
         84, 110, 117, 130, 147, 171, 244,  22,  70, 100, 149, 180, 197, 205,
        211, 218,   9,  29,  40,  91, 159, 236, 251,  12,  25,  67,  71,  78,
        138, 224, 226,  30,  42,  68,  89, 135, 148, 195, 230, 242,  21,  27,
         45,  83, 120, 124, 165, 204, 221, 228, 237, 250,  18,  47,  60,  90,
        119, 143, 210, 233, 247,  52,  58,  65, 108, 128, 140, 141, 153, 174,
        192, 217, 220, 246,  24,  48,  61, 162, 177,  41,  51, 184, 239,  44])
[2024-09-21 15:06:25,256][root][INFO] - sorted scores:tensor([75.7031, 75.7031, 75.7031, 75.6875, 75.6875, 75.6875, 75.6875, 75.6875,
        75.6875, 75.6875, 75.6875, 75.6875, 75.6875, 75.6875, 75.6875, 75.6875,
        75.6875, 75.6875, 75.6875, 75.6875, 75.6719, 75.6719, 75.6719, 75.6719,
        75.5781, 75.5000, 75.4531, 75.2188, 75.1406, 75.1406, 75.1406, 75.0625,
        75.0312, 75.0000, 74.9531, 74.9219, 74.9219, 74.8281, 74.7656, 74.7656,
        74.7344, 74.7344, 74.7031, 74.6406, 74.6250, 74.5938, 74.5938, 74.5781,
        74.5781, 74.5781, 74.5625, 74.5469, 74.5312, 74.5156, 74.5156, 74.5156,
        74.5000, 74.5000, 74.4844, 74.4844, 74.4844, 74.4688, 74.4688, 74.4531,
        74.4531, 74.4531, 74.4531, 74.4375, 74.4219, 74.4219, 74.4219, 74.4062,
        74.3906, 74.3906, 74.3906, 74.3906, 74.3750, 74.3750, 74.3594, 74.3438,
        74.3281, 74.3281, 74.3281, 74.3281, 74.3281, 74.3281, 74.3125, 74.2969,
        74.2969, 74.2969, 74.2812, 74.2812, 74.2812, 74.2812, 74.2812, 74.2656,
        74.2656, 74.2656, 74.2656, 74.2500, 74.2500, 74.2500, 74.2344, 74.2344,
        74.2344, 74.2344, 74.2188, 74.2188, 74.2188, 74.2031, 74.2031, 74.2031,
        74.2031, 74.2031, 74.1875, 74.1875, 74.1875, 74.1875, 74.1875, 74.1875,
        74.1875, 74.1719, 74.1719, 74.1719, 74.1719, 74.1719, 74.1562, 74.1562,
        74.1562, 74.1562, 74.1562, 74.1562, 74.1562, 74.1562, 74.1406, 74.1406,
        74.1406, 74.1406, 74.1406, 74.1406, 74.1250, 74.1250, 74.1250, 74.1094,
        74.1094, 74.1094, 74.1094, 74.1094, 74.1094, 74.1094, 74.1094, 74.0938,
        74.0938, 74.0938, 74.0938, 74.0938, 74.0781, 74.0781, 74.0781, 74.0781,
        74.0781, 74.0781, 74.0781, 74.0781, 74.0781, 74.0781, 74.0625, 74.0625,
        74.0625, 74.0625, 74.0625, 74.0625, 74.0625, 74.0625, 74.0625, 74.0469,
        74.0469, 74.0469, 74.0469, 74.0469, 74.0469, 74.0469, 74.0469, 74.0469,
        74.0312, 74.0312, 74.0312, 74.0312, 74.0312, 74.0312, 74.0312, 74.0156,
        74.0156, 74.0156, 74.0156, 74.0156, 74.0156, 74.0156, 74.0156, 74.0000,
        74.0000, 74.0000, 74.0000, 74.0000, 74.0000, 74.0000, 74.0000, 74.0000,
        73.9844, 73.9844, 73.9844, 73.9844, 73.9844, 73.9844, 73.9844, 73.9844,
        73.9844, 73.9844, 73.9844, 73.9844, 73.9688, 73.9688, 73.9688, 73.9688,
        73.9688, 73.9688, 73.9688, 73.9688, 73.9688, 73.9531, 73.9531, 73.9531,
        73.9531, 73.9531, 73.9531, 73.9531, 73.9531, 73.9531, 73.9531, 73.9531,
        73.9531, 73.9531, 73.9375, 73.9375, 73.9375, 73.9375, 73.9375, 73.9219,
        73.9219, 73.9219, 73.9219, 73.9062])
[2024-09-21 15:06:29,122][websockets.server][INFO] - server listening on 0.0.0.0:8080
[2024-09-21 15:06:30,010][websockets.server][INFO] - connection open
[2024-09-21 15:06:45,463][root][INFO] - Succeeded to open port: /dev/ttyUSB0
[2024-09-21 15:06:45,463][root][INFO] - Succeeded to set baudrate to 3000000
[2024-09-21 15:06:55,391][root][ERROR] - > read: [TxRxResult] Incorrect status packet!
[2024-09-21 15:06:55,448][root][ERROR] - > read: [TxRxResult] Incorrect status packet!
[2024-09-21 15:06:55,504][root][ERROR] - > read: [TxRxResult] Incorrect status packet!
[2024-09-21 15:06:55,540][root][ERROR] - > read: [TxRxResult] Incorrect status packet!
[2024-09-21 15:06:55,562][root][ERROR] - > read: [TxRxResult] Incorrect status packet!
[2024-09-21 15:06:55,597][root][ERROR] - > read: [TxRxResult] There is no status packet!
[2024-09-21 15:06:55,640][root][ERROR] - > read: [TxRxResult] There is no status packet!
[2024-09-21 15:06:55,676][root][ERROR] - > read: [TxRxResult] There is no status packet!
[2024-09-21 15:06:55,717][root][ERROR] - > read: [TxRxResult] There is no status packet!
[2024-09-21 15:06:55,752][root][ERROR] - > read: [TxRxResult] There is no status packet!
[2024-09-21 15:06:55,792][root][ERROR] - > read: [TxRxResult] There is no status packet!
[2024-09-21 15:06:55,828][root][ERROR] - > read: [TxRxResult] There is no status packet!
[2024-09-21 15:06:55,868][root][ERROR] - > read: [TxRxResult] There is no status packet!
[2024-09-21 15:07:07,364][root][ERROR] - > read: [TxRxResult] Incorrect status packet!
[2024-09-21 15:07:07,400][root][ERROR] - > read: [TxRxResult] There is no status packet!
[2024-09-21 15:07:07,423][root][ERROR] - > read: [TxRxResult] Incorrect status packet!
[2024-09-21 15:07:07,424][root][ERROR] - > read: [TxRxResult] Incorrect status packet!
[2024-09-21 15:07:07,472][root][ERROR] - > read: [TxRxResult] Incorrect status packet!
[2024-09-21 15:07:07,508][root][ERROR] - > read: [TxRxResult] Incorrect status packet!
[2024-09-21 15:07:07,548][root][ERROR] - > read: [TxRxResult] There is no status packet!
[2024-09-21 15:07:07,584][root][ERROR] - > read: [TxRxResult] There is no status packet!
[2024-09-21 15:07:07,624][root][ERROR] - > read: [TxRxResult] There is no status packet!
[2024-09-21 15:07:07,660][root][ERROR] - > read: [TxRxResult] There is no status packet!
[2024-09-21 15:07:07,701][root][ERROR] - > read: [TxRxResult] There is no status packet!
[2024-09-21 15:07:07,736][root][ERROR] - > read: [TxRxResult] There is no status packet!
[2024-09-21 15:07:07,776][root][ERROR] - > read: [TxRxResult] There is no status packet!
[2024-09-21 15:07:07,812][root][ERROR] - > read: [TxRxResult] There is no status packet!
[2024-09-21 15:07:07,852][root][ERROR] - > read: [TxRxResult] There is no status packet!
