[2024-09-22 19:44:15,366][root][INFO] - self.cfg: 
 lr: 0.0001
c_in: 6
zfar: 'Infinity'
debug: null
n_view: 1
run_id: 3wy8qqex
use_BN: true
exp_name: 2024-01-11-20-02-45
n_epochs: 62
save_dir: /home/bowenw/debug/2024-01-11-20-02-45/
use_mask: false
loss_type: pairwise_valid
optimizer: adam
batch_size: 64
crop_ratio: 1.1
enable_amp: true
use_normal: false
max_num_key: null
warmup_step: -1
input_resize:
- 160
- 160
max_step_val: 1000
vis_interval: 1000
weight_decay: 0
normalize_xyz: true
resume_run_id: null
clip_grad_norm: 'Infinity'
lr_epoch_decay: 500
render_backend: nvdiffrast
train_num_pair: 5
lr_decay_epochs:
- 50
n_epochs_warmup: 1
make_pair_online: false
gradient_max_norm: 'Infinity'
max_step_per_epoch: 10000
n_rendering_workers: 1
save_epoch_interval: 100
n_dataloader_workers: 100
split_objects_across_gpus: true
ckpt_dir: FoundationPose/learning/training/../../weights/2024-01-11-20-02-45/model_best.pth

[2024-09-22 19:44:15,366][root][INFO] - self.h5_file:None
[2024-09-22 19:44:15,547][root][INFO] - Using pretrained model from FoundationPose/learning/training/../../weights/2024-01-11-20-02-45/model_best.pth
[2024-09-22 19:44:15,613][root][INFO] - init done
[2024-09-22 19:44:15,614][root][INFO] - welcome
[2024-09-22 19:44:15,617][root][INFO] - self.cfg: 
 lr: 0.0001
c_in: 6
zfar: .inf
debug: null
w_rot: 0.1
n_view: 1
run_id: null
use_BN: true
rot_rep: axis_angle
ckpt_dir: FoundationPose/learning/training/../../weights/2023-10-28-18-33-37/model_best.pth
exp_name: 2023-10-28-18-33-37
save_dir: /tmp/2023-10-28-18-33-37/
loss_type: l2
optimizer: adam
trans_rep: tracknet
batch_size: 64
crop_ratio: 1.2
use_normal: false
BN_momentum: 0.1
max_num_key: null
warmup_step: -1
input_resize:
- 160
- 160
max_step_val: 1000
normal_uint8: false
vis_interval: 1000
weight_decay: 0
n_max_objects: null
normalize_xyz: true
clip_grad_norm: 'Infinity'
rot_normalizer: 0.3490658503988659
trans_normalizer:
- 0.019999999552965164
- 0.019999999552965164
- 0.05000000074505806
max_step_per_epoch: 25000
val_epoch_interval: 10
n_dataloader_workers: 60
enable_amp: true
use_mask: false

[2024-09-22 19:44:15,617][root][INFO] - self.h5_file:
[2024-09-22 19:44:15,670][root][INFO] - Using pretrained model from FoundationPose/learning/training/../../weights/2023-10-28-18-33-37/model_best.pth
[2024-09-22 19:44:15,694][root][INFO] - init done
[2024-09-22 19:44:16,632][root][INFO] - self.diameter:0.11834483055076726, vox_size:0.005917241527538363
[2024-09-22 19:44:16,648][root][INFO] - self.pts:torch.Size([1023, 3])
[2024-09-22 19:44:17,184][root][INFO] - reset done
[2024-09-22 19:44:17,185][root][INFO] - cam_in_obs:(42, 4, 4)
[2024-09-22 19:44:17,187][root][INFO] - rot_grid:(252, 4, 4)
[2024-09-22 19:44:17,188][root][INFO] - after cluster, rot_grid:(252, 4, 4)
[2024-09-22 19:44:17,188][root][INFO] - self.rot_grid: torch.Size([252, 4, 4])
[2024-09-22 19:44:27,291][root][INFO] - Welcome
[2024-09-22 19:44:27,305][root][INFO] - poses:(252, 4, 4)
[2024-09-22 19:44:27,314][root][INFO] - after viewpoint, add_errs min:-1.0
[2024-09-22 19:44:27,345][root][INFO] - ob_in_cams:(252, 4, 4)
[2024-09-22 19:44:27,346][root][INFO] - self.cfg.use_normal:False
[2024-09-22 19:44:27,346][root][INFO] - trans_normalizer:[0.019999999552965164, 0.019999999552965164, 0.05000000074505806], rot_normalizer:0.3490658503988659
[2024-09-22 19:44:27,393][root][INFO] - making cropped data
[2024-09-22 19:44:27,393][root][INFO] - Welcome make_crop_data_batch
[2024-09-22 19:44:27,397][root][INFO] - make tf_to_crops done
[2024-09-22 19:44:27,421][root][INFO] - render done
[2024-09-22 19:44:27,431][root][INFO] - warp done
[2024-09-22 19:44:27,437][root][INFO] - pose batch data done
[2024-09-22 19:44:27,437][root][INFO] - forward start
[2024-09-22 19:44:27,554][root][INFO] - forward done
[2024-09-22 19:44:27,566][root][INFO] - making cropped data
[2024-09-22 19:44:27,566][root][INFO] - Welcome make_crop_data_batch
[2024-09-22 19:44:27,566][root][INFO] - make tf_to_crops done
[2024-09-22 19:44:27,581][root][INFO] - render done
[2024-09-22 19:44:27,585][root][INFO] - warp done
[2024-09-22 19:44:27,588][root][INFO] - pose batch data done
[2024-09-22 19:44:27,588][root][INFO] - forward start
[2024-09-22 19:44:27,589][root][INFO] - forward done
[2024-09-22 19:44:27,590][root][INFO] - making cropped data
[2024-09-22 19:44:27,590][root][INFO] - Welcome make_crop_data_batch
[2024-09-22 19:44:27,691][root][INFO] - make tf_to_crops done
[2024-09-22 19:44:27,705][root][INFO] - render done
[2024-09-22 19:44:27,709][root][INFO] - warp done
[2024-09-22 19:44:27,711][root][INFO] - pose batch data done
[2024-09-22 19:44:27,712][root][INFO] - forward start
[2024-09-22 19:44:27,713][root][INFO] - forward done
[2024-09-22 19:44:27,713][root][INFO] - making cropped data
[2024-09-22 19:44:27,713][root][INFO] - Welcome make_crop_data_batch
[2024-09-22 19:44:27,813][root][INFO] - make tf_to_crops done
[2024-09-22 19:44:27,828][root][INFO] - render done
[2024-09-22 19:44:27,831][root][INFO] - warp done
[2024-09-22 19:44:27,834][root][INFO] - pose batch data done
[2024-09-22 19:44:27,834][root][INFO] - forward start
[2024-09-22 19:44:27,835][root][INFO] - forward done
[2024-09-22 19:44:27,835][root][INFO] - making cropped data
[2024-09-22 19:44:27,836][root][INFO] - Welcome make_crop_data_batch
[2024-09-22 19:44:27,938][root][INFO] - make tf_to_crops done
[2024-09-22 19:44:27,951][root][INFO] - render done
[2024-09-22 19:44:27,955][root][INFO] - warp done
[2024-09-22 19:44:27,958][root][INFO] - pose batch data done
[2024-09-22 19:44:27,958][root][INFO] - forward start
[2024-09-22 19:44:27,959][root][INFO] - forward done
[2024-09-22 19:44:28,074][root][INFO] - ob_in_cams:(252, 4, 4)
[2024-09-22 19:44:28,075][root][INFO] - self.cfg.use_normal:False
[2024-09-22 19:44:28,075][root][INFO] - making cropped data
[2024-09-22 19:44:28,081][root][INFO] - Welcome make_crop_data_batch
[2024-09-22 19:44:28,082][root][INFO] - make tf_to_crops done
[2024-09-22 19:44:28,094][root][INFO] - render done
[2024-09-22 19:44:28,224][root][INFO] - pose batch data done
[2024-09-22 19:44:28,224][root][INFO] - pose_data.rgbAs.shape[0]: 252
[2024-09-22 19:44:28,321][root][INFO] - forward done
[2024-09-22 19:44:28,339][root][INFO] - final, add_errs min:-1.0
[2024-09-22 19:44:28,348][root][INFO] - sort ids:tensor([  8,  74, 134, 169,  47, 101, 127, 146, 170,   0,  73, 126, 131, 132,
         35,  42, 104, 107, 163, 203, 221,   6,  11,  30,  32,  72,  77,  96,
        137, 202,   5, 171, 188,   7, 145, 133, 144, 227, 244,   4, 226, 130,
          9,  34,  75, 100, 105, 106, 116, 205, 206,   3,  14,  21,  33,  81,
         83,  98,  99, 115, 120,   1,  12,  13,  15,  18,  23,  78,  86,  93,
        103, 125, 136, 182, 200, 224, 225,   2,  10,  22,  80,  82,  87,  97,
        114, 128, 194, 223, 229,  17,  31,  50, 109, 149, 168, 172, 199, 209,
        215,  45,  46,  61,  76,  94, 102, 119, 129, 139, 210, 219,  36,  41,
         49,  55,  56,  60,  89, 113, 124, 140, 159, 192, 218, 231, 242, 246,
         16,  40,  48,  62,  64,  66,  70, 152, 177, 184, 198, 201, 204, 207,
        212, 214, 217, 222, 228, 230, 233, 240, 247,  53,  67,  68,  69,  79,
         85,  88, 118, 138, 142, 157, 190, 191, 211, 236, 237, 248, 249,  25,
         37,  43,  57,  59,  63,  71, 117, 141, 143, 154, 160, 161, 166, 173,
        176, 186, 195, 208, 216, 232, 235, 241, 250,  26,  27,  28,  58,  90,
        111, 122, 123, 153, 155, 158, 167, 178, 185, 193, 234, 239, 251,  20,
         24,  29,  39,  44,  51,  65,  84, 108, 110, 150, 156, 164, 165, 180,
        183, 189,  19,  38,  91,  95, 112, 121, 162, 174, 181, 187, 238, 245,
         52,  54, 175, 197, 213,  92, 147, 148, 151, 179, 196, 220, 243, 135])
[2024-09-22 19:44:28,352][root][INFO] - sorted scores:tensor([133.8750, 133.8750, 133.8750, 133.8750, 133.8438, 133.8438, 133.8438,
        133.8438, 133.8438, 133.8125, 133.8125, 133.8125, 133.8125, 133.8125,
        133.7812, 133.7812, 133.7812, 133.7812, 133.7812, 133.7812, 133.7812,
        133.7500, 133.7500, 133.7500, 133.7500, 133.7500, 133.7500, 133.7500,
        133.7500, 133.7500, 133.7188, 133.7188, 133.7188, 133.6875, 133.6875,
        133.6562, 133.6562, 133.6562, 133.6562, 133.6250, 133.6250, 133.5938,
        133.5625, 133.5625, 133.5625, 133.5625, 133.5625, 133.5625, 133.5625,
        133.5625, 133.5625, 133.5312, 133.5312, 133.5312, 133.5312, 133.5312,
        133.5312, 133.5312, 133.5312, 133.5312, 133.5312, 133.5000, 133.5000,
        133.5000, 133.5000, 133.5000, 133.5000, 133.5000, 133.5000, 133.5000,
        133.5000, 133.5000, 133.5000, 133.5000, 133.5000, 133.5000, 133.5000,
        133.4688, 133.4688, 133.4688, 133.4688, 133.4688, 133.4688, 133.4688,
        133.4688, 133.4688, 133.4688, 133.4688, 133.4688, 133.4375, 133.4375,
        133.4375, 133.4375, 133.4375, 133.4375, 133.4375, 133.4375, 133.4375,
        133.4375, 133.4062, 133.4062, 133.4062, 133.4062, 133.4062, 133.4062,
        133.4062, 133.4062, 133.4062, 133.4062, 133.4062, 133.3750, 133.3750,
        133.3750, 133.3750, 133.3750, 133.3750, 133.3750, 133.3750, 133.3750,
        133.3750, 133.3750, 133.3750, 133.3750, 133.3750, 133.3750, 133.3750,
        133.3438, 133.3438, 133.3438, 133.3438, 133.3438, 133.3438, 133.3438,
        133.3438, 133.3438, 133.3438, 133.3438, 133.3438, 133.3438, 133.3438,
        133.3438, 133.3438, 133.3438, 133.3438, 133.3438, 133.3438, 133.3438,
        133.3438, 133.3438, 133.3125, 133.3125, 133.3125, 133.3125, 133.3125,
        133.3125, 133.3125, 133.3125, 133.3125, 133.3125, 133.3125, 133.3125,
        133.3125, 133.3125, 133.3125, 133.3125, 133.3125, 133.3125, 133.2812,
        133.2812, 133.2812, 133.2812, 133.2812, 133.2812, 133.2812, 133.2812,
        133.2812, 133.2812, 133.2812, 133.2812, 133.2812, 133.2812, 133.2812,
        133.2812, 133.2812, 133.2812, 133.2812, 133.2812, 133.2812, 133.2812,
        133.2812, 133.2812, 133.2500, 133.2500, 133.2500, 133.2500, 133.2500,
        133.2500, 133.2500, 133.2500, 133.2500, 133.2500, 133.2500, 133.2500,
        133.2500, 133.2500, 133.2500, 133.2500, 133.2500, 133.2500, 133.2188,
        133.2188, 133.2188, 133.2188, 133.2188, 133.2188, 133.2188, 133.2188,
        133.2188, 133.2188, 133.2188, 133.2188, 133.2188, 133.2188, 133.2188,
        133.2188, 133.2188, 133.1875, 133.1875, 133.1875, 133.1875, 133.1875,
        133.1875, 133.1875, 133.1875, 133.1875, 133.1875, 133.1875, 133.1875,
        133.1562, 133.1562, 133.1562, 133.1562, 133.1562, 133.1250, 133.1250,
        133.1250, 133.1250, 133.1250, 133.1250, 133.1250, 133.1250, 133.0938])
[2024-09-22 19:44:32,288][websockets.server][INFO] - server listening on 0.0.0.0:8080
[2024-09-22 19:44:36,515][websockets.server][INFO] - connection open
[2024-09-22 19:44:41,611][root][INFO] - Succeeded to open port: /dev/ttyUSB0
[2024-09-22 19:44:41,612][root][INFO] - Succeeded to set baudrate to 3000000
