[2024-12-20 21:25:07,092][websockets.server][INFO] - server listening on 0.0.0.0:8080
[2024-12-20 21:25:07,236][root][INFO] - self.cfg: 
 lr: 0.0001
c_in: 6
zfar: 'Infinity'
debug: null
n_view: 1
run_id: 3wy8qqex
use_BN: true
exp_name: 2024-01-11-20-02-45
n_epochs: 62
save_dir: /home/bowenw/debug/2024-01-11-20-02-45/
use_mask: false
loss_type: pairwise_valid
optimizer: adam
batch_size: 64
crop_ratio: 1.1
enable_amp: true
use_normal: false
max_num_key: null
warmup_step: -1
input_resize:
- 160
- 160
max_step_val: 1000
vis_interval: 1000
weight_decay: 0
normalize_xyz: true
resume_run_id: null
clip_grad_norm: 'Infinity'
lr_epoch_decay: 500
render_backend: nvdiffrast
train_num_pair: 5
lr_decay_epochs:
- 50
n_epochs_warmup: 1
make_pair_online: false
gradient_max_norm: 'Infinity'
max_step_per_epoch: 10000
n_rendering_workers: 1
save_epoch_interval: 100
n_dataloader_workers: 100
split_objects_across_gpus: true
ckpt_dir: /data/zjx/rw/third_party/FoundationPose/learning/training/../../weights/2024-01-11-20-02-45/model_best.pth

[2024-12-20 21:25:07,236][root][INFO] - self.h5_file:None
[2024-12-20 21:25:07,373][root][INFO] - Using pretrained model from /data/zjx/rw/third_party/FoundationPose/learning/training/../../weights/2024-01-11-20-02-45/model_best.pth
[2024-12-20 21:25:07,437][root][INFO] - init done
[2024-12-20 21:25:07,438][root][INFO] - welcome
[2024-12-20 21:25:07,441][root][INFO] - self.cfg: 
 lr: 0.0001
c_in: 6
zfar: .inf
debug: null
w_rot: 0.1
n_view: 1
run_id: null
use_BN: true
rot_rep: axis_angle
ckpt_dir: /data/zjx/rw/third_party/FoundationPose/learning/training/../../weights/2023-10-28-18-33-37/model_best.pth
exp_name: 2023-10-28-18-33-37
save_dir: /tmp/2023-10-28-18-33-37/
loss_type: l2
optimizer: adam
trans_rep: tracknet
batch_size: 64
crop_ratio: 1.2
use_normal: false
BN_momentum: 0.1
max_num_key: null
warmup_step: -1
input_resize:
- 160
- 160
max_step_val: 1000
normal_uint8: false
vis_interval: 1000
weight_decay: 0
n_max_objects: null
normalize_xyz: true
clip_grad_norm: 'Infinity'
rot_normalizer: 0.3490658503988659
trans_normalizer:
- 0.019999999552965164
- 0.019999999552965164
- 0.05000000074505806
max_step_per_epoch: 25000
val_epoch_interval: 10
n_dataloader_workers: 60
enable_amp: true
use_mask: false

[2024-12-20 21:25:07,441][root][INFO] - self.h5_file:
[2024-12-20 21:25:07,484][root][INFO] - Using pretrained model from /data/zjx/rw/third_party/FoundationPose/learning/training/../../weights/2023-10-28-18-33-37/model_best.pth
[2024-12-20 21:25:07,501][root][INFO] - init done
[2024-12-20 21:25:07,797][websockets.server][INFO] - connection open
[2024-12-20 21:25:08,705][root][INFO] - self.diameter:0.2729166168820516, vox_size:0.01364583084410258
[2024-12-20 21:25:08,720][root][INFO] - self.pts:torch.Size([179, 3])
[2024-12-20 21:25:09,669][root][INFO] - reset done
[2024-12-20 21:25:09,669][root][INFO] - cam_in_obs:(42, 4, 4)
[2024-12-20 21:25:09,670][root][INFO] - rot_grid:(252, 4, 4)
[2024-12-20 21:25:09,671][root][INFO] - after cluster, rot_grid:(252, 4, 4)
[2024-12-20 21:25:09,671][root][INFO] - self.rot_grid: torch.Size([252, 4, 4])
[2024-12-20 21:25:19,017][root][INFO] - Welcome
[2024-12-20 21:25:19,042][root][INFO] - poses:(252, 4, 4)
[2024-12-20 21:25:19,050][root][INFO] - after viewpoint, add_errs min:-1.0
[2024-12-20 21:25:19,072][root][INFO] - ob_in_cams:(252, 4, 4)
[2024-12-20 21:25:19,073][root][INFO] - self.cfg.use_normal:False
[2024-12-20 21:25:19,073][root][INFO] - trans_normalizer:[0.019999999552965164, 0.019999999552965164, 0.05000000074505806], rot_normalizer:0.3490658503988659
[2024-12-20 21:25:19,076][root][INFO] - making cropped data
[2024-12-20 21:25:19,076][root][INFO] - Welcome make_crop_data_batch
[2024-12-20 21:25:19,080][root][INFO] - make tf_to_crops done
[2024-12-20 21:25:19,103][root][INFO] - render done
[2024-12-20 21:25:19,109][root][INFO] - warp done
[2024-12-20 21:25:19,114][root][INFO] - pose batch data done
[2024-12-20 21:25:19,114][root][INFO] - forward start
[2024-12-20 21:25:19,240][root][INFO] - forward done
[2024-12-20 21:25:19,251][root][INFO] - making cropped data
[2024-12-20 21:25:19,251][root][INFO] - Welcome make_crop_data_batch
[2024-12-20 21:25:19,252][root][INFO] - make tf_to_crops done
[2024-12-20 21:25:19,271][root][INFO] - render done
[2024-12-20 21:25:19,275][root][INFO] - warp done
[2024-12-20 21:25:19,278][root][INFO] - pose batch data done
[2024-12-20 21:25:19,278][root][INFO] - forward start
[2024-12-20 21:25:19,279][root][INFO] - forward done
[2024-12-20 21:25:19,280][root][INFO] - making cropped data
[2024-12-20 21:25:19,280][root][INFO] - Welcome make_crop_data_batch
[2024-12-20 21:25:19,378][root][INFO] - make tf_to_crops done
[2024-12-20 21:25:19,394][root][INFO] - render done
[2024-12-20 21:25:19,397][root][INFO] - warp done
[2024-12-20 21:25:19,400][root][INFO] - pose batch data done
[2024-12-20 21:25:19,400][root][INFO] - forward start
[2024-12-20 21:25:19,401][root][INFO] - forward done
[2024-12-20 21:25:19,402][root][INFO] - making cropped data
[2024-12-20 21:25:19,402][root][INFO] - Welcome make_crop_data_batch
[2024-12-20 21:25:19,497][root][INFO] - make tf_to_crops done
[2024-12-20 21:25:19,512][root][INFO] - render done
[2024-12-20 21:25:19,515][root][INFO] - warp done
[2024-12-20 21:25:19,518][root][INFO] - pose batch data done
[2024-12-20 21:25:19,518][root][INFO] - forward start
[2024-12-20 21:25:19,519][root][INFO] - forward done
[2024-12-20 21:25:19,520][root][INFO] - making cropped data
[2024-12-20 21:25:19,520][root][INFO] - Welcome make_crop_data_batch
[2024-12-20 21:25:19,616][root][INFO] - make tf_to_crops done
[2024-12-20 21:25:19,631][root][INFO] - render done
[2024-12-20 21:25:19,634][root][INFO] - warp done
[2024-12-20 21:25:19,637][root][INFO] - pose batch data done
[2024-12-20 21:25:19,637][root][INFO] - forward start
[2024-12-20 21:25:19,638][root][INFO] - forward done
[2024-12-20 21:25:19,751][root][INFO] - ob_in_cams:(252, 4, 4)
[2024-12-20 21:25:19,751][root][INFO] - self.cfg.use_normal:False
[2024-12-20 21:25:19,751][root][INFO] - making cropped data
[2024-12-20 21:25:19,758][root][INFO] - Welcome make_crop_data_batch
[2024-12-20 21:25:19,758][root][INFO] - make tf_to_crops done
[2024-12-20 21:25:19,772][root][INFO] - render done
[2024-12-20 21:25:19,895][root][INFO] - pose batch data done
[2024-12-20 21:25:19,895][root][INFO] - pose_data.rgbAs.shape[0]: 252
[2024-12-20 21:25:19,985][root][INFO] - forward done
[2024-12-20 21:25:20,003][root][INFO] - final, add_errs min:-1.0
[2024-12-20 21:25:20,013][root][INFO] - sort ids:tensor([224, 128, 134, 200,   2, 173,  74, 135,  96, 146, 222,  11,  77,  98,
        107,   8, 101, 147, 170,  66,  99, 149, 227, 203, 137,   5, 104, 144,
        225,  32, 132, 194,  35, 188, 131, 169, 243,  55, 187, 191, 221,  41,
         47,  52, 174, 202,  69, 154, 240, 110, 160,  70, 162, 210,  29,  54,
         61, 125, 238,  51, 114, 239,  44, 161, 217, 119, 140, 165, 218,  89,
         90, 190, 233,  64, 180, 213, 204, 143,  38,  49,  63, 155, 220, 113,
        157,  58, 158, 183, 235,  95,  26,  48,  67, 172,  23, 229, 230,  86,
        207,  92,  83,  93, 177, 179,  17, 193, 236,   3, 199, 250,  14, 232,
        117, 209, 122,  80, 152,  60, 206, 116,  57, 151,  20, 176, 192,  12,
        145,  21,   6, 248, 195,  59, 247, 196, 246,  62, 197, 249,  71,  28,
        100, 136, 148,  27,  97, 102,  42,  84,  91, 105, 108, 118, 123, 126,
        129, 181, 214, 226, 237,  33,  45,  72,  87,  94, 109, 241,   0,  24,
         39,  53,  56,  75, 111, 115, 120, 133, 138, 150, 163, 166, 171, 184,
        223, 244,   9,  18,  30,  31,  37,  78, 175, 198, 211,  46,  68,  81,
        141, 156, 208, 231, 245,  15,  16,  36,  76, 186, 216,  65,  79, 142,
        189,  19,  34,  43,  73,  82, 219,  10, 112, 242,  25,   1,  40, 139,
        159, 167, 234, 215,  88,   7,  22, 106, 121, 182,   4, 103, 127, 164,
         13,  85, 124, 185, 251, 130, 212,  50, 153, 178, 205, 228, 201, 168])
[2024-12-20 21:25:20,017][root][INFO] - sorted scores:tensor([74.9688, 74.9062, 74.8750, 74.8750, 74.8594, 74.8438, 74.8281, 74.8281,
        74.8125, 74.8125, 74.8125, 74.7812, 74.7812, 74.7812, 74.7812, 74.7656,
        74.7656, 74.7656, 74.7500, 74.7188, 74.7188, 74.7188, 74.7188, 74.7031,
        74.6875, 74.6719, 74.6719, 74.6719, 74.6719, 74.6562, 74.6562, 74.6562,
        74.6406, 74.6406, 74.6250, 74.6094, 74.6094, 74.5625, 74.5469, 74.5469,
        74.5312, 74.5156, 74.5156, 74.5000, 74.5000, 74.5000, 74.4844, 74.4844,
        74.4844, 74.4688, 74.4688, 74.4531, 74.4531, 74.4531, 74.4375, 74.4375,
        74.4375, 74.4375, 74.4375, 74.4219, 74.4219, 74.4219, 74.4062, 74.4062,
        74.4062, 74.3906, 74.3906, 74.3906, 74.3906, 74.3594, 74.3594, 74.3594,
        74.3594, 74.3438, 74.3438, 74.3438, 74.3281, 74.3125, 74.2969, 74.2969,
        74.2969, 74.2969, 74.2969, 74.2812, 74.2812, 74.2656, 74.2656, 74.2656,
        74.2656, 74.2500, 74.2344, 74.2344, 74.2188, 74.2188, 74.2031, 74.2031,
        74.2031, 74.1875, 74.1875, 74.1719, 74.1562, 74.1562, 74.1562, 74.1562,
        74.1406, 74.1406, 74.1406, 74.0781, 74.0781, 73.9844, 73.9688, 73.9688,
        73.9531, 73.8906, 73.8594, 73.8125, 73.8125, 73.7969, 73.7031, 73.6875,
        73.6719, 73.6719, 73.6250, 73.5781, 73.5000, 73.3906, 73.3906, 73.3438,
        73.2812, 73.1406, 73.0469, 72.8438, 72.7500, 72.6719, 72.6719, 72.6406,
        72.6406, 72.1875, 72.1094, 72.0000, 72.0000, 72.0000, 72.0000, 71.9844,
        71.9844, 71.9844, 71.9688, 71.9688, 71.9688, 71.9688, 71.9688, 71.9688,
        71.9688, 71.9688, 71.9688, 71.9688, 71.9688, 71.9688, 71.9688, 71.9531,
        71.9531, 71.9531, 71.9531, 71.9531, 71.9531, 71.9531, 71.9375, 71.9375,
        71.9375, 71.9375, 71.9375, 71.9375, 71.9375, 71.9375, 71.9375, 71.9375,
        71.9375, 71.9375, 71.9375, 71.9375, 71.9375, 71.9375, 71.9375, 71.9375,
        71.9219, 71.9219, 71.9219, 71.9219, 71.9219, 71.9219, 71.9219, 71.9219,
        71.9219, 71.9062, 71.9062, 71.9062, 71.9062, 71.9062, 71.9062, 71.9062,
        71.9062, 71.8906, 71.8906, 71.8906, 71.8906, 71.8906, 71.8906, 71.8750,
        71.8750, 71.8750, 71.8750, 71.8594, 71.8594, 71.8594, 71.8594, 71.8594,
        71.8594, 71.8438, 71.8438, 71.8438, 71.8281, 71.8125, 71.8125, 71.8125,
        71.8125, 71.8125, 71.8125, 71.7969, 71.7812, 71.7656, 71.7656, 71.7656,
        71.7656, 71.7656, 71.7500, 71.7500, 71.7500, 71.7500, 71.7344, 71.7344,
        71.7344, 71.7344, 71.7344, 71.7188, 71.7188, 71.7031, 71.6875, 71.6094,
        71.5781, 71.5781, 71.5625, 71.5156])
