[2024-10-11 13:54:34,922][websockets.server][INFO] - server listening on 0.0.0.0:8080
[2024-10-11 13:54:34,950][websockets.server][INFO] - connection open
[2024-10-11 13:54:35,181][root][INFO] - self.cfg: 
 lr: 0.0001
c_in: 6
zfar: 'Infinity'
debug: null
n_view: 1
run_id: 3wy8qqex
use_BN: true
exp_name: 2024-01-11-20-02-45
n_epochs: 62
save_dir: /home/bowenw/debug/2024-01-11-20-02-45/
use_mask: false
loss_type: pairwise_valid
optimizer: adam
batch_size: 64
crop_ratio: 1.1
enable_amp: true
use_normal: false
max_num_key: null
warmup_step: -1
input_resize:
- 160
- 160
max_step_val: 1000
vis_interval: 1000
weight_decay: 0
normalize_xyz: true
resume_run_id: null
clip_grad_norm: 'Infinity'
lr_epoch_decay: 500
render_backend: nvdiffrast
train_num_pair: 5
lr_decay_epochs:
- 50
n_epochs_warmup: 1
make_pair_online: false
gradient_max_norm: 'Infinity'
max_step_per_epoch: 10000
n_rendering_workers: 1
save_epoch_interval: 100
n_dataloader_workers: 100
split_objects_across_gpus: true
ckpt_dir: FoundationPose/learning/training/../../weights/2024-01-11-20-02-45/model_best.pth

[2024-10-11 13:54:35,181][root][INFO] - self.h5_file:None
[2024-10-11 13:54:35,610][root][INFO] - Using pretrained model from FoundationPose/learning/training/../../weights/2024-01-11-20-02-45/model_best.pth
[2024-10-11 13:54:35,675][root][INFO] - init done
[2024-10-11 13:54:35,676][root][INFO] - welcome
[2024-10-11 13:54:35,679][root][INFO] - self.cfg: 
 lr: 0.0001
c_in: 6
zfar: .inf
debug: null
w_rot: 0.1
n_view: 1
run_id: null
use_BN: true
rot_rep: axis_angle
ckpt_dir: FoundationPose/learning/training/../../weights/2023-10-28-18-33-37/model_best.pth
exp_name: 2023-10-28-18-33-37
save_dir: /tmp/2023-10-28-18-33-37/
loss_type: l2
optimizer: adam
trans_rep: tracknet
batch_size: 64
crop_ratio: 1.2
use_normal: false
BN_momentum: 0.1
max_num_key: null
warmup_step: -1
input_resize:
- 160
- 160
max_step_val: 1000
normal_uint8: false
vis_interval: 1000
weight_decay: 0
n_max_objects: null
normalize_xyz: true
clip_grad_norm: 'Infinity'
rot_normalizer: 0.3490658503988659
trans_normalizer:
- 0.019999999552965164
- 0.019999999552965164
- 0.05000000074505806
max_step_per_epoch: 25000
val_epoch_interval: 10
n_dataloader_workers: 60
enable_amp: true
use_mask: false

[2024-10-11 13:54:35,679][root][INFO] - self.h5_file:
[2024-10-11 13:54:35,726][root][INFO] - Using pretrained model from FoundationPose/learning/training/../../weights/2023-10-28-18-33-37/model_best.pth
[2024-10-11 13:54:35,748][root][INFO] - init done
[2024-10-11 13:54:37,945][root][INFO] - self.diameter:0.16911805808118208, vox_size:0.008455902904059103
[2024-10-11 13:54:37,946][root][INFO] - self.pts:torch.Size([675, 3])
[2024-10-11 13:54:38,930][root][INFO] - reset done
[2024-10-11 13:54:38,931][root][INFO] - cam_in_obs:(42, 4, 4)
[2024-10-11 13:54:38,945][root][INFO] - rot_grid:(252, 4, 4)
[2024-10-11 13:54:38,946][root][INFO] - after cluster, rot_grid:(252, 4, 4)
[2024-10-11 13:54:38,947][root][INFO] - self.rot_grid: torch.Size([252, 4, 4])
[2024-10-11 13:54:48,839][root][INFO] - Welcome
[2024-10-11 13:54:48,854][root][INFO] - poses:(252, 4, 4)
[2024-10-11 13:54:48,857][root][INFO] - after viewpoint, add_errs min:-1.0
[2024-10-11 13:54:48,905][root][INFO] - ob_in_cams:(252, 4, 4)
[2024-10-11 13:54:48,910][root][INFO] - self.cfg.use_normal:False
[2024-10-11 13:54:48,910][root][INFO] - trans_normalizer:[0.019999999552965164, 0.019999999552965164, 0.05000000074505806], rot_normalizer:0.3490658503988659
[2024-10-11 13:54:48,941][root][INFO] - making cropped data
[2024-10-11 13:54:48,941][root][INFO] - Welcome make_crop_data_batch
[2024-10-11 13:54:48,942][root][INFO] - make tf_to_crops done
[2024-10-11 13:54:49,004][root][INFO] - render done
[2024-10-11 13:54:49,031][root][INFO] - warp done
[2024-10-11 13:54:49,035][root][INFO] - pose batch data done
[2024-10-11 13:54:49,035][root][INFO] - forward start
[2024-10-11 13:54:49,124][root][INFO] - forward done
[2024-10-11 13:54:49,125][root][INFO] - making cropped data
[2024-10-11 13:54:49,125][root][INFO] - Welcome make_crop_data_batch
[2024-10-11 13:54:49,146][root][INFO] - make tf_to_crops done
[2024-10-11 13:54:49,170][root][INFO] - render done
[2024-10-11 13:54:49,175][root][INFO] - warp done
[2024-10-11 13:54:49,178][root][INFO] - pose batch data done
[2024-10-11 13:54:49,178][root][INFO] - forward start
[2024-10-11 13:54:49,179][root][INFO] - forward done
[2024-10-11 13:54:49,179][root][INFO] - making cropped data
[2024-10-11 13:54:49,179][root][INFO] - Welcome make_crop_data_batch
[2024-10-11 13:54:49,285][root][INFO] - make tf_to_crops done
[2024-10-11 13:54:49,307][root][INFO] - render done
[2024-10-11 13:54:49,311][root][INFO] - warp done
[2024-10-11 13:54:49,314][root][INFO] - pose batch data done
[2024-10-11 13:54:49,314][root][INFO] - forward start
[2024-10-11 13:54:49,315][root][INFO] - forward done
[2024-10-11 13:54:49,316][root][INFO] - making cropped data
[2024-10-11 13:54:49,316][root][INFO] - Welcome make_crop_data_batch
[2024-10-11 13:54:49,417][root][INFO] - make tf_to_crops done
[2024-10-11 13:54:49,439][root][INFO] - render done
[2024-10-11 13:54:49,444][root][INFO] - warp done
[2024-10-11 13:54:49,446][root][INFO] - pose batch data done
[2024-10-11 13:54:49,446][root][INFO] - forward start
[2024-10-11 13:54:49,448][root][INFO] - forward done
[2024-10-11 13:54:49,448][root][INFO] - making cropped data
[2024-10-11 13:54:49,448][root][INFO] - Welcome make_crop_data_batch
[2024-10-11 13:54:49,550][root][INFO] - make tf_to_crops done
[2024-10-11 13:54:49,572][root][INFO] - render done
[2024-10-11 13:54:49,577][root][INFO] - warp done
[2024-10-11 13:54:49,579][root][INFO] - pose batch data done
[2024-10-11 13:54:49,579][root][INFO] - forward start
[2024-10-11 13:54:49,581][root][INFO] - forward done
[2024-10-11 13:54:49,698][root][INFO] - ob_in_cams:(252, 4, 4)
[2024-10-11 13:54:49,698][root][INFO] - self.cfg.use_normal:False
[2024-10-11 13:54:49,698][root][INFO] - making cropped data
[2024-10-11 13:54:49,706][root][INFO] - Welcome make_crop_data_batch
[2024-10-11 13:54:49,706][root][INFO] - make tf_to_crops done
[2024-10-11 13:54:49,727][root][INFO] - render done
[2024-10-11 13:54:49,861][root][INFO] - pose batch data done
[2024-10-11 13:54:49,861][root][INFO] - pose_data.rgbAs.shape[0]: 252
[2024-10-11 13:54:49,863][root][INFO] - forward done
[2024-10-11 13:54:49,971][root][INFO] - final, add_errs min:-1.0
[2024-10-11 13:54:49,973][root][INFO] - sort ids:tensor([187,  50, 121, 170, 181, 188,  19,  25,  49,  55,  56,  79,  91, 145,
        146, 151, 152, 169, 175, 176, 182, 193, 194, 157, 158, 164, 133,  60,
        201,  43,   7, 215, 228, 163, 198, 218, 142, 213,  42,  71, 141,  65,
        161, 206, 167, 216, 249,  48, 109,  82, 211,  63, 225,  53, 200,   0,
          5,  52, 246,  62, 251, 149,  36, 126, 155,  59, 173, 222, 139, 179,
         61, 248, 178, 209,  97, 232, 196, 203,  66, 156, 160, 247, 129, 150,
        197,  23, 192,  32,  45,  92,  51, 205, 212, 221,  13, 114, 233, 144,
        219,  46,  76,  85, 184, 240,  28,  70, 227, 241, 130, 136, 168, 238,
         10,  30,  64, 202, 223,   3, 128, 172, 229,  11, 101, 230,  14,  98,
        102, 110, 131, 166, 250,  16,  29,  31,  58,  88, 148, 165, 186, 234,
        245,  54, 107, 112,  20,  72, 204,   6,  40, 115,  37,  69,  95,   2,
          4,  17,  27, 104, 137, 231, 236,  22,  77,  83,  89, 106, 124,  34,
         73, 103, 191, 207,   1,   8,  74, 116, 134, 138, 190, 199, 208, 239,
         41,  44, 108, 120, 127, 154, 174, 217,  35,  67,  87,  90, 100, 111,
        180, 185, 195, 210, 224, 242,  18,  24,  57,  68,  84,  94, 113, 132,
        140, 226, 237,  12,  15,  78,  93, 118, 125, 162, 183, 243, 244,  26,
         47,  80,  81,  86, 117, 119, 122, 159, 189, 235,  38, 135, 177, 214,
        220,  33,  96,  21, 147, 153,  75, 123, 143,  39, 171,   9,  99, 105])
[2024-10-11 13:54:49,976][root][INFO] - sorted scores:tensor([70.7812, 70.7656, 70.7656, 70.7656, 70.7656, 70.7656, 70.7500, 70.7500,
        70.7500, 70.7500, 70.7500, 70.7500, 70.7500, 70.7500, 70.7500, 70.7500,
        70.7500, 70.7500, 70.7500, 70.7500, 70.7500, 70.7500, 70.7500, 70.7344,
        70.7344, 70.5781, 70.5156, 70.3750, 70.2812, 70.2656, 70.2344, 70.2344,
        70.2344, 70.2188, 70.1719, 70.1719, 70.1250, 70.1250, 70.1094, 70.0938,
        70.0625, 70.0469, 70.0469, 70.0469, 70.0156, 70.0156, 70.0156, 69.9531,
        69.9375, 69.9219, 69.9219, 69.8906, 69.8906, 69.8438, 69.8281, 69.8125,
        69.8125, 69.8125, 69.8125, 69.7656, 69.7500, 69.7188, 69.7031, 69.6875,
        69.6875, 69.6719, 69.6406, 69.6406, 69.5781, 69.5625, 69.5469, 69.5312,
        69.5156, 69.5156, 69.4844, 69.4844, 69.4375, 69.4375, 69.4219, 69.4219,
        69.4062, 69.4062, 69.3906, 69.3906, 69.3906, 69.3750, 69.3594, 69.3438,
        69.3281, 69.3281, 69.3125, 69.3125, 69.3125, 69.3125, 69.2969, 69.2969,
        69.2969, 69.2656, 69.2344, 69.2188, 69.2188, 69.2188, 69.2188, 69.2188,
        69.2031, 69.2031, 69.2031, 69.2031, 69.1875, 69.1875, 69.1875, 69.1875,
        69.1719, 69.1719, 69.1719, 69.1719, 69.1719, 69.1406, 69.1406, 69.1250,
        69.1250, 69.1094, 69.1094, 69.1094, 69.0938, 69.0938, 69.0938, 69.0938,
        69.0938, 69.0938, 69.0938, 69.0781, 69.0781, 69.0781, 69.0781, 69.0781,
        69.0781, 69.0781, 69.0781, 69.0781, 69.0781, 69.0625, 69.0625, 69.0625,
        69.0469, 69.0469, 69.0469, 69.0312, 69.0312, 69.0312, 69.0156, 69.0156,
        69.0156, 69.0000, 68.9844, 68.9688, 68.9688, 68.9688, 68.9688, 68.9688,
        68.9688, 68.9531, 68.9531, 68.9531, 68.9531, 68.9531, 68.9531, 68.9375,
        68.9375, 68.9375, 68.9375, 68.9375, 68.9219, 68.9219, 68.9219, 68.9219,
        68.9219, 68.9219, 68.9219, 68.9219, 68.9219, 68.9219, 68.9062, 68.9062,
        68.9062, 68.9062, 68.9062, 68.9062, 68.9062, 68.9062, 68.8906, 68.8906,
        68.8906, 68.8906, 68.8906, 68.8906, 68.8906, 68.8906, 68.8906, 68.8906,
        68.8906, 68.8906, 68.8750, 68.8750, 68.8750, 68.8750, 68.8750, 68.8750,
        68.8750, 68.8750, 68.8750, 68.8750, 68.8750, 68.8594, 68.8594, 68.8594,
        68.8594, 68.8594, 68.8594, 68.8594, 68.8594, 68.8594, 68.8594, 68.8438,
        68.8438, 68.8438, 68.8438, 68.8438, 68.8438, 68.8438, 68.8438, 68.8438,
        68.8438, 68.8438, 68.8281, 68.8281, 68.8281, 68.8281, 68.8281, 68.8125,
        68.8125, 68.7969, 68.7969, 68.7969, 68.7812, 68.7812, 68.7812, 68.7656,
        68.7656, 68.7500, 68.7188, 68.7031])
