[2024-11-13 17:03:38,055][websockets.server][INFO] - server listening on 0.0.0.0:8080
[2024-11-13 17:03:38,184][root][INFO] - self.cfg: 
 lr: 0.0001
c_in: 6
zfar: 'Infinity'
debug: null
n_view: 1
run_id: 3wy8qqex
use_BN: true
exp_name: 2024-01-11-20-02-45
n_epochs: 62
save_dir: /home/bowenw/debug/2024-01-11-20-02-45/
use_mask: false
loss_type: pairwise_valid
optimizer: adam
batch_size: 64
crop_ratio: 1.1
enable_amp: true
use_normal: false
max_num_key: null
warmup_step: -1
input_resize:
- 160
- 160
max_step_val: 1000
vis_interval: 1000
weight_decay: 0
normalize_xyz: true
resume_run_id: null
clip_grad_norm: 'Infinity'
lr_epoch_decay: 500
render_backend: nvdiffrast
train_num_pair: 5
lr_decay_epochs:
- 50
n_epochs_warmup: 1
make_pair_online: false
gradient_max_norm: 'Infinity'
max_step_per_epoch: 10000
n_rendering_workers: 1
save_epoch_interval: 100
n_dataloader_workers: 100
split_objects_across_gpus: true
ckpt_dir: /home/shaol/gjx/rw/third_party/FoundationPose/learning/training/../../weights/2024-01-11-20-02-45/model_best.pth

[2024-11-13 17:03:38,184][root][INFO] - self.h5_file:None
[2024-11-13 17:03:38,352][root][INFO] - Using pretrained model from /home/shaol/gjx/rw/third_party/FoundationPose/learning/training/../../weights/2024-01-11-20-02-45/model_best.pth
[2024-11-13 17:03:38,379][websockets.server][INFO] - connection open
[2024-11-13 17:03:38,425][root][INFO] - init done
[2024-11-13 17:03:38,425][root][INFO] - welcome
[2024-11-13 17:03:38,428][root][INFO] - self.cfg: 
 lr: 0.0001
c_in: 6
zfar: .inf
debug: null
w_rot: 0.1
n_view: 1
run_id: null
use_BN: true
rot_rep: axis_angle
ckpt_dir: /home/shaol/gjx/rw/third_party/FoundationPose/learning/training/../../weights/2023-10-28-18-33-37/model_best.pth
exp_name: 2023-10-28-18-33-37
save_dir: /tmp/2023-10-28-18-33-37/
loss_type: l2
optimizer: adam
trans_rep: tracknet
batch_size: 64
crop_ratio: 1.2
use_normal: false
BN_momentum: 0.1
max_num_key: null
warmup_step: -1
input_resize:
- 160
- 160
max_step_val: 1000
normal_uint8: false
vis_interval: 1000
weight_decay: 0
n_max_objects: null
normalize_xyz: true
clip_grad_norm: 'Infinity'
rot_normalizer: 0.3490658503988659
trans_normalizer:
- 0.019999999552965164
- 0.019999999552965164
- 0.05000000074505806
max_step_per_epoch: 25000
val_epoch_interval: 10
n_dataloader_workers: 60
enable_amp: true
use_mask: false

[2024-11-13 17:03:38,428][root][INFO] - self.h5_file:
[2024-11-13 17:03:38,475][root][INFO] - Using pretrained model from /home/shaol/gjx/rw/third_party/FoundationPose/learning/training/../../weights/2023-10-28-18-33-37/model_best.pth
[2024-11-13 17:03:38,496][root][INFO] - init done
[2024-11-13 17:03:39,524][root][INFO] - self.diameter:0.09129442543218583, vox_size:0.004564721271609291
[2024-11-13 17:03:39,539][root][INFO] - self.pts:torch.Size([825, 3])
[2024-11-13 17:03:40,542][root][INFO] - reset done
[2024-11-13 17:03:40,543][root][INFO] - cam_in_obs:(42, 4, 4)
[2024-11-13 17:03:40,544][root][INFO] - rot_grid:(252, 4, 4)
[2024-11-13 17:03:40,545][root][INFO] - after cluster, rot_grid:(252, 4, 4)
[2024-11-13 17:03:40,546][root][INFO] - self.rot_grid: torch.Size([252, 4, 4])
[2024-11-13 17:03:50,243][root][INFO] - Welcome
[2024-11-13 17:03:50,257][root][INFO] - poses:(252, 4, 4)
[2024-11-13 17:03:50,267][root][INFO] - after viewpoint, add_errs min:-1.0
[2024-11-13 17:03:50,329][root][INFO] - ob_in_cams:(252, 4, 4)
[2024-11-13 17:03:50,329][root][INFO] - self.cfg.use_normal:False
[2024-11-13 17:03:50,329][root][INFO] - trans_normalizer:[0.019999999552965164, 0.019999999552965164, 0.05000000074505806], rot_normalizer:0.3490658503988659
[2024-11-13 17:03:50,346][root][INFO] - making cropped data
[2024-11-13 17:03:50,346][root][INFO] - Welcome make_crop_data_batch
[2024-11-13 17:03:50,349][root][INFO] - make tf_to_crops done
[2024-11-13 17:03:50,372][root][INFO] - render done
[2024-11-13 17:03:50,379][root][INFO] - warp done
[2024-11-13 17:03:50,383][root][INFO] - pose batch data done
[2024-11-13 17:03:50,384][root][INFO] - forward start
[2024-11-13 17:03:50,511][root][INFO] - forward done
[2024-11-13 17:03:50,523][root][INFO] - making cropped data
[2024-11-13 17:03:50,523][root][INFO] - Welcome make_crop_data_batch
[2024-11-13 17:03:50,523][root][INFO] - make tf_to_crops done
[2024-11-13 17:03:50,538][root][INFO] - render done
[2024-11-13 17:03:50,543][root][INFO] - warp done
[2024-11-13 17:03:50,546][root][INFO] - pose batch data done
[2024-11-13 17:03:50,546][root][INFO] - forward start
[2024-11-13 17:03:50,547][root][INFO] - forward done
[2024-11-13 17:03:50,547][root][INFO] - making cropped data
[2024-11-13 17:03:50,547][root][INFO] - Welcome make_crop_data_batch
[2024-11-13 17:03:50,653][root][INFO] - make tf_to_crops done
[2024-11-13 17:03:50,668][root][INFO] - render done
[2024-11-13 17:03:50,672][root][INFO] - warp done
[2024-11-13 17:03:50,675][root][INFO] - pose batch data done
[2024-11-13 17:03:50,675][root][INFO] - forward start
[2024-11-13 17:03:50,676][root][INFO] - forward done
[2024-11-13 17:03:50,677][root][INFO] - making cropped data
[2024-11-13 17:03:50,677][root][INFO] - Welcome make_crop_data_batch
[2024-11-13 17:03:50,778][root][INFO] - make tf_to_crops done
[2024-11-13 17:03:50,793][root][INFO] - render done
[2024-11-13 17:03:50,797][root][INFO] - warp done
[2024-11-13 17:03:50,800][root][INFO] - pose batch data done
[2024-11-13 17:03:50,800][root][INFO] - forward start
[2024-11-13 17:03:50,801][root][INFO] - forward done
[2024-11-13 17:03:50,801][root][INFO] - making cropped data
[2024-11-13 17:03:50,801][root][INFO] - Welcome make_crop_data_batch
[2024-11-13 17:03:50,903][root][INFO] - make tf_to_crops done
[2024-11-13 17:03:50,918][root][INFO] - render done
[2024-11-13 17:03:50,921][root][INFO] - warp done
[2024-11-13 17:03:50,924][root][INFO] - pose batch data done
[2024-11-13 17:03:50,925][root][INFO] - forward start
[2024-11-13 17:03:50,926][root][INFO] - forward done
[2024-11-13 17:03:51,043][root][INFO] - ob_in_cams:(252, 4, 4)
[2024-11-13 17:03:51,043][root][INFO] - self.cfg.use_normal:False
[2024-11-13 17:03:51,043][root][INFO] - making cropped data
[2024-11-13 17:03:51,051][root][INFO] - Welcome make_crop_data_batch
[2024-11-13 17:03:51,051][root][INFO] - make tf_to_crops done
[2024-11-13 17:03:51,065][root][INFO] - render done
[2024-11-13 17:03:51,197][root][INFO] - pose batch data done
[2024-11-13 17:03:51,197][root][INFO] - pose_data.rgbAs.shape[0]: 252
[2024-11-13 17:03:51,296][root][INFO] - forward done
[2024-11-13 17:03:51,313][root][INFO] - final, add_errs min:-1.0
[2024-11-13 17:03:51,323][root][INFO] - sort ids:tensor([201,   7,  72,   6,   9,   3,   4,  37, 129,  36,  73,  75,  76, 102,
          2, 166, 101, 218,   0,  77, 137,   1,  38,  97, 150, 188, 108, 109,
        157, 181, 191, 193, 239,  10,  96, 112, 135, 143, 189,  52,  53,  68,
         74,  98, 111, 155, 162, 197, 234,  25,  27,  67, 107, 134, 136, 161,
        192, 222, 179, 206, 241, 248, 249,  33, 141, 142, 148, 171, 198, 250,
        128, 169,  24,  47, 130, 196, 217,  44,  66, 210, 247, 140, 153, 195,
        231, 246,  39,  62,  41,  56, 146, 194, 216, 228,  40,  43,  51,  59,
        154, 214, 138, 139, 158, 159,  26,  50, 170, 221, 237, 113, 229,  65,
        152, 176, 185,  35, 203, 156, 212, 251,  71, 110, 233,  29, 209, 202,
        227,  32,  11, 245,  54,  28,  55, 174, 184,  63, 147, 244,  42,  64,
        207, 211,  34, 190, 230, 163, 238, 243,  16,  83, 183,  17,  22, 119,
         20,  21,  89, 123,  13,  15,  81,  82, 118,  80,  92, 117,  12,  78,
        122,  79,  90,  91,  18,  19, 133, 126, 226,  48,  84,  99, 100, 132,
        145, 151,   5,  49, 105, 121, 236, 131, 144,  58, 232,  57,  86,  88,
        106, 116, 177,  14, 104, 168, 172, 175,   8,  69,  70, 114, 120, 225,
         23,  85,  95, 115, 124, 125,  87,  93,  94, 213, 220,  31, 178, 186,
        223,  45,  60, 149, 167, 173, 199, 204, 219, 235, 240,  30,  61, 103,
        127, 180, 187, 200, 208, 224, 160, 205, 242,  46, 164, 165, 182, 215])
[2024-11-13 17:03:51,327][root][INFO] - sorted scores:tensor([111.6719, 111.6641, 111.6641, 111.6562, 111.6562, 111.6484, 111.6484,
        111.6484, 111.6484, 111.6406, 111.6406, 111.6406, 111.6406, 111.6406,
        111.6328, 111.6328, 111.6250, 111.6250, 111.6172, 111.6172, 111.6172,
        111.6094, 111.6094, 111.6094, 111.6094, 111.6094, 111.6016, 111.6016,
        111.6016, 111.6016, 111.6016, 111.6016, 111.6016, 111.5938, 111.5938,
        111.5938, 111.5938, 111.5938, 111.5938, 111.5859, 111.5859, 111.5859,
        111.5859, 111.5859, 111.5859, 111.5859, 111.5859, 111.5859, 111.5859,
        111.5781, 111.5781, 111.5781, 111.5781, 111.5781, 111.5781, 111.5781,
        111.5781, 111.5781, 111.5703, 111.5703, 111.5703, 111.5703, 111.5703,
        111.5625, 111.5625, 111.5625, 111.5625, 111.5625, 111.5625, 111.5625,
        111.5547, 111.5547, 111.5469, 111.5469, 111.5469, 111.5469, 111.5469,
        111.5391, 111.5391, 111.5391, 111.5391, 111.5312, 111.5312, 111.5312,
        111.5312, 111.5312, 111.5234, 111.5234, 111.5156, 111.5156, 111.5156,
        111.5156, 111.5156, 111.5156, 111.5078, 111.5078, 111.5078, 111.5078,
        111.5078, 111.5078, 111.5000, 111.5000, 111.5000, 111.5000, 111.4922,
        111.4922, 111.4922, 111.4922, 111.4922, 111.4844, 111.4844, 111.4766,
        111.4766, 111.4766, 111.4766, 111.4688, 111.4688, 111.4609, 111.4609,
        111.4609, 111.4531, 111.4531, 111.4531, 111.4453, 111.4453, 111.4375,
        111.4375, 111.4219, 111.3906, 111.3906, 111.3672, 111.3516, 111.3516,
        111.3516, 111.3438, 111.3281, 111.3281, 111.3281, 111.3203, 111.3203,
        111.3203, 111.3203, 111.3125, 111.3047, 111.3047, 111.2969, 111.2969,
        111.2969, 111.2891, 111.2891, 111.2891, 111.2812, 111.2812, 111.2812,
        111.2734, 111.2734, 111.2734, 111.2734, 111.2656, 111.2656, 111.2656,
        111.2656, 111.2656, 111.2578, 111.2578, 111.2578, 111.2500, 111.2500,
        111.2500, 111.2422, 111.2422, 111.2344, 111.2266, 111.2031, 111.1641,
        111.1562, 111.1562, 111.1484, 111.1484, 111.1484, 111.1484, 111.1484,
        111.1484, 111.1484, 111.1406, 111.1406, 111.1406, 111.1406, 111.1406,
        111.1328, 111.1172, 111.1016, 111.1016, 111.0938, 111.0938, 111.0938,
        111.0938, 111.0938, 111.0938, 111.0859, 111.0859, 111.0859, 111.0859,
        111.0859, 111.0781, 111.0781, 111.0781, 111.0781, 111.0781, 111.0781,
        111.0703, 111.0703, 111.0703, 111.0703, 111.0703, 111.0703, 111.0625,
        111.0625, 111.0625, 111.0547, 111.0547, 111.0469, 111.0469, 111.0469,
        111.0469, 111.0391, 111.0391, 111.0391, 111.0391, 111.0391, 111.0391,
        111.0391, 111.0391, 111.0391, 111.0391, 111.0312, 111.0312, 111.0312,
        111.0312, 111.0312, 111.0312, 111.0312, 111.0312, 111.0312, 111.0234,
        111.0234, 111.0234, 111.0156, 111.0156, 111.0156, 110.9844, 110.9609])
