[2024-09-19 19:06:37,959][root][INFO] - self.cfg: 
 lr: 0.0001
c_in: 6
zfar: 'Infinity'
debug: null
n_view: 1
run_id: 3wy8qqex
use_BN: true
exp_name: 2024-01-11-20-02-45
n_epochs: 62
save_dir: /home/bowenw/debug/2024-01-11-20-02-45/
use_mask: false
loss_type: pairwise_valid
optimizer: adam
batch_size: 64
crop_ratio: 1.1
enable_amp: true
use_normal: false
max_num_key: null
warmup_step: -1
input_resize:
- 160
- 160
max_step_val: 1000
vis_interval: 1000
weight_decay: 0
normalize_xyz: true
resume_run_id: null
clip_grad_norm: 'Infinity'
lr_epoch_decay: 500
render_backend: nvdiffrast
train_num_pair: 5
lr_decay_epochs:
- 50
n_epochs_warmup: 1
make_pair_online: false
gradient_max_norm: 'Infinity'
max_step_per_epoch: 10000
n_rendering_workers: 1
save_epoch_interval: 100
n_dataloader_workers: 100
split_objects_across_gpus: true
ckpt_dir: FoundationPose/learning/training/../../weights/2024-01-11-20-02-45/model_best.pth

[2024-09-19 19:06:37,959][root][INFO] - self.h5_file:None
[2024-09-19 19:06:38,131][root][INFO] - Using pretrained model from FoundationPose/learning/training/../../weights/2024-01-11-20-02-45/model_best.pth
[2024-09-19 19:06:38,188][root][INFO] - init done
[2024-09-19 19:06:38,188][root][INFO] - welcome
[2024-09-19 19:06:38,191][root][INFO] - self.cfg: 
 lr: 0.0001
c_in: 6
zfar: .inf
debug: null
w_rot: 0.1
n_view: 1
run_id: null
use_BN: true
rot_rep: axis_angle
ckpt_dir: FoundationPose/learning/training/../../weights/2023-10-28-18-33-37/model_best.pth
exp_name: 2023-10-28-18-33-37
save_dir: /tmp/2023-10-28-18-33-37/
loss_type: l2
optimizer: adam
trans_rep: tracknet
batch_size: 64
crop_ratio: 1.2
use_normal: false
BN_momentum: 0.1
max_num_key: null
warmup_step: -1
input_resize:
- 160
- 160
max_step_val: 1000
normal_uint8: false
vis_interval: 1000
weight_decay: 0
n_max_objects: null
normalize_xyz: true
clip_grad_norm: 'Infinity'
rot_normalizer: 0.3490658503988659
trans_normalizer:
- 0.019999999552965164
- 0.019999999552965164
- 0.05000000074505806
max_step_per_epoch: 25000
val_epoch_interval: 10
n_dataloader_workers: 60
enable_amp: true
use_mask: false

[2024-09-19 19:06:38,191][root][INFO] - self.h5_file:
[2024-09-19 19:06:38,238][root][INFO] - Using pretrained model from FoundationPose/learning/training/../../weights/2023-10-28-18-33-37/model_best.pth
[2024-09-19 19:06:38,260][root][INFO] - init done
[2024-09-19 19:06:40,460][root][INFO] - self.diameter:0.21736649539996883, vox_size:0.010868324769998442
[2024-09-19 19:06:40,475][root][INFO] - self.pts:torch.Size([491, 3])
[2024-09-19 19:06:41,295][root][INFO] - reset done
[2024-09-19 19:06:41,296][root][INFO] - cam_in_obs:(42, 4, 4)
[2024-09-19 19:06:41,297][root][INFO] - rot_grid:(252, 4, 4)
[2024-09-19 19:06:41,298][root][INFO] - after cluster, rot_grid:(252, 4, 4)
[2024-09-19 19:06:41,299][root][INFO] - self.rot_grid: torch.Size([252, 4, 4])
[2024-09-19 19:06:51,578][root][INFO] - Welcome
[2024-09-19 19:06:51,592][root][INFO] - poses:(252, 4, 4)
[2024-09-19 19:06:51,601][root][INFO] - after viewpoint, add_errs min:-1.0
[2024-09-19 19:06:51,632][root][INFO] - ob_in_cams:(252, 4, 4)
[2024-09-19 19:06:51,632][root][INFO] - self.cfg.use_normal:False
[2024-09-19 19:06:51,633][root][INFO] - trans_normalizer:[0.019999999552965164, 0.019999999552965164, 0.05000000074505806], rot_normalizer:0.3490658503988659
[2024-09-19 19:06:51,678][root][INFO] - making cropped data
[2024-09-19 19:06:51,678][root][INFO] - Welcome make_crop_data_batch
[2024-09-19 19:06:51,681][root][INFO] - make tf_to_crops done
[2024-09-19 19:06:51,709][root][INFO] - render done
[2024-09-19 19:06:51,715][root][INFO] - warp done
[2024-09-19 19:06:51,720][root][INFO] - pose batch data done
[2024-09-19 19:06:51,720][root][INFO] - forward start
[2024-09-19 19:06:51,837][root][INFO] - forward done
[2024-09-19 19:06:51,850][root][INFO] - making cropped data
[2024-09-19 19:06:51,850][root][INFO] - Welcome make_crop_data_batch
[2024-09-19 19:06:51,850][root][INFO] - make tf_to_crops done
[2024-09-19 19:06:51,870][root][INFO] - render done
[2024-09-19 19:06:51,874][root][INFO] - warp done
[2024-09-19 19:06:51,877][root][INFO] - pose batch data done
[2024-09-19 19:06:51,877][root][INFO] - forward start
[2024-09-19 19:06:51,878][root][INFO] - forward done
[2024-09-19 19:06:51,879][root][INFO] - making cropped data
[2024-09-19 19:06:51,879][root][INFO] - Welcome make_crop_data_batch
[2024-09-19 19:06:51,978][root][INFO] - make tf_to_crops done
[2024-09-19 19:06:51,998][root][INFO] - render done
[2024-09-19 19:06:52,001][root][INFO] - warp done
[2024-09-19 19:06:52,004][root][INFO] - pose batch data done
[2024-09-19 19:06:52,004][root][INFO] - forward start
[2024-09-19 19:06:52,005][root][INFO] - forward done
[2024-09-19 19:06:52,006][root][INFO] - making cropped data
[2024-09-19 19:06:52,006][root][INFO] - Welcome make_crop_data_batch
[2024-09-19 19:06:52,106][root][INFO] - make tf_to_crops done
[2024-09-19 19:06:52,125][root][INFO] - render done
[2024-09-19 19:06:52,128][root][INFO] - warp done
[2024-09-19 19:06:52,131][root][INFO] - pose batch data done
[2024-09-19 19:06:52,131][root][INFO] - forward start
[2024-09-19 19:06:52,132][root][INFO] - forward done
[2024-09-19 19:06:52,133][root][INFO] - making cropped data
[2024-09-19 19:06:52,133][root][INFO] - Welcome make_crop_data_batch
[2024-09-19 19:06:52,232][root][INFO] - make tf_to_crops done
[2024-09-19 19:06:52,251][root][INFO] - render done
[2024-09-19 19:06:52,255][root][INFO] - warp done
[2024-09-19 19:06:52,258][root][INFO] - pose batch data done
[2024-09-19 19:06:52,258][root][INFO] - forward start
[2024-09-19 19:06:52,259][root][INFO] - forward done
[2024-09-19 19:06:52,374][root][INFO] - ob_in_cams:(252, 4, 4)
[2024-09-19 19:06:52,375][root][INFO] - self.cfg.use_normal:False
[2024-09-19 19:06:52,375][root][INFO] - making cropped data
[2024-09-19 19:06:52,381][root][INFO] - Welcome make_crop_data_batch
[2024-09-19 19:06:52,382][root][INFO] - make tf_to_crops done
[2024-09-19 19:06:52,399][root][INFO] - render done
[2024-09-19 19:06:52,527][root][INFO] - pose batch data done
[2024-09-19 19:06:52,528][root][INFO] - pose_data.rgbAs.shape[0]: 252
[2024-09-19 19:06:52,625][root][INFO] - forward done
[2024-09-19 19:06:52,642][root][INFO] - final, add_errs min:-1.0
[2024-09-19 19:06:52,652][root][INFO] - sort ids:tensor([ 72,  42, 216, 138, 126,   6, 132,  50,  98, 139,   0,   2, 194,  74,
        104, 163, 134,  65, 100, 188,   8, 106, 146, 170, 137, 244,  34, 101,
        227,   5,  77, 131, 129, 203, 251, 102,  56, 147,  11,   4,  22,  71,
        222,  43,  82, 112, 169, 178,  76, 124, 154,   3,  10, 103,  32,  75,
        226,  47, 185, 127, 145,  33,  73,  94,  88,  96, 164,  59, 184, 189,
        202,   7, 105, 118,   1,  89,  97,  95, 130,  28, 245, 133,  53,  68,
         16,  17,  99, 179, 111, 128, 136, 198, 107, 221,   9, 135, 174, 109,
        171, 122, 161, 207,  86, 120,  19,  37, 108,  20,  18, 114, 211, 230,
        236,  12,  78,  80,  14,  36, 150, 231, 205, 212,  41, 156,  90,  91,
        115,  31,  79, 121, 117, 149,  13,  15,  81,  26,  85, 248, 229,  21,
         93,  27,  87, 237, 142,  62,  23,  83,  25,  84, 119, 197, 125, 144,
        155, 172,  44,  92, 141, 123, 228,  35,  46, 153, 116, 206, 218,  29,
        191, 166,  40, 165, 168,  38, 241, 192, 214, 193,  48,  55, 158,  57,
         66, 204, 240,  64, 181,  60, 246, 213, 249,  54,  51,  63, 239, 199,
        225,  61,  69, 195, 224,  58, 247, 177,  30,  24, 157, 173,  52, 176,
        180, 186,  67, 209, 140, 201, 219, 242, 152, 233, 159, 200, 167, 175,
        190, 208, 210, 148,  70, 217, 183, 223,  39, 215, 196,  49, 160, 110,
        182,  45, 113, 187, 220, 250, 234, 238, 243, 143, 162, 235, 151, 232])
[2024-09-19 19:06:52,655][root][INFO] - sorted scores:tensor([85.6875, 85.6484, 85.6250, 85.5938, 85.5859, 85.5234, 85.4609, 85.4219,
        85.4219, 85.4219, 85.3828, 85.3828, 85.3828, 85.3750, 85.3750, 85.3672,
        85.3516, 85.3438, 85.3203, 85.3203, 85.3047, 85.3047, 85.3047, 85.3047,
        85.2969, 85.2969, 85.2812, 85.2812, 85.2812, 85.2734, 85.2734, 85.2734,
        85.2656, 85.2656, 85.2656, 85.2578, 85.2500, 85.2422, 85.2266, 85.2188,
        85.2188, 85.2109, 85.2109, 85.1953, 85.1875, 85.1875, 85.1875, 85.1875,
        85.1719, 85.1719, 85.1719, 85.1641, 85.1641, 85.1641, 85.1562, 85.1562,
        85.1562, 85.1484, 85.1484, 85.1406, 85.1328, 85.1172, 85.1172, 85.1172,
        85.1094, 85.1094, 85.1094, 85.1016, 85.1016, 85.1016, 85.0859, 85.0781,
        85.0781, 85.0781, 85.0625, 85.0625, 85.0547, 85.0391, 85.0391, 85.0312,
        85.0156, 85.0078, 84.9844, 84.9844, 84.9766, 84.9688, 84.9609, 84.9609,
        84.9531, 84.9375, 84.9375, 84.9375, 84.8750, 84.8672, 84.8516, 84.8516,
        84.8516, 84.8438, 84.8438, 84.8281, 84.8047, 84.7969, 84.7812, 84.7578,
        84.7500, 84.7500, 84.7422, 84.7344, 84.7266, 84.7266, 84.7266, 84.7266,
        84.7266, 84.7188, 84.7109, 84.6953, 84.6875, 84.6875, 84.6875, 84.6875,
        84.6797, 84.6797, 84.6719, 84.6641, 84.6562, 84.6328, 84.6328, 84.6250,
        84.6172, 84.6172, 84.6094, 84.6094, 84.6016, 84.5859, 84.5859, 84.5781,
        84.5781, 84.5781, 84.5703, 84.5625, 84.5547, 84.5469, 84.5469, 84.5391,
        84.5312, 84.5234, 84.5156, 84.5000, 84.4922, 84.4922, 84.4844, 84.4844,
        84.4766, 84.4766, 84.4766, 84.4453, 84.4297, 84.4297, 84.4297, 84.4219,
        84.4219, 84.3984, 84.3906, 84.3906, 84.3828, 84.3594, 84.3438, 84.3203,
        84.3203, 84.2734, 84.2578, 84.2578, 84.2578, 84.2500, 84.2188, 84.1953,
        84.1875, 84.1719, 84.1641, 84.1562, 84.1562, 84.1250, 84.1250, 84.1250,
        84.1172, 84.1094, 84.0859, 84.0781, 84.0547, 84.0469, 84.0469, 84.0312,
        83.9844, 83.9844, 83.9844, 83.9688, 83.9688, 83.9531, 83.9531, 83.9375,
        83.9219, 83.8906, 83.8750, 83.8594, 83.8438, 83.8281, 83.8281, 83.8281,
        83.8125, 83.8125, 83.7969, 83.7969, 83.7812, 83.7812, 83.7656, 83.7344,
        83.7344, 83.7188, 83.7031, 83.6875, 83.6562, 83.6562, 83.6406, 83.5781,
        83.5625, 83.5469, 83.5312, 83.5000, 83.4844, 83.4688, 83.4531, 83.4375,
        83.4219, 83.4062, 83.3438, 83.3125, 83.3125, 83.2969, 83.2812, 83.2500,
        83.2344, 83.2344, 83.2344, 83.2344, 83.2188, 83.2188, 83.2188, 83.2031,
        83.2031, 83.2031, 83.0938, 83.0938])
[2024-09-19 19:06:52,671][websockets.server][INFO] - server listening on 127.0.0.1:8080
[2024-09-19 19:06:53,226][websockets.server][INFO] - connection open
[2024-09-19 19:06:55,817][websockets.server][INFO] - connection open
[2024-09-19 19:07:08,233][websockets.server][INFO] - connection rejected (200 OK)
[2024-09-19 19:07:08,233][websockets.server][INFO] - connection closed
[2024-09-19 19:07:08,235][websockets.server][INFO] - connection closed
[2024-09-19 19:07:08,325][websockets.server][INFO] - connection rejected (200 OK)
[2024-09-19 19:07:08,329][websockets.server][INFO] - connection rejected (200 OK)
[2024-09-19 19:07:08,329][websockets.server][INFO] - connection closed
[2024-09-19 19:07:08,329][websockets.server][INFO] - connection closed
[2024-09-19 19:07:08,556][websockets.server][INFO] - connection rejected (200 OK)
[2024-09-19 19:07:08,556][websockets.server][INFO] - connection closed
[2024-09-19 19:07:08,560][websockets.server][INFO] - connection rejected (200 OK)
[2024-09-19 19:07:08,560][websockets.server][INFO] - connection closed
[2024-09-19 19:07:08,610][websockets.server][INFO] - connection rejected (200 OK)
[2024-09-19 19:07:08,611][websockets.server][INFO] - connection closed
[2024-09-19 19:07:08,617][websockets.server][INFO] - connection rejected (200 OK)
[2024-09-19 19:07:08,617][websockets.server][INFO] - connection closed
[2024-09-19 19:07:08,655][websockets.server][INFO] - connection open
[2024-09-19 19:07:09,192][websockets.server][INFO] - connection rejected (200 OK)
[2024-09-19 19:07:09,193][websockets.server][INFO] - connection rejected (200 OK)
[2024-09-19 19:07:09,193][websockets.server][INFO] - connection closed
[2024-09-19 19:07:09,193][websockets.server][INFO] - connection closed
[2024-09-19 19:07:09,209][websockets.server][INFO] - connection rejected (200 OK)
[2024-09-19 19:07:09,209][websockets.server][INFO] - connection closed
[2024-09-19 19:07:09,249][websockets.server][INFO] - connection rejected (200 OK)
[2024-09-19 19:07:09,249][websockets.server][INFO] - connection closed
[2024-09-19 19:07:09,286][websockets.server][INFO] - connection rejected (200 OK)
[2024-09-19 19:07:09,287][websockets.server][INFO] - connection closed
[2024-09-19 19:07:11,109][websockets.server][INFO] - connection open
