[2024-10-15 11:48:34,124][websockets.server][INFO] - server listening on 0.0.0.0:8080
[2024-10-15 11:48:34,399][root][INFO] - self.cfg: 
 lr: 0.0001
c_in: 6
zfar: 'Infinity'
debug: null
n_view: 1
run_id: 3wy8qqex
use_BN: true
exp_name: 2024-01-11-20-02-45
n_epochs: 62
save_dir: /home/bowenw/debug/2024-01-11-20-02-45/
use_mask: false
loss_type: pairwise_valid
optimizer: adam
batch_size: 64
crop_ratio: 1.1
enable_amp: true
use_normal: false
max_num_key: null
warmup_step: -1
input_resize:
- 160
- 160
max_step_val: 1000
vis_interval: 1000
weight_decay: 0
normalize_xyz: true
resume_run_id: null
clip_grad_norm: 'Infinity'
lr_epoch_decay: 500
render_backend: nvdiffrast
train_num_pair: 5
lr_decay_epochs:
- 50
n_epochs_warmup: 1
make_pair_online: false
gradient_max_norm: 'Infinity'
max_step_per_epoch: 10000
n_rendering_workers: 1
save_epoch_interval: 100
n_dataloader_workers: 100
split_objects_across_gpus: true
ckpt_dir: /home/shaol/gjx/rw/third_party/FoundationPose/learning/training/../../weights/2024-01-11-20-02-45/model_best.pth

[2024-10-15 11:48:34,399][root][INFO] - self.h5_file:None
[2024-10-15 11:48:34,400][websockets.server][INFO] - connection open
[2024-10-15 11:48:34,656][root][INFO] - Using pretrained model from /home/shaol/gjx/rw/third_party/FoundationPose/learning/training/../../weights/2024-01-11-20-02-45/model_best.pth
[2024-10-15 11:48:34,720][root][INFO] - init done
[2024-10-15 11:48:34,720][root][INFO] - welcome
[2024-10-15 11:48:34,723][root][INFO] - self.cfg: 
 lr: 0.0001
c_in: 6
zfar: .inf
debug: null
w_rot: 0.1
n_view: 1
run_id: null
use_BN: true
rot_rep: axis_angle
ckpt_dir: /home/shaol/gjx/rw/third_party/FoundationPose/learning/training/../../weights/2023-10-28-18-33-37/model_best.pth
exp_name: 2023-10-28-18-33-37
save_dir: /tmp/2023-10-28-18-33-37/
loss_type: l2
optimizer: adam
trans_rep: tracknet
batch_size: 64
crop_ratio: 1.2
use_normal: false
BN_momentum: 0.1
max_num_key: null
warmup_step: -1
input_resize:
- 160
- 160
max_step_val: 1000
normal_uint8: false
vis_interval: 1000
weight_decay: 0
n_max_objects: null
normalize_xyz: true
clip_grad_norm: 'Infinity'
rot_normalizer: 0.3490658503988659
trans_normalizer:
- 0.019999999552965164
- 0.019999999552965164
- 0.05000000074505806
max_step_per_epoch: 25000
val_epoch_interval: 10
n_dataloader_workers: 60
enable_amp: true
use_mask: false

[2024-10-15 11:48:34,723][root][INFO] - self.h5_file:
[2024-10-15 11:48:34,772][root][INFO] - Using pretrained model from /home/shaol/gjx/rw/third_party/FoundationPose/learning/training/../../weights/2023-10-28-18-33-37/model_best.pth
[2024-10-15 11:48:34,793][root][INFO] - init done
[2024-10-15 11:48:37,081][root][INFO] - self.diameter:0.16911805808118208, vox_size:0.008455902904059103
[2024-10-15 11:48:37,095][root][INFO] - self.pts:torch.Size([675, 3])
[2024-10-15 11:48:38,426][root][INFO] - reset done
[2024-10-15 11:48:38,427][root][INFO] - cam_in_obs:(42, 4, 4)
[2024-10-15 11:48:38,437][root][INFO] - rot_grid:(252, 4, 4)
[2024-10-15 11:48:38,438][root][INFO] - after cluster, rot_grid:(252, 4, 4)
[2024-10-15 11:48:38,439][root][INFO] - self.rot_grid: torch.Size([252, 4, 4])
[2024-10-15 11:48:50,456][root][INFO] - Welcome
[2024-10-15 11:48:50,473][root][INFO] - poses:(252, 4, 4)
[2024-10-15 11:48:50,484][root][INFO] - after viewpoint, add_errs min:-1.0
[2024-10-15 11:48:50,525][root][INFO] - ob_in_cams:(252, 4, 4)
[2024-10-15 11:48:50,528][root][INFO] - self.cfg.use_normal:False
[2024-10-15 11:48:50,528][root][INFO] - trans_normalizer:[0.019999999552965164, 0.019999999552965164, 0.05000000074505806], rot_normalizer:0.3490658503988659
[2024-10-15 11:48:50,564][root][INFO] - making cropped data
[2024-10-15 11:48:50,564][root][INFO] - Welcome make_crop_data_batch
[2024-10-15 11:48:50,568][root][INFO] - make tf_to_crops done
[2024-10-15 11:48:50,598][root][INFO] - render done
[2024-10-15 11:48:50,604][root][INFO] - warp done
[2024-10-15 11:48:50,609][root][INFO] - pose batch data done
[2024-10-15 11:48:50,610][root][INFO] - forward start
[2024-10-15 11:48:50,730][root][INFO] - forward done
[2024-10-15 11:48:50,740][root][INFO] - making cropped data
[2024-10-15 11:48:50,741][root][INFO] - Welcome make_crop_data_batch
[2024-10-15 11:48:50,741][root][INFO] - make tf_to_crops done
[2024-10-15 11:48:50,763][root][INFO] - render done
[2024-10-15 11:48:50,766][root][INFO] - warp done
[2024-10-15 11:48:50,769][root][INFO] - pose batch data done
[2024-10-15 11:48:50,769][root][INFO] - forward start
[2024-10-15 11:48:50,770][root][INFO] - forward done
[2024-10-15 11:48:50,771][root][INFO] - making cropped data
[2024-10-15 11:48:50,771][root][INFO] - Welcome make_crop_data_batch
[2024-10-15 11:48:50,864][root][INFO] - make tf_to_crops done
[2024-10-15 11:48:50,885][root][INFO] - render done
[2024-10-15 11:48:50,889][root][INFO] - warp done
[2024-10-15 11:48:50,891][root][INFO] - pose batch data done
[2024-10-15 11:48:50,891][root][INFO] - forward start
[2024-10-15 11:48:50,893][root][INFO] - forward done
[2024-10-15 11:48:50,893][root][INFO] - making cropped data
[2024-10-15 11:48:50,893][root][INFO] - Welcome make_crop_data_batch
[2024-10-15 11:48:50,983][root][INFO] - make tf_to_crops done
[2024-10-15 11:48:51,003][root][INFO] - render done
[2024-10-15 11:48:51,007][root][INFO] - warp done
[2024-10-15 11:48:51,010][root][INFO] - pose batch data done
[2024-10-15 11:48:51,010][root][INFO] - forward start
[2024-10-15 11:48:51,011][root][INFO] - forward done
[2024-10-15 11:48:51,012][root][INFO] - making cropped data
[2024-10-15 11:48:51,012][root][INFO] - Welcome make_crop_data_batch
[2024-10-15 11:48:51,101][root][INFO] - make tf_to_crops done
[2024-10-15 11:48:51,122][root][INFO] - render done
[2024-10-15 11:48:51,126][root][INFO] - warp done
[2024-10-15 11:48:51,128][root][INFO] - pose batch data done
[2024-10-15 11:48:51,128][root][INFO] - forward start
[2024-10-15 11:48:51,130][root][INFO] - forward done
[2024-10-15 11:48:51,235][root][INFO] - ob_in_cams:(252, 4, 4)
[2024-10-15 11:48:51,235][root][INFO] - self.cfg.use_normal:False
[2024-10-15 11:48:51,235][root][INFO] - making cropped data
[2024-10-15 11:48:51,245][root][INFO] - Welcome make_crop_data_batch
[2024-10-15 11:48:51,246][root][INFO] - make tf_to_crops done
[2024-10-15 11:48:51,265][root][INFO] - render done
[2024-10-15 11:48:51,382][root][INFO] - pose batch data done
[2024-10-15 11:48:51,383][root][INFO] - pose_data.rgbAs.shape[0]: 252
[2024-10-15 11:48:51,471][root][INFO] - forward done
[2024-10-15 11:48:51,489][root][INFO] - final, add_errs min:-1.0
[2024-10-15 11:48:51,498][root][INFO] - sort ids:tensor([200, 196,  10,   3,  57, 189, 128, 171,  51,  52, 141, 195,  44,  45,
        165,   9,  75, 148, 147, 135, 160, 166, 129, 218, 140, 105, 153, 177,
        159, 131,  60, 222, 246,  99, 187, 199, 203,  64, 130, 125, 226,  32,
        146, 150, 202, 208, 214,  23, 144, 132, 151, 198, 250,  49,  19,  54,
        164, 192, 209,  16, 232,  70, 172,   4, 145,  35, 121,  65,  83, 175,
        248,  93,  66, 126,  77, 170, 247,  41, 205, 157, 193, 119,  88, 103,
        186,  22,   5,  47, 156,   0,  62, 182, 217, 118, 229,  42,  56, 143,
         55,  71,  96, 155, 163, 139, 127, 220, 215, 211,  26, 138, 178,  48,
        137, 188, 162, 221, 106,  61, 107,  17,  86, 240, 173, 227, 233, 251,
          6, 113, 154, 201, 210,  84, 228,  31,  72, 102,  15, 169, 219, 206,
        224, 174, 225, 234, 242,  69,  82, 168, 243,   1,   2,  50, 167,  78,
        101,  38,  63,  29,  76, 152,  43,  85,  89,  94, 235,  30, 117, 136,
        194, 212, 223,   8,  12,  97, 120, 122, 158, 216,  13,  91,  92,  95,
         98, 104,  37,  67, 116, 179, 183, 190, 191, 238, 245,  40, 110, 181,
        176, 180, 244,  20,  74, 142,  11,  14,  33, 108, 149, 213, 241,  80,
        100,  21,  28, 124, 134,  24,  39,  68,  81,  87,  90,  58,  59, 197,
        207,  18, 184, 204, 236, 239,  36,  46, 161, 230,  27,  79, 114, 249,
         53, 111, 123, 237, 115,  34, 109, 185, 231,  73,  25, 133,   7, 112])
[2024-10-15 11:48:51,503][root][INFO] - sorted scores:tensor([89.6875, 89.6719, 89.5703, 89.5547, 89.5312, 89.5000, 89.4922, 89.4531,
        89.4375, 89.4375, 89.4297, 89.4297, 89.4219, 89.4219, 89.4141, 89.4062,
        89.4062, 89.4062, 89.3984, 89.3906, 89.3906, 89.3906, 89.3828, 89.3828,
        89.3750, 89.2188, 88.8281, 88.6406, 88.6250, 88.4688, 88.2969, 88.2656,
        88.2578, 88.2031, 88.1953, 88.1953, 88.1562, 88.1250, 88.0859, 88.0547,
        88.0547, 88.0469, 88.0391, 88.0391, 88.0391, 88.0234, 88.0078, 88.0000,
        87.9844, 87.9453, 87.9375, 87.9375, 87.9375, 87.9219, 87.9141, 87.9141,
        87.8906, 87.8672, 87.8672, 87.8594, 87.8594, 87.8438, 87.8438, 87.8281,
        87.8281, 87.8125, 87.8125, 87.8047, 87.8047, 87.7969, 87.7734, 87.7656,
        87.7578, 87.7578, 87.7500, 87.7500, 87.7500, 87.7422, 87.7422, 87.7344,
        87.7344, 87.7188, 87.7031, 87.6875, 87.6875, 87.6797, 87.6719, 87.6719,
        87.6719, 87.6484, 87.6484, 87.6484, 87.6484, 87.6406, 87.6406, 87.6250,
        87.6250, 87.6250, 87.6172, 87.6172, 87.6172, 87.6172, 87.6172, 87.6094,
        87.5938, 87.5938, 87.5859, 87.5781, 87.5625, 87.5625, 87.5625, 87.5547,
        87.5547, 87.5547, 87.5469, 87.5469, 87.5391, 87.5312, 87.5312, 87.5234,
        87.5234, 87.5234, 87.5078, 87.5078, 87.5078, 87.5078, 87.5000, 87.5000,
        87.5000, 87.5000, 87.5000, 87.4844, 87.4844, 87.4766, 87.4766, 87.4766,
        87.4688, 87.4688, 87.4688, 87.4609, 87.4609, 87.4531, 87.4531, 87.4531,
        87.4531, 87.4453, 87.4453, 87.4375, 87.4297, 87.4219, 87.4219, 87.4219,
        87.4219, 87.4141, 87.4141, 87.4062, 87.4062, 87.3984, 87.3984, 87.3984,
        87.3906, 87.3906, 87.3906, 87.3906, 87.3906, 87.3828, 87.3828, 87.3828,
        87.3828, 87.3828, 87.3828, 87.3750, 87.3750, 87.3750, 87.3750, 87.3750,
        87.3750, 87.3750, 87.3672, 87.3672, 87.3672, 87.3672, 87.3672, 87.3672,
        87.3516, 87.3516, 87.3516, 87.3516, 87.3516, 87.3516, 87.3516, 87.3516,
        87.3516, 87.3438, 87.3438, 87.3438, 87.3359, 87.3359, 87.3359, 87.3281,
        87.3281, 87.3281, 87.3203, 87.3203, 87.3203, 87.3203, 87.3203, 87.3203,
        87.3203, 87.3125, 87.3125, 87.3047, 87.3047, 87.3047, 87.3047, 87.2969,
        87.2969, 87.2969, 87.2969, 87.2969, 87.2969, 87.2891, 87.2891, 87.2891,
        87.2891, 87.2812, 87.2812, 87.2812, 87.2812, 87.2812, 87.2734, 87.2734,
        87.2734, 87.2734, 87.2578, 87.2578, 87.2500, 87.2422, 87.2344, 87.2344,
        87.2344, 87.2344, 87.2266, 87.2188, 87.2188, 87.2188, 87.2031, 87.1875,
        87.1797, 87.1719, 87.1484, 87.1328])
