[2024-12-23 14:50:24,340][websockets.server][INFO] - server listening on 0.0.0.0:8080
[2024-12-23 14:50:24,487][root][INFO] - self.cfg: 
 lr: 0.0001
c_in: 6
zfar: 'Infinity'
debug: null
n_view: 1
run_id: 3wy8qqex
use_BN: true
exp_name: 2024-01-11-20-02-45
n_epochs: 62
save_dir: /home/bowenw/debug/2024-01-11-20-02-45/
use_mask: false
loss_type: pairwise_valid
optimizer: adam
batch_size: 64
crop_ratio: 1.1
enable_amp: true
use_normal: false
max_num_key: null
warmup_step: -1
input_resize:
- 160
- 160
max_step_val: 1000
vis_interval: 1000
weight_decay: 0
normalize_xyz: true
resume_run_id: null
clip_grad_norm: 'Infinity'
lr_epoch_decay: 500
render_backend: nvdiffrast
train_num_pair: 5
lr_decay_epochs:
- 50
n_epochs_warmup: 1
make_pair_online: false
gradient_max_norm: 'Infinity'
max_step_per_epoch: 10000
n_rendering_workers: 1
save_epoch_interval: 100
n_dataloader_workers: 100
split_objects_across_gpus: true
ckpt_dir: /data/zjx/rw/third_party/FoundationPose/learning/training/../../weights/2024-01-11-20-02-45/model_best.pth

[2024-12-23 14:50:24,487][root][INFO] - self.h5_file:None
[2024-12-23 14:50:24,626][root][INFO] - Using pretrained model from /data/zjx/rw/third_party/FoundationPose/learning/training/../../weights/2024-01-11-20-02-45/model_best.pth
[2024-12-23 14:50:24,690][root][INFO] - init done
[2024-12-23 14:50:24,690][root][INFO] - welcome
[2024-12-23 14:50:24,693][root][INFO] - self.cfg: 
 lr: 0.0001
c_in: 6
zfar: .inf
debug: null
w_rot: 0.1
n_view: 1
run_id: null
use_BN: true
rot_rep: axis_angle
ckpt_dir: /data/zjx/rw/third_party/FoundationPose/learning/training/../../weights/2023-10-28-18-33-37/model_best.pth
exp_name: 2023-10-28-18-33-37
save_dir: /tmp/2023-10-28-18-33-37/
loss_type: l2
optimizer: adam
trans_rep: tracknet
batch_size: 64
crop_ratio: 1.2
use_normal: false
BN_momentum: 0.1
max_num_key: null
warmup_step: -1
input_resize:
- 160
- 160
max_step_val: 1000
normal_uint8: false
vis_interval: 1000
weight_decay: 0
n_max_objects: null
normalize_xyz: true
clip_grad_norm: 'Infinity'
rot_normalizer: 0.3490658503988659
trans_normalizer:
- 0.019999999552965164
- 0.019999999552965164
- 0.05000000074505806
max_step_per_epoch: 25000
val_epoch_interval: 10
n_dataloader_workers: 60
enable_amp: true
use_mask: false

[2024-12-23 14:50:24,693][root][INFO] - self.h5_file:
[2024-12-23 14:50:24,737][root][INFO] - Using pretrained model from /data/zjx/rw/third_party/FoundationPose/learning/training/../../weights/2023-10-28-18-33-37/model_best.pth
[2024-12-23 14:50:24,754][root][INFO] - init done
[2024-12-23 14:50:24,787][websockets.server][INFO] - connection open
[2024-12-23 14:50:26,038][root][INFO] - self.diameter:0.2729166168820516, vox_size:0.01364583084410258
[2024-12-23 14:50:26,053][root][INFO] - self.pts:torch.Size([179, 3])
[2024-12-23 14:50:27,049][root][INFO] - reset done
[2024-12-23 14:50:27,050][root][INFO] - cam_in_obs:(42, 4, 4)
[2024-12-23 14:50:27,051][root][INFO] - rot_grid:(252, 4, 4)
[2024-12-23 14:50:27,052][root][INFO] - after cluster, rot_grid:(252, 4, 4)
[2024-12-23 14:50:27,052][root][INFO] - self.rot_grid: torch.Size([252, 4, 4])
[2024-12-23 14:50:36,464][root][INFO] - Welcome
[2024-12-23 14:50:36,478][root][INFO] - poses:(252, 4, 4)
[2024-12-23 14:50:36,486][root][INFO] - after viewpoint, add_errs min:-1.0
[2024-12-23 14:50:36,508][root][INFO] - ob_in_cams:(252, 4, 4)
[2024-12-23 14:50:36,508][root][INFO] - self.cfg.use_normal:False
[2024-12-23 14:50:36,508][root][INFO] - trans_normalizer:[0.019999999552965164, 0.019999999552965164, 0.05000000074505806], rot_normalizer:0.3490658503988659
[2024-12-23 14:50:36,515][root][INFO] - making cropped data
[2024-12-23 14:50:36,515][root][INFO] - Welcome make_crop_data_batch
[2024-12-23 14:50:36,518][root][INFO] - make tf_to_crops done
[2024-12-23 14:50:36,542][root][INFO] - render done
[2024-12-23 14:50:36,549][root][INFO] - warp done
[2024-12-23 14:50:36,554][root][INFO] - pose batch data done
[2024-12-23 14:50:36,554][root][INFO] - forward start
[2024-12-23 14:50:36,683][root][INFO] - forward done
[2024-12-23 14:50:36,695][root][INFO] - making cropped data
[2024-12-23 14:50:36,696][root][INFO] - Welcome make_crop_data_batch
[2024-12-23 14:50:36,696][root][INFO] - make tf_to_crops done
[2024-12-23 14:50:36,713][root][INFO] - render done
[2024-12-23 14:50:36,718][root][INFO] - warp done
[2024-12-23 14:50:36,721][root][INFO] - pose batch data done
[2024-12-23 14:50:36,721][root][INFO] - forward start
[2024-12-23 14:50:36,722][root][INFO] - forward done
[2024-12-23 14:50:36,722][root][INFO] - making cropped data
[2024-12-23 14:50:36,722][root][INFO] - Welcome make_crop_data_batch
[2024-12-23 14:50:36,828][root][INFO] - make tf_to_crops done
[2024-12-23 14:50:36,844][root][INFO] - render done
[2024-12-23 14:50:36,849][root][INFO] - warp done
[2024-12-23 14:50:36,852][root][INFO] - pose batch data done
[2024-12-23 14:50:36,852][root][INFO] - forward start
[2024-12-23 14:50:36,853][root][INFO] - forward done
[2024-12-23 14:50:36,854][root][INFO] - making cropped data
[2024-12-23 14:50:36,854][root][INFO] - Welcome make_crop_data_batch
[2024-12-23 14:50:36,956][root][INFO] - make tf_to_crops done
[2024-12-23 14:50:36,971][root][INFO] - render done
[2024-12-23 14:50:36,975][root][INFO] - warp done
[2024-12-23 14:50:36,977][root][INFO] - pose batch data done
[2024-12-23 14:50:36,977][root][INFO] - forward start
[2024-12-23 14:50:36,979][root][INFO] - forward done
[2024-12-23 14:50:36,979][root][INFO] - making cropped data
[2024-12-23 14:50:36,979][root][INFO] - Welcome make_crop_data_batch
[2024-12-23 14:50:37,082][root][INFO] - make tf_to_crops done
[2024-12-23 14:50:37,096][root][INFO] - render done
[2024-12-23 14:50:37,104][root][INFO] - warp done
[2024-12-23 14:50:37,107][root][INFO] - pose batch data done
[2024-12-23 14:50:37,107][root][INFO] - forward start
[2024-12-23 14:50:37,108][root][INFO] - forward done
[2024-12-23 14:50:37,109][root][INFO] - making cropped data
[2024-12-23 14:50:37,109][root][INFO] - Welcome make_crop_data_batch
[2024-12-23 14:50:37,210][root][INFO] - make tf_to_crops done
[2024-12-23 14:50:37,226][root][INFO] - render done
[2024-12-23 14:50:37,229][root][INFO] - warp done
[2024-12-23 14:50:37,232][root][INFO] - pose batch data done
[2024-12-23 14:50:37,233][root][INFO] - forward start
[2024-12-23 14:50:37,234][root][INFO] - forward done
[2024-12-23 14:50:37,234][root][INFO] - making cropped data
[2024-12-23 14:50:37,234][root][INFO] - Welcome make_crop_data_batch
[2024-12-23 14:50:37,337][root][INFO] - make tf_to_crops done
[2024-12-23 14:50:37,353][root][INFO] - render done
[2024-12-23 14:50:37,356][root][INFO] - warp done
[2024-12-23 14:50:37,359][root][INFO] - pose batch data done
[2024-12-23 14:50:37,359][root][INFO] - forward start
[2024-12-23 14:50:37,360][root][INFO] - forward done
[2024-12-23 14:50:37,361][root][INFO] - making cropped data
[2024-12-23 14:50:37,361][root][INFO] - Welcome make_crop_data_batch
[2024-12-23 14:50:37,462][root][INFO] - make tf_to_crops done
[2024-12-23 14:50:37,478][root][INFO] - render done
[2024-12-23 14:50:37,483][root][INFO] - warp done
[2024-12-23 14:50:37,485][root][INFO] - pose batch data done
[2024-12-23 14:50:37,486][root][INFO] - forward start
[2024-12-23 14:50:37,487][root][INFO] - forward done
[2024-12-23 14:50:37,487][root][INFO] - making cropped data
[2024-12-23 14:50:37,487][root][INFO] - Welcome make_crop_data_batch
[2024-12-23 14:50:37,591][root][INFO] - make tf_to_crops done
[2024-12-23 14:50:37,607][root][INFO] - render done
[2024-12-23 14:50:37,610][root][INFO] - warp done
[2024-12-23 14:50:37,613][root][INFO] - pose batch data done
[2024-12-23 14:50:37,613][root][INFO] - forward start
[2024-12-23 14:50:37,614][root][INFO] - forward done
[2024-12-23 14:50:37,614][root][INFO] - making cropped data
[2024-12-23 14:50:37,614][root][INFO] - Welcome make_crop_data_batch
[2024-12-23 14:50:37,717][root][INFO] - make tf_to_crops done
[2024-12-23 14:50:37,732][root][INFO] - render done
[2024-12-23 14:50:37,736][root][INFO] - warp done
[2024-12-23 14:50:37,739][root][INFO] - pose batch data done
[2024-12-23 14:50:37,739][root][INFO] - forward start
[2024-12-23 14:50:37,740][root][INFO] - forward done
[2024-12-23 14:50:37,855][root][INFO] - ob_in_cams:(252, 4, 4)
[2024-12-23 14:50:37,855][root][INFO] - self.cfg.use_normal:False
[2024-12-23 14:50:37,855][root][INFO] - making cropped data
[2024-12-23 14:50:37,863][root][INFO] - Welcome make_crop_data_batch
[2024-12-23 14:50:37,864][root][INFO] - make tf_to_crops done
[2024-12-23 14:50:37,877][root][INFO] - render done
[2024-12-23 14:50:38,005][root][INFO] - pose batch data done
[2024-12-23 14:50:38,005][root][INFO] - pose_data.rgbAs.shape[0]: 252
[2024-12-23 14:50:38,100][root][INFO] - forward done
[2024-12-23 14:50:38,118][root][INFO] - final, add_errs min:-1.0
[2024-12-23 14:50:38,128][root][INFO] - sort ids:tensor([  1,   8,  43,  44, 127, 128, 133, 134, 146, 164, 170, 199,   2,   7,
         50,  61,  73,  74,  98, 103, 104, 145, 169, 200, 224, 147, 217, 165,
          4,  76,   5,  10,  77, 100, 101, 106, 107, 172, 216, 226, 227,  11,
         34,  35,  58,  71, 130, 131, 137, 149, 173, 202, 203, 222, 245, 251,
        189, 190, 240,  66, 250,  51, 112, 136, 153, 193, 234, 248, 113, 139,
        140, 159,  26, 228,  25,  41,  57, 183, 195, 235,  40,  55,  60, 124,
        154, 204, 210,  13,  22,  67,  85, 125, 160, 176, 177, 182, 205, 215,
        229,  52,  80,  82,  86,  92, 119, 178, 209,  31,  46,  48,  63,  69,
        109, 157, 162, 186, 187, 201, 213, 219, 225, 230, 243, 249,  14,  19,
         23,  29,  32,  47,  54,  64,  70,  79, 110, 142, 143, 144, 167, 168,
        174, 180, 185, 192, 220, 238, 242,  17,  20,  28,  94, 115, 116, 122,
        206, 237,  16,  59,  62,  83,  89,  95, 121, 151, 152, 155, 233,  37,
        179, 212, 156, 232,  88,  38,  49, 207, 118, 247, 196, 197, 246, 194,
        158,  53,  97, 208,  68,  91, 148, 150, 175, 223,  56,  65, 171, 198,
        231, 105, 114, 120, 166, 181, 241,   0,   3,   9,  15,  18,  21,  36,
         72,  75,  78,  84,  87,  90,  93,  99, 102, 111, 117, 126, 129, 135,
        191, 214,   6,  12,  24,  27,  30,  33,  39,  42,  45,  81,  96, 108,
        123, 132, 138, 141, 161, 163, 184, 188, 211, 218, 221, 236, 239, 244])
[2024-12-23 14:50:38,131][root][INFO] - sorted scores:tensor([83.2812, 83.2812, 83.2812, 83.2812, 83.2812, 83.2812, 83.2812, 83.2812,
        83.2812, 83.2812, 83.2812, 83.2812, 83.2656, 83.2656, 83.2656, 83.2656,
        83.2656, 83.2656, 83.2656, 83.2656, 83.2656, 83.2656, 83.2656, 83.2656,
        83.2656, 83.2500, 83.2344, 83.2031, 83.1875, 83.1875, 83.1719, 83.1719,
        83.1719, 83.1719, 83.1719, 83.1719, 83.1719, 83.1719, 83.1719, 83.1719,
        83.1719, 83.1562, 83.1562, 83.1562, 83.1562, 83.1562, 83.1562, 83.1562,
        83.1562, 83.1562, 83.1562, 83.1562, 83.1562, 83.1562, 83.1562, 83.1562,
        83.1406, 83.1406, 83.1406, 83.1250, 83.1250, 83.1094, 83.1094, 83.1094,
        83.0781, 83.0625, 83.0625, 83.0625, 83.0469, 83.0312, 83.0312, 83.0312,
        83.0156, 83.0156, 83.0000, 83.0000, 83.0000, 83.0000, 83.0000, 83.0000,
        82.9844, 82.9844, 82.9844, 82.9844, 82.9844, 82.9844, 82.9844, 82.9688,
        82.9688, 82.9688, 82.9688, 82.9688, 82.9688, 82.9688, 82.9688, 82.9688,
        82.9688, 82.9688, 82.9688, 82.9531, 82.9531, 82.9531, 82.9531, 82.9531,
        82.9531, 82.9531, 82.9531, 82.9375, 82.9375, 82.9375, 82.9375, 82.9375,
        82.9375, 82.9375, 82.9375, 82.9375, 82.9375, 82.9375, 82.9375, 82.9375,
        82.9375, 82.9375, 82.9375, 82.9375, 82.9219, 82.9219, 82.9219, 82.9219,
        82.9219, 82.9219, 82.9219, 82.9219, 82.9219, 82.9219, 82.9219, 82.9219,
        82.9219, 82.9219, 82.9219, 82.9219, 82.9219, 82.9219, 82.9219, 82.9219,
        82.9219, 82.9219, 82.9219, 82.9062, 82.9062, 82.9062, 82.9062, 82.9062,
        82.9062, 82.9062, 82.9062, 82.9062, 82.8906, 82.8906, 82.8906, 82.8906,
        82.8906, 82.8906, 82.8906, 82.8906, 82.8906, 82.8906, 82.8906, 82.8750,
        82.8750, 82.8750, 82.8594, 82.8594, 82.8438, 82.7969, 82.7812, 82.7812,
        82.6875, 82.6562, 82.6250, 82.4844, 82.2969, 82.0625, 81.0312, 80.9844,
        80.9844, 80.9844, 80.9688, 80.9688, 80.9688, 80.9688, 80.9688, 80.9688,
        80.9531, 80.9531, 80.9531, 80.9531, 80.9531, 80.9375, 80.9375, 80.9375,
        80.9375, 80.9375, 80.9375, 80.9219, 80.9219, 80.9219, 80.9219, 80.9219,
        80.9219, 80.9219, 80.9219, 80.9219, 80.9219, 80.9219, 80.9219, 80.9219,
        80.9219, 80.9219, 80.9219, 80.9219, 80.9219, 80.9219, 80.9219, 80.9219,
        80.9219, 80.9219, 80.9062, 80.9062, 80.9062, 80.9062, 80.9062, 80.9062,
        80.9062, 80.9062, 80.9062, 80.9062, 80.9062, 80.9062, 80.9062, 80.9062,
        80.9062, 80.9062, 80.9062, 80.9062, 80.9062, 80.9062, 80.9062, 80.9062,
        80.9062, 80.9062, 80.9062, 80.9062])
