[2024-09-20 13:11:40,295][root][INFO] - self.cfg: 
 lr: 0.0001
c_in: 6
zfar: 'Infinity'
debug: null
n_view: 1
run_id: 3wy8qqex
use_BN: true
exp_name: 2024-01-11-20-02-45
n_epochs: 62
save_dir: /home/bowenw/debug/2024-01-11-20-02-45/
use_mask: false
loss_type: pairwise_valid
optimizer: adam
batch_size: 64
crop_ratio: 1.1
enable_amp: true
use_normal: false
max_num_key: null
warmup_step: -1
input_resize:
- 160
- 160
max_step_val: 1000
vis_interval: 1000
weight_decay: 0
normalize_xyz: true
resume_run_id: null
clip_grad_norm: 'Infinity'
lr_epoch_decay: 500
render_backend: nvdiffrast
train_num_pair: 5
lr_decay_epochs:
- 50
n_epochs_warmup: 1
make_pair_online: false
gradient_max_norm: 'Infinity'
max_step_per_epoch: 10000
n_rendering_workers: 1
save_epoch_interval: 100
n_dataloader_workers: 100
split_objects_across_gpus: true
ckpt_dir: FoundationPose/learning/training/../../weights/2024-01-11-20-02-45/model_best.pth

[2024-09-20 13:11:40,296][root][INFO] - self.h5_file:None
[2024-09-20 13:11:40,479][root][INFO] - Using pretrained model from FoundationPose/learning/training/../../weights/2024-01-11-20-02-45/model_best.pth
[2024-09-20 13:11:40,532][root][INFO] - init done
[2024-09-20 13:11:40,532][root][INFO] - welcome
[2024-09-20 13:11:40,535][root][INFO] - self.cfg: 
 lr: 0.0001
c_in: 6
zfar: .inf
debug: null
w_rot: 0.1
n_view: 1
run_id: null
use_BN: true
rot_rep: axis_angle
ckpt_dir: FoundationPose/learning/training/../../weights/2023-10-28-18-33-37/model_best.pth
exp_name: 2023-10-28-18-33-37
save_dir: /tmp/2023-10-28-18-33-37/
loss_type: l2
optimizer: adam
trans_rep: tracknet
batch_size: 64
crop_ratio: 1.2
use_normal: false
BN_momentum: 0.1
max_num_key: null
warmup_step: -1
input_resize:
- 160
- 160
max_step_val: 1000
normal_uint8: false
vis_interval: 1000
weight_decay: 0
n_max_objects: null
normalize_xyz: true
clip_grad_norm: 'Infinity'
rot_normalizer: 0.3490658503988659
trans_normalizer:
- 0.019999999552965164
- 0.019999999552965164
- 0.05000000074505806
max_step_per_epoch: 25000
val_epoch_interval: 10
n_dataloader_workers: 60
enable_amp: true
use_mask: false

[2024-09-20 13:11:40,535][root][INFO] - self.h5_file:
[2024-09-20 13:11:40,579][root][INFO] - Using pretrained model from FoundationPose/learning/training/../../weights/2023-10-28-18-33-37/model_best.pth
[2024-09-20 13:11:40,597][root][INFO] - init done
[2024-09-20 13:11:42,752][root][INFO] - self.diameter:0.2324774443430137, vox_size:0.011623872217150685
[2024-09-20 13:11:42,765][root][INFO] - self.pts:torch.Size([385, 3])
[2024-09-20 13:11:43,555][root][INFO] - reset done
[2024-09-20 13:11:43,555][root][INFO] - cam_in_obs:(42, 4, 4)
[2024-09-20 13:11:43,557][root][INFO] - rot_grid:(252, 4, 4)
[2024-09-20 13:11:43,558][root][INFO] - after cluster, rot_grid:(252, 4, 4)
[2024-09-20 13:11:43,558][root][INFO] - self.rot_grid: torch.Size([252, 4, 4])
[2024-09-20 13:11:53,063][root][INFO] - Welcome
[2024-09-20 13:11:53,077][root][INFO] - poses:(252, 4, 4)
[2024-09-20 13:11:53,087][root][INFO] - after viewpoint, add_errs min:-1.0
[2024-09-20 13:11:53,127][root][INFO] - ob_in_cams:(252, 4, 4)
[2024-09-20 13:11:53,127][root][INFO] - self.cfg.use_normal:False
[2024-09-20 13:11:53,127][root][INFO] - trans_normalizer:[0.019999999552965164, 0.019999999552965164, 0.05000000074505806], rot_normalizer:0.3490658503988659
[2024-09-20 13:11:53,163][root][INFO] - making cropped data
[2024-09-20 13:11:53,163][root][INFO] - Welcome make_crop_data_batch
[2024-09-20 13:11:53,166][root][INFO] - make tf_to_crops done
[2024-09-20 13:11:53,195][root][INFO] - render done
[2024-09-20 13:11:53,201][root][INFO] - warp done
[2024-09-20 13:11:53,206][root][INFO] - pose batch data done
[2024-09-20 13:11:53,206][root][INFO] - forward start
[2024-09-20 13:11:53,322][root][INFO] - forward done
[2024-09-20 13:11:53,333][root][INFO] - making cropped data
[2024-09-20 13:11:53,333][root][INFO] - Welcome make_crop_data_batch
[2024-09-20 13:11:53,334][root][INFO] - make tf_to_crops done
[2024-09-20 13:11:53,351][root][INFO] - render done
[2024-09-20 13:11:53,356][root][INFO] - warp done
[2024-09-20 13:11:53,358][root][INFO] - pose batch data done
[2024-09-20 13:11:53,358][root][INFO] - forward start
[2024-09-20 13:11:53,360][root][INFO] - forward done
[2024-09-20 13:11:53,360][root][INFO] - making cropped data
[2024-09-20 13:11:53,360][root][INFO] - Welcome make_crop_data_batch
[2024-09-20 13:11:53,463][root][INFO] - make tf_to_crops done
[2024-09-20 13:11:53,480][root][INFO] - render done
[2024-09-20 13:11:53,484][root][INFO] - warp done
[2024-09-20 13:11:53,486][root][INFO] - pose batch data done
[2024-09-20 13:11:53,486][root][INFO] - forward start
[2024-09-20 13:11:53,488][root][INFO] - forward done
[2024-09-20 13:11:53,488][root][INFO] - making cropped data
[2024-09-20 13:11:53,488][root][INFO] - Welcome make_crop_data_batch
[2024-09-20 13:11:53,586][root][INFO] - make tf_to_crops done
[2024-09-20 13:11:53,603][root][INFO] - render done
[2024-09-20 13:11:53,607][root][INFO] - warp done
[2024-09-20 13:11:53,609][root][INFO] - pose batch data done
[2024-09-20 13:11:53,609][root][INFO] - forward start
[2024-09-20 13:11:53,611][root][INFO] - forward done
[2024-09-20 13:11:53,611][root][INFO] - making cropped data
[2024-09-20 13:11:53,611][root][INFO] - Welcome make_crop_data_batch
[2024-09-20 13:11:53,708][root][INFO] - make tf_to_crops done
[2024-09-20 13:11:53,726][root][INFO] - render done
[2024-09-20 13:11:53,729][root][INFO] - warp done
[2024-09-20 13:11:53,732][root][INFO] - pose batch data done
[2024-09-20 13:11:53,732][root][INFO] - forward start
[2024-09-20 13:11:53,733][root][INFO] - forward done
[2024-09-20 13:11:53,847][root][INFO] - ob_in_cams:(252, 4, 4)
[2024-09-20 13:11:53,847][root][INFO] - self.cfg.use_normal:False
[2024-09-20 13:11:53,847][root][INFO] - making cropped data
[2024-09-20 13:11:53,856][root][INFO] - Welcome make_crop_data_batch
[2024-09-20 13:11:53,857][root][INFO] - make tf_to_crops done
[2024-09-20 13:11:53,872][root][INFO] - render done
[2024-09-20 13:11:53,998][root][INFO] - pose batch data done
[2024-09-20 13:11:53,998][root][INFO] - pose_data.rgbAs.shape[0]: 252
[2024-09-20 13:11:54,094][root][INFO] - forward done
[2024-09-20 13:11:54,112][root][INFO] - final, add_errs min:-1.0
[2024-09-20 13:11:54,121][root][INFO] - sort ids:tensor([ 34,  75,  76, 100, 226,   3,   4,   9,  10,  33,  99, 105, 106, 129,
        130, 135, 171, 189, 202, 243, 244, 245, 225,  45, 188,  43, 216,   0,
        103,   6,  42,  72,  73, 126, 132, 138, 169, 227,   1,  96,  97, 133,
        144, 145, 163, 199,   7, 127,   8,  74,  98, 187, 104, 146, 111, 137,
        220,  47, 164,   2,  32,  71, 223,  11, 136, 228,   5, 170,  59, 107,
         52,  53,  77, 131, 197, 101, 198, 203, 141, 210,  62,  50, 248,  25,
        147, 175, 179, 206,  67, 221, 207,  58,  90, 161, 174, 108, 117, 155,
        247,  92, 235,  26,  68,  14, 123, 191, 236,  84, 183,  41,  80,  86,
        102, 230,  78,  93,  12,  13,  79, 116, 196, 205, 114, 156,  61, 118,
        128, 194, 211,  20,  37,  46, 115, 168, 204,  15,  16,  40,  85,  88,
        121, 218, 229, 237,  18,  27,  95, 166, 222,  19, 113, 212,  31,  91,
        154, 177,  17,  22,  36,  81, 148, 178, 213, 231, 233,  28,  39,  87,
        122, 124, 150, 153, 251,  21,  24,  82,  94, 119, 120, 151, 184,  38,
         49,  89, 134, 160,  64,  83, 125, 185,  23,  29,  44, 209, 140, 149,
        240, 172, 215, 173, 238,  30,  56, 214, 234, 157, 159, 182, 201, 208,
        217, 242,  70, 190, 241,  57, 180, 239,  35, 176, 250,  60,  65, 152,
        158, 193, 224, 232, 112, 165, 181, 200, 110,  55,  69,  51, 143, 249,
         54, 109, 142,  48,  63, 162, 186, 192, 219, 167, 139, 195, 246,  66])
[2024-09-20 13:11:54,125][root][INFO] - sorted scores:tensor([70.7031, 70.7031, 70.7031, 70.7031, 70.7031, 70.6875, 70.6875, 70.6875,
        70.6875, 70.6875, 70.6875, 70.6875, 70.6875, 70.6875, 70.6875, 70.6875,
        70.6875, 70.6875, 70.6875, 70.6875, 70.6875, 70.6875, 70.6719, 70.5938,
        70.4219, 70.4062, 70.4062, 70.3906, 70.3906, 70.3750, 70.3750, 70.3750,
        70.3750, 70.3750, 70.3750, 70.3750, 70.3750, 70.3750, 70.3594, 70.3594,
        70.3594, 70.3594, 70.3594, 70.3594, 70.3594, 70.3594, 70.3438, 70.3438,
        70.3125, 70.3125, 70.3125, 70.3125, 70.2969, 70.2969, 70.2656, 70.2656,
        70.2656, 70.2500, 70.2500, 70.2344, 70.2031, 70.1719, 70.1562, 70.0938,
        70.0938, 70.0781, 70.0625, 70.0625, 70.0469, 70.0469, 70.0312, 70.0312,
        70.0156, 69.9844, 69.9844, 69.9688, 69.9531, 69.9531, 69.9219, 69.9219,
        69.9062, 69.8438, 69.8438, 69.8125, 69.7969, 69.7812, 69.7812, 69.7812,
        69.7656, 69.7656, 69.7500, 69.7344, 69.7344, 69.7344, 69.7344, 69.7031,
        69.6875, 69.6719, 69.6719, 69.6562, 69.6562, 69.6406, 69.6406, 69.6094,
        69.6094, 69.6094, 69.6094, 69.5938, 69.5938, 69.5781, 69.5625, 69.5625,
        69.5625, 69.5625, 69.5312, 69.5312, 69.5156, 69.5156, 69.5156, 69.5156,
        69.5156, 69.5156, 69.5000, 69.5000, 69.4844, 69.4844, 69.4844, 69.4844,
        69.4844, 69.4688, 69.4688, 69.4688, 69.4688, 69.4688, 69.4688, 69.4531,
        69.4531, 69.4531, 69.4531, 69.4531, 69.4531, 69.4531, 69.4531, 69.4531,
        69.4375, 69.4375, 69.4375, 69.4375, 69.4375, 69.4219, 69.4219, 69.4219,
        69.4062, 69.4062, 69.4062, 69.4062, 69.3906, 69.3906, 69.3906, 69.3906,
        69.3906, 69.3906, 69.3906, 69.3906, 69.3906, 69.3750, 69.3750, 69.3750,
        69.3750, 69.3750, 69.3750, 69.3750, 69.3750, 69.3594, 69.3594, 69.3594,
        69.3594, 69.3594, 69.3594, 69.3594, 69.3594, 69.3438, 69.3438, 69.3438,
        69.3438, 69.3438, 69.3281, 69.3281, 69.3281, 69.3281, 69.3125, 69.3125,
        69.3125, 69.3125, 69.2969, 69.2969, 69.2969, 69.2812, 69.2812, 69.2656,
        69.2656, 69.2500, 69.2500, 69.2500, 69.2500, 69.2344, 69.2344, 69.2344,
        69.2344, 69.2344, 69.2344, 69.2344, 69.2188, 69.2188, 69.2188, 69.2031,
        69.2031, 69.2031, 69.1875, 69.1875, 69.1875, 69.1719, 69.1719, 69.1719,
        69.1719, 69.1719, 69.1719, 69.1719, 69.1562, 69.1562, 69.1562, 69.1562,
        69.1406, 69.1250, 69.1250, 69.1094, 69.0938, 69.0938, 69.0625, 69.0469,
        69.0469, 69.0312, 69.0312, 69.0312, 69.0312, 69.0312, 69.0312, 69.0156,
        69.0000, 69.0000, 68.9688, 68.9531])
[2024-09-20 13:12:05,171][websockets.server][INFO] - server listening on 0.0.0.0:8080
[2024-09-20 13:12:05,568][websockets.server][INFO] - connection open
[2024-09-20 13:12:07,459][root][INFO] - Succeeded to open port: /dev/ttyUSB0
[2024-09-20 13:12:07,460][root][INFO] - Succeeded to set baudrate to 3000000
[2024-09-20 13:12:24,434][websockets.server][INFO] - connection open
[2024-09-20 13:12:28,763][root][ERROR] - > read: [TxRxResult] There is no status packet!
[2024-09-20 13:12:28,798][root][ERROR] - > read: [TxRxResult] There is no status packet!
[2024-09-20 13:12:28,937][root][ERROR] - > read: [TxRxResult] There is no status packet!
[2024-09-20 13:12:28,972][root][ERROR] - > read: [TxRxResult] There is no status packet!
