[2024-09-25 13:34:40,490][root][INFO] - self.cfg: 
 lr: 0.0001
c_in: 6
zfar: 'Infinity'
debug: null
n_view: 1
run_id: 3wy8qqex
use_BN: true
exp_name: 2024-01-11-20-02-45
n_epochs: 62
save_dir: /home/bowenw/debug/2024-01-11-20-02-45/
use_mask: false
loss_type: pairwise_valid
optimizer: adam
batch_size: 64
crop_ratio: 1.1
enable_amp: true
use_normal: false
max_num_key: null
warmup_step: -1
input_resize:
- 160
- 160
max_step_val: 1000
vis_interval: 1000
weight_decay: 0
normalize_xyz: true
resume_run_id: null
clip_grad_norm: 'Infinity'
lr_epoch_decay: 500
render_backend: nvdiffrast
train_num_pair: 5
lr_decay_epochs:
- 50
n_epochs_warmup: 1
make_pair_online: false
gradient_max_norm: 'Infinity'
max_step_per_epoch: 10000
n_rendering_workers: 1
save_epoch_interval: 100
n_dataloader_workers: 100
split_objects_across_gpus: true
ckpt_dir: FoundationPose/learning/training/../../weights/2024-01-11-20-02-45/model_best.pth

[2024-09-25 13:34:40,490][root][INFO] - self.h5_file:None
[2024-09-25 13:34:40,667][root][INFO] - Using pretrained model from FoundationPose/learning/training/../../weights/2024-01-11-20-02-45/model_best.pth
[2024-09-25 13:34:40,720][root][INFO] - init done
[2024-09-25 13:34:40,720][root][INFO] - welcome
[2024-09-25 13:34:40,723][root][INFO] - self.cfg: 
 lr: 0.0001
c_in: 6
zfar: .inf
debug: null
w_rot: 0.1
n_view: 1
run_id: null
use_BN: true
rot_rep: axis_angle
ckpt_dir: FoundationPose/learning/training/../../weights/2023-10-28-18-33-37/model_best.pth
exp_name: 2023-10-28-18-33-37
save_dir: /tmp/2023-10-28-18-33-37/
loss_type: l2
optimizer: adam
trans_rep: tracknet
batch_size: 64
crop_ratio: 1.2
use_normal: false
BN_momentum: 0.1
max_num_key: null
warmup_step: -1
input_resize:
- 160
- 160
max_step_val: 1000
normal_uint8: false
vis_interval: 1000
weight_decay: 0
n_max_objects: null
normalize_xyz: true
clip_grad_norm: 'Infinity'
rot_normalizer: 0.3490658503988659
trans_normalizer:
- 0.019999999552965164
- 0.019999999552965164
- 0.05000000074505806
max_step_per_epoch: 25000
val_epoch_interval: 10
n_dataloader_workers: 60
enable_amp: true
use_mask: false

[2024-09-25 13:34:40,723][root][INFO] - self.h5_file:
[2024-09-25 13:34:40,775][root][INFO] - Using pretrained model from FoundationPose/learning/training/../../weights/2023-10-28-18-33-37/model_best.pth
[2024-09-25 13:34:40,792][root][INFO] - init done
[2024-09-25 13:34:42,976][root][INFO] - self.diameter:0.1689324547539842, vox_size:0.00844662273769921
[2024-09-25 13:34:42,989][root][INFO] - self.pts:torch.Size([674, 3])
[2024-09-25 13:34:43,945][root][INFO] - reset done
[2024-09-25 13:34:43,946][root][INFO] - cam_in_obs:(42, 4, 4)
[2024-09-25 13:34:43,956][root][INFO] - rot_grid:(252, 4, 4)
[2024-09-25 13:34:43,957][root][INFO] - after cluster, rot_grid:(252, 4, 4)
[2024-09-25 13:34:43,957][root][INFO] - self.rot_grid: torch.Size([252, 4, 4])
[2024-09-25 13:34:54,376][root][INFO] - Welcome
[2024-09-25 13:34:54,391][root][INFO] - poses:(252, 4, 4)
[2024-09-25 13:34:54,401][root][INFO] - after viewpoint, add_errs min:-1.0
[2024-09-25 13:34:54,434][root][INFO] - ob_in_cams:(252, 4, 4)
[2024-09-25 13:34:54,443][root][INFO] - self.cfg.use_normal:False
[2024-09-25 13:34:54,443][root][INFO] - trans_normalizer:[0.019999999552965164, 0.019999999552965164, 0.05000000074505806], rot_normalizer:0.3490658503988659
[2024-09-25 13:34:54,450][root][INFO] - making cropped data
[2024-09-25 13:34:54,450][root][INFO] - Welcome make_crop_data_batch
[2024-09-25 13:34:54,454][root][INFO] - make tf_to_crops done
[2024-09-25 13:34:54,486][root][INFO] - render done
[2024-09-25 13:34:54,491][root][INFO] - warp done
[2024-09-25 13:34:54,496][root][INFO] - pose batch data done
[2024-09-25 13:34:54,496][root][INFO] - forward start
[2024-09-25 13:34:54,610][root][INFO] - forward done
[2024-09-25 13:34:54,621][root][INFO] - making cropped data
[2024-09-25 13:34:54,621][root][INFO] - Welcome make_crop_data_batch
[2024-09-25 13:34:54,622][root][INFO] - make tf_to_crops done
[2024-09-25 13:34:54,643][root][INFO] - render done
[2024-09-25 13:34:54,647][root][INFO] - warp done
[2024-09-25 13:34:54,650][root][INFO] - pose batch data done
[2024-09-25 13:34:54,650][root][INFO] - forward start
[2024-09-25 13:34:54,651][root][INFO] - forward done
[2024-09-25 13:34:54,651][root][INFO] - making cropped data
[2024-09-25 13:34:54,651][root][INFO] - Welcome make_crop_data_batch
[2024-09-25 13:34:54,746][root][INFO] - make tf_to_crops done
[2024-09-25 13:34:54,768][root][INFO] - render done
[2024-09-25 13:34:54,771][root][INFO] - warp done
[2024-09-25 13:34:54,774][root][INFO] - pose batch data done
[2024-09-25 13:34:54,774][root][INFO] - forward start
[2024-09-25 13:34:54,775][root][INFO] - forward done
[2024-09-25 13:34:54,776][root][INFO] - making cropped data
[2024-09-25 13:34:54,776][root][INFO] - Welcome make_crop_data_batch
[2024-09-25 13:34:54,871][root][INFO] - make tf_to_crops done
[2024-09-25 13:34:54,892][root][INFO] - render done
[2024-09-25 13:34:54,896][root][INFO] - warp done
[2024-09-25 13:34:54,899][root][INFO] - pose batch data done
[2024-09-25 13:34:54,899][root][INFO] - forward start
[2024-09-25 13:34:54,901][root][INFO] - forward done
[2024-09-25 13:34:54,901][root][INFO] - making cropped data
[2024-09-25 13:34:54,901][root][INFO] - Welcome make_crop_data_batch
[2024-09-25 13:34:54,996][root][INFO] - make tf_to_crops done
[2024-09-25 13:34:55,017][root][INFO] - render done
[2024-09-25 13:34:55,020][root][INFO] - warp done
[2024-09-25 13:34:55,023][root][INFO] - pose batch data done
[2024-09-25 13:34:55,023][root][INFO] - forward start
[2024-09-25 13:34:55,024][root][INFO] - forward done
[2024-09-25 13:34:55,135][root][INFO] - ob_in_cams:(252, 4, 4)
[2024-09-25 13:34:55,135][root][INFO] - self.cfg.use_normal:False
[2024-09-25 13:34:55,135][root][INFO] - making cropped data
[2024-09-25 13:34:55,143][root][INFO] - Welcome make_crop_data_batch
[2024-09-25 13:34:55,143][root][INFO] - make tf_to_crops done
[2024-09-25 13:34:55,163][root][INFO] - render done
[2024-09-25 13:34:55,287][root][INFO] - pose batch data done
[2024-09-25 13:34:55,287][root][INFO] - pose_data.rgbAs.shape[0]: 252
[2024-09-25 13:34:55,380][root][INFO] - forward done
[2024-09-25 13:34:55,398][root][INFO] - final, add_errs min:-1.0
[2024-09-25 13:34:55,407][root][INFO] - sort ids:tensor([187,  43,  98, 170, 194,   8,  50,  55,  73, 127, 169,   1,   7,  32,
         74,  97, 103, 104, 133, 134, 145, 146, 164, 188,  31,   2, 223,  56,
        220, 243, 212, 219,  44,  63, 128,  16, 213,  28,  34, 238,  88, 199,
         22,  29,  95, 112,  91, 189,  82, 142, 198, 232, 240, 217, 234, 116,
        176, 179, 150, 185,  94, 100, 106, 175, 111, 237, 229, 245,  48,  77,
        118, 156, 152, 216, 167, 168, 207, 208, 231,  38, 126, 151, 228,  37,
         46,  53,  19, 177, 241, 101, 182, 105, 113,  99, 227, 249,  49,  39,
         59,  85, 115, 171, 186, 206,  26,  68,  83, 181,  92, 124, 246,  23,
         33, 149, 163, 201, 224, 235,  11, 102, 109, 110, 121, 123, 158,  79,
         80,  81, 107, 117, 132, 138,  13,  17,  51, 139, 200, 205, 211, 242,
        247,  14,  15,  66,  87, 190, 244,   6,   9,  64,  70,  96, 131, 215,
         36,  60, 209,   3,  20,  30,  54,  61,  62,  72,  75,  89, 122, 137,
        144, 154, 222,  65,  67,  84, 125, 157, 174, 202, 203, 214,   5,  10,
         69, 135, 143, 155, 165, 178, 192, 225, 226,   0,  25,  35,  45, 120,
        141, 147, 148, 153, 160, 183, 218,  27,  76,  90, 129, 136, 159, 166,
        193, 236, 239, 250,  40,  47, 114, 140, 161, 162, 191,   4,  24,  42,
         52,  93, 108, 221, 230, 248, 251,  18,  21,  41,  57,  58,  71,  86,
        130, 172, 173, 184, 210, 233,  12,  78, 119, 180, 195, 196, 204, 197])
[2024-09-25 13:34:55,410][root][INFO] - sorted scores:tensor([72.0156, 72.0000, 72.0000, 72.0000, 72.0000, 71.9844, 71.9844, 71.9844,
        71.9844, 71.9844, 71.9844, 71.9688, 71.9688, 71.9688, 71.9688, 71.9688,
        71.9688, 71.9688, 71.9688, 71.9688, 71.9688, 71.9688, 71.9688, 71.9688,
        71.9375, 71.9219, 71.8906, 71.8750, 71.6406, 71.5469, 71.4844, 71.4531,
        71.4219, 71.4062, 71.4062, 71.3906, 71.3438, 71.2969, 71.2188, 71.1875,
        71.1719, 71.1719, 71.1406, 71.1406, 71.1250, 71.1250, 71.1094, 71.1094,
        71.0938, 71.0625, 71.0312, 71.0156, 71.0000, 70.9844, 70.9844, 70.9219,
        70.8750, 70.8750, 70.8594, 70.8281, 70.7969, 70.7969, 70.7969, 70.7500,
        70.7188, 70.7188, 70.7031, 70.7031, 70.6875, 70.6875, 70.6875, 70.6875,
        70.6719, 70.6719, 70.6562, 70.6406, 70.6406, 70.6406, 70.6406, 70.6250,
        70.6250, 70.6094, 70.5938, 70.5625, 70.5625, 70.5625, 70.5469, 70.5469,
        70.5469, 70.5312, 70.5312, 70.5156, 70.5156, 70.5000, 70.5000, 70.4844,
        70.4688, 70.4531, 70.4531, 70.4531, 70.4531, 70.4531, 70.4531, 70.4531,
        70.4375, 70.4375, 70.4375, 70.4375, 70.4219, 70.4219, 70.4219, 70.4062,
        70.4062, 70.4062, 70.4062, 70.4062, 70.4062, 70.4062, 70.3906, 70.3906,
        70.3906, 70.3906, 70.3906, 70.3906, 70.3906, 70.3750, 70.3750, 70.3750,
        70.3750, 70.3750, 70.3750, 70.3750, 70.3594, 70.3594, 70.3594, 70.3594,
        70.3594, 70.3594, 70.3594, 70.3594, 70.3594, 70.3438, 70.3438, 70.3438,
        70.3438, 70.3438, 70.3438, 70.3281, 70.3281, 70.3281, 70.3281, 70.3281,
        70.3281, 70.3281, 70.3125, 70.3125, 70.3125, 70.2969, 70.2969, 70.2969,
        70.2969, 70.2969, 70.2969, 70.2969, 70.2969, 70.2969, 70.2969, 70.2969,
        70.2969, 70.2969, 70.2969, 70.2812, 70.2812, 70.2812, 70.2812, 70.2812,
        70.2812, 70.2812, 70.2812, 70.2812, 70.2656, 70.2656, 70.2656, 70.2656,
        70.2656, 70.2656, 70.2656, 70.2656, 70.2656, 70.2656, 70.2656, 70.2500,
        70.2500, 70.2500, 70.2500, 70.2500, 70.2500, 70.2500, 70.2500, 70.2500,
        70.2500, 70.2500, 70.2500, 70.2344, 70.2344, 70.2344, 70.2344, 70.2344,
        70.2344, 70.2344, 70.2344, 70.2344, 70.2344, 70.2344, 70.2188, 70.2188,
        70.2188, 70.2188, 70.2188, 70.2188, 70.2188, 70.2031, 70.2031, 70.2031,
        70.2031, 70.2031, 70.2031, 70.2031, 70.2031, 70.2031, 70.2031, 70.1875,
        70.1875, 70.1875, 70.1875, 70.1875, 70.1875, 70.1875, 70.1875, 70.1875,
        70.1875, 70.1875, 70.1875, 70.1875, 70.1719, 70.1719, 70.1719, 70.1719,
        70.1719, 70.1562, 70.1562, 70.1406])
[2024-09-25 13:35:01,043][websockets.server][INFO] - server listening on 0.0.0.0:8080
[2024-09-25 13:35:06,352][websockets.server][INFO] - connection open
[2024-09-25 13:35:07,841][root][INFO] - Succeeded to open port: /dev/ttyUSB0
[2024-09-25 13:35:07,841][root][INFO] - Succeeded to set baudrate to 3000000
