[2024-09-22 22:51:59,802][root][INFO] - self.cfg: 
 lr: 0.0001
c_in: 6
zfar: 'Infinity'
debug: null
n_view: 1
run_id: 3wy8qqex
use_BN: true
exp_name: 2024-01-11-20-02-45
n_epochs: 62
save_dir: /home/bowenw/debug/2024-01-11-20-02-45/
use_mask: false
loss_type: pairwise_valid
optimizer: adam
batch_size: 64
crop_ratio: 1.1
enable_amp: true
use_normal: false
max_num_key: null
warmup_step: -1
input_resize:
- 160
- 160
max_step_val: 1000
vis_interval: 1000
weight_decay: 0
normalize_xyz: true
resume_run_id: null
clip_grad_norm: 'Infinity'
lr_epoch_decay: 500
render_backend: nvdiffrast
train_num_pair: 5
lr_decay_epochs:
- 50
n_epochs_warmup: 1
make_pair_online: false
gradient_max_norm: 'Infinity'
max_step_per_epoch: 10000
n_rendering_workers: 1
save_epoch_interval: 100
n_dataloader_workers: 100
split_objects_across_gpus: true
ckpt_dir: FoundationPose/learning/training/../../weights/2024-01-11-20-02-45/model_best.pth

[2024-09-22 22:51:59,802][root][INFO] - self.h5_file:None
[2024-09-22 22:51:59,976][root][INFO] - Using pretrained model from FoundationPose/learning/training/../../weights/2024-01-11-20-02-45/model_best.pth
[2024-09-22 22:52:00,038][root][INFO] - init done
[2024-09-22 22:52:00,038][root][INFO] - welcome
[2024-09-22 22:52:00,042][root][INFO] - self.cfg: 
 lr: 0.0001
c_in: 6
zfar: .inf
debug: null
w_rot: 0.1
n_view: 1
run_id: null
use_BN: true
rot_rep: axis_angle
ckpt_dir: FoundationPose/learning/training/../../weights/2023-10-28-18-33-37/model_best.pth
exp_name: 2023-10-28-18-33-37
save_dir: /tmp/2023-10-28-18-33-37/
loss_type: l2
optimizer: adam
trans_rep: tracknet
batch_size: 64
crop_ratio: 1.2
use_normal: false
BN_momentum: 0.1
max_num_key: null
warmup_step: -1
input_resize:
- 160
- 160
max_step_val: 1000
normal_uint8: false
vis_interval: 1000
weight_decay: 0
n_max_objects: null
normalize_xyz: true
clip_grad_norm: 'Infinity'
rot_normalizer: 0.3490658503988659
trans_normalizer:
- 0.019999999552965164
- 0.019999999552965164
- 0.05000000074505806
max_step_per_epoch: 25000
val_epoch_interval: 10
n_dataloader_workers: 60
enable_amp: true
use_mask: false

[2024-09-22 22:52:00,042][root][INFO] - self.h5_file:
[2024-09-22 22:52:00,089][root][INFO] - Using pretrained model from FoundationPose/learning/training/../../weights/2023-10-28-18-33-37/model_best.pth
[2024-09-22 22:52:00,111][root][INFO] - init done
[2024-09-22 22:52:02,279][root][INFO] - self.diameter:0.16495794476473338, vox_size:0.008247897238236669
[2024-09-22 22:52:02,294][root][INFO] - self.pts:torch.Size([947, 3])
[2024-09-22 22:52:03,186][root][INFO] - reset done
[2024-09-22 22:52:03,186][root][INFO] - cam_in_obs:(42, 4, 4)
[2024-09-22 22:52:03,188][root][INFO] - rot_grid:(252, 4, 4)
[2024-09-22 22:52:03,189][root][INFO] - after cluster, rot_grid:(252, 4, 4)
[2024-09-22 22:52:03,189][root][INFO] - self.rot_grid: torch.Size([252, 4, 4])
[2024-09-22 22:52:12,929][root][INFO] - Welcome
[2024-09-22 22:52:12,943][root][INFO] - poses:(252, 4, 4)
[2024-09-22 22:52:12,952][root][INFO] - after viewpoint, add_errs min:-1.0
[2024-09-22 22:52:12,995][root][INFO] - ob_in_cams:(252, 4, 4)
[2024-09-22 22:52:12,995][root][INFO] - self.cfg.use_normal:False
[2024-09-22 22:52:12,995][root][INFO] - trans_normalizer:[0.019999999552965164, 0.019999999552965164, 0.05000000074505806], rot_normalizer:0.3490658503988659
[2024-09-22 22:52:12,997][root][INFO] - making cropped data
[2024-09-22 22:52:12,998][root][INFO] - Welcome make_crop_data_batch
[2024-09-22 22:52:13,001][root][INFO] - make tf_to_crops done
[2024-09-22 22:52:13,032][root][INFO] - render done
[2024-09-22 22:52:13,039][root][INFO] - warp done
[2024-09-22 22:52:13,044][root][INFO] - pose batch data done
[2024-09-22 22:52:13,044][root][INFO] - forward start
[2024-09-22 22:52:13,162][root][INFO] - forward done
[2024-09-22 22:52:13,173][root][INFO] - making cropped data
[2024-09-22 22:52:13,173][root][INFO] - Welcome make_crop_data_batch
[2024-09-22 22:52:13,174][root][INFO] - make tf_to_crops done
[2024-09-22 22:52:13,194][root][INFO] - render done
[2024-09-22 22:52:13,198][root][INFO] - warp done
[2024-09-22 22:52:13,200][root][INFO] - pose batch data done
[2024-09-22 22:52:13,200][root][INFO] - forward start
[2024-09-22 22:52:13,202][root][INFO] - forward done
[2024-09-22 22:52:13,202][root][INFO] - making cropped data
[2024-09-22 22:52:13,202][root][INFO] - Welcome make_crop_data_batch
[2024-09-22 22:52:13,300][root][INFO] - make tf_to_crops done
[2024-09-22 22:52:13,320][root][INFO] - render done
[2024-09-22 22:52:13,325][root][INFO] - warp done
[2024-09-22 22:52:13,328][root][INFO] - pose batch data done
[2024-09-22 22:52:13,328][root][INFO] - forward start
[2024-09-22 22:52:13,329][root][INFO] - forward done
[2024-09-22 22:52:13,330][root][INFO] - making cropped data
[2024-09-22 22:52:13,330][root][INFO] - Welcome make_crop_data_batch
[2024-09-22 22:52:13,424][root][INFO] - make tf_to_crops done
[2024-09-22 22:52:13,445][root][INFO] - render done
[2024-09-22 22:52:13,449][root][INFO] - warp done
[2024-09-22 22:52:13,452][root][INFO] - pose batch data done
[2024-09-22 22:52:13,452][root][INFO] - forward start
[2024-09-22 22:52:13,453][root][INFO] - forward done
[2024-09-22 22:52:13,453][root][INFO] - making cropped data
[2024-09-22 22:52:13,453][root][INFO] - Welcome make_crop_data_batch
[2024-09-22 22:52:13,549][root][INFO] - make tf_to_crops done
[2024-09-22 22:52:13,569][root][INFO] - render done
[2024-09-22 22:52:13,573][root][INFO] - warp done
[2024-09-22 22:52:13,576][root][INFO] - pose batch data done
[2024-09-22 22:52:13,576][root][INFO] - forward start
[2024-09-22 22:52:13,578][root][INFO] - forward done
[2024-09-22 22:52:13,689][root][INFO] - ob_in_cams:(252, 4, 4)
[2024-09-22 22:52:13,689][root][INFO] - self.cfg.use_normal:False
[2024-09-22 22:52:13,689][root][INFO] - making cropped data
[2024-09-22 22:52:13,696][root][INFO] - Welcome make_crop_data_batch
[2024-09-22 22:52:13,696][root][INFO] - make tf_to_crops done
[2024-09-22 22:52:13,715][root][INFO] - render done
[2024-09-22 22:52:13,839][root][INFO] - pose batch data done
[2024-09-22 22:52:13,839][root][INFO] - pose_data.rgbAs.shape[0]: 252
[2024-09-22 22:52:13,932][root][INFO] - forward done
[2024-09-22 22:52:13,949][root][INFO] - final, add_errs min:-1.0
[2024-09-22 22:52:13,959][root][INFO] - sort ids:tensor([101,   5, 138,   0, 107, 131,  72, 102, 132, 144, 162,  42,  47,  96,
        222,  65, 198, 203,  11, 126, 227,   6,  77, 221, 168, 137, 216, 164,
        169, 233, 161, 125, 180,  41,  89, 155,  23,  83,  90,  95, 119,  97,
        165,  17,  29, 114,  45, 160, 197, 129, 220, 135, 179,  59, 207, 239,
        145,  62, 143, 201, 212,  12, 174, 210,  38, 127, 204,   7,  73,  43,
        163, 208, 113, 214, 108, 134, 244,  98, 154, 190,  25,  39,  91, 225,
         52, 105, 133, 181, 229, 243,  19,  79, 235,   8,  13,  64,  74, 115,
        185, 211,  84,  85,  99, 121, 136, 188, 205,  37, 118, 147, 177, 189,
        196, 238, 241, 247,   1,  32,  33,  69,  75,  78, 171, 226,   3,  10,
         30,  61, 106, 130, 141,   4,  67,  76,  86, 104, 109, 170, 183, 186,
        232, 242,   9,  24,  34,  36, 103, 117, 120, 193, 236,  14,  18,  21,
         26,  44,  80, 122, 139, 146, 172, 175, 202, 230,  27,  31, 100, 128,
          2,  28,  93, 123, 124, 151, 156, 178, 184,  53,  81,  82,  92,  94,
         46,  58,  87,  88, 231,  20, 237,  22,  68, 111,  16, 116, 173,  15,
         48,  49, 149, 228,  35, 140, 206, 150, 192, 249, 240,  50, 199, 219,
         54, 152, 157, 159, 200, 215, 223,  55, 166,  56,  60, 110, 191, 217,
        246,  70, 213, 248, 209, 250,  40, 148, 218, 251,  57,  71,  63, 158,
        182, 187, 194, 167, 195, 112, 176,  66, 245,  51, 142, 153, 224, 234])
[2024-09-22 22:52:13,963][root][INFO] - sorted scores:tensor([71.6094, 71.5625, 71.5625, 71.5469, 71.5469, 71.5469, 71.5312, 71.5312,
        71.5312, 71.5312, 71.5312, 71.5156, 71.5156, 71.5156, 71.5156, 71.5000,
        71.5000, 71.5000, 71.4844, 71.4844, 71.4844, 71.4688, 71.4688, 71.4688,
        71.3125, 70.8125, 70.7812, 70.7344, 70.7031, 70.6250, 70.6094, 70.5938,
        70.5938, 70.5781, 70.5781, 70.5781, 70.5625, 70.5625, 70.5625, 70.5625,
        70.5625, 70.5469, 70.5469, 70.5312, 70.5312, 70.5312, 70.5156, 70.5156,
        70.5156, 70.5000, 70.5000, 70.4844, 70.4688, 70.4531, 70.4531, 70.4375,
        70.4219, 70.3906, 70.3906, 70.3906, 70.3906, 70.3750, 70.3750, 70.3750,
        70.3594, 70.3594, 70.3594, 70.3438, 70.3438, 70.3281, 70.3281, 70.3281,
        70.3125, 70.3125, 70.2969, 70.2969, 70.2969, 70.2812, 70.2812, 70.2812,
        70.2656, 70.2656, 70.2344, 70.2344, 70.2188, 70.2188, 70.2188, 70.2188,
        70.2031, 70.2031, 70.1875, 70.1875, 70.1875, 70.1719, 70.1719, 70.1719,
        70.1719, 70.1719, 70.1719, 70.1719, 70.1562, 70.1562, 70.1562, 70.1562,
        70.1562, 70.1562, 70.1562, 70.1406, 70.1406, 70.1406, 70.1406, 70.1406,
        70.1406, 70.1406, 70.1406, 70.1406, 70.1250, 70.1250, 70.1250, 70.1250,
        70.1250, 70.1250, 70.1250, 70.1250, 70.1094, 70.1094, 70.1094, 70.1094,
        70.1094, 70.1094, 70.1094, 70.0938, 70.0938, 70.0938, 70.0938, 70.0938,
        70.0938, 70.0938, 70.0938, 70.0938, 70.0938, 70.0938, 70.0781, 70.0781,
        70.0781, 70.0781, 70.0781, 70.0781, 70.0781, 70.0781, 70.0781, 70.0625,
        70.0625, 70.0625, 70.0625, 70.0625, 70.0625, 70.0625, 70.0625, 70.0625,
        70.0625, 70.0625, 70.0625, 70.0625, 70.0469, 70.0469, 70.0469, 70.0469,
        70.0312, 70.0312, 70.0312, 70.0156, 70.0156, 70.0156, 70.0156, 70.0156,
        70.0156, 70.0000, 70.0000, 70.0000, 70.0000, 70.0000, 69.9844, 69.9844,
        69.9844, 69.9844, 69.9844, 69.9688, 69.9688, 69.9531, 69.9531, 69.9531,
        69.9375, 69.9375, 69.9375, 69.9219, 69.9219, 69.9219, 69.9219, 69.9219,
        69.9062, 69.9062, 69.9062, 69.8906, 69.8906, 69.8906, 69.8750, 69.8594,
        69.8594, 69.8594, 69.8438, 69.8438, 69.8438, 69.8281, 69.8281, 69.8281,
        69.8281, 69.8125, 69.8125, 69.7969, 69.7969, 69.7969, 69.7969, 69.7969,
        69.7969, 69.7812, 69.7812, 69.7812, 69.7656, 69.7500, 69.7344, 69.7344,
        69.7344, 69.7344, 69.7188, 69.7188, 69.7031, 69.7031, 69.7031, 69.6875,
        69.6875, 69.6719, 69.6719, 69.6562, 69.6562, 69.6094, 69.6094, 69.5938,
        69.5938, 69.5938, 69.5938, 69.5469])
[2024-09-22 22:52:25,251][websockets.server][INFO] - server listening on 0.0.0.0:8080
[2024-09-22 22:52:25,286][websockets.server][INFO] - connection open
[2024-09-22 22:52:25,679][websockets.server][INFO] - connection open
[2024-09-22 22:52:30,484][root][INFO] - Succeeded to open port: /dev/ttyUSB0
[2024-09-22 22:52:30,485][root][INFO] - Succeeded to set baudrate to 3000000
