[2024-09-19 23:05:06,301][root][INFO] - self.cfg: 
 lr: 0.0001
c_in: 6
zfar: 'Infinity'
debug: null
n_view: 1
run_id: 3wy8qqex
use_BN: true
exp_name: 2024-01-11-20-02-45
n_epochs: 62
save_dir: /home/bowenw/debug/2024-01-11-20-02-45/
use_mask: false
loss_type: pairwise_valid
optimizer: adam
batch_size: 64
crop_ratio: 1.1
enable_amp: true
use_normal: false
max_num_key: null
warmup_step: -1
input_resize:
- 160
- 160
max_step_val: 1000
vis_interval: 1000
weight_decay: 0
normalize_xyz: true
resume_run_id: null
clip_grad_norm: 'Infinity'
lr_epoch_decay: 500
render_backend: nvdiffrast
train_num_pair: 5
lr_decay_epochs:
- 50
n_epochs_warmup: 1
make_pair_online: false
gradient_max_norm: 'Infinity'
max_step_per_epoch: 10000
n_rendering_workers: 1
save_epoch_interval: 100
n_dataloader_workers: 100
split_objects_across_gpus: true
ckpt_dir: FoundationPose/learning/training/../../weights/2024-01-11-20-02-45/model_best.pth

[2024-09-19 23:05:06,301][root][INFO] - self.h5_file:None
[2024-09-19 23:05:06,495][root][INFO] - Using pretrained model from FoundationPose/learning/training/../../weights/2024-01-11-20-02-45/model_best.pth
[2024-09-19 23:05:06,557][root][INFO] - init done
[2024-09-19 23:05:06,557][root][INFO] - welcome
[2024-09-19 23:05:06,560][root][INFO] - self.cfg: 
 lr: 0.0001
c_in: 6
zfar: .inf
debug: null
w_rot: 0.1
n_view: 1
run_id: null
use_BN: true
rot_rep: axis_angle
ckpt_dir: FoundationPose/learning/training/../../weights/2023-10-28-18-33-37/model_best.pth
exp_name: 2023-10-28-18-33-37
save_dir: /tmp/2023-10-28-18-33-37/
loss_type: l2
optimizer: adam
trans_rep: tracknet
batch_size: 64
crop_ratio: 1.2
use_normal: false
BN_momentum: 0.1
max_num_key: null
warmup_step: -1
input_resize:
- 160
- 160
max_step_val: 1000
normal_uint8: false
vis_interval: 1000
weight_decay: 0
n_max_objects: null
normalize_xyz: true
clip_grad_norm: 'Infinity'
rot_normalizer: 0.3490658503988659
trans_normalizer:
- 0.019999999552965164
- 0.019999999552965164
- 0.05000000074505806
max_step_per_epoch: 25000
val_epoch_interval: 10
n_dataloader_workers: 60
enable_amp: true
use_mask: false

[2024-09-19 23:05:06,560][root][INFO] - self.h5_file:
[2024-09-19 23:05:06,604][root][INFO] - Using pretrained model from FoundationPose/learning/training/../../weights/2023-10-28-18-33-37/model_best.pth
[2024-09-19 23:05:06,623][root][INFO] - init done
[2024-09-19 23:05:08,803][root][INFO] - self.diameter:0.21736649539996883, vox_size:0.010868324769998442
[2024-09-19 23:05:08,818][root][INFO] - self.pts:torch.Size([491, 3])
[2024-09-19 23:05:09,630][root][INFO] - reset done
[2024-09-19 23:05:09,630][root][INFO] - cam_in_obs:(42, 4, 4)
[2024-09-19 23:05:09,641][root][INFO] - rot_grid:(252, 4, 4)
[2024-09-19 23:05:09,642][root][INFO] - after cluster, rot_grid:(252, 4, 4)
[2024-09-19 23:05:09,642][root][INFO] - self.rot_grid: torch.Size([252, 4, 4])
[2024-09-19 23:05:19,259][root][INFO] - Welcome
[2024-09-19 23:05:19,274][root][INFO] - poses:(252, 4, 4)
[2024-09-19 23:05:19,283][root][INFO] - after viewpoint, add_errs min:-1.0
[2024-09-19 23:05:19,365][root][INFO] - ob_in_cams:(252, 4, 4)
[2024-09-19 23:05:19,365][root][INFO] - self.cfg.use_normal:False
[2024-09-19 23:05:19,365][root][INFO] - trans_normalizer:[0.019999999552965164, 0.019999999552965164, 0.05000000074505806], rot_normalizer:0.3490658503988659
[2024-09-19 23:05:19,368][root][INFO] - making cropped data
[2024-09-19 23:05:19,368][root][INFO] - Welcome make_crop_data_batch
[2024-09-19 23:05:19,371][root][INFO] - make tf_to_crops done
[2024-09-19 23:05:19,401][root][INFO] - render done
[2024-09-19 23:05:19,407][root][INFO] - warp done
[2024-09-19 23:05:19,412][root][INFO] - pose batch data done
[2024-09-19 23:05:19,412][root][INFO] - forward start
[2024-09-19 23:05:19,533][root][INFO] - forward done
[2024-09-19 23:05:19,543][root][INFO] - making cropped data
[2024-09-19 23:05:19,543][root][INFO] - Welcome make_crop_data_batch
[2024-09-19 23:05:19,544][root][INFO] - make tf_to_crops done
[2024-09-19 23:05:19,564][root][INFO] - render done
[2024-09-19 23:05:19,568][root][INFO] - warp done
[2024-09-19 23:05:19,570][root][INFO] - pose batch data done
[2024-09-19 23:05:19,570][root][INFO] - forward start
[2024-09-19 23:05:19,572][root][INFO] - forward done
[2024-09-19 23:05:19,572][root][INFO] - making cropped data
[2024-09-19 23:05:19,572][root][INFO] - Welcome make_crop_data_batch
[2024-09-19 23:05:19,674][root][INFO] - make tf_to_crops done
[2024-09-19 23:05:19,695][root][INFO] - render done
[2024-09-19 23:05:19,698][root][INFO] - warp done
[2024-09-19 23:05:19,701][root][INFO] - pose batch data done
[2024-09-19 23:05:19,702][root][INFO] - forward start
[2024-09-19 23:05:19,703][root][INFO] - forward done
[2024-09-19 23:05:19,703][root][INFO] - making cropped data
[2024-09-19 23:05:19,703][root][INFO] - Welcome make_crop_data_batch
[2024-09-19 23:05:19,803][root][INFO] - make tf_to_crops done
[2024-09-19 23:05:19,823][root][INFO] - render done
[2024-09-19 23:05:19,827][root][INFO] - warp done
[2024-09-19 23:05:19,830][root][INFO] - pose batch data done
[2024-09-19 23:05:19,830][root][INFO] - forward start
[2024-09-19 23:05:19,831][root][INFO] - forward done
[2024-09-19 23:05:19,832][root][INFO] - making cropped data
[2024-09-19 23:05:19,832][root][INFO] - Welcome make_crop_data_batch
[2024-09-19 23:05:19,933][root][INFO] - make tf_to_crops done
[2024-09-19 23:05:19,953][root][INFO] - render done
[2024-09-19 23:05:19,956][root][INFO] - warp done
[2024-09-19 23:05:19,959][root][INFO] - pose batch data done
[2024-09-19 23:05:19,959][root][INFO] - forward start
[2024-09-19 23:05:19,960][root][INFO] - forward done
[2024-09-19 23:05:20,076][root][INFO] - ob_in_cams:(252, 4, 4)
[2024-09-19 23:05:20,076][root][INFO] - self.cfg.use_normal:False
[2024-09-19 23:05:20,076][root][INFO] - making cropped data
[2024-09-19 23:05:20,084][root][INFO] - Welcome make_crop_data_batch
[2024-09-19 23:05:20,084][root][INFO] - make tf_to_crops done
[2024-09-19 23:05:20,103][root][INFO] - render done
[2024-09-19 23:05:20,233][root][INFO] - pose batch data done
[2024-09-19 23:05:20,233][root][INFO] - pose_data.rgbAs.shape[0]: 252
[2024-09-19 23:05:20,329][root][INFO] - forward done
[2024-09-19 23:05:20,347][root][INFO] - final, add_errs min:-1.0
[2024-09-19 23:05:20,357][root][INFO] - sort ids:tensor([128, 187, 188,  32, 104,   2,  74, 170,   8, 134,  98, 146, 169, 131,
          5,  77, 202, 244,  10,  11,  34, 101, 137, 203, 227, 107, 136,  47,
        220,  43,  76, 130, 245,   7, 100, 221,   9,  94, 103, 106, 127, 147,
          4,  82,  88, 105, 133, 145, 163, 184, 185,  28,  33,  42,  99, 171,
        225, 226,  22,  97, 124, 126, 135, 178,   3,  16, 129, 132, 154, 189,
        216,   0,   1,   6,  49,  75, 102, 118, 144, 222,  72,  73, 164, 198,
        243, 162, 179,  96,  18,  95,  12,  90, 114, 204,  23, 119, 122, 150,
        196,  17,  19,  36,  83,  89,  91, 115, 120, 125, 156, 174, 210, 211,
        212,  13,  26,  37,  78,  79,  84, 121, 205, 229,  85, 155, 160, 161,
        236,  20,  27,  86, 123, 230,  14,  21,  41,  70,  80, 117, 235, 237,
         58,  87,  92, 116, 247,  15,  81,  93, 177, 231, 206, 228,  61,  35,
         44, 168, 172, 148, 149, 108, 153, 183,  67, 139, 201, 207, 232,  71,
        250,  29, 151,  45,  55, 165,  38, 175, 173, 194, 109, 143,  24,  64,
         65,  25, 193, 251,  39, 110, 138, 240,  56,  68, 141,  50, 111,  59,
         53,  62, 112,  52, 180, 142, 197, 199, 208, 209, 233, 248, 217, 166,
        213, 223,  46, 176,  40, 239, 242,  66, 167, 186, 192,  48,  54,  57,
         60,  63, 195, 218, 246, 249,  69, 113, 191, 238,  51, 140, 200, 157,
        159, 224, 241,  31, 158, 181, 182, 214, 215, 234,  30, 152, 219, 190])
[2024-09-19 23:05:20,361][root][INFO] - sorted scores:tensor([73.5000, 73.4844, 73.4688, 73.4531, 73.4531, 73.4375, 73.4375, 73.4219,
        73.4062, 73.4062, 73.3906, 73.3906, 73.3125, 73.2500, 73.2344, 73.2344,
        73.2344, 73.2344, 73.2188, 73.2188, 73.2188, 73.2188, 73.2188, 73.2188,
        73.2188, 73.2031, 73.2031, 73.1875, 73.1875, 73.1719, 73.1719, 73.1719,
        73.1719, 73.1562, 73.1562, 73.1562, 73.1250, 73.1250, 73.1250, 73.1250,
        73.1250, 73.1250, 73.1094, 73.1094, 73.1094, 73.1094, 73.1094, 73.1094,
        73.1094, 73.1094, 73.1094, 73.0938, 73.0938, 73.0938, 73.0938, 73.0938,
        73.0938, 73.0938, 73.0781, 73.0781, 73.0781, 73.0781, 73.0781, 73.0781,
        73.0625, 73.0625, 73.0625, 73.0625, 73.0625, 73.0625, 73.0625, 73.0469,
        73.0469, 73.0469, 73.0469, 73.0469, 73.0469, 73.0469, 73.0469, 73.0469,
        73.0312, 73.0312, 73.0312, 73.0312, 73.0312, 73.0156, 73.0156, 73.0000,
        72.9688, 72.9688, 72.9375, 72.9375, 72.9375, 72.9375, 72.9219, 72.9219,
        72.9219, 72.9219, 72.9219, 72.9062, 72.9062, 72.9062, 72.9062, 72.9062,
        72.9062, 72.9062, 72.9062, 72.9062, 72.9062, 72.9062, 72.9062, 72.9062,
        72.9062, 72.8906, 72.8906, 72.8906, 72.8906, 72.8906, 72.8906, 72.8906,
        72.8906, 72.8906, 72.8750, 72.8750, 72.8750, 72.8750, 72.8750, 72.8594,
        72.8594, 72.8594, 72.8594, 72.8594, 72.8438, 72.8438, 72.8438, 72.8438,
        72.8438, 72.8438, 72.8438, 72.8438, 72.8281, 72.8281, 72.8281, 72.8281,
        72.8281, 72.8125, 72.8125, 72.8125, 72.8125, 72.7969, 72.7812, 72.7656,
        72.7031, 72.6406, 72.6406, 72.6250, 72.6250, 72.5938, 72.5938, 72.5625,
        72.5625, 72.5625, 72.5469, 72.5469, 72.5469, 72.5469, 72.5469, 72.5312,
        72.5156, 72.5000, 72.5000, 72.4844, 72.4844, 72.4531, 72.4375, 72.4375,
        72.4219, 72.4219, 72.4062, 72.4062, 72.3594, 72.3594, 72.3438, 72.3281,
        72.3281, 72.3281, 72.2969, 72.2969, 72.2969, 72.2969, 72.2812, 72.2812,
        72.2812, 72.2500, 72.2500, 72.2344, 72.1875, 72.1875, 72.1719, 72.1406,
        72.1406, 72.1250, 72.1250, 72.1094, 72.0781, 72.0781, 72.0469, 71.9688,
        71.9219, 71.9062, 71.9062, 71.8750, 71.8594, 71.8281, 71.7812, 71.7031,
        71.6875, 71.6719, 71.6719, 71.6719, 71.6719, 71.6562, 71.6562, 71.6562,
        71.6562, 71.6562, 71.6562, 71.6562, 71.6562, 71.6562, 71.6406, 71.6406,
        71.6406, 71.6406, 71.6250, 71.5938, 71.5938, 71.5625, 71.5625, 71.5625,
        71.5625, 71.5469, 71.5469, 71.5469, 71.5469, 71.5469, 71.5469, 71.5469,
        71.5312, 71.5156, 71.5156, 71.4219])
[2024-09-19 23:05:25,032][websockets.server][INFO] - server listening on 0.0.0.0:8080
[2024-09-19 23:05:26,117][websockets.server][INFO] - connection open
[2024-09-19 23:05:28,836][root][INFO] - Succeeded to open port: /dev/ttyUSB0
[2024-09-19 23:05:28,837][root][INFO] - Succeeded to set baudrate to 3000000
[2024-09-19 23:05:30,930][websockets.server][INFO] - connection open
