[2024-10-25 11:34:23,701][websockets.server][INFO] - server listening on 0.0.0.0:8080
[2024-10-25 11:34:23,860][root][INFO] - self.cfg: 
 lr: 0.0001
c_in: 6
zfar: 'Infinity'
debug: null
n_view: 1
run_id: 3wy8qqex
use_BN: true
exp_name: 2024-01-11-20-02-45
n_epochs: 62
save_dir: /home/bowenw/debug/2024-01-11-20-02-45/
use_mask: false
loss_type: pairwise_valid
optimizer: adam
batch_size: 64
crop_ratio: 1.1
enable_amp: true
use_normal: false
max_num_key: null
warmup_step: -1
input_resize:
- 160
- 160
max_step_val: 1000
vis_interval: 1000
weight_decay: 0
normalize_xyz: true
resume_run_id: null
clip_grad_norm: 'Infinity'
lr_epoch_decay: 500
render_backend: nvdiffrast
train_num_pair: 5
lr_decay_epochs:
- 50
n_epochs_warmup: 1
make_pair_online: false
gradient_max_norm: 'Infinity'
max_step_per_epoch: 10000
n_rendering_workers: 1
save_epoch_interval: 100
n_dataloader_workers: 100
split_objects_across_gpus: true
ckpt_dir: /home/shaol/gjx/rw/third_party/FoundationPose/learning/training/../../weights/2024-01-11-20-02-45/model_best.pth

[2024-10-25 11:34:23,860][root][INFO] - self.h5_file:None
[2024-10-25 11:34:24,017][root][INFO] - Using pretrained model from /home/shaol/gjx/rw/third_party/FoundationPose/learning/training/../../weights/2024-01-11-20-02-45/model_best.pth
[2024-10-25 11:34:24,024][websockets.server][INFO] - connection open
[2024-10-25 11:34:24,087][root][INFO] - init done
[2024-10-25 11:34:24,087][root][INFO] - welcome
[2024-10-25 11:34:24,090][root][INFO] - self.cfg: 
 lr: 0.0001
c_in: 6
zfar: .inf
debug: null
w_rot: 0.1
n_view: 1
run_id: null
use_BN: true
rot_rep: axis_angle
ckpt_dir: /home/shaol/gjx/rw/third_party/FoundationPose/learning/training/../../weights/2023-10-28-18-33-37/model_best.pth
exp_name: 2023-10-28-18-33-37
save_dir: /tmp/2023-10-28-18-33-37/
loss_type: l2
optimizer: adam
trans_rep: tracknet
batch_size: 64
crop_ratio: 1.2
use_normal: false
BN_momentum: 0.1
max_num_key: null
warmup_step: -1
input_resize:
- 160
- 160
max_step_val: 1000
normal_uint8: false
vis_interval: 1000
weight_decay: 0
n_max_objects: null
normalize_xyz: true
clip_grad_norm: 'Infinity'
rot_normalizer: 0.3490658503988659
trans_normalizer:
- 0.019999999552965164
- 0.019999999552965164
- 0.05000000074505806
max_step_per_epoch: 25000
val_epoch_interval: 10
n_dataloader_workers: 60
enable_amp: true
use_mask: false

[2024-10-25 11:34:24,091][root][INFO] - self.h5_file:
[2024-10-25 11:34:24,142][root][INFO] - Using pretrained model from /home/shaol/gjx/rw/third_party/FoundationPose/learning/training/../../weights/2023-10-28-18-33-37/model_best.pth
[2024-10-25 11:34:24,165][root][INFO] - init done
[2024-10-25 11:34:26,093][root][INFO] - self.diameter:0.15354647657206474, vox_size:0.007677323828603237
[2024-10-25 11:34:26,112][root][INFO] - self.pts:torch.Size([505, 3])
[2024-10-25 11:34:27,143][root][INFO] - reset done
[2024-10-25 11:34:27,144][root][INFO] - cam_in_obs:(42, 4, 4)
[2024-10-25 11:34:27,145][root][INFO] - rot_grid:(252, 4, 4)
[2024-10-25 11:34:27,146][root][INFO] - after cluster, rot_grid:(252, 4, 4)
[2024-10-25 11:34:27,146][root][INFO] - self.rot_grid: torch.Size([252, 4, 4])
[2024-10-25 11:34:48,874][root][INFO] - Welcome
[2024-10-25 11:34:48,896][root][INFO] - poses:(252, 4, 4)
[2024-10-25 11:34:48,904][root][INFO] - after viewpoint, add_errs min:-1.0
[2024-10-25 11:34:48,935][root][INFO] - ob_in_cams:(252, 4, 4)
[2024-10-25 11:34:48,936][root][INFO] - self.cfg.use_normal:False
[2024-10-25 11:34:48,936][root][INFO] - trans_normalizer:[0.019999999552965164, 0.019999999552965164, 0.05000000074505806], rot_normalizer:0.3490658503988659
[2024-10-25 11:34:48,982][root][INFO] - making cropped data
[2024-10-25 11:34:48,982][root][INFO] - Welcome make_crop_data_batch
[2024-10-25 11:34:48,986][root][INFO] - make tf_to_crops done
[2024-10-25 11:34:49,010][root][INFO] - render done
[2024-10-25 11:34:49,016][root][INFO] - warp done
[2024-10-25 11:34:49,021][root][INFO] - pose batch data done
[2024-10-25 11:34:49,021][root][INFO] - forward start
[2024-10-25 11:34:49,150][root][INFO] - forward done
[2024-10-25 11:34:49,160][root][INFO] - making cropped data
[2024-10-25 11:34:49,160][root][INFO] - Welcome make_crop_data_batch
[2024-10-25 11:34:49,161][root][INFO] - make tf_to_crops done
[2024-10-25 11:34:49,178][root][INFO] - render done
[2024-10-25 11:34:49,182][root][INFO] - warp done
[2024-10-25 11:34:49,184][root][INFO] - pose batch data done
[2024-10-25 11:34:49,185][root][INFO] - forward start
[2024-10-25 11:34:49,186][root][INFO] - forward done
[2024-10-25 11:34:49,186][root][INFO] - making cropped data
[2024-10-25 11:34:49,186][root][INFO] - Welcome make_crop_data_batch
[2024-10-25 11:34:49,285][root][INFO] - make tf_to_crops done
[2024-10-25 11:34:49,302][root][INFO] - render done
[2024-10-25 11:34:49,306][root][INFO] - warp done
[2024-10-25 11:34:49,309][root][INFO] - pose batch data done
[2024-10-25 11:34:49,309][root][INFO] - forward start
[2024-10-25 11:34:49,310][root][INFO] - forward done
[2024-10-25 11:34:49,311][root][INFO] - making cropped data
[2024-10-25 11:34:49,311][root][INFO] - Welcome make_crop_data_batch
[2024-10-25 11:34:49,411][root][INFO] - make tf_to_crops done
[2024-10-25 11:34:49,428][root][INFO] - render done
[2024-10-25 11:34:49,432][root][INFO] - warp done
[2024-10-25 11:34:49,434][root][INFO] - pose batch data done
[2024-10-25 11:34:49,434][root][INFO] - forward start
[2024-10-25 11:34:49,436][root][INFO] - forward done
[2024-10-25 11:34:49,436][root][INFO] - making cropped data
[2024-10-25 11:34:49,436][root][INFO] - Welcome make_crop_data_batch
[2024-10-25 11:34:49,535][root][INFO] - make tf_to_crops done
[2024-10-25 11:34:49,552][root][INFO] - render done
[2024-10-25 11:34:49,556][root][INFO] - warp done
[2024-10-25 11:34:49,559][root][INFO] - pose batch data done
[2024-10-25 11:34:49,559][root][INFO] - forward start
[2024-10-25 11:34:49,560][root][INFO] - forward done
[2024-10-25 11:34:49,675][root][INFO] - ob_in_cams:(252, 4, 4)
[2024-10-25 11:34:49,675][root][INFO] - self.cfg.use_normal:False
[2024-10-25 11:34:49,675][root][INFO] - making cropped data
[2024-10-25 11:34:49,688][root][INFO] - Welcome make_crop_data_batch
[2024-10-25 11:34:49,689][root][INFO] - make tf_to_crops done
[2024-10-25 11:34:49,704][root][INFO] - render done
[2024-10-25 11:34:49,833][root][INFO] - pose batch data done
[2024-10-25 11:34:49,833][root][INFO] - pose_data.rgbAs.shape[0]: 252
[2024-10-25 11:34:49,929][root][INFO] - forward done
[2024-10-25 11:34:49,947][root][INFO] - final, add_errs min:-1.0
[2024-10-25 11:34:49,956][root][INFO] - sort ids:tensor([  6, 126, 132,   0,  42,  65,  72, 107, 131, 203, 221, 222,   5,  96,
        102, 138, 144, 240,  30, 191, 162, 198, 168, 214,  73,   1,  89,  38,
        122, 134,  78, 127,  21, 103,  81,  95, 135,  83, 119,  23,  50, 125,
          2,   9,  75, 155, 200,  29, 147, 218, 106, 116, 141,  45, 194,  79,
        146,  74,  62,  98, 124,  86, 149, 189, 136, 195,  53, 123, 156, 171,
        205, 211, 238,  13,  17,  47, 153,  11,  51, 166, 225,  54,  59, 185,
          8,  14,  39, 152, 158, 159, 164, 176, 179, 186, 208, 233,  10,  37,
         46, 112, 130, 139, 142, 163, 177, 182, 209, 212, 219,  63,  93, 128,
        129, 173, 201,  18,  20,  92, 104, 105, 109, 115, 197,  12,  31,  91,
        170, 206, 216,  66,  76,  88, 175, 207, 215, 224, 230,   3,  19,  27,
         68,  82, 108, 148, 234, 239, 248,  28,  80, 137, 145, 236,  33,  36,
         43,  87,  94, 183, 231, 251,  40, 157, 167, 174, 184, 242,  22,  25,
         34,  56,  77, 100, 181, 188, 210, 237, 241,  16,  24,  41,  44,  71,
         97, 101, 111, 140, 160, 165, 217, 227, 245,  49,  52,  84, 120, 133,
         15,  57,  70,  90, 117, 143, 250,  26,  85, 154, 226, 244, 249,   7,
         32, 228, 150, 199, 223,   4, 118, 229, 232, 247, 114, 121, 178, 180,
         64,  67,  99, 151, 187, 220, 243,  61,  69, 161, 246,  35, 193, 202,
        204, 213, 235,  58, 169, 196,  55, 113,  48, 190,  60, 110, 172, 192])
[2024-10-25 11:34:49,960][root][INFO] - sorted scores:tensor([78.4688, 78.4688, 78.4688, 78.4531, 78.4531, 78.4531, 78.4531, 78.4531,
        78.4531, 78.4531, 78.4531, 78.4531, 78.4375, 78.4375, 78.4375, 78.4375,
        78.4375, 78.4375, 78.4219, 78.4219, 78.3750, 78.2812, 78.2031, 78.1875,
        77.7969, 77.7656, 77.6406, 77.5781, 77.5781, 77.5156, 77.4844, 77.4844,
        77.4219, 77.4219, 77.4062, 77.4062, 77.3906, 77.3750, 77.3750, 77.3594,
        77.3438, 77.3438, 77.3281, 77.3281, 77.3281, 77.3125, 77.3125, 77.2969,
        77.2969, 77.2969, 77.2812, 77.2812, 77.2656, 77.2500, 77.2344, 77.2188,
        77.2188, 77.2031, 77.1875, 77.1875, 77.1875, 77.1719, 77.1719, 77.1719,
        77.1562, 77.1562, 77.1406, 77.1406, 77.1406, 77.1406, 77.1406, 77.1406,
        77.1406, 77.1250, 77.1250, 77.1250, 77.1250, 77.1094, 77.1094, 77.1094,
        77.1094, 77.0938, 77.0938, 77.0938, 77.0781, 77.0781, 77.0781, 77.0781,
        77.0781, 77.0781, 77.0781, 77.0781, 77.0781, 77.0781, 77.0781, 77.0781,
        77.0625, 77.0625, 77.0625, 77.0625, 77.0625, 77.0625, 77.0625, 77.0625,
        77.0625, 77.0625, 77.0625, 77.0625, 77.0625, 77.0469, 77.0469, 77.0469,
        77.0469, 77.0469, 77.0469, 77.0312, 77.0312, 77.0312, 77.0312, 77.0312,
        77.0312, 77.0312, 77.0312, 77.0156, 77.0156, 77.0156, 77.0156, 77.0156,
        77.0156, 77.0000, 77.0000, 77.0000, 77.0000, 77.0000, 77.0000, 77.0000,
        77.0000, 76.9844, 76.9844, 76.9844, 76.9844, 76.9844, 76.9844, 76.9844,
        76.9844, 76.9844, 76.9844, 76.9688, 76.9688, 76.9688, 76.9688, 76.9688,
        76.9531, 76.9531, 76.9531, 76.9531, 76.9531, 76.9531, 76.9531, 76.9531,
        76.9375, 76.9375, 76.9375, 76.9375, 76.9375, 76.9375, 76.9219, 76.9219,
        76.9219, 76.9219, 76.9219, 76.9219, 76.9219, 76.9219, 76.9219, 76.9219,
        76.9219, 76.9062, 76.9062, 76.9062, 76.9062, 76.9062, 76.9062, 76.9062,
        76.9062, 76.9062, 76.9062, 76.9062, 76.9062, 76.9062, 76.9062, 76.8906,
        76.8906, 76.8906, 76.8906, 76.8906, 76.8750, 76.8750, 76.8750, 76.8750,
        76.8750, 76.8750, 76.8750, 76.8594, 76.8594, 76.8594, 76.8594, 76.8594,
        76.8594, 76.8438, 76.8438, 76.8438, 76.8281, 76.8281, 76.8281, 76.8125,
        76.8125, 76.8125, 76.8125, 76.8125, 76.7969, 76.7969, 76.7969, 76.7969,
        76.7812, 76.7812, 76.7812, 76.7812, 76.7812, 76.7812, 76.7812, 76.7656,
        76.7500, 76.7500, 76.7500, 76.7344, 76.7344, 76.7344, 76.7344, 76.7344,
        76.7344, 76.7188, 76.7188, 76.7188, 76.7031, 76.7031, 76.6875, 76.6875,
        76.6719, 76.6719, 76.6719, 76.6719])
