[2024-09-19 20:39:20,768][root][INFO] - self.cfg: 
 lr: 0.0001
c_in: 6
zfar: 'Infinity'
debug: null
n_view: 1
run_id: 3wy8qqex
use_BN: true
exp_name: 2024-01-11-20-02-45
n_epochs: 62
save_dir: /home/bowenw/debug/2024-01-11-20-02-45/
use_mask: false
loss_type: pairwise_valid
optimizer: adam
batch_size: 64
crop_ratio: 1.1
enable_amp: true
use_normal: false
max_num_key: null
warmup_step: -1
input_resize:
- 160
- 160
max_step_val: 1000
vis_interval: 1000
weight_decay: 0
normalize_xyz: true
resume_run_id: null
clip_grad_norm: 'Infinity'
lr_epoch_decay: 500
render_backend: nvdiffrast
train_num_pair: 5
lr_decay_epochs:
- 50
n_epochs_warmup: 1
make_pair_online: false
gradient_max_norm: 'Infinity'
max_step_per_epoch: 10000
n_rendering_workers: 1
save_epoch_interval: 100
n_dataloader_workers: 100
split_objects_across_gpus: true
ckpt_dir: FoundationPose/learning/training/../../weights/2024-01-11-20-02-45/model_best.pth

[2024-09-19 20:39:20,768][root][INFO] - self.h5_file:None
[2024-09-19 20:39:20,929][root][INFO] - Using pretrained model from FoundationPose/learning/training/../../weights/2024-01-11-20-02-45/model_best.pth
[2024-09-19 20:39:20,990][root][INFO] - init done
[2024-09-19 20:39:20,990][root][INFO] - welcome
[2024-09-19 20:39:20,994][root][INFO] - self.cfg: 
 lr: 0.0001
c_in: 6
zfar: .inf
debug: null
w_rot: 0.1
n_view: 1
run_id: null
use_BN: true
rot_rep: axis_angle
ckpt_dir: FoundationPose/learning/training/../../weights/2023-10-28-18-33-37/model_best.pth
exp_name: 2023-10-28-18-33-37
save_dir: /tmp/2023-10-28-18-33-37/
loss_type: l2
optimizer: adam
trans_rep: tracknet
batch_size: 64
crop_ratio: 1.2
use_normal: false
BN_momentum: 0.1
max_num_key: null
warmup_step: -1
input_resize:
- 160
- 160
max_step_val: 1000
normal_uint8: false
vis_interval: 1000
weight_decay: 0
n_max_objects: null
normalize_xyz: true
clip_grad_norm: 'Infinity'
rot_normalizer: 0.3490658503988659
trans_normalizer:
- 0.019999999552965164
- 0.019999999552965164
- 0.05000000074505806
max_step_per_epoch: 25000
val_epoch_interval: 10
n_dataloader_workers: 60
enable_amp: true
use_mask: false

[2024-09-19 20:39:20,994][root][INFO] - self.h5_file:
[2024-09-19 20:39:21,043][root][INFO] - Using pretrained model from FoundationPose/learning/training/../../weights/2023-10-28-18-33-37/model_best.pth
[2024-09-19 20:39:21,063][root][INFO] - init done
[2024-09-19 20:39:23,251][root][INFO] - self.diameter:0.14928191682314523, vox_size:0.0074640958411572615
[2024-09-19 20:39:23,266][root][INFO] - self.pts:torch.Size([912, 3])
[2024-09-19 20:39:24,169][root][INFO] - reset done
[2024-09-19 20:39:24,169][root][INFO] - cam_in_obs:(42, 4, 4)
[2024-09-19 20:39:24,190][root][INFO] - rot_grid:(252, 4, 4)
[2024-09-19 20:39:24,191][root][INFO] - after cluster, rot_grid:(252, 4, 4)
[2024-09-19 20:39:24,191][root][INFO] - self.rot_grid: torch.Size([252, 4, 4])
[2024-09-19 20:39:45,781][root][INFO] - Welcome
[2024-09-19 20:39:45,796][root][INFO] - poses:(252, 4, 4)
[2024-09-19 20:39:45,805][root][INFO] - after viewpoint, add_errs min:-1.0
[2024-09-19 20:39:45,878][root][INFO] - ob_in_cams:(252, 4, 4)
[2024-09-19 20:39:45,878][root][INFO] - self.cfg.use_normal:False
[2024-09-19 20:39:45,878][root][INFO] - trans_normalizer:[0.019999999552965164, 0.019999999552965164, 0.05000000074505806], rot_normalizer:0.3490658503988659
[2024-09-19 20:39:45,885][root][INFO] - making cropped data
[2024-09-19 20:39:45,885][root][INFO] - Welcome make_crop_data_batch
[2024-09-19 20:39:45,890][root][INFO] - make tf_to_crops done
[2024-09-19 20:39:45,923][root][INFO] - render done
[2024-09-19 20:39:45,929][root][INFO] - warp done
[2024-09-19 20:39:45,934][root][INFO] - pose batch data done
[2024-09-19 20:39:45,934][root][INFO] - forward start
[2024-09-19 20:39:46,054][root][INFO] - forward done
[2024-09-19 20:39:46,065][root][INFO] - making cropped data
[2024-09-19 20:39:46,065][root][INFO] - Welcome make_crop_data_batch
[2024-09-19 20:39:46,066][root][INFO] - make tf_to_crops done
[2024-09-19 20:39:46,089][root][INFO] - render done
[2024-09-19 20:39:46,092][root][INFO] - warp done
[2024-09-19 20:39:46,095][root][INFO] - pose batch data done
[2024-09-19 20:39:46,095][root][INFO] - forward start
[2024-09-19 20:39:46,097][root][INFO] - forward done
[2024-09-19 20:39:46,097][root][INFO] - making cropped data
[2024-09-19 20:39:46,097][root][INFO] - Welcome make_crop_data_batch
[2024-09-19 20:39:46,198][root][INFO] - make tf_to_crops done
[2024-09-19 20:39:46,220][root][INFO] - render done
[2024-09-19 20:39:46,223][root][INFO] - warp done
[2024-09-19 20:39:46,226][root][INFO] - pose batch data done
[2024-09-19 20:39:46,226][root][INFO] - forward start
[2024-09-19 20:39:46,228][root][INFO] - forward done
[2024-09-19 20:39:46,228][root][INFO] - making cropped data
[2024-09-19 20:39:46,228][root][INFO] - Welcome make_crop_data_batch
[2024-09-19 20:39:46,327][root][INFO] - make tf_to_crops done
[2024-09-19 20:39:46,349][root][INFO] - render done
[2024-09-19 20:39:46,354][root][INFO] - warp done
[2024-09-19 20:39:46,356][root][INFO] - pose batch data done
[2024-09-19 20:39:46,356][root][INFO] - forward start
[2024-09-19 20:39:46,358][root][INFO] - forward done
[2024-09-19 20:39:46,358][root][INFO] - making cropped data
[2024-09-19 20:39:46,358][root][INFO] - Welcome make_crop_data_batch
[2024-09-19 20:39:46,457][root][INFO] - make tf_to_crops done
[2024-09-19 20:39:46,479][root][INFO] - render done
[2024-09-19 20:39:46,484][root][INFO] - warp done
[2024-09-19 20:39:46,487][root][INFO] - pose batch data done
[2024-09-19 20:39:46,487][root][INFO] - forward start
[2024-09-19 20:39:46,488][root][INFO] - forward done
[2024-09-19 20:39:46,603][root][INFO] - ob_in_cams:(252, 4, 4)
[2024-09-19 20:39:46,603][root][INFO] - self.cfg.use_normal:False
[2024-09-19 20:39:46,603][root][INFO] - making cropped data
[2024-09-19 20:39:46,610][root][INFO] - Welcome make_crop_data_batch
[2024-09-19 20:39:46,611][root][INFO] - make tf_to_crops done
[2024-09-19 20:39:46,632][root][INFO] - render done
[2024-09-19 20:39:46,760][root][INFO] - pose batch data done
[2024-09-19 20:39:46,760][root][INFO] - pose_data.rgbAs.shape[0]: 252
[2024-09-19 20:39:46,857][root][INFO] - forward done
[2024-09-19 20:39:46,875][root][INFO] - final, add_errs min:-1.0
[2024-09-19 20:39:46,885][root][INFO] - sort ids:tensor([203, 131,  47,   5, 137,  77,  11, 107, 132,  42, 102, 126,   6,   0,
         72,  96,  73, 133, 145,   7, 127, 134, 146,  74,   2, 103,  32,  97,
          8, 104, 170,  98, 169,   1, 128,  10, 115,  37,   9,  91, 121,  79,
        101, 179,  17,  89,  95,  99, 105,   3, 119,  26,  33,  75, 155,  41,
         83,  16,  27,  86,  23, 129, 205, 229,  19, 122, 202, 230,  13,  15,
         28,  82,  94, 125, 227,  81,  85,  87, 178,  14,  21,  88, 117, 135,
         22,  43,  93, 116, 118, 123,   4,  76,  92, 106, 130, 206,  80,  90,
        100,  34, 120, 136, 226, 154,  18,  20, 124,  36,  84, 114,  12,  78,
         49,  65, 236, 161, 245,  55, 141, 231, 151, 223, 138, 149, 211,  70,
        237, 173, 241, 221, 199, 224,  61,  67,  31, 193, 251, 166, 244,  24,
         39,  40, 176, 184, 148, 152, 156, 200, 163,  25,  30, 164, 188, 232,
        172, 191, 216, 247,  45,  71, 187, 215,  58,  52, 209, 248, 108, 185,
        196,  59, 212,  68, 180, 239, 158, 171, 219, 150, 192, 198, 177, 181,
        214, 250,  64, 233,  56, 208, 218,  54, 168,  50,  53, 194,  62, 225,
        143, 175, 197, 111, 157,  60, 112,  48, 167, 182, 249, 242,  63, 246,
        144, 174,  69, 162, 186, 207, 165, 201, 189, 204, 220,  46,  51, 142,
        159, 110, 243, 109, 240, 147, 213, 235,  57, 183,  66, 140, 160, 195,
        210, 113, 222, 234, 217, 153, 139,  44, 228,  35,  38,  29, 238, 190])
[2024-09-19 20:39:46,888][root][INFO] - sorted scores:tensor([86.8281, 86.8125, 86.7891, 86.7812, 86.7812, 86.7500, 86.7344, 86.6641,
        86.6328, 86.6250, 86.6250, 86.6250, 86.6094, 86.6016, 86.6016, 86.5625,
        86.4141, 86.4062, 86.3828, 86.3594, 86.3594, 86.3594, 86.3594, 86.3281,
        86.3125, 86.3125, 86.3047, 86.3047, 86.2969, 86.2969, 86.2969, 86.2812,
        86.2812, 86.2734, 86.2578, 86.2500, 86.2500, 86.2344, 86.2266, 86.2031,
        86.2031, 86.1953, 86.1953, 86.1953, 86.1875, 86.1875, 86.1875, 86.1875,
        86.1875, 86.1797, 86.1797, 86.1719, 86.1719, 86.1719, 86.1719, 86.1641,
        86.1641, 86.1562, 86.1562, 86.1562, 86.1484, 86.1484, 86.1484, 86.1484,
        86.1406, 86.1406, 86.1406, 86.1406, 86.1328, 86.1328, 86.1328, 86.1328,
        86.1328, 86.1328, 86.1328, 86.1250, 86.1250, 86.1250, 86.1250, 86.1172,
        86.1172, 86.1172, 86.1172, 86.1172, 86.1094, 86.1094, 86.1094, 86.1094,
        86.1094, 86.1094, 86.1016, 86.1016, 86.1016, 86.1016, 86.1016, 86.1016,
        86.0938, 86.0938, 86.0938, 86.0859, 86.0859, 86.0859, 86.0859, 86.0781,
        86.0703, 86.0703, 86.0547, 86.0234, 86.0234, 86.0234, 86.0000, 86.0000,
        85.7656, 85.5703, 85.4766, 85.4297, 85.4141, 85.3828, 85.3672, 85.3438,
        85.3359, 85.3047, 85.2969, 85.2656, 85.2656, 85.2500, 85.2422, 85.2344,
        85.2344, 85.2266, 85.2109, 85.2031, 85.1953, 85.1953, 85.1875, 85.1875,
        85.1875, 85.1797, 85.1797, 85.1719, 85.1719, 85.1641, 85.1641, 85.1562,
        85.1406, 85.1406, 85.1406, 85.1406, 85.1328, 85.1250, 85.1250, 85.1250,
        85.1250, 85.1250, 85.1172, 85.1094, 85.1016, 85.1016, 85.0938, 85.0938,
        85.0938, 85.0859, 85.0781, 85.0703, 85.0703, 85.0703, 85.0625, 85.0625,
        85.0625, 85.0469, 85.0469, 85.0391, 85.0391, 85.0391, 85.0312, 85.0312,
        85.0312, 85.0156, 85.0156, 85.0156, 84.9922, 84.9922, 84.9922, 84.9922,
        84.9844, 84.9844, 84.9766, 84.9766, 84.9766, 84.9531, 84.9531, 84.9453,
        84.9453, 84.9375, 84.9297, 84.9297, 84.9219, 84.9219, 84.9141, 84.9062,
        84.8828, 84.8750, 84.8750, 84.8672, 84.8594, 84.8594, 84.8594, 84.8516,
        84.8359, 84.8359, 84.8281, 84.8203, 84.8125, 84.8125, 84.8047, 84.8047,
        84.7812, 84.7812, 84.7656, 84.7656, 84.7656, 84.7500, 84.7500, 84.7500,
        84.7500, 84.7344, 84.7344, 84.7266, 84.7188, 84.7031, 84.7031, 84.7031,
        84.6953, 84.6953, 84.6719, 84.6719, 84.6719, 84.6719, 84.6719, 84.6641,
        84.6484, 84.6484, 84.6406, 84.6250, 84.6172, 84.5938, 84.5781, 84.5703,
        84.5703, 84.5312, 84.5234, 84.4922])
[2024-09-19 20:39:58,649][websockets.server][INFO] - server listening on 0.0.0.0:8080
[2024-09-19 20:40:00,462][websockets.server][INFO] - connection open
[2024-09-19 20:40:08,838][root][INFO] - Succeeded to open port: /dev/ttyUSB0
[2024-09-19 20:40:08,839][root][INFO] - Succeeded to set baudrate to 3000000
[2024-09-19 20:40:43,948][websockets.server][INFO] - connection open
[2024-09-19 20:40:44,470][root][ERROR] - > write_byte: [Motor ID: 2] [RxPacketError] Hardware error occurred. Check the error at Control Table (Hardware Error Status)!
[2024-09-19 20:40:44,471][websockets.server][ERROR] - connection handler failed
Traceback (most recent call last):
  File "/home/shaol/anaconda3/envs/py39/lib/python3.9/site-packages/websockets/legacy/server.py", line 245, in handler
    await self.ws_handler(self)
  File "/home/shaol/anaconda3/envs/py39/lib/python3.9/site-packages/viser/infra/_infra.py", line 379, in serve
    await asyncio.gather(
  File "/home/shaol/anaconda3/envs/py39/lib/python3.9/site-packages/viser/infra/_infra.py", line 534, in _message_consumer
    handle_message(message)
  File "/home/shaol/anaconda3/envs/py39/lib/python3.9/site-packages/viser/infra/_infra.py", line 359, in handle_incoming
    self._thread_executor.submit(
  File "/home/shaol/anaconda3/envs/py39/lib/python3.9/concurrent/futures/thread.py", line 167, in submit
    raise RuntimeError('cannot schedule new futures after shutdown')
RuntimeError: cannot schedule new futures after shutdown
[2024-09-19 20:40:44,483][websockets.server][INFO] - connection closed
[2024-09-19 20:40:44,675][root][ERROR] - Could not set torque disabled for IDs: [2]
