[2024-09-21 17:32:15,782][root][INFO] - self.cfg: 
 lr: 0.0001
c_in: 6
zfar: 'Infinity'
debug: null
n_view: 1
run_id: 3wy8qqex
use_BN: true
exp_name: 2024-01-11-20-02-45
n_epochs: 62
save_dir: /home/bowenw/debug/2024-01-11-20-02-45/
use_mask: false
loss_type: pairwise_valid
optimizer: adam
batch_size: 64
crop_ratio: 1.1
enable_amp: true
use_normal: false
max_num_key: null
warmup_step: -1
input_resize:
- 160
- 160
max_step_val: 1000
vis_interval: 1000
weight_decay: 0
normalize_xyz: true
resume_run_id: null
clip_grad_norm: 'Infinity'
lr_epoch_decay: 500
render_backend: nvdiffrast
train_num_pair: 5
lr_decay_epochs:
- 50
n_epochs_warmup: 1
make_pair_online: false
gradient_max_norm: 'Infinity'
max_step_per_epoch: 10000
n_rendering_workers: 1
save_epoch_interval: 100
n_dataloader_workers: 100
split_objects_across_gpus: true
ckpt_dir: FoundationPose/learning/training/../../weights/2024-01-11-20-02-45/model_best.pth

[2024-09-21 17:32:15,782][root][INFO] - self.h5_file:None
[2024-09-21 17:32:15,961][root][INFO] - Using pretrained model from FoundationPose/learning/training/../../weights/2024-01-11-20-02-45/model_best.pth
[2024-09-21 17:32:16,022][root][INFO] - init done
[2024-09-21 17:32:16,022][root][INFO] - welcome
[2024-09-21 17:32:16,026][root][INFO] - self.cfg: 
 lr: 0.0001
c_in: 6
zfar: .inf
debug: null
w_rot: 0.1
n_view: 1
run_id: null
use_BN: true
rot_rep: axis_angle
ckpt_dir: FoundationPose/learning/training/../../weights/2023-10-28-18-33-37/model_best.pth
exp_name: 2023-10-28-18-33-37
save_dir: /tmp/2023-10-28-18-33-37/
loss_type: l2
optimizer: adam
trans_rep: tracknet
batch_size: 64
crop_ratio: 1.2
use_normal: false
BN_momentum: 0.1
max_num_key: null
warmup_step: -1
input_resize:
- 160
- 160
max_step_val: 1000
normal_uint8: false
vis_interval: 1000
weight_decay: 0
n_max_objects: null
normalize_xyz: true
clip_grad_norm: 'Infinity'
rot_normalizer: 0.3490658503988659
trans_normalizer:
- 0.019999999552965164
- 0.019999999552965164
- 0.05000000074505806
max_step_per_epoch: 25000
val_epoch_interval: 10
n_dataloader_workers: 60
enable_amp: true
use_mask: false

[2024-09-21 17:32:16,026][root][INFO] - self.h5_file:
[2024-09-21 17:32:16,073][root][INFO] - Using pretrained model from FoundationPose/learning/training/../../weights/2023-10-28-18-33-37/model_best.pth
[2024-09-21 17:32:16,092][root][INFO] - init done
[2024-09-21 17:32:18,317][root][INFO] - self.diameter:0.16907099679909296, vox_size:0.008453549839954649
[2024-09-21 17:32:18,331][root][INFO] - self.pts:torch.Size([677, 3])
[2024-09-21 17:32:19,338][root][INFO] - reset done
[2024-09-21 17:32:19,339][root][INFO] - cam_in_obs:(42, 4, 4)
[2024-09-21 17:32:19,341][root][INFO] - rot_grid:(252, 4, 4)
[2024-09-21 17:32:19,342][root][INFO] - after cluster, rot_grid:(252, 4, 4)
[2024-09-21 17:32:19,342][root][INFO] - self.rot_grid: torch.Size([252, 4, 4])
[2024-09-21 17:32:30,194][root][INFO] - Welcome
[2024-09-21 17:32:30,208][root][INFO] - poses:(252, 4, 4)
[2024-09-21 17:32:30,220][root][INFO] - after viewpoint, add_errs min:-1.0
[2024-09-21 17:32:30,292][root][INFO] - ob_in_cams:(252, 4, 4)
[2024-09-21 17:32:30,292][root][INFO] - self.cfg.use_normal:False
[2024-09-21 17:32:30,293][root][INFO] - trans_normalizer:[0.019999999552965164, 0.019999999552965164, 0.05000000074505806], rot_normalizer:0.3490658503988659
[2024-09-21 17:32:30,295][root][INFO] - making cropped data
[2024-09-21 17:32:30,295][root][INFO] - Welcome make_crop_data_batch
[2024-09-21 17:32:30,299][root][INFO] - make tf_to_crops done
[2024-09-21 17:32:30,331][root][INFO] - render done
[2024-09-21 17:32:30,338][root][INFO] - warp done
[2024-09-21 17:32:30,343][root][INFO] - pose batch data done
[2024-09-21 17:32:30,343][root][INFO] - forward start
[2024-09-21 17:32:30,460][root][INFO] - forward done
[2024-09-21 17:32:30,471][root][INFO] - making cropped data
[2024-09-21 17:32:30,471][root][INFO] - Welcome make_crop_data_batch
[2024-09-21 17:32:30,472][root][INFO] - make tf_to_crops done
[2024-09-21 17:32:30,494][root][INFO] - render done
[2024-09-21 17:32:30,498][root][INFO] - warp done
[2024-09-21 17:32:30,501][root][INFO] - pose batch data done
[2024-09-21 17:32:30,501][root][INFO] - forward start
[2024-09-21 17:32:30,502][root][INFO] - forward done
[2024-09-21 17:32:30,503][root][INFO] - making cropped data
[2024-09-21 17:32:30,503][root][INFO] - Welcome make_crop_data_batch
[2024-09-21 17:32:30,602][root][INFO] - make tf_to_crops done
[2024-09-21 17:32:30,624][root][INFO] - render done
[2024-09-21 17:32:30,628][root][INFO] - warp done
[2024-09-21 17:32:30,630][root][INFO] - pose batch data done
[2024-09-21 17:32:30,630][root][INFO] - forward start
[2024-09-21 17:32:30,632][root][INFO] - forward done
[2024-09-21 17:32:30,632][root][INFO] - making cropped data
[2024-09-21 17:32:30,632][root][INFO] - Welcome make_crop_data_batch
[2024-09-21 17:32:30,729][root][INFO] - make tf_to_crops done
[2024-09-21 17:32:30,750][root][INFO] - render done
[2024-09-21 17:32:30,754][root][INFO] - warp done
[2024-09-21 17:32:30,757][root][INFO] - pose batch data done
[2024-09-21 17:32:30,757][root][INFO] - forward start
[2024-09-21 17:32:30,758][root][INFO] - forward done
[2024-09-21 17:32:30,759][root][INFO] - making cropped data
[2024-09-21 17:32:30,759][root][INFO] - Welcome make_crop_data_batch
[2024-09-21 17:32:30,856][root][INFO] - make tf_to_crops done
[2024-09-21 17:32:30,878][root][INFO] - render done
[2024-09-21 17:32:30,882][root][INFO] - warp done
[2024-09-21 17:32:30,885][root][INFO] - pose batch data done
[2024-09-21 17:32:30,885][root][INFO] - forward start
[2024-09-21 17:32:30,886][root][INFO] - forward done
[2024-09-21 17:32:31,000][root][INFO] - ob_in_cams:(252, 4, 4)
[2024-09-21 17:32:31,000][root][INFO] - self.cfg.use_normal:False
[2024-09-21 17:32:31,000][root][INFO] - making cropped data
[2024-09-21 17:32:31,007][root][INFO] - Welcome make_crop_data_batch
[2024-09-21 17:32:31,007][root][INFO] - make tf_to_crops done
[2024-09-21 17:32:31,028][root][INFO] - render done
[2024-09-21 17:32:31,153][root][INFO] - pose batch data done
[2024-09-21 17:32:31,153][root][INFO] - pose_data.rgbAs.shape[0]: 252
[2024-09-21 17:32:31,247][root][INFO] - forward done
[2024-09-21 17:32:31,265][root][INFO] - final, add_errs min:-1.0
[2024-09-21 17:32:31,275][root][INFO] - sort ids:tensor([188, 194,   1,   2,   8,  32,  56,  74,  98, 104, 133, 134, 146, 164,
        169, 170,  33,  99, 105,  50, 145,  97, 127, 243, 213, 152, 122,  38,
        116,  81,  15,  63,  14, 207,  21,  37,   7, 117,  87,  80,  23,  92,
        101, 121, 224, 189, 156, 179,  29, 176, 219,   3,  35,  43,  73, 106,
        113,  77,  82,  84, 238,  34,  78,  17,  57,  88, 115, 185, 212,   9,
         31,  83, 120, 142, 217, 246,  40,  93, 103, 126, 143, 209, 216, 249,
         39,  76, 110, 118, 139, 187, 201, 214, 223, 225, 227,   4,   5,  86,
         95, 100, 128, 135, 151, 159, 186, 199, 245,   0,  62,  85, 102, 123,
        124, 131, 178, 208, 215, 231, 232,  16,  20,  22,  46,  68,  69,  75,
         79,  89,  91, 137, 141, 149, 153, 171, 175, 236, 244,  19,  25,  44,
         55,  65,  94, 130, 132, 136, 147, 154, 157, 158, 163, 167, 168, 180,
        198, 202, 235, 241, 242, 248,   6,  11,  13,  36,  48,  72,  96, 111,
        138, 150, 181, 193, 195, 200, 205, 210, 221, 237,  10,  42,  54,  60,
         90, 114, 129, 148, 160, 166, 190, 196, 218,  27,  28,  41,  47,  51,
         58,  64,  66, 107, 108, 109, 112, 119, 125, 155, 162, 172, 173, 177,
        182, 183, 184, 206, 222, 228, 233, 234, 240,  12,  24,  26,  45,  49,
         52,  59,  61,  70, 161, 203, 204, 211, 220, 229, 247, 250, 251,  18,
         30,  53,  71, 144, 165, 174, 191, 226, 230, 140, 192, 197, 239,  67])
[2024-09-21 17:32:31,278][root][INFO] - sorted scores:tensor([57.7812, 57.7812, 57.7500, 57.7500, 57.7500, 57.7500, 57.7500, 57.7500,
        57.7500, 57.7500, 57.7500, 57.7500, 57.7500, 57.7500, 57.7500, 57.7500,
        57.7188, 57.7188, 57.7188, 57.6875, 57.6875, 57.6562, 57.6562, 57.4375,
        57.4062, 57.3750, 57.2188, 57.1562, 57.0625, 57.0312, 57.0000, 56.9688,
        56.9375, 56.9062, 56.8750, 56.8438, 56.7812, 56.7812, 56.7500, 56.6562,
        56.5312, 56.5312, 56.5312, 56.5312, 56.5312, 56.5000, 56.4062, 56.4062,
        56.3750, 56.3750, 56.3750, 56.3438, 56.3438, 56.3438, 56.3438, 56.3438,
        56.3438, 56.3125, 56.3125, 56.3125, 56.3125, 56.2812, 56.2812, 56.2500,
        56.2500, 56.2500, 56.2500, 56.2500, 56.2500, 56.2188, 56.2188, 56.2188,
        56.2188, 56.2188, 56.2188, 56.2188, 56.1875, 56.1875, 56.1875, 56.1875,
        56.1875, 56.1875, 56.1875, 56.1875, 56.1562, 56.1562, 56.1562, 56.1562,
        56.1562, 56.1562, 56.1562, 56.1562, 56.1562, 56.1562, 56.1562, 56.1250,
        56.1250, 56.1250, 56.1250, 56.1250, 56.1250, 56.1250, 56.1250, 56.1250,
        56.1250, 56.1250, 56.1250, 56.0938, 56.0938, 56.0938, 56.0938, 56.0938,
        56.0938, 56.0938, 56.0938, 56.0938, 56.0938, 56.0938, 56.0938, 56.0625,
        56.0625, 56.0625, 56.0625, 56.0625, 56.0625, 56.0625, 56.0625, 56.0625,
        56.0625, 56.0625, 56.0625, 56.0625, 56.0625, 56.0625, 56.0625, 56.0625,
        56.0625, 56.0312, 56.0312, 56.0312, 56.0312, 56.0312, 56.0312, 56.0312,
        56.0312, 56.0312, 56.0312, 56.0312, 56.0312, 56.0312, 56.0312, 56.0312,
        56.0312, 56.0312, 56.0312, 56.0312, 56.0312, 56.0312, 56.0312, 56.0312,
        56.0000, 56.0000, 56.0000, 56.0000, 56.0000, 56.0000, 56.0000, 56.0000,
        56.0000, 56.0000, 56.0000, 56.0000, 56.0000, 56.0000, 56.0000, 56.0000,
        56.0000, 56.0000, 55.9688, 55.9688, 55.9688, 55.9688, 55.9688, 55.9688,
        55.9688, 55.9688, 55.9688, 55.9688, 55.9688, 55.9688, 55.9688, 55.9375,
        55.9375, 55.9375, 55.9375, 55.9375, 55.9375, 55.9375, 55.9375, 55.9375,
        55.9375, 55.9375, 55.9375, 55.9375, 55.9375, 55.9375, 55.9375, 55.9375,
        55.9375, 55.9375, 55.9375, 55.9375, 55.9375, 55.9375, 55.9375, 55.9375,
        55.9375, 55.9375, 55.9375, 55.9062, 55.9062, 55.9062, 55.9062, 55.9062,
        55.9062, 55.9062, 55.9062, 55.9062, 55.9062, 55.9062, 55.9062, 55.9062,
        55.9062, 55.9062, 55.9062, 55.9062, 55.9062, 55.8750, 55.8750, 55.8750,
        55.8750, 55.8750, 55.8750, 55.8750, 55.8750, 55.8750, 55.8750, 55.8438,
        55.8438, 55.8438, 55.8438, 55.8125])
[2024-09-21 17:32:35,365][websockets.server][INFO] - server listening on 0.0.0.0:8080
[2024-09-21 17:32:40,138][websockets.server][INFO] - connection open
[2024-09-21 17:32:47,996][root][INFO] - Succeeded to open port: /dev/ttyUSB0
[2024-09-21 17:32:47,997][root][INFO] - Succeeded to set baudrate to 3000000
