[2024-09-20 14:49:37,054][root][INFO] - self.cfg: 
 lr: 0.0001
c_in: 6
zfar: 'Infinity'
debug: null
n_view: 1
run_id: 3wy8qqex
use_BN: true
exp_name: 2024-01-11-20-02-45
n_epochs: 62
save_dir: /home/bowenw/debug/2024-01-11-20-02-45/
use_mask: false
loss_type: pairwise_valid
optimizer: adam
batch_size: 64
crop_ratio: 1.1
enable_amp: true
use_normal: false
max_num_key: null
warmup_step: -1
input_resize:
- 160
- 160
max_step_val: 1000
vis_interval: 1000
weight_decay: 0
normalize_xyz: true
resume_run_id: null
clip_grad_norm: 'Infinity'
lr_epoch_decay: 500
render_backend: nvdiffrast
train_num_pair: 5
lr_decay_epochs:
- 50
n_epochs_warmup: 1
make_pair_online: false
gradient_max_norm: 'Infinity'
max_step_per_epoch: 10000
n_rendering_workers: 1
save_epoch_interval: 100
n_dataloader_workers: 100
split_objects_across_gpus: true
ckpt_dir: FoundationPose/learning/training/../../weights/2024-01-11-20-02-45/model_best.pth

[2024-09-20 14:49:37,054][root][INFO] - self.h5_file:None
[2024-09-20 14:49:37,262][root][INFO] - Using pretrained model from FoundationPose/learning/training/../../weights/2024-01-11-20-02-45/model_best.pth
[2024-09-20 14:49:37,328][root][INFO] - init done
[2024-09-20 14:49:37,328][root][INFO] - welcome
[2024-09-20 14:49:37,332][root][INFO] - self.cfg: 
 lr: 0.0001
c_in: 6
zfar: .inf
debug: null
w_rot: 0.1
n_view: 1
run_id: null
use_BN: true
rot_rep: axis_angle
ckpt_dir: FoundationPose/learning/training/../../weights/2023-10-28-18-33-37/model_best.pth
exp_name: 2023-10-28-18-33-37
save_dir: /tmp/2023-10-28-18-33-37/
loss_type: l2
optimizer: adam
trans_rep: tracknet
batch_size: 64
crop_ratio: 1.2
use_normal: false
BN_momentum: 0.1
max_num_key: null
warmup_step: -1
input_resize:
- 160
- 160
max_step_val: 1000
normal_uint8: false
vis_interval: 1000
weight_decay: 0
n_max_objects: null
normalize_xyz: true
clip_grad_norm: 'Infinity'
rot_normalizer: 0.3490658503988659
trans_normalizer:
- 0.019999999552965164
- 0.019999999552965164
- 0.05000000074505806
max_step_per_epoch: 25000
val_epoch_interval: 10
n_dataloader_workers: 60
enable_amp: true
use_mask: false

[2024-09-20 14:49:37,332][root][INFO] - self.h5_file:
[2024-09-20 14:49:37,388][root][INFO] - Using pretrained model from FoundationPose/learning/training/../../weights/2023-10-28-18-33-37/model_best.pth
[2024-09-20 14:49:37,412][root][INFO] - init done
[2024-09-20 14:49:39,648][root][INFO] - self.diameter:0.1795758822407556, vox_size:0.00897879411203778
[2024-09-20 14:49:39,662][root][INFO] - self.pts:torch.Size([687, 3])
[2024-09-20 14:49:40,537][root][INFO] - reset done
[2024-09-20 14:49:40,538][root][INFO] - cam_in_obs:(42, 4, 4)
[2024-09-20 14:49:40,540][root][INFO] - rot_grid:(252, 4, 4)
[2024-09-20 14:49:40,541][root][INFO] - after cluster, rot_grid:(252, 4, 4)
[2024-09-20 14:49:40,541][root][INFO] - self.rot_grid: torch.Size([252, 4, 4])
[2024-09-20 14:49:54,315][root][INFO] - Welcome
[2024-09-20 14:49:54,330][root][INFO] - poses:(252, 4, 4)
[2024-09-20 14:49:54,340][root][INFO] - after viewpoint, add_errs min:-1.0
[2024-09-20 14:49:54,372][root][INFO] - ob_in_cams:(252, 4, 4)
[2024-09-20 14:49:54,372][root][INFO] - self.cfg.use_normal:False
[2024-09-20 14:49:54,372][root][INFO] - trans_normalizer:[0.019999999552965164, 0.019999999552965164, 0.05000000074505806], rot_normalizer:0.3490658503988659
[2024-09-20 14:49:54,416][root][INFO] - making cropped data
[2024-09-20 14:49:54,416][root][INFO] - Welcome make_crop_data_batch
[2024-09-20 14:49:54,420][root][INFO] - make tf_to_crops done
[2024-09-20 14:49:54,452][root][INFO] - render done
[2024-09-20 14:49:54,460][root][INFO] - warp done
[2024-09-20 14:49:54,464][root][INFO] - pose batch data done
[2024-09-20 14:49:54,464][root][INFO] - forward start
[2024-09-20 14:49:54,595][root][INFO] - forward done
[2024-09-20 14:49:54,606][root][INFO] - making cropped data
[2024-09-20 14:49:54,606][root][INFO] - Welcome make_crop_data_batch
[2024-09-20 14:49:54,607][root][INFO] - make tf_to_crops done
[2024-09-20 14:49:54,630][root][INFO] - render done
[2024-09-20 14:49:54,635][root][INFO] - warp done
[2024-09-20 14:49:54,638][root][INFO] - pose batch data done
[2024-09-20 14:49:54,638][root][INFO] - forward start
[2024-09-20 14:49:54,639][root][INFO] - forward done
[2024-09-20 14:49:54,639][root][INFO] - making cropped data
[2024-09-20 14:49:54,640][root][INFO] - Welcome make_crop_data_batch
[2024-09-20 14:49:54,748][root][INFO] - make tf_to_crops done
[2024-09-20 14:49:54,773][root][INFO] - render done
[2024-09-20 14:49:54,777][root][INFO] - warp done
[2024-09-20 14:49:54,779][root][INFO] - pose batch data done
[2024-09-20 14:49:54,779][root][INFO] - forward start
[2024-09-20 14:49:54,781][root][INFO] - forward done
[2024-09-20 14:49:54,781][root][INFO] - making cropped data
[2024-09-20 14:49:54,781][root][INFO] - Welcome make_crop_data_batch
[2024-09-20 14:49:54,892][root][INFO] - make tf_to_crops done
[2024-09-20 14:49:54,914][root][INFO] - render done
[2024-09-20 14:49:54,919][root][INFO] - warp done
[2024-09-20 14:49:54,922][root][INFO] - pose batch data done
[2024-09-20 14:49:54,922][root][INFO] - forward start
[2024-09-20 14:49:54,923][root][INFO] - forward done
[2024-09-20 14:49:54,924][root][INFO] - making cropped data
[2024-09-20 14:49:54,924][root][INFO] - Welcome make_crop_data_batch
[2024-09-20 14:49:55,032][root][INFO] - make tf_to_crops done
[2024-09-20 14:49:55,057][root][INFO] - render done
[2024-09-20 14:49:55,061][root][INFO] - warp done
[2024-09-20 14:49:55,063][root][INFO] - pose batch data done
[2024-09-20 14:49:55,064][root][INFO] - forward start
[2024-09-20 14:49:55,065][root][INFO] - forward done
[2024-09-20 14:49:55,191][root][INFO] - ob_in_cams:(252, 4, 4)
[2024-09-20 14:49:55,191][root][INFO] - self.cfg.use_normal:False
[2024-09-20 14:49:55,191][root][INFO] - making cropped data
[2024-09-20 14:49:55,199][root][INFO] - Welcome make_crop_data_batch
[2024-09-20 14:49:55,200][root][INFO] - make tf_to_crops done
[2024-09-20 14:49:55,222][root][INFO] - render done
[2024-09-20 14:49:55,364][root][INFO] - pose batch data done
[2024-09-20 14:49:55,364][root][INFO] - pose_data.rgbAs.shape[0]: 252
[2024-09-20 14:49:55,470][root][INFO] - forward done
[2024-09-20 14:49:55,488][root][INFO] - final, add_errs min:-1.0
[2024-09-20 14:49:55,498][root][INFO] - sort ids:tensor([ 13,  14,  20,  26,  80,  85,  86,  92, 116, 122, 229,  79, 121,  44,
         73,   2,   7,   8,  32,  74,  98, 103, 104, 127, 128, 134, 169,  41,
         88,  17,  23,  82,  83,  95, 119, 125,  22,  89, 124, 154,  47, 101,
        107, 137, 202, 227,   1,   4,   5,  77, 130, 131,  16,  29,  35, 235,
         19,  49,  38, 106,  50, 146,  55,  61, 126, 170, 178, 239,  99, 245,
        247,  10,  58,  64, 196, 226,  52, 145, 164, 185, 193, 203,   9,  67,
        211, 184, 188, 212,  27,  42,  87, 156, 220,  70,  94, 189, 205, 230,
         37,  59, 206, 233, 179, 237, 163, 191, 215, 236, 251,  28,  71, 100,
        115, 118, 209, 250,  33, 155,  34,  65, 105, 120, 208, 221, 232, 241,
         93, 161,   0,  36,  91, 102, 175, 176, 186,  11,  30,  62,  15,  56,
        133, 152, 182, 194, 244,  31,  43, 167, 199, 183, 200, 151, 166, 214,
        224, 172, 181,  97, 123, 136, 197, 223, 242,  25,  68, 129, 173, 248,
         53, 132, 148, 149,  90, 160, 216, 108,  40, 150, 231,  45,  46, 234,
        139,   3,  24,  39, 109, 135, 141, 142, 159, 198, 218, 219, 111, 158,
         72,  96, 114, 138,  18,  57,  69,  76, 110, 112, 157,  21,  48,  60,
         81, 117, 180, 238,   6,  75,  78, 113, 140, 143, 171, 177, 190, 204,
        225,  12,  84, 144, 165, 213, 217, 243,  63, 162, 174, 201, 210, 222,
        240, 246,  51,  66, 147, 153, 168, 187, 195, 207, 249,  54, 192, 228])
[2024-09-20 14:49:55,501][root][INFO] - sorted scores:tensor([52.4688, 52.4688, 52.4688, 52.4688, 52.4688, 52.4688, 52.4688, 52.4688,
        52.4688, 52.4688, 52.4688, 52.4375, 52.4375, 52.1875, 52.1875, 52.1562,
        52.1562, 52.1562, 52.1562, 52.1562, 52.1562, 52.1562, 52.1562, 52.1562,
        52.1562, 52.1562, 52.1562, 52.0625, 52.0625, 52.0312, 52.0312, 52.0312,
        52.0312, 52.0312, 52.0312, 52.0312, 52.0000, 52.0000, 52.0000, 52.0000,
        51.9062, 51.9062, 51.9062, 51.9062, 51.9062, 51.9062, 51.8750, 51.8750,
        51.8750, 51.8750, 51.8750, 51.8750, 51.8438, 51.8438, 51.8438, 51.8125,
        51.7812, 51.7188, 51.6875, 51.6562, 51.6250, 51.6250, 51.5938, 51.5938,
        51.5625, 51.5625, 51.5625, 51.5625, 51.5312, 51.5312, 51.5312, 51.5000,
        51.5000, 51.5000, 51.5000, 51.5000, 51.4688, 51.4688, 51.4688, 51.4688,
        51.4688, 51.4688, 51.4375, 51.4375, 51.4375, 51.4062, 51.4062, 51.4062,
        51.3750, 51.3750, 51.3750, 51.3750, 51.3750, 51.3438, 51.3438, 51.3438,
        51.3438, 51.3438, 51.3125, 51.3125, 51.3125, 51.3125, 51.2812, 51.2812,
        51.2500, 51.2500, 51.2500, 51.2500, 51.2500, 51.2188, 51.2188, 51.2188,
        51.2188, 51.2188, 51.2188, 51.2188, 51.1875, 51.1875, 51.1562, 51.1562,
        51.1562, 51.1562, 51.1562, 51.1562, 51.1562, 51.1562, 51.0938, 51.0938,
        51.0625, 51.0625, 51.0625, 51.0625, 51.0625, 51.0625, 51.0625, 51.0312,
        51.0312, 51.0312, 51.0000, 51.0000, 51.0000, 51.0000, 51.0000, 51.0000,
        51.0000, 50.9688, 50.9688, 50.9688, 50.9688, 50.9375, 50.9375, 50.9062,
        50.9062, 50.9062, 50.9062, 50.8750, 50.8750, 50.8438, 50.8438, 50.8438,
        50.8438, 50.8125, 50.8125, 50.7812, 50.7812, 50.7812, 50.7812, 50.7812,
        50.7500, 50.7500, 50.7500, 50.7500, 50.7188, 50.7188, 50.7188, 50.6875,
        50.6562, 50.6562, 50.6562, 50.6250, 50.6250, 50.6250, 50.5938, 50.5625,
        50.5625, 50.5625, 50.5625, 50.5625, 50.5625, 50.5625, 50.5625, 50.5625,
        50.5625, 50.5625, 50.5312, 50.5312, 50.5000, 50.5000, 50.5000, 50.5000,
        50.4688, 50.4688, 50.4688, 50.4688, 50.4688, 50.4688, 50.4688, 50.4375,
        50.4375, 50.4375, 50.4375, 50.4375, 50.4375, 50.4375, 50.4062, 50.4062,
        50.4062, 50.4062, 50.4062, 50.4062, 50.4062, 50.4062, 50.4062, 50.4062,
        50.4062, 50.3750, 50.3750, 50.3750, 50.3750, 50.3750, 50.3750, 50.3750,
        50.3438, 50.3438, 50.3438, 50.3438, 50.3438, 50.3438, 50.3438, 50.3438,
        50.3125, 50.3125, 50.3125, 50.3125, 50.3125, 50.3125, 50.3125, 50.3125,
        50.3125, 50.2812, 50.2812, 50.2812])
[2024-09-20 14:50:07,071][websockets.server][INFO] - server listening on 0.0.0.0:8080
[2024-09-20 14:50:09,134][websockets.server][INFO] - connection open
[2024-09-20 14:50:11,776][root][INFO] - Succeeded to open port: /dev/ttyUSB0
[2024-09-20 14:50:11,777][root][INFO] - Succeeded to set baudrate to 3000000
[2024-09-20 14:50:30,694][websockets.server][INFO] - connection open
[2024-09-20 14:50:32,360][root][ERROR] - > read: [TxRxResult] There is no status packet!
[2024-09-20 14:50:32,395][root][ERROR] - > read: [TxRxResult] There is no status packet!
[2024-09-20 14:50:32,533][root][ERROR] - > read: [TxRxResult] There is no status packet!
[2024-09-20 14:50:32,568][root][ERROR] - > read: [TxRxResult] There is no status packet!
