[2024-10-14 20:21:34,407][websockets.server][INFO] - server listening on 0.0.0.0:8080
[2024-10-14 20:21:34,610][root][INFO] - self.cfg: 
 lr: 0.0001
c_in: 6
zfar: 'Infinity'
debug: null
n_view: 1
run_id: 3wy8qqex
use_BN: true
exp_name: 2024-01-11-20-02-45
n_epochs: 62
save_dir: /home/bowenw/debug/2024-01-11-20-02-45/
use_mask: false
loss_type: pairwise_valid
optimizer: adam
batch_size: 64
crop_ratio: 1.1
enable_amp: true
use_normal: false
max_num_key: null
warmup_step: -1
input_resize:
- 160
- 160
max_step_val: 1000
vis_interval: 1000
weight_decay: 0
normalize_xyz: true
resume_run_id: null
clip_grad_norm: 'Infinity'
lr_epoch_decay: 500
render_backend: nvdiffrast
train_num_pair: 5
lr_decay_epochs:
- 50
n_epochs_warmup: 1
make_pair_online: false
gradient_max_norm: 'Infinity'
max_step_per_epoch: 10000
n_rendering_workers: 1
save_epoch_interval: 100
n_dataloader_workers: 100
split_objects_across_gpus: true
ckpt_dir: /home/shaol/gjx/rw/third_party/FoundationPose/learning/training/../../weights/2024-01-11-20-02-45/model_best.pth

[2024-10-14 20:21:34,611][root][INFO] - self.h5_file:None
[2024-10-14 20:21:34,798][root][INFO] - Using pretrained model from /home/shaol/gjx/rw/third_party/FoundationPose/learning/training/../../weights/2024-01-11-20-02-45/model_best.pth
[2024-10-14 20:21:34,854][root][INFO] - init done
[2024-10-14 20:21:34,854][root][INFO] - welcome
[2024-10-14 20:21:34,858][root][INFO] - self.cfg: 
 lr: 0.0001
c_in: 6
zfar: .inf
debug: null
w_rot: 0.1
n_view: 1
run_id: null
use_BN: true
rot_rep: axis_angle
ckpt_dir: /home/shaol/gjx/rw/third_party/FoundationPose/learning/training/../../weights/2023-10-28-18-33-37/model_best.pth
exp_name: 2023-10-28-18-33-37
save_dir: /tmp/2023-10-28-18-33-37/
loss_type: l2
optimizer: adam
trans_rep: tracknet
batch_size: 64
crop_ratio: 1.2
use_normal: false
BN_momentum: 0.1
max_num_key: null
warmup_step: -1
input_resize:
- 160
- 160
max_step_val: 1000
normal_uint8: false
vis_interval: 1000
weight_decay: 0
n_max_objects: null
normalize_xyz: true
clip_grad_norm: 'Infinity'
rot_normalizer: 0.3490658503988659
trans_normalizer:
- 0.019999999552965164
- 0.019999999552965164
- 0.05000000074505806
max_step_per_epoch: 25000
val_epoch_interval: 10
n_dataloader_workers: 60
enable_amp: true
use_mask: false

[2024-10-14 20:21:34,858][root][INFO] - self.h5_file:
[2024-10-14 20:21:34,903][root][INFO] - Using pretrained model from /home/shaol/gjx/rw/third_party/FoundationPose/learning/training/../../weights/2023-10-28-18-33-37/model_best.pth
[2024-10-14 20:21:34,924][root][INFO] - init done
[2024-10-14 20:21:36,988][root][INFO] - self.diameter:0.21736649539996883, vox_size:0.010868324769998442
[2024-10-14 20:21:37,002][root][INFO] - self.pts:torch.Size([491, 3])
[2024-10-14 20:21:37,326][websockets.server][INFO] - connection open
[2024-10-14 20:21:38,013][root][INFO] - reset done
[2024-10-14 20:21:38,013][root][INFO] - cam_in_obs:(42, 4, 4)
[2024-10-14 20:21:38,025][root][INFO] - rot_grid:(252, 4, 4)
[2024-10-14 20:21:38,026][root][INFO] - after cluster, rot_grid:(252, 4, 4)
[2024-10-14 20:21:38,026][root][INFO] - self.rot_grid: torch.Size([252, 4, 4])
[2024-10-14 20:21:47,935][root][INFO] - Welcome
[2024-10-14 20:21:47,960][root][INFO] - poses:(252, 4, 4)
[2024-10-14 20:21:47,980][root][INFO] - after viewpoint, add_errs min:-1.0
[2024-10-14 20:21:48,014][root][INFO] - ob_in_cams:(252, 4, 4)
[2024-10-14 20:21:48,014][root][INFO] - self.cfg.use_normal:False
[2024-10-14 20:21:48,014][root][INFO] - trans_normalizer:[0.019999999552965164, 0.019999999552965164, 0.05000000074505806], rot_normalizer:0.3490658503988659
[2024-10-14 20:21:48,031][root][INFO] - making cropped data
[2024-10-14 20:21:48,038][root][INFO] - Welcome make_crop_data_batch
[2024-10-14 20:21:48,042][root][INFO] - make tf_to_crops done
[2024-10-14 20:21:48,071][root][INFO] - render done
[2024-10-14 20:21:48,077][root][INFO] - warp done
[2024-10-14 20:21:48,081][root][INFO] - pose batch data done
[2024-10-14 20:21:48,081][root][INFO] - forward start
[2024-10-14 20:21:48,199][root][INFO] - forward done
[2024-10-14 20:21:48,209][root][INFO] - making cropped data
[2024-10-14 20:21:48,209][root][INFO] - Welcome make_crop_data_batch
[2024-10-14 20:21:48,210][root][INFO] - make tf_to_crops done
[2024-10-14 20:21:48,228][root][INFO] - render done
[2024-10-14 20:21:48,231][root][INFO] - warp done
[2024-10-14 20:21:48,234][root][INFO] - pose batch data done
[2024-10-14 20:21:48,234][root][INFO] - forward start
[2024-10-14 20:21:48,235][root][INFO] - forward done
[2024-10-14 20:21:48,235][root][INFO] - making cropped data
[2024-10-14 20:21:48,235][root][INFO] - Welcome make_crop_data_batch
[2024-10-14 20:21:48,325][root][INFO] - make tf_to_crops done
[2024-10-14 20:21:48,343][root][INFO] - render done
[2024-10-14 20:21:48,347][root][INFO] - warp done
[2024-10-14 20:21:48,349][root][INFO] - pose batch data done
[2024-10-14 20:21:48,349][root][INFO] - forward start
[2024-10-14 20:21:48,351][root][INFO] - forward done
[2024-10-14 20:21:48,351][root][INFO] - making cropped data
[2024-10-14 20:21:48,351][root][INFO] - Welcome make_crop_data_batch
[2024-10-14 20:21:48,441][root][INFO] - make tf_to_crops done
[2024-10-14 20:21:48,459][root][INFO] - render done
[2024-10-14 20:21:48,463][root][INFO] - warp done
[2024-10-14 20:21:48,465][root][INFO] - pose batch data done
[2024-10-14 20:21:48,465][root][INFO] - forward start
[2024-10-14 20:21:48,466][root][INFO] - forward done
[2024-10-14 20:21:48,467][root][INFO] - making cropped data
[2024-10-14 20:21:48,467][root][INFO] - Welcome make_crop_data_batch
[2024-10-14 20:21:48,557][root][INFO] - make tf_to_crops done
[2024-10-14 20:21:48,575][root][INFO] - render done
[2024-10-14 20:21:48,578][root][INFO] - warp done
[2024-10-14 20:21:48,581][root][INFO] - pose batch data done
[2024-10-14 20:21:48,581][root][INFO] - forward start
[2024-10-14 20:21:48,582][root][INFO] - forward done
[2024-10-14 20:21:48,687][root][INFO] - ob_in_cams:(252, 4, 4)
[2024-10-14 20:21:48,688][root][INFO] - self.cfg.use_normal:False
[2024-10-14 20:21:48,688][root][INFO] - making cropped data
[2024-10-14 20:21:48,695][root][INFO] - Welcome make_crop_data_batch
[2024-10-14 20:21:48,696][root][INFO] - make tf_to_crops done
[2024-10-14 20:21:48,712][root][INFO] - render done
[2024-10-14 20:21:48,830][root][INFO] - pose batch data done
[2024-10-14 20:21:48,830][root][INFO] - pose_data.rgbAs.shape[0]: 252
[2024-10-14 20:21:48,918][root][INFO] - forward done
[2024-10-14 20:21:48,935][root][INFO] - final, add_errs min:-1.0
[2024-10-14 20:21:48,945][root][INFO] - sort ids:tensor([220, 221,  15, 118, 214,  88,  64,  65, 202, 251,  16,  40, 250, 209,
        232, 131, 203, 226, 227, 208, 213, 233, 123,  42,  70, 117, 143,  47,
        138,  39,  17,  71,  18, 163,  38,  32, 158,  25,  91, 162, 181,  55,
        180, 104, 132,   4,  84, 188,  56,  90, 187,  24, 111,  33,  19, 175,
        110, 238, 176, 126, 145, 121, 151, 239, 169, 193,  89, 146,  29, 194,
         49, 243,  20, 244,  50,   7, 152,  99, 105, 133, 122, 157, 170, 100,
         26, 135, 165, 129,  45, 140,  61, 141, 210, 211, 218, 240,  36,  44,
        241,  96,  30, 128, 217,  62, 102, 108,  27,  41,  97, 113,   2, 200,
        236,  35, 184, 247,   0, 107, 230,   1,  67,  68, 106, 127, 191, 205,
        229, 224,   5, 183, 223,   9, 199, 248, 190, 235, 136, 155, 148, 160,
         10,  52, 149, 178,  31,  53, 154, 166, 172, 196, 161, 173, 197,  11,
         59,  58, 242,  46, 167,  73,  81,  12,  78, 115,  75,  76,  85,  92,
        125,  23,  72,  83,  94, 120, 179,  22,   8,  77,  13,  79, 114,  93,
        215,  80,  87,  86,  82, 130, 245,   3, 182,   6,  74, 206,  21, 103,
         14, 124,  28, 164,  34, 185,  43, 112,  37, 212, 109, 186, 234, 119,
        139, 159, 142, 219, 237, 216, 189, 156,  95, 207, 222, 174,  57, 192,
         60, 144, 249,  69,  48,  66, 225, 150, 177, 204,  51,  54,  63, 168,
        198, 201, 228, 246, 153, 171, 195, 231, 147, 101, 116, 134,  98, 137])
[2024-10-14 20:21:48,949][root][INFO] - sorted scores:tensor([88.3203, 88.3047, 88.2578, 88.2578, 88.2031, 88.1953, 88.1797, 88.1562,
        88.1406, 88.1328, 88.1250, 88.1250, 88.1172, 88.1016, 88.1016, 88.0859,
        88.0859, 88.0859, 88.0859, 88.0781, 88.0312, 88.0078, 88.0000, 87.9766,
        87.9766, 87.9766, 87.9766, 87.9688, 87.9688, 87.9609, 87.9297, 87.8984,
        87.8750, 87.8750, 87.8672, 87.8516, 87.8516, 87.8438, 87.8359, 87.8359,
        87.8281, 87.8203, 87.8125, 87.7969, 87.7969, 87.7891, 87.7891, 87.7891,
        87.7812, 87.7812, 87.7812, 87.7734, 87.7656, 87.7578, 87.7422, 87.7344,
        87.7266, 87.7188, 87.7031, 87.6953, 87.6953, 87.6875, 87.6797, 87.6797,
        87.6719, 87.6719, 87.6641, 87.6641, 87.6562, 87.6562, 87.6484, 87.6328,
        87.6250, 87.6250, 87.6094, 87.6016, 87.6016, 87.5312, 87.5078, 87.4531,
        87.4453, 87.4375, 87.4375, 87.4297, 87.4219, 87.4141, 87.3984, 87.3828,
        87.3750, 87.3750, 87.3672, 87.3672, 87.3672, 87.3672, 87.3672, 87.3672,
        87.3594, 87.3594, 87.3594, 87.3516, 87.3438, 87.3438, 87.3438, 87.3359,
        87.3359, 87.3359, 87.3203, 87.3203, 87.3203, 87.3203, 87.3125, 87.3125,
        87.3125, 87.2969, 87.2969, 87.2969, 87.2891, 87.2891, 87.2891, 87.2812,
        87.2812, 87.2812, 87.2812, 87.2812, 87.2812, 87.2812, 87.2812, 87.2734,
        87.2656, 87.2656, 87.2656, 87.2578, 87.2578, 87.2578, 87.2344, 87.2344,
        87.2266, 87.2266, 87.2109, 87.2109, 87.2031, 87.2031, 87.2031, 87.2031,
        87.1953, 87.1953, 87.1953, 87.1953, 87.1875, 87.1875, 87.1719, 87.1562,
        87.1562, 87.1406, 87.1406, 87.1172, 87.0625, 87.0469, 87.0156, 87.0078,
        86.9922, 86.9844, 86.9844, 86.9844, 86.9766, 86.9766, 86.9766, 86.9609,
        86.9609, 86.9531, 86.9453, 86.9453, 86.9375, 86.9375, 86.9297, 86.9062,
        86.8984, 86.8984, 86.8750, 86.8750, 86.8750, 86.8672, 86.8672, 86.8594,
        86.8594, 86.8516, 86.8281, 86.8281, 86.8047, 86.7891, 86.7891, 86.7734,
        86.7734, 86.7734, 86.7656, 86.7578, 86.7344, 86.7344, 86.6875, 86.6562,
        86.6250, 86.6250, 86.6016, 86.5078, 86.4766, 86.4688, 86.4609, 86.4219,
        86.3672, 86.3516, 86.3359, 86.2734, 86.1641, 86.1484, 86.0859, 86.0234,
        86.0000, 85.9609, 85.8438, 85.7578, 85.6797, 85.6719, 85.5469, 85.5391,
        85.5312, 85.5312, 85.5312, 85.5234, 85.5156, 85.5156, 85.5156, 85.5078,
        85.5078, 85.5000, 85.4922, 85.4922, 85.4922, 85.4922, 85.4922, 85.4922,
        85.4922, 85.4844, 85.4766, 85.4766, 85.4766, 85.4766, 85.4297, 85.3125,
        85.2969, 85.2500, 85.2109, 85.2031])
