[2024-10-24 19:52:45,303][websockets.server][INFO] - server listening on 0.0.0.0:8080
[2024-10-24 19:52:45,552][root][INFO] - self.cfg: 
 lr: 0.0001
c_in: 6
zfar: 'Infinity'
debug: null
n_view: 1
run_id: 3wy8qqex
use_BN: true
exp_name: 2024-01-11-20-02-45
n_epochs: 62
save_dir: /home/bowenw/debug/2024-01-11-20-02-45/
use_mask: false
loss_type: pairwise_valid
optimizer: adam
batch_size: 64
crop_ratio: 1.1
enable_amp: true
use_normal: false
max_num_key: null
warmup_step: -1
input_resize:
- 160
- 160
max_step_val: 1000
vis_interval: 1000
weight_decay: 0
normalize_xyz: true
resume_run_id: null
clip_grad_norm: 'Infinity'
lr_epoch_decay: 500
render_backend: nvdiffrast
train_num_pair: 5
lr_decay_epochs:
- 50
n_epochs_warmup: 1
make_pair_online: false
gradient_max_norm: 'Infinity'
max_step_per_epoch: 10000
n_rendering_workers: 1
save_epoch_interval: 100
n_dataloader_workers: 100
split_objects_across_gpus: true
ckpt_dir: /home/shaol/gjx/rw/third_party/FoundationPose/learning/training/../../weights/2024-01-11-20-02-45/model_best.pth

[2024-10-24 19:52:45,552][root][INFO] - self.h5_file:None
[2024-10-24 19:52:45,760][root][INFO] - Using pretrained model from /home/shaol/gjx/rw/third_party/FoundationPose/learning/training/../../weights/2024-01-11-20-02-45/model_best.pth
[2024-10-24 19:52:45,821][root][INFO] - init done
[2024-10-24 19:52:45,821][root][INFO] - welcome
[2024-10-24 19:52:45,825][root][INFO] - self.cfg: 
 lr: 0.0001
c_in: 6
zfar: .inf
debug: null
w_rot: 0.1
n_view: 1
run_id: null
use_BN: true
rot_rep: axis_angle
ckpt_dir: /home/shaol/gjx/rw/third_party/FoundationPose/learning/training/../../weights/2023-10-28-18-33-37/model_best.pth
exp_name: 2023-10-28-18-33-37
save_dir: /tmp/2023-10-28-18-33-37/
loss_type: l2
optimizer: adam
trans_rep: tracknet
batch_size: 64
crop_ratio: 1.2
use_normal: false
BN_momentum: 0.1
max_num_key: null
warmup_step: -1
input_resize:
- 160
- 160
max_step_val: 1000
normal_uint8: false
vis_interval: 1000
weight_decay: 0
n_max_objects: null
normalize_xyz: true
clip_grad_norm: 'Infinity'
rot_normalizer: 0.3490658503988659
trans_normalizer:
- 0.019999999552965164
- 0.019999999552965164
- 0.05000000074505806
max_step_per_epoch: 25000
val_epoch_interval: 10
n_dataloader_workers: 60
enable_amp: true
use_mask: false

[2024-10-24 19:52:45,825][root][INFO] - self.h5_file:
[2024-10-24 19:52:45,875][root][INFO] - Using pretrained model from /home/shaol/gjx/rw/third_party/FoundationPose/learning/training/../../weights/2023-10-28-18-33-37/model_best.pth
[2024-10-24 19:52:45,897][root][INFO] - init done
[2024-10-24 19:52:47,974][websockets.server][INFO] - connection open
[2024-10-24 19:52:48,060][root][INFO] - self.diameter:0.11843546877253891, vox_size:0.0059217734386269455
[2024-10-24 19:52:48,075][root][INFO] - self.pts:torch.Size([935, 3])
[2024-10-24 19:52:48,920][root][INFO] - reset done
[2024-10-24 19:52:48,921][root][INFO] - cam_in_obs:(42, 4, 4)
[2024-10-24 19:52:48,940][root][INFO] - rot_grid:(252, 4, 4)
[2024-10-24 19:52:48,942][root][INFO] - after cluster, rot_grid:(252, 4, 4)
[2024-10-24 19:52:48,942][root][INFO] - self.rot_grid: torch.Size([252, 4, 4])
[2024-10-24 19:53:00,434][root][INFO] - Welcome
[2024-10-24 19:53:00,449][root][INFO] - poses:(252, 4, 4)
[2024-10-24 19:53:00,460][root][INFO] - after viewpoint, add_errs min:-1.0
[2024-10-24 19:53:00,490][root][INFO] - ob_in_cams:(252, 4, 4)
[2024-10-24 19:53:00,491][root][INFO] - self.cfg.use_normal:False
[2024-10-24 19:53:00,491][root][INFO] - trans_normalizer:[0.019999999552965164, 0.019999999552965164, 0.05000000074505806], rot_normalizer:0.3490658503988659
[2024-10-24 19:53:00,535][root][INFO] - making cropped data
[2024-10-24 19:53:00,535][root][INFO] - Welcome make_crop_data_batch
[2024-10-24 19:53:00,539][root][INFO] - make tf_to_crops done
[2024-10-24 19:53:00,569][root][INFO] - render done
[2024-10-24 19:53:00,575][root][INFO] - warp done
[2024-10-24 19:53:00,580][root][INFO] - pose batch data done
[2024-10-24 19:53:00,580][root][INFO] - forward start
[2024-10-24 19:53:00,707][root][INFO] - forward done
[2024-10-24 19:53:00,718][root][INFO] - making cropped data
[2024-10-24 19:53:00,718][root][INFO] - Welcome make_crop_data_batch
[2024-10-24 19:53:00,719][root][INFO] - make tf_to_crops done
[2024-10-24 19:53:00,742][root][INFO] - render done
[2024-10-24 19:53:00,745][root][INFO] - warp done
[2024-10-24 19:53:00,748][root][INFO] - pose batch data done
[2024-10-24 19:53:00,748][root][INFO] - forward start
[2024-10-24 19:53:00,749][root][INFO] - forward done
[2024-10-24 19:53:00,750][root][INFO] - making cropped data
[2024-10-24 19:53:00,750][root][INFO] - Welcome make_crop_data_batch
[2024-10-24 19:53:00,850][root][INFO] - make tf_to_crops done
[2024-10-24 19:53:00,872][root][INFO] - render done
[2024-10-24 19:53:00,876][root][INFO] - warp done
[2024-10-24 19:53:00,878][root][INFO] - pose batch data done
[2024-10-24 19:53:00,879][root][INFO] - forward start
[2024-10-24 19:53:00,880][root][INFO] - forward done
[2024-10-24 19:53:00,880][root][INFO] - making cropped data
[2024-10-24 19:53:00,880][root][INFO] - Welcome make_crop_data_batch
[2024-10-24 19:53:00,981][root][INFO] - make tf_to_crops done
[2024-10-24 19:53:01,003][root][INFO] - render done
[2024-10-24 19:53:01,007][root][INFO] - warp done
[2024-10-24 19:53:01,010][root][INFO] - pose batch data done
[2024-10-24 19:53:01,010][root][INFO] - forward start
[2024-10-24 19:53:01,011][root][INFO] - forward done
[2024-10-24 19:53:01,012][root][INFO] - making cropped data
[2024-10-24 19:53:01,012][root][INFO] - Welcome make_crop_data_batch
[2024-10-24 19:53:01,112][root][INFO] - make tf_to_crops done
[2024-10-24 19:53:01,133][root][INFO] - render done
[2024-10-24 19:53:01,137][root][INFO] - warp done
[2024-10-24 19:53:01,140][root][INFO] - pose batch data done
[2024-10-24 19:53:01,140][root][INFO] - forward start
[2024-10-24 19:53:01,141][root][INFO] - forward done
[2024-10-24 19:53:01,256][root][INFO] - ob_in_cams:(252, 4, 4)
[2024-10-24 19:53:01,256][root][INFO] - self.cfg.use_normal:False
[2024-10-24 19:53:01,256][root][INFO] - making cropped data
[2024-10-24 19:53:01,266][root][INFO] - Welcome make_crop_data_batch
[2024-10-24 19:53:01,267][root][INFO] - make tf_to_crops done
[2024-10-24 19:53:01,286][root][INFO] - render done
[2024-10-24 19:53:01,416][root][INFO] - pose batch data done
[2024-10-24 19:53:01,416][root][INFO] - pose_data.rgbAs.shape[0]: 252
[2024-10-24 19:53:01,512][root][INFO] - forward done
[2024-10-24 19:53:01,530][root][INFO] - final, add_errs min:-1.0
[2024-10-24 19:53:01,538][root][INFO] - sort ids:tensor([ 10, 226,  77, 202, 100, 244, 136,  34,   4,  76, 137, 130, 101, 106,
          5, 227,  17, 154,  88,  22, 124,  16,  82, 178,  97,   7,  83, 117,
         27, 127,  73,  28,  90, 133, 118,  43,  94,  95,  93, 119, 103, 123,
        179, 155,  36,  87, 145, 184,  21, 120,  81,  15, 161, 163,   1,  78,
         18, 169, 236,  23, 125,  84, 206, 114,  86,  14,  80, 146, 230, 131,
        116,  41,  26,  79,  92, 121,  12, 115, 134,  20,  98, 229,  13, 205,
         85,   2, 185, 211,  19,  91, 128, 135, 105,   9,  99, 129,  75, 104,
         32,  33, 203,  11,   8, 188,  47,   3,  74, 108, 170, 111,  37, 221,
        122, 102,   6, 164,  72,  42, 132, 126,  96,   0, 245,  89, 237, 107,
        231, 138, 150,  61, 187, 171, 148, 189, 208, 232, 198, 196, 223, 228,
         52, 175, 235, 200, 193, 141, 156,  56, 224, 176, 149, 216,  53, 243,
        197,  50, 218,  48,  68, 219, 158, 181, 172,  45, 173,  39,  64, 152,
        166, 247, 250,  30, 144, 209,  24, 167, 212,  46, 233, 194, 214, 239,
        151, 195,  67,  71, 112,  58, 182, 242, 251, 210,  40,  70,  62,  25,
        191, 140,  65, 220, 159,  59, 234, 248, 241,  66, 201, 215,  63, 192,
        147,  31, 186, 143, 139, 168, 142, 109, 160, 165, 153, 177,  55, 110,
         49, 204,  44,  29, 113, 225, 162,  38, 190, 246, 249,  69,  60, 213,
         51, 157, 180,  35, 238, 199,  57, 240,  54, 183, 222, 207, 174, 217])
[2024-10-24 19:53:01,542][root][INFO] - sorted scores:tensor([99.4922, 99.4907, 99.4878, 99.4863, 99.4854, 99.4839, 99.4834, 99.4829,
        99.4824, 99.4819, 99.4805, 99.4785, 99.4727, 99.4697, 99.4658, 99.4243,
        99.3452, 99.3452, 99.3408, 99.3350, 99.3345, 99.3340, 99.3276, 99.3228,
        99.3213, 99.3179, 99.3159, 99.3096, 99.3086, 99.3081, 99.3066, 99.3052,
        99.3022, 99.3022, 99.3018, 99.2998, 99.2998, 99.2993, 99.2988, 99.2988,
        99.2983, 99.2983, 99.2983, 99.2979, 99.2959, 99.2959, 99.2959, 99.2949,
        99.2944, 99.2935, 99.2925, 99.2920, 99.2915, 99.2915, 99.2910, 99.2881,
        99.2876, 99.2871, 99.2871, 99.2866, 99.2866, 99.2861, 99.2856, 99.2852,
        99.2832, 99.2769, 99.2749, 99.2749, 99.2739, 99.2686, 99.2656, 99.2627,
        99.2622, 99.2603, 99.2563, 99.2534, 99.2524, 99.2520, 99.2485, 99.2471,
        99.2441, 99.2417, 99.2378, 99.2368, 99.2290, 99.2275, 99.2271, 99.2261,
        99.2168, 99.2100, 99.2090, 99.2036, 99.1973, 99.1963, 99.1963, 99.1953,
        99.1914, 99.1904, 99.1885, 99.1875, 99.1865, 99.1860, 99.1855, 99.1851,
        99.1831, 99.1821, 99.1787, 99.1787, 99.1763, 99.1729, 99.1655, 99.1548,
        99.1519, 99.1499, 99.1494, 99.1440, 99.1436, 99.1426, 99.1328, 99.1318,
        99.1235, 99.1211, 99.1099, 98.9658, 98.8662, 98.8291, 98.7949, 98.7900,
        98.7686, 98.7031, 98.6748, 98.6562, 98.6162, 98.6084, 98.6055, 98.5996,
        98.5791, 98.5576, 98.5547, 98.5547, 98.5488, 98.5205, 98.5010, 98.4893,
        98.4795, 98.4736, 98.4727, 98.4668, 98.4658, 98.4648, 98.4609, 98.4590,
        98.4570, 98.4570, 98.4541, 98.4531, 98.4531, 98.4512, 98.4512, 98.4512,
        98.4502, 98.4502, 98.4492, 98.4482, 98.4473, 98.4443, 98.4443, 98.4434,
        98.4424, 98.4404, 98.4395, 98.4385, 98.4375, 98.4375, 98.4355, 98.4355,
        98.4336, 98.4316, 98.4316, 98.4307, 98.4307, 98.4297, 98.4268, 98.4258,
        98.4229, 98.4229, 98.4209, 98.4199, 98.4199, 98.4199, 98.4160, 98.4141,
        98.4102, 98.4014, 98.4004, 98.3955, 98.3955, 98.3906, 98.3887, 98.3848,
        98.3828, 98.3770, 98.3750, 98.3750, 98.3691, 98.3682, 98.3662, 98.3574,
        98.3555, 98.3555, 98.3496, 98.3477, 98.3467, 98.3457, 98.3418, 98.3418,
        98.3330, 98.3311, 98.3281, 98.3252, 98.3184, 98.3135, 98.3047, 98.2949,
        98.2920, 98.2881, 98.2832, 98.2773, 98.2773, 98.2705, 98.2588, 98.2539,
        98.2383, 98.2373, 98.2373, 98.2305, 98.2295, 98.2295, 98.2119, 98.2119,
        98.2119, 98.2090, 98.2070, 98.1885, 98.1855, 98.1816, 98.1768, 98.1748,
        98.1699, 98.1475, 98.1445, 98.1328])
