[2024-09-21 19:31:45,662][root][INFO] - self.cfg: 
 lr: 0.0001
c_in: 6
zfar: 'Infinity'
debug: null
n_view: 1
run_id: 3wy8qqex
use_BN: true
exp_name: 2024-01-11-20-02-45
n_epochs: 62
save_dir: /home/bowenw/debug/2024-01-11-20-02-45/
use_mask: false
loss_type: pairwise_valid
optimizer: adam
batch_size: 64
crop_ratio: 1.1
enable_amp: true
use_normal: false
max_num_key: null
warmup_step: -1
input_resize:
- 160
- 160
max_step_val: 1000
vis_interval: 1000
weight_decay: 0
normalize_xyz: true
resume_run_id: null
clip_grad_norm: 'Infinity'
lr_epoch_decay: 500
render_backend: nvdiffrast
train_num_pair: 5
lr_decay_epochs:
- 50
n_epochs_warmup: 1
make_pair_online: false
gradient_max_norm: 'Infinity'
max_step_per_epoch: 10000
n_rendering_workers: 1
save_epoch_interval: 100
n_dataloader_workers: 100
split_objects_across_gpus: true
ckpt_dir: FoundationPose/learning/training/../../weights/2024-01-11-20-02-45/model_best.pth

[2024-09-21 19:31:45,662][root][INFO] - self.h5_file:None
[2024-09-21 19:31:45,848][root][INFO] - Using pretrained model from FoundationPose/learning/training/../../weights/2024-01-11-20-02-45/model_best.pth
[2024-09-21 19:31:45,906][root][INFO] - init done
[2024-09-21 19:31:45,906][root][INFO] - welcome
[2024-09-21 19:31:45,909][root][INFO] - self.cfg: 
 lr: 0.0001
c_in: 6
zfar: .inf
debug: null
w_rot: 0.1
n_view: 1
run_id: null
use_BN: true
rot_rep: axis_angle
ckpt_dir: FoundationPose/learning/training/../../weights/2023-10-28-18-33-37/model_best.pth
exp_name: 2023-10-28-18-33-37
save_dir: /tmp/2023-10-28-18-33-37/
loss_type: l2
optimizer: adam
trans_rep: tracknet
batch_size: 64
crop_ratio: 1.2
use_normal: false
BN_momentum: 0.1
max_num_key: null
warmup_step: -1
input_resize:
- 160
- 160
max_step_val: 1000
normal_uint8: false
vis_interval: 1000
weight_decay: 0
n_max_objects: null
normalize_xyz: true
clip_grad_norm: 'Infinity'
rot_normalizer: 0.3490658503988659
trans_normalizer:
- 0.019999999552965164
- 0.019999999552965164
- 0.05000000074505806
max_step_per_epoch: 25000
val_epoch_interval: 10
n_dataloader_workers: 60
enable_amp: true
use_mask: false

[2024-09-21 19:31:45,909][root][INFO] - self.h5_file:
[2024-09-21 19:31:45,956][root][INFO] - Using pretrained model from FoundationPose/learning/training/../../weights/2023-10-28-18-33-37/model_best.pth
[2024-09-21 19:31:45,980][root][INFO] - init done
[2024-09-21 19:31:47,028][root][INFO] - self.diameter:0.09129442543218583, vox_size:0.004564721271609291
[2024-09-21 19:31:47,043][root][INFO] - self.pts:torch.Size([825, 3])
[2024-09-21 19:31:47,793][root][INFO] - reset done
[2024-09-21 19:31:47,794][root][INFO] - cam_in_obs:(42, 4, 4)
[2024-09-21 19:31:47,795][root][INFO] - rot_grid:(252, 4, 4)
[2024-09-21 19:31:47,796][root][INFO] - after cluster, rot_grid:(252, 4, 4)
[2024-09-21 19:31:47,797][root][INFO] - self.rot_grid: torch.Size([252, 4, 4])
[2024-09-21 19:31:56,961][root][INFO] - Welcome
[2024-09-21 19:31:56,976][root][INFO] - poses:(252, 4, 4)
[2024-09-21 19:31:56,986][root][INFO] - after viewpoint, add_errs min:-1.0
[2024-09-21 19:31:57,027][root][INFO] - ob_in_cams:(252, 4, 4)
[2024-09-21 19:31:57,028][root][INFO] - self.cfg.use_normal:False
[2024-09-21 19:31:57,028][root][INFO] - trans_normalizer:[0.019999999552965164, 0.019999999552965164, 0.05000000074505806], rot_normalizer:0.3490658503988659
[2024-09-21 19:31:57,056][root][INFO] - making cropped data
[2024-09-21 19:31:57,056][root][INFO] - Welcome make_crop_data_batch
[2024-09-21 19:31:57,060][root][INFO] - make tf_to_crops done
[2024-09-21 19:31:57,084][root][INFO] - render done
[2024-09-21 19:31:57,090][root][INFO] - warp done
[2024-09-21 19:31:57,095][root][INFO] - pose batch data done
[2024-09-21 19:31:57,095][root][INFO] - forward start
[2024-09-21 19:31:57,211][root][INFO] - forward done
[2024-09-21 19:31:57,222][root][INFO] - making cropped data
[2024-09-21 19:31:57,222][root][INFO] - Welcome make_crop_data_batch
[2024-09-21 19:31:57,223][root][INFO] - make tf_to_crops done
[2024-09-21 19:31:57,238][root][INFO] - render done
[2024-09-21 19:31:57,241][root][INFO] - warp done
[2024-09-21 19:31:57,244][root][INFO] - pose batch data done
[2024-09-21 19:31:57,244][root][INFO] - forward start
[2024-09-21 19:31:57,245][root][INFO] - forward done
[2024-09-21 19:31:57,246][root][INFO] - making cropped data
[2024-09-21 19:31:57,246][root][INFO] - Welcome make_crop_data_batch
[2024-09-21 19:31:57,342][root][INFO] - make tf_to_crops done
[2024-09-21 19:31:57,356][root][INFO] - render done
[2024-09-21 19:31:57,359][root][INFO] - warp done
[2024-09-21 19:31:57,362][root][INFO] - pose batch data done
[2024-09-21 19:31:57,362][root][INFO] - forward start
[2024-09-21 19:31:57,364][root][INFO] - forward done
[2024-09-21 19:31:57,364][root][INFO] - making cropped data
[2024-09-21 19:31:57,364][root][INFO] - Welcome make_crop_data_batch
[2024-09-21 19:31:57,461][root][INFO] - make tf_to_crops done
[2024-09-21 19:31:57,475][root][INFO] - render done
[2024-09-21 19:31:57,478][root][INFO] - warp done
[2024-09-21 19:31:57,481][root][INFO] - pose batch data done
[2024-09-21 19:31:57,481][root][INFO] - forward start
[2024-09-21 19:31:57,483][root][INFO] - forward done
[2024-09-21 19:31:57,483][root][INFO] - making cropped data
[2024-09-21 19:31:57,483][root][INFO] - Welcome make_crop_data_batch
[2024-09-21 19:31:57,579][root][INFO] - make tf_to_crops done
[2024-09-21 19:31:57,593][root][INFO] - render done
[2024-09-21 19:31:57,596][root][INFO] - warp done
[2024-09-21 19:31:57,599][root][INFO] - pose batch data done
[2024-09-21 19:31:57,599][root][INFO] - forward start
[2024-09-21 19:31:57,600][root][INFO] - forward done
[2024-09-21 19:31:57,711][root][INFO] - ob_in_cams:(252, 4, 4)
[2024-09-21 19:31:57,711][root][INFO] - self.cfg.use_normal:False
[2024-09-21 19:31:57,712][root][INFO] - making cropped data
[2024-09-21 19:31:57,719][root][INFO] - Welcome make_crop_data_batch
[2024-09-21 19:31:57,720][root][INFO] - make tf_to_crops done
[2024-09-21 19:31:57,732][root][INFO] - render done
[2024-09-21 19:31:57,857][root][INFO] - pose batch data done
[2024-09-21 19:31:57,857][root][INFO] - pose_data.rgbAs.shape[0]: 252
[2024-09-21 19:31:57,950][root][INFO] - forward done
[2024-09-21 19:31:57,968][root][INFO] - final, add_errs min:-1.0
[2024-09-21 19:31:57,977][root][INFO] - sort ids:tensor([ 13,  86, 100,  25, 234,  53,  90, 104,  38, 131, 172, 176, 180, 186,
        209, 213, 224,  29,  35,  40,  44,  56,  68,  79,  94,  96, 115, 125,
        135, 159, 165, 240,  31,  65, 154, 156,  41,  16,  26,  36,  49,  51,
         81, 110, 149, 229,   0,   3,   6,  10,  19,  32,  33,  76, 107, 111,
        122, 183, 189, 193, 205, 210, 239,   1,   9,  24,  47,  54,  57,  62,
         63,  66, 112, 121, 127, 128, 133, 151, 211, 221, 237,  18,  22,  27,
         28,  42,  50,  59,  64,  67,  71,  82,  89, 102, 139, 145, 158, 161,
        162, 168, 169, 171, 178, 179, 185, 188, 192, 195, 201, 202, 228, 243,
        247,  12,  37,  39,  48,  60,  78,  83,  88,  91, 101, 106, 109, 114,
        117, 136, 138, 140, 143, 147, 150, 164, 175, 182, 198, 208, 212, 216,
        218, 227, 231, 236, 245, 246, 248, 249, 250,   4,   5,   8,  14,  23,
         52,  55,  58,  69,  70,  73,  75,  87,  97, 118, 134, 137, 142, 153,
        167, 170, 173, 177, 191, 194, 196, 204, 206, 207, 226, 235, 238, 244,
          7,  11,  34,  46,  61,  72,  74,  84,  92,  99, 103, 113, 116, 120,
        123, 126, 132, 146, 148, 155, 160, 163, 181, 184, 187, 190, 197, 199,
        200, 214, 219, 223, 230, 232, 242, 251,   2,  15,  17,  21,  45,  77,
         80,  85,  93,  95, 105, 119, 129, 141, 144, 157, 166, 174, 203, 217,
        220, 222, 225, 233,  20,  43,  98, 124, 130, 241,  30, 108, 152, 215])
[2024-09-21 19:31:57,981][root][INFO] - sorted scores:tensor([139.7812, 139.7500, 139.7500, 139.7188, 139.7188, 139.6875, 139.6875,
        139.6875, 139.6562, 139.6562, 139.6562, 139.6562, 139.6562, 139.6562,
        139.6562, 139.6562, 139.6562, 139.6250, 139.6250, 139.6250, 139.6250,
        139.6250, 139.6250, 139.6250, 139.6250, 139.6250, 139.6250, 139.6250,
        139.6250, 139.6250, 139.6250, 139.6250, 139.5938, 139.5938, 139.5625,
        139.5625, 139.5312, 139.5000, 139.5000, 139.5000, 139.5000, 139.5000,
        139.5000, 139.5000, 139.5000, 139.5000, 139.4688, 139.4688, 139.4688,
        139.4688, 139.4688, 139.4688, 139.4688, 139.4688, 139.4688, 139.4688,
        139.4688, 139.4688, 139.4688, 139.4688, 139.4688, 139.4688, 139.4688,
        139.4375, 139.4375, 139.4375, 139.4375, 139.4375, 139.4375, 139.4375,
        139.4375, 139.4375, 139.4375, 139.4375, 139.4375, 139.4375, 139.4375,
        139.4375, 139.4375, 139.4375, 139.4375, 139.4062, 139.4062, 139.4062,
        139.4062, 139.4062, 139.4062, 139.4062, 139.4062, 139.4062, 139.4062,
        139.4062, 139.4062, 139.4062, 139.4062, 139.4062, 139.4062, 139.4062,
        139.4062, 139.4062, 139.4062, 139.4062, 139.4062, 139.4062, 139.4062,
        139.4062, 139.4062, 139.4062, 139.4062, 139.4062, 139.4062, 139.4062,
        139.4062, 139.3750, 139.3750, 139.3750, 139.3750, 139.3750, 139.3750,
        139.3750, 139.3750, 139.3750, 139.3750, 139.3750, 139.3750, 139.3750,
        139.3750, 139.3750, 139.3750, 139.3750, 139.3750, 139.3750, 139.3750,
        139.3750, 139.3750, 139.3750, 139.3750, 139.3750, 139.3750, 139.3750,
        139.3750, 139.3750, 139.3750, 139.3750, 139.3750, 139.3750, 139.3750,
        139.3750, 139.3750, 139.3438, 139.3438, 139.3438, 139.3438, 139.3438,
        139.3438, 139.3438, 139.3438, 139.3438, 139.3438, 139.3438, 139.3438,
        139.3438, 139.3438, 139.3438, 139.3438, 139.3438, 139.3438, 139.3438,
        139.3438, 139.3438, 139.3438, 139.3438, 139.3438, 139.3438, 139.3438,
        139.3438, 139.3438, 139.3438, 139.3438, 139.3438, 139.3438, 139.3438,
        139.3125, 139.3125, 139.3125, 139.3125, 139.3125, 139.3125, 139.3125,
        139.3125, 139.3125, 139.3125, 139.3125, 139.3125, 139.3125, 139.3125,
        139.3125, 139.3125, 139.3125, 139.3125, 139.3125, 139.3125, 139.3125,
        139.3125, 139.3125, 139.3125, 139.3125, 139.3125, 139.3125, 139.3125,
        139.3125, 139.3125, 139.3125, 139.3125, 139.3125, 139.3125, 139.3125,
        139.3125, 139.2812, 139.2812, 139.2812, 139.2812, 139.2812, 139.2812,
        139.2812, 139.2812, 139.2812, 139.2812, 139.2812, 139.2812, 139.2812,
        139.2812, 139.2812, 139.2812, 139.2812, 139.2812, 139.2812, 139.2812,
        139.2812, 139.2812, 139.2812, 139.2812, 139.2500, 139.2500, 139.2500,
        139.2500, 139.2500, 139.2500, 139.2188, 139.2188, 139.2188, 139.1250])
[2024-09-21 19:32:08,658][websockets.server][INFO] - server listening on 0.0.0.0:8080
[2024-09-21 19:32:10,847][websockets.server][INFO] - connection open
[2024-09-21 19:32:13,355][root][INFO] - Succeeded to open port: /dev/ttyUSB0
[2024-09-21 19:32:13,356][root][INFO] - Succeeded to set baudrate to 3000000
