[2024-10-15 11:27:42,908][websockets.server][INFO] - server listening on 0.0.0.0:8080
[2024-10-15 11:27:43,049][root][INFO] - self.cfg: 
 lr: 0.0001
c_in: 6
zfar: 'Infinity'
debug: null
n_view: 1
run_id: 3wy8qqex
use_BN: true
exp_name: 2024-01-11-20-02-45
n_epochs: 62
save_dir: /home/bowenw/debug/2024-01-11-20-02-45/
use_mask: false
loss_type: pairwise_valid
optimizer: adam
batch_size: 64
crop_ratio: 1.1
enable_amp: true
use_normal: false
max_num_key: null
warmup_step: -1
input_resize:
- 160
- 160
max_step_val: 1000
vis_interval: 1000
weight_decay: 0
normalize_xyz: true
resume_run_id: null
clip_grad_norm: 'Infinity'
lr_epoch_decay: 500
render_backend: nvdiffrast
train_num_pair: 5
lr_decay_epochs:
- 50
n_epochs_warmup: 1
make_pair_online: false
gradient_max_norm: 'Infinity'
max_step_per_epoch: 10000
n_rendering_workers: 1
save_epoch_interval: 100
n_dataloader_workers: 100
split_objects_across_gpus: true
ckpt_dir: /home/shaol/gjx/rw/third_party/FoundationPose/learning/training/../../weights/2024-01-11-20-02-45/model_best.pth

[2024-10-15 11:27:43,049][root][INFO] - self.h5_file:None
[2024-10-15 11:27:43,190][websockets.server][INFO] - connection open
[2024-10-15 11:27:43,285][root][INFO] - Using pretrained model from /home/shaol/gjx/rw/third_party/FoundationPose/learning/training/../../weights/2024-01-11-20-02-45/model_best.pth
[2024-10-15 11:27:43,350][root][INFO] - init done
[2024-10-15 11:27:43,350][root][INFO] - welcome
[2024-10-15 11:27:43,353][root][INFO] - self.cfg: 
 lr: 0.0001
c_in: 6
zfar: .inf
debug: null
w_rot: 0.1
n_view: 1
run_id: null
use_BN: true
rot_rep: axis_angle
ckpt_dir: /home/shaol/gjx/rw/third_party/FoundationPose/learning/training/../../weights/2023-10-28-18-33-37/model_best.pth
exp_name: 2023-10-28-18-33-37
save_dir: /tmp/2023-10-28-18-33-37/
loss_type: l2
optimizer: adam
trans_rep: tracknet
batch_size: 64
crop_ratio: 1.2
use_normal: false
BN_momentum: 0.1
max_num_key: null
warmup_step: -1
input_resize:
- 160
- 160
max_step_val: 1000
normal_uint8: false
vis_interval: 1000
weight_decay: 0
n_max_objects: null
normalize_xyz: true
clip_grad_norm: 'Infinity'
rot_normalizer: 0.3490658503988659
trans_normalizer:
- 0.019999999552965164
- 0.019999999552965164
- 0.05000000074505806
max_step_per_epoch: 25000
val_epoch_interval: 10
n_dataloader_workers: 60
enable_amp: true
use_mask: false

[2024-10-15 11:27:43,353][root][INFO] - self.h5_file:
[2024-10-15 11:27:43,405][root][INFO] - Using pretrained model from /home/shaol/gjx/rw/third_party/FoundationPose/learning/training/../../weights/2023-10-28-18-33-37/model_best.pth
[2024-10-15 11:27:43,428][root][INFO] - init done
[2024-10-15 11:27:44,484][root][INFO] - self.diameter:0.15243421826573095, vox_size:0.007621710913286547
[2024-10-15 11:27:44,499][root][INFO] - self.pts:torch.Size([464, 3])
[2024-10-15 11:27:45,412][root][INFO] - reset done
[2024-10-15 11:27:45,412][root][INFO] - cam_in_obs:(42, 4, 4)
[2024-10-15 11:27:45,414][root][INFO] - rot_grid:(252, 4, 4)
[2024-10-15 11:27:45,415][root][INFO] - after cluster, rot_grid:(252, 4, 4)
[2024-10-15 11:27:45,415][root][INFO] - self.rot_grid: torch.Size([252, 4, 4])
[2024-10-15 11:27:54,861][root][INFO] - Welcome
[2024-10-15 11:27:54,879][root][INFO] - poses:(252, 4, 4)
[2024-10-15 11:27:54,892][root][INFO] - after viewpoint, add_errs min:-1.0
[2024-10-15 11:27:54,924][root][INFO] - ob_in_cams:(252, 4, 4)
[2024-10-15 11:27:54,925][root][INFO] - self.cfg.use_normal:False
[2024-10-15 11:27:54,925][root][INFO] - trans_normalizer:[0.019999999552965164, 0.019999999552965164, 0.05000000074505806], rot_normalizer:0.3490658503988659
[2024-10-15 11:27:54,966][root][INFO] - making cropped data
[2024-10-15 11:27:54,966][root][INFO] - Welcome make_crop_data_batch
[2024-10-15 11:27:54,970][root][INFO] - make tf_to_crops done
[2024-10-15 11:27:54,992][root][INFO] - render done
[2024-10-15 11:27:54,999][root][INFO] - warp done
[2024-10-15 11:27:55,004][root][INFO] - pose batch data done
[2024-10-15 11:27:55,004][root][INFO] - forward start
[2024-10-15 11:27:55,125][root][INFO] - forward done
[2024-10-15 11:27:55,135][root][INFO] - making cropped data
[2024-10-15 11:27:55,135][root][INFO] - Welcome make_crop_data_batch
[2024-10-15 11:27:55,136][root][INFO] - make tf_to_crops done
[2024-10-15 11:27:55,150][root][INFO] - render done
[2024-10-15 11:27:55,153][root][INFO] - warp done
[2024-10-15 11:27:55,156][root][INFO] - pose batch data done
[2024-10-15 11:27:55,156][root][INFO] - forward start
[2024-10-15 11:27:55,157][root][INFO] - forward done
[2024-10-15 11:27:55,158][root][INFO] - making cropped data
[2024-10-15 11:27:55,158][root][INFO] - Welcome make_crop_data_batch
[2024-10-15 11:27:55,250][root][INFO] - make tf_to_crops done
[2024-10-15 11:27:55,264][root][INFO] - render done
[2024-10-15 11:27:55,268][root][INFO] - warp done
[2024-10-15 11:27:55,270][root][INFO] - pose batch data done
[2024-10-15 11:27:55,270][root][INFO] - forward start
[2024-10-15 11:27:55,272][root][INFO] - forward done
[2024-10-15 11:27:55,272][root][INFO] - making cropped data
[2024-10-15 11:27:55,272][root][INFO] - Welcome make_crop_data_batch
[2024-10-15 11:27:55,362][root][INFO] - make tf_to_crops done
[2024-10-15 11:27:55,375][root][INFO] - render done
[2024-10-15 11:27:55,379][root][INFO] - warp done
[2024-10-15 11:27:55,381][root][INFO] - pose batch data done
[2024-10-15 11:27:55,382][root][INFO] - forward start
[2024-10-15 11:27:55,383][root][INFO] - forward done
[2024-10-15 11:27:55,383][root][INFO] - making cropped data
[2024-10-15 11:27:55,383][root][INFO] - Welcome make_crop_data_batch
[2024-10-15 11:27:55,473][root][INFO] - make tf_to_crops done
[2024-10-15 11:27:55,487][root][INFO] - render done
[2024-10-15 11:27:55,490][root][INFO] - warp done
[2024-10-15 11:27:55,493][root][INFO] - pose batch data done
[2024-10-15 11:27:55,493][root][INFO] - forward start
[2024-10-15 11:27:55,494][root][INFO] - forward done
[2024-10-15 11:27:55,600][root][INFO] - ob_in_cams:(252, 4, 4)
[2024-10-15 11:27:55,600][root][INFO] - self.cfg.use_normal:False
[2024-10-15 11:27:55,600][root][INFO] - making cropped data
[2024-10-15 11:27:55,608][root][INFO] - Welcome make_crop_data_batch
[2024-10-15 11:27:55,609][root][INFO] - make tf_to_crops done
[2024-10-15 11:27:55,622][root][INFO] - render done
[2024-10-15 11:27:55,740][root][INFO] - pose batch data done
[2024-10-15 11:27:55,740][root][INFO] - pose_data.rgbAs.shape[0]: 252
[2024-10-15 11:27:55,829][root][INFO] - forward done
[2024-10-15 11:27:55,847][root][INFO] - final, add_errs min:-1.0
[2024-10-15 11:27:55,856][root][INFO] - sort ids:tensor([242,  69,  99, 208, 225,  70, 110, 231, 232, 238, 243,   3,  82, 237,
        249, 250,  29,  88, 226,  16,  32, 201,  28,  98,  89,  95, 118, 109,
        169, 186,  78, 180,  90,  55,  54,  18, 174, 192, 175,  83, 150, 193,
         87, 187,  19,  47, 202,  37, 144, 185,  79, 219, 156, 121, 157, 162,
         38,  49, 143,  81, 213,  15, 117,  63,  64, 220, 207,  48, 151, 212,
        122, 168, 104, 167, 116,  92, 112,  46, 182,  93, 106,  86, 113,  31,
        190,  26,  80,  35, 178, 172,  57,  58, 189, 145, 107, 130,  10, 183,
        137, 101, 142,  34,   7, 132, 131,  21, 103, 119, 244, 139, 128,  41,
         74, 165, 217, 214,  77,  45, 134, 234,   6,  44, 160, 210, 195, 140,
        215, 205,  43, 241, 177, 235,   4,  12, 125, 171, 154, 196,  51, 228,
        127,  67, 114,  30, 199, 240, 229, 204,  60, 148,  13,  85, 181,   1,
        216,  66,   9, 222,  61, 246,  96,  52,   0, 153, 147, 159, 166, 247,
        223, 135, 198,  25,  22, 124,  91,  14,  20, 211,  17,  40,   5,  23,
        120,   2, 111, 105,  76, 164, 184, 146, 227, 245, 126, 108,   8,  75,
         11,  73, 136,  39, 224, 149, 129, 239, 191, 209,  24,  72, 102, 141,
        163, 138, 179, 218,  97, 206,  36, 158, 188, 251, 221, 161,  33,  42,
        176,  71,  27,  53, 236, 197,  59, 194,  56, 248,  62,  68, 230, 155,
        133, 115,  94,  50, 173, 170, 203, 100,  65, 152, 200, 233, 123,  84])
[2024-10-15 11:27:55,860][root][INFO] - sorted scores:tensor([101.3975, 101.3936, 101.3936, 101.3936, 101.3936, 101.3926, 101.3926,
        101.3926, 101.3926, 101.3926, 101.3926, 101.3916, 101.3916, 101.3916,
        101.3916, 101.3916, 101.3896, 101.3887, 101.3887, 101.3857, 101.3809,
        101.3799, 101.3711, 101.3682, 101.3369, 101.2949, 101.2617, 101.2588,
        101.2461, 101.2285, 101.2178, 101.2090, 101.2080, 101.2061, 101.2041,
        101.2012, 101.1963, 101.1914, 101.1904, 101.1826, 101.1807, 101.1738,
        101.1621, 101.1406, 101.1250, 101.1250, 101.1230, 101.1162, 101.1162,
        101.1162, 101.1123, 101.1104, 101.1094, 101.1084, 101.1064, 101.1045,
        101.1016, 101.0996, 101.0996, 101.0967, 101.0938, 101.0918, 101.0918,
        101.0908, 101.0908, 101.0889, 101.0869, 101.0820, 101.0811, 101.0645,
        101.0508, 101.0488, 101.0410, 101.0410, 101.0391, 101.0381, 101.0342,
        101.0332, 101.0322, 101.0312, 101.0283, 101.0264, 101.0264, 101.0254,
        101.0254, 101.0225, 101.0225, 101.0205, 101.0195, 101.0176, 101.0156,
        101.0146, 101.0137, 101.0127, 101.0117, 101.0117, 101.0098, 101.0078,
        101.0059, 101.0049, 101.0039, 100.9966, 100.9946, 100.9922, 100.9893,
        100.9834, 100.9800, 100.9775, 100.9756, 100.9717, 100.9648, 100.9580,
        100.9517, 100.9497, 100.9497, 100.9478, 100.9448, 100.9419, 100.9395,
        100.9390, 100.9346, 100.9316, 100.9302, 100.9282, 100.9238, 100.9229,
        100.9219, 100.9170, 100.9165, 100.9146, 100.9136, 100.9111, 100.9097,
        100.9072, 100.9019, 100.8999, 100.8994, 100.8975, 100.8965, 100.8960,
        100.8936, 100.8916, 100.8916, 100.8911, 100.8911, 100.8906, 100.8892,
        100.8882, 100.8867, 100.8862, 100.8853, 100.8853, 100.8853, 100.8848,
        100.8848, 100.8843, 100.8833, 100.8833, 100.8828, 100.8784, 100.8779,
        100.8755, 100.8716, 100.8716, 100.8706, 100.8691, 100.8643, 100.8633,
        100.8564, 100.8555, 100.8486, 100.8442, 100.8291, 100.8291, 100.8086,
        100.8037, 100.7729, 100.7607, 100.7329, 100.7324, 100.7319, 100.6787,
        100.6616, 100.6523, 100.6504, 100.6338, 100.5908, 100.5786, 100.5747,
        100.5039, 100.4849, 100.4670, 100.4575, 100.4072, 100.3860, 100.3801,
        100.3574, 100.3423, 100.3423, 100.3201, 100.3000, 100.2646, 100.2627,
        100.2539, 100.2500, 100.2500, 100.2344, 100.2230, 100.2166, 100.2135,
        100.2129, 100.1982, 100.1614, 100.1478, 100.1326, 100.1323, 100.0668,
        100.0644, 100.0594, 100.0183, 100.0151, 100.0138, 100.0029,  99.9937,
         99.9861,  99.9648,  99.9547,  99.9214,  99.9106,  99.9056,  99.8669,
         99.8386,  99.8354,  99.8335,  99.8022,  99.7938,  99.7709,  99.7642,
         99.7200,  99.7070,  99.7043,  99.7002,  99.6855,  99.6831,  99.6755,
         99.6582,  99.6577,  99.6257,  99.6167,  99.5315,  99.4141,  99.3926])
