[2024-09-21 19:22:50,931][root][INFO] - self.cfg: 
 lr: 0.0001
c_in: 6
zfar: 'Infinity'
debug: null
n_view: 1
run_id: 3wy8qqex
use_BN: true
exp_name: 2024-01-11-20-02-45
n_epochs: 62
save_dir: /home/bowenw/debug/2024-01-11-20-02-45/
use_mask: false
loss_type: pairwise_valid
optimizer: adam
batch_size: 64
crop_ratio: 1.1
enable_amp: true
use_normal: false
max_num_key: null
warmup_step: -1
input_resize:
- 160
- 160
max_step_val: 1000
vis_interval: 1000
weight_decay: 0
normalize_xyz: true
resume_run_id: null
clip_grad_norm: 'Infinity'
lr_epoch_decay: 500
render_backend: nvdiffrast
train_num_pair: 5
lr_decay_epochs:
- 50
n_epochs_warmup: 1
make_pair_online: false
gradient_max_norm: 'Infinity'
max_step_per_epoch: 10000
n_rendering_workers: 1
save_epoch_interval: 100
n_dataloader_workers: 100
split_objects_across_gpus: true
ckpt_dir: FoundationPose/learning/training/../../weights/2024-01-11-20-02-45/model_best.pth

[2024-09-21 19:22:50,931][root][INFO] - self.h5_file:None
[2024-09-21 19:22:51,108][root][INFO] - Using pretrained model from FoundationPose/learning/training/../../weights/2024-01-11-20-02-45/model_best.pth
[2024-09-21 19:22:51,164][root][INFO] - init done
[2024-09-21 19:22:51,164][root][INFO] - welcome
[2024-09-21 19:22:51,167][root][INFO] - self.cfg: 
 lr: 0.0001
c_in: 6
zfar: .inf
debug: null
w_rot: 0.1
n_view: 1
run_id: null
use_BN: true
rot_rep: axis_angle
ckpt_dir: FoundationPose/learning/training/../../weights/2023-10-28-18-33-37/model_best.pth
exp_name: 2023-10-28-18-33-37
save_dir: /tmp/2023-10-28-18-33-37/
loss_type: l2
optimizer: adam
trans_rep: tracknet
batch_size: 64
crop_ratio: 1.2
use_normal: false
BN_momentum: 0.1
max_num_key: null
warmup_step: -1
input_resize:
- 160
- 160
max_step_val: 1000
normal_uint8: false
vis_interval: 1000
weight_decay: 0
n_max_objects: null
normalize_xyz: true
clip_grad_norm: 'Infinity'
rot_normalizer: 0.3490658503988659
trans_normalizer:
- 0.019999999552965164
- 0.019999999552965164
- 0.05000000074505806
max_step_per_epoch: 25000
val_epoch_interval: 10
n_dataloader_workers: 60
enable_amp: true
use_mask: false

[2024-09-21 19:22:51,167][root][INFO] - self.h5_file:
[2024-09-21 19:22:51,213][root][INFO] - Using pretrained model from FoundationPose/learning/training/../../weights/2023-10-28-18-33-37/model_best.pth
[2024-09-21 19:22:51,234][root][INFO] - init done
[2024-09-21 19:22:52,256][root][INFO] - self.diameter:0.09129442543218583, vox_size:0.004564721271609291
[2024-09-21 19:22:52,271][root][INFO] - self.pts:torch.Size([825, 3])
[2024-09-21 19:22:52,990][root][INFO] - reset done
[2024-09-21 19:22:52,991][root][INFO] - cam_in_obs:(42, 4, 4)
[2024-09-21 19:22:52,993][root][INFO] - rot_grid:(252, 4, 4)
[2024-09-21 19:22:52,994][root][INFO] - after cluster, rot_grid:(252, 4, 4)
[2024-09-21 19:22:52,994][root][INFO] - self.rot_grid: torch.Size([252, 4, 4])
[2024-09-21 19:23:02,156][root][INFO] - Welcome
[2024-09-21 19:23:02,177][root][INFO] - poses:(252, 4, 4)
[2024-09-21 19:23:02,188][root][INFO] - after viewpoint, add_errs min:-1.0
[2024-09-21 19:23:02,247][root][INFO] - ob_in_cams:(252, 4, 4)
[2024-09-21 19:23:02,249][root][INFO] - self.cfg.use_normal:False
[2024-09-21 19:23:02,249][root][INFO] - trans_normalizer:[0.019999999552965164, 0.019999999552965164, 0.05000000074505806], rot_normalizer:0.3490658503988659
[2024-09-21 19:23:02,256][root][INFO] - making cropped data
[2024-09-21 19:23:02,260][root][INFO] - Welcome make_crop_data_batch
[2024-09-21 19:23:02,265][root][INFO] - make tf_to_crops done
[2024-09-21 19:23:02,289][root][INFO] - render done
[2024-09-21 19:23:02,296][root][INFO] - warp done
[2024-09-21 19:23:02,301][root][INFO] - pose batch data done
[2024-09-21 19:23:02,301][root][INFO] - forward start
[2024-09-21 19:23:02,417][root][INFO] - forward done
[2024-09-21 19:23:02,427][root][INFO] - making cropped data
[2024-09-21 19:23:02,428][root][INFO] - Welcome make_crop_data_batch
[2024-09-21 19:23:02,428][root][INFO] - make tf_to_crops done
[2024-09-21 19:23:02,442][root][INFO] - render done
[2024-09-21 19:23:02,446][root][INFO] - warp done
[2024-09-21 19:23:02,449][root][INFO] - pose batch data done
[2024-09-21 19:23:02,449][root][INFO] - forward start
[2024-09-21 19:23:02,450][root][INFO] - forward done
[2024-09-21 19:23:02,450][root][INFO] - making cropped data
[2024-09-21 19:23:02,450][root][INFO] - Welcome make_crop_data_batch
[2024-09-21 19:23:02,542][root][INFO] - make tf_to_crops done
[2024-09-21 19:23:02,556][root][INFO] - render done
[2024-09-21 19:23:02,560][root][INFO] - warp done
[2024-09-21 19:23:02,562][root][INFO] - pose batch data done
[2024-09-21 19:23:02,563][root][INFO] - forward start
[2024-09-21 19:23:02,564][root][INFO] - forward done
[2024-09-21 19:23:02,564][root][INFO] - making cropped data
[2024-09-21 19:23:02,564][root][INFO] - Welcome make_crop_data_batch
[2024-09-21 19:23:02,656][root][INFO] - make tf_to_crops done
[2024-09-21 19:23:02,669][root][INFO] - render done
[2024-09-21 19:23:02,673][root][INFO] - warp done
[2024-09-21 19:23:02,676][root][INFO] - pose batch data done
[2024-09-21 19:23:02,676][root][INFO] - forward start
[2024-09-21 19:23:02,677][root][INFO] - forward done
[2024-09-21 19:23:02,678][root][INFO] - making cropped data
[2024-09-21 19:23:02,678][root][INFO] - Welcome make_crop_data_batch
[2024-09-21 19:23:02,769][root][INFO] - make tf_to_crops done
[2024-09-21 19:23:02,783][root][INFO] - render done
[2024-09-21 19:23:02,786][root][INFO] - warp done
[2024-09-21 19:23:02,789][root][INFO] - pose batch data done
[2024-09-21 19:23:02,789][root][INFO] - forward start
[2024-09-21 19:23:02,790][root][INFO] - forward done
[2024-09-21 19:23:02,897][root][INFO] - ob_in_cams:(252, 4, 4)
[2024-09-21 19:23:02,898][root][INFO] - self.cfg.use_normal:False
[2024-09-21 19:23:02,898][root][INFO] - making cropped data
[2024-09-21 19:23:02,904][root][INFO] - Welcome make_crop_data_batch
[2024-09-21 19:23:02,905][root][INFO] - make tf_to_crops done
[2024-09-21 19:23:02,916][root][INFO] - render done
[2024-09-21 19:23:03,037][root][INFO] - pose batch data done
[2024-09-21 19:23:03,037][root][INFO] - pose_data.rgbAs.shape[0]: 252
[2024-09-21 19:23:03,127][root][INFO] - forward done
[2024-09-21 19:23:03,145][root][INFO] - final, add_errs min:-1.0
[2024-09-21 19:23:03,154][root][INFO] - sort ids:tensor([156, 144, 150, 168, 192,  48, 162, 133, 151, 237, 243, 174, 201, 202,
        207, 231, 249, 102, 132, 191, 232,  17,  68,  69, 208, 209, 225, 241,
          0,   6,  30,  33,  42,  65,  72,  76, 108, 126,   3,   9,  47,  57,
         75,  99, 105, 116, 142, 143, 185, 189, 195, 212, 219, 233, 248,  38,
         63, 147, 183, 220, 251,   4,   5,  73,  77,  95, 103, 130, 131, 137,
        146, 149, 197, 200, 203, 213, 224, 227,   8,  29,  53,  54,  98, 117,
        138, 148, 153, 169, 171, 172, 173, 177,   7,  74, 104, 158, 180, 187,
        214,  32,  90, 110, 123, 129, 166,  35,  39, 163, 235, 245,  41,  45,
         66, 113, 141,  51, 107, 159, 164, 198, 199, 210, 218, 240,  27,  44,
         56,  60, 128, 134, 140, 160, 165, 204, 216, 222, 228, 246,  20,  24,
         81,  84, 112, 152, 175, 176, 181, 184, 194, 239,  21,  59,  87,  93,
        111, 155, 250,  36,  78, 101, 114, 145, 236,  12,  23,  62,  83, 120,
         15,  37,  43,  64, 125, 139, 161, 196,  14,  34,  80, 119, 221, 223,
        242,  52,  55, 188, 193, 244, 167, 179, 182,  86,  92, 100, 206,  50,
         71,  28, 238, 118, 230,  67,  96,  97, 247,  11,  88,  94, 121, 109,
        115, 136, 170, 190,   2,  40, 135, 157, 178,  13, 154, 186,  91,  22,
        124, 127, 234, 215, 217,  79, 211, 226, 106,  31,  70,  58,  82,  25,
         49,  85, 205,  18,  26,  61, 229,  46,  89,  19, 122,  10,  16,   1])
[2024-09-21 19:23:03,158][root][INFO] - sorted scores:tensor([117.9219, 117.8750, 117.8750, 117.8750, 117.8750, 117.8594, 117.8438,
        117.8125, 117.8125, 117.7969, 117.7969, 117.7812, 117.7812, 117.7812,
        117.7812, 117.7812, 117.7812, 117.7656, 117.7656, 117.7656, 117.7656,
        117.7500, 117.7500, 117.7500, 117.7500, 117.7500, 117.7500, 117.7500,
        117.7344, 117.7344, 117.7344, 117.7344, 117.7344, 117.7344, 117.7344,
        117.7344, 117.7344, 117.7344, 117.7188, 117.7188, 117.7188, 117.7188,
        117.7188, 117.7188, 117.7188, 117.7188, 117.7188, 117.7188, 117.7188,
        117.7188, 117.7188, 117.7188, 117.7188, 117.7188, 117.7188, 117.7031,
        117.7031, 117.7031, 117.7031, 117.7031, 117.7031, 117.6875, 117.6875,
        117.6875, 117.6875, 117.6875, 117.6875, 117.6875, 117.6875, 117.6875,
        117.6875, 117.6875, 117.6875, 117.6875, 117.6875, 117.6875, 117.6875,
        117.6875, 117.6719, 117.6719, 117.6719, 117.6719, 117.6719, 117.6719,
        117.6719, 117.6719, 117.6719, 117.6719, 117.6719, 117.6719, 117.6719,
        117.6719, 117.6562, 117.6562, 117.6562, 117.6562, 117.6562, 117.6562,
        117.6562, 117.6406, 117.6406, 117.6406, 117.6406, 117.6406, 117.6406,
        117.6250, 117.6250, 117.6250, 117.6250, 117.6250, 117.6094, 117.6094,
        117.6094, 117.6094, 117.6094, 117.5938, 117.5938, 117.5938, 117.5938,
        117.5938, 117.5938, 117.5938, 117.5938, 117.5938, 117.5781, 117.5781,
        117.5781, 117.5781, 117.5781, 117.5781, 117.5781, 117.5781, 117.5781,
        117.5781, 117.5781, 117.5781, 117.5781, 117.5781, 117.5625, 117.5625,
        117.5625, 117.5625, 117.5625, 117.5625, 117.5625, 117.5625, 117.5625,
        117.5625, 117.5625, 117.5625, 117.5469, 117.5469, 117.5469, 117.5469,
        117.5469, 117.5469, 117.5469, 117.5312, 117.5312, 117.5312, 117.5312,
        117.5312, 117.5312, 117.5156, 117.5156, 117.5156, 117.5156, 117.5156,
        117.5000, 117.5000, 117.5000, 117.5000, 117.5000, 117.5000, 117.5000,
        117.5000, 117.4844, 117.4844, 117.4844, 117.4844, 117.4844, 117.4844,
        117.4844, 117.4688, 117.4688, 117.4688, 117.4688, 117.4688, 117.4531,
        117.4531, 117.4531, 117.4375, 117.4375, 117.4375, 117.4375, 117.4219,
        117.4219, 117.4062, 117.4062, 117.3906, 117.3906, 117.3750, 117.3750,
        117.3750, 117.3750, 117.3594, 117.3594, 117.3594, 117.3594, 117.3438,
        117.3438, 117.3438, 117.3438, 117.3438, 117.3281, 117.3281, 117.3281,
        117.2969, 117.2812, 117.2656, 117.2656, 117.2656, 117.2500, 117.2344,
        117.2188, 117.2188, 117.2188, 117.2031, 117.2031, 117.1875, 117.1875,
        117.1875, 117.1719, 117.1562, 117.1562, 117.1406, 117.1406, 117.1250,
        117.1250, 117.1250, 117.1250, 117.1094, 117.1094, 117.1094, 117.0938,
        117.0781, 117.0781, 117.0625, 117.0312, 116.9844, 116.9688, 116.9531])
[2024-09-21 19:23:13,803][websockets.server][INFO] - server listening on 0.0.0.0:8080
[2024-09-21 19:23:14,959][websockets.server][INFO] - connection open
[2024-09-21 19:23:18,305][root][INFO] - Succeeded to open port: /dev/ttyUSB0
[2024-09-21 19:23:18,306][root][INFO] - Succeeded to set baudrate to 3000000
