[2024-09-22 23:54:24,293][root][INFO] - self.cfg: 
 lr: 0.0001
c_in: 6
zfar: 'Infinity'
debug: null
n_view: 1
run_id: 3wy8qqex
use_BN: true
exp_name: 2024-01-11-20-02-45
n_epochs: 62
save_dir: /home/bowenw/debug/2024-01-11-20-02-45/
use_mask: false
loss_type: pairwise_valid
optimizer: adam
batch_size: 64
crop_ratio: 1.1
enable_amp: true
use_normal: false
max_num_key: null
warmup_step: -1
input_resize:
- 160
- 160
max_step_val: 1000
vis_interval: 1000
weight_decay: 0
normalize_xyz: true
resume_run_id: null
clip_grad_norm: 'Infinity'
lr_epoch_decay: 500
render_backend: nvdiffrast
train_num_pair: 5
lr_decay_epochs:
- 50
n_epochs_warmup: 1
make_pair_online: false
gradient_max_norm: 'Infinity'
max_step_per_epoch: 10000
n_rendering_workers: 1
save_epoch_interval: 100
n_dataloader_workers: 100
split_objects_across_gpus: true
ckpt_dir: FoundationPose/learning/training/../../weights/2024-01-11-20-02-45/model_best.pth

[2024-09-22 23:54:24,293][root][INFO] - self.h5_file:None
[2024-09-22 23:54:24,479][root][INFO] - Using pretrained model from FoundationPose/learning/training/../../weights/2024-01-11-20-02-45/model_best.pth
[2024-09-22 23:54:24,544][root][INFO] - init done
[2024-09-22 23:54:24,544][root][INFO] - welcome
[2024-09-22 23:54:24,547][root][INFO] - self.cfg: 
 lr: 0.0001
c_in: 6
zfar: .inf
debug: null
w_rot: 0.1
n_view: 1
run_id: null
use_BN: true
rot_rep: axis_angle
ckpt_dir: FoundationPose/learning/training/../../weights/2023-10-28-18-33-37/model_best.pth
exp_name: 2023-10-28-18-33-37
save_dir: /tmp/2023-10-28-18-33-37/
loss_type: l2
optimizer: adam
trans_rep: tracknet
batch_size: 64
crop_ratio: 1.2
use_normal: false
BN_momentum: 0.1
max_num_key: null
warmup_step: -1
input_resize:
- 160
- 160
max_step_val: 1000
normal_uint8: false
vis_interval: 1000
weight_decay: 0
n_max_objects: null
normalize_xyz: true
clip_grad_norm: 'Infinity'
rot_normalizer: 0.3490658503988659
trans_normalizer:
- 0.019999999552965164
- 0.019999999552965164
- 0.05000000074505806
max_step_per_epoch: 25000
val_epoch_interval: 10
n_dataloader_workers: 60
enable_amp: true
use_mask: false

[2024-09-22 23:54:24,547][root][INFO] - self.h5_file:
[2024-09-22 23:54:24,595][root][INFO] - Using pretrained model from FoundationPose/learning/training/../../weights/2023-10-28-18-33-37/model_best.pth
[2024-09-22 23:54:24,619][root][INFO] - init done
[2024-09-22 23:54:25,456][root][INFO] - self.diameter:0.10163167438547004, vox_size:0.005081583719273502
[2024-09-22 23:54:25,471][root][INFO] - self.pts:torch.Size([791, 3])
[2024-09-22 23:54:26,154][root][INFO] - reset done
[2024-09-22 23:54:26,154][root][INFO] - cam_in_obs:(42, 4, 4)
[2024-09-22 23:54:26,156][root][INFO] - rot_grid:(252, 4, 4)
[2024-09-22 23:54:26,157][root][INFO] - after cluster, rot_grid:(252, 4, 4)
[2024-09-22 23:54:26,157][root][INFO] - self.rot_grid: torch.Size([252, 4, 4])
[2024-09-22 23:54:38,963][root][INFO] - Welcome
[2024-09-22 23:54:38,980][root][INFO] - poses:(252, 4, 4)
[2024-09-22 23:54:38,989][root][INFO] - after viewpoint, add_errs min:-1.0
[2024-09-22 23:54:39,039][root][INFO] - ob_in_cams:(252, 4, 4)
[2024-09-22 23:54:39,039][root][INFO] - self.cfg.use_normal:False
[2024-09-22 23:54:39,039][root][INFO] - trans_normalizer:[0.019999999552965164, 0.019999999552965164, 0.05000000074505806], rot_normalizer:0.3490658503988659
[2024-09-22 23:54:39,066][root][INFO] - making cropped data
[2024-09-22 23:54:39,066][root][INFO] - Welcome make_crop_data_batch
[2024-09-22 23:54:39,069][root][INFO] - make tf_to_crops done
[2024-09-22 23:54:39,091][root][INFO] - render done
[2024-09-22 23:54:39,097][root][INFO] - warp done
[2024-09-22 23:54:39,102][root][INFO] - pose batch data done
[2024-09-22 23:54:39,102][root][INFO] - forward start
[2024-09-22 23:54:39,219][root][INFO] - forward done
[2024-09-22 23:54:39,230][root][INFO] - making cropped data
[2024-09-22 23:54:39,230][root][INFO] - Welcome make_crop_data_batch
[2024-09-22 23:54:39,230][root][INFO] - make tf_to_crops done
[2024-09-22 23:54:39,244][root][INFO] - render done
[2024-09-22 23:54:39,247][root][INFO] - warp done
[2024-09-22 23:54:39,250][root][INFO] - pose batch data done
[2024-09-22 23:54:39,250][root][INFO] - forward start
[2024-09-22 23:54:39,251][root][INFO] - forward done
[2024-09-22 23:54:39,252][root][INFO] - making cropped data
[2024-09-22 23:54:39,252][root][INFO] - Welcome make_crop_data_batch
[2024-09-22 23:54:39,349][root][INFO] - make tf_to_crops done
[2024-09-22 23:54:39,363][root][INFO] - render done
[2024-09-22 23:54:39,366][root][INFO] - warp done
[2024-09-22 23:54:39,369][root][INFO] - pose batch data done
[2024-09-22 23:54:39,369][root][INFO] - forward start
[2024-09-22 23:54:39,370][root][INFO] - forward done
[2024-09-22 23:54:39,370][root][INFO] - making cropped data
[2024-09-22 23:54:39,370][root][INFO] - Welcome make_crop_data_batch
[2024-09-22 23:54:39,466][root][INFO] - make tf_to_crops done
[2024-09-22 23:54:39,479][root][INFO] - render done
[2024-09-22 23:54:39,482][root][INFO] - warp done
[2024-09-22 23:54:39,485][root][INFO] - pose batch data done
[2024-09-22 23:54:39,485][root][INFO] - forward start
[2024-09-22 23:54:39,486][root][INFO] - forward done
[2024-09-22 23:54:39,487][root][INFO] - making cropped data
[2024-09-22 23:54:39,487][root][INFO] - Welcome make_crop_data_batch
[2024-09-22 23:54:39,582][root][INFO] - make tf_to_crops done
[2024-09-22 23:54:39,595][root][INFO] - render done
[2024-09-22 23:54:39,599][root][INFO] - warp done
[2024-09-22 23:54:39,601][root][INFO] - pose batch data done
[2024-09-22 23:54:39,601][root][INFO] - forward start
[2024-09-22 23:54:39,603][root][INFO] - forward done
[2024-09-22 23:54:39,715][root][INFO] - ob_in_cams:(252, 4, 4)
[2024-09-22 23:54:39,716][root][INFO] - self.cfg.use_normal:False
[2024-09-22 23:54:39,716][root][INFO] - making cropped data
[2024-09-22 23:54:39,723][root][INFO] - Welcome make_crop_data_batch
[2024-09-22 23:54:39,724][root][INFO] - make tf_to_crops done
[2024-09-22 23:54:39,735][root][INFO] - render done
[2024-09-22 23:54:39,860][root][INFO] - pose batch data done
[2024-09-22 23:54:39,860][root][INFO] - pose_data.rgbAs.shape[0]: 252
[2024-09-22 23:54:39,953][root][INFO] - forward done
[2024-09-22 23:54:39,971][root][INFO] - final, add_errs min:-1.0
[2024-09-22 23:54:39,981][root][INFO] - sort ids:tensor([  7, 227,  73, 101, 133, 138, 251,   8,  42,  84, 120, 145,   4,  12,
         78, 126, 163,   5,  50,  76, 100, 221,   9,  74, 104, 134, 146, 226,
         65,  71,  72,  75,  79,  90,  93, 105, 111, 117, 131, 132, 203,  77,
        106, 114, 244,  56,  99, 115, 170, 121, 188,  13,  21,  33,  86,  80,
         88,  19,  20,  23,  95, 116, 174,  81,  85,  87, 202,  83, 125,  14,
         18, 118, 122,  15,  22,  91,  82,  94,  16, 238,  92, 175,  89,  32,
         29, 151, 157, 194, 180, 232,   0,  70,  17, 213,  38, 147, 207, 250,
        142, 191, 193,  49, 217, 218,  30, 109, 123, 222, 241,  55, 240,  35,
         61, 158, 167, 168, 233, 243, 166, 198,  26, 152, 169, 186, 209, 247,
        249,  45,  98, 107, 176, 182, 190, 224, 245,   1,  47, 124, 127, 135,
        148, 187, 189, 228,  24, 208, 216, 219, 223, 235, 239,   2,   3, 119,
        141, 183, 234, 242,  46,  96, 102, 144, 200, 225,  25,  31,  40,  44,
         58, 103, 128, 153, 156, 159, 177, 215,   6,  10,  39,  62, 112, 129,
        130, 136, 165, 171, 172, 192, 199, 212, 229,  97, 110, 149, 164, 173,
        184, 201, 214,  34,  54,  63, 137, 237,  28,  69, 113, 162, 204, 210,
         51,  57,  11,  27,  60, 155, 206, 246,  59,  68, 108, 139,  37,  41,
        161, 195, 211, 230,  53,  64,  43,  66, 179, 185,  48, 197, 220, 236,
        248, 140, 143, 231,  36, 150, 181, 160, 205, 178,  67, 196, 154,  52])
[2024-09-22 23:54:39,984][root][INFO] - sorted scores:tensor([118.1250, 118.1250, 118.1094, 118.1094, 118.0938, 118.0938, 118.0938,
        118.0781, 118.0781, 118.0781, 118.0781, 118.0781, 118.0625, 118.0625,
        118.0625, 118.0625, 118.0625, 118.0469, 118.0469, 118.0469, 118.0469,
        118.0469, 118.0312, 118.0312, 118.0312, 118.0312, 118.0312, 118.0312,
        118.0156, 118.0156, 118.0156, 118.0156, 118.0156, 118.0156, 118.0156,
        118.0156, 118.0156, 118.0156, 118.0156, 118.0156, 118.0156, 118.0000,
        118.0000, 118.0000, 118.0000, 117.9844, 117.9844, 117.9844, 117.9844,
        117.9688, 117.9688, 117.9531, 117.9531, 117.9531, 117.9531, 117.9375,
        117.9375, 117.9219, 117.9219, 117.9219, 117.9062, 117.9062, 117.9062,
        117.8906, 117.8906, 117.8906, 117.8906, 117.8750, 117.8750, 117.8594,
        117.8594, 117.8594, 117.8594, 117.8438, 117.8438, 117.8438, 117.8281,
        117.8281, 117.8125, 117.7656, 117.7500, 117.7500, 117.7344, 117.7031,
        117.6719, 117.6719, 117.6562, 117.6406, 117.6250, 117.6094, 117.5938,
        117.5938, 117.5781, 117.5781, 117.5625, 117.5625, 117.5469, 117.5469,
        117.5156, 117.5156, 117.5156, 117.5000, 117.5000, 117.5000, 117.4844,
        117.4844, 117.4844, 117.4844, 117.4844, 117.4688, 117.4688, 117.4531,
        117.4531, 117.4531, 117.4531, 117.4531, 117.4531, 117.4531, 117.4375,
        117.4375, 117.4219, 117.4219, 117.4219, 117.4219, 117.4219, 117.4219,
        117.4219, 117.4062, 117.4062, 117.4062, 117.4062, 117.4062, 117.4062,
        117.4062, 117.4062, 117.3906, 117.3906, 117.3906, 117.3906, 117.3906,
        117.3906, 117.3906, 117.3906, 117.3906, 117.3750, 117.3750, 117.3750,
        117.3750, 117.3750, 117.3750, 117.3750, 117.3594, 117.3594, 117.3594,
        117.3594, 117.3594, 117.3594, 117.3594, 117.3438, 117.3438, 117.3438,
        117.3438, 117.3438, 117.3438, 117.3281, 117.3281, 117.3281, 117.3281,
        117.3281, 117.3281, 117.3281, 117.3281, 117.3281, 117.3281, 117.3281,
        117.3281, 117.3125, 117.3125, 117.3125, 117.3125, 117.3125, 117.3125,
        117.3125, 117.3125, 117.3125, 117.3125, 117.3125, 117.3125, 117.3125,
        117.3125, 117.3125, 117.2969, 117.2969, 117.2969, 117.2969, 117.2969,
        117.2969, 117.2969, 117.2969, 117.2812, 117.2812, 117.2812, 117.2812,
        117.2812, 117.2656, 117.2656, 117.2656, 117.2656, 117.2656, 117.2656,
        117.2500, 117.2500, 117.2344, 117.2344, 117.2344, 117.2344, 117.2344,
        117.2344, 117.2188, 117.2188, 117.2188, 117.2188, 117.2031, 117.2031,
        117.2031, 117.2031, 117.2031, 117.2031, 117.1875, 117.1875, 117.1719,
        117.1719, 117.1719, 117.1719, 117.1562, 117.1562, 117.1562, 117.1562,
        117.1562, 117.1406, 117.1406, 117.1406, 117.1250, 117.1094, 117.0938,
        117.0781, 117.0781, 117.0625, 117.0469, 117.0312, 117.0156, 117.0000])
[2024-09-22 23:54:44,604][websockets.server][INFO] - server listening on 0.0.0.0:8080
[2024-09-22 23:54:45,227][websockets.server][INFO] - connection open
[2024-09-22 23:54:48,552][websockets.server][INFO] - connection open
[2024-09-22 23:54:57,536][root][INFO] - Succeeded to open port: /dev/ttyUSB0
[2024-09-22 23:54:57,537][root][INFO] - Succeeded to set baudrate to 3000000
