[2024-10-25 11:30:08,703][websockets.server][INFO] - server listening on 0.0.0.0:8080
[2024-10-25 11:30:08,764][root][INFO] - self.cfg: 
 lr: 0.0001
c_in: 6
zfar: 'Infinity'
debug: null
n_view: 1
run_id: 3wy8qqex
use_BN: true
exp_name: 2024-01-11-20-02-45
n_epochs: 62
save_dir: /home/bowenw/debug/2024-01-11-20-02-45/
use_mask: false
loss_type: pairwise_valid
optimizer: adam
batch_size: 64
crop_ratio: 1.1
enable_amp: true
use_normal: false
max_num_key: null
warmup_step: -1
input_resize:
- 160
- 160
max_step_val: 1000
vis_interval: 1000
weight_decay: 0
normalize_xyz: true
resume_run_id: null
clip_grad_norm: 'Infinity'
lr_epoch_decay: 500
render_backend: nvdiffrast
train_num_pair: 5
lr_decay_epochs:
- 50
n_epochs_warmup: 1
make_pair_online: false
gradient_max_norm: 'Infinity'
max_step_per_epoch: 10000
n_rendering_workers: 1
save_epoch_interval: 100
n_dataloader_workers: 100
split_objects_across_gpus: true
ckpt_dir: /home/shaol/gjx/rw/third_party/FoundationPose/learning/training/../../weights/2024-01-11-20-02-45/model_best.pth

[2024-10-25 11:30:08,764][root][INFO] - self.h5_file:None
[2024-10-25 11:30:08,916][root][INFO] - Using pretrained model from /home/shaol/gjx/rw/third_party/FoundationPose/learning/training/../../weights/2024-01-11-20-02-45/model_best.pth
[2024-10-25 11:30:08,981][root][INFO] - init done
[2024-10-25 11:30:08,981][root][INFO] - welcome
[2024-10-25 11:30:08,985][root][INFO] - self.cfg: 
 lr: 0.0001
c_in: 6
zfar: .inf
debug: null
w_rot: 0.1
n_view: 1
run_id: null
use_BN: true
rot_rep: axis_angle
ckpt_dir: /home/shaol/gjx/rw/third_party/FoundationPose/learning/training/../../weights/2023-10-28-18-33-37/model_best.pth
exp_name: 2023-10-28-18-33-37
save_dir: /tmp/2023-10-28-18-33-37/
loss_type: l2
optimizer: adam
trans_rep: tracknet
batch_size: 64
crop_ratio: 1.2
use_normal: false
BN_momentum: 0.1
max_num_key: null
warmup_step: -1
input_resize:
- 160
- 160
max_step_val: 1000
normal_uint8: false
vis_interval: 1000
weight_decay: 0
n_max_objects: null
normalize_xyz: true
clip_grad_norm: 'Infinity'
rot_normalizer: 0.3490658503988659
trans_normalizer:
- 0.019999999552965164
- 0.019999999552965164
- 0.05000000074505806
max_step_per_epoch: 25000
val_epoch_interval: 10
n_dataloader_workers: 60
enable_amp: true
use_mask: false

[2024-10-25 11:30:08,985][root][INFO] - self.h5_file:
[2024-10-25 11:30:09,032][root][INFO] - Using pretrained model from /home/shaol/gjx/rw/third_party/FoundationPose/learning/training/../../weights/2023-10-28-18-33-37/model_best.pth
[2024-10-25 11:30:09,052][root][INFO] - init done
[2024-10-25 11:30:09,435][root][INFO] - self.diameter:0.08312107539009728, vox_size:0.004156053769504864
[2024-10-25 11:30:09,450][root][INFO] - self.pts:torch.Size([607, 3])
[2024-10-25 11:30:10,079][websockets.server][INFO] - connection open
[2024-10-25 11:30:10,244][root][INFO] - reset done
[2024-10-25 11:30:10,245][root][INFO] - cam_in_obs:(42, 4, 4)
[2024-10-25 11:30:10,246][root][INFO] - rot_grid:(252, 4, 4)
[2024-10-25 11:30:10,247][root][INFO] - after cluster, rot_grid:(252, 4, 4)
[2024-10-25 11:30:10,247][root][INFO] - self.rot_grid: torch.Size([252, 4, 4])
[2024-10-25 11:30:27,627][root][INFO] - Welcome
[2024-10-25 11:30:27,641][root][INFO] - poses:(252, 4, 4)
[2024-10-25 11:30:27,651][root][INFO] - after viewpoint, add_errs min:-1.0
[2024-10-25 11:30:27,721][root][INFO] - ob_in_cams:(252, 4, 4)
[2024-10-25 11:30:27,721][root][INFO] - self.cfg.use_normal:False
[2024-10-25 11:30:27,721][root][INFO] - trans_normalizer:[0.019999999552965164, 0.019999999552965164, 0.05000000074505806], rot_normalizer:0.3490658503988659
[2024-10-25 11:30:27,728][root][INFO] - making cropped data
[2024-10-25 11:30:27,728][root][INFO] - Welcome make_crop_data_batch
[2024-10-25 11:30:27,731][root][INFO] - make tf_to_crops done
[2024-10-25 11:30:27,754][root][INFO] - render done
[2024-10-25 11:30:27,761][root][INFO] - warp done
[2024-10-25 11:30:27,765][root][INFO] - pose batch data done
[2024-10-25 11:30:27,765][root][INFO] - forward start
[2024-10-25 11:30:27,891][root][INFO] - forward done
[2024-10-25 11:30:27,904][root][INFO] - making cropped data
[2024-10-25 11:30:27,904][root][INFO] - Welcome make_crop_data_batch
[2024-10-25 11:30:27,904][root][INFO] - make tf_to_crops done
[2024-10-25 11:30:27,917][root][INFO] - render done
[2024-10-25 11:30:27,920][root][INFO] - warp done
[2024-10-25 11:30:27,923][root][INFO] - pose batch data done
[2024-10-25 11:30:27,923][root][INFO] - forward start
[2024-10-25 11:30:27,924][root][INFO] - forward done
[2024-10-25 11:30:27,925][root][INFO] - making cropped data
[2024-10-25 11:30:27,925][root][INFO] - Welcome make_crop_data_batch
[2024-10-25 11:30:28,030][root][INFO] - make tf_to_crops done
[2024-10-25 11:30:28,041][root][INFO] - render done
[2024-10-25 11:30:28,046][root][INFO] - warp done
[2024-10-25 11:30:28,048][root][INFO] - pose batch data done
[2024-10-25 11:30:28,048][root][INFO] - forward start
[2024-10-25 11:30:28,050][root][INFO] - forward done
[2024-10-25 11:30:28,050][root][INFO] - making cropped data
[2024-10-25 11:30:28,050][root][INFO] - Welcome make_crop_data_batch
[2024-10-25 11:30:28,149][root][INFO] - make tf_to_crops done
[2024-10-25 11:30:28,159][root][INFO] - render done
[2024-10-25 11:30:28,163][root][INFO] - warp done
[2024-10-25 11:30:28,166][root][INFO] - pose batch data done
[2024-10-25 11:30:28,166][root][INFO] - forward start
[2024-10-25 11:30:28,167][root][INFO] - forward done
[2024-10-25 11:30:28,167][root][INFO] - making cropped data
[2024-10-25 11:30:28,167][root][INFO] - Welcome make_crop_data_batch
[2024-10-25 11:30:28,267][root][INFO] - make tf_to_crops done
[2024-10-25 11:30:28,277][root][INFO] - render done
[2024-10-25 11:30:28,281][root][INFO] - warp done
[2024-10-25 11:30:28,284][root][INFO] - pose batch data done
[2024-10-25 11:30:28,284][root][INFO] - forward start
[2024-10-25 11:30:28,285][root][INFO] - forward done
[2024-10-25 11:30:28,400][root][INFO] - ob_in_cams:(252, 4, 4)
[2024-10-25 11:30:28,400][root][INFO] - self.cfg.use_normal:False
[2024-10-25 11:30:28,400][root][INFO] - making cropped data
[2024-10-25 11:30:28,414][root][INFO] - Welcome make_crop_data_batch
[2024-10-25 11:30:28,415][root][INFO] - make tf_to_crops done
[2024-10-25 11:30:28,424][root][INFO] - render done
[2024-10-25 11:30:28,554][root][INFO] - pose batch data done
[2024-10-25 11:30:28,554][root][INFO] - pose_data.rgbAs.shape[0]: 252
[2024-10-25 11:30:28,650][root][INFO] - forward done
[2024-10-25 11:30:28,668][root][INFO] - final, add_errs min:-1.0
[2024-10-25 11:30:28,677][root][INFO] - sort ids:tensor([119, 209, 217,  41,  60, 139, 204, 210, 215, 140, 216, 157,  19,  49,
        170, 175, 198, 246,  55,  56,  91, 121, 151, 169, 176, 181, 193, 222,
        152, 104, 188, 145, 194,  12,  17,  20,  43,  84, 221,  24,  29,  89,
         90, 163, 233,  42,  72, 126, 127, 132, 146,   6, 111, 133, 177,  73,
        224, 239,  50, 180,  57, 101, 103,  26, 113, 240, 135, 147, 183, 228,
          8,  54,  98, 128, 190, 227, 236, 244, 251,   2,   7,  40, 112, 182,
         25,  44,  66,  75,  92, 118, 174, 214, 234, 235, 245,  16,  33,  45,
         74,  96, 102, 134, 208, 232,   0,  34,  64,  85, 226, 250,  15,  62,
         63, 129, 150, 192, 199, 200,  48,  61,  77, 100, 108, 241,  30,  35,
         65,  99, 144, 171, 189,   1, 156, 187, 195, 197, 203, 211, 218,   4,
          5,   9,  32,  59,  69,  71,  76,  78,  97, 110, 131, 137, 231,  53,
        106, 238, 243, 248,   3,  68,  70, 247,  11, 149, 186, 191, 223, 237,
         10, 105, 202,  31,  67, 173, 185, 242,  28,  93, 207, 225,  51, 168,
        172, 205,  14,  80, 178, 201,  21,  27,  86,  87, 107, 109, 148, 164,
        166,  13,  46,  88,  95, 130, 136, 229, 230,  18,  52, 160, 249, 122,
        124, 141, 158,  58,  81,  83, 116, 123,  79,  94, 115, 117, 153, 154,
        159, 179, 184, 196, 213,  22, 162, 206,  37,  47, 120, 125, 138, 155,
         23,  39,  82, 114, 142, 143, 165, 219,  36,  38, 161, 167, 220, 212])
[2024-10-25 11:30:28,682][root][INFO] - sorted scores:tensor([122.2500, 122.2500, 122.2500, 122.2344, 122.2344, 122.2344, 122.2344,
        122.2344, 122.2344, 122.2188, 122.2188, 122.1406, 122.1250, 122.1250,
        122.1250, 122.1250, 122.1250, 122.1250, 122.1094, 122.1094, 122.1094,
        122.1094, 122.1094, 122.1094, 122.1094, 122.1094, 122.1094, 122.1094,
        122.0938, 122.0781, 122.0781, 122.0625, 122.0625, 121.9062, 121.7812,
        121.7188, 121.6875, 121.6875, 121.6875, 121.6719, 121.6719, 121.6719,
        121.6719, 121.6719, 121.6719, 121.6562, 121.6562, 121.6562, 121.6562,
        121.6562, 121.6562, 121.6406, 121.6406, 121.6406, 121.6406, 121.6250,
        121.6250, 121.6250, 121.6094, 121.6094, 121.5938, 121.5938, 121.5938,
        121.5781, 121.5781, 121.5781, 121.5625, 121.5625, 121.5625, 121.5625,
        121.5469, 121.5469, 121.5469, 121.5469, 121.5469, 121.5469, 121.5469,
        121.5469, 121.5469, 121.5312, 121.5312, 121.5312, 121.5312, 121.5312,
        121.5156, 121.5156, 121.5156, 121.5156, 121.5156, 121.5156, 121.5156,
        121.5156, 121.5156, 121.5156, 121.5156, 121.5000, 121.5000, 121.5000,
        121.5000, 121.5000, 121.5000, 121.5000, 121.5000, 121.5000, 121.4844,
        121.4844, 121.4844, 121.4844, 121.4844, 121.4844, 121.4688, 121.4688,
        121.4688, 121.4688, 121.4688, 121.4688, 121.4688, 121.4688, 121.4531,
        121.4531, 121.4531, 121.4531, 121.4531, 121.4531, 121.4375, 121.4375,
        121.4375, 121.4375, 121.4375, 121.4375, 121.4375, 121.4219, 121.4219,
        121.4219, 121.4219, 121.4219, 121.4219, 121.4219, 121.4219, 121.4062,
        121.4062, 121.4062, 121.4062, 121.4062, 121.4062, 121.4062, 121.4062,
        121.4062, 121.4062, 121.4062, 121.4062, 121.4062, 121.4062, 121.3906,
        121.3906, 121.3906, 121.3906, 121.3906, 121.3750, 121.3750, 121.3750,
        121.3750, 121.3594, 121.3594, 121.3594, 121.3594, 121.3594, 121.3594,
        121.3438, 121.3438, 121.3438, 121.3281, 121.3125, 121.3125, 121.3125,
        121.3125, 121.2969, 121.2969, 121.2969, 121.2969, 121.2812, 121.2812,
        121.2812, 121.2812, 121.2656, 121.2656, 121.2656, 121.2656, 121.2500,
        121.2500, 121.2500, 121.2500, 121.2500, 121.2500, 121.2500, 121.2500,
        121.2500, 121.2344, 121.2344, 121.2344, 121.2344, 121.2344, 121.2344,
        121.2344, 121.2344, 121.2188, 121.2188, 121.2188, 121.2188, 121.2031,
        121.2031, 121.2031, 121.2031, 121.1875, 121.1875, 121.1875, 121.1875,
        121.1875, 121.1719, 121.1719, 121.1719, 121.1719, 121.1719, 121.1719,
        121.1719, 121.1719, 121.1719, 121.1719, 121.1719, 121.1562, 121.1562,
        121.1562, 121.1406, 121.1406, 121.1406, 121.1406, 121.1406, 121.1406,
        121.1250, 121.1250, 121.1250, 121.1250, 121.1250, 121.1250, 121.1250,
        121.1250, 121.1094, 121.1094, 121.1094, 121.1094, 121.1094, 121.0625])
