[2024-12-20 21:59:24,244][websockets.server][INFO] - server listening on 0.0.0.0:8080
[2024-12-20 21:59:24,391][root][INFO] - self.cfg: 
 lr: 0.0001
c_in: 6
zfar: 'Infinity'
debug: null
n_view: 1
run_id: 3wy8qqex
use_BN: true
exp_name: 2024-01-11-20-02-45
n_epochs: 62
save_dir: /home/bowenw/debug/2024-01-11-20-02-45/
use_mask: false
loss_type: pairwise_valid
optimizer: adam
batch_size: 64
crop_ratio: 1.1
enable_amp: true
use_normal: false
max_num_key: null
warmup_step: -1
input_resize:
- 160
- 160
max_step_val: 1000
vis_interval: 1000
weight_decay: 0
normalize_xyz: true
resume_run_id: null
clip_grad_norm: 'Infinity'
lr_epoch_decay: 500
render_backend: nvdiffrast
train_num_pair: 5
lr_decay_epochs:
- 50
n_epochs_warmup: 1
make_pair_online: false
gradient_max_norm: 'Infinity'
max_step_per_epoch: 10000
n_rendering_workers: 1
save_epoch_interval: 100
n_dataloader_workers: 100
split_objects_across_gpus: true
ckpt_dir: /data/zjx/rw/third_party/FoundationPose/learning/training/../../weights/2024-01-11-20-02-45/model_best.pth

[2024-12-20 21:59:24,391][root][INFO] - self.h5_file:None
[2024-12-20 21:59:24,393][websockets.server][INFO] - connection open
[2024-12-20 21:59:24,530][root][INFO] - Using pretrained model from /data/zjx/rw/third_party/FoundationPose/learning/training/../../weights/2024-01-11-20-02-45/model_best.pth
[2024-12-20 21:59:24,594][root][INFO] - init done
[2024-12-20 21:59:24,595][root][INFO] - welcome
[2024-12-20 21:59:24,598][root][INFO] - self.cfg: 
 lr: 0.0001
c_in: 6
zfar: .inf
debug: null
w_rot: 0.1
n_view: 1
run_id: null
use_BN: true
rot_rep: axis_angle
ckpt_dir: /data/zjx/rw/third_party/FoundationPose/learning/training/../../weights/2023-10-28-18-33-37/model_best.pth
exp_name: 2023-10-28-18-33-37
save_dir: /tmp/2023-10-28-18-33-37/
loss_type: l2
optimizer: adam
trans_rep: tracknet
batch_size: 64
crop_ratio: 1.2
use_normal: false
BN_momentum: 0.1
max_num_key: null
warmup_step: -1
input_resize:
- 160
- 160
max_step_val: 1000
normal_uint8: false
vis_interval: 1000
weight_decay: 0
n_max_objects: null
normalize_xyz: true
clip_grad_norm: 'Infinity'
rot_normalizer: 0.3490658503988659
trans_normalizer:
- 0.019999999552965164
- 0.019999999552965164
- 0.05000000074505806
max_step_per_epoch: 25000
val_epoch_interval: 10
n_dataloader_workers: 60
enable_amp: true
use_mask: false

[2024-12-20 21:59:24,598][root][INFO] - self.h5_file:
[2024-12-20 21:59:24,648][root][INFO] - Using pretrained model from /data/zjx/rw/third_party/FoundationPose/learning/training/../../weights/2023-10-28-18-33-37/model_best.pth
[2024-12-20 21:59:24,669][root][INFO] - init done
[2024-12-20 21:59:25,854][root][INFO] - self.diameter:0.2729166168820516, vox_size:0.01364583084410258
[2024-12-20 21:59:25,869][root][INFO] - self.pts:torch.Size([179, 3])
[2024-12-20 21:59:26,812][root][INFO] - reset done
[2024-12-20 21:59:26,813][root][INFO] - cam_in_obs:(42, 4, 4)
[2024-12-20 21:59:26,814][root][INFO] - rot_grid:(252, 4, 4)
[2024-12-20 21:59:26,814][root][INFO] - after cluster, rot_grid:(252, 4, 4)
[2024-12-20 21:59:26,814][root][INFO] - self.rot_grid: torch.Size([252, 4, 4])
[2024-12-20 21:59:38,694][root][INFO] - Welcome
[2024-12-20 21:59:38,709][root][INFO] - poses:(252, 4, 4)
[2024-12-20 21:59:38,717][root][INFO] - after viewpoint, add_errs min:-1.0
[2024-12-20 21:59:38,739][root][INFO] - ob_in_cams:(252, 4, 4)
[2024-12-20 21:59:38,739][root][INFO] - self.cfg.use_normal:False
[2024-12-20 21:59:38,739][root][INFO] - trans_normalizer:[0.019999999552965164, 0.019999999552965164, 0.05000000074505806], rot_normalizer:0.3490658503988659
[2024-12-20 21:59:38,741][root][INFO] - making cropped data
[2024-12-20 21:59:38,742][root][INFO] - Welcome make_crop_data_batch
[2024-12-20 21:59:38,745][root][INFO] - make tf_to_crops done
[2024-12-20 21:59:38,767][root][INFO] - render done
[2024-12-20 21:59:38,772][root][INFO] - warp done
[2024-12-20 21:59:38,777][root][INFO] - pose batch data done
[2024-12-20 21:59:38,777][root][INFO] - forward start
[2024-12-20 21:59:38,904][root][INFO] - forward done
[2024-12-20 21:59:38,917][root][INFO] - making cropped data
[2024-12-20 21:59:38,917][root][INFO] - Welcome make_crop_data_batch
[2024-12-20 21:59:38,918][root][INFO] - make tf_to_crops done
[2024-12-20 21:59:38,935][root][INFO] - render done
[2024-12-20 21:59:38,939][root][INFO] - warp done
[2024-12-20 21:59:38,942][root][INFO] - pose batch data done
[2024-12-20 21:59:38,942][root][INFO] - forward start
[2024-12-20 21:59:38,944][root][INFO] - forward done
[2024-12-20 21:59:38,944][root][INFO] - making cropped data
[2024-12-20 21:59:38,944][root][INFO] - Welcome make_crop_data_batch
[2024-12-20 21:59:39,049][root][INFO] - make tf_to_crops done
[2024-12-20 21:59:39,065][root][INFO] - render done
[2024-12-20 21:59:39,068][root][INFO] - warp done
[2024-12-20 21:59:39,071][root][INFO] - pose batch data done
[2024-12-20 21:59:39,071][root][INFO] - forward start
[2024-12-20 21:59:39,072][root][INFO] - forward done
[2024-12-20 21:59:39,072][root][INFO] - making cropped data
[2024-12-20 21:59:39,072][root][INFO] - Welcome make_crop_data_batch
[2024-12-20 21:59:39,171][root][INFO] - make tf_to_crops done
[2024-12-20 21:59:39,187][root][INFO] - render done
[2024-12-20 21:59:39,190][root][INFO] - warp done
[2024-12-20 21:59:39,192][root][INFO] - pose batch data done
[2024-12-20 21:59:39,192][root][INFO] - forward start
[2024-12-20 21:59:39,194][root][INFO] - forward done
[2024-12-20 21:59:39,194][root][INFO] - making cropped data
[2024-12-20 21:59:39,194][root][INFO] - Welcome make_crop_data_batch
[2024-12-20 21:59:39,295][root][INFO] - make tf_to_crops done
[2024-12-20 21:59:39,309][root][INFO] - render done
[2024-12-20 21:59:39,313][root][INFO] - warp done
[2024-12-20 21:59:39,316][root][INFO] - pose batch data done
[2024-12-20 21:59:39,316][root][INFO] - forward start
[2024-12-20 21:59:39,317][root][INFO] - forward done
[2024-12-20 21:59:39,432][root][INFO] - ob_in_cams:(252, 4, 4)
[2024-12-20 21:59:39,432][root][INFO] - self.cfg.use_normal:False
[2024-12-20 21:59:39,432][root][INFO] - making cropped data
[2024-12-20 21:59:39,438][root][INFO] - Welcome make_crop_data_batch
[2024-12-20 21:59:39,438][root][INFO] - make tf_to_crops done
[2024-12-20 21:59:39,453][root][INFO] - render done
[2024-12-20 21:59:39,578][root][INFO] - pose batch data done
[2024-12-20 21:59:39,578][root][INFO] - pose_data.rgbAs.shape[0]: 252
[2024-12-20 21:59:39,672][root][INFO] - forward done
[2024-12-20 21:59:39,689][root][INFO] - final, add_errs min:-1.0
[2024-12-20 21:59:39,700][root][INFO] - sort ids:tensor([145,   8,  73, 199,  74, 133,   1,   7, 103, 224, 127, 146, 169, 134,
        217,   2,  98, 164,  11,  97,  44,  10,  43,  76,  77, 226,   4, 100,
        172,   5, 190, 202, 227, 101, 106, 130, 137,  50, 131, 136,  34, 107,
         35, 149,  71, 203, 104, 187, 245, 165, 139, 170, 189, 159, 182, 215,
         31,  86,  25,  40,  57,  85, 113, 229, 234, 235,  41,  51,  66,  92,
        112, 140, 160, 242, 240, 183, 216,  26,  32, 119, 176,  64, 168, 210,
         54, 243,  60,  91, 153, 209,  46,  80, 124, 186, 238,  55, 185, 205,
        220, 237,  13,  22,  28,  59,  69, 109, 110, 162, 167,  14,  20,  63,
        142, 143, 156, 179, 180, 213, 219,  23,  29, 125, 154, 212,  17,  79,
         95, 118,  16,  47,  62, 147, 157, 201,  19,  37,  38,  52,  82,  83,
         89,  94, 178, 222,  88,  67, 121, 115, 228, 206, 232, 116,  48, 151,
        148,  58, 173, 171, 177, 223,  56, 200,  68,  61, 174,  53, 128, 155,
        230, 122, 208, 193, 198, 150, 175, 207, 152,  65, 250, 249, 233,  49,
        231, 248, 204, 246, 225, 251, 247, 194, 195, 197, 196,  70, 144, 192,
          0,   9, 102, 105,  18, 120, 126, 129, 166, 181, 214, 241,   3,  15,
         33,  75,  84,  87,  90, 244,   6,  24,  30,  39,  42,  72,  78,  96,
         99, 108, 111, 114, 123, 132, 135, 138, 141, 163, 184, 191, 221, 239,
         12,  21,  27,  36,  45,  81,  93, 117, 158, 161, 188, 211, 218, 236])
[2024-12-20 21:59:39,703][root][INFO] - sorted scores:tensor([84.0000, 83.9844, 83.9844, 83.9844, 83.9688, 83.9688, 83.9375, 83.9375,
        83.9375, 83.9375, 83.9219, 83.9219, 83.9219, 83.9062, 83.9062, 83.8906,
        83.8906, 83.8906, 83.8750, 83.8750, 83.8594, 83.8438, 83.8438, 83.8438,
        83.8438, 83.8438, 83.8281, 83.8281, 83.8281, 83.8125, 83.8125, 83.8125,
        83.8125, 83.7969, 83.7969, 83.7969, 83.7969, 83.7812, 83.7812, 83.7812,
        83.7500, 83.7500, 83.7344, 83.7344, 83.7188, 83.7188, 83.7031, 83.6562,
        83.6562, 83.6250, 83.6094, 83.5938, 83.5781, 83.5625, 83.5625, 83.5625,
        83.5469, 83.5469, 83.5312, 83.5312, 83.5312, 83.5312, 83.5312, 83.5312,
        83.5312, 83.5312, 83.5156, 83.5156, 83.5156, 83.5156, 83.5156, 83.5156,
        83.5156, 83.5156, 83.5000, 83.4844, 83.4844, 83.4688, 83.4531, 83.4375,
        83.4219, 83.4062, 83.4062, 83.4062, 83.3906, 83.3906, 83.3750, 83.3750,
        83.3750, 83.3750, 83.3594, 83.3594, 83.3594, 83.3594, 83.3594, 83.3438,
        83.3438, 83.3438, 83.3438, 83.3438, 83.3281, 83.3281, 83.3281, 83.3281,
        83.3281, 83.3281, 83.3281, 83.3281, 83.3281, 83.3125, 83.3125, 83.3125,
        83.3125, 83.3125, 83.3125, 83.3125, 83.3125, 83.3125, 83.3125, 83.2969,
        83.2969, 83.2969, 83.2969, 83.2969, 83.2812, 83.2812, 83.2812, 83.2812,
        83.2656, 83.2656, 83.2656, 83.2656, 83.2656, 83.2656, 83.2500, 83.2500,
        83.2500, 83.2500, 83.2500, 83.2500, 83.2500, 83.2344, 83.2344, 83.2031,
        83.1875, 83.1719, 83.1719, 83.1562, 83.1562, 83.1250, 83.1094, 83.0938,
        83.0781, 83.0469, 83.0312, 82.9688, 82.9688, 82.9531, 82.9375, 82.9375,
        82.9062, 82.9062, 82.8750, 82.8594, 82.8125, 82.7969, 82.7969, 82.7812,
        82.7188, 82.7031, 82.7031, 82.6875, 82.6875, 82.6719, 82.6719, 82.6406,
        82.6250, 82.6094, 82.6094, 82.5938, 82.5781, 82.4688, 82.4531, 82.2500,
        82.2188, 82.2031, 82.1562, 82.0781, 82.0156, 82.0000, 81.9844, 81.8594,
        81.7500, 81.6562, 81.5312, 81.4375, 81.2969, 81.2969, 81.2969, 81.2969,
        81.2812, 81.2812, 81.2812, 81.2812, 81.2812, 81.2812, 81.2812, 81.2812,
        81.2656, 81.2656, 81.2656, 81.2656, 81.2656, 81.2656, 81.2656, 81.2656,
        81.2500, 81.2500, 81.2500, 81.2500, 81.2500, 81.2500, 81.2500, 81.2500,
        81.2500, 81.2500, 81.2500, 81.2500, 81.2500, 81.2500, 81.2500, 81.2500,
        81.2500, 81.2500, 81.2500, 81.2500, 81.2500, 81.2500, 81.2344, 81.2344,
        81.2344, 81.2344, 81.2344, 81.2344, 81.2344, 81.2344, 81.2344, 81.2344,
        81.2344, 81.2344, 81.2344, 81.2344])
