[2024-10-11 10:17:24,134][websockets.server][INFO] - server listening on 0.0.0.0:8080
[2024-10-11 10:17:24,317][root][INFO] - self.cfg: 
 lr: 0.0001
c_in: 6
zfar: 'Infinity'
debug: null
n_view: 1
run_id: 3wy8qqex
use_BN: true
exp_name: 2024-01-11-20-02-45
n_epochs: 62
save_dir: /home/bowenw/debug/2024-01-11-20-02-45/
use_mask: false
loss_type: pairwise_valid
optimizer: adam
batch_size: 64
crop_ratio: 1.1
enable_amp: true
use_normal: false
max_num_key: null
warmup_step: -1
input_resize:
- 160
- 160
max_step_val: 1000
vis_interval: 1000
weight_decay: 0
normalize_xyz: true
resume_run_id: null
clip_grad_norm: 'Infinity'
lr_epoch_decay: 500
render_backend: nvdiffrast
train_num_pair: 5
lr_decay_epochs:
- 50
n_epochs_warmup: 1
make_pair_online: false
gradient_max_norm: 'Infinity'
max_step_per_epoch: 10000
n_rendering_workers: 1
save_epoch_interval: 100
n_dataloader_workers: 100
split_objects_across_gpus: true
ckpt_dir: FoundationPose/learning/training/../../weights/2024-01-11-20-02-45/model_best.pth

[2024-10-11 10:17:24,317][root][INFO] - self.h5_file:None
[2024-10-11 10:17:24,487][root][INFO] - Using pretrained model from FoundationPose/learning/training/../../weights/2024-01-11-20-02-45/model_best.pth
[2024-10-11 10:17:24,545][root][INFO] - init done
[2024-10-11 10:17:24,546][root][INFO] - welcome
[2024-10-11 10:17:24,549][root][INFO] - self.cfg: 
 lr: 0.0001
c_in: 6
zfar: .inf
debug: null
w_rot: 0.1
n_view: 1
run_id: null
use_BN: true
rot_rep: axis_angle
ckpt_dir: FoundationPose/learning/training/../../weights/2023-10-28-18-33-37/model_best.pth
exp_name: 2023-10-28-18-33-37
save_dir: /tmp/2023-10-28-18-33-37/
loss_type: l2
optimizer: adam
trans_rep: tracknet
batch_size: 64
crop_ratio: 1.2
use_normal: false
BN_momentum: 0.1
max_num_key: null
warmup_step: -1
input_resize:
- 160
- 160
max_step_val: 1000
normal_uint8: false
vis_interval: 1000
weight_decay: 0
n_max_objects: null
normalize_xyz: true
clip_grad_norm: 'Infinity'
rot_normalizer: 0.3490658503988659
trans_normalizer:
- 0.019999999552965164
- 0.019999999552965164
- 0.05000000074505806
max_step_per_epoch: 25000
val_epoch_interval: 10
n_dataloader_workers: 60
enable_amp: true
use_mask: false

[2024-10-11 10:17:24,549][root][INFO] - self.h5_file:
[2024-10-11 10:17:24,594][root][INFO] - Using pretrained model from FoundationPose/learning/training/../../weights/2023-10-28-18-33-37/model_best.pth
[2024-10-11 10:17:24,615][root][INFO] - init done
[2024-10-11 10:17:24,796][websockets.server][INFO] - connection open
[2024-10-11 10:17:26,787][root][INFO] - self.diameter:0.2324774443430137, vox_size:0.011623872217150685
[2024-10-11 10:17:26,802][root][INFO] - self.pts:torch.Size([385, 3])
[2024-10-11 10:17:27,606][root][INFO] - reset done
[2024-10-11 10:17:27,607][root][INFO] - cam_in_obs:(42, 4, 4)
[2024-10-11 10:17:27,608][root][INFO] - rot_grid:(252, 4, 4)
[2024-10-11 10:17:27,609][root][INFO] - after cluster, rot_grid:(252, 4, 4)
[2024-10-11 10:17:27,609][root][INFO] - self.rot_grid: torch.Size([252, 4, 4])
[2024-10-11 10:17:36,747][root][INFO] - Welcome
[2024-10-11 10:17:36,763][root][INFO] - poses:(252, 4, 4)
[2024-10-11 10:17:36,774][root][INFO] - after viewpoint, add_errs min:-1.0
[2024-10-11 10:17:36,851][root][INFO] - ob_in_cams:(252, 4, 4)
[2024-10-11 10:17:36,851][root][INFO] - self.cfg.use_normal:False
[2024-10-11 10:17:36,852][root][INFO] - trans_normalizer:[0.019999999552965164, 0.019999999552965164, 0.05000000074505806], rot_normalizer:0.3490658503988659
[2024-10-11 10:17:36,854][root][INFO] - making cropped data
[2024-10-11 10:17:36,854][root][INFO] - Welcome make_crop_data_batch
[2024-10-11 10:17:36,858][root][INFO] - make tf_to_crops done
[2024-10-11 10:17:36,883][root][INFO] - render done
[2024-10-11 10:17:36,889][root][INFO] - warp done
[2024-10-11 10:17:36,894][root][INFO] - pose batch data done
[2024-10-11 10:17:36,894][root][INFO] - forward start
[2024-10-11 10:17:37,010][root][INFO] - forward done
[2024-10-11 10:17:37,020][root][INFO] - making cropped data
[2024-10-11 10:17:37,020][root][INFO] - Welcome make_crop_data_batch
[2024-10-11 10:17:37,021][root][INFO] - make tf_to_crops done
[2024-10-11 10:17:37,038][root][INFO] - render done
[2024-10-11 10:17:37,042][root][INFO] - warp done
[2024-10-11 10:17:37,044][root][INFO] - pose batch data done
[2024-10-11 10:17:37,045][root][INFO] - forward start
[2024-10-11 10:17:37,046][root][INFO] - forward done
[2024-10-11 10:17:37,046][root][INFO] - making cropped data
[2024-10-11 10:17:37,046][root][INFO] - Welcome make_crop_data_batch
[2024-10-11 10:17:37,145][root][INFO] - make tf_to_crops done
[2024-10-11 10:17:37,162][root][INFO] - render done
[2024-10-11 10:17:37,165][root][INFO] - warp done
[2024-10-11 10:17:37,168][root][INFO] - pose batch data done
[2024-10-11 10:17:37,168][root][INFO] - forward start
[2024-10-11 10:17:37,169][root][INFO] - forward done
[2024-10-11 10:17:37,170][root][INFO] - making cropped data
[2024-10-11 10:17:37,170][root][INFO] - Welcome make_crop_data_batch
[2024-10-11 10:17:37,269][root][INFO] - make tf_to_crops done
[2024-10-11 10:17:37,287][root][INFO] - render done
[2024-10-11 10:17:37,291][root][INFO] - warp done
[2024-10-11 10:17:37,294][root][INFO] - pose batch data done
[2024-10-11 10:17:37,294][root][INFO] - forward start
[2024-10-11 10:17:37,295][root][INFO] - forward done
[2024-10-11 10:17:37,295][root][INFO] - making cropped data
[2024-10-11 10:17:37,295][root][INFO] - Welcome make_crop_data_batch
[2024-10-11 10:17:37,395][root][INFO] - make tf_to_crops done
[2024-10-11 10:17:37,411][root][INFO] - render done
[2024-10-11 10:17:37,415][root][INFO] - warp done
[2024-10-11 10:17:37,417][root][INFO] - pose batch data done
[2024-10-11 10:17:37,417][root][INFO] - forward start
[2024-10-11 10:17:37,419][root][INFO] - forward done
[2024-10-11 10:17:37,534][root][INFO] - ob_in_cams:(252, 4, 4)
[2024-10-11 10:17:37,534][root][INFO] - self.cfg.use_normal:False
[2024-10-11 10:17:37,534][root][INFO] - making cropped data
[2024-10-11 10:17:37,540][root][INFO] - Welcome make_crop_data_batch
[2024-10-11 10:17:37,541][root][INFO] - make tf_to_crops done
[2024-10-11 10:17:37,557][root][INFO] - render done
[2024-10-11 10:17:37,686][root][INFO] - pose batch data done
[2024-10-11 10:17:37,686][root][INFO] - pose_data.rgbAs.shape[0]: 252
[2024-10-11 10:17:37,783][root][INFO] - forward done
[2024-10-11 10:17:37,801][root][INFO] - final, add_errs min:-1.0
[2024-10-11 10:17:37,809][root][INFO] - sort ids:tensor([107,   5,  77,  10,  11,  47, 106, 131, 137,  76, 101, 130, 220,   4,
        202, 203, 227, 245, 194,  43, 134,   1,  50, 145, 146,   8,  32,  74,
        103, 104, 127, 133, 169,   7, 164, 170,   2,  73,  55, 187, 188, 224,
        125,  95, 161,  41,  52,  83, 154, 155,  82, 179, 197,  22,  23,  53,
        200, 185, 160, 178, 196,  59,  94,  64, 136, 163,  67, 235, 212,  62,
        226, 248,   9,  13,  75, 115, 121,  26,  80,  86, 229, 230,  14,  33,
         68, 116, 206,  79, 105, 162, 205,  99, 189, 247,  28, 126, 171, 216,
         34, 221, 100, 198, 243,   0,  58,  61, 244,  72,  42,  89, 138,  70,
        132,  97,  35, 128,  98, 147, 222,  15, 122, 141,  93, 114, 184,  37,
        118, 236, 183, 129,  81,  27, 108, 111, 120, 237,  78,  87,  18,  29,
        211, 231, 124, 150, 210, 156, 119,  36,  88, 109,  16,  17,   6, 191,
        199,  45, 142, 250, 217,  44, 135,  96, 113, 102,   3,  12,  38,  19,
         20, 176,  91, 181, 251,  92, 223, 110, 186, 144, 241,  49, 239,  85,
        208, 175, 177, 182, 152, 139, 151, 204, 232, 242,  21,  31, 153, 228,
        193, 209, 233,  84, 117, 158,  40,  90, 207,  24,  25,  39, 214, 157,
        123, 225, 174, 234, 201, 143, 238, 168,  46, 112,  56, 215, 180, 213,
        219,  71,  65, 165, 149, 159,  30, 190, 218, 148, 172, 173, 166, 167,
        140, 246, 240,  51, 249,  48,  60,  57,  69, 195,  66,  63, 192,  54])
[2024-10-11 10:17:37,813][root][INFO] - sorted scores:tensor([94.2031, 94.1992, 94.1992, 94.1953, 94.1953, 94.1953, 94.1953, 94.1953,
        94.1953, 94.1914, 94.1914, 94.1914, 94.1914, 94.1875, 94.1875, 94.1875,
        94.1875, 94.1562, 94.0625, 94.0547, 94.0508, 94.0469, 94.0469, 94.0469,
        94.0469, 94.0430, 94.0430, 94.0430, 94.0430, 94.0430, 94.0430, 94.0430,
        94.0430, 94.0391, 94.0391, 94.0391, 94.0352, 94.0352, 94.0312, 94.0312,
        94.0312, 93.9766, 93.9648, 93.9609, 93.9570, 93.9531, 93.9492, 93.9492,
        93.9492, 93.9492, 93.9453, 93.9453, 93.9453, 93.9414, 93.9414, 93.9414,
        93.9414, 93.9375, 93.9336, 93.9297, 93.9297, 93.9219, 93.9062, 93.8750,
        93.8125, 93.7891, 93.7812, 93.7734, 93.7695, 93.7656, 93.7656, 93.7656,
        93.7617, 93.7617, 93.7617, 93.7617, 93.7617, 93.7539, 93.7539, 93.7539,
        93.7539, 93.7500, 93.7461, 93.7461, 93.7461, 93.7461, 93.7461, 93.7422,
        93.7422, 93.7422, 93.7383, 93.7344, 93.7344, 93.7344, 93.7266, 93.7266,
        93.7266, 93.7266, 93.7227, 93.7227, 93.7188, 93.7188, 93.7188, 93.7109,
        93.7109, 93.7031, 93.7031, 93.6992, 93.6914, 93.6875, 93.6875, 93.6836,
        93.6836, 93.6641, 93.6602, 93.6445, 93.6211, 93.6172, 93.6016, 93.5898,
        93.5859, 93.5703, 93.5586, 93.5508, 93.5469, 93.5430, 93.5430, 93.5391,
        93.5352, 93.5312, 93.5273, 93.5234, 93.5234, 93.5156, 93.5156, 93.5156,
        93.5078, 93.5078, 93.5000, 93.5000, 93.5000, 93.5000, 93.4922, 93.4922,
        93.4844, 93.4805, 93.4727, 93.4648, 93.4648, 93.4570, 93.4453, 93.4453,
        93.4414, 93.4414, 93.4414, 93.4297, 93.4258, 93.4219, 93.4180, 93.4102,
        93.4102, 93.4062, 93.4062, 93.3906, 93.3828, 93.3594, 93.3594, 93.3477,
        93.3438, 93.3438, 93.3398, 93.3398, 93.3398, 93.3320, 93.3320, 93.3242,
        93.3242, 93.3203, 93.3203, 93.3086, 93.2969, 93.2891, 93.2852, 93.2773,
        93.2773, 93.2773, 93.2734, 93.2695, 93.2695, 93.2695, 93.2695, 93.2695,
        93.2578, 93.2578, 93.2500, 93.2461, 93.2422, 93.2422, 93.2422, 93.2344,
        93.2344, 93.2305, 93.2266, 93.2266, 93.2227, 93.2188, 93.2070, 93.1992,
        93.1992, 93.1953, 93.1875, 93.1797, 93.1680, 93.1680, 93.1641, 93.1562,
        93.1562, 93.1367, 93.1289, 93.1289, 93.1133, 93.1016, 93.0977, 93.0938,
        93.0938, 93.0820, 93.0664, 93.0391, 93.0234, 93.0078, 92.9961, 92.9766,
        92.9766, 92.9727, 92.9648, 92.9648, 92.9453, 92.9375, 92.8633, 92.8320,
        92.8281, 92.8164, 92.8125, 92.7461, 92.7344, 92.7305, 92.7305, 92.7266,
        92.6953, 92.6758, 92.6719, 92.6406])
