[2024-10-25 11:49:07,453][websockets.server][INFO] - server listening on 0.0.0.0:8080
[2024-10-25 11:49:07,521][root][INFO] - self.cfg: 
 lr: 0.0001
c_in: 6
zfar: 'Infinity'
debug: null
n_view: 1
run_id: 3wy8qqex
use_BN: true
exp_name: 2024-01-11-20-02-45
n_epochs: 62
save_dir: /home/bowenw/debug/2024-01-11-20-02-45/
use_mask: false
loss_type: pairwise_valid
optimizer: adam
batch_size: 64
crop_ratio: 1.1
enable_amp: true
use_normal: false
max_num_key: null
warmup_step: -1
input_resize:
- 160
- 160
max_step_val: 1000
vis_interval: 1000
weight_decay: 0
normalize_xyz: true
resume_run_id: null
clip_grad_norm: 'Infinity'
lr_epoch_decay: 500
render_backend: nvdiffrast
train_num_pair: 5
lr_decay_epochs:
- 50
n_epochs_warmup: 1
make_pair_online: false
gradient_max_norm: 'Infinity'
max_step_per_epoch: 10000
n_rendering_workers: 1
save_epoch_interval: 100
n_dataloader_workers: 100
split_objects_across_gpus: true
ckpt_dir: /home/shaol/gjx/rw/third_party/FoundationPose/learning/training/../../weights/2024-01-11-20-02-45/model_best.pth

[2024-10-25 11:49:07,521][root][INFO] - self.h5_file:None
[2024-10-25 11:49:07,674][root][INFO] - Using pretrained model from /home/shaol/gjx/rw/third_party/FoundationPose/learning/training/../../weights/2024-01-11-20-02-45/model_best.pth
[2024-10-25 11:49:07,734][root][INFO] - init done
[2024-10-25 11:49:07,734][root][INFO] - welcome
[2024-10-25 11:49:07,738][root][INFO] - self.cfg: 
 lr: 0.0001
c_in: 6
zfar: .inf
debug: null
w_rot: 0.1
n_view: 1
run_id: null
use_BN: true
rot_rep: axis_angle
ckpt_dir: /home/shaol/gjx/rw/third_party/FoundationPose/learning/training/../../weights/2023-10-28-18-33-37/model_best.pth
exp_name: 2023-10-28-18-33-37
save_dir: /tmp/2023-10-28-18-33-37/
loss_type: l2
optimizer: adam
trans_rep: tracknet
batch_size: 64
crop_ratio: 1.2
use_normal: false
BN_momentum: 0.1
max_num_key: null
warmup_step: -1
input_resize:
- 160
- 160
max_step_val: 1000
normal_uint8: false
vis_interval: 1000
weight_decay: 0
n_max_objects: null
normalize_xyz: true
clip_grad_norm: 'Infinity'
rot_normalizer: 0.3490658503988659
trans_normalizer:
- 0.019999999552965164
- 0.019999999552965164
- 0.05000000074505806
max_step_per_epoch: 25000
val_epoch_interval: 10
n_dataloader_workers: 60
enable_amp: true
use_mask: false

[2024-10-25 11:49:07,738][root][INFO] - self.h5_file:
[2024-10-25 11:49:07,784][root][INFO] - Using pretrained model from /home/shaol/gjx/rw/third_party/FoundationPose/learning/training/../../weights/2023-10-28-18-33-37/model_best.pth
[2024-10-25 11:49:07,801][root][INFO] - init done
[2024-10-25 11:49:08,212][root][INFO] - self.diameter:0.17285820731301396, vox_size:0.008642910365650697
[2024-10-25 11:49:08,225][root][INFO] - self.pts:torch.Size([244, 3])
[2024-10-25 11:49:08,541][websockets.server][INFO] - connection open
[2024-10-25 11:49:09,051][root][INFO] - reset done
[2024-10-25 11:49:09,051][root][INFO] - cam_in_obs:(42, 4, 4)
[2024-10-25 11:49:09,053][root][INFO] - rot_grid:(252, 4, 4)
[2024-10-25 11:49:09,054][root][INFO] - after cluster, rot_grid:(252, 4, 4)
[2024-10-25 11:49:09,054][root][INFO] - self.rot_grid: torch.Size([252, 4, 4])
[2024-10-25 11:49:19,747][root][INFO] - Welcome
[2024-10-25 11:49:19,762][root][INFO] - poses:(252, 4, 4)
[2024-10-25 11:49:19,772][root][INFO] - after viewpoint, add_errs min:-1.0
[2024-10-25 11:49:19,838][root][INFO] - ob_in_cams:(252, 4, 4)
[2024-10-25 11:49:19,838][root][INFO] - self.cfg.use_normal:False
[2024-10-25 11:49:19,838][root][INFO] - trans_normalizer:[0.019999999552965164, 0.019999999552965164, 0.05000000074505806], rot_normalizer:0.3490658503988659
[2024-10-25 11:49:19,850][root][INFO] - making cropped data
[2024-10-25 11:49:19,851][root][INFO] - Welcome make_crop_data_batch
[2024-10-25 11:49:19,854][root][INFO] - make tf_to_crops done
[2024-10-25 11:49:19,872][root][INFO] - render done
[2024-10-25 11:49:19,878][root][INFO] - warp done
[2024-10-25 11:49:19,883][root][INFO] - pose batch data done
[2024-10-25 11:49:19,883][root][INFO] - forward start
[2024-10-25 11:49:20,014][root][INFO] - forward done
[2024-10-25 11:49:20,025][root][INFO] - making cropped data
[2024-10-25 11:49:20,026][root][INFO] - Welcome make_crop_data_batch
[2024-10-25 11:49:20,026][root][INFO] - make tf_to_crops done
[2024-10-25 11:49:20,037][root][INFO] - render done
[2024-10-25 11:49:20,042][root][INFO] - warp done
[2024-10-25 11:49:20,044][root][INFO] - pose batch data done
[2024-10-25 11:49:20,044][root][INFO] - forward start
[2024-10-25 11:49:20,046][root][INFO] - forward done
[2024-10-25 11:49:20,046][root][INFO] - making cropped data
[2024-10-25 11:49:20,046][root][INFO] - Welcome make_crop_data_batch
[2024-10-25 11:49:20,147][root][INFO] - make tf_to_crops done
[2024-10-25 11:49:20,159][root][INFO] - render done
[2024-10-25 11:49:20,162][root][INFO] - warp done
[2024-10-25 11:49:20,165][root][INFO] - pose batch data done
[2024-10-25 11:49:20,165][root][INFO] - forward start
[2024-10-25 11:49:20,166][root][INFO] - forward done
[2024-10-25 11:49:20,166][root][INFO] - making cropped data
[2024-10-25 11:49:20,166][root][INFO] - Welcome make_crop_data_batch
[2024-10-25 11:49:20,268][root][INFO] - make tf_to_crops done
[2024-10-25 11:49:20,279][root][INFO] - render done
[2024-10-25 11:49:20,283][root][INFO] - warp done
[2024-10-25 11:49:20,285][root][INFO] - pose batch data done
[2024-10-25 11:49:20,285][root][INFO] - forward start
[2024-10-25 11:49:20,287][root][INFO] - forward done
[2024-10-25 11:49:20,287][root][INFO] - making cropped data
[2024-10-25 11:49:20,287][root][INFO] - Welcome make_crop_data_batch
[2024-10-25 11:49:20,390][root][INFO] - make tf_to_crops done
[2024-10-25 11:49:20,401][root][INFO] - render done
[2024-10-25 11:49:20,405][root][INFO] - warp done
[2024-10-25 11:49:20,408][root][INFO] - pose batch data done
[2024-10-25 11:49:20,408][root][INFO] - forward start
[2024-10-25 11:49:20,409][root][INFO] - forward done
[2024-10-25 11:49:20,529][root][INFO] - ob_in_cams:(252, 4, 4)
[2024-10-25 11:49:20,530][root][INFO] - self.cfg.use_normal:False
[2024-10-25 11:49:20,530][root][INFO] - making cropped data
[2024-10-25 11:49:20,536][root][INFO] - Welcome make_crop_data_batch
[2024-10-25 11:49:20,537][root][INFO] - make tf_to_crops done
[2024-10-25 11:49:20,546][root][INFO] - render done
[2024-10-25 11:49:20,683][root][INFO] - pose batch data done
[2024-10-25 11:49:20,683][root][INFO] - pose_data.rgbAs.shape[0]: 252
[2024-10-25 11:49:20,784][root][INFO] - forward done
[2024-10-25 11:49:20,802][root][INFO] - final, add_errs min:-1.0
[2024-10-25 11:49:20,812][root][INFO] - sort ids:tensor([171, 105,  99,   4, 106, 226,   9,  75,  10,  76, 147, 135,   3, 130,
        225, 201, 148, 136, 129,  45,  52, 166, 219,  46, 100, 218,  33, 194,
         56, 244,  34, 189,  70, 141, 200, 245, 188, 112, 111, 170,  71, 142,
         53, 182, 202, 195, 156, 234,  62, 161,  91, 212,  37,  84, 175, 211,
         36,  24, 174, 155,  78, 228,  55,  18,  25, 181,  13,  12, 239,  85,
         79,  90, 204,  19, 233,  66, 150, 115, 205,  61, 120, 196, 114, 229,
        198, 103, 168, 222,  73, 102,  96,   0,   6, 144,   7,  72, 132,   1,
         43, 145, 164, 215,  65, 203, 126, 133, 163, 230,  42,  64, 139, 216,
        221, 214,  40,  68, 208,  30,  97, 158, 227, 138, 159, 108, 109,  59,
         81, 223,  39,  88,  93, 236,  22, 185, 237, 207,  15,  21,  50, 178,
        184,  16,  27,  82,  87,  67, 191,  28,  94, 231,  31, 186, 117, 242,
        124, 241, 169, 128, 153, 197,  49, 118, 177, 152, 123, 173,  58, 162,
        121,  54, 122,  63, 131, 125, 243,  89, 127, 248, 210, 165, 250, 249,
         47, 104, 251, 246, 107,  44, 143,  32, 192,  74, 247, 213, 193, 140,
         41,  69,  86, 240,   5, 179, 180, 110,  80,   2,   8, 199,  77, 149,
        137, 217,  48,  17, 154,  11,  14,  83, 224, 167, 113, 238, 209,  29,
         60,  26, 190,  35, 220,  38, 183, 134, 187,  20, 232,  23,  51, 119,
         57, 176, 157,  92, 235,  98, 151, 101, 172,  95, 160, 116, 146, 206])
[2024-10-25 11:49:20,816][root][INFO] - sorted scores:tensor([103.8672, 103.8633, 103.8594, 103.8438, 103.8301, 103.8242, 103.8223,
        103.8125, 103.8086, 103.8047, 103.8047, 103.7773, 103.7734, 103.7734,
        103.7734, 103.7617, 103.7559, 103.7344, 103.7324, 103.7207, 103.7129,
        103.7109, 103.6934, 103.6777, 103.6738, 103.6406, 103.6387, 103.6250,
        103.6211, 103.6152, 103.6094, 103.6094, 103.6074, 103.6055, 103.6055,
        103.6055, 103.5996, 103.5938, 103.5859, 103.5820, 103.5684, 103.5664,
        103.5645, 103.5527, 103.5371, 103.5352, 103.5312, 103.5234, 103.5215,
        103.5215, 103.5156, 103.5156, 103.5137, 103.5098, 103.5059, 103.5020,
        103.4980, 103.4941, 103.4941, 103.4922, 103.4902, 103.4902, 103.4883,
        103.4844, 103.4844, 103.4824, 103.4805, 103.4785, 103.4785, 103.4746,
        103.4727, 103.4707, 103.4688, 103.4668, 103.4551, 103.4375, 103.4375,
        103.4121, 103.4121, 103.4102, 103.4043, 103.4023, 103.3906, 103.3516,
        103.3027, 103.2969, 103.2891, 103.2891, 103.2871, 103.2832, 103.2812,
        103.2734, 103.2734, 103.2734, 103.2695, 103.2695, 103.2695, 103.2617,
        103.2617, 103.2578, 103.2539, 103.2539, 103.2500, 103.2500, 103.2480,
        103.2480, 103.2461, 103.2402, 103.2363, 103.2363, 103.2363, 103.2344,
        103.2305, 103.2246, 103.2227, 103.2207, 103.2207, 103.2188, 103.2188,
        103.2188, 103.2188, 103.2168, 103.2148, 103.2129, 103.2109, 103.2090,
        103.2070, 103.2070, 103.2051, 103.2031, 103.2031, 103.2031, 103.2012,
        103.2012, 103.2012, 103.1992, 103.1973, 103.1973, 103.1973, 103.1953,
        103.1953, 103.1934, 103.1934, 103.1934, 103.1875, 103.1855, 103.1855,
        103.1758, 103.1738, 103.1699, 103.1641, 103.1562, 103.1367, 103.1348,
        103.1309, 103.1309, 103.1289, 103.1270, 103.1270, 103.1133, 103.1094,
        103.1055, 103.0977, 103.0957, 103.0918, 103.0820, 103.0645, 103.0391,
        103.0371, 103.0156, 102.9961, 102.9902, 102.9766, 102.9707, 102.9551,
        102.9375, 102.9043, 102.9023, 102.8965, 102.8906, 102.8750, 102.8008,
        102.7871, 102.7617, 102.7617, 102.7344, 102.7129, 102.6992, 102.6973,
        102.6621, 102.6543, 102.6445, 102.6191, 102.5703, 102.5469, 102.4648,
        102.4180, 102.3828, 102.3828, 102.3320, 102.3301, 102.3262, 102.3242,
        102.3164, 102.2812, 102.2773, 102.2715, 102.2676, 102.2617, 102.2363,
        102.2188, 102.2168, 102.2051, 102.1992, 102.1934, 102.1836, 102.1797,
        102.1426, 102.1387, 102.1230, 102.1113, 102.1113, 102.0996, 102.0977,
        102.0820, 102.0801, 102.0801, 102.0703, 102.0703, 102.0664, 102.0488,
        102.0332, 102.0312, 102.0254, 102.0215, 102.0176, 102.0176, 102.0176,
        102.0098, 102.0020, 101.9404, 101.9180, 101.9092, 101.9082, 101.9033,
        101.8838, 101.8525, 101.8506, 101.8418, 101.8398, 101.6592, 101.5869])
