[2024-10-10 18:07:21,711][root][INFO] - self.cfg: 
 lr: 0.0001
c_in: 6
zfar: 'Infinity'
debug: null
n_view: 1
run_id: 3wy8qqex
use_BN: true
exp_name: 2024-01-11-20-02-45
n_epochs: 62
save_dir: /home/bowenw/debug/2024-01-11-20-02-45/
use_mask: false
loss_type: pairwise_valid
optimizer: adam
batch_size: 64
crop_ratio: 1.1
enable_amp: true
use_normal: false
max_num_key: null
warmup_step: -1
input_resize:
- 160
- 160
max_step_val: 1000
vis_interval: 1000
weight_decay: 0
normalize_xyz: true
resume_run_id: null
clip_grad_norm: 'Infinity'
lr_epoch_decay: 500
render_backend: nvdiffrast
train_num_pair: 5
lr_decay_epochs:
- 50
n_epochs_warmup: 1
make_pair_online: false
gradient_max_norm: 'Infinity'
max_step_per_epoch: 10000
n_rendering_workers: 1
save_epoch_interval: 100
n_dataloader_workers: 100
split_objects_across_gpus: true
ckpt_dir: FoundationPose/learning/training/../../weights/2024-01-11-20-02-45/model_best.pth

[2024-10-10 18:07:21,711][root][INFO] - self.h5_file:None
[2024-10-10 18:07:21,873][root][INFO] - Using pretrained model from FoundationPose/learning/training/../../weights/2024-01-11-20-02-45/model_best.pth
[2024-10-10 18:07:21,930][root][INFO] - init done
[2024-10-10 18:07:21,930][root][INFO] - welcome
[2024-10-10 18:07:21,934][root][INFO] - self.cfg: 
 lr: 0.0001
c_in: 6
zfar: .inf
debug: null
w_rot: 0.1
n_view: 1
run_id: null
use_BN: true
rot_rep: axis_angle
ckpt_dir: FoundationPose/learning/training/../../weights/2023-10-28-18-33-37/model_best.pth
exp_name: 2023-10-28-18-33-37
save_dir: /tmp/2023-10-28-18-33-37/
loss_type: l2
optimizer: adam
trans_rep: tracknet
batch_size: 64
crop_ratio: 1.2
use_normal: false
BN_momentum: 0.1
max_num_key: null
warmup_step: -1
input_resize:
- 160
- 160
max_step_val: 1000
normal_uint8: false
vis_interval: 1000
weight_decay: 0
n_max_objects: null
normalize_xyz: true
clip_grad_norm: 'Infinity'
rot_normalizer: 0.3490658503988659
trans_normalizer:
- 0.019999999552965164
- 0.019999999552965164
- 0.05000000074505806
max_step_per_epoch: 25000
val_epoch_interval: 10
n_dataloader_workers: 60
enable_amp: true
use_mask: false

[2024-10-10 18:07:21,934][root][INFO] - self.h5_file:
[2024-10-10 18:07:21,983][root][INFO] - Using pretrained model from FoundationPose/learning/training/../../weights/2023-10-28-18-33-37/model_best.pth
[2024-10-10 18:07:22,004][root][INFO] - init done
[2024-10-10 18:07:24,163][root][INFO] - self.diameter:0.1689814690475985, vox_size:0.008449073452379925
[2024-10-10 18:07:24,178][root][INFO] - self.pts:torch.Size([674, 3])
[2024-10-10 18:07:25,146][root][INFO] - reset done
[2024-10-10 18:07:25,147][root][INFO] - cam_in_obs:(42, 4, 4)
[2024-10-10 18:07:25,148][root][INFO] - rot_grid:(252, 4, 4)
[2024-10-10 18:07:25,149][root][INFO] - after cluster, rot_grid:(252, 4, 4)
[2024-10-10 18:07:25,149][root][INFO] - self.rot_grid: torch.Size([252, 4, 4])
[2024-10-10 18:07:33,267][root][INFO] - Welcome
[2024-10-10 18:07:33,282][root][INFO] - poses:(252, 4, 4)
[2024-10-10 18:07:33,293][root][INFO] - after viewpoint, add_errs min:-1.0
[2024-10-10 18:07:33,345][root][INFO] - ob_in_cams:(252, 4, 4)
[2024-10-10 18:07:33,350][root][INFO] - self.cfg.use_normal:False
[2024-10-10 18:07:33,351][root][INFO] - trans_normalizer:[0.019999999552965164, 0.019999999552965164, 0.05000000074505806], rot_normalizer:0.3490658503988659
[2024-10-10 18:07:33,368][root][INFO] - making cropped data
[2024-10-10 18:07:33,368][root][INFO] - Welcome make_crop_data_batch
[2024-10-10 18:07:33,371][root][INFO] - make tf_to_crops done
[2024-10-10 18:07:33,401][root][INFO] - render done
[2024-10-10 18:07:33,406][root][INFO] - warp done
[2024-10-10 18:07:33,411][root][INFO] - pose batch data done
[2024-10-10 18:07:33,411][root][INFO] - forward start
[2024-10-10 18:07:33,528][root][INFO] - forward done
[2024-10-10 18:07:33,538][root][INFO] - making cropped data
[2024-10-10 18:07:33,539][root][INFO] - Welcome make_crop_data_batch
[2024-10-10 18:07:33,539][root][INFO] - make tf_to_crops done
[2024-10-10 18:07:33,561][root][INFO] - render done
[2024-10-10 18:07:33,565][root][INFO] - warp done
[2024-10-10 18:07:33,567][root][INFO] - pose batch data done
[2024-10-10 18:07:33,567][root][INFO] - forward start
[2024-10-10 18:07:33,569][root][INFO] - forward done
[2024-10-10 18:07:33,569][root][INFO] - making cropped data
[2024-10-10 18:07:33,569][root][INFO] - Welcome make_crop_data_batch
[2024-10-10 18:07:33,667][root][INFO] - make tf_to_crops done
[2024-10-10 18:07:33,689][root][INFO] - render done
[2024-10-10 18:07:33,693][root][INFO] - warp done
[2024-10-10 18:07:33,696][root][INFO] - pose batch data done
[2024-10-10 18:07:33,696][root][INFO] - forward start
[2024-10-10 18:07:33,697][root][INFO] - forward done
[2024-10-10 18:07:33,697][root][INFO] - making cropped data
[2024-10-10 18:07:33,697][root][INFO] - Welcome make_crop_data_batch
[2024-10-10 18:07:33,796][root][INFO] - make tf_to_crops done
[2024-10-10 18:07:33,819][root][INFO] - render done
[2024-10-10 18:07:33,822][root][INFO] - warp done
[2024-10-10 18:07:33,825][root][INFO] - pose batch data done
[2024-10-10 18:07:33,825][root][INFO] - forward start
[2024-10-10 18:07:33,827][root][INFO] - forward done
[2024-10-10 18:07:33,827][root][INFO] - making cropped data
[2024-10-10 18:07:33,827][root][INFO] - Welcome make_crop_data_batch
[2024-10-10 18:07:33,926][root][INFO] - make tf_to_crops done
[2024-10-10 18:07:33,948][root][INFO] - render done
[2024-10-10 18:07:33,952][root][INFO] - warp done
[2024-10-10 18:07:33,955][root][INFO] - pose batch data done
[2024-10-10 18:07:33,955][root][INFO] - forward start
[2024-10-10 18:07:33,956][root][INFO] - forward done
[2024-10-10 18:07:34,069][root][INFO] - ob_in_cams:(252, 4, 4)
[2024-10-10 18:07:34,070][root][INFO] - self.cfg.use_normal:False
[2024-10-10 18:07:34,070][root][INFO] - making cropped data
[2024-10-10 18:07:34,078][root][INFO] - Welcome make_crop_data_batch
[2024-10-10 18:07:34,079][root][INFO] - make tf_to_crops done
[2024-10-10 18:07:34,099][root][INFO] - render done
[2024-10-10 18:07:34,226][root][INFO] - pose batch data done
[2024-10-10 18:07:34,227][root][INFO] - pose_data.rgbAs.shape[0]: 252
[2024-10-10 18:07:34,322][root][INFO] - forward done
[2024-10-10 18:07:34,340][root][INFO] - final, add_errs min:-1.0
[2024-10-10 18:07:34,348][root][INFO] - sort ids:tensor([  1,   2,   7,   8,  32,  33,  56,  73,  74,  97,  98, 103, 104, 133,
        146, 169, 170, 187, 188, 243,  31, 145,  55,  99, 223, 134, 164, 194,
        242, 225,  38, 213, 122, 224, 117, 121, 199,  37, 116, 109, 238,  14,
        111,  63,  88, 217, 120,  18, 212,  29, 157, 152, 189,  78, 232, 150,
        229,  43, 106, 207, 234, 245,  19,  87, 181,  66, 118, 112,  13,  85,
        127, 149, 206,  16,  26,  54,  79,  25,  46, 168, 186, 105, 123, 151,
        231, 235,  36, 113, 115, 142, 249,  20,  34,  91,  92, 171, 176,  21,
         89,  93, 136, 158, 165, 193, 216,  17,  69, 128, 135, 137, 167, 220,
         15,  81, 119, 126, 172, 200, 209,   3,  23,  47,  50,  76,  80,  82,
         95, 102, 125, 205,   5,   6,  22,  39,  48,  68,  83, 101, 124, 138,
        143, 155, 183,   0,  10,  30,  45,  59,  71,  72,  94, 130, 174, 190,
        201, 219, 227, 230, 240, 241,   9,  35,  44,  57,  58,  96, 110, 114,
        131, 141, 144, 161, 179, 180, 182, 192, 198, 214, 222, 236,   4,  11,
         40,  41,  61,  62,  65,  67,  77,  90, 107, 139, 140, 156, 166, 173,
        184, 185, 191, 203, 211, 218, 237, 244, 247,  42,  49,  52,  64,  70,
         75, 100, 108, 129, 132, 147, 154, 160, 162, 163, 175, 195, 202, 208,
        210, 215, 248,  24,  27,  86, 148, 153, 159, 177, 178, 196, 221, 226,
        228, 246, 250, 251,  12,  28,  51,  53,  60,  84, 204, 233, 239, 197])
[2024-10-10 18:07:34,351][root][INFO] - sorted scores:tensor([56.6250, 56.6250, 56.6250, 56.6250, 56.6250, 56.6250, 56.6250, 56.6250,
        56.6250, 56.6250, 56.6250, 56.6250, 56.6250, 56.6250, 56.6250, 56.6250,
        56.6250, 56.6250, 56.6250, 56.6250, 56.5938, 56.5938, 56.5625, 56.5312,
        56.3750, 56.3125, 56.3125, 56.2812, 56.2812, 56.2500, 56.0625, 56.0625,
        55.9688, 55.9375, 55.9062, 55.9062, 55.8750, 55.8438, 55.8125, 55.7812,
        55.7812, 55.7188, 55.7188, 55.6562, 55.6562, 55.6562, 55.6250, 55.5625,
        55.5625, 55.5000, 55.5000, 55.4375, 55.4375, 55.3750, 55.3750, 55.3438,
        55.3438, 55.3125, 55.3125, 55.3125, 55.3125, 55.3125, 55.2812, 55.2812,
        55.2812, 55.2500, 55.2500, 55.2188, 55.1875, 55.1875, 55.1875, 55.1875,
        55.1875, 55.1562, 55.1562, 55.1562, 55.1562, 55.1250, 55.1250, 55.1250,
        55.1250, 55.0938, 55.0938, 55.0938, 55.0938, 55.0938, 55.0625, 55.0625,
        55.0625, 55.0625, 55.0625, 55.0312, 55.0312, 55.0312, 55.0312, 55.0312,
        55.0312, 55.0000, 55.0000, 55.0000, 55.0000, 55.0000, 55.0000, 55.0000,
        55.0000, 54.9688, 54.9688, 54.9688, 54.9688, 54.9688, 54.9688, 54.9688,
        54.9375, 54.9375, 54.9375, 54.9375, 54.9375, 54.9375, 54.9375, 54.9062,
        54.9062, 54.9062, 54.9062, 54.9062, 54.9062, 54.9062, 54.9062, 54.9062,
        54.9062, 54.9062, 54.8750, 54.8750, 54.8750, 54.8750, 54.8750, 54.8750,
        54.8750, 54.8750, 54.8750, 54.8750, 54.8750, 54.8750, 54.8750, 54.8438,
        54.8438, 54.8438, 54.8438, 54.8438, 54.8438, 54.8438, 54.8438, 54.8438,
        54.8438, 54.8438, 54.8438, 54.8438, 54.8438, 54.8438, 54.8438, 54.8438,
        54.8125, 54.8125, 54.8125, 54.8125, 54.8125, 54.8125, 54.8125, 54.8125,
        54.8125, 54.8125, 54.8125, 54.8125, 54.8125, 54.8125, 54.8125, 54.8125,
        54.8125, 54.8125, 54.8125, 54.8125, 54.7812, 54.7812, 54.7812, 54.7812,
        54.7812, 54.7812, 54.7812, 54.7812, 54.7812, 54.7812, 54.7812, 54.7812,
        54.7812, 54.7812, 54.7812, 54.7812, 54.7812, 54.7812, 54.7812, 54.7812,
        54.7812, 54.7812, 54.7812, 54.7812, 54.7812, 54.7500, 54.7500, 54.7500,
        54.7500, 54.7500, 54.7500, 54.7500, 54.7500, 54.7500, 54.7500, 54.7500,
        54.7500, 54.7500, 54.7500, 54.7500, 54.7500, 54.7500, 54.7500, 54.7500,
        54.7500, 54.7500, 54.7500, 54.7188, 54.7188, 54.7188, 54.7188, 54.7188,
        54.7188, 54.7188, 54.7188, 54.7188, 54.7188, 54.7188, 54.7188, 54.7188,
        54.7188, 54.7188, 54.6875, 54.6875, 54.6875, 54.6875, 54.6875, 54.6875,
        54.6875, 54.6562, 54.6562, 54.6250])
[2024-10-10 18:07:37,071][websockets.server][INFO] - server listening on 0.0.0.0:8080
[2024-10-10 18:07:39,790][websockets.server][INFO] - connection open
[2024-10-10 18:07:41,767][root][INFO] - Succeeded to open port: /dev/ttyUSB0
[2024-10-10 18:07:41,768][root][INFO] - Succeeded to set baudrate to 3000000
