[2024-09-21 20:14:45,660][root][INFO] - self.cfg: 
 lr: 0.0001
c_in: 6
zfar: 'Infinity'
debug: null
n_view: 1
run_id: 3wy8qqex
use_BN: true
exp_name: 2024-01-11-20-02-45
n_epochs: 62
save_dir: /home/bowenw/debug/2024-01-11-20-02-45/
use_mask: false
loss_type: pairwise_valid
optimizer: adam
batch_size: 64
crop_ratio: 1.1
enable_amp: true
use_normal: false
max_num_key: null
warmup_step: -1
input_resize:
- 160
- 160
max_step_val: 1000
vis_interval: 1000
weight_decay: 0
normalize_xyz: true
resume_run_id: null
clip_grad_norm: 'Infinity'
lr_epoch_decay: 500
render_backend: nvdiffrast
train_num_pair: 5
lr_decay_epochs:
- 50
n_epochs_warmup: 1
make_pair_online: false
gradient_max_norm: 'Infinity'
max_step_per_epoch: 10000
n_rendering_workers: 1
save_epoch_interval: 100
n_dataloader_workers: 100
split_objects_across_gpus: true
ckpt_dir: FoundationPose/learning/training/../../weights/2024-01-11-20-02-45/model_best.pth

[2024-09-21 20:14:45,660][root][INFO] - self.h5_file:None
[2024-09-21 20:14:45,832][root][INFO] - Using pretrained model from FoundationPose/learning/training/../../weights/2024-01-11-20-02-45/model_best.pth
[2024-09-21 20:14:45,896][root][INFO] - init done
[2024-09-21 20:14:45,896][root][INFO] - welcome
[2024-09-21 20:14:45,899][root][INFO] - self.cfg: 
 lr: 0.0001
c_in: 6
zfar: .inf
debug: null
w_rot: 0.1
n_view: 1
run_id: null
use_BN: true
rot_rep: axis_angle
ckpt_dir: FoundationPose/learning/training/../../weights/2023-10-28-18-33-37/model_best.pth
exp_name: 2023-10-28-18-33-37
save_dir: /tmp/2023-10-28-18-33-37/
loss_type: l2
optimizer: adam
trans_rep: tracknet
batch_size: 64
crop_ratio: 1.2
use_normal: false
BN_momentum: 0.1
max_num_key: null
warmup_step: -1
input_resize:
- 160
- 160
max_step_val: 1000
normal_uint8: false
vis_interval: 1000
weight_decay: 0
n_max_objects: null
normalize_xyz: true
clip_grad_norm: 'Infinity'
rot_normalizer: 0.3490658503988659
trans_normalizer:
- 0.019999999552965164
- 0.019999999552965164
- 0.05000000074505806
max_step_per_epoch: 25000
val_epoch_interval: 10
n_dataloader_workers: 60
enable_amp: true
use_mask: false

[2024-09-21 20:14:45,899][root][INFO] - self.h5_file:
[2024-09-21 20:14:45,946][root][INFO] - Using pretrained model from FoundationPose/learning/training/../../weights/2023-10-28-18-33-37/model_best.pth
[2024-09-21 20:14:45,970][root][INFO] - init done
[2024-09-21 20:14:48,228][root][INFO] - self.diameter:0.19210766823619535, vox_size:0.009605383411809767
[2024-09-21 20:14:48,244][root][INFO] - self.pts:torch.Size([572, 3])
[2024-09-21 20:14:49,032][root][INFO] - reset done
[2024-09-21 20:14:49,032][root][INFO] - cam_in_obs:(42, 4, 4)
[2024-09-21 20:14:49,044][root][INFO] - rot_grid:(252, 4, 4)
[2024-09-21 20:14:49,045][root][INFO] - after cluster, rot_grid:(252, 4, 4)
[2024-09-21 20:14:49,045][root][INFO] - self.rot_grid: torch.Size([252, 4, 4])
[2024-09-21 20:15:39,708][root][INFO] - Welcome
[2024-09-21 20:15:39,746][root][INFO] - poses:(252, 4, 4)
[2024-09-21 20:15:39,755][root][INFO] - after viewpoint, add_errs min:-1.0
[2024-09-21 20:15:39,818][root][INFO] - ob_in_cams:(252, 4, 4)
[2024-09-21 20:15:39,818][root][INFO] - self.cfg.use_normal:False
[2024-09-21 20:15:39,818][root][INFO] - trans_normalizer:[0.019999999552965164, 0.019999999552965164, 0.05000000074505806], rot_normalizer:0.3490658503988659
[2024-09-21 20:15:39,825][root][INFO] - making cropped data
[2024-09-21 20:15:39,825][root][INFO] - Welcome make_crop_data_batch
[2024-09-21 20:15:39,829][root][INFO] - make tf_to_crops done
[2024-09-21 20:15:39,861][root][INFO] - render done
[2024-09-21 20:15:39,867][root][INFO] - warp done
[2024-09-21 20:15:39,872][root][INFO] - pose batch data done
[2024-09-21 20:15:39,872][root][INFO] - forward start
[2024-09-21 20:15:39,991][root][INFO] - forward done
[2024-09-21 20:15:40,002][root][INFO] - making cropped data
[2024-09-21 20:15:40,002][root][INFO] - Welcome make_crop_data_batch
[2024-09-21 20:15:40,003][root][INFO] - make tf_to_crops done
[2024-09-21 20:15:40,025][root][INFO] - render done
[2024-09-21 20:15:40,029][root][INFO] - warp done
[2024-09-21 20:15:40,032][root][INFO] - pose batch data done
[2024-09-21 20:15:40,032][root][INFO] - forward start
[2024-09-21 20:15:40,034][root][INFO] - forward done
[2024-09-21 20:15:40,034][root][INFO] - making cropped data
[2024-09-21 20:15:40,034][root][INFO] - Welcome make_crop_data_batch
[2024-09-21 20:15:40,131][root][INFO] - make tf_to_crops done
[2024-09-21 20:15:40,152][root][INFO] - render done
[2024-09-21 20:15:40,156][root][INFO] - warp done
[2024-09-21 20:15:40,159][root][INFO] - pose batch data done
[2024-09-21 20:15:40,159][root][INFO] - forward start
[2024-09-21 20:15:40,160][root][INFO] - forward done
[2024-09-21 20:15:40,160][root][INFO] - making cropped data
[2024-09-21 20:15:40,161][root][INFO] - Welcome make_crop_data_batch
[2024-09-21 20:15:40,258][root][INFO] - make tf_to_crops done
[2024-09-21 20:15:40,280][root][INFO] - render done
[2024-09-21 20:15:40,283][root][INFO] - warp done
[2024-09-21 20:15:40,286][root][INFO] - pose batch data done
[2024-09-21 20:15:40,286][root][INFO] - forward start
[2024-09-21 20:15:40,288][root][INFO] - forward done
[2024-09-21 20:15:40,288][root][INFO] - making cropped data
[2024-09-21 20:15:40,288][root][INFO] - Welcome make_crop_data_batch
[2024-09-21 20:15:40,385][root][INFO] - make tf_to_crops done
[2024-09-21 20:15:40,407][root][INFO] - render done
[2024-09-21 20:15:40,411][root][INFO] - warp done
[2024-09-21 20:15:40,413][root][INFO] - pose batch data done
[2024-09-21 20:15:40,413][root][INFO] - forward start
[2024-09-21 20:15:40,415][root][INFO] - forward done
[2024-09-21 20:15:40,528][root][INFO] - ob_in_cams:(252, 4, 4)
[2024-09-21 20:15:40,528][root][INFO] - self.cfg.use_normal:False
[2024-09-21 20:15:40,528][root][INFO] - making cropped data
[2024-09-21 20:15:40,536][root][INFO] - Welcome make_crop_data_batch
[2024-09-21 20:15:40,537][root][INFO] - make tf_to_crops done
[2024-09-21 20:15:40,556][root][INFO] - render done
[2024-09-21 20:15:40,682][root][INFO] - pose batch data done
[2024-09-21 20:15:40,682][root][INFO] - pose_data.rgbAs.shape[0]: 252
[2024-09-21 20:15:40,781][root][INFO] - forward done
[2024-09-21 20:15:40,798][root][INFO] - final, add_errs min:-1.0
[2024-09-21 20:15:40,808][root][INFO] - sort ids:tensor([ 72, 169,   7,  42,  43,  73, 102, 133, 164, 126, 132, 163,   0,   6,
        103, 145, 138,  50,  97, 130, 245,   4, 129,   9,  33,  34,  76, 105,
        202, 226, 244,   3,  75,  99, 100,  78,  84,  12,  79, 115, 120, 204,
        211,  15,  18,  21,  27,  36,  37,  81,  82,  94, 114, 141, 161, 184,
         13,  22,  28,  87,  93, 123, 178, 185, 205, 108, 156, 218, 136, 117,
        135, 158, 221,  80,  83,   5,  14,  32,  41,  47,  86,  96, 111, 125,
        235,  62,  71,  98, 104, 131, 137, 220, 236,  23,  26,  74, 124, 187,
        191, 212,  85,  91, 118, 119, 229,  46,  77, 160, 154, 203,   8,  59,
        239, 162, 188, 230,  92, 170,  70, 155,  58,  67, 189, 173, 246, 250,
         49,  57, 195, 207, 225, 152, 174, 196, 232, 238, 247,  52,  55,  63,
         64, 127, 157, 190, 193, 199, 223,  48,  60,  61, 177, 249,  17,  51,
         54, 180, 213, 217, 240,  66, 146, 208, 210, 144, 172, 248,  35,  90,
        106, 151, 165, 192, 197, 222, 110, 147, 251, 116, 128, 183, 198, 206,
         19, 113, 142, 153, 175, 186, 227, 233,   1,  25,  29,  56,  69,  88,
        237,  10,  39,  44, 107, 139, 150, 243,  38,  95, 140, 143, 159, 168,
        200, 216, 122,  65, 134, 148, 201, 231,  16, 228,  89, 121,  30, 171,
        179, 219, 234,  53, 194, 209,  20,  31, 176, 224,  24,  40, 101, 166,
         68, 109, 182,   2, 112, 181, 214, 241,  11, 167, 215,  45, 149, 242])
[2024-09-21 20:15:40,811][root][INFO] - sorted scores:tensor([68.3438, 68.3438, 68.3125, 68.3125, 68.3125, 68.2969, 68.2969, 68.2969,
        68.2969, 68.2812, 68.2812, 68.2812, 68.2656, 68.2656, 68.2656, 68.2656,
        68.2500, 68.2344, 68.1406, 68.0938, 68.0625, 68.0469, 68.0469, 68.0312,
        68.0312, 68.0312, 68.0312, 68.0312, 68.0312, 68.0312, 68.0312, 68.0156,
        68.0156, 68.0156, 68.0156, 68.0000, 68.0000, 67.9688, 67.9688, 67.9688,
        67.9688, 67.9688, 67.9688, 67.9375, 67.9375, 67.9375, 67.9375, 67.9375,
        67.9375, 67.9375, 67.9375, 67.9375, 67.9375, 67.9375, 67.9375, 67.9375,
        67.9062, 67.9062, 67.9062, 67.9062, 67.9062, 67.9062, 67.9062, 67.9062,
        67.9062, 67.8438, 67.7812, 67.7500, 67.6875, 67.6250, 67.6250, 67.6250,
        67.6250, 67.5625, 67.5625, 67.5312, 67.5312, 67.5312, 67.5312, 67.5312,
        67.5312, 67.5312, 67.5312, 67.5312, 67.5312, 67.5000, 67.5000, 67.5000,
        67.5000, 67.5000, 67.5000, 67.5000, 67.5000, 67.4688, 67.4688, 67.4688,
        67.4688, 67.4688, 67.4688, 67.4688, 67.4375, 67.4375, 67.4375, 67.4375,
        67.4375, 67.4062, 67.4062, 67.4062, 67.3750, 67.3750, 67.3438, 67.3438,
        67.3438, 67.3125, 67.3125, 67.3125, 67.2812, 67.2812, 67.2188, 67.2188,
        67.1875, 67.1875, 67.1875, 67.1562, 67.1562, 67.1562, 67.1250, 67.1250,
        67.1250, 67.1250, 67.1250, 67.0938, 67.0938, 67.0938, 67.0938, 67.0938,
        67.0938, 67.0625, 67.0625, 67.0625, 67.0625, 67.0625, 67.0625, 67.0625,
        67.0625, 67.0625, 67.0625, 67.0312, 67.0312, 67.0312, 67.0312, 67.0312,
        67.0000, 67.0000, 67.0000, 67.0000, 67.0000, 67.0000, 67.0000, 66.9688,
        66.9688, 66.9688, 66.9688, 66.9375, 66.9375, 66.9375, 66.9062, 66.9062,
        66.9062, 66.9062, 66.9062, 66.9062, 66.9062, 66.9062, 66.8750, 66.8750,
        66.8750, 66.8438, 66.8438, 66.8438, 66.8438, 66.8438, 66.8125, 66.8125,
        66.8125, 66.8125, 66.8125, 66.8125, 66.8125, 66.8125, 66.7812, 66.7812,
        66.7812, 66.7812, 66.7812, 66.7812, 66.7812, 66.7500, 66.7500, 66.7500,
        66.7500, 66.7500, 66.7500, 66.7500, 66.7188, 66.7188, 66.7188, 66.7188,
        66.7188, 66.7188, 66.7188, 66.7188, 66.6875, 66.6562, 66.6562, 66.6562,
        66.6562, 66.6562, 66.6250, 66.6250, 66.5938, 66.5938, 66.5625, 66.5625,
        66.5625, 66.5625, 66.5625, 66.5312, 66.5312, 66.5312, 66.4688, 66.4688,
        66.4688, 66.4688, 66.4375, 66.4375, 66.4375, 66.4062, 66.3750, 66.3750,
        66.3750, 66.3438, 66.3438, 66.3438, 66.3438, 66.3438, 66.3125, 66.3125,
        66.3125, 66.2812, 66.2812, 66.2812])
[2024-09-21 20:15:52,110][websockets.server][INFO] - server listening on 0.0.0.0:8080
[2024-09-21 20:15:52,318][websockets.server][INFO] - connection open
[2024-09-21 20:15:54,311][root][INFO] - Succeeded to open port: /dev/ttyUSB0
[2024-09-21 20:15:54,311][root][INFO] - Succeeded to set baudrate to 3000000
[2024-09-21 20:15:54,346][root][ERROR] - > read: [TxRxResult] There is no status packet!
[2024-09-21 20:15:54,382][root][ERROR] - > read: [TxRxResult] There is no status packet!
[2024-09-21 20:15:54,423][root][ERROR] - > write_byte: [Motor ID: 0] [TxRxResult] There is no status packet!
[2024-09-21 20:15:54,458][root][ERROR] - > write_byte: [Motor ID: 1] [TxRxResult] There is no status packet!
[2024-09-21 20:15:54,492][root][ERROR] - > write_byte: [Motor ID: 2] [TxRxResult] There is no status packet!
[2024-09-21 20:15:54,526][root][ERROR] - > write_byte: [Motor ID: 3] [TxRxResult] There is no status packet!
[2024-09-21 20:15:54,561][root][ERROR] - > write_byte: [Motor ID: 4] [TxRxResult] There is no status packet!
[2024-09-21 20:15:54,595][root][ERROR] - > write_byte: [Motor ID: 5] [TxRxResult] There is no status packet!
[2024-09-21 20:15:54,629][root][ERROR] - > write_byte: [Motor ID: 6] [TxRxResult] There is no status packet!
[2024-09-21 20:15:54,663][root][ERROR] - > write_byte: [Motor ID: 7] [TxRxResult] There is no status packet!
[2024-09-21 20:15:54,697][root][ERROR] - > write_byte: [Motor ID: 8] [TxRxResult] There is no status packet!
[2024-09-21 20:15:54,732][root][ERROR] - > write_byte: [Motor ID: 9] [TxRxResult] There is no status packet!
[2024-09-21 20:15:54,766][root][ERROR] - > write_byte: [Motor ID: 10] [TxRxResult] There is no status packet!
[2024-09-21 20:15:54,800][root][ERROR] - > write_byte: [Motor ID: 11] [TxRxResult] There is no status packet!
[2024-09-21 20:15:54,834][root][ERROR] - > write_byte: [Motor ID: 12] [TxRxResult] There is no status packet!
[2024-09-21 20:15:54,868][root][ERROR] - > write_byte: [Motor ID: 13] [TxRxResult] There is no status packet!
[2024-09-21 20:15:54,902][root][ERROR] - > write_byte: [Motor ID: 14] [TxRxResult] There is no status packet!
[2024-09-21 20:15:54,936][root][ERROR] - > write_byte: [Motor ID: 15] [TxRxResult] There is no status packet!
[2024-09-21 20:15:54,936][root][ERROR] - Could not set torque enabled for IDs: [0, 1, 2, 3, 4, 5, 6, 7, 8, 9, 10, 11, 12, 13, 14, 15]
[2024-09-21 20:15:55,221][root][ERROR] - > write_byte: [Motor ID: 0] [TxRxResult] There is no status packet!
[2024-09-21 20:15:55,255][root][ERROR] - > write_byte: [Motor ID: 1] [TxRxResult] There is no status packet!
[2024-09-21 20:15:55,289][root][ERROR] - > write_byte: [Motor ID: 2] [TxRxResult] There is no status packet!
[2024-09-21 20:15:55,324][root][ERROR] - > write_byte: [Motor ID: 3] [TxRxResult] There is no status packet!
[2024-09-21 20:15:55,358][root][ERROR] - > write_byte: [Motor ID: 4] [TxRxResult] There is no status packet!
[2024-09-21 20:15:55,392][root][ERROR] - > write_byte: [Motor ID: 5] [TxRxResult] There is no status packet!
[2024-09-21 20:15:55,426][root][ERROR] - > write_byte: [Motor ID: 6] [TxRxResult] There is no status packet!
[2024-09-21 20:15:55,460][root][ERROR] - > write_byte: [Motor ID: 7] [TxRxResult] There is no status packet!
[2024-09-21 20:15:55,494][root][ERROR] - > write_byte: [Motor ID: 8] [TxRxResult] There is no status packet!
[2024-09-21 20:15:55,528][root][ERROR] - > write_byte: [Motor ID: 9] [TxRxResult] There is no status packet!
[2024-09-21 20:15:55,562][root][ERROR] - > write_byte: [Motor ID: 10] [TxRxResult] There is no status packet!
[2024-09-21 20:15:55,596][root][ERROR] - > write_byte: [Motor ID: 11] [TxRxResult] There is no status packet!
[2024-09-21 20:15:55,631][root][ERROR] - > write_byte: [Motor ID: 12] [TxRxResult] There is no status packet!
[2024-09-21 20:15:55,665][root][ERROR] - > write_byte: [Motor ID: 13] [TxRxResult] There is no status packet!
[2024-09-21 20:15:55,699][root][ERROR] - > write_byte: [Motor ID: 14] [TxRxResult] There is no status packet!
[2024-09-21 20:15:55,733][root][ERROR] - > write_byte: [Motor ID: 15] [TxRxResult] There is no status packet!
[2024-09-21 20:15:55,733][root][ERROR] - Could not set torque enabled for IDs: [0, 1, 2, 3, 4, 5, 6, 7, 8, 9, 10, 11, 12, 13, 14, 15]
[2024-09-21 20:15:56,018][root][ERROR] - > write_byte: [Motor ID: 0] [TxRxResult] There is no status packet!
[2024-09-21 20:15:56,052][root][ERROR] - > write_byte: [Motor ID: 1] [TxRxResult] There is no status packet!
[2024-09-21 20:15:56,087][root][ERROR] - > write_byte: [Motor ID: 2] [TxRxResult] There is no status packet!
[2024-09-21 20:15:56,121][root][ERROR] - > write_byte: [Motor ID: 3] [TxRxResult] There is no status packet!
[2024-09-21 20:15:56,155][root][ERROR] - > write_byte: [Motor ID: 4] [TxRxResult] There is no status packet!
[2024-09-21 20:15:56,189][root][ERROR] - > write_byte: [Motor ID: 5] [TxRxResult] There is no status packet!
[2024-09-21 20:15:56,223][root][ERROR] - > write_byte: [Motor ID: 6] [TxRxResult] There is no status packet!
[2024-09-21 20:15:56,257][root][ERROR] - > write_byte: [Motor ID: 7] [TxRxResult] There is no status packet!
[2024-09-21 20:15:56,291][root][ERROR] - > write_byte: [Motor ID: 8] [TxRxResult] There is no status packet!
[2024-09-21 20:15:56,325][root][ERROR] - > write_byte: [Motor ID: 9] [TxRxResult] There is no status packet!
[2024-09-21 20:15:56,360][root][ERROR] - > write_byte: [Motor ID: 10] [TxRxResult] There is no status packet!
[2024-09-21 20:15:56,394][root][ERROR] - > write_byte: [Motor ID: 11] [TxRxResult] There is no status packet!
[2024-09-21 20:15:56,428][root][ERROR] - > write_byte: [Motor ID: 12] [TxRxResult] There is no status packet!
[2024-09-21 20:15:56,462][root][ERROR] - > write_byte: [Motor ID: 13] [TxRxResult] There is no status packet!
[2024-09-21 20:15:56,496][root][ERROR] - > write_byte: [Motor ID: 14] [TxRxResult] There is no status packet!
[2024-09-21 20:15:56,530][root][ERROR] - > write_byte: [Motor ID: 15] [TxRxResult] There is no status packet!
[2024-09-21 20:15:56,530][root][ERROR] - Could not set torque enabled for IDs: [0, 1, 2, 3, 4, 5, 6, 7, 8, 9, 10, 11, 12, 13, 14, 15]
[2024-09-21 20:15:56,815][root][ERROR] - > write_byte: [Motor ID: 0] [TxRxResult] There is no status packet!
[2024-09-21 20:15:56,849][root][ERROR] - > write_byte: [Motor ID: 1] [TxRxResult] There is no status packet!
[2024-09-21 20:15:56,883][root][ERROR] - > write_byte: [Motor ID: 2] [TxRxResult] There is no status packet!
[2024-09-21 20:15:56,918][root][ERROR] - > write_byte: [Motor ID: 3] [TxRxResult] There is no status packet!
[2024-09-21 20:15:56,952][root][ERROR] - > write_byte: [Motor ID: 4] [TxRxResult] There is no status packet!
[2024-09-21 20:15:56,986][root][ERROR] - > write_byte: [Motor ID: 5] [TxRxResult] There is no status packet!
[2024-09-21 20:15:57,020][root][ERROR] - > write_byte: [Motor ID: 6] [TxRxResult] There is no status packet!
[2024-09-21 20:15:57,054][root][ERROR] - > write_byte: [Motor ID: 7] [TxRxResult] There is no status packet!
[2024-09-21 20:15:57,089][root][ERROR] - > write_byte: [Motor ID: 8] [TxRxResult] There is no status packet!
[2024-09-21 20:15:57,123][root][ERROR] - > write_byte: [Motor ID: 9] [TxRxResult] There is no status packet!
[2024-09-21 20:15:57,157][root][ERROR] - > write_byte: [Motor ID: 10] [TxRxResult] There is no status packet!
[2024-09-21 20:15:57,191][root][ERROR] - > write_byte: [Motor ID: 11] [TxRxResult] There is no status packet!
[2024-09-21 20:15:57,225][root][ERROR] - > write_byte: [Motor ID: 12] [TxRxResult] There is no status packet!
[2024-09-21 20:15:57,259][root][ERROR] - > write_byte: [Motor ID: 13] [TxRxResult] There is no status packet!
[2024-09-21 20:15:57,294][root][ERROR] - > write_byte: [Motor ID: 14] [TxRxResult] There is no status packet!
[2024-09-21 20:15:57,328][root][ERROR] - > write_byte: [Motor ID: 15] [TxRxResult] There is no status packet!
[2024-09-21 20:15:57,328][root][ERROR] - Could not set torque enabled for IDs: [0, 1, 2, 3, 4, 5, 6, 7, 8, 9, 10, 11, 12, 13, 14, 15]
[2024-09-21 20:15:57,612][root][ERROR] - > write_byte: [Motor ID: 0] [TxRxResult] There is no status packet!
[2024-09-21 20:15:57,647][root][ERROR] - > write_byte: [Motor ID: 1] [TxRxResult] There is no status packet!
[2024-09-21 20:15:57,681][root][ERROR] - > write_byte: [Motor ID: 2] [TxRxResult] There is no status packet!
[2024-09-21 20:15:57,715][root][ERROR] - > write_byte: [Motor ID: 3] [TxRxResult] There is no status packet!
[2024-09-21 20:15:57,750][root][ERROR] - > write_byte: [Motor ID: 4] [TxRxResult] Incorrect status packet!
[2024-09-21 20:15:57,784][root][ERROR] - > write_byte: [Motor ID: 5] [TxRxResult] There is no status packet!
[2024-09-21 20:15:57,818][root][ERROR] - > write_byte: [Motor ID: 6] [TxRxResult] There is no status packet!
[2024-09-21 20:15:57,852][root][ERROR] - > write_byte: [Motor ID: 7] [TxRxResult] There is no status packet!
[2024-09-21 20:15:57,887][root][ERROR] - > write_byte: [Motor ID: 8] [TxRxResult] There is no status packet!
[2024-09-21 20:15:57,921][root][ERROR] - > write_byte: [Motor ID: 9] [TxRxResult] There is no status packet!
[2024-09-21 20:15:57,955][root][ERROR] - > write_byte: [Motor ID: 10] [TxRxResult] There is no status packet!
[2024-09-21 20:15:57,989][root][ERROR] - > write_byte: [Motor ID: 11] [TxRxResult] There is no status packet!
[2024-09-21 20:15:58,023][root][ERROR] - > write_byte: [Motor ID: 12] [TxRxResult] There is no status packet!
[2024-09-21 20:15:58,058][root][ERROR] - > write_byte: [Motor ID: 13] [TxRxResult] There is no status packet!
[2024-09-21 20:15:58,092][root][ERROR] - > write_byte: [Motor ID: 14] [TxRxResult] There is no status packet!
[2024-09-21 20:15:58,126][root][ERROR] - > write_byte: [Motor ID: 15] [TxRxResult] There is no status packet!
[2024-09-21 20:15:58,126][root][ERROR] - Could not set torque enabled for IDs: [0, 1, 2, 3, 4, 5, 6, 7, 8, 9, 10, 11, 12, 13, 14, 15]
[2024-09-21 20:15:58,411][root][ERROR] - > write_byte: [Motor ID: 0] [TxRxResult] There is no status packet!
[2024-09-21 20:15:58,445][root][ERROR] - > write_byte: [Motor ID: 1] [TxRxResult] There is no status packet!
[2024-09-21 20:15:58,479][root][ERROR] - > write_byte: [Motor ID: 2] [TxRxResult] There is no status packet!
[2024-09-21 20:15:58,513][root][ERROR] - > write_byte: [Motor ID: 3] [TxRxResult] There is no status packet!
[2024-09-21 20:15:58,548][root][ERROR] - > write_byte: [Motor ID: 4] [TxRxResult] There is no status packet!
[2024-09-21 20:15:58,582][root][ERROR] - > write_byte: [Motor ID: 5] [TxRxResult] There is no status packet!
[2024-09-21 20:15:58,616][root][ERROR] - > write_byte: [Motor ID: 6] [TxRxResult] There is no status packet!
[2024-09-21 20:15:58,650][root][ERROR] - > write_byte: [Motor ID: 7] [TxRxResult] There is no status packet!
[2024-09-21 20:15:58,684][root][ERROR] - > write_byte: [Motor ID: 8] [TxRxResult] There is no status packet!
[2024-09-21 20:15:58,718][root][ERROR] - > write_byte: [Motor ID: 9] [TxRxResult] There is no status packet!
[2024-09-21 20:15:58,752][root][ERROR] - > write_byte: [Motor ID: 10] [TxRxResult] There is no status packet!
[2024-09-21 20:15:58,786][root][ERROR] - > write_byte: [Motor ID: 11] [TxRxResult] There is no status packet!
[2024-09-21 20:15:58,820][root][ERROR] - > write_byte: [Motor ID: 12] [TxRxResult] There is no status packet!
[2024-09-21 20:15:58,855][root][ERROR] - > write_byte: [Motor ID: 13] [TxRxResult] There is no status packet!
[2024-09-21 20:15:58,885][root][ERROR] - Could not set torque enabled for IDs: [0, 1, 2, 3, 4, 5, 6, 7, 8, 9, 10, 11, 12, 13]
[2024-09-21 20:15:59,729][root][ERROR] - > read: [TxRxResult] There is no status packet!
[2024-09-21 20:15:59,764][root][ERROR] - > read: [TxRxResult] There is no status packet!
[2024-09-21 20:15:59,805][root][ERROR] - > read: [TxRxResult] There is no status packet!
[2024-09-21 20:15:59,840][root][ERROR] - > read: [TxRxResult] There is no status packet!
[2024-09-21 20:15:59,880][root][ERROR] - > read: [TxRxResult] There is no status packet!
[2024-09-21 20:15:59,916][root][ERROR] - > read: [TxRxResult] There is no status packet!
[2024-09-21 20:15:59,960][root][ERROR] - > read: [TxRxResult] There is no status packet!
[2024-09-21 20:15:59,996][root][ERROR] - > read: [TxRxResult] There is no status packet!
[2024-09-21 20:16:00,036][root][ERROR] - > read: [TxRxResult] There is no status packet!
