[2024-09-20 15:39:52,291][root][INFO] - self.cfg: 
 lr: 0.0001
c_in: 6
zfar: 'Infinity'
debug: null
n_view: 1
run_id: 3wy8qqex
use_BN: true
exp_name: 2024-01-11-20-02-45
n_epochs: 62
save_dir: /home/bowenw/debug/2024-01-11-20-02-45/
use_mask: false
loss_type: pairwise_valid
optimizer: adam
batch_size: 64
crop_ratio: 1.1
enable_amp: true
use_normal: false
max_num_key: null
warmup_step: -1
input_resize:
- 160
- 160
max_step_val: 1000
vis_interval: 1000
weight_decay: 0
normalize_xyz: true
resume_run_id: null
clip_grad_norm: 'Infinity'
lr_epoch_decay: 500
render_backend: nvdiffrast
train_num_pair: 5
lr_decay_epochs:
- 50
n_epochs_warmup: 1
make_pair_online: false
gradient_max_norm: 'Infinity'
max_step_per_epoch: 10000
n_rendering_workers: 1
save_epoch_interval: 100
n_dataloader_workers: 100
split_objects_across_gpus: true
ckpt_dir: FoundationPose/learning/training/../../weights/2024-01-11-20-02-45/model_best.pth

[2024-09-20 15:39:52,291][root][INFO] - self.h5_file:None
[2024-09-20 15:39:52,495][root][INFO] - Using pretrained model from FoundationPose/learning/training/../../weights/2024-01-11-20-02-45/model_best.pth
[2024-09-20 15:39:52,554][root][INFO] - init done
[2024-09-20 15:39:52,554][root][INFO] - welcome
[2024-09-20 15:39:52,558][root][INFO] - self.cfg: 
 lr: 0.0001
c_in: 6
zfar: .inf
debug: null
w_rot: 0.1
n_view: 1
run_id: null
use_BN: true
rot_rep: axis_angle
ckpt_dir: FoundationPose/learning/training/../../weights/2023-10-28-18-33-37/model_best.pth
exp_name: 2023-10-28-18-33-37
save_dir: /tmp/2023-10-28-18-33-37/
loss_type: l2
optimizer: adam
trans_rep: tracknet
batch_size: 64
crop_ratio: 1.2
use_normal: false
BN_momentum: 0.1
max_num_key: null
warmup_step: -1
input_resize:
- 160
- 160
max_step_val: 1000
normal_uint8: false
vis_interval: 1000
weight_decay: 0
n_max_objects: null
normalize_xyz: true
clip_grad_norm: 'Infinity'
rot_normalizer: 0.3490658503988659
trans_normalizer:
- 0.019999999552965164
- 0.019999999552965164
- 0.05000000074505806
max_step_per_epoch: 25000
val_epoch_interval: 10
n_dataloader_workers: 60
enable_amp: true
use_mask: false

[2024-09-20 15:39:52,558][root][INFO] - self.h5_file:
[2024-09-20 15:39:52,609][root][INFO] - Using pretrained model from FoundationPose/learning/training/../../weights/2023-10-28-18-33-37/model_best.pth
[2024-09-20 15:39:52,629][root][INFO] - init done
[2024-09-20 15:39:54,831][root][INFO] - self.diameter:0.16865042784184936, vox_size:0.008432521392092468
[2024-09-20 15:39:54,845][root][INFO] - self.pts:torch.Size([680, 3])
[2024-09-20 15:39:55,837][root][INFO] - reset done
[2024-09-20 15:39:55,858][root][INFO] - cam_in_obs:(42, 4, 4)
[2024-09-20 15:39:55,859][root][INFO] - rot_grid:(252, 4, 4)
[2024-09-20 15:39:55,860][root][INFO] - after cluster, rot_grid:(252, 4, 4)
[2024-09-20 15:39:55,861][root][INFO] - self.rot_grid: torch.Size([252, 4, 4])
[2024-09-20 15:40:04,035][root][INFO] - Welcome
[2024-09-20 15:40:04,051][root][INFO] - poses:(252, 4, 4)
[2024-09-20 15:40:04,061][root][INFO] - after viewpoint, add_errs min:-1.0
[2024-09-20 15:40:04,093][root][INFO] - ob_in_cams:(252, 4, 4)
[2024-09-20 15:40:04,093][root][INFO] - self.cfg.use_normal:False
[2024-09-20 15:40:04,094][root][INFO] - trans_normalizer:[0.019999999552965164, 0.019999999552965164, 0.05000000074505806], rot_normalizer:0.3490658503988659
[2024-09-20 15:40:04,127][root][INFO] - making cropped data
[2024-09-20 15:40:04,127][root][INFO] - Welcome make_crop_data_batch
[2024-09-20 15:40:04,131][root][INFO] - make tf_to_crops done
[2024-09-20 15:40:04,165][root][INFO] - render done
[2024-09-20 15:40:04,173][root][INFO] - warp done
[2024-09-20 15:40:04,178][root][INFO] - pose batch data done
[2024-09-20 15:40:04,178][root][INFO] - forward start
[2024-09-20 15:40:04,302][root][INFO] - forward done
[2024-09-20 15:40:04,315][root][INFO] - making cropped data
[2024-09-20 15:40:04,315][root][INFO] - Welcome make_crop_data_batch
[2024-09-20 15:40:04,315][root][INFO] - make tf_to_crops done
[2024-09-20 15:40:04,341][root][INFO] - render done
[2024-09-20 15:40:04,345][root][INFO] - warp done
[2024-09-20 15:40:04,348][root][INFO] - pose batch data done
[2024-09-20 15:40:04,348][root][INFO] - forward start
[2024-09-20 15:40:04,349][root][INFO] - forward done
[2024-09-20 15:40:04,349][root][INFO] - making cropped data
[2024-09-20 15:40:04,349][root][INFO] - Welcome make_crop_data_batch
[2024-09-20 15:40:04,460][root][INFO] - make tf_to_crops done
[2024-09-20 15:40:04,483][root][INFO] - render done
[2024-09-20 15:40:04,489][root][INFO] - warp done
[2024-09-20 15:40:04,491][root][INFO] - pose batch data done
[2024-09-20 15:40:04,491][root][INFO] - forward start
[2024-09-20 15:40:04,493][root][INFO] - forward done
[2024-09-20 15:40:04,493][root][INFO] - making cropped data
[2024-09-20 15:40:04,493][root][INFO] - Welcome make_crop_data_batch
[2024-09-20 15:40:04,602][root][INFO] - make tf_to_crops done
[2024-09-20 15:40:04,626][root][INFO] - render done
[2024-09-20 15:40:04,630][root][INFO] - warp done
[2024-09-20 15:40:04,633][root][INFO] - pose batch data done
[2024-09-20 15:40:04,633][root][INFO] - forward start
[2024-09-20 15:40:04,635][root][INFO] - forward done
[2024-09-20 15:40:04,635][root][INFO] - making cropped data
[2024-09-20 15:40:04,635][root][INFO] - Welcome make_crop_data_batch
[2024-09-20 15:40:04,745][root][INFO] - make tf_to_crops done
[2024-09-20 15:40:04,769][root][INFO] - render done
[2024-09-20 15:40:04,774][root][INFO] - warp done
[2024-09-20 15:40:04,777][root][INFO] - pose batch data done
[2024-09-20 15:40:04,777][root][INFO] - forward start
[2024-09-20 15:40:04,778][root][INFO] - forward done
[2024-09-20 15:40:04,904][root][INFO] - ob_in_cams:(252, 4, 4)
[2024-09-20 15:40:04,905][root][INFO] - self.cfg.use_normal:False
[2024-09-20 15:40:04,905][root][INFO] - making cropped data
[2024-09-20 15:40:04,912][root][INFO] - Welcome make_crop_data_batch
[2024-09-20 15:40:04,913][root][INFO] - make tf_to_crops done
[2024-09-20 15:40:04,935][root][INFO] - render done
[2024-09-20 15:40:05,078][root][INFO] - pose batch data done
[2024-09-20 15:40:05,078][root][INFO] - pose_data.rgbAs.shape[0]: 252
[2024-09-20 15:40:05,185][root][INFO] - forward done
[2024-09-20 15:40:05,203][root][INFO] - final, add_errs min:-1.0
[2024-09-20 15:40:05,213][root][INFO] - sort ids:tensor([ 76, 126,  96, 106,  34,  35,  72,  77, 107, 137, 251,   0,   5,  11,
         71, 101, 131, 132, 203, 227, 245, 221,  47,   6, 222, 240, 190, 173,
         66, 115, 125, 112, 154, 178, 124, 180, 116,  82, 168, 140, 246, 165,
         13,  41, 179, 181, 206,  55,  80,  14,  22,  73, 155,  54,  88,  70,
         94, 103, 193,  32,   7, 111, 187, 145, 228, 217, 160, 169,  20,  51,
         31, 150, 201, 185, 149, 192,  63,  86, 114, 147, 164,  79, 175, 211,
        234,  21, 119,  42,  85,  92, 118, 205,  18, 162, 235, 102,  60,  62,
        144,  25,  37, 156, 188, 225,  44, 249, 159, 204,  28,  52, 199, 237,
        250,  12, 186,  23, 215, 219, 229,  24,  36,  59, 104, 166, 230, 248,
         10, 202, 210,  46,  83,  84,  91, 130, 141, 146, 197, 212, 213,  16,
         45,  48,  98, 113, 133, 136, 148, 161, 172, 194, 207, 242,  81,  95,
        143, 231,   1,   8,  40,  64,  69,  97, 100, 108, 110, 128, 167, 174,
        183, 196, 216, 223, 233, 243,   3,  15,  26,  33,  43,  50,  56,  61,
         74,  89,  99, 105, 127, 134, 139, 152, 170, 177, 220, 239, 247,   9,
         27,  39,  57,  65,  67,  68,  75,  87,  93, 117, 121, 135, 138, 151,
        157, 158, 171, 182, 191, 208, 214, 236, 241,   2,  29,  49,  53, 120,
        123, 142, 163, 184, 189, 195, 198, 200, 209, 218, 224, 244,   4,  17,
         30,  38,  58,  78, 109, 129, 153, 226, 232, 238,  19,  90, 122, 176])
[2024-09-20 15:40:05,216][root][INFO] - sorted scores:tensor([69.7812, 69.7656, 69.7500, 69.7500, 69.7344, 69.7344, 69.7344, 69.7344,
        69.7344, 69.7344, 69.7344, 69.7188, 69.7188, 69.7188, 69.7188, 69.7188,
        69.7188, 69.7188, 69.7188, 69.7188, 69.7188, 69.7031, 69.6719, 69.6406,
        69.2969, 69.2969, 69.1875, 69.1562, 69.1094, 69.0156, 69.0156, 68.9844,
        68.9219, 68.8906, 68.8594, 68.8281, 68.7812, 68.7656, 68.7500, 68.7188,
        68.7188, 68.7031, 68.6875, 68.6719, 68.6719, 68.6719, 68.6719, 68.6562,
        68.6562, 68.6250, 68.6250, 68.6250, 68.6094, 68.5938, 68.5625, 68.5469,
        68.5312, 68.5312, 68.5312, 68.5156, 68.5000, 68.5000, 68.5000, 68.4844,
        68.4688, 68.4531, 68.4375, 68.4062, 68.3906, 68.3594, 68.3281, 68.3281,
        68.3281, 68.3125, 68.2969, 68.2969, 68.2812, 68.2812, 68.2812, 68.2812,
        68.2812, 68.2656, 68.2656, 68.2656, 68.2656, 68.2500, 68.2500, 68.2188,
        68.2188, 68.2188, 68.2188, 68.2188, 68.1875, 68.1875, 68.1875, 68.1719,
        68.1562, 68.1562, 68.1562, 68.1406, 68.1406, 68.1250, 68.1250, 68.1250,
        68.1094, 68.1094, 68.0938, 68.0938, 68.0781, 68.0781, 68.0781, 68.0781,
        68.0781, 68.0625, 68.0625, 68.0469, 68.0469, 68.0469, 68.0469, 68.0312,
        68.0312, 68.0312, 68.0312, 68.0312, 68.0312, 68.0312, 68.0156, 68.0156,
        68.0156, 68.0000, 68.0000, 68.0000, 68.0000, 68.0000, 68.0000, 68.0000,
        68.0000, 68.0000, 68.0000, 67.9688, 67.9688, 67.9688, 67.9688, 67.9688,
        67.9688, 67.9688, 67.9688, 67.9688, 67.9688, 67.9688, 67.9688, 67.9688,
        67.9375, 67.9375, 67.9375, 67.9375, 67.9062, 67.9062, 67.9062, 67.9062,
        67.9062, 67.9062, 67.9062, 67.9062, 67.9062, 67.9062, 67.9062, 67.9062,
        67.9062, 67.9062, 67.9062, 67.9062, 67.9062, 67.9062, 67.8750, 67.8750,
        67.8750, 67.8750, 67.8750, 67.8750, 67.8750, 67.8750, 67.8750, 67.8750,
        67.8750, 67.8750, 67.8750, 67.8750, 67.8750, 67.8750, 67.8750, 67.8750,
        67.8750, 67.8750, 67.8750, 67.8438, 67.8438, 67.8438, 67.8438, 67.8438,
        67.8438, 67.8438, 67.8438, 67.8438, 67.8438, 67.8438, 67.8438, 67.8438,
        67.8438, 67.8438, 67.8438, 67.8438, 67.8438, 67.8438, 67.8438, 67.8438,
        67.8438, 67.8438, 67.8438, 67.8125, 67.8125, 67.8125, 67.8125, 67.8125,
        67.8125, 67.8125, 67.8125, 67.8125, 67.8125, 67.8125, 67.8125, 67.8125,
        67.8125, 67.8125, 67.8125, 67.8125, 67.7812, 67.7812, 67.7812, 67.7812,
        67.7812, 67.7812, 67.7812, 67.7812, 67.7812, 67.7812, 67.7812, 67.7812,
        67.7500, 67.7500, 67.7500, 67.7500])
[2024-09-20 15:40:17,272][websockets.server][INFO] - server listening on 0.0.0.0:8080
[2024-09-20 15:40:18,789][websockets.server][INFO] - connection open
[2024-09-20 15:40:21,318][websockets.server][INFO] - connection open
