[2024-10-10 18:09:12,371][root][INFO] - self.cfg: 
 lr: 0.0001
c_in: 6
zfar: 'Infinity'
debug: null
n_view: 1
run_id: 3wy8qqex
use_BN: true
exp_name: 2024-01-11-20-02-45
n_epochs: 62
save_dir: /home/bowenw/debug/2024-01-11-20-02-45/
use_mask: false
loss_type: pairwise_valid
optimizer: adam
batch_size: 64
crop_ratio: 1.1
enable_amp: true
use_normal: false
max_num_key: null
warmup_step: -1
input_resize:
- 160
- 160
max_step_val: 1000
vis_interval: 1000
weight_decay: 0
normalize_xyz: true
resume_run_id: null
clip_grad_norm: 'Infinity'
lr_epoch_decay: 500
render_backend: nvdiffrast
train_num_pair: 5
lr_decay_epochs:
- 50
n_epochs_warmup: 1
make_pair_online: false
gradient_max_norm: 'Infinity'
max_step_per_epoch: 10000
n_rendering_workers: 1
save_epoch_interval: 100
n_dataloader_workers: 100
split_objects_across_gpus: true
ckpt_dir: FoundationPose/learning/training/../../weights/2024-01-11-20-02-45/model_best.pth

[2024-10-10 18:09:12,371][root][INFO] - self.h5_file:None
[2024-10-10 18:09:12,538][root][INFO] - Using pretrained model from FoundationPose/learning/training/../../weights/2024-01-11-20-02-45/model_best.pth
[2024-10-10 18:09:12,600][root][INFO] - init done
[2024-10-10 18:09:12,600][root][INFO] - welcome
[2024-10-10 18:09:12,603][root][INFO] - self.cfg: 
 lr: 0.0001
c_in: 6
zfar: .inf
debug: null
w_rot: 0.1
n_view: 1
run_id: null
use_BN: true
rot_rep: axis_angle
ckpt_dir: FoundationPose/learning/training/../../weights/2023-10-28-18-33-37/model_best.pth
exp_name: 2023-10-28-18-33-37
save_dir: /tmp/2023-10-28-18-33-37/
loss_type: l2
optimizer: adam
trans_rep: tracknet
batch_size: 64
crop_ratio: 1.2
use_normal: false
BN_momentum: 0.1
max_num_key: null
warmup_step: -1
input_resize:
- 160
- 160
max_step_val: 1000
normal_uint8: false
vis_interval: 1000
weight_decay: 0
n_max_objects: null
normalize_xyz: true
clip_grad_norm: 'Infinity'
rot_normalizer: 0.3490658503988659
trans_normalizer:
- 0.019999999552965164
- 0.019999999552965164
- 0.05000000074505806
max_step_per_epoch: 25000
val_epoch_interval: 10
n_dataloader_workers: 60
enable_amp: true
use_mask: false

[2024-10-10 18:09:12,603][root][INFO] - self.h5_file:
[2024-10-10 18:09:12,654][root][INFO] - Using pretrained model from FoundationPose/learning/training/../../weights/2023-10-28-18-33-37/model_best.pth
[2024-10-10 18:09:12,673][root][INFO] - init done
[2024-10-10 18:09:14,847][root][INFO] - self.diameter:0.16911805808118208, vox_size:0.008455902904059103
[2024-10-10 18:09:14,862][root][INFO] - self.pts:torch.Size([675, 3])
[2024-10-10 18:09:15,835][root][INFO] - reset done
[2024-10-10 18:09:15,836][root][INFO] - cam_in_obs:(42, 4, 4)
[2024-10-10 18:09:15,844][root][INFO] - rot_grid:(252, 4, 4)
[2024-10-10 18:09:15,845][root][INFO] - after cluster, rot_grid:(252, 4, 4)
[2024-10-10 18:09:15,846][root][INFO] - self.rot_grid: torch.Size([252, 4, 4])
[2024-10-10 18:09:24,482][root][INFO] - Welcome
[2024-10-10 18:09:24,497][root][INFO] - poses:(252, 4, 4)
[2024-10-10 18:09:24,507][root][INFO] - after viewpoint, add_errs min:-1.0
[2024-10-10 18:09:24,542][root][INFO] - ob_in_cams:(252, 4, 4)
[2024-10-10 18:09:24,542][root][INFO] - self.cfg.use_normal:False
[2024-10-10 18:09:24,542][root][INFO] - trans_normalizer:[0.019999999552965164, 0.019999999552965164, 0.05000000074505806], rot_normalizer:0.3490658503988659
[2024-10-10 18:09:24,579][root][INFO] - making cropped data
[2024-10-10 18:09:24,579][root][INFO] - Welcome make_crop_data_batch
[2024-10-10 18:09:24,582][root][INFO] - make tf_to_crops done
[2024-10-10 18:09:24,612][root][INFO] - render done
[2024-10-10 18:09:24,618][root][INFO] - warp done
[2024-10-10 18:09:24,623][root][INFO] - pose batch data done
[2024-10-10 18:09:24,623][root][INFO] - forward start
[2024-10-10 18:09:24,739][root][INFO] - forward done
[2024-10-10 18:09:24,750][root][INFO] - making cropped data
[2024-10-10 18:09:24,750][root][INFO] - Welcome make_crop_data_batch
[2024-10-10 18:09:24,751][root][INFO] - make tf_to_crops done
[2024-10-10 18:09:24,773][root][INFO] - render done
[2024-10-10 18:09:24,777][root][INFO] - warp done
[2024-10-10 18:09:24,780][root][INFO] - pose batch data done
[2024-10-10 18:09:24,780][root][INFO] - forward start
[2024-10-10 18:09:24,781][root][INFO] - forward done
[2024-10-10 18:09:24,781][root][INFO] - making cropped data
[2024-10-10 18:09:24,781][root][INFO] - Welcome make_crop_data_batch
[2024-10-10 18:09:24,879][root][INFO] - make tf_to_crops done
[2024-10-10 18:09:24,902][root][INFO] - render done
[2024-10-10 18:09:24,906][root][INFO] - warp done
[2024-10-10 18:09:24,908][root][INFO] - pose batch data done
[2024-10-10 18:09:24,908][root][INFO] - forward start
[2024-10-10 18:09:24,910][root][INFO] - forward done
[2024-10-10 18:09:24,910][root][INFO] - making cropped data
[2024-10-10 18:09:24,910][root][INFO] - Welcome make_crop_data_batch
[2024-10-10 18:09:25,009][root][INFO] - make tf_to_crops done
[2024-10-10 18:09:25,031][root][INFO] - render done
[2024-10-10 18:09:25,035][root][INFO] - warp done
[2024-10-10 18:09:25,038][root][INFO] - pose batch data done
[2024-10-10 18:09:25,038][root][INFO] - forward start
[2024-10-10 18:09:25,039][root][INFO] - forward done
[2024-10-10 18:09:25,039][root][INFO] - making cropped data
[2024-10-10 18:09:25,039][root][INFO] - Welcome make_crop_data_batch
[2024-10-10 18:09:25,139][root][INFO] - make tf_to_crops done
[2024-10-10 18:09:25,160][root][INFO] - render done
[2024-10-10 18:09:25,164][root][INFO] - warp done
[2024-10-10 18:09:25,167][root][INFO] - pose batch data done
[2024-10-10 18:09:25,167][root][INFO] - forward start
[2024-10-10 18:09:25,168][root][INFO] - forward done
[2024-10-10 18:09:25,282][root][INFO] - ob_in_cams:(252, 4, 4)
[2024-10-10 18:09:25,282][root][INFO] - self.cfg.use_normal:False
[2024-10-10 18:09:25,282][root][INFO] - making cropped data
[2024-10-10 18:09:25,289][root][INFO] - Welcome make_crop_data_batch
[2024-10-10 18:09:25,289][root][INFO] - make tf_to_crops done
[2024-10-10 18:09:25,309][root][INFO] - render done
[2024-10-10 18:09:25,437][root][INFO] - pose batch data done
[2024-10-10 18:09:25,437][root][INFO] - pose_data.rgbAs.shape[0]: 252
[2024-10-10 18:09:25,533][root][INFO] - forward done
[2024-10-10 18:09:25,551][root][INFO] - final, add_errs min:-1.0
[2024-10-10 18:09:25,559][root][INFO] - sort ids:tensor([134,   2,  32,  33, 111, 189,   3,   8,  74,  75,  98, 104, 105, 170,
        188, 225, 243, 244,   9,  99, 171, 181, 146, 112, 110, 128, 187, 106,
         39, 122, 123,  38, 117,  63, 213, 152, 224, 158, 231,  15,  20, 215,
         70,  56, 159, 207,  90, 208,  88, 103,  40,  34,  46,  50,  55, 169,
        165, 147, 214, 249,  68,  69, 138, 176,  76, 135,  21,  25, 144, 154,
         82, 226, 236,  80, 118, 230,   0,  26,  65, 237,  16, 131, 178, 198,
         72, 133, 142, 157, 182,  22, 121, 217, 221,   6,  94, 126, 145,   4,
        100, 113, 129, 132, 139, 203, 219,  10, 124, 227,  54, 136, 148, 183,
        192, 222, 247,  29,  43, 130, 164, 218,  47,  71, 101, 180, 201, 202,
          5,  49, 163, 168, 172, 174, 245,  64, 114, 140, 209, 212, 233,  27,
         51,  61,  81,  87, 120, 162, 166, 184, 194, 211, 235,  28,  36,  45,
         93, 141, 153, 161, 216,  37,  42, 127, 155, 156, 167, 206, 234,  41,
         53,  58,  67,  96, 107, 173, 220, 239, 248,  11,  17,  30,  48,  62,
         89, 116, 119, 125, 137, 175, 177, 186, 191, 199, 240, 251,  19,  35,
         57,  60,  77,  78,  86, 143, 149, 200,  24,  66,  92, 102, 115, 150,
        210, 223, 238,   7,  12,  14,  83,  95,  97, 108, 160, 196, 241, 242,
          1,  18,  23,  31,  52, 179, 193, 204, 205,  73,  79, 109, 195, 232,
         44,  84, 151, 185,  91, 197, 229, 246, 190, 228, 250,  13,  59,  85])
[2024-10-10 18:09:25,563][root][INFO] - sorted scores:tensor([72.0156, 72.0000, 71.9844, 71.9844, 71.9844, 71.9844, 71.9688, 71.9688,
        71.9688, 71.9688, 71.9688, 71.9688, 71.9688, 71.9688, 71.9688, 71.9688,
        71.9688, 71.9688, 71.9531, 71.9531, 71.9531, 71.8906, 71.6875, 71.6250,
        71.5938, 71.5938, 71.5781, 71.4375, 71.2812, 71.2656, 71.2500, 71.2344,
        71.2344, 71.1875, 71.1875, 71.1250, 71.0625, 71.0000, 71.0000, 70.9844,
        70.9531, 70.9375, 70.9219, 70.8438, 70.8438, 70.8438, 70.8281, 70.7969,
        70.7656, 70.7344, 70.7031, 70.6875, 70.6875, 70.6875, 70.6875, 70.6875,
        70.6719, 70.6406, 70.6406, 70.6406, 70.6250, 70.6250, 70.6250, 70.6250,
        70.6094, 70.5938, 70.5781, 70.5781, 70.5625, 70.5625, 70.5469, 70.5469,
        70.5469, 70.5312, 70.5312, 70.5312, 70.5156, 70.5156, 70.5156, 70.5156,
        70.5000, 70.5000, 70.5000, 70.5000, 70.4844, 70.4844, 70.4844, 70.4844,
        70.4844, 70.4688, 70.4688, 70.4688, 70.4688, 70.4531, 70.4531, 70.4531,
        70.4531, 70.4375, 70.4375, 70.4375, 70.4375, 70.4375, 70.4375, 70.4375,
        70.4375, 70.4219, 70.4219, 70.4219, 70.4062, 70.4062, 70.4062, 70.4062,
        70.4062, 70.4062, 70.4062, 70.3906, 70.3750, 70.3750, 70.3750, 70.3750,
        70.3594, 70.3594, 70.3594, 70.3594, 70.3594, 70.3594, 70.3438, 70.3438,
        70.3438, 70.3438, 70.3438, 70.3438, 70.3438, 70.3281, 70.3281, 70.3281,
        70.3281, 70.3281, 70.3281, 70.3125, 70.3125, 70.3125, 70.3125, 70.3125,
        70.3125, 70.3125, 70.3125, 70.3125, 70.3125, 70.3125, 70.3125, 70.2969,
        70.2969, 70.2969, 70.2969, 70.2969, 70.2969, 70.2969, 70.2969, 70.2812,
        70.2812, 70.2812, 70.2812, 70.2812, 70.2812, 70.2812, 70.2812, 70.2656,
        70.2656, 70.2656, 70.2656, 70.2656, 70.2656, 70.2656, 70.2656, 70.2656,
        70.2656, 70.2500, 70.2500, 70.2500, 70.2500, 70.2500, 70.2500, 70.2500,
        70.2500, 70.2500, 70.2500, 70.2500, 70.2500, 70.2500, 70.2500, 70.2500,
        70.2500, 70.2500, 70.2344, 70.2344, 70.2344, 70.2344, 70.2344, 70.2344,
        70.2344, 70.2344, 70.2344, 70.2344, 70.2188, 70.2188, 70.2188, 70.2188,
        70.2188, 70.2188, 70.2188, 70.2188, 70.2188, 70.2031, 70.2031, 70.2031,
        70.2031, 70.2031, 70.2031, 70.2031, 70.2031, 70.2031, 70.2031, 70.2031,
        70.1875, 70.1875, 70.1875, 70.1875, 70.1875, 70.1875, 70.1875, 70.1875,
        70.1875, 70.1719, 70.1719, 70.1719, 70.1719, 70.1719, 70.1562, 70.1562,
        70.1562, 70.1562, 70.1406, 70.1406, 70.1406, 70.1406, 70.1250, 70.1250,
        70.1094, 70.0938, 70.0938, 70.0938])
[2024-10-10 18:09:27,850][websockets.server][INFO] - server listening on 0.0.0.0:8080
[2024-10-10 18:09:29,713][websockets.server][INFO] - connection open
[2024-10-10 18:09:31,646][root][INFO] - Succeeded to open port: /dev/ttyUSB0
[2024-10-10 18:09:31,647][root][INFO] - Succeeded to set baudrate to 3000000
