[2024-10-11 10:36:09,835][websockets.server][INFO] - server listening on 0.0.0.0:8080
[2024-10-11 10:36:09,928][websockets.server][INFO] - connection open
[2024-10-11 10:36:10,040][root][INFO] - self.cfg: 
 lr: 0.0001
c_in: 6
zfar: 'Infinity'
debug: null
n_view: 1
run_id: 3wy8qqex
use_BN: true
exp_name: 2024-01-11-20-02-45
n_epochs: 62
save_dir: /home/bowenw/debug/2024-01-11-20-02-45/
use_mask: false
loss_type: pairwise_valid
optimizer: adam
batch_size: 64
crop_ratio: 1.1
enable_amp: true
use_normal: false
max_num_key: null
warmup_step: -1
input_resize:
- 160
- 160
max_step_val: 1000
vis_interval: 1000
weight_decay: 0
normalize_xyz: true
resume_run_id: null
clip_grad_norm: 'Infinity'
lr_epoch_decay: 500
render_backend: nvdiffrast
train_num_pair: 5
lr_decay_epochs:
- 50
n_epochs_warmup: 1
make_pair_online: false
gradient_max_norm: 'Infinity'
max_step_per_epoch: 10000
n_rendering_workers: 1
save_epoch_interval: 100
n_dataloader_workers: 100
split_objects_across_gpus: true
ckpt_dir: FoundationPose/learning/training/../../weights/2024-01-11-20-02-45/model_best.pth

[2024-10-11 10:36:10,040][root][INFO] - self.h5_file:None
[2024-10-11 10:36:10,211][root][INFO] - Using pretrained model from FoundationPose/learning/training/../../weights/2024-01-11-20-02-45/model_best.pth
[2024-10-11 10:36:10,270][root][INFO] - init done
[2024-10-11 10:36:10,270][root][INFO] - welcome
[2024-10-11 10:36:10,274][root][INFO] - self.cfg: 
 lr: 0.0001
c_in: 6
zfar: .inf
debug: null
w_rot: 0.1
n_view: 1
run_id: null
use_BN: true
rot_rep: axis_angle
ckpt_dir: FoundationPose/learning/training/../../weights/2023-10-28-18-33-37/model_best.pth
exp_name: 2023-10-28-18-33-37
save_dir: /tmp/2023-10-28-18-33-37/
loss_type: l2
optimizer: adam
trans_rep: tracknet
batch_size: 64
crop_ratio: 1.2
use_normal: false
BN_momentum: 0.1
max_num_key: null
warmup_step: -1
input_resize:
- 160
- 160
max_step_val: 1000
normal_uint8: false
vis_interval: 1000
weight_decay: 0
n_max_objects: null
normalize_xyz: true
clip_grad_norm: 'Infinity'
rot_normalizer: 0.3490658503988659
trans_normalizer:
- 0.019999999552965164
- 0.019999999552965164
- 0.05000000074505806
max_step_per_epoch: 25000
val_epoch_interval: 10
n_dataloader_workers: 60
enable_amp: true
use_mask: false

[2024-10-11 10:36:10,274][root][INFO] - self.h5_file:
[2024-10-11 10:36:10,336][root][INFO] - Using pretrained model from FoundationPose/learning/training/../../weights/2023-10-28-18-33-37/model_best.pth
[2024-10-11 10:36:10,359][root][INFO] - init done
[2024-10-11 10:36:12,554][root][INFO] - self.diameter:0.15118380157922512, vox_size:0.007559190078961256
[2024-10-11 10:36:12,569][root][INFO] - self.pts:torch.Size([684, 3])
[2024-10-11 10:36:13,507][root][INFO] - reset done
[2024-10-11 10:36:13,508][root][INFO] - cam_in_obs:(42, 4, 4)
[2024-10-11 10:36:13,510][root][INFO] - rot_grid:(252, 4, 4)
[2024-10-11 10:36:13,511][root][INFO] - after cluster, rot_grid:(252, 4, 4)
[2024-10-11 10:36:13,511][root][INFO] - self.rot_grid: torch.Size([252, 4, 4])
[2024-10-11 10:36:20,979][root][INFO] - Welcome
[2024-10-11 10:36:20,994][root][INFO] - poses:(252, 4, 4)
[2024-10-11 10:36:21,006][root][INFO] - after viewpoint, add_errs min:-1.0
[2024-10-11 10:36:21,040][root][INFO] - ob_in_cams:(252, 4, 4)
[2024-10-11 10:36:21,041][root][INFO] - self.cfg.use_normal:False
[2024-10-11 10:36:21,041][root][INFO] - trans_normalizer:[0.019999999552965164, 0.019999999552965164, 0.05000000074505806], rot_normalizer:0.3490658503988659
[2024-10-11 10:36:21,082][root][INFO] - making cropped data
[2024-10-11 10:36:21,082][root][INFO] - Welcome make_crop_data_batch
[2024-10-11 10:36:21,085][root][INFO] - make tf_to_crops done
[2024-10-11 10:36:21,112][root][INFO] - render done
[2024-10-11 10:36:21,117][root][INFO] - warp done
[2024-10-11 10:36:21,122][root][INFO] - pose batch data done
[2024-10-11 10:36:21,122][root][INFO] - forward start
[2024-10-11 10:36:21,241][root][INFO] - forward done
[2024-10-11 10:36:21,252][root][INFO] - making cropped data
[2024-10-11 10:36:21,253][root][INFO] - Welcome make_crop_data_batch
[2024-10-11 10:36:21,253][root][INFO] - make tf_to_crops done
[2024-10-11 10:36:21,272][root][INFO] - render done
[2024-10-11 10:36:21,277][root][INFO] - warp done
[2024-10-11 10:36:21,279][root][INFO] - pose batch data done
[2024-10-11 10:36:21,279][root][INFO] - forward start
[2024-10-11 10:36:21,281][root][INFO] - forward done
[2024-10-11 10:36:21,281][root][INFO] - making cropped data
[2024-10-11 10:36:21,281][root][INFO] - Welcome make_crop_data_batch
[2024-10-11 10:36:21,381][root][INFO] - make tf_to_crops done
[2024-10-11 10:36:21,400][root][INFO] - render done
[2024-10-11 10:36:21,403][root][INFO] - warp done
[2024-10-11 10:36:21,406][root][INFO] - pose batch data done
[2024-10-11 10:36:21,406][root][INFO] - forward start
[2024-10-11 10:36:21,407][root][INFO] - forward done
[2024-10-11 10:36:21,407][root][INFO] - making cropped data
[2024-10-11 10:36:21,407][root][INFO] - Welcome make_crop_data_batch
[2024-10-11 10:36:21,508][root][INFO] - make tf_to_crops done
[2024-10-11 10:36:21,527][root][INFO] - render done
[2024-10-11 10:36:21,531][root][INFO] - warp done
[2024-10-11 10:36:21,533][root][INFO] - pose batch data done
[2024-10-11 10:36:21,533][root][INFO] - forward start
[2024-10-11 10:36:21,535][root][INFO] - forward done
[2024-10-11 10:36:21,535][root][INFO] - making cropped data
[2024-10-11 10:36:21,535][root][INFO] - Welcome make_crop_data_batch
[2024-10-11 10:36:21,634][root][INFO] - make tf_to_crops done
[2024-10-11 10:36:21,652][root][INFO] - render done
[2024-10-11 10:36:21,655][root][INFO] - warp done
[2024-10-11 10:36:21,658][root][INFO] - pose batch data done
[2024-10-11 10:36:21,658][root][INFO] - forward start
[2024-10-11 10:36:21,660][root][INFO] - forward done
[2024-10-11 10:36:21,776][root][INFO] - ob_in_cams:(252, 4, 4)
[2024-10-11 10:36:21,776][root][INFO] - self.cfg.use_normal:False
[2024-10-11 10:36:21,776][root][INFO] - making cropped data
[2024-10-11 10:36:21,786][root][INFO] - Welcome make_crop_data_batch
[2024-10-11 10:36:21,786][root][INFO] - make tf_to_crops done
[2024-10-11 10:36:21,804][root][INFO] - render done
[2024-10-11 10:36:21,934][root][INFO] - pose batch data done
[2024-10-11 10:36:21,934][root][INFO] - pose_data.rgbAs.shape[0]: 252
[2024-10-11 10:36:22,032][root][INFO] - forward done
[2024-10-11 10:36:22,049][root][INFO] - final, add_errs min:-1.0
[2024-10-11 10:36:22,059][root][INFO] - sort ids:tensor([  7,  32, 103, 133, 170,   8,  55,  73, 134, 145, 146, 104, 164, 169,
        187,  43,  74, 193,  50, 127, 188,   2, 128,  31,  97,  98,   1,  44,
        217, 224, 242, 110, 163, 143, 226, 199, 131, 202, 109,   4,  47,   5,
         56, 100, 101, 194, 227, 130, 245,  76,  11, 106, 107, 214, 229,  65,
         67, 190, 233,  35,  77, 137, 248, 200, 205, 136, 172, 211,  61, 149,
        176,  24, 167, 215, 221, 230,  46, 152, 247,  10,  34,  71, 208, 181,
        220,  19,  62,  14,  89,  91, 115, 251,  13,  45,  17, 209, 241,  20,
         29,  88, 122, 151, 223, 236, 244, 175, 232,  16,  36,  49,  85,  86,
         92,  40,  79, 121, 182, 235,  80,  25, 203, 116, 156, 218,  26,  68,
         70, 158, 179, 206, 238,  27,  37, 118, 138, 191, 207, 239, 140, 240,
        119, 157,  41,  59, 212,  42, 184, 250,  64,  38,  58, 125, 141, 185,
         22,  52, 155, 173,  33, 154, 162, 178, 196,  53, 161, 189,  23,  28,
         94, 148,  63, 160, 197,  82, 111,  83,  95, 213, 124, 166,  39,  30,
        210, 139, 117, 159,  81, 165, 135,  51, 171, 183, 204,  60, 112, 249,
        231, 237, 180,  15, 219, 147, 216, 113, 177, 123, 142, 243, 201, 222,
         57, 198,   0,  66, 192, 234,  93, 153, 186, 195,  54, 174,   9, 150,
        228,  21, 168,  48, 246,  18,  12,  90,  96,   6, 102, 225,   3, 108,
        126, 129,  72,  84,  78, 144, 120, 114,  75,  69, 105, 132,  87,  99])
[2024-10-11 10:36:22,062][root][INFO] - sorted scores:tensor([111.7656, 111.7656, 111.7656, 111.7656, 111.7656, 111.7578, 111.7578,
        111.7578, 111.7578, 111.7578, 111.7578, 111.7500, 111.7500, 111.7500,
        111.7500, 111.7266, 111.7031, 111.6953, 111.6875, 111.6875, 111.6875,
        111.6250, 111.6250, 111.6172, 111.6172, 111.6172, 111.6094, 111.6094,
        111.6094, 111.6094, 111.5938, 111.5703, 111.4453, 111.4219, 111.4219,
        111.4141, 111.3906, 111.3828, 111.3672, 111.3594, 111.3594, 111.3516,
        111.3516, 111.3516, 111.3516, 111.3438, 111.3438, 111.3359, 111.3359,
        111.3281, 111.3203, 111.3203, 111.3203, 111.3203, 111.3047, 111.2969,
        111.2969, 111.2969, 111.2969, 111.2891, 111.2891, 111.2891, 111.2891,
        111.2812, 111.2812, 111.2734, 111.2734, 111.2734, 111.2656, 111.2656,
        111.2656, 111.2578, 111.2578, 111.2578, 111.2578, 111.2578, 111.2500,
        111.2500, 111.2500, 111.2422, 111.2422, 111.2344, 111.2344, 111.2266,
        111.2188, 111.2109, 111.2109, 111.2031, 111.2031, 111.2031, 111.2031,
        111.2031, 111.1953, 111.1875, 111.1797, 111.1797, 111.1797, 111.1719,
        111.1719, 111.1719, 111.1719, 111.1719, 111.1719, 111.1719, 111.1719,
        111.1641, 111.1641, 111.1562, 111.1562, 111.1562, 111.1562, 111.1562,
        111.1562, 111.1484, 111.1484, 111.1484, 111.1484, 111.1484, 111.1406,
        111.1328, 111.1328, 111.1250, 111.1250, 111.1250, 111.1172, 111.1094,
        111.1094, 111.1016, 111.1016, 111.0938, 111.0938, 111.0859, 111.0859,
        111.0859, 111.0859, 111.0859, 111.0859, 111.0859, 111.0781, 111.0781,
        111.0625, 111.0625, 111.0547, 111.0547, 111.0547, 111.0469, 111.0469,
        111.0469, 111.0391, 111.0312, 111.0234, 111.0234, 111.0234, 111.0078,
        111.0000, 111.0000, 111.0000, 110.9922, 110.9844, 110.9844, 110.9844,
        110.9844, 110.9844, 110.9766, 110.9766, 110.9766, 110.9688, 110.9688,
        110.9688, 110.9688, 110.9609, 110.9609, 110.9609, 110.9531, 110.9531,
        110.9453, 110.9453, 110.9453, 110.9375, 110.9375, 110.8828, 110.8672,
        110.8672, 110.8594, 110.8516, 110.8516, 110.8438, 110.8438, 110.8281,
        110.8203, 110.8203, 110.8125, 110.8125, 110.8047, 110.8047, 110.8047,
        110.7812, 110.7734, 110.7266, 110.7109, 110.7109, 110.6875, 110.6797,
        110.6719, 110.6641, 110.6406, 110.6406, 110.6406, 110.6094, 110.6016,
        110.5781, 110.5781, 110.5703, 110.5312, 110.5234, 110.5234, 110.5078,
        110.5000, 110.5000, 110.5000, 110.4844, 110.4766, 110.4688, 110.4688,
        110.4609, 110.4531, 110.4531, 110.4375, 110.4375, 110.4141, 110.3984,
        110.3984, 110.3906, 110.3828, 110.3828, 110.3672, 110.3438, 110.3359,
        110.3359, 110.3281, 110.3125, 110.3125, 110.3047, 110.2891, 110.2812,
        110.2344, 110.2266, 110.2188, 110.1797, 110.1797, 110.1328, 110.1328])
