[2024-10-11 10:39:13,499][websockets.server][INFO] - server listening on 0.0.0.0:8080
[2024-10-11 10:39:13,664][root][INFO] - self.cfg: 
 lr: 0.0001
c_in: 6
zfar: 'Infinity'
debug: null
n_view: 1
run_id: 3wy8qqex
use_BN: true
exp_name: 2024-01-11-20-02-45
n_epochs: 62
save_dir: /home/bowenw/debug/2024-01-11-20-02-45/
use_mask: false
loss_type: pairwise_valid
optimizer: adam
batch_size: 64
crop_ratio: 1.1
enable_amp: true
use_normal: false
max_num_key: null
warmup_step: -1
input_resize:
- 160
- 160
max_step_val: 1000
vis_interval: 1000
weight_decay: 0
normalize_xyz: true
resume_run_id: null
clip_grad_norm: 'Infinity'
lr_epoch_decay: 500
render_backend: nvdiffrast
train_num_pair: 5
lr_decay_epochs:
- 50
n_epochs_warmup: 1
make_pair_online: false
gradient_max_norm: 'Infinity'
max_step_per_epoch: 10000
n_rendering_workers: 1
save_epoch_interval: 100
n_dataloader_workers: 100
split_objects_across_gpus: true
ckpt_dir: FoundationPose/learning/training/../../weights/2024-01-11-20-02-45/model_best.pth

[2024-10-11 10:39:13,664][root][INFO] - self.h5_file:None
[2024-10-11 10:39:13,838][root][INFO] - Using pretrained model from FoundationPose/learning/training/../../weights/2024-01-11-20-02-45/model_best.pth
[2024-10-11 10:39:13,899][root][INFO] - init done
[2024-10-11 10:39:13,899][root][INFO] - welcome
[2024-10-11 10:39:13,903][root][INFO] - self.cfg: 
 lr: 0.0001
c_in: 6
zfar: .inf
debug: null
w_rot: 0.1
n_view: 1
run_id: null
use_BN: true
rot_rep: axis_angle
ckpt_dir: FoundationPose/learning/training/../../weights/2023-10-28-18-33-37/model_best.pth
exp_name: 2023-10-28-18-33-37
save_dir: /tmp/2023-10-28-18-33-37/
loss_type: l2
optimizer: adam
trans_rep: tracknet
batch_size: 64
crop_ratio: 1.2
use_normal: false
BN_momentum: 0.1
max_num_key: null
warmup_step: -1
input_resize:
- 160
- 160
max_step_val: 1000
normal_uint8: false
vis_interval: 1000
weight_decay: 0
n_max_objects: null
normalize_xyz: true
clip_grad_norm: 'Infinity'
rot_normalizer: 0.3490658503988659
trans_normalizer:
- 0.019999999552965164
- 0.019999999552965164
- 0.05000000074505806
max_step_per_epoch: 25000
val_epoch_interval: 10
n_dataloader_workers: 60
enable_amp: true
use_mask: false

[2024-10-11 10:39:13,903][root][INFO] - self.h5_file:
[2024-10-11 10:39:13,948][root][INFO] - Using pretrained model from FoundationPose/learning/training/../../weights/2023-10-28-18-33-37/model_best.pth
[2024-10-11 10:39:13,967][root][INFO] - init done
[2024-10-11 10:39:14,571][websockets.server][INFO] - connection open
[2024-10-11 10:39:15,452][root][INFO] - self.diameter:0.20218917538522446, vox_size:0.010109458769261222
[2024-10-11 10:39:15,466][root][INFO] - self.pts:torch.Size([390, 3])
[2024-10-11 10:39:16,300][root][INFO] - reset done
[2024-10-11 10:39:16,301][root][INFO] - cam_in_obs:(42, 4, 4)
[2024-10-11 10:39:16,303][root][INFO] - rot_grid:(252, 4, 4)
[2024-10-11 10:39:16,304][root][INFO] - after cluster, rot_grid:(252, 4, 4)
[2024-10-11 10:39:16,304][root][INFO] - self.rot_grid: torch.Size([252, 4, 4])
[2024-10-11 10:39:27,218][root][INFO] - Welcome
[2024-10-11 10:39:27,234][root][INFO] - poses:(252, 4, 4)
[2024-10-11 10:39:27,244][root][INFO] - after viewpoint, add_errs min:-1.0
[2024-10-11 10:39:27,273][root][INFO] - ob_in_cams:(252, 4, 4)
[2024-10-11 10:39:27,273][root][INFO] - self.cfg.use_normal:False
[2024-10-11 10:39:27,274][root][INFO] - trans_normalizer:[0.019999999552965164, 0.019999999552965164, 0.05000000074505806], rot_normalizer:0.3490658503988659
[2024-10-11 10:39:27,303][root][INFO] - making cropped data
[2024-10-11 10:39:27,306][root][INFO] - Welcome make_crop_data_batch
[2024-10-11 10:39:27,315][root][INFO] - make tf_to_crops done
[2024-10-11 10:39:27,341][root][INFO] - render done
[2024-10-11 10:39:27,347][root][INFO] - warp done
[2024-10-11 10:39:27,352][root][INFO] - pose batch data done
[2024-10-11 10:39:27,352][root][INFO] - forward start
[2024-10-11 10:39:27,470][root][INFO] - forward done
[2024-10-11 10:39:27,481][root][INFO] - making cropped data
[2024-10-11 10:39:27,481][root][INFO] - Welcome make_crop_data_batch
[2024-10-11 10:39:27,482][root][INFO] - make tf_to_crops done
[2024-10-11 10:39:27,498][root][INFO] - render done
[2024-10-11 10:39:27,502][root][INFO] - warp done
[2024-10-11 10:39:27,504][root][INFO] - pose batch data done
[2024-10-11 10:39:27,505][root][INFO] - forward start
[2024-10-11 10:39:27,506][root][INFO] - forward done
[2024-10-11 10:39:27,506][root][INFO] - making cropped data
[2024-10-11 10:39:27,506][root][INFO] - Welcome make_crop_data_batch
[2024-10-11 10:39:27,609][root][INFO] - make tf_to_crops done
[2024-10-11 10:39:27,624][root][INFO] - render done
[2024-10-11 10:39:27,628][root][INFO] - warp done
[2024-10-11 10:39:27,630][root][INFO] - pose batch data done
[2024-10-11 10:39:27,631][root][INFO] - forward start
[2024-10-11 10:39:27,632][root][INFO] - forward done
[2024-10-11 10:39:27,632][root][INFO] - making cropped data
[2024-10-11 10:39:27,632][root][INFO] - Welcome make_crop_data_batch
[2024-10-11 10:39:27,733][root][INFO] - make tf_to_crops done
[2024-10-11 10:39:27,749][root][INFO] - render done
[2024-10-11 10:39:27,753][root][INFO] - warp done
[2024-10-11 10:39:27,755][root][INFO] - pose batch data done
[2024-10-11 10:39:27,755][root][INFO] - forward start
[2024-10-11 10:39:27,757][root][INFO] - forward done
[2024-10-11 10:39:27,757][root][INFO] - making cropped data
[2024-10-11 10:39:27,757][root][INFO] - Welcome make_crop_data_batch
[2024-10-11 10:39:27,857][root][INFO] - make tf_to_crops done
[2024-10-11 10:39:27,873][root][INFO] - render done
[2024-10-11 10:39:27,877][root][INFO] - warp done
[2024-10-11 10:39:27,879][root][INFO] - pose batch data done
[2024-10-11 10:39:27,879][root][INFO] - forward start
[2024-10-11 10:39:27,881][root][INFO] - forward done
[2024-10-11 10:39:27,998][root][INFO] - ob_in_cams:(252, 4, 4)
[2024-10-11 10:39:27,998][root][INFO] - self.cfg.use_normal:False
[2024-10-11 10:39:27,998][root][INFO] - making cropped data
[2024-10-11 10:39:28,004][root][INFO] - Welcome make_crop_data_batch
[2024-10-11 10:39:28,005][root][INFO] - make tf_to_crops done
[2024-10-11 10:39:28,019][root][INFO] - render done
[2024-10-11 10:39:28,150][root][INFO] - pose batch data done
[2024-10-11 10:39:28,150][root][INFO] - pose_data.rgbAs.shape[0]: 252
[2024-10-11 10:39:28,248][root][INFO] - forward done
[2024-10-11 10:39:28,266][root][INFO] - final, add_errs min:-1.0
[2024-10-11 10:39:28,274][root][INFO] - sort ids:tensor([200,  61, 127, 229, 224, 230, 128, 205, 236, 241,  67,   2, 248,  68,
        199, 223, 247,   1, 218,  97, 217, 211,  98,  73,  62,  74, 242, 206,
         13,  44,  86,  31, 115,  14, 155,  59, 103, 154, 197,  52, 184, 136,
        196, 173, 178,  58, 166,  53, 148, 161, 109, 119,  41, 149, 251, 167,
         71, 124, 125, 160, 203, 100, 227, 172,  22,  10, 147, 195, 249,  95,
        179, 106,  23,   5, 246, 131,  65, 194,  77,  83, 232,  50,  35, 190,
        101, 233,  70,  11,  56, 107, 137,  94,   8, 198, 104, 191, 239, 170,
        134, 209, 182, 186, 146,  80, 235, 153,  85,  54,  91, 176, 250, 152,
         37,  16, 222, 169,  66,  76,  30,  20, 122,   7, 208, 145, 226,  49,
        164,  17, 151,  51,  79, 207, 180, 193,  92,  63,  55,  19,  64,  88,
        202, 220, 133,  90, 168, 245, 213,  26, 175,  25,  89, 174, 212, 192,
        187, 238, 214,  28, 181, 165, 240,   4, 201, 228,  43, 237,  82, 121,
        130, 140, 215, 204, 142, 219,  40, 113, 139, 143, 185, 216,  47, 234,
        118, 183, 117,  46,  38,  69, 243,  34, 116, 123, 108, 231, 157, 159,
         29, 210,  45,  39, 162, 141, 112, 110, 189, 138,  36,  33,  32,  27,
        158,  96, 221,  57,  84,  48, 163, 244, 171,  24, 111,  18, 120, 150,
        114,  15, 188,  81, 156, 177, 144,  93, 225,  21,   0,  42, 102,  12,
         78,  87,   9, 135,  99,   3, 129,   6, 105,  72,  60, 126, 132,  75])
[2024-10-11 10:39:28,278][root][INFO] - sorted scores:tensor([99.2988, 99.2969, 99.2969, 99.2969, 99.2954, 99.2954, 99.2949, 99.2949,
        99.2944, 99.2939, 99.2935, 99.2930, 99.2925, 99.2920, 99.2915, 99.2915,
        99.2910, 99.2905, 99.2905, 99.2896, 99.2886, 99.2861, 99.2856, 99.2822,
        99.2808, 99.2788, 99.2754, 99.2529, 99.2373, 99.2329, 99.2280, 99.2085,
        99.1445, 99.1274, 99.0425, 99.0371, 99.0366, 99.0078, 98.9990, 98.9971,
        98.9932, 98.9922, 98.9629, 98.9619, 98.9619, 98.9600, 98.9570, 98.9424,
        98.9248, 98.9131, 98.8975, 98.8711, 98.8164, 98.8135, 98.7939, 98.7930,
        98.7891, 98.7842, 98.7822, 98.7822, 98.7822, 98.7607, 98.7568, 98.7432,
        98.7188, 98.6953, 98.6895, 98.6895, 98.6855, 98.6738, 98.6621, 98.6221,
        98.6211, 98.5898, 98.5840, 98.5811, 98.5771, 98.5723, 98.5635, 98.5635,
        98.5508, 98.5391, 98.5303, 98.5264, 98.5244, 98.5234, 98.5098, 98.5029,
        98.5010, 98.4795, 98.4746, 98.4697, 98.4688, 98.4639, 98.4561, 98.4492,
        98.4355, 98.4277, 98.4170, 98.3955, 98.3809, 98.3711, 98.3643, 98.3584,
        98.3516, 98.3486, 98.3477, 98.3398, 98.3281, 98.3213, 98.3154, 98.3047,
        98.3037, 98.2969, 98.2891, 98.2734, 98.2666, 98.2656, 98.2637, 98.2578,
        98.2539, 98.2461, 98.2441, 98.2402, 98.2402, 98.2383, 98.2266, 98.2256,
        98.2158, 98.2139, 98.1934, 98.1777, 98.1631, 98.1572, 98.1543, 98.1416,
        98.1357, 98.1260, 98.1152, 98.0996, 98.0898, 98.0703, 98.0488, 98.0439,
        98.0420, 98.0234, 98.0215, 97.9922, 97.9883, 97.9746, 97.9688, 97.9688,
        97.9688, 97.9629, 97.9609, 97.9590, 97.9570, 97.9492, 97.9336, 97.9199,
        97.9199, 97.9141, 97.9102, 97.9102, 97.8965, 97.8906, 97.8867, 97.8809,
        97.8789, 97.8730, 97.8711, 97.8633, 97.8496, 97.8496, 97.8477, 97.8438,
        97.8438, 97.8438, 97.8379, 97.8281, 97.8262, 97.8242, 97.8184, 97.8184,
        97.8164, 97.8125, 97.8047, 97.7988, 97.7988, 97.7949, 97.7949, 97.7949,
        97.7910, 97.7871, 97.7832, 97.7832, 97.7812, 97.7812, 97.7734, 97.7715,
        97.7695, 97.7656, 97.7637, 97.7617, 97.7598, 97.7520, 97.7461, 97.7441,
        97.7422, 97.7402, 97.7383, 97.7344, 97.7324, 97.7305, 97.7266, 97.7246,
        97.7188, 97.7188, 97.7148, 97.7109, 97.7109, 97.7070, 97.7070, 97.7031,
        97.6992, 97.6973, 97.6973, 97.6953, 97.6953, 97.6934, 97.6797, 97.6699,
        97.6680, 97.6387, 97.6367, 97.6348, 97.6250, 97.6172, 97.6172, 97.6152,
        97.6133, 97.6113, 97.6074, 97.5996, 97.5977, 97.5898, 97.5898, 97.5879,
        97.5840, 97.5762, 97.5762, 97.5742])
