[2024-10-25 10:04:03,718][websockets.server][INFO] - server listening on 0.0.0.0:8080
[2024-10-25 10:04:03,829][root][INFO] - self.cfg: 
 lr: 0.0001
c_in: 6
zfar: 'Infinity'
debug: null
n_view: 1
run_id: 3wy8qqex
use_BN: true
exp_name: 2024-01-11-20-02-45
n_epochs: 62
save_dir: /home/bowenw/debug/2024-01-11-20-02-45/
use_mask: false
loss_type: pairwise_valid
optimizer: adam
batch_size: 64
crop_ratio: 1.1
enable_amp: true
use_normal: false
max_num_key: null
warmup_step: -1
input_resize:
- 160
- 160
max_step_val: 1000
vis_interval: 1000
weight_decay: 0
normalize_xyz: true
resume_run_id: null
clip_grad_norm: 'Infinity'
lr_epoch_decay: 500
render_backend: nvdiffrast
train_num_pair: 5
lr_decay_epochs:
- 50
n_epochs_warmup: 1
make_pair_online: false
gradient_max_norm: 'Infinity'
max_step_per_epoch: 10000
n_rendering_workers: 1
save_epoch_interval: 100
n_dataloader_workers: 100
split_objects_across_gpus: true
ckpt_dir: /home/shaol/gjx/rw/third_party/FoundationPose/learning/training/../../weights/2024-01-11-20-02-45/model_best.pth

[2024-10-25 10:04:03,829][root][INFO] - self.h5_file:None
[2024-10-25 10:04:03,976][root][INFO] - Using pretrained model from /home/shaol/gjx/rw/third_party/FoundationPose/learning/training/../../weights/2024-01-11-20-02-45/model_best.pth
[2024-10-25 10:04:04,037][root][INFO] - init done
[2024-10-25 10:04:04,037][root][INFO] - welcome
[2024-10-25 10:04:04,041][root][INFO] - self.cfg: 
 lr: 0.0001
c_in: 6
zfar: .inf
debug: null
w_rot: 0.1
n_view: 1
run_id: null
use_BN: true
rot_rep: axis_angle
ckpt_dir: /home/shaol/gjx/rw/third_party/FoundationPose/learning/training/../../weights/2023-10-28-18-33-37/model_best.pth
exp_name: 2023-10-28-18-33-37
save_dir: /tmp/2023-10-28-18-33-37/
loss_type: l2
optimizer: adam
trans_rep: tracknet
batch_size: 64
crop_ratio: 1.2
use_normal: false
BN_momentum: 0.1
max_num_key: null
warmup_step: -1
input_resize:
- 160
- 160
max_step_val: 1000
normal_uint8: false
vis_interval: 1000
weight_decay: 0
n_max_objects: null
normalize_xyz: true
clip_grad_norm: 'Infinity'
rot_normalizer: 0.3490658503988659
trans_normalizer:
- 0.019999999552965164
- 0.019999999552965164
- 0.05000000074505806
max_step_per_epoch: 25000
val_epoch_interval: 10
n_dataloader_workers: 60
enable_amp: true
use_mask: false

[2024-10-25 10:04:04,041][root][INFO] - self.h5_file:
[2024-10-25 10:04:04,088][root][INFO] - Using pretrained model from /home/shaol/gjx/rw/third_party/FoundationPose/learning/training/../../weights/2023-10-28-18-33-37/model_best.pth
[2024-10-25 10:04:04,110][root][INFO] - init done
[2024-10-25 10:04:04,357][websockets.server][INFO] - connection open
[2024-10-25 10:04:05,216][root][INFO] - self.diameter:0.11850935116074297, vox_size:0.005925467558037149
[2024-10-25 10:04:05,231][root][INFO] - self.pts:torch.Size([906, 3])
[2024-10-25 10:04:06,251][root][INFO] - reset done
[2024-10-25 10:04:06,251][root][INFO] - cam_in_obs:(42, 4, 4)
[2024-10-25 10:04:06,253][root][INFO] - rot_grid:(252, 4, 4)
[2024-10-25 10:04:06,254][root][INFO] - after cluster, rot_grid:(252, 4, 4)
[2024-10-25 10:04:06,254][root][INFO] - self.rot_grid: torch.Size([252, 4, 4])
[2024-10-25 10:04:16,261][root][INFO] - Welcome
[2024-10-25 10:04:16,276][root][INFO] - poses:(252, 4, 4)
[2024-10-25 10:04:16,286][root][INFO] - after viewpoint, add_errs min:-1.0
[2024-10-25 10:04:16,316][root][INFO] - ob_in_cams:(252, 4, 4)
[2024-10-25 10:04:16,317][root][INFO] - self.cfg.use_normal:False
[2024-10-25 10:04:16,317][root][INFO] - trans_normalizer:[0.019999999552965164, 0.019999999552965164, 0.05000000074505806], rot_normalizer:0.3490658503988659
[2024-10-25 10:04:16,362][root][INFO] - making cropped data
[2024-10-25 10:04:16,362][root][INFO] - Welcome make_crop_data_batch
[2024-10-25 10:04:16,366][root][INFO] - make tf_to_crops done
[2024-10-25 10:04:16,389][root][INFO] - render done
[2024-10-25 10:04:16,395][root][INFO] - warp done
[2024-10-25 10:04:16,400][root][INFO] - pose batch data done
[2024-10-25 10:04:16,400][root][INFO] - forward start
[2024-10-25 10:04:16,530][root][INFO] - forward done
[2024-10-25 10:04:16,542][root][INFO] - making cropped data
[2024-10-25 10:04:16,542][root][INFO] - Welcome make_crop_data_batch
[2024-10-25 10:04:16,542][root][INFO] - make tf_to_crops done
[2024-10-25 10:04:16,558][root][INFO] - render done
[2024-10-25 10:04:16,561][root][INFO] - warp done
[2024-10-25 10:04:16,563][root][INFO] - pose batch data done
[2024-10-25 10:04:16,564][root][INFO] - forward start
[2024-10-25 10:04:16,565][root][INFO] - forward done
[2024-10-25 10:04:16,565][root][INFO] - making cropped data
[2024-10-25 10:04:16,565][root][INFO] - Welcome make_crop_data_batch
[2024-10-25 10:04:16,666][root][INFO] - make tf_to_crops done
[2024-10-25 10:04:16,680][root][INFO] - render done
[2024-10-25 10:04:16,684][root][INFO] - warp done
[2024-10-25 10:04:16,687][root][INFO] - pose batch data done
[2024-10-25 10:04:16,687][root][INFO] - forward start
[2024-10-25 10:04:16,689][root][INFO] - forward done
[2024-10-25 10:04:16,689][root][INFO] - making cropped data
[2024-10-25 10:04:16,689][root][INFO] - Welcome make_crop_data_batch
[2024-10-25 10:04:16,789][root][INFO] - make tf_to_crops done
[2024-10-25 10:04:16,804][root][INFO] - render done
[2024-10-25 10:04:16,808][root][INFO] - warp done
[2024-10-25 10:04:16,810][root][INFO] - pose batch data done
[2024-10-25 10:04:16,810][root][INFO] - forward start
[2024-10-25 10:04:16,812][root][INFO] - forward done
[2024-10-25 10:04:16,812][root][INFO] - making cropped data
[2024-10-25 10:04:16,812][root][INFO] - Welcome make_crop_data_batch
[2024-10-25 10:04:16,911][root][INFO] - make tf_to_crops done
[2024-10-25 10:04:16,926][root][INFO] - render done
[2024-10-25 10:04:16,929][root][INFO] - warp done
[2024-10-25 10:04:16,932][root][INFO] - pose batch data done
[2024-10-25 10:04:16,932][root][INFO] - forward start
[2024-10-25 10:04:16,933][root][INFO] - forward done
[2024-10-25 10:04:17,049][root][INFO] - ob_in_cams:(252, 4, 4)
[2024-10-25 10:04:17,050][root][INFO] - self.cfg.use_normal:False
[2024-10-25 10:04:17,050][root][INFO] - making cropped data
[2024-10-25 10:04:17,058][root][INFO] - Welcome make_crop_data_batch
[2024-10-25 10:04:17,059][root][INFO] - make tf_to_crops done
[2024-10-25 10:04:17,073][root][INFO] - render done
[2024-10-25 10:04:17,201][root][INFO] - pose batch data done
[2024-10-25 10:04:17,201][root][INFO] - pose_data.rgbAs.shape[0]: 252
[2024-10-25 10:04:17,298][root][INFO] - forward done
[2024-10-25 10:04:17,316][root][INFO] - final, add_errs min:-1.0
[2024-10-25 10:04:17,325][root][INFO] - sort ids:tensor([203, 221, 126,  42, 132,   0, 163,   5, 131, 133, 188, 227,  43,   7,
          8,  74, 104,   1,  32,  73, 145, 127, 170, 101, 134,   2, 169,  99,
          9,  33,  75, 105, 106, 202, 226,   4, 100,  30,  34, 137,  46, 148,
         10,  25,  45,  82,  85,  94, 128, 200, 224,  21,  92, 223,  11,  23,
         24,  88, 107, 116, 124, 135, 172, 201, 233,  16,  20,  22,  89,  95,
        118, 119, 123, 125, 136, 166, 199, 208, 209, 218, 241,  39,  98, 115,
        122, 129,  14,  17,  19,  36,  76,  80,  83,  86,  90,  93, 111, 114,
        120, 121, 149,  13,  15,  18,  31,  77,  78,  79,  81,  84,  91,  97,
        144, 173, 186, 191, 205, 225,  12,  47, 103, 117, 161, 168,   3,   6,
         27,  72,  87, 102, 130, 193,  96, 176, 178, 162, 154, 232,  41,  55,
        211, 220, 243, 138, 164, 187, 214, 215, 236, 244, 175, 181, 184, 229,
        250,  50, 194,  56,  65, 141, 196, 216, 217,  44,  49,  64,  70,  71,
        108, 140, 158,  66,  67, 210, 239,  58, 139, 183, 222, 242,  40,  61,
        113, 190,  35,  52,  62, 142, 185, 198, 240, 247,  37,  53, 109, 151,
        152, 179, 207, 228, 230, 235, 237, 245,  28,  59,  60,  63,  69, 146,
        150, 156, 204, 206, 212, 231, 249,  29,  48,  54,  57, 143, 155, 165,
        174, 189, 197, 248,  26,  51,  68, 147, 160, 192, 219, 251, 153, 157,
        167, 171, 234, 246, 110, 112, 159, 182, 195, 213,  38, 180, 177, 238])
[2024-10-25 10:04:17,329][root][INFO] - sorted scores:tensor([128.7188, 128.6719, 128.6406, 128.6250, 128.6250, 128.5156, 128.4844,
        128.4688, 128.4688, 128.4688, 128.4688, 128.4531, 128.4219, 128.4062,
        128.4062, 128.4062, 128.4062, 128.3906, 128.3906, 128.3906, 128.3906,
        128.3750, 128.3750, 128.3594, 128.3594, 128.3438, 128.3438, 128.3125,
        128.2969, 128.2969, 128.2969, 128.2969, 128.2969, 128.2969, 128.2969,
        128.2812, 128.2812, 128.2656, 128.2656, 128.2656, 128.2500, 128.2500,
        128.2344, 128.2344, 128.2344, 128.2344, 128.2344, 128.2344, 128.2344,
        128.2344, 128.2344, 128.2188, 128.2188, 128.2188, 128.2031, 128.2031,
        128.2031, 128.2031, 128.2031, 128.2031, 128.2031, 128.2031, 128.2031,
        128.2031, 128.2031, 128.1875, 128.1875, 128.1875, 128.1875, 128.1875,
        128.1875, 128.1875, 128.1875, 128.1875, 128.1875, 128.1875, 128.1875,
        128.1875, 128.1875, 128.1875, 128.1875, 128.1719, 128.1719, 128.1719,
        128.1719, 128.1719, 128.1562, 128.1562, 128.1562, 128.1562, 128.1562,
        128.1562, 128.1562, 128.1562, 128.1562, 128.1562, 128.1562, 128.1562,
        128.1562, 128.1562, 128.1562, 128.1406, 128.1406, 128.1406, 128.1406,
        128.1406, 128.1406, 128.1406, 128.1406, 128.1406, 128.1406, 128.1406,
        128.1406, 128.1406, 128.1406, 128.1406, 128.1406, 128.1406, 128.1250,
        128.1250, 128.1250, 128.1250, 128.1250, 128.1250, 128.1094, 128.1094,
        128.1094, 128.1094, 128.1094, 128.1094, 128.1094, 128.1094, 128.0938,
        128.0938, 128.0781, 128.0625, 128.0469, 128.0156, 128.0000, 128.0000,
        128.0000, 128.0000, 128.0000, 127.9844, 127.9844, 127.9844, 127.9844,
        127.9844, 127.9844, 127.9844, 127.9688, 127.9688, 127.9688, 127.9688,
        127.9688, 127.9531, 127.9531, 127.9375, 127.9375, 127.9375, 127.9375,
        127.9375, 127.9375, 127.9219, 127.9219, 127.9219, 127.9219, 127.9219,
        127.9219, 127.9219, 127.9219, 127.9062, 127.9062, 127.9062, 127.9062,
        127.8906, 127.8906, 127.8906, 127.8906, 127.8906, 127.8750, 127.8750,
        127.8750, 127.8750, 127.8594, 127.8594, 127.8594, 127.8594, 127.8594,
        127.8594, 127.8594, 127.8594, 127.8438, 127.8438, 127.8438, 127.8438,
        127.8438, 127.8438, 127.8438, 127.8438, 127.8438, 127.8438, 127.8438,
        127.8438, 127.8281, 127.8281, 127.8281, 127.8281, 127.8281, 127.8281,
        127.8281, 127.8281, 127.8281, 127.8281, 127.8281, 127.8281, 127.8281,
        127.8125, 127.8125, 127.8125, 127.8125, 127.8125, 127.8125, 127.8125,
        127.8125, 127.8125, 127.8125, 127.8125, 127.7969, 127.7969, 127.7969,
        127.7969, 127.7969, 127.7969, 127.7969, 127.7969, 127.7812, 127.7812,
        127.7812, 127.7812, 127.7812, 127.7812, 127.7656, 127.7656, 127.7656,
        127.7656, 127.7656, 127.7656, 127.7500, 127.7500, 127.7344, 127.7344])
