[2024-09-19 23:11:23,153][root][INFO] - self.cfg: 
 lr: 0.0001
c_in: 6
zfar: 'Infinity'
debug: null
n_view: 1
run_id: 3wy8qqex
use_BN: true
exp_name: 2024-01-11-20-02-45
n_epochs: 62
save_dir: /home/bowenw/debug/2024-01-11-20-02-45/
use_mask: false
loss_type: pairwise_valid
optimizer: adam
batch_size: 64
crop_ratio: 1.1
enable_amp: true
use_normal: false
max_num_key: null
warmup_step: -1
input_resize:
- 160
- 160
max_step_val: 1000
vis_interval: 1000
weight_decay: 0
normalize_xyz: true
resume_run_id: null
clip_grad_norm: 'Infinity'
lr_epoch_decay: 500
render_backend: nvdiffrast
train_num_pair: 5
lr_decay_epochs:
- 50
n_epochs_warmup: 1
make_pair_online: false
gradient_max_norm: 'Infinity'
max_step_per_epoch: 10000
n_rendering_workers: 1
save_epoch_interval: 100
n_dataloader_workers: 100
split_objects_across_gpus: true
ckpt_dir: FoundationPose/learning/training/../../weights/2024-01-11-20-02-45/model_best.pth

[2024-09-19 23:11:23,154][root][INFO] - self.h5_file:None
[2024-09-19 23:11:23,330][root][INFO] - Using pretrained model from FoundationPose/learning/training/../../weights/2024-01-11-20-02-45/model_best.pth
[2024-09-19 23:11:23,389][root][INFO] - init done
[2024-09-19 23:11:23,389][root][INFO] - welcome
[2024-09-19 23:11:23,392][root][INFO] - self.cfg: 
 lr: 0.0001
c_in: 6
zfar: .inf
debug: null
w_rot: 0.1
n_view: 1
run_id: null
use_BN: true
rot_rep: axis_angle
ckpt_dir: FoundationPose/learning/training/../../weights/2023-10-28-18-33-37/model_best.pth
exp_name: 2023-10-28-18-33-37
save_dir: /tmp/2023-10-28-18-33-37/
loss_type: l2
optimizer: adam
trans_rep: tracknet
batch_size: 64
crop_ratio: 1.2
use_normal: false
BN_momentum: 0.1
max_num_key: null
warmup_step: -1
input_resize:
- 160
- 160
max_step_val: 1000
normal_uint8: false
vis_interval: 1000
weight_decay: 0
n_max_objects: null
normalize_xyz: true
clip_grad_norm: 'Infinity'
rot_normalizer: 0.3490658503988659
trans_normalizer:
- 0.019999999552965164
- 0.019999999552965164
- 0.05000000074505806
max_step_per_epoch: 25000
val_epoch_interval: 10
n_dataloader_workers: 60
enable_amp: true
use_mask: false

[2024-09-19 23:11:23,392][root][INFO] - self.h5_file:
[2024-09-19 23:11:23,438][root][INFO] - Using pretrained model from FoundationPose/learning/training/../../weights/2023-10-28-18-33-37/model_best.pth
[2024-09-19 23:11:23,461][root][INFO] - init done
[2024-09-19 23:11:25,639][root][INFO] - self.diameter:0.17908105308944297, vox_size:0.008954052654472149
[2024-09-19 23:11:25,654][root][INFO] - self.pts:torch.Size([630, 3])
[2024-09-19 23:11:26,726][root][INFO] - reset done
[2024-09-19 23:11:26,726][root][INFO] - cam_in_obs:(42, 4, 4)
[2024-09-19 23:11:26,731][root][INFO] - rot_grid:(252, 4, 4)
[2024-09-19 23:11:26,732][root][INFO] - after cluster, rot_grid:(252, 4, 4)
[2024-09-19 23:11:26,732][root][INFO] - self.rot_grid: torch.Size([252, 4, 4])
[2024-09-19 23:11:35,847][root][INFO] - Welcome
[2024-09-19 23:11:35,861][root][INFO] - poses:(252, 4, 4)
[2024-09-19 23:11:35,870][root][INFO] - after viewpoint, add_errs min:-1.0
[2024-09-19 23:11:35,906][root][INFO] - ob_in_cams:(252, 4, 4)
[2024-09-19 23:11:35,906][root][INFO] - self.cfg.use_normal:False
[2024-09-19 23:11:35,907][root][INFO] - trans_normalizer:[0.019999999552965164, 0.019999999552965164, 0.05000000074505806], rot_normalizer:0.3490658503988659
[2024-09-19 23:11:35,914][root][INFO] - making cropped data
[2024-09-19 23:11:35,914][root][INFO] - Welcome make_crop_data_batch
[2024-09-19 23:11:35,920][root][INFO] - make tf_to_crops done
[2024-09-19 23:11:35,954][root][INFO] - render done
[2024-09-19 23:11:35,961][root][INFO] - warp done
[2024-09-19 23:11:35,966][root][INFO] - pose batch data done
[2024-09-19 23:11:35,966][root][INFO] - forward start
[2024-09-19 23:11:36,085][root][INFO] - forward done
[2024-09-19 23:11:36,098][root][INFO] - making cropped data
[2024-09-19 23:11:36,098][root][INFO] - Welcome make_crop_data_batch
[2024-09-19 23:11:36,098][root][INFO] - make tf_to_crops done
[2024-09-19 23:11:36,121][root][INFO] - render done
[2024-09-19 23:11:36,125][root][INFO] - warp done
[2024-09-19 23:11:36,129][root][INFO] - pose batch data done
[2024-09-19 23:11:36,129][root][INFO] - forward start
[2024-09-19 23:11:36,130][root][INFO] - forward done
[2024-09-19 23:11:36,131][root][INFO] - making cropped data
[2024-09-19 23:11:36,131][root][INFO] - Welcome make_crop_data_batch
[2024-09-19 23:11:36,236][root][INFO] - make tf_to_crops done
[2024-09-19 23:11:36,258][root][INFO] - render done
[2024-09-19 23:11:36,262][root][INFO] - warp done
[2024-09-19 23:11:36,265][root][INFO] - pose batch data done
[2024-09-19 23:11:36,265][root][INFO] - forward start
[2024-09-19 23:11:36,266][root][INFO] - forward done
[2024-09-19 23:11:36,266][root][INFO] - making cropped data
[2024-09-19 23:11:36,267][root][INFO] - Welcome make_crop_data_batch
[2024-09-19 23:11:36,368][root][INFO] - make tf_to_crops done
[2024-09-19 23:11:36,390][root][INFO] - render done
[2024-09-19 23:11:36,395][root][INFO] - warp done
[2024-09-19 23:11:36,397][root][INFO] - pose batch data done
[2024-09-19 23:11:36,397][root][INFO] - forward start
[2024-09-19 23:11:36,399][root][INFO] - forward done
[2024-09-19 23:11:36,399][root][INFO] - making cropped data
[2024-09-19 23:11:36,399][root][INFO] - Welcome make_crop_data_batch
[2024-09-19 23:11:36,500][root][INFO] - make tf_to_crops done
[2024-09-19 23:11:36,522][root][INFO] - render done
[2024-09-19 23:11:36,527][root][INFO] - warp done
[2024-09-19 23:11:36,529][root][INFO] - pose batch data done
[2024-09-19 23:11:36,530][root][INFO] - forward start
[2024-09-19 23:11:36,531][root][INFO] - forward done
[2024-09-19 23:11:36,647][root][INFO] - ob_in_cams:(252, 4, 4)
[2024-09-19 23:11:36,648][root][INFO] - self.cfg.use_normal:False
[2024-09-19 23:11:36,648][root][INFO] - making cropped data
[2024-09-19 23:11:36,655][root][INFO] - Welcome make_crop_data_batch
[2024-09-19 23:11:36,656][root][INFO] - make tf_to_crops done
[2024-09-19 23:11:36,676][root][INFO] - render done
[2024-09-19 23:11:36,806][root][INFO] - pose batch data done
[2024-09-19 23:11:36,806][root][INFO] - pose_data.rgbAs.shape[0]: 252
[2024-09-19 23:11:36,905][root][INFO] - forward done
[2024-09-19 23:11:36,923][root][INFO] - final, add_errs min:-1.0
[2024-09-19 23:11:36,932][root][INFO] - sort ids:tensor([  9, 105, 129, 188,   3,  33,  56,  75,  99, 104, 170, 135, 147,   2,
        102, 162, 171, 222, 107, 128, 144,   0,  42,  72,  77, 126, 131, 132,
        163, 203, 221,   6,  11, 198,  65, 225, 168,  22,  82,  88,  23,  41,
         94, 119, 127, 154, 155,   8,  95,  96, 133, 134, 179, 185,   1,   7,
         16,  17,  43,  73, 103, 145, 178,  28,  32,  74,  83, 118, 124, 125,
        164, 169,  50,  87,  98, 146, 184,  12, 120, 150, 210, 231,  18,  27,
         78,  80, 160, 161,  20,  21,  79,  81,  85, 121, 174, 235, 236,  14,
         36,  37,  86,  91,  92, 116, 187, 205, 206,  13,  84, 114, 115,  15,
         93,  97, 204, 229,  26, 177, 212, 230, 117, 123, 153,  19,  44,  90,
        207,  76, 202,  29,  34, 130, 226, 137,   5,  10,  47, 100, 101, 106,
        122, 227,   4,  25, 136, 220,  40, 201, 211,  35,  39, 183,  38,  89,
         71, 216,  67, 228, 248, 234, 243,  64,  53,  68, 251, 245,  61,  70,
         31,  52, 189, 141,  46, 209, 250, 111, 140, 156, 247, 244, 148, 196,
        237,  62, 138, 176,  59, 172, 197,  24,  58,  49, 108, 165, 180, 193,
        194,  45,  55, 143, 149, 213, 167, 113, 224, 233, 232, 151, 152, 158,
        181, 218, 239, 208, 214, 173, 175, 200, 238, 199, 223, 217, 190, 191,
         30, 241, 166, 240, 242, 159, 215, 109, 186,  60, 246, 182,  69, 142,
         51, 139, 157, 110, 195,  48,  57, 219, 249,  63,  54,  66, 192, 112])
[2024-09-19 23:11:36,936][root][INFO] - sorted scores:tensor([82.9219, 82.9219, 82.9219, 82.9219, 82.9062, 82.9062, 82.9062, 82.9062,
        82.9062, 82.9062, 82.9062, 82.8906, 82.8750, 82.8594, 82.8594, 82.8594,
        82.8594, 82.8594, 82.8438, 82.8438, 82.8438, 82.8281, 82.8281, 82.8281,
        82.8281, 82.8281, 82.8281, 82.8281, 82.8281, 82.8281, 82.8281, 82.8125,
        82.8125, 82.7969, 82.7500, 82.7500, 82.7031, 82.5938, 82.5781, 82.5781,
        82.5625, 82.5625, 82.5625, 82.5625, 82.5625, 82.5625, 82.5625, 82.5469,
        82.5469, 82.5469, 82.5469, 82.5469, 82.5469, 82.5469, 82.5312, 82.5312,
        82.5312, 82.5312, 82.5312, 82.5312, 82.5312, 82.5312, 82.5312, 82.5156,
        82.5156, 82.5156, 82.5156, 82.5156, 82.5156, 82.5156, 82.5156, 82.5156,
        82.5000, 82.5000, 82.5000, 82.5000, 82.4844, 82.4688, 82.4688, 82.4688,
        82.4688, 82.4688, 82.4531, 82.4531, 82.4531, 82.4531, 82.4531, 82.4531,
        82.4375, 82.4375, 82.4375, 82.4375, 82.4375, 82.4375, 82.4375, 82.4375,
        82.4375, 82.4219, 82.4219, 82.4219, 82.4219, 82.4219, 82.4219, 82.4219,
        82.4219, 82.4219, 82.4219, 82.4062, 82.4062, 82.4062, 82.4062, 82.3906,
        82.3906, 82.3906, 82.3906, 82.3906, 82.3750, 82.3750, 82.3750, 82.3750,
        82.3438, 82.3438, 82.3281, 82.3125, 82.2812, 82.2812, 82.2812, 82.2656,
        82.2656, 82.2500, 82.2500, 82.2500, 82.2500, 82.2344, 82.2188, 82.2188,
        82.2188, 82.2188, 82.2188, 82.2188, 82.2188, 82.2188, 82.2031, 82.2031,
        82.2031, 82.2031, 82.1875, 82.1719, 82.1719, 82.1562, 82.1562, 82.1562,
        82.1406, 82.1406, 82.1250, 82.1250, 82.1094, 82.1094, 82.1094, 82.0938,
        82.0938, 82.0781, 82.0625, 82.0625, 82.0469, 82.0312, 82.0156, 82.0156,
        82.0000, 82.0000, 82.0000, 81.9844, 81.9688, 81.9531, 81.9531, 81.9219,
        81.9062, 81.9062, 81.9062, 81.8906, 81.8750, 81.8750, 81.8750, 81.8438,
        81.8438, 81.8438, 81.8281, 81.8281, 81.8125, 81.7969, 81.7969, 81.7812,
        81.7656, 81.7656, 81.7656, 81.7656, 81.7500, 81.7344, 81.6719, 81.6406,
        81.6250, 81.6250, 81.6094, 81.5938, 81.5312, 81.5312, 81.5000, 81.4844,
        81.4844, 81.4844, 81.4844, 81.4844, 81.4844, 81.4688, 81.4688, 81.4531,
        81.4531, 81.4531, 81.4375, 81.4219, 81.4062, 81.3906, 81.3750, 81.3750,
        81.3594, 81.3438, 81.3281, 81.3281, 81.2656, 81.1562, 81.0312, 80.9844,
        80.9844, 80.9531, 80.9531, 80.9375, 80.9219, 80.9219, 80.9062, 80.9062,
        80.9062, 80.8906, 80.8906, 80.8750, 80.8750, 80.8750, 80.8438, 80.8281,
        80.8125, 80.7969, 80.7969, 80.7812])
[2024-09-19 23:11:42,596][websockets.server][INFO] - server listening on 0.0.0.0:8080
[2024-09-19 23:11:42,996][websockets.server][INFO] - connection open
[2024-09-19 23:11:43,574][websockets.server][INFO] - connection open
[2024-09-19 23:11:46,951][root][INFO] - Succeeded to open port: /dev/ttyUSB0
[2024-09-19 23:11:46,952][root][INFO] - Succeeded to set baudrate to 3000000
[2024-09-19 23:11:47,159][root][ERROR] - > write_byte: [Motor ID: 11] [RxPacketError] Hardware error occurred. Check the error at Control Table (Hardware Error Status)!
[2024-09-19 23:11:47,175][root][ERROR] - > write_byte: [Motor ID: 12] [RxPacketError] Hardware error occurred. Check the error at Control Table (Hardware Error Status)!
[2024-09-19 23:11:47,191][root][ERROR] - > write_byte: [Motor ID: 13] [RxPacketError] Hardware error occurred. Check the error at Control Table (Hardware Error Status)!
[2024-09-19 23:11:47,223][root][ERROR] - Could not set torque enabled for IDs: [11, 12, 13]
[2024-09-19 23:11:47,479][root][ERROR] - > write_byte: [Motor ID: 11] [RxPacketError] Hardware error occurred. Check the error at Control Table (Hardware Error Status)!
[2024-09-19 23:11:47,495][root][ERROR] - > write_byte: [Motor ID: 12] [RxPacketError] Hardware error occurred. Check the error at Control Table (Hardware Error Status)!
[2024-09-19 23:11:47,511][root][ERROR] - > write_byte: [Motor ID: 13] [RxPacketError] Hardware error occurred. Check the error at Control Table (Hardware Error Status)!
[2024-09-19 23:11:47,511][root][ERROR] - Could not set torque enabled for IDs: [11, 12, 13]
[2024-09-19 23:11:47,767][root][ERROR] - > write_byte: [Motor ID: 11] [RxPacketError] Hardware error occurred. Check the error at Control Table (Hardware Error Status)!
[2024-09-19 23:11:47,783][root][ERROR] - > write_byte: [Motor ID: 12] [RxPacketError] Hardware error occurred. Check the error at Control Table (Hardware Error Status)!
[2024-09-19 23:11:47,799][root][ERROR] - > write_byte: [Motor ID: 13] [RxPacketError] Hardware error occurred. Check the error at Control Table (Hardware Error Status)!
[2024-09-19 23:11:47,799][root][ERROR] - Could not set torque enabled for IDs: [11, 12, 13]
[2024-09-19 23:11:48,055][root][ERROR] - > write_byte: [Motor ID: 11] [RxPacketError] Hardware error occurred. Check the error at Control Table (Hardware Error Status)!
[2024-09-19 23:11:48,071][root][ERROR] - > write_byte: [Motor ID: 12] [RxPacketError] Hardware error occurred. Check the error at Control Table (Hardware Error Status)!
[2024-09-19 23:11:48,087][root][ERROR] - > write_byte: [Motor ID: 13] [RxPacketError] Hardware error occurred. Check the error at Control Table (Hardware Error Status)!
[2024-09-19 23:11:48,087][root][ERROR] - Could not set torque enabled for IDs: [11, 12, 13]
[2024-09-19 23:11:48,343][root][ERROR] - > write_byte: [Motor ID: 11] [RxPacketError] Hardware error occurred. Check the error at Control Table (Hardware Error Status)!
[2024-09-19 23:11:48,359][root][ERROR] - > write_byte: [Motor ID: 12] [RxPacketError] Hardware error occurred. Check the error at Control Table (Hardware Error Status)!
[2024-09-19 23:11:48,375][root][ERROR] - > write_byte: [Motor ID: 13] [RxPacketError] Hardware error occurred. Check the error at Control Table (Hardware Error Status)!
[2024-09-19 23:11:48,375][root][ERROR] - Could not set torque enabled for IDs: [11, 12, 13]
[2024-09-19 23:11:48,631][root][ERROR] - > write_byte: [Motor ID: 11] [RxPacketError] Hardware error occurred. Check the error at Control Table (Hardware Error Status)!
[2024-09-19 23:11:48,647][root][ERROR] - > write_byte: [Motor ID: 12] [RxPacketError] Hardware error occurred. Check the error at Control Table (Hardware Error Status)!
[2024-09-19 23:11:48,663][root][ERROR] - > write_byte: [Motor ID: 13] [RxPacketError] Hardware error occurred. Check the error at Control Table (Hardware Error Status)!
[2024-09-19 23:11:48,663][root][ERROR] - Could not set torque enabled for IDs: [11, 12, 13]
[2024-09-19 23:11:48,919][root][ERROR] - > write_byte: [Motor ID: 11] [RxPacketError] Hardware error occurred. Check the error at Control Table (Hardware Error Status)!
[2024-09-19 23:11:48,935][root][ERROR] - > write_byte: [Motor ID: 12] [RxPacketError] Hardware error occurred. Check the error at Control Table (Hardware Error Status)!
[2024-09-19 23:11:48,951][root][ERROR] - > write_byte: [Motor ID: 13] [RxPacketError] Hardware error occurred. Check the error at Control Table (Hardware Error Status)!
[2024-09-19 23:11:48,951][root][ERROR] - Could not set torque enabled for IDs: [11, 12, 13]
[2024-09-19 23:11:49,207][root][ERROR] - > write_byte: [Motor ID: 11] [RxPacketError] Hardware error occurred. Check the error at Control Table (Hardware Error Status)!
[2024-09-19 23:11:49,223][root][ERROR] - > write_byte: [Motor ID: 12] [RxPacketError] Hardware error occurred. Check the error at Control Table (Hardware Error Status)!
[2024-09-19 23:11:49,239][root][ERROR] - > write_byte: [Motor ID: 13] [RxPacketError] Hardware error occurred. Check the error at Control Table (Hardware Error Status)!
[2024-09-19 23:11:49,239][root][ERROR] - Could not set torque enabled for IDs: [11, 12, 13]
[2024-09-19 23:11:49,495][root][ERROR] - > write_byte: [Motor ID: 11] [RxPacketError] Hardware error occurred. Check the error at Control Table (Hardware Error Status)!
[2024-09-19 23:11:49,511][root][ERROR] - > write_byte: [Motor ID: 12] [RxPacketError] Hardware error occurred. Check the error at Control Table (Hardware Error Status)!
[2024-09-19 23:11:49,527][root][ERROR] - > write_byte: [Motor ID: 13] [RxPacketError] Hardware error occurred. Check the error at Control Table (Hardware Error Status)!
[2024-09-19 23:11:49,527][root][ERROR] - Could not set torque enabled for IDs: [11, 12, 13]
[2024-09-19 23:11:49,783][root][ERROR] - > write_byte: [Motor ID: 11] [RxPacketError] Hardware error occurred. Check the error at Control Table (Hardware Error Status)!
[2024-09-19 23:11:49,799][root][ERROR] - > write_byte: [Motor ID: 12] [RxPacketError] Hardware error occurred. Check the error at Control Table (Hardware Error Status)!
[2024-09-19 23:11:49,815][root][ERROR] - > write_byte: [Motor ID: 13] [RxPacketError] Hardware error occurred. Check the error at Control Table (Hardware Error Status)!
[2024-09-19 23:11:49,815][root][ERROR] - Could not set torque enabled for IDs: [11, 12, 13]
[2024-09-19 23:11:50,071][root][ERROR] - > write_byte: [Motor ID: 11] [RxPacketError] Hardware error occurred. Check the error at Control Table (Hardware Error Status)!
[2024-09-19 23:11:50,087][root][ERROR] - > write_byte: [Motor ID: 12] [RxPacketError] Hardware error occurred. Check the error at Control Table (Hardware Error Status)!
[2024-09-19 23:11:50,103][root][ERROR] - > write_byte: [Motor ID: 13] [RxPacketError] Hardware error occurred. Check the error at Control Table (Hardware Error Status)!
[2024-09-19 23:11:50,103][root][ERROR] - Could not set torque enabled for IDs: [11, 12, 13]
[2024-09-19 23:11:50,359][root][ERROR] - > write_byte: [Motor ID: 11] [RxPacketError] Hardware error occurred. Check the error at Control Table (Hardware Error Status)!
[2024-09-19 23:11:50,375][root][ERROR] - > write_byte: [Motor ID: 12] [RxPacketError] Hardware error occurred. Check the error at Control Table (Hardware Error Status)!
[2024-09-19 23:11:50,391][root][ERROR] - > write_byte: [Motor ID: 13] [RxPacketError] Hardware error occurred. Check the error at Control Table (Hardware Error Status)!
[2024-09-19 23:11:50,391][root][ERROR] - Could not set torque enabled for IDs: [11, 12, 13]
[2024-09-19 23:11:50,647][root][ERROR] - > write_byte: [Motor ID: 11] [RxPacketError] Hardware error occurred. Check the error at Control Table (Hardware Error Status)!
[2024-09-19 23:11:50,663][root][ERROR] - > write_byte: [Motor ID: 12] [RxPacketError] Hardware error occurred. Check the error at Control Table (Hardware Error Status)!
[2024-09-19 23:11:50,679][root][ERROR] - > write_byte: [Motor ID: 13] [RxPacketError] Hardware error occurred. Check the error at Control Table (Hardware Error Status)!
[2024-09-19 23:11:50,679][root][ERROR] - Could not set torque enabled for IDs: [11, 12, 13]
[2024-09-19 23:11:50,935][root][ERROR] - > write_byte: [Motor ID: 11] [RxPacketError] Hardware error occurred. Check the error at Control Table (Hardware Error Status)!
[2024-09-19 23:11:50,951][root][ERROR] - > write_byte: [Motor ID: 12] [RxPacketError] Hardware error occurred. Check the error at Control Table (Hardware Error Status)!
[2024-09-19 23:11:50,967][root][ERROR] - > write_byte: [Motor ID: 13] [RxPacketError] Hardware error occurred. Check the error at Control Table (Hardware Error Status)!
[2024-09-19 23:11:50,967][root][ERROR] - Could not set torque enabled for IDs: [11, 12, 13]
[2024-09-19 23:11:51,223][root][ERROR] - > write_byte: [Motor ID: 11] [RxPacketError] Hardware error occurred. Check the error at Control Table (Hardware Error Status)!
[2024-09-19 23:11:51,239][root][ERROR] - > write_byte: [Motor ID: 12] [RxPacketError] Hardware error occurred. Check the error at Control Table (Hardware Error Status)!
[2024-09-19 23:11:51,255][root][ERROR] - > write_byte: [Motor ID: 13] [RxPacketError] Hardware error occurred. Check the error at Control Table (Hardware Error Status)!
[2024-09-19 23:11:51,255][root][ERROR] - Could not set torque enabled for IDs: [11, 12, 13]
[2024-09-19 23:11:51,511][root][ERROR] - > write_byte: [Motor ID: 11] [RxPacketError] Hardware error occurred. Check the error at Control Table (Hardware Error Status)!
[2024-09-19 23:11:51,527][root][ERROR] - > write_byte: [Motor ID: 12] [RxPacketError] Hardware error occurred. Check the error at Control Table (Hardware Error Status)!
[2024-09-19 23:11:51,543][root][ERROR] - > write_byte: [Motor ID: 13] [RxPacketError] Hardware error occurred. Check the error at Control Table (Hardware Error Status)!
[2024-09-19 23:11:51,543][root][ERROR] - Could not set torque enabled for IDs: [11, 12, 13]
[2024-09-19 23:11:51,799][root][ERROR] - > write_byte: [Motor ID: 11] [RxPacketError] Hardware error occurred. Check the error at Control Table (Hardware Error Status)!
[2024-09-19 23:11:51,815][root][ERROR] - > write_byte: [Motor ID: 12] [RxPacketError] Hardware error occurred. Check the error at Control Table (Hardware Error Status)!
[2024-09-19 23:11:51,831][root][ERROR] - > write_byte: [Motor ID: 13] [RxPacketError] Hardware error occurred. Check the error at Control Table (Hardware Error Status)!
[2024-09-19 23:11:51,831][root][ERROR] - Could not set torque enabled for IDs: [11, 12, 13]
[2024-09-19 23:11:52,087][root][ERROR] - > write_byte: [Motor ID: 11] [RxPacketError] Hardware error occurred. Check the error at Control Table (Hardware Error Status)!
[2024-09-19 23:11:52,103][root][ERROR] - > write_byte: [Motor ID: 12] [RxPacketError] Hardware error occurred. Check the error at Control Table (Hardware Error Status)!
[2024-09-19 23:11:52,119][root][ERROR] - > write_byte: [Motor ID: 13] [RxPacketError] Hardware error occurred. Check the error at Control Table (Hardware Error Status)!
[2024-09-19 23:11:52,119][root][ERROR] - Could not set torque enabled for IDs: [11, 12, 13]
[2024-09-19 23:11:52,375][root][ERROR] - > write_byte: [Motor ID: 11] [RxPacketError] Hardware error occurred. Check the error at Control Table (Hardware Error Status)!
[2024-09-19 23:11:52,391][root][ERROR] - > write_byte: [Motor ID: 12] [RxPacketError] Hardware error occurred. Check the error at Control Table (Hardware Error Status)!
[2024-09-19 23:11:52,407][root][ERROR] - > write_byte: [Motor ID: 13] [RxPacketError] Hardware error occurred. Check the error at Control Table (Hardware Error Status)!
[2024-09-19 23:11:52,407][root][ERROR] - Could not set torque enabled for IDs: [11, 12, 13]
[2024-09-19 23:11:52,663][root][ERROR] - > write_byte: [Motor ID: 11] [RxPacketError] Hardware error occurred. Check the error at Control Table (Hardware Error Status)!
[2024-09-19 23:11:52,679][root][ERROR] - > write_byte: [Motor ID: 12] [RxPacketError] Hardware error occurred. Check the error at Control Table (Hardware Error Status)!
[2024-09-19 23:11:52,695][root][ERROR] - > write_byte: [Motor ID: 13] [RxPacketError] Hardware error occurred. Check the error at Control Table (Hardware Error Status)!
[2024-09-19 23:11:52,695][root][ERROR] - Could not set torque enabled for IDs: [11, 12, 13]
[2024-09-19 23:11:52,951][root][ERROR] - > write_byte: [Motor ID: 11] [RxPacketError] Hardware error occurred. Check the error at Control Table (Hardware Error Status)!
[2024-09-19 23:11:52,967][root][ERROR] - > write_byte: [Motor ID: 12] [RxPacketError] Hardware error occurred. Check the error at Control Table (Hardware Error Status)!
[2024-09-19 23:11:52,983][root][ERROR] - > write_byte: [Motor ID: 13] [RxPacketError] Hardware error occurred. Check the error at Control Table (Hardware Error Status)!
[2024-09-19 23:11:52,983][root][ERROR] - Could not set torque enabled for IDs: [11, 12, 13]
[2024-09-19 23:11:53,239][root][ERROR] - > write_byte: [Motor ID: 11] [RxPacketError] Hardware error occurred. Check the error at Control Table (Hardware Error Status)!
[2024-09-19 23:11:53,255][root][ERROR] - > write_byte: [Motor ID: 12] [RxPacketError] Hardware error occurred. Check the error at Control Table (Hardware Error Status)!
[2024-09-19 23:11:53,271][root][ERROR] - > write_byte: [Motor ID: 13] [RxPacketError] Hardware error occurred. Check the error at Control Table (Hardware Error Status)!
[2024-09-19 23:11:53,271][root][ERROR] - Could not set torque enabled for IDs: [11, 12, 13]
[2024-09-19 23:11:53,527][root][ERROR] - > write_byte: [Motor ID: 11] [RxPacketError] Hardware error occurred. Check the error at Control Table (Hardware Error Status)!
[2024-09-19 23:11:53,543][root][ERROR] - > write_byte: [Motor ID: 12] [RxPacketError] Hardware error occurred. Check the error at Control Table (Hardware Error Status)!
[2024-09-19 23:11:53,559][root][ERROR] - > write_byte: [Motor ID: 13] [RxPacketError] Hardware error occurred. Check the error at Control Table (Hardware Error Status)!
[2024-09-19 23:11:53,559][root][ERROR] - Could not set torque enabled for IDs: [11, 12, 13]
[2024-09-19 23:11:53,815][root][ERROR] - > write_byte: [Motor ID: 11] [RxPacketError] Hardware error occurred. Check the error at Control Table (Hardware Error Status)!
[2024-09-19 23:11:53,831][root][ERROR] - > write_byte: [Motor ID: 12] [RxPacketError] Hardware error occurred. Check the error at Control Table (Hardware Error Status)!
[2024-09-19 23:11:53,846][root][ERROR] - > write_byte: [Motor ID: 13] [RxPacketError] Hardware error occurred. Check the error at Control Table (Hardware Error Status)!
[2024-09-19 23:11:53,847][root][ERROR] - Could not set torque enabled for IDs: [11, 12, 13]
[2024-09-19 23:11:54,103][root][ERROR] - > write_byte: [Motor ID: 11] [RxPacketError] Hardware error occurred. Check the error at Control Table (Hardware Error Status)!
[2024-09-19 23:11:54,118][root][ERROR] - > write_byte: [Motor ID: 12] [RxPacketError] Hardware error occurred. Check the error at Control Table (Hardware Error Status)!
[2024-09-19 23:11:54,134][root][ERROR] - > write_byte: [Motor ID: 13] [RxPacketError] Hardware error occurred. Check the error at Control Table (Hardware Error Status)!
[2024-09-19 23:11:54,135][root][ERROR] - Could not set torque enabled for IDs: [11, 12, 13]
[2024-09-19 23:11:54,390][root][ERROR] - > write_byte: [Motor ID: 11] [RxPacketError] Hardware error occurred. Check the error at Control Table (Hardware Error Status)!
[2024-09-19 23:11:54,406][root][ERROR] - > write_byte: [Motor ID: 12] [RxPacketError] Hardware error occurred. Check the error at Control Table (Hardware Error Status)!
[2024-09-19 23:11:54,423][root][ERROR] - > write_byte: [Motor ID: 13] [RxPacketError] Hardware error occurred. Check the error at Control Table (Hardware Error Status)!
[2024-09-19 23:11:54,423][root][ERROR] - Could not set torque enabled for IDs: [11, 12, 13]
[2024-09-19 23:11:54,678][root][ERROR] - > write_byte: [Motor ID: 11] [RxPacketError] Hardware error occurred. Check the error at Control Table (Hardware Error Status)!
[2024-09-19 23:11:54,695][root][ERROR] - > write_byte: [Motor ID: 12] [RxPacketError] Hardware error occurred. Check the error at Control Table (Hardware Error Status)!
[2024-09-19 23:11:54,711][root][ERROR] - > write_byte: [Motor ID: 13] [RxPacketError] Hardware error occurred. Check the error at Control Table (Hardware Error Status)!
[2024-09-19 23:11:54,711][root][ERROR] - Could not set torque enabled for IDs: [11, 12, 13]
[2024-09-19 23:11:54,967][root][ERROR] - > write_byte: [Motor ID: 11] [RxPacketError] Hardware error occurred. Check the error at Control Table (Hardware Error Status)!
[2024-09-19 23:11:54,983][root][ERROR] - > write_byte: [Motor ID: 12] [RxPacketError] Hardware error occurred. Check the error at Control Table (Hardware Error Status)!
[2024-09-19 23:11:54,999][root][ERROR] - > write_byte: [Motor ID: 13] [RxPacketError] Hardware error occurred. Check the error at Control Table (Hardware Error Status)!
[2024-09-19 23:11:54,999][root][ERROR] - Could not set torque enabled for IDs: [11, 12, 13]
[2024-09-19 23:11:55,255][root][ERROR] - > write_byte: [Motor ID: 11] [RxPacketError] Hardware error occurred. Check the error at Control Table (Hardware Error Status)!
[2024-09-19 23:11:55,271][root][ERROR] - > write_byte: [Motor ID: 12] [RxPacketError] Hardware error occurred. Check the error at Control Table (Hardware Error Status)!
[2024-09-19 23:11:55,286][root][ERROR] - > write_byte: [Motor ID: 13] [RxPacketError] Hardware error occurred. Check the error at Control Table (Hardware Error Status)!
[2024-09-19 23:11:55,286][root][ERROR] - Could not set torque enabled for IDs: [11, 12, 13]
[2024-09-19 23:11:55,542][root][ERROR] - > write_byte: [Motor ID: 11] [RxPacketError] Hardware error occurred. Check the error at Control Table (Hardware Error Status)!
[2024-09-19 23:11:55,559][root][ERROR] - > write_byte: [Motor ID: 12] [RxPacketError] Hardware error occurred. Check the error at Control Table (Hardware Error Status)!
[2024-09-19 23:11:55,575][root][ERROR] - > write_byte: [Motor ID: 13] [RxPacketError] Hardware error occurred. Check the error at Control Table (Hardware Error Status)!
[2024-09-19 23:11:55,575][root][ERROR] - Could not set torque enabled for IDs: [11, 12, 13]
[2024-09-19 23:11:55,830][root][ERROR] - > write_byte: [Motor ID: 11] [RxPacketError] Hardware error occurred. Check the error at Control Table (Hardware Error Status)!
[2024-09-19 23:11:55,846][root][ERROR] - > write_byte: [Motor ID: 12] [RxPacketError] Hardware error occurred. Check the error at Control Table (Hardware Error Status)!
[2024-09-19 23:11:55,862][root][ERROR] - > write_byte: [Motor ID: 13] [RxPacketError] Hardware error occurred. Check the error at Control Table (Hardware Error Status)!
[2024-09-19 23:11:55,862][root][ERROR] - Could not set torque enabled for IDs: [11, 12, 13]
[2024-09-19 23:11:56,118][root][ERROR] - > write_byte: [Motor ID: 11] [RxPacketError] Hardware error occurred. Check the error at Control Table (Hardware Error Status)!
[2024-09-19 23:11:56,134][root][ERROR] - > write_byte: [Motor ID: 12] [RxPacketError] Hardware error occurred. Check the error at Control Table (Hardware Error Status)!
[2024-09-19 23:11:56,150][root][ERROR] - > write_byte: [Motor ID: 13] [RxPacketError] Hardware error occurred. Check the error at Control Table (Hardware Error Status)!
[2024-09-19 23:11:56,151][root][ERROR] - Could not set torque enabled for IDs: [11, 12, 13]
[2024-09-19 23:11:56,406][root][ERROR] - > write_byte: [Motor ID: 11] [RxPacketError] Hardware error occurred. Check the error at Control Table (Hardware Error Status)!
[2024-09-19 23:11:56,422][root][ERROR] - > write_byte: [Motor ID: 12] [RxPacketError] Hardware error occurred. Check the error at Control Table (Hardware Error Status)!
[2024-09-19 23:11:56,438][root][ERROR] - > write_byte: [Motor ID: 13] [RxPacketError] Hardware error occurred. Check the error at Control Table (Hardware Error Status)!
[2024-09-19 23:11:56,438][root][ERROR] - Could not set torque enabled for IDs: [11, 12, 13]
[2024-09-19 23:11:56,694][root][ERROR] - > write_byte: [Motor ID: 11] [RxPacketError] Hardware error occurred. Check the error at Control Table (Hardware Error Status)!
[2024-09-19 23:11:56,710][root][ERROR] - > write_byte: [Motor ID: 12] [RxPacketError] Hardware error occurred. Check the error at Control Table (Hardware Error Status)!
[2024-09-19 23:11:56,726][root][ERROR] - > write_byte: [Motor ID: 13] [RxPacketError] Hardware error occurred. Check the error at Control Table (Hardware Error Status)!
[2024-09-19 23:11:56,727][root][ERROR] - Could not set torque enabled for IDs: [11, 12, 13]
[2024-09-19 23:11:56,982][root][ERROR] - > write_byte: [Motor ID: 11] [RxPacketError] Hardware error occurred. Check the error at Control Table (Hardware Error Status)!
[2024-09-19 23:11:56,998][root][ERROR] - > write_byte: [Motor ID: 12] [RxPacketError] Hardware error occurred. Check the error at Control Table (Hardware Error Status)!
[2024-09-19 23:11:57,014][root][ERROR] - > write_byte: [Motor ID: 13] [RxPacketError] Hardware error occurred. Check the error at Control Table (Hardware Error Status)!
[2024-09-19 23:11:57,014][root][ERROR] - Could not set torque enabled for IDs: [11, 12, 13]
[2024-09-19 23:11:57,270][root][ERROR] - > write_byte: [Motor ID: 11] [RxPacketError] Hardware error occurred. Check the error at Control Table (Hardware Error Status)!
[2024-09-19 23:11:57,286][root][ERROR] - > write_byte: [Motor ID: 12] [RxPacketError] Hardware error occurred. Check the error at Control Table (Hardware Error Status)!
[2024-09-19 23:11:57,302][root][ERROR] - > write_byte: [Motor ID: 13] [RxPacketError] Hardware error occurred. Check the error at Control Table (Hardware Error Status)!
[2024-09-19 23:11:57,302][root][ERROR] - Could not set torque enabled for IDs: [11, 12, 13]
[2024-09-19 23:11:57,558][root][ERROR] - > write_byte: [Motor ID: 11] [RxPacketError] Hardware error occurred. Check the error at Control Table (Hardware Error Status)!
[2024-09-19 23:11:57,574][root][ERROR] - > write_byte: [Motor ID: 12] [RxPacketError] Hardware error occurred. Check the error at Control Table (Hardware Error Status)!
[2024-09-19 23:11:57,590][root][ERROR] - > write_byte: [Motor ID: 13] [RxPacketError] Hardware error occurred. Check the error at Control Table (Hardware Error Status)!
[2024-09-19 23:11:57,590][root][ERROR] - Could not set torque enabled for IDs: [11, 12, 13]
[2024-09-19 23:11:57,875][root][ERROR] - > write_byte: [Motor ID: 11] [TxRxResult] There is no status packet!
[2024-09-19 23:11:57,909][root][ERROR] - > write_byte: [Motor ID: 12] [TxRxResult] There is no status packet!
[2024-09-19 23:11:57,944][root][ERROR] - > write_byte: [Motor ID: 13] [TxRxResult] There is no status packet!
[2024-09-19 23:11:57,944][root][ERROR] - Could not set torque enabled for IDs: [11, 12, 13]
