[2024-09-25 15:40:44,680][root][INFO] - self.cfg: 
 lr: 0.0001
c_in: 6
zfar: 'Infinity'
debug: null
n_view: 1
run_id: 3wy8qqex
use_BN: true
exp_name: 2024-01-11-20-02-45
n_epochs: 62
save_dir: /home/bowenw/debug/2024-01-11-20-02-45/
use_mask: false
loss_type: pairwise_valid
optimizer: adam
batch_size: 64
crop_ratio: 1.1
enable_amp: true
use_normal: false
max_num_key: null
warmup_step: -1
input_resize:
- 160
- 160
max_step_val: 1000
vis_interval: 1000
weight_decay: 0
normalize_xyz: true
resume_run_id: null
clip_grad_norm: 'Infinity'
lr_epoch_decay: 500
render_backend: nvdiffrast
train_num_pair: 5
lr_decay_epochs:
- 50
n_epochs_warmup: 1
make_pair_online: false
gradient_max_norm: 'Infinity'
max_step_per_epoch: 10000
n_rendering_workers: 1
save_epoch_interval: 100
n_dataloader_workers: 100
split_objects_across_gpus: true
ckpt_dir: FoundationPose/learning/training/../../weights/2024-01-11-20-02-45/model_best.pth

[2024-09-25 15:40:44,680][root][INFO] - self.h5_file:None
[2024-09-25 15:40:44,861][root][INFO] - Using pretrained model from FoundationPose/learning/training/../../weights/2024-01-11-20-02-45/model_best.pth
[2024-09-25 15:40:44,917][root][INFO] - init done
[2024-09-25 15:40:44,917][root][INFO] - welcome
[2024-09-25 15:40:44,920][root][INFO] - self.cfg: 
 lr: 0.0001
c_in: 6
zfar: .inf
debug: null
w_rot: 0.1
n_view: 1
run_id: null
use_BN: true
rot_rep: axis_angle
ckpt_dir: FoundationPose/learning/training/../../weights/2023-10-28-18-33-37/model_best.pth
exp_name: 2023-10-28-18-33-37
save_dir: /tmp/2023-10-28-18-33-37/
loss_type: l2
optimizer: adam
trans_rep: tracknet
batch_size: 64
crop_ratio: 1.2
use_normal: false
BN_momentum: 0.1
max_num_key: null
warmup_step: -1
input_resize:
- 160
- 160
max_step_val: 1000
normal_uint8: false
vis_interval: 1000
weight_decay: 0
n_max_objects: null
normalize_xyz: true
clip_grad_norm: 'Infinity'
rot_normalizer: 0.3490658503988659
trans_normalizer:
- 0.019999999552965164
- 0.019999999552965164
- 0.05000000074505806
max_step_per_epoch: 25000
val_epoch_interval: 10
n_dataloader_workers: 60
enable_amp: true
use_mask: false

[2024-09-25 15:40:44,920][root][INFO] - self.h5_file:
[2024-09-25 15:40:44,964][root][INFO] - Using pretrained model from FoundationPose/learning/training/../../weights/2023-10-28-18-33-37/model_best.pth
[2024-09-25 15:40:44,984][root][INFO] - init done
[2024-09-25 15:40:47,066][root][INFO] - self.diameter:0.137712368854882, vox_size:0.0068856184427441
[2024-09-25 15:40:47,080][root][INFO] - self.pts:torch.Size([807, 3])
[2024-09-25 15:40:47,994][root][INFO] - reset done
[2024-09-25 15:40:48,004][root][INFO] - cam_in_obs:(42, 4, 4)
[2024-09-25 15:40:48,006][root][INFO] - rot_grid:(252, 4, 4)
[2024-09-25 15:40:48,007][root][INFO] - after cluster, rot_grid:(252, 4, 4)
[2024-09-25 15:40:48,007][root][INFO] - self.rot_grid: torch.Size([252, 4, 4])
[2024-09-25 15:40:57,390][root][INFO] - Welcome
[2024-09-25 15:40:57,410][root][INFO] - poses:(252, 4, 4)
[2024-09-25 15:40:57,421][root][INFO] - after viewpoint, add_errs min:-1.0
[2024-09-25 15:40:57,450][root][INFO] - ob_in_cams:(252, 4, 4)
[2024-09-25 15:40:57,450][root][INFO] - self.cfg.use_normal:False
[2024-09-25 15:40:57,450][root][INFO] - trans_normalizer:[0.019999999552965164, 0.019999999552965164, 0.05000000074505806], rot_normalizer:0.3490658503988659
[2024-09-25 15:40:57,471][root][INFO] - making cropped data
[2024-09-25 15:40:57,471][root][INFO] - Welcome make_crop_data_batch
[2024-09-25 15:40:57,474][root][INFO] - make tf_to_crops done
[2024-09-25 15:40:57,506][root][INFO] - render done
[2024-09-25 15:40:57,511][root][INFO] - warp done
[2024-09-25 15:40:57,516][root][INFO] - pose batch data done
[2024-09-25 15:40:57,516][root][INFO] - forward start
[2024-09-25 15:40:57,627][root][INFO] - forward done
[2024-09-25 15:40:57,638][root][INFO] - making cropped data
[2024-09-25 15:40:57,638][root][INFO] - Welcome make_crop_data_batch
[2024-09-25 15:40:57,638][root][INFO] - make tf_to_crops done
[2024-09-25 15:40:57,656][root][INFO] - render done
[2024-09-25 15:40:57,659][root][INFO] - warp done
[2024-09-25 15:40:57,662][root][INFO] - pose batch data done
[2024-09-25 15:40:57,662][root][INFO] - forward start
[2024-09-25 15:40:57,663][root][INFO] - forward done
[2024-09-25 15:40:57,663][root][INFO] - making cropped data
[2024-09-25 15:40:57,663][root][INFO] - Welcome make_crop_data_batch
[2024-09-25 15:40:57,752][root][INFO] - make tf_to_crops done
[2024-09-25 15:40:57,769][root][INFO] - render done
[2024-09-25 15:40:57,772][root][INFO] - warp done
[2024-09-25 15:40:57,775][root][INFO] - pose batch data done
[2024-09-25 15:40:57,775][root][INFO] - forward start
[2024-09-25 15:40:57,776][root][INFO] - forward done
[2024-09-25 15:40:57,776][root][INFO] - making cropped data
[2024-09-25 15:40:57,777][root][INFO] - Welcome make_crop_data_batch
[2024-09-25 15:40:57,865][root][INFO] - make tf_to_crops done
[2024-09-25 15:40:57,882][root][INFO] - render done
[2024-09-25 15:40:57,886][root][INFO] - warp done
[2024-09-25 15:40:57,888][root][INFO] - pose batch data done
[2024-09-25 15:40:57,888][root][INFO] - forward start
[2024-09-25 15:40:57,890][root][INFO] - forward done
[2024-09-25 15:40:57,890][root][INFO] - making cropped data
[2024-09-25 15:40:57,890][root][INFO] - Welcome make_crop_data_batch
[2024-09-25 15:40:57,978][root][INFO] - make tf_to_crops done
[2024-09-25 15:40:57,996][root][INFO] - render done
[2024-09-25 15:40:57,999][root][INFO] - warp done
[2024-09-25 15:40:58,001][root][INFO] - pose batch data done
[2024-09-25 15:40:58,002][root][INFO] - forward start
[2024-09-25 15:40:58,003][root][INFO] - forward done
[2024-09-25 15:40:58,107][root][INFO] - ob_in_cams:(252, 4, 4)
[2024-09-25 15:40:58,107][root][INFO] - self.cfg.use_normal:False
[2024-09-25 15:40:58,107][root][INFO] - making cropped data
[2024-09-25 15:40:58,113][root][INFO] - Welcome make_crop_data_batch
[2024-09-25 15:40:58,113][root][INFO] - make tf_to_crops done
[2024-09-25 15:40:58,129][root][INFO] - render done
[2024-09-25 15:40:58,245][root][INFO] - pose batch data done
[2024-09-25 15:40:58,245][root][INFO] - pose_data.rgbAs.shape[0]: 252
[2024-09-25 15:40:58,333][root][INFO] - forward done
[2024-09-25 15:40:58,350][root][INFO] - final, add_errs min:-1.0
[2024-09-25 15:40:58,360][root][INFO] - sort ids:tensor([178, 184,  18,  94,  36, 120, 205,  84,  24,  61, 183,  23, 161,  53,
         55,  59, 211,  90, 114, 149, 187, 239,  19, 155, 197,  29, 111, 181,
         79,  83, 117, 137, 148, 179, 180, 243,  44, 110, 230,  12,  22,  27,
         32,  91,  95, 174, 245,  47,  48,  78, 166, 196,   4,  38,  80,  99,
        104, 113, 115, 119, 151, 170,  41,  85, 121, 162, 206, 220, 226,  81,
         87, 124, 212, 218, 241, 247,   5,  58, 154, 207, 213, 229, 231, 234,
        237,   7,  13,  28,  63,  68,  88, 132, 133, 175, 176, 201, 202, 210,
        219, 221, 222, 249,  15,  26,  37,  52,  82, 125, 134, 156, 167, 185,
        200, 203, 250,  14,  16,  62,  69,  93, 100, 108, 140, 143, 145, 157,
        160, 172, 199, 204, 236, 248,  33,  35,  45,  46,  56,  65,  73,  77,
         97, 103, 126, 129, 130, 138, 141, 144, 165, 169, 217, 227, 251,  31,
         42,  43,  50,  70,  92, 150, 177, 182, 186, 192,   1,   2,   3,  25,
         30,  49,  54,  86,  89, 102, 106, 109, 116, 131, 136, 158, 159, 163,
        188, 190, 193, 214, 242,   6,   8,  10,  21,  51,  66,  67,  72,  75,
        107, 135, 147, 194, 224, 228, 244,  20,  39,  40,  64, 123, 128, 139,
        153, 168, 173, 191, 223, 238,  17,  60,  76,  96,  98, 101, 225, 235,
         11,  34,  57,  71,  74, 105, 142, 195, 198, 215, 246,   0, 112, 118,
        127, 146, 171, 208, 209,   9, 122, 164, 216, 232, 233, 240, 152, 189])
[2024-09-25 15:40:58,363][root][INFO] - sorted scores:tensor([143.7812, 143.6875, 143.5625, 143.5625, 143.4375, 143.4375, 143.4375,
        143.4062, 143.3750, 143.3438, 143.3438, 143.2812, 143.2812, 143.2500,
        143.2500, 143.2500, 143.2500, 143.2188, 143.2188, 143.2188, 143.2188,
        143.2188, 143.1875, 143.1875, 143.1875, 143.1562, 143.1562, 143.1562,
        143.1250, 143.1250, 143.1250, 143.1250, 143.1250, 143.1250, 143.1250,
        143.1250, 143.0938, 143.0938, 143.0938, 143.0625, 143.0625, 143.0625,
        143.0625, 143.0625, 143.0625, 143.0625, 143.0625, 143.0312, 143.0312,
        143.0312, 143.0312, 143.0312, 143.0000, 143.0000, 143.0000, 143.0000,
        143.0000, 143.0000, 143.0000, 143.0000, 143.0000, 143.0000, 142.9688,
        142.9688, 142.9688, 142.9688, 142.9688, 142.9688, 142.9688, 142.9375,
        142.9375, 142.9375, 142.9375, 142.9375, 142.9375, 142.9375, 142.9062,
        142.9062, 142.9062, 142.9062, 142.9062, 142.9062, 142.9062, 142.9062,
        142.9062, 142.8750, 142.8750, 142.8750, 142.8750, 142.8750, 142.8750,
        142.8750, 142.8750, 142.8750, 142.8750, 142.8750, 142.8750, 142.8750,
        142.8750, 142.8750, 142.8750, 142.8750, 142.8438, 142.8438, 142.8438,
        142.8438, 142.8438, 142.8438, 142.8438, 142.8438, 142.8438, 142.8438,
        142.8438, 142.8438, 142.8438, 142.8125, 142.8125, 142.8125, 142.8125,
        142.8125, 142.8125, 142.8125, 142.8125, 142.8125, 142.8125, 142.8125,
        142.8125, 142.8125, 142.8125, 142.8125, 142.8125, 142.8125, 142.7812,
        142.7812, 142.7812, 142.7812, 142.7812, 142.7812, 142.7812, 142.7812,
        142.7812, 142.7812, 142.7812, 142.7812, 142.7812, 142.7812, 142.7812,
        142.7812, 142.7812, 142.7812, 142.7812, 142.7812, 142.7812, 142.7500,
        142.7500, 142.7500, 142.7500, 142.7500, 142.7500, 142.7500, 142.7500,
        142.7500, 142.7500, 142.7500, 142.7188, 142.7188, 142.7188, 142.7188,
        142.7188, 142.7188, 142.7188, 142.7188, 142.7188, 142.7188, 142.7188,
        142.7188, 142.7188, 142.7188, 142.7188, 142.7188, 142.7188, 142.7188,
        142.7188, 142.7188, 142.7188, 142.7188, 142.7188, 142.6875, 142.6875,
        142.6875, 142.6875, 142.6875, 142.6875, 142.6875, 142.6875, 142.6875,
        142.6875, 142.6875, 142.6875, 142.6875, 142.6875, 142.6875, 142.6875,
        142.6562, 142.6562, 142.6562, 142.6562, 142.6562, 142.6562, 142.6562,
        142.6562, 142.6562, 142.6562, 142.6562, 142.6562, 142.6562, 142.6250,
        142.6250, 142.6250, 142.6250, 142.6250, 142.6250, 142.6250, 142.6250,
        142.5938, 142.5938, 142.5938, 142.5938, 142.5938, 142.5938, 142.5938,
        142.5938, 142.5938, 142.5938, 142.5938, 142.5625, 142.5625, 142.5625,
        142.5625, 142.5625, 142.5625, 142.5625, 142.5625, 142.5312, 142.5312,
        142.5312, 142.5312, 142.5312, 142.5312, 142.5312, 142.5000, 142.5000])
[2024-09-25 15:41:09,544][websockets.server][INFO] - server listening on 0.0.0.0:8080
[2024-09-25 15:41:10,130][websockets.server][INFO] - connection open
