[2024-09-19 22:07:38,955][root][INFO] - self.cfg: 
 lr: 0.0001
c_in: 6
zfar: 'Infinity'
debug: null
n_view: 1
run_id: 3wy8qqex
use_BN: true
exp_name: 2024-01-11-20-02-45
n_epochs: 62
save_dir: /home/bowenw/debug/2024-01-11-20-02-45/
use_mask: false
loss_type: pairwise_valid
optimizer: adam
batch_size: 64
crop_ratio: 1.1
enable_amp: true
use_normal: false
max_num_key: null
warmup_step: -1
input_resize:
- 160
- 160
max_step_val: 1000
vis_interval: 1000
weight_decay: 0
normalize_xyz: true
resume_run_id: null
clip_grad_norm: 'Infinity'
lr_epoch_decay: 500
render_backend: nvdiffrast
train_num_pair: 5
lr_decay_epochs:
- 50
n_epochs_warmup: 1
make_pair_online: false
gradient_max_norm: 'Infinity'
max_step_per_epoch: 10000
n_rendering_workers: 1
save_epoch_interval: 100
n_dataloader_workers: 100
split_objects_across_gpus: true
ckpt_dir: FoundationPose/learning/training/../../weights/2024-01-11-20-02-45/model_best.pth

[2024-09-19 22:07:38,955][root][INFO] - self.h5_file:None
[2024-09-19 22:07:39,132][root][INFO] - Using pretrained model from FoundationPose/learning/training/../../weights/2024-01-11-20-02-45/model_best.pth
[2024-09-19 22:07:39,192][root][INFO] - init done
[2024-09-19 22:07:39,192][root][INFO] - welcome
[2024-09-19 22:07:39,196][root][INFO] - self.cfg: 
 lr: 0.0001
c_in: 6
zfar: .inf
debug: null
w_rot: 0.1
n_view: 1
run_id: null
use_BN: true
rot_rep: axis_angle
ckpt_dir: FoundationPose/learning/training/../../weights/2023-10-28-18-33-37/model_best.pth
exp_name: 2023-10-28-18-33-37
save_dir: /tmp/2023-10-28-18-33-37/
loss_type: l2
optimizer: adam
trans_rep: tracknet
batch_size: 64
crop_ratio: 1.2
use_normal: false
BN_momentum: 0.1
max_num_key: null
warmup_step: -1
input_resize:
- 160
- 160
max_step_val: 1000
normal_uint8: false
vis_interval: 1000
weight_decay: 0
n_max_objects: null
normalize_xyz: true
clip_grad_norm: 'Infinity'
rot_normalizer: 0.3490658503988659
trans_normalizer:
- 0.019999999552965164
- 0.019999999552965164
- 0.05000000074505806
max_step_per_epoch: 25000
val_epoch_interval: 10
n_dataloader_workers: 60
enable_amp: true
use_mask: false

[2024-09-19 22:07:39,196][root][INFO] - self.h5_file:
[2024-09-19 22:07:39,246][root][INFO] - Using pretrained model from FoundationPose/learning/training/../../weights/2023-10-28-18-33-37/model_best.pth
[2024-09-19 22:07:39,269][root][INFO] - init done
[2024-09-19 22:07:41,461][root][INFO] - self.diameter:0.16911805808118208, vox_size:0.008455902904059103
[2024-09-19 22:07:41,477][root][INFO] - self.pts:torch.Size([675, 3])
[2024-09-19 22:07:42,446][root][INFO] - reset done
[2024-09-19 22:07:42,457][root][INFO] - cam_in_obs:(42, 4, 4)
[2024-09-19 22:07:42,460][root][INFO] - rot_grid:(252, 4, 4)
[2024-09-19 22:07:42,461][root][INFO] - after cluster, rot_grid:(252, 4, 4)
[2024-09-19 22:07:42,462][root][INFO] - self.rot_grid: torch.Size([252, 4, 4])
[2024-09-19 22:07:53,123][root][INFO] - Welcome
[2024-09-19 22:07:53,146][root][INFO] - poses:(252, 4, 4)
[2024-09-19 22:07:53,155][root][INFO] - after viewpoint, add_errs min:-1.0
[2024-09-19 22:07:53,234][root][INFO] - ob_in_cams:(252, 4, 4)
[2024-09-19 22:07:53,234][root][INFO] - self.cfg.use_normal:False
[2024-09-19 22:07:53,234][root][INFO] - trans_normalizer:[0.019999999552965164, 0.019999999552965164, 0.05000000074505806], rot_normalizer:0.3490658503988659
[2024-09-19 22:07:53,238][root][INFO] - making cropped data
[2024-09-19 22:07:53,238][root][INFO] - Welcome make_crop_data_batch
[2024-09-19 22:07:53,243][root][INFO] - make tf_to_crops done
[2024-09-19 22:07:53,278][root][INFO] - render done
[2024-09-19 22:07:53,284][root][INFO] - warp done
[2024-09-19 22:07:53,290][root][INFO] - pose batch data done
[2024-09-19 22:07:53,290][root][INFO] - forward start
[2024-09-19 22:07:53,410][root][INFO] - forward done
[2024-09-19 22:07:53,421][root][INFO] - making cropped data
[2024-09-19 22:07:53,421][root][INFO] - Welcome make_crop_data_batch
[2024-09-19 22:07:53,422][root][INFO] - make tf_to_crops done
[2024-09-19 22:07:53,445][root][INFO] - render done
[2024-09-19 22:07:53,448][root][INFO] - warp done
[2024-09-19 22:07:53,451][root][INFO] - pose batch data done
[2024-09-19 22:07:53,451][root][INFO] - forward start
[2024-09-19 22:07:53,452][root][INFO] - forward done
[2024-09-19 22:07:53,452][root][INFO] - making cropped data
[2024-09-19 22:07:53,453][root][INFO] - Welcome make_crop_data_batch
[2024-09-19 22:07:53,554][root][INFO] - make tf_to_crops done
[2024-09-19 22:07:53,577][root][INFO] - render done
[2024-09-19 22:07:53,580][root][INFO] - warp done
[2024-09-19 22:07:53,583][root][INFO] - pose batch data done
[2024-09-19 22:07:53,583][root][INFO] - forward start
[2024-09-19 22:07:53,584][root][INFO] - forward done
[2024-09-19 22:07:53,585][root][INFO] - making cropped data
[2024-09-19 22:07:53,585][root][INFO] - Welcome make_crop_data_batch
[2024-09-19 22:07:53,686][root][INFO] - make tf_to_crops done
[2024-09-19 22:07:53,709][root][INFO] - render done
[2024-09-19 22:07:53,712][root][INFO] - warp done
[2024-09-19 22:07:53,715][root][INFO] - pose batch data done
[2024-09-19 22:07:53,715][root][INFO] - forward start
[2024-09-19 22:07:53,716][root][INFO] - forward done
[2024-09-19 22:07:53,717][root][INFO] - making cropped data
[2024-09-19 22:07:53,717][root][INFO] - Welcome make_crop_data_batch
[2024-09-19 22:07:53,817][root][INFO] - make tf_to_crops done
[2024-09-19 22:07:53,840][root][INFO] - render done
[2024-09-19 22:07:53,844][root][INFO] - warp done
[2024-09-19 22:07:53,846][root][INFO] - pose batch data done
[2024-09-19 22:07:53,846][root][INFO] - forward start
[2024-09-19 22:07:53,847][root][INFO] - forward done
[2024-09-19 22:07:53,963][root][INFO] - ob_in_cams:(252, 4, 4)
[2024-09-19 22:07:53,964][root][INFO] - self.cfg.use_normal:False
[2024-09-19 22:07:53,964][root][INFO] - making cropped data
[2024-09-19 22:07:53,970][root][INFO] - Welcome make_crop_data_batch
[2024-09-19 22:07:53,971][root][INFO] - make tf_to_crops done
[2024-09-19 22:07:53,991][root][INFO] - render done
[2024-09-19 22:07:54,121][root][INFO] - pose batch data done
[2024-09-19 22:07:54,122][root][INFO] - pose_data.rgbAs.shape[0]: 252
[2024-09-19 22:07:54,219][root][INFO] - forward done
[2024-09-19 22:07:54,237][root][INFO] - final, add_errs min:-1.0
[2024-09-19 22:07:54,246][root][INFO] - sort ids:tensor([  0,   5,   6,  11,  35,  42,  72,  77,  96, 101, 102, 107, 126, 131,
        132, 137, 144, 198, 203, 221, 222, 227, 240,  66, 168, 162, 173,  86,
         30,  54,  57, 147, 165, 192, 206, 230, 247, 199, 204, 229, 177,  47,
         41, 235,  92, 180,  27, 141, 210,  44, 155, 169, 220,  45,  48, 156,
        110, 140, 212,   7,  36, 116, 150,  26,  65, 119, 217, 231,  68, 120,
        183, 223, 241,  61, 187,  20,  67, 114, 135, 160, 163, 236,  23,  29,
        108, 128, 161, 211, 218,   9,  71, 190,  51,  60,  75,  90, 179, 191,
        207, 209, 232, 248,   1,  31,  64,  81,  87,  97, 113, 117, 143, 167,
        170, 186, 224, 237, 238, 246, 251,  12,  15,  84, 125, 134, 145, 174,
        175, 184, 215,   8,  17,  22,  32,  52,  70,  73,  80,  82,  89,  99,
        103, 104, 122, 124, 127, 166, 195, 197, 205,  18,  74,  78,  88, 149,
        188,  14,  21,  33,  37,  56,  83,  93,  95, 121, 154, 178, 181, 189,
        213, 242,  19,  38,  55,  58,  76,  98, 105, 111, 115, 133, 138, 146,
        157, 171, 193, 196, 216, 226, 243, 244, 250,   3,  34,  49,  59,  62,
        129, 130, 136, 142, 202, 225, 245,  10,  13,  24,  39,  40,  46,  53,
         69,  91, 112, 152, 158, 172, 185, 214, 228, 233, 239,  16,  50,  79,
         85,  94, 118, 139, 148, 201, 208, 234, 249,   2,  63, 109, 123, 151,
        153, 176, 182, 200, 219,  25,  28,  43, 100, 106, 159, 164, 194,   4])
[2024-09-19 22:07:54,250][root][INFO] - sorted scores:tensor([54.0625, 54.0625, 54.0625, 54.0625, 54.0625, 54.0625, 54.0625, 54.0625,
        54.0625, 54.0625, 54.0625, 54.0625, 54.0625, 54.0625, 54.0625, 54.0625,
        54.0625, 54.0625, 54.0625, 54.0625, 54.0625, 54.0625, 54.0625, 54.0312,
        53.9688, 53.7812, 53.7812, 53.4375, 53.3438, 53.2812, 53.2500, 53.2500,
        53.2500, 53.2188, 53.2188, 53.1875, 53.1875, 53.1562, 53.0625, 53.0625,
        53.0312, 53.0000, 52.9688, 52.9688, 52.9375, 52.9375, 52.8750, 52.8750,
        52.8750, 52.8438, 52.8438, 52.8438, 52.8438, 52.8125, 52.8125, 52.8125,
        52.7812, 52.7812, 52.7812, 52.7500, 52.7500, 52.7500, 52.7500, 52.7188,
        52.7188, 52.6875, 52.6875, 52.6875, 52.6562, 52.6562, 52.6562, 52.6562,
        52.6562, 52.6250, 52.6250, 52.5938, 52.5938, 52.5938, 52.5938, 52.5938,
        52.5938, 52.5938, 52.5625, 52.5625, 52.5625, 52.5625, 52.5625, 52.5625,
        52.5625, 52.5000, 52.5000, 52.5000, 52.4688, 52.4688, 52.4688, 52.4688,
        52.4688, 52.4688, 52.4688, 52.4688, 52.4688, 52.4688, 52.4375, 52.4375,
        52.4375, 52.4375, 52.4375, 52.4375, 52.4375, 52.4375, 52.4375, 52.4375,
        52.4375, 52.4375, 52.4375, 52.4375, 52.4375, 52.4375, 52.4375, 52.4062,
        52.4062, 52.4062, 52.4062, 52.4062, 52.4062, 52.4062, 52.4062, 52.4062,
        52.4062, 52.3750, 52.3750, 52.3750, 52.3750, 52.3750, 52.3750, 52.3750,
        52.3750, 52.3750, 52.3750, 52.3750, 52.3750, 52.3750, 52.3750, 52.3750,
        52.3750, 52.3750, 52.3750, 52.3750, 52.3750, 52.3438, 52.3438, 52.3438,
        52.3438, 52.3438, 52.3438, 52.3125, 52.3125, 52.3125, 52.3125, 52.3125,
        52.3125, 52.3125, 52.3125, 52.3125, 52.3125, 52.3125, 52.3125, 52.3125,
        52.3125, 52.3125, 52.2812, 52.2812, 52.2812, 52.2812, 52.2812, 52.2812,
        52.2812, 52.2812, 52.2812, 52.2812, 52.2812, 52.2812, 52.2812, 52.2812,
        52.2812, 52.2812, 52.2812, 52.2812, 52.2812, 52.2812, 52.2812, 52.2500,
        52.2500, 52.2500, 52.2500, 52.2500, 52.2500, 52.2500, 52.2500, 52.2500,
        52.2500, 52.2500, 52.2500, 52.2188, 52.2188, 52.2188, 52.2188, 52.2188,
        52.2188, 52.2188, 52.2188, 52.2188, 52.2188, 52.2188, 52.2188, 52.2188,
        52.2188, 52.2188, 52.2188, 52.2188, 52.2188, 52.1875, 52.1875, 52.1875,
        52.1875, 52.1875, 52.1875, 52.1875, 52.1875, 52.1875, 52.1875, 52.1875,
        52.1875, 52.1562, 52.1562, 52.1562, 52.1562, 52.1562, 52.1562, 52.1562,
        52.1562, 52.1562, 52.1562, 52.1250, 52.1250, 52.1250, 52.1250, 52.1250,
        52.1250, 52.1250, 52.1250, 52.0938])
[2024-09-19 22:08:05,941][websockets.server][INFO] - server listening on 0.0.0.0:8080
[2024-09-19 22:08:06,571][websockets.server][INFO] - connection open
[2024-09-19 22:08:08,648][root][INFO] - Succeeded to open port: /dev/ttyUSB0
[2024-09-19 22:08:08,649][root][INFO] - Succeeded to set baudrate to 3000000
[2024-09-19 22:08:09,463][websockets.server][INFO] - connection open
[2024-09-19 22:08:34,157][root][ERROR] - > read: [TxRxResult] Incorrect status packet!
[2024-09-19 22:08:34,173][root][ERROR] - > read: [TxRxResult] Incorrect status packet!
[2024-09-19 22:08:34,276][root][ERROR] - > read: [TxRxResult] Incorrect status packet!
[2024-09-19 22:08:34,281][root][ERROR] - > read: [TxRxResult] Incorrect status packet!
