[2024-10-25 15:33:54,034][websockets.server][INFO] - server listening on 0.0.0.0:8080
[2024-10-25 15:33:54,278][root][INFO] - self.cfg: 
 lr: 0.0001
c_in: 6
zfar: 'Infinity'
debug: null
n_view: 1
run_id: 3wy8qqex
use_BN: true
exp_name: 2024-01-11-20-02-45
n_epochs: 62
save_dir: /home/bowenw/debug/2024-01-11-20-02-45/
use_mask: false
loss_type: pairwise_valid
optimizer: adam
batch_size: 64
crop_ratio: 1.1
enable_amp: true
use_normal: false
max_num_key: null
warmup_step: -1
input_resize:
- 160
- 160
max_step_val: 1000
vis_interval: 1000
weight_decay: 0
normalize_xyz: true
resume_run_id: null
clip_grad_norm: 'Infinity'
lr_epoch_decay: 500
render_backend: nvdiffrast
train_num_pair: 5
lr_decay_epochs:
- 50
n_epochs_warmup: 1
make_pair_online: false
gradient_max_norm: 'Infinity'
max_step_per_epoch: 10000
n_rendering_workers: 1
save_epoch_interval: 100
n_dataloader_workers: 100
split_objects_across_gpus: true
ckpt_dir: /home/shaol/gjx/rw/third_party/FoundationPose/learning/training/../../weights/2024-01-11-20-02-45/model_best.pth

[2024-10-25 15:33:54,278][root][INFO] - self.h5_file:None
[2024-10-25 15:33:54,420][websockets.server][INFO] - connection open
[2024-10-25 15:33:54,430][root][INFO] - Using pretrained model from /home/shaol/gjx/rw/third_party/FoundationPose/learning/training/../../weights/2024-01-11-20-02-45/model_best.pth
[2024-10-25 15:33:54,488][root][INFO] - init done
[2024-10-25 15:33:54,488][root][INFO] - welcome
[2024-10-25 15:33:54,492][root][INFO] - self.cfg: 
 lr: 0.0001
c_in: 6
zfar: .inf
debug: null
w_rot: 0.1
n_view: 1
run_id: null
use_BN: true
rot_rep: axis_angle
ckpt_dir: /home/shaol/gjx/rw/third_party/FoundationPose/learning/training/../../weights/2023-10-28-18-33-37/model_best.pth
exp_name: 2023-10-28-18-33-37
save_dir: /tmp/2023-10-28-18-33-37/
loss_type: l2
optimizer: adam
trans_rep: tracknet
batch_size: 64
crop_ratio: 1.2
use_normal: false
BN_momentum: 0.1
max_num_key: null
warmup_step: -1
input_resize:
- 160
- 160
max_step_val: 1000
normal_uint8: false
vis_interval: 1000
weight_decay: 0
n_max_objects: null
normalize_xyz: true
clip_grad_norm: 'Infinity'
rot_normalizer: 0.3490658503988659
trans_normalizer:
- 0.019999999552965164
- 0.019999999552965164
- 0.05000000074505806
max_step_per_epoch: 25000
val_epoch_interval: 10
n_dataloader_workers: 60
enable_amp: true
use_mask: false

[2024-10-25 15:33:54,492][root][INFO] - self.h5_file:
[2024-10-25 15:33:54,538][root][INFO] - Using pretrained model from /home/shaol/gjx/rw/third_party/FoundationPose/learning/training/../../weights/2023-10-28-18-33-37/model_best.pth
[2024-10-25 15:33:54,550][websockets.server][INFO] - connection open
[2024-10-25 15:33:54,556][root][INFO] - init done
[2024-10-25 15:33:56,782][root][INFO] - self.diameter:0.11847753403326647, vox_size:0.005923876701663324
[2024-10-25 15:33:56,796][root][INFO] - self.pts:torch.Size([933, 3])
[2024-10-25 15:33:57,626][root][INFO] - reset done
[2024-10-25 15:33:57,627][root][INFO] - cam_in_obs:(42, 4, 4)
[2024-10-25 15:33:57,628][root][INFO] - rot_grid:(252, 4, 4)
[2024-10-25 15:33:57,629][root][INFO] - after cluster, rot_grid:(252, 4, 4)
[2024-10-25 15:33:57,630][root][INFO] - self.rot_grid: torch.Size([252, 4, 4])
[2024-10-25 15:34:08,043][root][INFO] - Welcome
[2024-10-25 15:34:08,059][root][INFO] - poses:(252, 4, 4)
[2024-10-25 15:34:08,069][root][INFO] - after viewpoint, add_errs min:-1.0
[2024-10-25 15:34:08,140][root][INFO] - ob_in_cams:(252, 4, 4)
[2024-10-25 15:34:08,142][root][INFO] - self.cfg.use_normal:False
[2024-10-25 15:34:08,142][root][INFO] - trans_normalizer:[0.019999999552965164, 0.019999999552965164, 0.05000000074505806], rot_normalizer:0.3490658503988659
[2024-10-25 15:34:08,144][root][INFO] - making cropped data
[2024-10-25 15:34:08,145][root][INFO] - Welcome make_crop_data_batch
[2024-10-25 15:34:08,150][root][INFO] - make tf_to_crops done
[2024-10-25 15:34:08,183][root][INFO] - render done
[2024-10-25 15:34:08,190][root][INFO] - warp done
[2024-10-25 15:34:08,194][root][INFO] - pose batch data done
[2024-10-25 15:34:08,195][root][INFO] - forward start
[2024-10-25 15:34:08,320][root][INFO] - forward done
[2024-10-25 15:34:08,331][root][INFO] - making cropped data
[2024-10-25 15:34:08,331][root][INFO] - Welcome make_crop_data_batch
[2024-10-25 15:34:08,332][root][INFO] - make tf_to_crops done
[2024-10-25 15:34:08,353][root][INFO] - render done
[2024-10-25 15:34:08,356][root][INFO] - warp done
[2024-10-25 15:34:08,359][root][INFO] - pose batch data done
[2024-10-25 15:34:08,359][root][INFO] - forward start
[2024-10-25 15:34:08,360][root][INFO] - forward done
[2024-10-25 15:34:08,361][root][INFO] - making cropped data
[2024-10-25 15:34:08,361][root][INFO] - Welcome make_crop_data_batch
[2024-10-25 15:34:08,458][root][INFO] - make tf_to_crops done
[2024-10-25 15:34:08,480][root][INFO] - render done
[2024-10-25 15:34:08,484][root][INFO] - warp done
[2024-10-25 15:34:08,487][root][INFO] - pose batch data done
[2024-10-25 15:34:08,487][root][INFO] - forward start
[2024-10-25 15:34:08,488][root][INFO] - forward done
[2024-10-25 15:34:08,489][root][INFO] - making cropped data
[2024-10-25 15:34:08,489][root][INFO] - Welcome make_crop_data_batch
[2024-10-25 15:34:08,586][root][INFO] - make tf_to_crops done
[2024-10-25 15:34:08,607][root][INFO] - render done
[2024-10-25 15:34:08,610][root][INFO] - warp done
[2024-10-25 15:34:08,613][root][INFO] - pose batch data done
[2024-10-25 15:34:08,613][root][INFO] - forward start
[2024-10-25 15:34:08,615][root][INFO] - forward done
[2024-10-25 15:34:08,615][root][INFO] - making cropped data
[2024-10-25 15:34:08,615][root][INFO] - Welcome make_crop_data_batch
[2024-10-25 15:34:08,713][root][INFO] - make tf_to_crops done
[2024-10-25 15:34:08,735][root][INFO] - render done
[2024-10-25 15:34:08,739][root][INFO] - warp done
[2024-10-25 15:34:08,741][root][INFO] - pose batch data done
[2024-10-25 15:34:08,741][root][INFO] - forward start
[2024-10-25 15:34:08,743][root][INFO] - forward done
[2024-10-25 15:34:08,855][root][INFO] - ob_in_cams:(252, 4, 4)
[2024-10-25 15:34:08,855][root][INFO] - self.cfg.use_normal:False
[2024-10-25 15:34:08,855][root][INFO] - making cropped data
[2024-10-25 15:34:08,862][root][INFO] - Welcome make_crop_data_batch
[2024-10-25 15:34:08,862][root][INFO] - make tf_to_crops done
[2024-10-25 15:34:08,882][root][INFO] - render done
[2024-10-25 15:34:09,007][root][INFO] - pose batch data done
[2024-10-25 15:34:09,007][root][INFO] - pose_data.rgbAs.shape[0]: 252
[2024-10-25 15:34:09,101][root][INFO] - forward done
[2024-10-25 15:34:09,119][root][INFO] - final, add_errs min:-1.0
[2024-10-25 15:34:09,127][root][INFO] - sort ids:tensor([ 26,  22, 236,  15, 235,  88, 230, 154,  14, 124, 184, 119, 179,  95,
        178, 206,  80,   2,  82,  86,  92,  98,   4,  76, 125, 133, 155, 188,
         32,  33,  81,  94, 116, 146,  83,  85, 106, 127, 170,   8,  27,  73,
         74,  99, 100, 104, 145, 169, 211, 226, 229, 244,   7,  75,  87, 105,
        130, 134,  13,  78,  79, 120, 121, 161,   3,  21,  23, 103, 205,  41,
         93,  18,  36, 115, 114,  47, 126, 202,   9,  12,  42,  72, 163,   0,
          6, 132, 221,  77, 187, 101, 131, 227, 137, 203,   5,  91, 183, 225,
        160, 162, 220,  10,  28,  84, 107, 128, 122, 136,   1,  19,  97, 199,
         17,  71, 210, 241,  16, 148, 166,  20,  45,  96, 117, 123, 129, 149,
        200, 232,  30, 118, 135, 141, 152, 209, 224, 239, 247,  35,  39,  61,
         89,  90, 108, 158, 176, 177, 243,  11,  50,  56, 138, 151, 172, 173,
        175, 193,  49, 194, 208, 223, 233, 250,  24,  58,  64,  70, 111, 181,
        191, 197, 214,  52,  55,  68, 144, 248,  29, 102, 196, 204,  59,  67,
        251,  44, 218,  65,  43,  34, 182, 240, 159,  38,  53,  62, 112, 139,
        222, 237,  25,  40, 140, 142, 165, 189, 190, 195, 228, 242,  46, 109,
        147, 153, 186, 207, 216, 231, 234, 238, 249,  37,  57,  63,  66, 150,
        164, 171, 219, 245,  51,  54,  60, 110, 113, 143, 156, 167, 168, 180,
        198, 201, 246,  48,  69, 174, 192, 212, 215, 185, 213, 217, 157,  31])
[2024-10-25 15:34:09,131][root][INFO] - sorted scores:tensor([120.2656, 120.1562, 120.1562, 120.1250, 120.1250, 120.1094, 120.0781,
        120.0625, 120.0312, 120.0312, 120.0312, 120.0156, 120.0156, 120.0000,
        120.0000, 120.0000, 119.9844, 119.9688, 119.9688, 119.9688, 119.9688,
        119.9531, 119.9375, 119.9375, 119.9375, 119.9375, 119.9375, 119.9375,
        119.9219, 119.9219, 119.9219, 119.9219, 119.9219, 119.9219, 119.9062,
        119.9062, 119.9062, 119.9062, 119.9062, 119.8906, 119.8906, 119.8906,
        119.8906, 119.8906, 119.8906, 119.8906, 119.8906, 119.8906, 119.8906,
        119.8906, 119.8906, 119.8906, 119.8750, 119.8750, 119.8750, 119.8750,
        119.8750, 119.8750, 119.8594, 119.8594, 119.8594, 119.8594, 119.8594,
        119.8594, 119.8438, 119.8438, 119.8438, 119.8438, 119.8438, 119.8281,
        119.8281, 119.8125, 119.8125, 119.8125, 119.7969, 119.7812, 119.7812,
        119.7812, 119.7656, 119.7656, 119.7656, 119.7500, 119.7500, 119.7344,
        119.7344, 119.7188, 119.7188, 119.6562, 119.6562, 119.6250, 119.6250,
        119.6094, 119.5938, 119.5781, 119.5469, 119.5312, 119.4375, 119.3750,
        119.2812, 119.2812, 119.2812, 119.2500, 119.1875, 119.1875, 119.1875,
        119.1875, 119.1719, 119.1719, 119.1562, 119.1562, 119.1562, 119.1562,
        119.1406, 119.1406, 119.1406, 119.1406, 119.1250, 119.1250, 119.1250,
        119.1094, 119.1094, 119.1094, 119.1094, 119.1094, 119.1094, 119.1094,
        119.1094, 119.1094, 119.0938, 119.0938, 119.0938, 119.0938, 119.0938,
        119.0938, 119.0938, 119.0938, 119.0938, 119.0781, 119.0781, 119.0781,
        119.0781, 119.0781, 119.0781, 119.0781, 119.0781, 119.0781, 119.0781,
        119.0625, 119.0625, 119.0625, 119.0625, 119.0625, 119.0625, 119.0625,
        119.0625, 119.0625, 119.0469, 119.0469, 119.0469, 119.0469, 119.0469,
        119.0469, 119.0312, 119.0312, 119.0312, 119.0312, 119.0312, 119.0312,
        119.0312, 119.0312, 119.0312, 119.0156, 119.0156, 119.0156, 119.0156,
        119.0156, 119.0000, 119.0000, 119.0000, 118.9844, 118.9688, 118.9688,
        118.9688, 118.9531, 118.9531, 118.9375, 118.9219, 118.9062, 118.8906,
        118.8906, 118.8750, 118.8594, 118.8594, 118.8594, 118.8594, 118.8594,
        118.8594, 118.8594, 118.8438, 118.8438, 118.8438, 118.8438, 118.8438,
        118.8438, 118.8438, 118.8438, 118.8438, 118.8438, 118.8281, 118.8281,
        118.8281, 118.8281, 118.8281, 118.8281, 118.8281, 118.8281, 118.8281,
        118.8281, 118.8281, 118.8125, 118.8125, 118.8125, 118.8125, 118.8125,
        118.8125, 118.8125, 118.8125, 118.8125, 118.7969, 118.7969, 118.7969,
        118.7969, 118.7969, 118.7969, 118.7969, 118.7969, 118.7969, 118.7969,
        118.7969, 118.7969, 118.7969, 118.7812, 118.7812, 118.7812, 118.7812,
        118.7812, 118.7812, 118.7656, 118.7656, 118.7656, 118.7500, 118.7344])
