[2024-09-22 20:51:09,963][root][INFO] - self.cfg: 
 lr: 0.0001
c_in: 6
zfar: 'Infinity'
debug: null
n_view: 1
run_id: 3wy8qqex
use_BN: true
exp_name: 2024-01-11-20-02-45
n_epochs: 62
save_dir: /home/bowenw/debug/2024-01-11-20-02-45/
use_mask: false
loss_type: pairwise_valid
optimizer: adam
batch_size: 64
crop_ratio: 1.1
enable_amp: true
use_normal: false
max_num_key: null
warmup_step: -1
input_resize:
- 160
- 160
max_step_val: 1000
vis_interval: 1000
weight_decay: 0
normalize_xyz: true
resume_run_id: null
clip_grad_norm: 'Infinity'
lr_epoch_decay: 500
render_backend: nvdiffrast
train_num_pair: 5
lr_decay_epochs:
- 50
n_epochs_warmup: 1
make_pair_online: false
gradient_max_norm: 'Infinity'
max_step_per_epoch: 10000
n_rendering_workers: 1
save_epoch_interval: 100
n_dataloader_workers: 100
split_objects_across_gpus: true
ckpt_dir: FoundationPose/learning/training/../../weights/2024-01-11-20-02-45/model_best.pth

[2024-09-22 20:51:09,963][root][INFO] - self.h5_file:None
[2024-09-22 20:51:10,147][root][INFO] - Using pretrained model from FoundationPose/learning/training/../../weights/2024-01-11-20-02-45/model_best.pth
[2024-09-22 20:51:10,211][root][INFO] - init done
[2024-09-22 20:51:10,211][root][INFO] - welcome
[2024-09-22 20:51:10,214][root][INFO] - self.cfg: 
 lr: 0.0001
c_in: 6
zfar: .inf
debug: null
w_rot: 0.1
n_view: 1
run_id: null
use_BN: true
rot_rep: axis_angle
ckpt_dir: FoundationPose/learning/training/../../weights/2023-10-28-18-33-37/model_best.pth
exp_name: 2023-10-28-18-33-37
save_dir: /tmp/2023-10-28-18-33-37/
loss_type: l2
optimizer: adam
trans_rep: tracknet
batch_size: 64
crop_ratio: 1.2
use_normal: false
BN_momentum: 0.1
max_num_key: null
warmup_step: -1
input_resize:
- 160
- 160
max_step_val: 1000
normal_uint8: false
vis_interval: 1000
weight_decay: 0
n_max_objects: null
normalize_xyz: true
clip_grad_norm: 'Infinity'
rot_normalizer: 0.3490658503988659
trans_normalizer:
- 0.019999999552965164
- 0.019999999552965164
- 0.05000000074505806
max_step_per_epoch: 25000
val_epoch_interval: 10
n_dataloader_workers: 60
enable_amp: true
use_mask: false

[2024-09-22 20:51:10,215][root][INFO] - self.h5_file:
[2024-09-22 20:51:10,264][root][INFO] - Using pretrained model from FoundationPose/learning/training/../../weights/2023-10-28-18-33-37/model_best.pth
[2024-09-22 20:51:10,290][root][INFO] - init done
[2024-09-22 20:51:12,520][root][INFO] - self.diameter:0.2324774443430137, vox_size:0.011623872217150685
[2024-09-22 20:51:12,535][root][INFO] - self.pts:torch.Size([385, 3])
[2024-09-22 20:51:13,342][root][INFO] - reset done
[2024-09-22 20:51:13,343][root][INFO] - cam_in_obs:(42, 4, 4)
[2024-09-22 20:51:13,344][root][INFO] - rot_grid:(252, 4, 4)
[2024-09-22 20:51:13,345][root][INFO] - after cluster, rot_grid:(252, 4, 4)
[2024-09-22 20:51:13,345][root][INFO] - self.rot_grid: torch.Size([252, 4, 4])
[2024-09-22 20:51:22,386][root][INFO] - Welcome
[2024-09-22 20:51:22,401][root][INFO] - poses:(252, 4, 4)
[2024-09-22 20:51:22,411][root][INFO] - after viewpoint, add_errs min:-1.0
[2024-09-22 20:51:22,443][root][INFO] - ob_in_cams:(252, 4, 4)
[2024-09-22 20:51:22,444][root][INFO] - self.cfg.use_normal:False
[2024-09-22 20:51:22,444][root][INFO] - trans_normalizer:[0.019999999552965164, 0.019999999552965164, 0.05000000074505806], rot_normalizer:0.3490658503988659
[2024-09-22 20:51:22,489][root][INFO] - making cropped data
[2024-09-22 20:51:22,489][root][INFO] - Welcome make_crop_data_batch
[2024-09-22 20:51:22,494][root][INFO] - make tf_to_crops done
[2024-09-22 20:51:22,521][root][INFO] - render done
[2024-09-22 20:51:22,527][root][INFO] - warp done
[2024-09-22 20:51:22,532][root][INFO] - pose batch data done
[2024-09-22 20:51:22,533][root][INFO] - forward start
[2024-09-22 20:51:22,650][root][INFO] - forward done
[2024-09-22 20:51:22,660][root][INFO] - making cropped data
[2024-09-22 20:51:22,660][root][INFO] - Welcome make_crop_data_batch
[2024-09-22 20:51:22,661][root][INFO] - make tf_to_crops done
[2024-09-22 20:51:22,678][root][INFO] - render done
[2024-09-22 20:51:22,682][root][INFO] - warp done
[2024-09-22 20:51:22,684][root][INFO] - pose batch data done
[2024-09-22 20:51:22,684][root][INFO] - forward start
[2024-09-22 20:51:22,686][root][INFO] - forward done
[2024-09-22 20:51:22,686][root][INFO] - making cropped data
[2024-09-22 20:51:22,686][root][INFO] - Welcome make_crop_data_batch
[2024-09-22 20:51:22,785][root][INFO] - make tf_to_crops done
[2024-09-22 20:51:22,803][root][INFO] - render done
[2024-09-22 20:51:22,807][root][INFO] - warp done
[2024-09-22 20:51:22,810][root][INFO] - pose batch data done
[2024-09-22 20:51:22,810][root][INFO] - forward start
[2024-09-22 20:51:22,811][root][INFO] - forward done
[2024-09-22 20:51:22,812][root][INFO] - making cropped data
[2024-09-22 20:51:22,812][root][INFO] - Welcome make_crop_data_batch
[2024-09-22 20:51:22,909][root][INFO] - make tf_to_crops done
[2024-09-22 20:51:22,927][root][INFO] - render done
[2024-09-22 20:51:22,931][root][INFO] - warp done
[2024-09-22 20:51:22,934][root][INFO] - pose batch data done
[2024-09-22 20:51:22,934][root][INFO] - forward start
[2024-09-22 20:51:22,935][root][INFO] - forward done
[2024-09-22 20:51:22,936][root][INFO] - making cropped data
[2024-09-22 20:51:22,936][root][INFO] - Welcome make_crop_data_batch
[2024-09-22 20:51:23,035][root][INFO] - make tf_to_crops done
[2024-09-22 20:51:23,052][root][INFO] - render done
[2024-09-22 20:51:23,057][root][INFO] - warp done
[2024-09-22 20:51:23,059][root][INFO] - pose batch data done
[2024-09-22 20:51:23,060][root][INFO] - forward start
[2024-09-22 20:51:23,061][root][INFO] - forward done
[2024-09-22 20:51:23,173][root][INFO] - ob_in_cams:(252, 4, 4)
[2024-09-22 20:51:23,173][root][INFO] - self.cfg.use_normal:False
[2024-09-22 20:51:23,173][root][INFO] - making cropped data
[2024-09-22 20:51:23,190][root][INFO] - Welcome make_crop_data_batch
[2024-09-22 20:51:23,191][root][INFO] - make tf_to_crops done
[2024-09-22 20:51:23,207][root][INFO] - render done
[2024-09-22 20:51:23,334][root][INFO] - pose batch data done
[2024-09-22 20:51:23,334][root][INFO] - pose_data.rgbAs.shape[0]: 252
[2024-09-22 20:51:23,431][root][INFO] - forward done
[2024-09-22 20:51:23,448][root][INFO] - final, add_errs min:-1.0
[2024-09-22 20:51:23,458][root][INFO] - sort ids:tensor([107, 132,  47,  11,  42,  77, 126, 131, 137, 203, 221,   4,   5,  72,
        101, 202, 227,  10, 130,  76, 100,  64, 106, 226,   6, 245,   0, 244,
        251,  34,   8, 146,  74,  75, 104, 128, 170,  32,  98,  99, 105, 134,
        187, 188,   1, 169,   2,  97, 103,   7,  73,  33, 127, 145, 164,   9,
        133, 194,  50,  55,  43,   3, 216,  96, 163, 129,  56, 108, 138,  62,
         79, 121,  85,  86, 206, 229,  13,  67,  68,  92, 116, 171, 248,  14,
         20,  80,  91, 122, 205, 212, 230,  19,  26, 209, 235, 236,  71, 111,
         17,  52,  53, 119, 139, 150, 155, 161, 237, 250,  22,  41,  59,  65,
         82,  83,  88,  94,  95, 124, 125, 179, 197,  23,  49,  89, 118, 141,
        154, 185, 191, 196,  16,  44, 135, 117, 160, 178,  61, 247,  27,  28,
         93, 231,  18,  58,  81,  84, 114, 120,  15,  21,  36, 102, 123, 184,
         78,  90, 115, 211,  12,  37,  70,  87, 156, 241, 198, 109, 159, 218,
        147, 189, 167, 182, 234, 242, 193, 200, 149, 181, 190, 172, 204,  46,
        152, 215, 239,  31, 151, 158, 175, 176, 232, 233,  24,  45, 136, 148,
        173, 208, 214,  25,  30, 220,  39,  40, 112, 166, 225, 142, 144, 223,
        219, 224, 186, 199, 177,  48,  35, 201, 192,  57, 110, 162,  69, 113,
        183, 210, 243,  60, 238, 246, 195,  51,  54,  63, 143, 249,  66, 140,
        157, 165, 213, 217, 222, 228,  38, 168, 180, 153, 240,  29, 174, 207])
[2024-09-22 20:51:23,461][root][INFO] - sorted scores:tensor([79.1562, 79.1562, 79.1406, 79.1250, 79.1250, 79.1250, 79.1250, 79.1250,
        79.1250, 79.1250, 79.1250, 79.1094, 79.1094, 79.1094, 79.1094, 79.1094,
        79.1094, 79.0938, 79.0781, 79.0625, 79.0625, 79.0469, 79.0469, 78.9844,
        78.9688, 78.9375, 78.9219, 78.9219, 78.9219, 78.9062, 78.7656, 78.7656,
        78.7500, 78.7500, 78.7500, 78.7500, 78.7500, 78.7344, 78.7344, 78.7344,
        78.7344, 78.7344, 78.7344, 78.7344, 78.7188, 78.7188, 78.7031, 78.7031,
        78.7031, 78.6875, 78.6875, 78.6719, 78.6719, 78.6719, 78.6719, 78.6562,
        78.6562, 78.6406, 78.5781, 78.5625, 78.5312, 78.5156, 78.5000, 78.4844,
        78.4688, 78.4531, 78.4375, 78.3906, 78.3906, 78.3594, 78.3594, 78.3594,
        78.3438, 78.3438, 78.3438, 78.3438, 78.3281, 78.3281, 78.3281, 78.3281,
        78.3281, 78.3281, 78.3281, 78.3125, 78.3125, 78.3125, 78.3125, 78.3125,
        78.3125, 78.3125, 78.3125, 78.2969, 78.2969, 78.2969, 78.2969, 78.2969,
        78.2812, 78.2812, 78.2344, 78.2344, 78.2344, 78.2344, 78.2344, 78.2344,
        78.2344, 78.2344, 78.2344, 78.2344, 78.2188, 78.2188, 78.2188, 78.2188,
        78.2188, 78.2188, 78.2188, 78.2188, 78.2188, 78.2188, 78.2188, 78.2188,
        78.2188, 78.2031, 78.2031, 78.2031, 78.2031, 78.2031, 78.2031, 78.2031,
        78.2031, 78.2031, 78.1875, 78.1875, 78.1875, 78.1719, 78.1719, 78.1719,
        78.1562, 78.1562, 78.1406, 78.1406, 78.1406, 78.1406, 78.1250, 78.1250,
        78.1250, 78.1250, 78.1250, 78.1250, 78.1094, 78.1094, 78.1094, 78.1094,
        78.1094, 78.1094, 78.0938, 78.0938, 78.0938, 78.0938, 78.0781, 78.0781,
        78.0781, 78.0781, 78.0781, 78.0625, 78.0469, 78.0000, 77.9531, 77.9531,
        77.9375, 77.9375, 77.8750, 77.8750, 77.8594, 77.8594, 77.8438, 77.8438,
        77.7656, 77.7656, 77.7500, 77.7344, 77.7344, 77.7188, 77.7188, 77.7188,
        77.7188, 77.7031, 77.7031, 77.7031, 77.7031, 77.7031, 77.7031, 77.7031,
        77.6875, 77.6875, 77.6875, 77.6875, 77.6875, 77.6875, 77.6875, 77.6719,
        77.6719, 77.6719, 77.6562, 77.6562, 77.6562, 77.6562, 77.6562, 77.6406,
        77.6250, 77.6250, 77.5938, 77.5156, 77.4375, 77.4375, 77.4219, 77.4062,
        77.3906, 77.3906, 77.3750, 77.3594, 77.3594, 77.3594, 77.3438, 77.3438,
        77.3438, 77.3438, 77.3438, 77.3281, 77.3281, 77.3281, 77.3125, 77.2812,
        77.2812, 77.2812, 77.2812, 77.2812, 77.2656, 77.2656, 77.2656, 77.2656,
        77.2656, 77.2656, 77.2500, 77.2500, 77.2344, 77.2344, 77.2344, 77.2188,
        77.2188, 77.2031, 77.1875, 77.1719])
[2024-09-22 20:51:34,391][websockets.server][INFO] - server listening on 0.0.0.0:8080
[2024-09-22 20:51:36,810][websockets.server][INFO] - connection open
[2024-09-22 20:51:37,550][websockets.server][INFO] - connection open
[2024-09-22 20:51:47,433][root][INFO] - Succeeded to open port: /dev/ttyUSB0
[2024-09-22 20:51:47,434][root][INFO] - Succeeded to set baudrate to 3000000
[2024-09-22 20:52:11,686][root][ERROR] - > write_byte: [Motor ID: 12] [RxPacketError] Hardware error occurred. Check the error at Control Table (Hardware Error Status)!
[2024-09-22 20:52:11,702][root][ERROR] - > write_byte: [Motor ID: 13] [RxPacketError] Hardware error occurred. Check the error at Control Table (Hardware Error Status)!
[2024-09-22 20:52:11,734][root][ERROR] - Could not set torque disabled for IDs: [12, 13]
