[2024-10-25 15:26:53,402][websockets.server][INFO] - server listening on 0.0.0.0:8080
[2024-10-25 15:26:53,607][root][INFO] - self.cfg: 
 lr: 0.0001
c_in: 6
zfar: 'Infinity'
debug: null
n_view: 1
run_id: 3wy8qqex
use_BN: true
exp_name: 2024-01-11-20-02-45
n_epochs: 62
save_dir: /home/bowenw/debug/2024-01-11-20-02-45/
use_mask: false
loss_type: pairwise_valid
optimizer: adam
batch_size: 64
crop_ratio: 1.1
enable_amp: true
use_normal: false
max_num_key: null
warmup_step: -1
input_resize:
- 160
- 160
max_step_val: 1000
vis_interval: 1000
weight_decay: 0
normalize_xyz: true
resume_run_id: null
clip_grad_norm: 'Infinity'
lr_epoch_decay: 500
render_backend: nvdiffrast
train_num_pair: 5
lr_decay_epochs:
- 50
n_epochs_warmup: 1
make_pair_online: false
gradient_max_norm: 'Infinity'
max_step_per_epoch: 10000
n_rendering_workers: 1
save_epoch_interval: 100
n_dataloader_workers: 100
split_objects_across_gpus: true
ckpt_dir: /home/shaol/gjx/rw/third_party/FoundationPose/learning/training/../../weights/2024-01-11-20-02-45/model_best.pth

[2024-10-25 15:26:53,607][root][INFO] - self.h5_file:None
[2024-10-25 15:26:53,775][root][INFO] - Using pretrained model from /home/shaol/gjx/rw/third_party/FoundationPose/learning/training/../../weights/2024-01-11-20-02-45/model_best.pth
[2024-10-25 15:26:53,833][root][INFO] - init done
[2024-10-25 15:26:53,833][root][INFO] - welcome
[2024-10-25 15:26:53,837][root][INFO] - self.cfg: 
 lr: 0.0001
c_in: 6
zfar: .inf
debug: null
w_rot: 0.1
n_view: 1
run_id: null
use_BN: true
rot_rep: axis_angle
ckpt_dir: /home/shaol/gjx/rw/third_party/FoundationPose/learning/training/../../weights/2023-10-28-18-33-37/model_best.pth
exp_name: 2023-10-28-18-33-37
save_dir: /tmp/2023-10-28-18-33-37/
loss_type: l2
optimizer: adam
trans_rep: tracknet
batch_size: 64
crop_ratio: 1.2
use_normal: false
BN_momentum: 0.1
max_num_key: null
warmup_step: -1
input_resize:
- 160
- 160
max_step_val: 1000
normal_uint8: false
vis_interval: 1000
weight_decay: 0
n_max_objects: null
normalize_xyz: true
clip_grad_norm: 'Infinity'
rot_normalizer: 0.3490658503988659
trans_normalizer:
- 0.019999999552965164
- 0.019999999552965164
- 0.05000000074505806
max_step_per_epoch: 25000
val_epoch_interval: 10
n_dataloader_workers: 60
enable_amp: true
use_mask: false

[2024-10-25 15:26:53,837][root][INFO] - self.h5_file:
[2024-10-25 15:26:53,882][root][INFO] - Using pretrained model from /home/shaol/gjx/rw/third_party/FoundationPose/learning/training/../../weights/2023-10-28-18-33-37/model_best.pth
[2024-10-25 15:26:53,900][root][INFO] - init done
[2024-10-25 15:26:55,645][websockets.server][INFO] - connection open
[2024-10-25 15:26:56,096][root][INFO] - self.diameter:0.21736649539996883, vox_size:0.010868324769998442
[2024-10-25 15:26:56,110][root][INFO] - self.pts:torch.Size([491, 3])
[2024-10-25 15:26:56,695][websockets.server][INFO] - connection open
[2024-10-25 15:26:57,118][root][INFO] - reset done
[2024-10-25 15:26:57,119][root][INFO] - cam_in_obs:(42, 4, 4)
[2024-10-25 15:26:57,120][root][INFO] - rot_grid:(252, 4, 4)
[2024-10-25 15:26:57,121][root][INFO] - after cluster, rot_grid:(252, 4, 4)
[2024-10-25 15:26:57,121][root][INFO] - self.rot_grid: torch.Size([252, 4, 4])
[2024-10-25 15:27:10,521][root][INFO] - Welcome
[2024-10-25 15:27:10,539][root][INFO] - poses:(252, 4, 4)
[2024-10-25 15:27:10,548][root][INFO] - after viewpoint, add_errs min:-1.0
[2024-10-25 15:27:10,594][root][INFO] - ob_in_cams:(252, 4, 4)
[2024-10-25 15:27:10,601][root][INFO] - self.cfg.use_normal:False
[2024-10-25 15:27:10,602][root][INFO] - trans_normalizer:[0.019999999552965164, 0.019999999552965164, 0.05000000074505806], rot_normalizer:0.3490658503988659
[2024-10-25 15:27:10,625][root][INFO] - making cropped data
[2024-10-25 15:27:10,625][root][INFO] - Welcome make_crop_data_batch
[2024-10-25 15:27:10,629][root][INFO] - make tf_to_crops done
[2024-10-25 15:27:10,656][root][INFO] - render done
[2024-10-25 15:27:10,663][root][INFO] - warp done
[2024-10-25 15:27:10,668][root][INFO] - pose batch data done
[2024-10-25 15:27:10,668][root][INFO] - forward start
[2024-10-25 15:27:10,795][root][INFO] - forward done
[2024-10-25 15:27:10,806][root][INFO] - making cropped data
[2024-10-25 15:27:10,806][root][INFO] - Welcome make_crop_data_batch
[2024-10-25 15:27:10,806][root][INFO] - make tf_to_crops done
[2024-10-25 15:27:10,828][root][INFO] - render done
[2024-10-25 15:27:10,831][root][INFO] - warp done
[2024-10-25 15:27:10,834][root][INFO] - pose batch data done
[2024-10-25 15:27:10,834][root][INFO] - forward start
[2024-10-25 15:27:10,835][root][INFO] - forward done
[2024-10-25 15:27:10,836][root][INFO] - making cropped data
[2024-10-25 15:27:10,836][root][INFO] - Welcome make_crop_data_batch
[2024-10-25 15:27:10,935][root][INFO] - make tf_to_crops done
[2024-10-25 15:27:10,954][root][INFO] - render done
[2024-10-25 15:27:10,957][root][INFO] - warp done
[2024-10-25 15:27:10,960][root][INFO] - pose batch data done
[2024-10-25 15:27:10,960][root][INFO] - forward start
[2024-10-25 15:27:10,962][root][INFO] - forward done
[2024-10-25 15:27:10,962][root][INFO] - making cropped data
[2024-10-25 15:27:10,962][root][INFO] - Welcome make_crop_data_batch
[2024-10-25 15:27:11,061][root][INFO] - make tf_to_crops done
[2024-10-25 15:27:11,081][root][INFO] - render done
[2024-10-25 15:27:11,084][root][INFO] - warp done
[2024-10-25 15:27:11,087][root][INFO] - pose batch data done
[2024-10-25 15:27:11,087][root][INFO] - forward start
[2024-10-25 15:27:11,089][root][INFO] - forward done
[2024-10-25 15:27:11,089][root][INFO] - making cropped data
[2024-10-25 15:27:11,089][root][INFO] - Welcome make_crop_data_batch
[2024-10-25 15:27:11,187][root][INFO] - make tf_to_crops done
[2024-10-25 15:27:11,206][root][INFO] - render done
[2024-10-25 15:27:11,211][root][INFO] - warp done
[2024-10-25 15:27:11,213][root][INFO] - pose batch data done
[2024-10-25 15:27:11,213][root][INFO] - forward start
[2024-10-25 15:27:11,215][root][INFO] - forward done
[2024-10-25 15:27:11,329][root][INFO] - ob_in_cams:(252, 4, 4)
[2024-10-25 15:27:11,329][root][INFO] - self.cfg.use_normal:False
[2024-10-25 15:27:11,329][root][INFO] - making cropped data
[2024-10-25 15:27:11,334][root][INFO] - Welcome make_crop_data_batch
[2024-10-25 15:27:11,334][root][INFO] - make tf_to_crops done
[2024-10-25 15:27:11,353][root][INFO] - render done
[2024-10-25 15:27:11,479][root][INFO] - pose batch data done
[2024-10-25 15:27:11,479][root][INFO] - pose_data.rgbAs.shape[0]: 252
[2024-10-25 15:27:11,574][root][INFO] - forward done
[2024-10-25 15:27:11,592][root][INFO] - final, add_errs min:-1.0
[2024-10-25 15:27:11,601][root][INFO] - sort ids:tensor([ 40, 118,  65, 138, 139, 140,  42,  60, 127, 209, 216,  43, 159, 198,
        215, 221,  17,  41,   9, 126, 133, 158, 176, 217,  20,  56,  57, 124,
        147, 170, 171, 177, 203, 210, 251,   0, 164, 194, 195, 119, 160, 204,
        246, 152,  39,  44, 233, 134, 235,  24,  35, 123, 165, 222,  51,  66,
         71,  84, 101, 105, 113, 228, 234,  12,  50, 227,  91, 153,  21,  25,
         33,  85, 146, 190, 240, 245,   8,  34, 112, 182, 239, 244,   5, 100,
        106, 111, 189,  26,  32, 163, 237, 183, 242,  94, 188, 212, 243,  69,
        109, 218,  92,  98, 116, 129, 219, 236,   2,  14,  31,  63,  87, 207,
        224, 231,  15,  68,  95, 191, 225, 248,  88,  97, 206, 230, 249,  28,
         29, 180, 185, 201,   3,  27,  62, 102, 103, 200, 186, 120, 184, 187,
        211,  36, 121, 136,  38,  53,  37,  46,  47,  48,  59, 142, 149, 150,
        167, 213, 130, 141, 144, 155, 156, 157, 168, 173, 179, 197,  11,  30,
         45,  54, 192,   6, 115, 174,  18, 137, 161, 238,  23, 162, 143, 220,
         75,  86, 135,   4,  74,  72,  76,  77, 110,  79,  13, 108, 214,  73,
         96, 166,  80, 125, 241,   1,  10,  82, 151,  90,  78,  83,  81, 117,
         19, 172,   7, 122, 181, 232, 199, 154,  49, 229,  70, 169,  22, 131,
         52, 193, 202,  55,  58, 250,  64, 196, 104,  67,  61, 132,  99, 247,
         93, 114, 178, 145, 226, 205, 208, 175, 223, 148,  16, 107, 128,  89])
[2024-10-25 15:27:11,604][root][INFO] - sorted scores:tensor([80.5469, 80.5469, 80.5312, 80.5312, 80.5312, 80.5312, 80.5156, 80.5156,
        80.5156, 80.5156, 80.5156, 80.5000, 80.5000, 80.5000, 80.5000, 80.5000,
        80.4844, 80.4844, 80.4688, 80.4688, 80.4688, 80.4688, 80.4688, 80.4688,
        80.4531, 80.4531, 80.4531, 80.4531, 80.4531, 80.4531, 80.4531, 80.4531,
        80.4531, 80.4531, 80.4531, 80.4375, 80.4375, 80.4375, 80.4375, 80.4219,
        80.4219, 80.4219, 80.4219, 80.4062, 80.3906, 80.3906, 80.3906, 80.3750,
        80.3750, 80.3594, 80.3594, 80.3594, 80.3594, 80.3594, 80.3281, 80.3281,
        80.3281, 80.3281, 80.3281, 80.3281, 80.3281, 80.3281, 80.3281, 80.3125,
        80.3125, 80.3125, 80.2969, 80.2969, 80.2812, 80.2812, 80.2812, 80.2812,
        80.2812, 80.2812, 80.2812, 80.2812, 80.2656, 80.2656, 80.2656, 80.2656,
        80.2656, 80.2656, 80.2500, 80.2500, 80.2500, 80.2500, 80.2500, 80.2344,
        80.2344, 80.2344, 80.2344, 80.2188, 80.2188, 80.1875, 80.1875, 80.1875,
        80.1875, 80.1719, 80.1719, 80.1719, 80.1562, 80.1562, 80.1562, 80.1562,
        80.1562, 80.1562, 80.1406, 80.1406, 80.1406, 80.1406, 80.1406, 80.1406,
        80.1406, 80.1406, 80.1250, 80.1250, 80.1250, 80.1250, 80.1250, 80.1250,
        80.1094, 80.1094, 80.1094, 80.1094, 80.1094, 80.0938, 80.0938, 80.0938,
        80.0938, 80.0938, 80.0781, 80.0781, 80.0781, 80.0781, 80.0781, 80.0781,
        80.0625, 80.0312, 80.0312, 80.0312, 80.0312, 80.0000, 79.9844, 79.9844,
        79.9688, 79.9688, 79.9531, 79.9531, 79.9531, 79.9531, 79.9531, 79.9531,
        79.9531, 79.9531, 79.9531, 79.9531, 79.9375, 79.9375, 79.9375, 79.9375,
        79.9375, 79.9375, 79.9375, 79.9375, 79.9375, 79.9375, 79.9219, 79.9219,
        79.9219, 79.9219, 79.9219, 79.9062, 79.9062, 79.9062, 79.8906, 79.8750,
        79.8750, 79.8750, 79.8438, 79.8438, 79.8125, 79.7812, 79.7031, 79.7031,
        79.7031, 79.6875, 79.6875, 79.6719, 79.6719, 79.6719, 79.6719, 79.6562,
        79.6406, 79.6406, 79.6406, 79.6094, 79.6094, 79.5625, 79.5469, 79.5312,
        79.5156, 79.5000, 79.4688, 79.4688, 79.4375, 79.4219, 79.4062, 79.3906,
        79.3750, 79.3125, 79.2969, 79.2188, 79.1406, 79.0938, 79.0938, 79.0938,
        79.0625, 79.0156, 78.9062, 78.8906, 78.7812, 78.7656, 78.7500, 78.6719,
        78.5781, 78.5469, 78.5469, 78.5312, 78.5312, 78.5312, 78.5156, 78.4844,
        78.4688, 78.4375, 78.4062, 78.3594, 78.3125, 78.3125, 78.2656, 78.2344,
        78.1875, 78.0938, 78.0938, 78.0781, 78.0000, 77.9844, 77.9844, 77.9531,
        77.8281, 77.7500, 77.7500, 77.7344])
