[2024-10-15 11:20:28,702][websockets.server][INFO] - server listening on 0.0.0.0:8080
[2024-10-15 11:20:28,834][root][INFO] - self.cfg: 
 lr: 0.0001
c_in: 6
zfar: 'Infinity'
debug: null
n_view: 1
run_id: 3wy8qqex
use_BN: true
exp_name: 2024-01-11-20-02-45
n_epochs: 62
save_dir: /home/bowenw/debug/2024-01-11-20-02-45/
use_mask: false
loss_type: pairwise_valid
optimizer: adam
batch_size: 64
crop_ratio: 1.1
enable_amp: true
use_normal: false
max_num_key: null
warmup_step: -1
input_resize:
- 160
- 160
max_step_val: 1000
vis_interval: 1000
weight_decay: 0
normalize_xyz: true
resume_run_id: null
clip_grad_norm: 'Infinity'
lr_epoch_decay: 500
render_backend: nvdiffrast
train_num_pair: 5
lr_decay_epochs:
- 50
n_epochs_warmup: 1
make_pair_online: false
gradient_max_norm: 'Infinity'
max_step_per_epoch: 10000
n_rendering_workers: 1
save_epoch_interval: 100
n_dataloader_workers: 100
split_objects_across_gpus: true
ckpt_dir: /home/shaol/gjx/rw/third_party/FoundationPose/learning/training/../../weights/2024-01-11-20-02-45/model_best.pth

[2024-10-15 11:20:28,834][root][INFO] - self.h5_file:None
[2024-10-15 11:20:29,110][root][INFO] - Using pretrained model from /home/shaol/gjx/rw/third_party/FoundationPose/learning/training/../../weights/2024-01-11-20-02-45/model_best.pth
[2024-10-15 11:20:29,173][root][INFO] - init done
[2024-10-15 11:20:29,173][root][INFO] - welcome
[2024-10-15 11:20:29,177][root][INFO] - self.cfg: 
 lr: 0.0001
c_in: 6
zfar: .inf
debug: null
w_rot: 0.1
n_view: 1
run_id: null
use_BN: true
rot_rep: axis_angle
ckpt_dir: /home/shaol/gjx/rw/third_party/FoundationPose/learning/training/../../weights/2023-10-28-18-33-37/model_best.pth
exp_name: 2023-10-28-18-33-37
save_dir: /tmp/2023-10-28-18-33-37/
loss_type: l2
optimizer: adam
trans_rep: tracknet
batch_size: 64
crop_ratio: 1.2
use_normal: false
BN_momentum: 0.1
max_num_key: null
warmup_step: -1
input_resize:
- 160
- 160
max_step_val: 1000
normal_uint8: false
vis_interval: 1000
weight_decay: 0
n_max_objects: null
normalize_xyz: true
clip_grad_norm: 'Infinity'
rot_normalizer: 0.3490658503988659
trans_normalizer:
- 0.019999999552965164
- 0.019999999552965164
- 0.05000000074505806
max_step_per_epoch: 25000
val_epoch_interval: 10
n_dataloader_workers: 60
enable_amp: true
use_mask: false

[2024-10-15 11:20:29,177][root][INFO] - self.h5_file:
[2024-10-15 11:20:29,241][root][INFO] - Using pretrained model from /home/shaol/gjx/rw/third_party/FoundationPose/learning/training/../../weights/2023-10-28-18-33-37/model_best.pth
[2024-10-15 11:20:29,260][root][INFO] - init done
[2024-10-15 11:20:29,672][websockets.server][INFO] - connection open
[2024-10-15 11:20:30,321][root][INFO] - self.diameter:0.09129442543218583, vox_size:0.004564721271609291
[2024-10-15 11:20:30,335][root][INFO] - self.pts:torch.Size([825, 3])
[2024-10-15 11:20:31,310][root][INFO] - reset done
[2024-10-15 11:20:31,310][root][INFO] - cam_in_obs:(42, 4, 4)
[2024-10-15 11:20:31,312][root][INFO] - rot_grid:(252, 4, 4)
[2024-10-15 11:20:31,313][root][INFO] - after cluster, rot_grid:(252, 4, 4)
[2024-10-15 11:20:31,313][root][INFO] - self.rot_grid: torch.Size([252, 4, 4])
[2024-10-15 11:20:40,859][root][INFO] - Welcome
[2024-10-15 11:20:40,877][root][INFO] - poses:(252, 4, 4)
[2024-10-15 11:20:40,890][root][INFO] - after viewpoint, add_errs min:-1.0
[2024-10-15 11:20:40,925][root][INFO] - ob_in_cams:(252, 4, 4)
[2024-10-15 11:20:40,926][root][INFO] - self.cfg.use_normal:False
[2024-10-15 11:20:40,926][root][INFO] - trans_normalizer:[0.019999999552965164, 0.019999999552965164, 0.05000000074505806], rot_normalizer:0.3490658503988659
[2024-10-15 11:20:40,963][root][INFO] - making cropped data
[2024-10-15 11:20:40,963][root][INFO] - Welcome make_crop_data_batch
[2024-10-15 11:20:40,967][root][INFO] - make tf_to_crops done
[2024-10-15 11:20:40,989][root][INFO] - render done
[2024-10-15 11:20:40,995][root][INFO] - warp done
[2024-10-15 11:20:41,000][root][INFO] - pose batch data done
[2024-10-15 11:20:41,001][root][INFO] - forward start
[2024-10-15 11:20:41,121][root][INFO] - forward done
[2024-10-15 11:20:41,131][root][INFO] - making cropped data
[2024-10-15 11:20:41,131][root][INFO] - Welcome make_crop_data_batch
[2024-10-15 11:20:41,132][root][INFO] - make tf_to_crops done
[2024-10-15 11:20:41,146][root][INFO] - render done
[2024-10-15 11:20:41,149][root][INFO] - warp done
[2024-10-15 11:20:41,152][root][INFO] - pose batch data done
[2024-10-15 11:20:41,152][root][INFO] - forward start
[2024-10-15 11:20:41,154][root][INFO] - forward done
[2024-10-15 11:20:41,155][root][INFO] - making cropped data
[2024-10-15 11:20:41,155][root][INFO] - Welcome make_crop_data_batch
[2024-10-15 11:20:41,247][root][INFO] - make tf_to_crops done
[2024-10-15 11:20:41,261][root][INFO] - render done
[2024-10-15 11:20:41,265][root][INFO] - warp done
[2024-10-15 11:20:41,267][root][INFO] - pose batch data done
[2024-10-15 11:20:41,267][root][INFO] - forward start
[2024-10-15 11:20:41,269][root][INFO] - forward done
[2024-10-15 11:20:41,269][root][INFO] - making cropped data
[2024-10-15 11:20:41,269][root][INFO] - Welcome make_crop_data_batch
[2024-10-15 11:20:41,359][root][INFO] - make tf_to_crops done
[2024-10-15 11:20:41,373][root][INFO] - render done
[2024-10-15 11:20:41,376][root][INFO] - warp done
[2024-10-15 11:20:41,379][root][INFO] - pose batch data done
[2024-10-15 11:20:41,379][root][INFO] - forward start
[2024-10-15 11:20:41,380][root][INFO] - forward done
[2024-10-15 11:20:41,381][root][INFO] - making cropped data
[2024-10-15 11:20:41,381][root][INFO] - Welcome make_crop_data_batch
[2024-10-15 11:20:41,471][root][INFO] - make tf_to_crops done
[2024-10-15 11:20:41,484][root][INFO] - render done
[2024-10-15 11:20:41,488][root][INFO] - warp done
[2024-10-15 11:20:41,491][root][INFO] - pose batch data done
[2024-10-15 11:20:41,491][root][INFO] - forward start
[2024-10-15 11:20:41,492][root][INFO] - forward done
[2024-10-15 11:20:41,597][root][INFO] - ob_in_cams:(252, 4, 4)
[2024-10-15 11:20:41,598][root][INFO] - self.cfg.use_normal:False
[2024-10-15 11:20:41,598][root][INFO] - making cropped data
[2024-10-15 11:20:41,612][root][INFO] - Welcome make_crop_data_batch
[2024-10-15 11:20:41,612][root][INFO] - make tf_to_crops done
[2024-10-15 11:20:41,625][root][INFO] - render done
[2024-10-15 11:20:41,742][root][INFO] - pose batch data done
[2024-10-15 11:20:41,742][root][INFO] - pose_data.rgbAs.shape[0]: 252
[2024-10-15 11:20:41,831][root][INFO] - forward done
[2024-10-15 11:20:41,849][root][INFO] - final, add_errs min:-1.0
[2024-10-15 11:20:41,858][root][INFO] - sort ids:tensor([107, 220,  47,   1,  76,  77, 131,   5, 101, 106,  75, 105, 137,   0,
          9,  99, 100, 213,   7,  38, 132,  72, 143, 127, 145,  73, 126,   6,
        133, 226,   4,  10,   3,  98,   8,  74, 104, 134, 110, 187,  29, 180,
         32,  46, 141, 218, 129, 166,  45, 142, 219, 192, 193,  49, 144, 150,
        151,  48, 225, 231,  26,  31,  69, 102, 109, 212,  55, 113, 185, 191,
         30,  35, 108, 186, 240, 241, 249, 232, 235, 250,  64,  70, 181,  25,
        111, 234,  41, 112,  68, 237, 140, 165, 239, 248,  44, 156, 171, 172,
        224,  57,  58, 160, 177,  62,  84, 195,  24, 196, 245,   2,  20,  37,
        242,  53,  59, 167, 173, 189, 197, 200,  11,  43,  61, 149, 198,  56,
        182, 194, 199,  50, 204,  28, 152, 176, 246, 247,  60, 123, 139, 164,
         39,  40, 138, 158, 215, 159, 175, 214,  65,  71, 209, 233, 251,  34,
        236,  97, 161, 128, 130, 103, 168, 208, 169, 216, 188, 206, 114, 115,
        120, 205,  13,  78,  79,  95, 125, 230,  23,  83,  92, 116,  14,  80,
         86, 201, 136,  87,  88,  15,  22,  82,  81, 178,  93, 148,  94,  52,
        117, 154, 202, 155, 223, 229,  67,  96, 221, 135, 147, 179, 222,  16,
         89, 118,  51, 121,  21, 124, 122, 153,  18, 228,  19, 119,  17,  12,
         91,  85,  90,  36, 211,  66, 238, 162, 243, 217,  27, 157, 210,  54,
        183, 190,  63, 174, 207, 184, 170,  33, 203, 227, 146, 163,  42, 244])
[2024-10-15 11:20:41,862][root][INFO] - sorted scores:tensor([94.5547, 94.5547, 94.5430, 94.5391, 94.5391, 94.5391, 94.5391, 94.5352,
        94.5352, 94.5352, 94.5312, 94.5312, 94.5312, 94.5273, 94.5273, 94.5273,
        94.5273, 94.5273, 94.5234, 94.5234, 94.5234, 94.5195, 94.5195, 94.5156,
        94.5156, 94.5078, 94.5078, 94.5039, 94.5039, 94.5039, 94.5000, 94.5000,
        94.4961, 94.4805, 94.4688, 94.4688, 94.4688, 94.4688, 94.4492, 94.4492,
        94.4453, 94.4453, 94.4414, 94.4414, 94.4414, 94.4414, 94.4375, 94.4375,
        94.4297, 94.4297, 94.4297, 94.4219, 94.4141, 94.4102, 94.4102, 94.4102,
        94.4102, 94.4062, 94.3945, 94.3945, 94.3867, 94.3867, 94.3867, 94.3867,
        94.3867, 94.3867, 94.3828, 94.3828, 94.3828, 94.3828, 94.3789, 94.3789,
        94.3789, 94.3789, 94.3789, 94.3789, 94.3789, 94.3750, 94.3750, 94.3672,
        94.3633, 94.3633, 94.3633, 94.3477, 94.3477, 94.3477, 94.3438, 94.3438,
        94.3359, 94.3359, 94.3320, 94.3320, 94.3320, 94.3320, 94.3281, 94.3281,
        94.3281, 94.3281, 94.3281, 94.3242, 94.3242, 94.3242, 94.3242, 94.3203,
        94.3203, 94.3203, 94.3164, 94.3125, 94.3125, 94.3086, 94.3086, 94.3086,
        94.3086, 94.3008, 94.3008, 94.3008, 94.3008, 94.3008, 94.3008, 94.3008,
        94.2930, 94.2930, 94.2930, 94.2930, 94.2930, 94.2891, 94.2891, 94.2891,
        94.2891, 94.2852, 94.2852, 94.2773, 94.2773, 94.2773, 94.2695, 94.2695,
        94.2617, 94.2617, 94.2617, 94.2617, 94.2578, 94.2578, 94.2578, 94.2578,
        94.2578, 94.2539, 94.2500, 94.2500, 94.2461, 94.2461, 94.2422, 94.2422,
        94.2383, 94.2344, 94.2305, 94.2227, 94.2148, 94.2070, 94.2070, 94.1992,
        94.1836, 94.1719, 94.1562, 94.1328, 94.1250, 94.1250, 94.1133, 94.1094,
        94.1094, 94.1094, 94.1055, 94.1055, 94.1055, 94.1016, 94.1016, 94.1016,
        94.0938, 94.0938, 94.0938, 94.0938, 94.0859, 94.0859, 94.0820, 94.0820,
        94.0781, 94.0664, 94.0625, 94.0586, 94.0586, 94.0586, 94.0547, 94.0547,
        94.0508, 94.0508, 94.0469, 94.0156, 94.0039, 94.0000, 93.9570, 93.9453,
        93.9453, 93.9453, 93.9414, 93.9336, 93.9297, 93.9062, 93.9062, 93.8789,
        93.8750, 93.8516, 93.8359, 93.8320, 93.8125, 93.8047, 93.7969, 93.7969,
        93.7930, 93.7930, 93.7656, 93.7617, 93.7539, 93.7500, 93.7461, 93.7422,
        93.7422, 93.7344, 93.7344, 93.7109, 93.7070, 93.6992, 93.6992, 93.6953,
        93.6914, 93.6875, 93.6836, 93.6680, 93.6445, 93.6289, 93.6250, 93.6250,
        93.6172, 93.6094, 93.5977, 93.5938, 93.5469, 93.5352, 93.5312, 93.5234,
        93.5195, 93.5195, 93.5156, 93.4961])
