[2024-09-20 15:40:43,757][root][INFO] - self.cfg: 
 lr: 0.0001
c_in: 6
zfar: 'Infinity'
debug: null
n_view: 1
run_id: 3wy8qqex
use_BN: true
exp_name: 2024-01-11-20-02-45
n_epochs: 62
save_dir: /home/bowenw/debug/2024-01-11-20-02-45/
use_mask: false
loss_type: pairwise_valid
optimizer: adam
batch_size: 64
crop_ratio: 1.1
enable_amp: true
use_normal: false
max_num_key: null
warmup_step: -1
input_resize:
- 160
- 160
max_step_val: 1000
vis_interval: 1000
weight_decay: 0
normalize_xyz: true
resume_run_id: null
clip_grad_norm: 'Infinity'
lr_epoch_decay: 500
render_backend: nvdiffrast
train_num_pair: 5
lr_decay_epochs:
- 50
n_epochs_warmup: 1
make_pair_online: false
gradient_max_norm: 'Infinity'
max_step_per_epoch: 10000
n_rendering_workers: 1
save_epoch_interval: 100
n_dataloader_workers: 100
split_objects_across_gpus: true
ckpt_dir: FoundationPose/learning/training/../../weights/2024-01-11-20-02-45/model_best.pth

[2024-09-20 15:40:43,757][root][INFO] - self.h5_file:None
[2024-09-20 15:40:43,952][root][INFO] - Using pretrained model from FoundationPose/learning/training/../../weights/2024-01-11-20-02-45/model_best.pth
[2024-09-20 15:40:44,017][root][INFO] - init done
[2024-09-20 15:40:44,017][root][INFO] - welcome
[2024-09-20 15:40:44,020][root][INFO] - self.cfg: 
 lr: 0.0001
c_in: 6
zfar: .inf
debug: null
w_rot: 0.1
n_view: 1
run_id: null
use_BN: true
rot_rep: axis_angle
ckpt_dir: FoundationPose/learning/training/../../weights/2023-10-28-18-33-37/model_best.pth
exp_name: 2023-10-28-18-33-37
save_dir: /tmp/2023-10-28-18-33-37/
loss_type: l2
optimizer: adam
trans_rep: tracknet
batch_size: 64
crop_ratio: 1.2
use_normal: false
BN_momentum: 0.1
max_num_key: null
warmup_step: -1
input_resize:
- 160
- 160
max_step_val: 1000
normal_uint8: false
vis_interval: 1000
weight_decay: 0
n_max_objects: null
normalize_xyz: true
clip_grad_norm: 'Infinity'
rot_normalizer: 0.3490658503988659
trans_normalizer:
- 0.019999999552965164
- 0.019999999552965164
- 0.05000000074505806
max_step_per_epoch: 25000
val_epoch_interval: 10
n_dataloader_workers: 60
enable_amp: true
use_mask: false

[2024-09-20 15:40:44,020][root][INFO] - self.h5_file:
[2024-09-20 15:40:44,069][root][INFO] - Using pretrained model from FoundationPose/learning/training/../../weights/2023-10-28-18-33-37/model_best.pth
[2024-09-20 15:40:44,091][root][INFO] - init done
[2024-09-20 15:40:46,304][root][INFO] - self.diameter:0.1689814690475985, vox_size:0.008449073452379925
[2024-09-20 15:40:46,318][root][INFO] - self.pts:torch.Size([674, 3])
[2024-09-20 15:40:47,301][root][INFO] - reset done
[2024-09-20 15:40:47,302][root][INFO] - cam_in_obs:(42, 4, 4)
[2024-09-20 15:40:47,304][root][INFO] - rot_grid:(252, 4, 4)
[2024-09-20 15:40:47,305][root][INFO] - after cluster, rot_grid:(252, 4, 4)
[2024-09-20 15:40:47,305][root][INFO] - self.rot_grid: torch.Size([252, 4, 4])
[2024-09-20 15:40:55,315][root][INFO] - Welcome
[2024-09-20 15:40:55,332][root][INFO] - poses:(252, 4, 4)
[2024-09-20 15:40:55,342][root][INFO] - after viewpoint, add_errs min:-1.0
[2024-09-20 15:40:55,374][root][INFO] - ob_in_cams:(252, 4, 4)
[2024-09-20 15:40:55,374][root][INFO] - self.cfg.use_normal:False
[2024-09-20 15:40:55,374][root][INFO] - trans_normalizer:[0.019999999552965164, 0.019999999552965164, 0.05000000074505806], rot_normalizer:0.3490658503988659
[2024-09-20 15:40:55,418][root][INFO] - making cropped data
[2024-09-20 15:40:55,418][root][INFO] - Welcome make_crop_data_batch
[2024-09-20 15:40:55,423][root][INFO] - make tf_to_crops done
[2024-09-20 15:40:55,457][root][INFO] - render done
[2024-09-20 15:40:55,463][root][INFO] - warp done
[2024-09-20 15:40:55,469][root][INFO] - pose batch data done
[2024-09-20 15:40:55,469][root][INFO] - forward start
[2024-09-20 15:40:55,598][root][INFO] - forward done
[2024-09-20 15:40:55,610][root][INFO] - making cropped data
[2024-09-20 15:40:55,611][root][INFO] - Welcome make_crop_data_batch
[2024-09-20 15:40:55,612][root][INFO] - make tf_to_crops done
[2024-09-20 15:40:55,636][root][INFO] - render done
[2024-09-20 15:40:55,641][root][INFO] - warp done
[2024-09-20 15:40:55,643][root][INFO] - pose batch data done
[2024-09-20 15:40:55,643][root][INFO] - forward start
[2024-09-20 15:40:55,645][root][INFO] - forward done
[2024-09-20 15:40:55,645][root][INFO] - making cropped data
[2024-09-20 15:40:55,645][root][INFO] - Welcome make_crop_data_batch
[2024-09-20 15:40:55,755][root][INFO] - make tf_to_crops done
[2024-09-20 15:40:55,779][root][INFO] - render done
[2024-09-20 15:40:55,783][root][INFO] - warp done
[2024-09-20 15:40:55,786][root][INFO] - pose batch data done
[2024-09-20 15:40:55,786][root][INFO] - forward start
[2024-09-20 15:40:55,787][root][INFO] - forward done
[2024-09-20 15:40:55,787][root][INFO] - making cropped data
[2024-09-20 15:40:55,787][root][INFO] - Welcome make_crop_data_batch
[2024-09-20 15:40:55,897][root][INFO] - make tf_to_crops done
[2024-09-20 15:40:55,923][root][INFO] - render done
[2024-09-20 15:40:55,926][root][INFO] - warp done
[2024-09-20 15:40:55,929][root][INFO] - pose batch data done
[2024-09-20 15:40:55,929][root][INFO] - forward start
[2024-09-20 15:40:55,931][root][INFO] - forward done
[2024-09-20 15:40:55,931][root][INFO] - making cropped data
[2024-09-20 15:40:55,931][root][INFO] - Welcome make_crop_data_batch
[2024-09-20 15:40:56,041][root][INFO] - make tf_to_crops done
[2024-09-20 15:40:56,064][root][INFO] - render done
[2024-09-20 15:40:56,069][root][INFO] - warp done
[2024-09-20 15:40:56,073][root][INFO] - pose batch data done
[2024-09-20 15:40:56,073][root][INFO] - forward start
[2024-09-20 15:40:56,074][root][INFO] - forward done
[2024-09-20 15:40:56,199][root][INFO] - ob_in_cams:(252, 4, 4)
[2024-09-20 15:40:56,199][root][INFO] - self.cfg.use_normal:False
[2024-09-20 15:40:56,199][root][INFO] - making cropped data
[2024-09-20 15:40:56,207][root][INFO] - Welcome make_crop_data_batch
[2024-09-20 15:40:56,208][root][INFO] - make tf_to_crops done
[2024-09-20 15:40:56,230][root][INFO] - render done
[2024-09-20 15:40:56,374][root][INFO] - pose batch data done
[2024-09-20 15:40:56,374][root][INFO] - pose_data.rgbAs.shape[0]: 252
[2024-09-20 15:40:56,480][root][INFO] - forward done
[2024-09-20 15:40:56,498][root][INFO] - final, add_errs min:-1.0
[2024-09-20 15:40:56,507][root][INFO] - sort ids:tensor([  5,  71,  72, 101, 107, 126, 131, 203, 251,  11,  34,  35,  76,  77,
        106, 132, 137, 227, 245, 221,  47,   6,  96,   0, 112, 154, 115, 240,
         41, 222, 124, 125, 190, 155,  66,  70, 118, 168, 110,  80, 103, 206,
         13,  14, 173,   7, 116, 180,  55,  42,  73,  51, 145, 169,  92,  21,
         88, 140, 147, 193, 178, 187, 201, 215, 228,  94, 114, 174,  20,  86,
        159,  22,  32,  82, 162, 181, 102, 175, 243,  31,  46,  79, 229, 235,
        246,  52,  63, 160, 149, 217, 164, 196,  25,  37,  44,  54, 111, 144,
        212,  59, 165, 179, 186, 225,  36,  45, 188, 194, 202,  18,  60, 185,
        199,   1,  62,  85,  81,  91, 167, 249,   4, 119, 150, 156, 204, 219,
         10, 141, 143, 205, 223, 242, 250,  12,  28, 133, 172, 213, 220, 230,
         16,  83,  84,  98, 146, 166, 192,  23,  49, 104, 130, 151,  40,  97,
        120, 148, 207, 237,  24,  26,  30, 100, 136, 210, 234,   9,  48,  56,
        117, 170, 171, 197, 211, 231,   8,  27,  50,  74,  87,  95, 105, 113,
        183, 189, 198, 216, 233, 247, 248,   3,  15,  33,  61,  64,  67,  75,
         93,  99, 108, 127, 152, 157, 158, 191, 195, 236, 239,  39, 161, 208,
        214, 241,  57,  65,  78, 209, 226,   2,  17,  38,  53,  68,  69,  89,
        121, 134, 244,  19,  58, 109, 123, 138, 139, 142, 153, 224, 238,  29,
        129, 135, 184, 200, 218,  43,  90, 122, 128, 163, 176, 177, 182, 232])
[2024-09-20 15:40:56,511][root][INFO] - sorted scores:tensor([71.2344, 71.2344, 71.2344, 71.2344, 71.2344, 71.2344, 71.2344, 71.2344,
        71.2344, 71.2188, 71.2188, 71.2188, 71.2188, 71.2188, 71.2188, 71.2188,
        71.2188, 71.2188, 71.2188, 71.1719, 71.0938, 71.0625, 71.0312, 70.9531,
        70.7969, 70.7188, 70.6719, 70.6719, 70.6094, 70.5938, 70.5156, 70.5000,
        70.4531, 70.4375, 70.4219, 70.4062, 70.3906, 70.3750, 70.3594, 70.3438,
        70.3281, 70.3281, 70.3125, 70.3125, 70.2969, 70.2812, 70.2812, 70.2500,
        70.2031, 70.1719, 70.1719, 70.0938, 70.0781, 70.0781, 70.0625, 70.0469,
        70.0469, 70.0469, 70.0469, 70.0469, 70.0312, 70.0312, 70.0312, 70.0312,
        70.0312, 70.0000, 69.9844, 69.9844, 69.9531, 69.9531, 69.9219, 69.9062,
        69.8906, 69.8750, 69.8750, 69.8750, 69.8594, 69.8594, 69.8594, 69.8438,
        69.8438, 69.8438, 69.8438, 69.8438, 69.8438, 69.8281, 69.8281, 69.8281,
        69.8125, 69.8125, 69.7969, 69.7969, 69.7812, 69.7812, 69.7812, 69.7812,
        69.7812, 69.7812, 69.7812, 69.7656, 69.7656, 69.7656, 69.7500, 69.7500,
        69.7344, 69.7344, 69.7344, 69.7344, 69.7344, 69.7188, 69.7031, 69.7031,
        69.7031, 69.6875, 69.6875, 69.6875, 69.6719, 69.6719, 69.6719, 69.6719,
        69.6562, 69.6562, 69.6562, 69.6562, 69.6562, 69.6562, 69.6406, 69.6406,
        69.6406, 69.6406, 69.6406, 69.6406, 69.6406, 69.6250, 69.6250, 69.6250,
        69.6250, 69.6250, 69.6250, 69.6250, 69.6094, 69.6094, 69.6094, 69.6094,
        69.6094, 69.6094, 69.6094, 69.5938, 69.5938, 69.5938, 69.5938, 69.5938,
        69.5781, 69.5781, 69.5781, 69.5781, 69.5781, 69.5781, 69.5625, 69.5625,
        69.5625, 69.5625, 69.5625, 69.5625, 69.5625, 69.5469, 69.5469, 69.5469,
        69.5469, 69.5469, 69.5469, 69.5469, 69.5469, 69.5469, 69.5312, 69.5312,
        69.5312, 69.5312, 69.5312, 69.5312, 69.5312, 69.5312, 69.5312, 69.5312,
        69.5312, 69.5312, 69.5312, 69.5312, 69.5312, 69.5156, 69.5156, 69.5156,
        69.5156, 69.5156, 69.5156, 69.5156, 69.5156, 69.5156, 69.5156, 69.5156,
        69.5156, 69.5156, 69.5156, 69.5156, 69.5156, 69.5156, 69.5156, 69.5000,
        69.5000, 69.5000, 69.5000, 69.5000, 69.4844, 69.4844, 69.4844, 69.4844,
        69.4844, 69.4688, 69.4688, 69.4688, 69.4688, 69.4688, 69.4688, 69.4688,
        69.4688, 69.4688, 69.4688, 69.4531, 69.4531, 69.4531, 69.4531, 69.4531,
        69.4531, 69.4531, 69.4531, 69.4531, 69.4531, 69.4375, 69.4375, 69.4375,
        69.4375, 69.4375, 69.4375, 69.4219, 69.4219, 69.4219, 69.4219, 69.4219,
        69.4219, 69.4219, 69.4219, 69.4219])
[2024-09-20 15:41:07,761][websockets.server][INFO] - server listening on 0.0.0.0:8080
[2024-09-20 15:41:10,186][websockets.server][INFO] - connection open
[2024-09-20 15:41:15,175][root][INFO] - Succeeded to open port: /dev/ttyUSB0
[2024-09-20 15:41:15,176][root][INFO] - Succeeded to set baudrate to 3000000
[2024-09-20 15:41:21,148][websockets.server][INFO] - connection open
