[2024-09-20 14:22:40,430][root][INFO] - self.cfg: 
 lr: 0.0001
c_in: 6
zfar: 'Infinity'
debug: null
n_view: 1
run_id: 3wy8qqex
use_BN: true
exp_name: 2024-01-11-20-02-45
n_epochs: 62
save_dir: /home/bowenw/debug/2024-01-11-20-02-45/
use_mask: false
loss_type: pairwise_valid
optimizer: adam
batch_size: 64
crop_ratio: 1.1
enable_amp: true
use_normal: false
max_num_key: null
warmup_step: -1
input_resize:
- 160
- 160
max_step_val: 1000
vis_interval: 1000
weight_decay: 0
normalize_xyz: true
resume_run_id: null
clip_grad_norm: 'Infinity'
lr_epoch_decay: 500
render_backend: nvdiffrast
train_num_pair: 5
lr_decay_epochs:
- 50
n_epochs_warmup: 1
make_pair_online: false
gradient_max_norm: 'Infinity'
max_step_per_epoch: 10000
n_rendering_workers: 1
save_epoch_interval: 100
n_dataloader_workers: 100
split_objects_across_gpus: true
ckpt_dir: FoundationPose/learning/training/../../weights/2024-01-11-20-02-45/model_best.pth

[2024-09-20 14:22:40,430][root][INFO] - self.h5_file:None
[2024-09-20 14:22:40,601][root][INFO] - Using pretrained model from FoundationPose/learning/training/../../weights/2024-01-11-20-02-45/model_best.pth
[2024-09-20 14:22:40,665][root][INFO] - init done
[2024-09-20 14:22:40,666][root][INFO] - welcome
[2024-09-20 14:22:40,669][root][INFO] - self.cfg: 
 lr: 0.0001
c_in: 6
zfar: .inf
debug: null
w_rot: 0.1
n_view: 1
run_id: null
use_BN: true
rot_rep: axis_angle
ckpt_dir: FoundationPose/learning/training/../../weights/2023-10-28-18-33-37/model_best.pth
exp_name: 2023-10-28-18-33-37
save_dir: /tmp/2023-10-28-18-33-37/
loss_type: l2
optimizer: adam
trans_rep: tracknet
batch_size: 64
crop_ratio: 1.2
use_normal: false
BN_momentum: 0.1
max_num_key: null
warmup_step: -1
input_resize:
- 160
- 160
max_step_val: 1000
normal_uint8: false
vis_interval: 1000
weight_decay: 0
n_max_objects: null
normalize_xyz: true
clip_grad_norm: 'Infinity'
rot_normalizer: 0.3490658503988659
trans_normalizer:
- 0.019999999552965164
- 0.019999999552965164
- 0.05000000074505806
max_step_per_epoch: 25000
val_epoch_interval: 10
n_dataloader_workers: 60
enable_amp: true
use_mask: false

[2024-09-20 14:22:40,669][root][INFO] - self.h5_file:
[2024-09-20 14:22:40,721][root][INFO] - Using pretrained model from FoundationPose/learning/training/../../weights/2023-10-28-18-33-37/model_best.pth
[2024-09-20 14:22:40,744][root][INFO] - init done
[2024-09-20 14:22:42,945][root][INFO] - self.diameter:0.1793547313547633, vox_size:0.008967736567738164
[2024-09-20 14:22:42,960][root][INFO] - self.pts:torch.Size([630, 3])
[2024-09-20 14:22:44,051][root][INFO] - reset done
[2024-09-20 14:22:44,052][root][INFO] - cam_in_obs:(42, 4, 4)
[2024-09-20 14:22:44,054][root][INFO] - rot_grid:(252, 4, 4)
[2024-09-20 14:22:44,055][root][INFO] - after cluster, rot_grid:(252, 4, 4)
[2024-09-20 14:22:44,055][root][INFO] - self.rot_grid: torch.Size([252, 4, 4])
[2024-09-20 14:22:54,274][root][INFO] - Welcome
[2024-09-20 14:22:54,296][root][INFO] - poses:(252, 4, 4)
[2024-09-20 14:22:54,307][root][INFO] - after viewpoint, add_errs min:-1.0
[2024-09-20 14:22:54,382][root][INFO] - ob_in_cams:(252, 4, 4)
[2024-09-20 14:22:54,382][root][INFO] - self.cfg.use_normal:False
[2024-09-20 14:22:54,382][root][INFO] - trans_normalizer:[0.019999999552965164, 0.019999999552965164, 0.05000000074505806], rot_normalizer:0.3490658503988659
[2024-09-20 14:22:54,386][root][INFO] - making cropped data
[2024-09-20 14:22:54,387][root][INFO] - Welcome make_crop_data_batch
[2024-09-20 14:22:54,390][root][INFO] - make tf_to_crops done
[2024-09-20 14:22:54,424][root][INFO] - render done
[2024-09-20 14:22:54,429][root][INFO] - warp done
[2024-09-20 14:22:54,434][root][INFO] - pose batch data done
[2024-09-20 14:22:54,434][root][INFO] - forward start
[2024-09-20 14:22:54,559][root][INFO] - forward done
[2024-09-20 14:22:54,570][root][INFO] - making cropped data
[2024-09-20 14:22:54,570][root][INFO] - Welcome make_crop_data_batch
[2024-09-20 14:22:54,572][root][INFO] - make tf_to_crops done
[2024-09-20 14:22:54,594][root][INFO] - render done
[2024-09-20 14:22:54,597][root][INFO] - warp done
[2024-09-20 14:22:54,600][root][INFO] - pose batch data done
[2024-09-20 14:22:54,600][root][INFO] - forward start
[2024-09-20 14:22:54,602][root][INFO] - forward done
[2024-09-20 14:22:54,602][root][INFO] - making cropped data
[2024-09-20 14:22:54,602][root][INFO] - Welcome make_crop_data_batch
[2024-09-20 14:22:54,711][root][INFO] - make tf_to_crops done
[2024-09-20 14:22:54,734][root][INFO] - render done
[2024-09-20 14:22:54,739][root][INFO] - warp done
[2024-09-20 14:22:54,742][root][INFO] - pose batch data done
[2024-09-20 14:22:54,742][root][INFO] - forward start
[2024-09-20 14:22:54,743][root][INFO] - forward done
[2024-09-20 14:22:54,744][root][INFO] - making cropped data
[2024-09-20 14:22:54,744][root][INFO] - Welcome make_crop_data_batch
[2024-09-20 14:22:54,854][root][INFO] - make tf_to_crops done
[2024-09-20 14:22:54,876][root][INFO] - render done
[2024-09-20 14:22:54,879][root][INFO] - warp done
[2024-09-20 14:22:54,882][root][INFO] - pose batch data done
[2024-09-20 14:22:54,882][root][INFO] - forward start
[2024-09-20 14:22:54,883][root][INFO] - forward done
[2024-09-20 14:22:54,884][root][INFO] - making cropped data
[2024-09-20 14:22:54,884][root][INFO] - Welcome make_crop_data_batch
[2024-09-20 14:22:54,994][root][INFO] - make tf_to_crops done
[2024-09-20 14:22:55,016][root][INFO] - render done
[2024-09-20 14:22:55,022][root][INFO] - warp done
[2024-09-20 14:22:55,024][root][INFO] - pose batch data done
[2024-09-20 14:22:55,024][root][INFO] - forward start
[2024-09-20 14:22:55,026][root][INFO] - forward done
[2024-09-20 14:22:55,148][root][INFO] - ob_in_cams:(252, 4, 4)
[2024-09-20 14:22:55,148][root][INFO] - self.cfg.use_normal:False
[2024-09-20 14:22:55,148][root][INFO] - making cropped data
[2024-09-20 14:22:55,157][root][INFO] - Welcome make_crop_data_batch
[2024-09-20 14:22:55,157][root][INFO] - make tf_to_crops done
[2024-09-20 14:22:55,178][root][INFO] - render done
[2024-09-20 14:22:55,318][root][INFO] - pose batch data done
[2024-09-20 14:22:55,319][root][INFO] - pose_data.rgbAs.shape[0]: 252
[2024-09-20 14:22:55,421][root][INFO] - forward done
[2024-09-20 14:22:55,439][root][INFO] - final, add_errs min:-1.0
[2024-09-20 14:22:55,449][root][INFO] - sort ids:tensor([ 99, 135, 171, 189, 244, 105,   3,   9,  33,  75, 129, 188,  72,  96,
        134, 144, 146,   0,   6,   7,   8,  73,  74,  98, 103, 126, 127, 132,
        145, 147, 162, 163, 170, 221,  42,  43,  50, 102, 133, 164, 216,  12,
         18,  36,  83,  95, 104, 150, 169, 178,  21,  23,  32,  55,  78,  88,
         94, 114, 119, 154, 155, 179, 210, 211, 231, 236,   2,  15,  16,  17,
         22,  27,  81,  82,  93, 120, 123, 124, 125, 161,  26,  28,  56,  87,
         89,  90, 160, 183, 184, 205,   1,  37,  80,  92, 194, 206, 237,  14,
         84,  97, 121, 229,  13,  41,  79,  86, 115, 116, 193, 198,  85, 118,
        212,  62, 117, 230,  67,  20,  47, 201, 245,   4,   5,  34, 227,  76,
         77, 100, 101, 122, 130, 137, 202, 226, 250,  70,  71, 106, 131, 203,
         19,  64, 177,  25,  40,  45,  91, 185, 247, 248, 187, 204, 225, 235,
        141,  61, 251,  53,  68, 111,  49,  52,  59, 138, 197, 108, 128, 196,
         58,  29,  46, 207, 228, 181, 242,  10, 158, 172,  65, 107, 136, 199,
         11, 109, 222,  31, 234, 168, 243, 209, 156, 166, 173, 218, 241, 174,
        112, 220,  35, 219, 139, 217,  38, 149,  24, 239,  39, 191,  44, 224,
        190, 233,  30, 151, 200, 214, 223, 232, 175, 176, 148, 152, 208,  60,
         51, 195, 140, 186,  57,  63, 180, 213, 215,  54,  69, 113,  66, 182,
        249, 165, 192, 240, 246,  48, 110, 143, 142, 153, 157, 167, 159, 238])
[2024-09-20 14:22:55,454][root][INFO] - sorted scores:tensor([77.5938, 77.5938, 77.5938, 77.5938, 77.5938, 77.5781, 77.5625, 77.5625,
        77.5625, 77.5625, 77.5625, 77.5625, 77.2969, 77.2969, 77.2969, 77.2969,
        77.2969, 77.2812, 77.2812, 77.2812, 77.2812, 77.2812, 77.2812, 77.2812,
        77.2812, 77.2812, 77.2812, 77.2812, 77.2812, 77.2812, 77.2812, 77.2812,
        77.2812, 77.2812, 77.2656, 77.2656, 77.2656, 77.2656, 77.2656, 77.2656,
        77.2656, 77.2500, 77.2500, 77.2500, 77.2500, 77.2500, 77.2500, 77.2500,
        77.2500, 77.2500, 77.2344, 77.2344, 77.2344, 77.2344, 77.2344, 77.2344,
        77.2344, 77.2344, 77.2344, 77.2344, 77.2344, 77.2344, 77.2344, 77.2344,
        77.2344, 77.2344, 77.2188, 77.2188, 77.2188, 77.2188, 77.2188, 77.2188,
        77.2188, 77.2188, 77.2188, 77.2188, 77.2188, 77.2188, 77.2188, 77.2188,
        77.2031, 77.2031, 77.2031, 77.2031, 77.2031, 77.2031, 77.2031, 77.2031,
        77.2031, 77.2031, 77.1875, 77.1875, 77.1875, 77.1875, 77.1875, 77.1875,
        77.1875, 77.1719, 77.1719, 77.1719, 77.1719, 77.1719, 77.1562, 77.1562,
        77.1562, 77.1562, 77.1562, 77.1562, 77.1562, 77.1562, 77.1406, 77.1406,
        77.1406, 77.1250, 77.1250, 77.1250, 77.1094, 77.0781, 77.0469, 77.0469,
        77.0469, 77.0312, 77.0312, 77.0312, 77.0312, 77.0156, 77.0156, 77.0156,
        77.0156, 77.0156, 77.0156, 77.0156, 77.0156, 77.0156, 77.0156, 77.0000,
        77.0000, 77.0000, 77.0000, 77.0000, 76.9844, 76.9844, 76.9844, 76.9219,
        76.9219, 76.9219, 76.9219, 76.9062, 76.9062, 76.9062, 76.8906, 76.8906,
        76.8906, 76.8906, 76.8750, 76.8594, 76.8594, 76.8438, 76.8438, 76.8438,
        76.8281, 76.8281, 76.8281, 76.8281, 76.8281, 76.8125, 76.8125, 76.7969,
        76.7656, 76.7500, 76.7500, 76.7500, 76.7500, 76.7344, 76.7188, 76.7031,
        76.7031, 76.7031, 76.6875, 76.6875, 76.6875, 76.6875, 76.6719, 76.6719,
        76.6719, 76.6562, 76.6562, 76.6406, 76.6406, 76.6250, 76.5938, 76.5938,
        76.5938, 76.5781, 76.5781, 76.4844, 76.4688, 76.4219, 76.4062, 76.4062,
        76.2969, 76.2969, 76.2812, 76.1875, 76.1719, 76.1719, 76.1094, 76.1094,
        76.0938, 76.0938, 76.0781, 76.0781, 76.0625, 76.0469, 76.0469, 76.0469,
        76.0469, 76.0469, 76.0312, 76.0312, 76.0156, 76.0156, 76.0156, 76.0000,
        75.8906, 75.8594, 75.8438, 75.8438, 75.8281, 75.8281, 75.7969, 75.7969,
        75.7969, 75.7812, 75.7812, 75.7812, 75.7656, 75.7656, 75.7656, 75.7500,
        75.7500, 75.7500, 75.7500, 75.7344, 75.7188, 75.7188, 75.7031, 75.7031,
        75.6875, 75.6719, 75.6562, 75.6562])
[2024-09-20 14:23:07,782][websockets.server][INFO] - server listening on 0.0.0.0:8080
[2024-09-20 14:23:12,398][websockets.server][INFO] - connection open
[2024-09-20 14:23:20,662][root][INFO] - Succeeded to open port: /dev/ttyUSB0
[2024-09-20 14:23:20,663][root][INFO] - Succeeded to set baudrate to 3000000
[2024-09-20 14:23:46,477][websockets.server][INFO] - connection open
