[2024-09-20 15:04:18,063][root][INFO] - self.cfg: 
 lr: 0.0001
c_in: 6
zfar: 'Infinity'
debug: null
n_view: 1
run_id: 3wy8qqex
use_BN: true
exp_name: 2024-01-11-20-02-45
n_epochs: 62
save_dir: /home/bowenw/debug/2024-01-11-20-02-45/
use_mask: false
loss_type: pairwise_valid
optimizer: adam
batch_size: 64
crop_ratio: 1.1
enable_amp: true
use_normal: false
max_num_key: null
warmup_step: -1
input_resize:
- 160
- 160
max_step_val: 1000
vis_interval: 1000
weight_decay: 0
normalize_xyz: true
resume_run_id: null
clip_grad_norm: 'Infinity'
lr_epoch_decay: 500
render_backend: nvdiffrast
train_num_pair: 5
lr_decay_epochs:
- 50
n_epochs_warmup: 1
make_pair_online: false
gradient_max_norm: 'Infinity'
max_step_per_epoch: 10000
n_rendering_workers: 1
save_epoch_interval: 100
n_dataloader_workers: 100
split_objects_across_gpus: true
ckpt_dir: FoundationPose/learning/training/../../weights/2024-01-11-20-02-45/model_best.pth

[2024-09-20 15:04:18,064][root][INFO] - self.h5_file:None
[2024-09-20 15:04:18,273][root][INFO] - Using pretrained model from FoundationPose/learning/training/../../weights/2024-01-11-20-02-45/model_best.pth
[2024-09-20 15:04:18,334][root][INFO] - init done
[2024-09-20 15:04:18,335][root][INFO] - welcome
[2024-09-20 15:04:18,338][root][INFO] - self.cfg: 
 lr: 0.0001
c_in: 6
zfar: .inf
debug: null
w_rot: 0.1
n_view: 1
run_id: null
use_BN: true
rot_rep: axis_angle
ckpt_dir: FoundationPose/learning/training/../../weights/2023-10-28-18-33-37/model_best.pth
exp_name: 2023-10-28-18-33-37
save_dir: /tmp/2023-10-28-18-33-37/
loss_type: l2
optimizer: adam
trans_rep: tracknet
batch_size: 64
crop_ratio: 1.2
use_normal: false
BN_momentum: 0.1
max_num_key: null
warmup_step: -1
input_resize:
- 160
- 160
max_step_val: 1000
normal_uint8: false
vis_interval: 1000
weight_decay: 0
n_max_objects: null
normalize_xyz: true
clip_grad_norm: 'Infinity'
rot_normalizer: 0.3490658503988659
trans_normalizer:
- 0.019999999552965164
- 0.019999999552965164
- 0.05000000074505806
max_step_per_epoch: 25000
val_epoch_interval: 10
n_dataloader_workers: 60
enable_amp: true
use_mask: false

[2024-09-20 15:04:18,338][root][INFO] - self.h5_file:
[2024-09-20 15:04:18,409][root][INFO] - Using pretrained model from FoundationPose/learning/training/../../weights/2023-10-28-18-33-37/model_best.pth
[2024-09-20 15:04:18,431][root][INFO] - init done
[2024-09-20 15:04:20,650][root][INFO] - self.diameter:0.16911805808118208, vox_size:0.008455902904059103
[2024-09-20 15:04:20,665][root][INFO] - self.pts:torch.Size([675, 3])
[2024-09-20 15:04:21,640][root][INFO] - reset done
[2024-09-20 15:04:21,641][root][INFO] - cam_in_obs:(42, 4, 4)
[2024-09-20 15:04:21,646][root][INFO] - rot_grid:(252, 4, 4)
[2024-09-20 15:04:21,647][root][INFO] - after cluster, rot_grid:(252, 4, 4)
[2024-09-20 15:04:21,647][root][INFO] - self.rot_grid: torch.Size([252, 4, 4])
[2024-09-20 15:04:34,843][root][INFO] - Welcome
[2024-09-20 15:04:34,869][root][INFO] - poses:(252, 4, 4)
[2024-09-20 15:04:34,880][root][INFO] - after viewpoint, add_errs min:-1.0
[2024-09-20 15:04:34,958][root][INFO] - ob_in_cams:(252, 4, 4)
[2024-09-20 15:04:34,958][root][INFO] - self.cfg.use_normal:False
[2024-09-20 15:04:34,958][root][INFO] - trans_normalizer:[0.019999999552965164, 0.019999999552965164, 0.05000000074505806], rot_normalizer:0.3490658503988659
[2024-09-20 15:04:34,960][root][INFO] - making cropped data
[2024-09-20 15:04:34,960][root][INFO] - Welcome make_crop_data_batch
[2024-09-20 15:04:34,963][root][INFO] - make tf_to_crops done
[2024-09-20 15:04:34,997][root][INFO] - render done
[2024-09-20 15:04:35,005][root][INFO] - warp done
[2024-09-20 15:04:35,010][root][INFO] - pose batch data done
[2024-09-20 15:04:35,010][root][INFO] - forward start
[2024-09-20 15:04:35,136][root][INFO] - forward done
[2024-09-20 15:04:35,148][root][INFO] - making cropped data
[2024-09-20 15:04:35,148][root][INFO] - Welcome make_crop_data_batch
[2024-09-20 15:04:35,149][root][INFO] - make tf_to_crops done
[2024-09-20 15:04:35,174][root][INFO] - render done
[2024-09-20 15:04:35,177][root][INFO] - warp done
[2024-09-20 15:04:35,180][root][INFO] - pose batch data done
[2024-09-20 15:04:35,180][root][INFO] - forward start
[2024-09-20 15:04:35,181][root][INFO] - forward done
[2024-09-20 15:04:35,182][root][INFO] - making cropped data
[2024-09-20 15:04:35,182][root][INFO] - Welcome make_crop_data_batch
[2024-09-20 15:04:35,291][root][INFO] - make tf_to_crops done
[2024-09-20 15:04:35,314][root][INFO] - render done
[2024-09-20 15:04:35,320][root][INFO] - warp done
[2024-09-20 15:04:35,323][root][INFO] - pose batch data done
[2024-09-20 15:04:35,323][root][INFO] - forward start
[2024-09-20 15:04:35,324][root][INFO] - forward done
[2024-09-20 15:04:35,325][root][INFO] - making cropped data
[2024-09-20 15:04:35,325][root][INFO] - Welcome make_crop_data_batch
[2024-09-20 15:04:35,431][root][INFO] - make tf_to_crops done
[2024-09-20 15:04:35,456][root][INFO] - render done
[2024-09-20 15:04:35,460][root][INFO] - warp done
[2024-09-20 15:04:35,462][root][INFO] - pose batch data done
[2024-09-20 15:04:35,463][root][INFO] - forward start
[2024-09-20 15:04:35,464][root][INFO] - forward done
[2024-09-20 15:04:35,464][root][INFO] - making cropped data
[2024-09-20 15:04:35,464][root][INFO] - Welcome make_crop_data_batch
[2024-09-20 15:04:35,574][root][INFO] - make tf_to_crops done
[2024-09-20 15:04:35,597][root][INFO] - render done
[2024-09-20 15:04:35,603][root][INFO] - warp done
[2024-09-20 15:04:35,605][root][INFO] - pose batch data done
[2024-09-20 15:04:35,605][root][INFO] - forward start
[2024-09-20 15:04:35,607][root][INFO] - forward done
[2024-09-20 15:04:35,728][root][INFO] - ob_in_cams:(252, 4, 4)
[2024-09-20 15:04:35,729][root][INFO] - self.cfg.use_normal:False
[2024-09-20 15:04:35,729][root][INFO] - making cropped data
[2024-09-20 15:04:35,736][root][INFO] - Welcome make_crop_data_batch
[2024-09-20 15:04:35,737][root][INFO] - make tf_to_crops done
[2024-09-20 15:04:35,758][root][INFO] - render done
[2024-09-20 15:04:35,897][root][INFO] - pose batch data done
[2024-09-20 15:04:35,897][root][INFO] - pose_data.rgbAs.shape[0]: 252
[2024-09-20 15:04:36,003][root][INFO] - forward done
[2024-09-20 15:04:36,021][root][INFO] - final, add_errs min:-1.0
[2024-09-20 15:04:36,030][root][INFO] - sort ids:tensor([128,   8,  32,  56,  98, 104, 105, 111, 146, 170, 188, 189,   2,   3,
         33,  74,  99, 134, 243,  75, 244, 171, 225, 224, 194,  31, 242, 213,
         39, 187, 138,  63, 117, 112, 133,  20, 158,  70, 152,   1, 231, 136,
        249,  97, 219, 116, 135, 208,  14, 142,  21,  81, 122, 245,  37,  90,
        148,  38,  55, 212,   9,  49,  93, 129,  13,  87, 144, 145, 223,  10,
         29,  68,  80, 127, 150, 215,  69, 147, 151, 169, 199, 214, 103, 132,
        165, 207, 221, 236,   6,  18, 181, 198, 201,   7, 241,   0,  15,  30,
         35,  72,  82,  96, 102, 126, 222, 240,  11,  28,  34,  43,  45,  52,
        107, 163, 166, 168, 173, 191, 193, 200, 217,  22,  53,  65,  73,  85,
         88,  91, 115, 121, 172, 195, 209, 238,   4,  25,  42,  50,  79, 106,
        175, 218, 226, 237,  19,  66, 100, 110, 141, 186, 227, 248,  23,  24,
        101, 130, 139, 155, 164, 179, 180, 196, 202, 211, 216, 232, 239,  17,
         27,  36,  44,  54,  57,  61,  64,  76,  77,  83,  84,  86,  92, 118,
        123, 154, 159, 177, 178, 182, 190, 206, 228, 247,   5,  16,  26,  46,
         47,  48,  58,  62,  67,  89,  94,  95, 119, 124, 125, 131, 137, 143,
        149, 153, 156, 167, 174, 176, 184, 192, 203, 205, 229,  40,  41,  51,
         78, 109, 113, 114, 120, 140, 157, 160, 161, 162, 183, 220, 230, 233,
        235, 246, 250, 251,  12,  60, 108, 204, 210, 234,  71, 185,  59, 197])
[2024-09-20 15:04:36,035][root][INFO] - sorted scores:tensor([58.1562, 58.1250, 58.1250, 58.1250, 58.1250, 58.1250, 58.1250, 58.1250,
        58.1250, 58.1250, 58.1250, 58.1250, 58.0938, 58.0938, 58.0938, 58.0938,
        58.0938, 58.0938, 58.0938, 58.0312, 58.0312, 57.9688, 57.9375, 57.9062,
        57.7500, 57.7188, 57.7188, 57.6562, 57.6250, 57.5625, 57.5000, 57.4062,
        57.4062, 57.3750, 57.3750, 57.3438, 57.2812, 57.2500, 57.2500, 57.2188,
        57.1562, 57.1250, 57.1250, 57.0625, 57.0312, 56.9375, 56.9375, 56.9375,
        56.8750, 56.8750, 56.8125, 56.8125, 56.8125, 56.7812, 56.7500, 56.7500,
        56.7500, 56.7188, 56.7188, 56.7188, 56.6562, 56.6562, 56.6562, 56.6562,
        56.6250, 56.6250, 56.6250, 56.6250, 56.6250, 56.5938, 56.5938, 56.5938,
        56.5938, 56.5625, 56.5625, 56.5625, 56.5312, 56.5312, 56.5312, 56.5312,
        56.5312, 56.5312, 56.5000, 56.5000, 56.5000, 56.5000, 56.5000, 56.5000,
        56.4688, 56.4688, 56.4688, 56.4688, 56.4688, 56.4375, 56.4375, 56.4062,
        56.4062, 56.4062, 56.4062, 56.4062, 56.4062, 56.4062, 56.4062, 56.4062,
        56.4062, 56.4062, 56.3750, 56.3750, 56.3750, 56.3750, 56.3750, 56.3750,
        56.3750, 56.3750, 56.3750, 56.3750, 56.3750, 56.3750, 56.3750, 56.3750,
        56.3750, 56.3438, 56.3438, 56.3438, 56.3438, 56.3438, 56.3438, 56.3438,
        56.3438, 56.3438, 56.3438, 56.3438, 56.3438, 56.3438, 56.3125, 56.3125,
        56.3125, 56.3125, 56.3125, 56.3125, 56.3125, 56.3125, 56.3125, 56.3125,
        56.2812, 56.2812, 56.2812, 56.2812, 56.2812, 56.2812, 56.2812, 56.2812,
        56.2500, 56.2500, 56.2500, 56.2500, 56.2500, 56.2500, 56.2500, 56.2500,
        56.2500, 56.2500, 56.2500, 56.2500, 56.2500, 56.2500, 56.2500, 56.2188,
        56.2188, 56.2188, 56.2188, 56.2188, 56.2188, 56.2188, 56.2188, 56.2188,
        56.2188, 56.2188, 56.2188, 56.2188, 56.2188, 56.2188, 56.2188, 56.2188,
        56.2188, 56.2188, 56.2188, 56.2188, 56.2188, 56.2188, 56.2188, 56.2188,
        56.1875, 56.1875, 56.1875, 56.1875, 56.1875, 56.1875, 56.1875, 56.1875,
        56.1875, 56.1875, 56.1875, 56.1875, 56.1875, 56.1875, 56.1875, 56.1875,
        56.1875, 56.1875, 56.1875, 56.1875, 56.1875, 56.1875, 56.1875, 56.1875,
        56.1875, 56.1875, 56.1875, 56.1875, 56.1875, 56.1562, 56.1562, 56.1562,
        56.1562, 56.1562, 56.1562, 56.1562, 56.1562, 56.1562, 56.1562, 56.1562,
        56.1562, 56.1562, 56.1562, 56.1562, 56.1562, 56.1562, 56.1562, 56.1562,
        56.1562, 56.1562, 56.1250, 56.1250, 56.1250, 56.1250, 56.1250, 56.0938,
        56.0625, 56.0625, 56.0312, 56.0312])
[2024-09-20 15:04:39,752][websockets.server][INFO] - server listening on 0.0.0.0:8080
[2024-09-20 15:04:44,428][websockets.server][INFO] - connection open
[2024-09-20 15:04:46,355][websockets.server][INFO] - connection open
[2024-09-20 15:04:47,162][root][INFO] - Succeeded to open port: /dev/ttyUSB0
[2024-09-20 15:04:47,163][root][INFO] - Succeeded to set baudrate to 3000000
[2024-09-20 15:05:08,305][root][ERROR] - > read: [TxRxResult] There is no status packet!
[2024-09-20 15:05:08,340][root][ERROR] - > read: [TxRxResult] There is no status packet!
[2024-09-20 15:05:08,479][root][ERROR] - > read: [TxRxResult] There is no status packet!
[2024-09-20 15:05:08,514][root][ERROR] - > read: [TxRxResult] There is no status packet!
