[2024-10-25 10:59:51,118][websockets.server][INFO] - server listening on 0.0.0.0:8080
[2024-10-25 10:59:51,368][root][INFO] - self.cfg: 
 lr: 0.0001
c_in: 6
zfar: 'Infinity'
debug: null
n_view: 1
run_id: 3wy8qqex
use_BN: true
exp_name: 2024-01-11-20-02-45
n_epochs: 62
save_dir: /home/bowenw/debug/2024-01-11-20-02-45/
use_mask: false
loss_type: pairwise_valid
optimizer: adam
batch_size: 64
crop_ratio: 1.1
enable_amp: true
use_normal: false
max_num_key: null
warmup_step: -1
input_resize:
- 160
- 160
max_step_val: 1000
vis_interval: 1000
weight_decay: 0
normalize_xyz: true
resume_run_id: null
clip_grad_norm: 'Infinity'
lr_epoch_decay: 500
render_backend: nvdiffrast
train_num_pair: 5
lr_decay_epochs:
- 50
n_epochs_warmup: 1
make_pair_online: false
gradient_max_norm: 'Infinity'
max_step_per_epoch: 10000
n_rendering_workers: 1
save_epoch_interval: 100
n_dataloader_workers: 100
split_objects_across_gpus: true
ckpt_dir: /home/shaol/gjx/rw/third_party/FoundationPose/learning/training/../../weights/2024-01-11-20-02-45/model_best.pth

[2024-10-25 10:59:51,368][root][INFO] - self.h5_file:None
[2024-10-25 10:59:51,531][root][INFO] - Using pretrained model from /home/shaol/gjx/rw/third_party/FoundationPose/learning/training/../../weights/2024-01-11-20-02-45/model_best.pth
[2024-10-25 10:59:51,595][root][INFO] - init done
[2024-10-25 10:59:51,595][root][INFO] - welcome
[2024-10-25 10:59:51,598][root][INFO] - self.cfg: 
 lr: 0.0001
c_in: 6
zfar: .inf
debug: null
w_rot: 0.1
n_view: 1
run_id: null
use_BN: true
rot_rep: axis_angle
ckpt_dir: /home/shaol/gjx/rw/third_party/FoundationPose/learning/training/../../weights/2023-10-28-18-33-37/model_best.pth
exp_name: 2023-10-28-18-33-37
save_dir: /tmp/2023-10-28-18-33-37/
loss_type: l2
optimizer: adam
trans_rep: tracknet
batch_size: 64
crop_ratio: 1.2
use_normal: false
BN_momentum: 0.1
max_num_key: null
warmup_step: -1
input_resize:
- 160
- 160
max_step_val: 1000
normal_uint8: false
vis_interval: 1000
weight_decay: 0
n_max_objects: null
normalize_xyz: true
clip_grad_norm: 'Infinity'
rot_normalizer: 0.3490658503988659
trans_normalizer:
- 0.019999999552965164
- 0.019999999552965164
- 0.05000000074505806
max_step_per_epoch: 25000
val_epoch_interval: 10
n_dataloader_workers: 60
enable_amp: true
use_mask: false

[2024-10-25 10:59:51,598][root][INFO] - self.h5_file:
[2024-10-25 10:59:51,644][root][INFO] - Using pretrained model from /home/shaol/gjx/rw/third_party/FoundationPose/learning/training/../../weights/2023-10-28-18-33-37/model_best.pth
[2024-10-25 10:59:51,665][root][INFO] - init done
[2024-10-25 10:59:51,753][websockets.server][INFO] - connection open
[2024-10-25 10:59:53,829][root][INFO] - self.diameter:0.16911805808118208, vox_size:0.008455902904059103
[2024-10-25 10:59:53,844][root][INFO] - self.pts:torch.Size([675, 3])
[2024-10-25 10:59:55,196][root][INFO] - reset done
[2024-10-25 10:59:55,197][root][INFO] - cam_in_obs:(42, 4, 4)
[2024-10-25 10:59:55,199][root][INFO] - rot_grid:(252, 4, 4)
[2024-10-25 10:59:55,200][root][INFO] - after cluster, rot_grid:(252, 4, 4)
[2024-10-25 10:59:55,200][root][INFO] - self.rot_grid: torch.Size([252, 4, 4])
[2024-10-25 11:00:04,785][root][INFO] - Welcome
[2024-10-25 11:00:04,799][root][INFO] - poses:(252, 4, 4)
[2024-10-25 11:00:04,809][root][INFO] - after viewpoint, add_errs min:-1.0
[2024-10-25 11:00:04,864][root][INFO] - ob_in_cams:(252, 4, 4)
[2024-10-25 11:00:04,867][root][INFO] - self.cfg.use_normal:False
[2024-10-25 11:00:04,868][root][INFO] - trans_normalizer:[0.019999999552965164, 0.019999999552965164, 0.05000000074505806], rot_normalizer:0.3490658503988659
[2024-10-25 11:00:04,889][root][INFO] - making cropped data
[2024-10-25 11:00:04,889][root][INFO] - Welcome make_crop_data_batch
[2024-10-25 11:00:04,892][root][INFO] - make tf_to_crops done
[2024-10-25 11:00:04,923][root][INFO] - render done
[2024-10-25 11:00:04,929][root][INFO] - warp done
[2024-10-25 11:00:04,933][root][INFO] - pose batch data done
[2024-10-25 11:00:04,933][root][INFO] - forward start
[2024-10-25 11:00:05,057][root][INFO] - forward done
[2024-10-25 11:00:05,067][root][INFO] - making cropped data
[2024-10-25 11:00:05,067][root][INFO] - Welcome make_crop_data_batch
[2024-10-25 11:00:05,067][root][INFO] - make tf_to_crops done
[2024-10-25 11:00:05,090][root][INFO] - render done
[2024-10-25 11:00:05,093][root][INFO] - warp done
[2024-10-25 11:00:05,096][root][INFO] - pose batch data done
[2024-10-25 11:00:05,096][root][INFO] - forward start
[2024-10-25 11:00:05,097][root][INFO] - forward done
[2024-10-25 11:00:05,098][root][INFO] - making cropped data
[2024-10-25 11:00:05,098][root][INFO] - Welcome make_crop_data_batch
[2024-10-25 11:00:05,194][root][INFO] - make tf_to_crops done
[2024-10-25 11:00:05,216][root][INFO] - render done
[2024-10-25 11:00:05,220][root][INFO] - warp done
[2024-10-25 11:00:05,223][root][INFO] - pose batch data done
[2024-10-25 11:00:05,223][root][INFO] - forward start
[2024-10-25 11:00:05,224][root][INFO] - forward done
[2024-10-25 11:00:05,225][root][INFO] - making cropped data
[2024-10-25 11:00:05,225][root][INFO] - Welcome make_crop_data_batch
[2024-10-25 11:00:05,320][root][INFO] - make tf_to_crops done
[2024-10-25 11:00:05,342][root][INFO] - render done
[2024-10-25 11:00:05,345][root][INFO] - warp done
[2024-10-25 11:00:05,348][root][INFO] - pose batch data done
[2024-10-25 11:00:05,348][root][INFO] - forward start
[2024-10-25 11:00:05,349][root][INFO] - forward done
[2024-10-25 11:00:05,349][root][INFO] - making cropped data
[2024-10-25 11:00:05,349][root][INFO] - Welcome make_crop_data_batch
[2024-10-25 11:00:05,446][root][INFO] - make tf_to_crops done
[2024-10-25 11:00:05,468][root][INFO] - render done
[2024-10-25 11:00:05,472][root][INFO] - warp done
[2024-10-25 11:00:05,475][root][INFO] - pose batch data done
[2024-10-25 11:00:05,475][root][INFO] - forward start
[2024-10-25 11:00:05,476][root][INFO] - forward done
[2024-10-25 11:00:05,588][root][INFO] - ob_in_cams:(252, 4, 4)
[2024-10-25 11:00:05,588][root][INFO] - self.cfg.use_normal:False
[2024-10-25 11:00:05,588][root][INFO] - making cropped data
[2024-10-25 11:00:05,596][root][INFO] - Welcome make_crop_data_batch
[2024-10-25 11:00:05,596][root][INFO] - make tf_to_crops done
[2024-10-25 11:00:05,616][root][INFO] - render done
[2024-10-25 11:00:05,741][root][INFO] - pose batch data done
[2024-10-25 11:00:05,741][root][INFO] - pose_data.rgbAs.shape[0]: 252
[2024-10-25 11:00:05,835][root][INFO] - forward done
[2024-10-25 11:00:05,852][root][INFO] - final, add_errs min:-1.0
[2024-10-25 11:00:05,861][root][INFO] - sort ids:tensor([251, 118, 180,  16,  89, 110, 208, 233, 239, 250,  70,  71, 226, 232,
        238,  24, 214, 244,  29,  17,  64, 221, 203,  95, 202,  83, 137, 173,
         11, 107,  77,  90,   8, 127, 146, 164, 170, 144, 136,   5, 148,   4,
         47, 220,  23, 133,  82, 179, 187, 237,  14,  22,  52,  85,  86,  88,
         91, 243,  20,  79,  80, 130, 131,  28,  92, 101, 122, 124, 140, 153,
        160, 185, 196, 245, 176, 246,  41,  94, 168, 174, 192, 195,  54,  66,
        193, 222,  13, 115, 128, 210,  38,  59,  60, 119, 159, 198,  10, 242,
         30,  48,  50, 134, 154, 162, 167, 178, 199, 234, 248,  39,  51, 116,
        171, 209,  35,  43,  44,  98, 106, 150, 165, 172, 204, 227, 228,  32,
         57, 109, 141, 152, 175, 190, 217,  74, 135, 151, 201, 215,   2,  37,
         55,  75,  76,  99, 104, 111, 123, 139, 143, 156, 177, 212,   3,  26,
         31,  61,  65,  67,  96, 125, 147, 183, 213, 224, 229,   0,  73,  97,
        113, 200, 216, 218, 223, 225, 235, 247,   7,  18,  93, 100, 102, 120,
        121, 166, 181, 194, 219, 241,   9,  21,  49,  84, 103, 105, 126, 142,
        191, 205, 211, 240,   6,  12,  19,  36,  42,  53,  63,  72, 117, 138,
        145, 186, 231,   1,  33,  46,  78,  87, 114, 129, 132, 157, 163, 169,
        188, 206, 230,  15,  34,  40,  58,  62, 112, 155, 189,  56, 108, 158,
        161, 182, 236,  25, 249,  27,  45,  68,  69,  81, 184, 197, 207, 149])
[2024-10-25 11:00:05,865][root][INFO] - sorted scores:tensor([127.7344, 127.6719, 127.6719, 127.6562, 127.6562, 127.6562, 127.6562,
        127.6562, 127.6562, 127.6562, 127.6406, 127.6406, 127.6406, 127.6406,
        127.6406, 127.6250, 127.6250, 127.6250, 127.6094, 127.5781, 127.5469,
        127.5469, 127.5312, 127.5156, 127.5156, 127.4688, 127.4375, 127.4219,
        127.4062, 127.4062, 127.3906, 127.3594, 127.3438, 127.3281, 127.3125,
        127.2969, 127.2812, 127.2656, 127.2500, 127.2344, 127.2344, 127.2188,
        127.2188, 127.2188, 127.2031, 127.2031, 127.1875, 127.1875, 127.1875,
        127.1875, 127.1719, 127.1719, 127.1719, 127.1719, 127.1719, 127.1719,
        127.1719, 127.1719, 127.1562, 127.1562, 127.1562, 127.1562, 127.1562,
        127.1406, 127.1406, 127.1406, 127.1406, 127.1406, 127.1406, 127.1406,
        127.1406, 127.1406, 127.1406, 127.1406, 127.1250, 127.1250, 127.1094,
        127.1094, 127.1094, 127.1094, 127.1094, 127.1094, 127.0938, 127.0938,
        127.0938, 127.0938, 127.0781, 127.0781, 127.0781, 127.0781, 127.0625,
        127.0625, 127.0625, 127.0625, 127.0625, 127.0625, 127.0469, 127.0469,
        127.0312, 127.0312, 127.0312, 127.0312, 127.0312, 127.0312, 127.0312,
        127.0312, 127.0312, 127.0312, 127.0312, 127.0156, 127.0156, 127.0156,
        127.0156, 127.0156, 127.0000, 127.0000, 127.0000, 127.0000, 127.0000,
        127.0000, 127.0000, 127.0000, 127.0000, 127.0000, 127.0000, 126.9844,
        126.9844, 126.9844, 126.9844, 126.9844, 126.9844, 126.9844, 126.9844,
        126.9688, 126.9688, 126.9688, 126.9688, 126.9688, 126.9531, 126.9531,
        126.9531, 126.9531, 126.9531, 126.9531, 126.9531, 126.9531, 126.9531,
        126.9531, 126.9531, 126.9531, 126.9531, 126.9531, 126.9375, 126.9375,
        126.9375, 126.9375, 126.9375, 126.9375, 126.9375, 126.9375, 126.9375,
        126.9375, 126.9375, 126.9375, 126.9375, 126.9219, 126.9219, 126.9219,
        126.9219, 126.9219, 126.9219, 126.9219, 126.9219, 126.9219, 126.9219,
        126.9219, 126.9062, 126.9062, 126.9062, 126.9062, 126.9062, 126.9062,
        126.9062, 126.9062, 126.9062, 126.9062, 126.9062, 126.9062, 126.8906,
        126.8906, 126.8906, 126.8906, 126.8906, 126.8906, 126.8906, 126.8906,
        126.8906, 126.8906, 126.8906, 126.8906, 126.8750, 126.8750, 126.8750,
        126.8750, 126.8750, 126.8750, 126.8750, 126.8750, 126.8750, 126.8750,
        126.8750, 126.8750, 126.8750, 126.8594, 126.8594, 126.8594, 126.8594,
        126.8594, 126.8594, 126.8594, 126.8594, 126.8594, 126.8594, 126.8594,
        126.8594, 126.8594, 126.8594, 126.8438, 126.8438, 126.8438, 126.8438,
        126.8438, 126.8438, 126.8438, 126.8438, 126.8281, 126.8281, 126.8281,
        126.8281, 126.8281, 126.8281, 126.8125, 126.8125, 126.7969, 126.7969,
        126.7969, 126.7969, 126.7969, 126.7969, 126.7969, 126.7969, 126.7500])
