[2024-09-19 21:05:52,693][root][INFO] - self.cfg: 
 lr: 0.0001
c_in: 6
zfar: 'Infinity'
debug: null
n_view: 1
run_id: 3wy8qqex
use_BN: true
exp_name: 2024-01-11-20-02-45
n_epochs: 62
save_dir: /home/bowenw/debug/2024-01-11-20-02-45/
use_mask: false
loss_type: pairwise_valid
optimizer: adam
batch_size: 64
crop_ratio: 1.1
enable_amp: true
use_normal: false
max_num_key: null
warmup_step: -1
input_resize:
- 160
- 160
max_step_val: 1000
vis_interval: 1000
weight_decay: 0
normalize_xyz: true
resume_run_id: null
clip_grad_norm: 'Infinity'
lr_epoch_decay: 500
render_backend: nvdiffrast
train_num_pair: 5
lr_decay_epochs:
- 50
n_epochs_warmup: 1
make_pair_online: false
gradient_max_norm: 'Infinity'
max_step_per_epoch: 10000
n_rendering_workers: 1
save_epoch_interval: 100
n_dataloader_workers: 100
split_objects_across_gpus: true
ckpt_dir: FoundationPose/learning/training/../../weights/2024-01-11-20-02-45/model_best.pth

[2024-09-19 21:05:52,693][root][INFO] - self.h5_file:None
[2024-09-19 21:05:52,886][root][INFO] - Using pretrained model from FoundationPose/learning/training/../../weights/2024-01-11-20-02-45/model_best.pth
[2024-09-19 21:05:52,948][root][INFO] - init done
[2024-09-19 21:05:52,948][root][INFO] - welcome
[2024-09-19 21:05:52,952][root][INFO] - self.cfg: 
 lr: 0.0001
c_in: 6
zfar: .inf
debug: null
w_rot: 0.1
n_view: 1
run_id: null
use_BN: true
rot_rep: axis_angle
ckpt_dir: FoundationPose/learning/training/../../weights/2023-10-28-18-33-37/model_best.pth
exp_name: 2023-10-28-18-33-37
save_dir: /tmp/2023-10-28-18-33-37/
loss_type: l2
optimizer: adam
trans_rep: tracknet
batch_size: 64
crop_ratio: 1.2
use_normal: false
BN_momentum: 0.1
max_num_key: null
warmup_step: -1
input_resize:
- 160
- 160
max_step_val: 1000
normal_uint8: false
vis_interval: 1000
weight_decay: 0
n_max_objects: null
normalize_xyz: true
clip_grad_norm: 'Infinity'
rot_normalizer: 0.3490658503988659
trans_normalizer:
- 0.019999999552965164
- 0.019999999552965164
- 0.05000000074505806
max_step_per_epoch: 25000
val_epoch_interval: 10
n_dataloader_workers: 60
enable_amp: true
use_mask: false

[2024-09-19 21:05:52,952][root][INFO] - self.h5_file:
[2024-09-19 21:05:53,000][root][INFO] - Using pretrained model from FoundationPose/learning/training/../../weights/2023-10-28-18-33-37/model_best.pth
[2024-09-19 21:05:53,020][root][INFO] - init done
[2024-09-19 21:05:55,215][root][INFO] - self.diameter:0.1793547313547633, vox_size:0.008967736567738164
[2024-09-19 21:05:55,230][root][INFO] - self.pts:torch.Size([630, 3])
[2024-09-19 21:05:56,336][root][INFO] - reset done
[2024-09-19 21:05:56,336][root][INFO] - cam_in_obs:(42, 4, 4)
[2024-09-19 21:05:56,338][root][INFO] - rot_grid:(252, 4, 4)
[2024-09-19 21:05:56,339][root][INFO] - after cluster, rot_grid:(252, 4, 4)
[2024-09-19 21:05:56,339][root][INFO] - self.rot_grid: torch.Size([252, 4, 4])
[2024-09-19 21:06:06,457][root][INFO] - Welcome
[2024-09-19 21:06:06,480][root][INFO] - poses:(252, 4, 4)
[2024-09-19 21:06:06,494][root][INFO] - after viewpoint, add_errs min:-1.0
[2024-09-19 21:06:06,577][root][INFO] - ob_in_cams:(252, 4, 4)
[2024-09-19 21:06:06,577][root][INFO] - self.cfg.use_normal:False
[2024-09-19 21:06:06,577][root][INFO] - trans_normalizer:[0.019999999552965164, 0.019999999552965164, 0.05000000074505806], rot_normalizer:0.3490658503988659
[2024-09-19 21:06:06,579][root][INFO] - making cropped data
[2024-09-19 21:06:06,579][root][INFO] - Welcome make_crop_data_batch
[2024-09-19 21:06:06,582][root][INFO] - make tf_to_crops done
[2024-09-19 21:06:06,614][root][INFO] - render done
[2024-09-19 21:06:06,620][root][INFO] - warp done
[2024-09-19 21:06:06,625][root][INFO] - pose batch data done
[2024-09-19 21:06:06,625][root][INFO] - forward start
[2024-09-19 21:06:06,743][root][INFO] - forward done
[2024-09-19 21:06:06,755][root][INFO] - making cropped data
[2024-09-19 21:06:06,755][root][INFO] - Welcome make_crop_data_batch
[2024-09-19 21:06:06,755][root][INFO] - make tf_to_crops done
[2024-09-19 21:06:06,779][root][INFO] - render done
[2024-09-19 21:06:06,782][root][INFO] - warp done
[2024-09-19 21:06:06,785][root][INFO] - pose batch data done
[2024-09-19 21:06:06,785][root][INFO] - forward start
[2024-09-19 21:06:06,787][root][INFO] - forward done
[2024-09-19 21:06:06,787][root][INFO] - making cropped data
[2024-09-19 21:06:06,787][root][INFO] - Welcome make_crop_data_batch
[2024-09-19 21:06:06,889][root][INFO] - make tf_to_crops done
[2024-09-19 21:06:06,912][root][INFO] - render done
[2024-09-19 21:06:06,915][root][INFO] - warp done
[2024-09-19 21:06:06,918][root][INFO] - pose batch data done
[2024-09-19 21:06:06,918][root][INFO] - forward start
[2024-09-19 21:06:06,919][root][INFO] - forward done
[2024-09-19 21:06:06,919][root][INFO] - making cropped data
[2024-09-19 21:06:06,919][root][INFO] - Welcome make_crop_data_batch
[2024-09-19 21:06:07,020][root][INFO] - make tf_to_crops done
[2024-09-19 21:06:07,042][root][INFO] - render done
[2024-09-19 21:06:07,046][root][INFO] - warp done
[2024-09-19 21:06:07,048][root][INFO] - pose batch data done
[2024-09-19 21:06:07,048][root][INFO] - forward start
[2024-09-19 21:06:07,050][root][INFO] - forward done
[2024-09-19 21:06:07,050][root][INFO] - making cropped data
[2024-09-19 21:06:07,050][root][INFO] - Welcome make_crop_data_batch
[2024-09-19 21:06:07,150][root][INFO] - make tf_to_crops done
[2024-09-19 21:06:07,172][root][INFO] - render done
[2024-09-19 21:06:07,177][root][INFO] - warp done
[2024-09-19 21:06:07,179][root][INFO] - pose batch data done
[2024-09-19 21:06:07,179][root][INFO] - forward start
[2024-09-19 21:06:07,181][root][INFO] - forward done
[2024-09-19 21:06:07,296][root][INFO] - ob_in_cams:(252, 4, 4)
[2024-09-19 21:06:07,296][root][INFO] - self.cfg.use_normal:False
[2024-09-19 21:06:07,296][root][INFO] - making cropped data
[2024-09-19 21:06:07,304][root][INFO] - Welcome make_crop_data_batch
[2024-09-19 21:06:07,304][root][INFO] - make tf_to_crops done
[2024-09-19 21:06:07,324][root][INFO] - render done
[2024-09-19 21:06:07,454][root][INFO] - pose batch data done
[2024-09-19 21:06:07,454][root][INFO] - pose_data.rgbAs.shape[0]: 252
[2024-09-19 21:06:07,555][root][INFO] - forward done
[2024-09-19 21:06:07,573][root][INFO] - final, add_errs min:-1.0
[2024-09-19 21:06:07,582][root][INFO] - sort ids:tensor([ 68,  26,  20, 236, 206,  14,  80, 116, 230,  86,  92, 248,  93, 117,
        122, 229,  37, 115,  13,  79, 120, 211,  19,  36,  84, 205,  91,  16,
         81,  85, 123, 221,  18,  22,  77,  82,  88, 154, 178, 203,   5,  78,
         87, 107, 121, 184,  15,  28,  94,  95, 101, 119, 155,  11,  47,  89,
        118, 124, 131, 134, 188, 227, 128, 137,  12,  17,  23,  41,  83, 104,
        125, 162, 161, 179,  65,  74,  98, 146, 251,   2,   8,  32, 170, 127,
          6,  27,  73, 103, 132, 149,   7, 126, 133,   0,  42, 145, 169,  72,
        163,  43, 129, 130,   3,  33, 171,   1,   4,  99, 106,   9,  34,  76,
        105, 226,  75, 100, 102, 136, 202, 244,  10,  97, 173,  35, 172,  25,
         56, 176,  90, 135, 114, 228, 231,  40,  71, 156, 237, 185, 209, 186,
        245,  21,  44, 189,  29, 216, 164, 167,  24, 234, 183, 210, 153, 212,
        152, 233, 198,  39, 159, 148, 200,  70,  45,  31,  46, 111, 194, 224,
        243, 150, 242, 138, 218, 168, 250, 181, 201,  30, 219, 215, 108, 223,
        241, 112, 147, 109, 220, 247,  96, 160, 225,  38,  61,  64, 187, 144,
        235,  62,  49, 177,  55, 204, 197,  52, 142, 196, 222,  50,  59,  67,
        141, 193, 191,  53, 165, 182,  58, 166, 158, 214, 207, 113, 140, 139,
        240, 239, 174, 175, 199, 208, 217, 190,  57, 143, 151, 192, 232,  60,
        110,  54,  63, 213,  51,  66,  69, 249,  48, 246, 195, 180, 238, 157])
[2024-09-19 21:06:07,586][root][INFO] - sorted scores:tensor([90.7344, 90.7188, 90.7109, 90.7109, 90.7031, 90.6953, 90.6953, 90.6953,
        90.6953, 90.6875, 90.6797, 90.6797, 90.6562, 90.6406, 90.5234, 90.5234,
        90.5156, 90.5000, 90.4922, 90.4922, 90.4766, 90.4688, 90.4609, 90.4609,
        90.4531, 90.4531, 90.4453, 90.4375, 90.4297, 90.4297, 90.4297, 90.4297,
        90.4219, 90.4219, 90.4219, 90.4219, 90.4219, 90.4219, 90.4219, 90.4219,
        90.4141, 90.4141, 90.4141, 90.4141, 90.4141, 90.4141, 90.4062, 90.4062,
        90.4062, 90.4062, 90.4062, 90.4062, 90.4062, 90.3984, 90.3984, 90.3984,
        90.3984, 90.3984, 90.3984, 90.3984, 90.3984, 90.3984, 90.3906, 90.3906,
        90.3828, 90.3828, 90.3828, 90.3828, 90.3828, 90.3828, 90.3828, 90.3828,
        90.3750, 90.3750, 90.3672, 90.3672, 90.3672, 90.3672, 90.3672, 90.3594,
        90.3594, 90.3594, 90.3516, 90.3281, 90.3203, 90.3125, 90.3125, 90.3125,
        90.3125, 90.3125, 90.3047, 90.3047, 90.3047, 90.2969, 90.2891, 90.2891,
        90.2891, 90.2734, 90.2734, 90.2656, 90.2578, 90.2578, 90.2500, 90.2500,
        90.2500, 90.2422, 90.2422, 90.2422, 90.2422, 90.2344, 90.2344, 90.2344,
        90.2344, 90.2344, 90.2266, 90.2266, 90.2266, 90.2266, 90.2266, 90.2266,
        90.2188, 90.2188, 90.1953, 90.1875, 90.1641, 90.1562, 90.1562, 90.1562,
        90.1406, 90.1094, 90.1016, 90.1016, 90.1016, 90.0938, 90.0938, 90.0938,
        90.0938, 90.0859, 90.0859, 90.0781, 90.0781, 90.0703, 90.0703, 90.0703,
        90.0625, 90.0625, 90.0469, 90.0234, 90.0078, 90.0078, 89.9922, 89.9844,
        89.9766, 89.9766, 89.9609, 89.9531, 89.9453, 89.9375, 89.9375, 89.9219,
        89.9219, 89.9062, 89.8984, 89.8828, 89.8828, 89.8828, 89.8828, 89.8750,
        89.8750, 89.8516, 89.8516, 89.8438, 89.8359, 89.8281, 89.8281, 89.8203,
        89.8125, 89.7969, 89.7891, 89.7734, 89.7422, 89.7344, 89.7266, 89.7188,
        89.7188, 89.7031, 89.6953, 89.6953, 89.6875, 89.6641, 89.6484, 89.6406,
        89.6406, 89.6406, 89.6328, 89.6250, 89.6172, 89.6016, 89.5938, 89.5703,
        89.5625, 89.5625, 89.5234, 89.5000, 89.4766, 89.4609, 89.4375, 89.4219,
        89.4219, 89.4219, 89.4062, 89.3906, 89.3828, 89.3125, 89.2969, 89.2734,
        89.2656, 89.2656, 89.2578, 89.2109, 89.1875, 89.1406, 89.1328, 89.1172,
        89.0938, 89.0625, 89.0234, 89.0156, 88.9453, 88.9453, 88.9297, 88.8984,
        88.8906, 88.8828, 88.8672, 88.8672, 88.8672, 88.8516, 88.8516, 88.8359,
        88.8359, 88.8359, 88.8281, 88.8281, 88.8281, 88.8281, 88.8203, 88.8203,
        88.7969, 88.7891, 88.7578, 88.7500])
[2024-09-19 21:06:12,447][websockets.server][INFO] - server listening on 0.0.0.0:8080
[2024-09-19 21:06:15,572][websockets.server][INFO] - connection open
[2024-09-19 21:06:23,322][root][INFO] - Succeeded to open port: /dev/ttyUSB0
[2024-09-19 21:06:23,323][root][INFO] - Succeeded to set baudrate to 3000000
[2024-09-19 21:06:33,624][websockets.server][INFO] - connection open
