[2024-09-19 21:47:23,193][root][INFO] - self.cfg: 
 lr: 0.0001
c_in: 6
zfar: 'Infinity'
debug: null
n_view: 1
run_id: 3wy8qqex
use_BN: true
exp_name: 2024-01-11-20-02-45
n_epochs: 62
save_dir: /home/bowenw/debug/2024-01-11-20-02-45/
use_mask: false
loss_type: pairwise_valid
optimizer: adam
batch_size: 64
crop_ratio: 1.1
enable_amp: true
use_normal: false
max_num_key: null
warmup_step: -1
input_resize:
- 160
- 160
max_step_val: 1000
vis_interval: 1000
weight_decay: 0
normalize_xyz: true
resume_run_id: null
clip_grad_norm: 'Infinity'
lr_epoch_decay: 500
render_backend: nvdiffrast
train_num_pair: 5
lr_decay_epochs:
- 50
n_epochs_warmup: 1
make_pair_online: false
gradient_max_norm: 'Infinity'
max_step_per_epoch: 10000
n_rendering_workers: 1
save_epoch_interval: 100
n_dataloader_workers: 100
split_objects_across_gpus: true
ckpt_dir: FoundationPose/learning/training/../../weights/2024-01-11-20-02-45/model_best.pth

[2024-09-19 21:47:23,193][root][INFO] - self.h5_file:None
[2024-09-19 21:47:23,358][root][INFO] - Using pretrained model from FoundationPose/learning/training/../../weights/2024-01-11-20-02-45/model_best.pth
[2024-09-19 21:47:23,411][root][INFO] - init done
[2024-09-19 21:47:23,411][root][INFO] - welcome
[2024-09-19 21:47:23,415][root][INFO] - self.cfg: 
 lr: 0.0001
c_in: 6
zfar: .inf
debug: null
w_rot: 0.1
n_view: 1
run_id: null
use_BN: true
rot_rep: axis_angle
ckpt_dir: FoundationPose/learning/training/../../weights/2023-10-28-18-33-37/model_best.pth
exp_name: 2023-10-28-18-33-37
save_dir: /tmp/2023-10-28-18-33-37/
loss_type: l2
optimizer: adam
trans_rep: tracknet
batch_size: 64
crop_ratio: 1.2
use_normal: false
BN_momentum: 0.1
max_num_key: null
warmup_step: -1
input_resize:
- 160
- 160
max_step_val: 1000
normal_uint8: false
vis_interval: 1000
weight_decay: 0
n_max_objects: null
normalize_xyz: true
clip_grad_norm: 'Infinity'
rot_normalizer: 0.3490658503988659
trans_normalizer:
- 0.019999999552965164
- 0.019999999552965164
- 0.05000000074505806
max_step_per_epoch: 25000
val_epoch_interval: 10
n_dataloader_workers: 60
enable_amp: true
use_mask: false

[2024-09-19 21:47:23,415][root][INFO] - self.h5_file:
[2024-09-19 21:47:23,465][root][INFO] - Using pretrained model from FoundationPose/learning/training/../../weights/2023-10-28-18-33-37/model_best.pth
[2024-09-19 21:47:23,482][root][INFO] - init done
[2024-09-19 21:47:25,702][root][INFO] - self.diameter:0.1548224583430964, vox_size:0.00774112291715482
[2024-09-19 21:47:25,717][root][INFO] - self.pts:torch.Size([788, 3])
[2024-09-19 21:47:26,713][root][INFO] - reset done
[2024-09-19 21:47:26,724][root][INFO] - cam_in_obs:(42, 4, 4)
[2024-09-19 21:47:26,726][root][INFO] - rot_grid:(252, 4, 4)
[2024-09-19 21:47:26,728][root][INFO] - after cluster, rot_grid:(252, 4, 4)
[2024-09-19 21:47:26,728][root][INFO] - self.rot_grid: torch.Size([252, 4, 4])
[2024-09-19 21:47:36,350][root][INFO] - Welcome
[2024-09-19 21:47:36,366][root][INFO] - poses:(252, 4, 4)
[2024-09-19 21:47:36,375][root][INFO] - after viewpoint, add_errs min:-1.0
[2024-09-19 21:47:36,425][root][INFO] - ob_in_cams:(252, 4, 4)
[2024-09-19 21:47:36,426][root][INFO] - self.cfg.use_normal:False
[2024-09-19 21:47:36,426][root][INFO] - trans_normalizer:[0.019999999552965164, 0.019999999552965164, 0.05000000074505806], rot_normalizer:0.3490658503988659
[2024-09-19 21:47:36,452][root][INFO] - making cropped data
[2024-09-19 21:47:36,452][root][INFO] - Welcome make_crop_data_batch
[2024-09-19 21:47:36,456][root][INFO] - make tf_to_crops done
[2024-09-19 21:47:36,488][root][INFO] - render done
[2024-09-19 21:47:36,494][root][INFO] - warp done
[2024-09-19 21:47:36,499][root][INFO] - pose batch data done
[2024-09-19 21:47:36,499][root][INFO] - forward start
[2024-09-19 21:47:36,617][root][INFO] - forward done
[2024-09-19 21:47:36,629][root][INFO] - making cropped data
[2024-09-19 21:47:36,629][root][INFO] - Welcome make_crop_data_batch
[2024-09-19 21:47:36,629][root][INFO] - make tf_to_crops done
[2024-09-19 21:47:36,652][root][INFO] - render done
[2024-09-19 21:47:36,656][root][INFO] - warp done
[2024-09-19 21:47:36,659][root][INFO] - pose batch data done
[2024-09-19 21:47:36,659][root][INFO] - forward start
[2024-09-19 21:47:36,660][root][INFO] - forward done
[2024-09-19 21:47:36,661][root][INFO] - making cropped data
[2024-09-19 21:47:36,661][root][INFO] - Welcome make_crop_data_batch
[2024-09-19 21:47:36,760][root][INFO] - make tf_to_crops done
[2024-09-19 21:47:36,781][root][INFO] - render done
[2024-09-19 21:47:36,786][root][INFO] - warp done
[2024-09-19 21:47:36,788][root][INFO] - pose batch data done
[2024-09-19 21:47:36,788][root][INFO] - forward start
[2024-09-19 21:47:36,790][root][INFO] - forward done
[2024-09-19 21:47:36,790][root][INFO] - making cropped data
[2024-09-19 21:47:36,790][root][INFO] - Welcome make_crop_data_batch
[2024-09-19 21:47:36,890][root][INFO] - make tf_to_crops done
[2024-09-19 21:47:36,912][root][INFO] - render done
[2024-09-19 21:47:36,915][root][INFO] - warp done
[2024-09-19 21:47:36,918][root][INFO] - pose batch data done
[2024-09-19 21:47:36,918][root][INFO] - forward start
[2024-09-19 21:47:36,919][root][INFO] - forward done
[2024-09-19 21:47:36,919][root][INFO] - making cropped data
[2024-09-19 21:47:36,919][root][INFO] - Welcome make_crop_data_batch
[2024-09-19 21:47:37,020][root][INFO] - make tf_to_crops done
[2024-09-19 21:47:37,043][root][INFO] - render done
[2024-09-19 21:47:37,046][root][INFO] - warp done
[2024-09-19 21:47:37,049][root][INFO] - pose batch data done
[2024-09-19 21:47:37,049][root][INFO] - forward start
[2024-09-19 21:47:37,050][root][INFO] - forward done
[2024-09-19 21:47:37,165][root][INFO] - ob_in_cams:(252, 4, 4)
[2024-09-19 21:47:37,165][root][INFO] - self.cfg.use_normal:False
[2024-09-19 21:47:37,165][root][INFO] - making cropped data
[2024-09-19 21:47:37,173][root][INFO] - Welcome make_crop_data_batch
[2024-09-19 21:47:37,174][root][INFO] - make tf_to_crops done
[2024-09-19 21:47:37,194][root][INFO] - render done
[2024-09-19 21:47:37,322][root][INFO] - pose batch data done
[2024-09-19 21:47:37,322][root][INFO] - pose_data.rgbAs.shape[0]: 252
[2024-09-19 21:47:37,419][root][INFO] - forward done
[2024-09-19 21:47:37,436][root][INFO] - final, add_errs min:-1.0
[2024-09-19 21:47:37,446][root][INFO] - sort ids:tensor([  8,  98, 128,  32, 146, 188,   2,  74, 104, 134, 170, 243, 135,  44,
        225,  18,  12,  13,  19,  20,  37,  78,  79,  85,  92, 114, 115, 120,
        121, 122, 150, 205, 211, 235,  14,  26,  36,  80,  86, 116, 230,  17,
         41, 155, 160, 229,  23,  28,  95, 119, 125, 161, 179,  16,  21,  22,
         27,  81,  82,  83,  87,  88,  89,  94, 101, 124, 154, 178, 184, 221,
          5,  11,  15,  47,  77,  96, 107, 131, 137, 203, 227, 236,   4,   9,
         75, 100, 129, 136, 189, 206,   1,   3,  33,  34,  76,  99, 105, 106,
        130, 132, 210, 226, 231,   6,  91, 103, 111, 171, 244,  35,  93, 102,
        183, 216,   0,   7,  10,  42,  43,  72,  73, 126, 127, 133, 145, 163,
        198, 117, 138, 118, 162, 177, 196, 113, 169,  52, 140, 166,  68, 197,
        245,  59,  67, 207,  29, 167, 209,  65, 251, 233,  71, 139, 201, 202,
         39,  40, 159, 164, 182, 214, 151, 157, 192, 218,  45, 141, 142, 152,
        156, 185, 219, 247, 193, 208, 212, 237,  38,  56, 108, 109, 176, 181,
        194, 242,  24,  58,  61,  90, 144, 174, 175, 191, 238, 248,  49,  84,
        112, 165, 186, 234,  48, 149, 168,  25, 172, 195, 232,  70, 190,  46,
        110, 220, 239, 250,  62,  69, 123, 180, 199, 228,  54,  63,  97, 187,
         30,  55, 143, 224,  50, 173, 213,  53, 147, 158, 204, 246,  60,  64,
        153,  57, 148, 215, 223,  31,  66, 200, 241, 217, 222, 249,  51, 240])
[2024-09-19 21:47:37,449][root][INFO] - sorted scores:tensor([57.7812, 57.7812, 57.7812, 57.7500, 57.7500, 57.7500, 57.7188, 57.7188,
        57.7188, 57.7188, 57.7188, 57.7188, 57.6562, 57.5312, 57.3438, 57.2812,
        57.2500, 57.2500, 57.2500, 57.2500, 57.2500, 57.2500, 57.2500, 57.2500,
        57.2500, 57.2500, 57.2500, 57.2500, 57.2500, 57.2500, 57.2500, 57.2500,
        57.2500, 57.2500, 57.2188, 57.2188, 57.2188, 57.2188, 57.2188, 57.2188,
        57.2188, 57.1875, 57.1875, 57.1875, 57.1875, 57.1875, 57.1562, 57.1562,
        57.1562, 57.1562, 57.1562, 57.1562, 57.1562, 57.1250, 57.1250, 57.1250,
        57.1250, 57.1250, 57.1250, 57.1250, 57.1250, 57.1250, 57.1250, 57.1250,
        57.1250, 57.1250, 57.1250, 57.1250, 57.1250, 57.1250, 57.0938, 57.0938,
        57.0938, 57.0938, 57.0938, 57.0938, 57.0938, 57.0938, 57.0938, 57.0938,
        57.0938, 57.0938, 57.0312, 57.0312, 57.0312, 57.0312, 57.0312, 57.0312,
        57.0312, 57.0312, 57.0000, 57.0000, 57.0000, 57.0000, 57.0000, 57.0000,
        57.0000, 57.0000, 57.0000, 57.0000, 57.0000, 57.0000, 57.0000, 56.9688,
        56.9688, 56.9688, 56.9688, 56.9688, 56.9688, 56.9375, 56.9375, 56.9375,
        56.9375, 56.9375, 56.9062, 56.9062, 56.9062, 56.9062, 56.9062, 56.9062,
        56.9062, 56.9062, 56.9062, 56.9062, 56.9062, 56.9062, 56.9062, 56.8750,
        56.8750, 56.8125, 56.8125, 56.8125, 56.8125, 56.7812, 56.7812, 56.7500,
        56.7500, 56.7188, 56.6875, 56.6875, 56.6875, 56.6562, 56.6562, 56.6250,
        56.5938, 56.5938, 56.5938, 56.5625, 56.5625, 56.5312, 56.5000, 56.5000,
        56.5000, 56.5000, 56.4688, 56.4688, 56.4688, 56.4688, 56.4688, 56.4688,
        56.4375, 56.4375, 56.4375, 56.4375, 56.4062, 56.4062, 56.4062, 56.4062,
        56.4062, 56.4062, 56.4062, 56.4062, 56.3750, 56.3750, 56.3750, 56.3750,
        56.3438, 56.3438, 56.3438, 56.3438, 56.3438, 56.3438, 56.3438, 56.3438,
        56.3125, 56.3125, 56.3125, 56.3125, 56.3125, 56.3125, 56.3125, 56.3125,
        56.3125, 56.3125, 56.2812, 56.2812, 56.2812, 56.2812, 56.2812, 56.2812,
        56.2500, 56.2500, 56.2500, 56.2188, 56.2188, 56.2188, 56.2188, 56.1875,
        56.1875, 56.1562, 56.1562, 56.1562, 56.1562, 56.1562, 56.1250, 56.1250,
        56.1250, 56.1250, 56.1250, 56.1250, 56.0938, 56.0938, 56.0938, 56.0938,
        56.0625, 56.0625, 56.0625, 56.0625, 56.0312, 56.0312, 56.0312, 56.0000,
        56.0000, 56.0000, 56.0000, 56.0000, 55.9688, 55.9688, 55.9688, 55.9375,
        55.9375, 55.9375, 55.9375, 55.9062, 55.9062, 55.9062, 55.9062, 55.8750,
        55.8750, 55.8750, 55.8438, 55.8438])
[2024-09-19 21:47:49,374][websockets.server][INFO] - server listening on 0.0.0.0:8080
[2024-09-19 21:47:50,198][websockets.server][INFO] - connection rejected (200 OK)
[2024-09-19 21:47:50,198][websockets.server][INFO] - connection closed
[2024-09-19 21:47:50,258][websockets.server][INFO] - connection rejected (200 OK)
[2024-09-19 21:47:50,262][websockets.server][INFO] - connection rejected (200 OK)
[2024-09-19 21:47:50,262][websockets.server][INFO] - connection closed
[2024-09-19 21:47:50,262][websockets.server][INFO] - connection closed
[2024-09-19 21:47:50,263][websockets.server][INFO] - connection open
[2024-09-19 21:47:50,569][websockets.server][INFO] - connection rejected (200 OK)
[2024-09-19 21:47:50,615][websockets.server][INFO] - connection rejected (200 OK)
[2024-09-19 21:47:50,615][websockets.server][INFO] - connection rejected (200 OK)
[2024-09-19 21:47:50,615][websockets.server][INFO] - connection closed
[2024-09-19 21:47:50,615][websockets.server][INFO] - connection closed
[2024-09-19 21:47:50,615][websockets.server][INFO] - connection closed
[2024-09-19 21:47:50,616][websockets.server][INFO] - connection open
[2024-09-19 21:47:50,918][websockets.server][INFO] - connection rejected (200 OK)
[2024-09-19 21:47:50,918][websockets.server][INFO] - connection rejected (200 OK)
[2024-09-19 21:47:50,919][websockets.server][INFO] - connection rejected (200 OK)
[2024-09-19 21:47:50,961][websockets.server][INFO] - connection rejected (200 OK)
[2024-09-19 21:47:50,962][websockets.server][INFO] - connection closed
[2024-09-19 21:47:50,962][websockets.server][INFO] - connection closed
[2024-09-19 21:47:50,962][websockets.server][INFO] - connection closed
[2024-09-19 21:47:50,962][websockets.server][INFO] - connection closed
[2024-09-19 21:47:50,963][websockets.server][INFO] - connection rejected (200 OK)
[2024-09-19 21:47:50,963][websockets.server][INFO] - connection closed
[2024-09-19 21:47:51,016][websockets.server][INFO] - connection rejected (200 OK)
[2024-09-19 21:47:51,016][websockets.server][INFO] - connection closed
[2024-09-19 21:47:51,072][websockets.server][INFO] - connection rejected (200 OK)
[2024-09-19 21:47:51,072][websockets.server][INFO] - connection closed
[2024-09-19 21:47:57,500][root][INFO] - Succeeded to open port: /dev/ttyUSB0
[2024-09-19 21:47:57,500][root][INFO] - Succeeded to set baudrate to 3000000
[2024-09-19 21:48:21,826][root][ERROR] - > read: [TxRxResult] Incorrect status packet!
