[2024-09-25 16:03:05,523][root][INFO] - self.cfg: 
 lr: 0.0001
c_in: 6
zfar: 'Infinity'
debug: null
n_view: 1
run_id: 3wy8qqex
use_BN: true
exp_name: 2024-01-11-20-02-45
n_epochs: 62
save_dir: /home/bowenw/debug/2024-01-11-20-02-45/
use_mask: false
loss_type: pairwise_valid
optimizer: adam
batch_size: 64
crop_ratio: 1.1
enable_amp: true
use_normal: false
max_num_key: null
warmup_step: -1
input_resize:
- 160
- 160
max_step_val: 1000
vis_interval: 1000
weight_decay: 0
normalize_xyz: true
resume_run_id: null
clip_grad_norm: 'Infinity'
lr_epoch_decay: 500
render_backend: nvdiffrast
train_num_pair: 5
lr_decay_epochs:
- 50
n_epochs_warmup: 1
make_pair_online: false
gradient_max_norm: 'Infinity'
max_step_per_epoch: 10000
n_rendering_workers: 1
save_epoch_interval: 100
n_dataloader_workers: 100
split_objects_across_gpus: true
ckpt_dir: FoundationPose/learning/training/../../weights/2024-01-11-20-02-45/model_best.pth

[2024-09-25 16:03:05,523][root][INFO] - self.h5_file:None
[2024-09-25 16:03:05,712][root][INFO] - Using pretrained model from FoundationPose/learning/training/../../weights/2024-01-11-20-02-45/model_best.pth
[2024-09-25 16:03:05,768][root][INFO] - init done
[2024-09-25 16:03:05,769][root][INFO] - welcome
[2024-09-25 16:03:05,772][root][INFO] - self.cfg: 
 lr: 0.0001
c_in: 6
zfar: .inf
debug: null
w_rot: 0.1
n_view: 1
run_id: null
use_BN: true
rot_rep: axis_angle
ckpt_dir: FoundationPose/learning/training/../../weights/2023-10-28-18-33-37/model_best.pth
exp_name: 2023-10-28-18-33-37
save_dir: /tmp/2023-10-28-18-33-37/
loss_type: l2
optimizer: adam
trans_rep: tracknet
batch_size: 64
crop_ratio: 1.2
use_normal: false
BN_momentum: 0.1
max_num_key: null
warmup_step: -1
input_resize:
- 160
- 160
max_step_val: 1000
normal_uint8: false
vis_interval: 1000
weight_decay: 0
n_max_objects: null
normalize_xyz: true
clip_grad_norm: 'Infinity'
rot_normalizer: 0.3490658503988659
trans_normalizer:
- 0.019999999552965164
- 0.019999999552965164
- 0.05000000074505806
max_step_per_epoch: 25000
val_epoch_interval: 10
n_dataloader_workers: 60
enable_amp: true
use_mask: false

[2024-09-25 16:03:05,772][root][INFO] - self.h5_file:
[2024-09-25 16:03:05,816][root][INFO] - Using pretrained model from FoundationPose/learning/training/../../weights/2023-10-28-18-33-37/model_best.pth
[2024-09-25 16:03:05,835][root][INFO] - init done
[2024-09-25 16:03:07,996][root][INFO] - self.diameter:0.137712368854882, vox_size:0.0068856184427441
[2024-09-25 16:03:08,011][root][INFO] - self.pts:torch.Size([807, 3])
[2024-09-25 16:03:08,943][root][INFO] - reset done
[2024-09-25 16:03:08,943][root][INFO] - cam_in_obs:(42, 4, 4)
[2024-09-25 16:03:08,953][root][INFO] - rot_grid:(252, 4, 4)
[2024-09-25 16:03:08,954][root][INFO] - after cluster, rot_grid:(252, 4, 4)
[2024-09-25 16:03:08,955][root][INFO] - self.rot_grid: torch.Size([252, 4, 4])
[2024-09-25 16:03:21,320][root][INFO] - Welcome
[2024-09-25 16:03:21,335][root][INFO] - poses:(252, 4, 4)
[2024-09-25 16:03:21,345][root][INFO] - after viewpoint, add_errs min:-1.0
[2024-09-25 16:03:21,376][root][INFO] - ob_in_cams:(252, 4, 4)
[2024-09-25 16:03:21,376][root][INFO] - self.cfg.use_normal:False
[2024-09-25 16:03:21,376][root][INFO] - trans_normalizer:[0.019999999552965164, 0.019999999552965164, 0.05000000074505806], rot_normalizer:0.3490658503988659
[2024-09-25 16:03:21,387][root][INFO] - making cropped data
[2024-09-25 16:03:21,387][root][INFO] - Welcome make_crop_data_batch
[2024-09-25 16:03:21,391][root][INFO] - make tf_to_crops done
[2024-09-25 16:03:21,421][root][INFO] - render done
[2024-09-25 16:03:21,427][root][INFO] - warp done
[2024-09-25 16:03:21,432][root][INFO] - pose batch data done
[2024-09-25 16:03:21,432][root][INFO] - forward start
[2024-09-25 16:03:21,545][root][INFO] - forward done
[2024-09-25 16:03:21,556][root][INFO] - making cropped data
[2024-09-25 16:03:21,556][root][INFO] - Welcome make_crop_data_batch
[2024-09-25 16:03:21,556][root][INFO] - make tf_to_crops done
[2024-09-25 16:03:21,575][root][INFO] - render done
[2024-09-25 16:03:21,579][root][INFO] - warp done
[2024-09-25 16:03:21,582][root][INFO] - pose batch data done
[2024-09-25 16:03:21,582][root][INFO] - forward start
[2024-09-25 16:03:21,583][root][INFO] - forward done
[2024-09-25 16:03:21,583][root][INFO] - making cropped data
[2024-09-25 16:03:21,583][root][INFO] - Welcome make_crop_data_batch
[2024-09-25 16:03:21,681][root][INFO] - make tf_to_crops done
[2024-09-25 16:03:21,700][root][INFO] - render done
[2024-09-25 16:03:21,703][root][INFO] - warp done
[2024-09-25 16:03:21,706][root][INFO] - pose batch data done
[2024-09-25 16:03:21,706][root][INFO] - forward start
[2024-09-25 16:03:21,707][root][INFO] - forward done
[2024-09-25 16:03:21,707][root][INFO] - making cropped data
[2024-09-25 16:03:21,707][root][INFO] - Welcome make_crop_data_batch
[2024-09-25 16:03:21,804][root][INFO] - make tf_to_crops done
[2024-09-25 16:03:21,822][root][INFO] - render done
[2024-09-25 16:03:21,827][root][INFO] - warp done
[2024-09-25 16:03:21,829][root][INFO] - pose batch data done
[2024-09-25 16:03:21,829][root][INFO] - forward start
[2024-09-25 16:03:21,831][root][INFO] - forward done
[2024-09-25 16:03:21,831][root][INFO] - making cropped data
[2024-09-25 16:03:21,831][root][INFO] - Welcome make_crop_data_batch
[2024-09-25 16:03:21,926][root][INFO] - make tf_to_crops done
[2024-09-25 16:03:21,944][root][INFO] - render done
[2024-09-25 16:03:21,947][root][INFO] - warp done
[2024-09-25 16:03:21,950][root][INFO] - pose batch data done
[2024-09-25 16:03:21,950][root][INFO] - forward start
[2024-09-25 16:03:21,951][root][INFO] - forward done
[2024-09-25 16:03:22,062][root][INFO] - ob_in_cams:(252, 4, 4)
[2024-09-25 16:03:22,062][root][INFO] - self.cfg.use_normal:False
[2024-09-25 16:03:22,062][root][INFO] - making cropped data
[2024-09-25 16:03:22,068][root][INFO] - Welcome make_crop_data_batch
[2024-09-25 16:03:22,068][root][INFO] - make tf_to_crops done
[2024-09-25 16:03:22,085][root][INFO] - render done
[2024-09-25 16:03:22,208][root][INFO] - pose batch data done
[2024-09-25 16:03:22,208][root][INFO] - pose_data.rgbAs.shape[0]: 252
[2024-09-25 16:03:22,302][root][INFO] - forward done
[2024-09-25 16:03:22,320][root][INFO] - final, add_errs min:-1.0
[2024-09-25 16:03:22,329][root][INFO] - sort ids:tensor([226,   4,   5,  34,  76,  77, 100, 101, 130, 137, 202, 227, 106, 131,
        245, 244, 136,  11,  10,  71, 107,   3,  33,  75, 225,  99, 105, 134,
        139, 118,  57, 127, 159, 153,   9, 188,  40,  50,   2, 147,   0, 126,
        146,  51,   1,  60, 132, 144, 203,   6,  65, 102, 123,  32,  98,   8,
         73, 135, 152, 163, 177, 187, 195,  55,  72, 150, 166,   7,  20,  74,
        103, 104, 133, 169,  21,  24,  42, 141, 145, 161, 204, 208, 251, 168,
         36,  52,  56,  78, 124, 148, 171, 189,  12,  16,  29,  41, 138, 173,
        182, 211, 213, 216, 233,  47,  88,  95, 122, 158, 170, 176, 181, 194,
        198, 238, 250,  18,  38,  39,  49,  89, 121, 143, 162, 196, 220, 221,
        232, 239,  63,  64,  82,  84,  91, 112, 120, 129, 157, 193, 218, 228,
        234, 243,  14,  17,  19,  48,  70,  80,  81,  83,  90, 114, 116, 154,
        164, 165, 201, 207, 212, 214, 240,  27,  28,  30,  43,  45,  92, 110,
        117, 119, 149, 151, 175, 178, 185, 191, 209, 223, 224, 246, 249,  25,
         31,  37,  54,  58,  59,  68,  69,  79, 108, 109, 113, 125, 140, 142,
        156, 174, 179, 180, 183, 184, 192, 197, 200, 205, 210, 215, 219, 222,
        230, 231, 235,  15,  22,  23,  44,  46,  53,  61,  67,  85,  86,  87,
         93,  94,  96,  97, 115, 155, 160, 167, 172, 186, 206, 229, 236, 237,
        242, 247,  13,  35,  62, 111, 217, 248,  26,  66, 128, 199, 241, 190])
[2024-09-25 16:03:22,332][root][INFO] - sorted scores:tensor([65.7188, 65.6875, 65.6875, 65.6875, 65.6875, 65.6875, 65.6875, 65.6875,
        65.6875, 65.6875, 65.6875, 65.6875, 65.6562, 65.6562, 65.6562, 65.5938,
        65.5625, 65.5312, 65.5000, 65.3438, 65.2812, 65.2500, 65.2188, 65.2188,
        65.1875, 65.0938, 65.0938, 64.9375, 64.9375, 64.9062, 64.8750, 64.8750,
        64.8125, 64.6875, 64.6562, 64.6562, 64.6250, 64.5938, 64.5312, 64.4375,
        64.3438, 64.3438, 64.3125, 64.2812, 64.2500, 64.2500, 64.2500, 64.2500,
        64.2500, 64.2188, 64.2188, 64.2188, 64.2188, 64.1875, 64.1875, 64.1562,
        64.1562, 64.1250, 64.1250, 64.1250, 64.1250, 64.1250, 64.1250, 64.0938,
        64.0938, 64.0938, 64.0938, 64.0625, 64.0625, 64.0625, 64.0625, 64.0625,
        64.0625, 64.0625, 64.0312, 64.0312, 64.0312, 64.0312, 64.0312, 64.0312,
        64.0312, 64.0312, 64.0312, 64.0000, 63.9688, 63.9688, 63.9688, 63.9688,
        63.9688, 63.9688, 63.9688, 63.9688, 63.9375, 63.9375, 63.9375, 63.9375,
        63.9375, 63.9375, 63.9375, 63.9375, 63.9375, 63.9375, 63.9375, 63.9062,
        63.9062, 63.9062, 63.9062, 63.9062, 63.9062, 63.9062, 63.9062, 63.9062,
        63.9062, 63.9062, 63.9062, 63.8750, 63.8750, 63.8750, 63.8750, 63.8750,
        63.8750, 63.8750, 63.8750, 63.8750, 63.8750, 63.8750, 63.8750, 63.8750,
        63.8438, 63.8438, 63.8438, 63.8438, 63.8438, 63.8438, 63.8438, 63.8438,
        63.8438, 63.8438, 63.8438, 63.8438, 63.8438, 63.8438, 63.8125, 63.8125,
        63.8125, 63.8125, 63.8125, 63.8125, 63.8125, 63.8125, 63.8125, 63.8125,
        63.8125, 63.8125, 63.8125, 63.8125, 63.8125, 63.8125, 63.8125, 63.8125,
        63.8125, 63.7812, 63.7812, 63.7812, 63.7812, 63.7812, 63.7812, 63.7812,
        63.7812, 63.7812, 63.7812, 63.7812, 63.7812, 63.7812, 63.7812, 63.7812,
        63.7812, 63.7812, 63.7812, 63.7812, 63.7812, 63.7500, 63.7500, 63.7500,
        63.7500, 63.7500, 63.7500, 63.7500, 63.7500, 63.7500, 63.7500, 63.7500,
        63.7500, 63.7500, 63.7500, 63.7500, 63.7500, 63.7500, 63.7500, 63.7500,
        63.7500, 63.7500, 63.7500, 63.7500, 63.7500, 63.7500, 63.7500, 63.7500,
        63.7500, 63.7500, 63.7500, 63.7500, 63.7500, 63.7188, 63.7188, 63.7188,
        63.7188, 63.7188, 63.7188, 63.7188, 63.7188, 63.7188, 63.7188, 63.7188,
        63.7188, 63.7188, 63.7188, 63.7188, 63.7188, 63.7188, 63.7188, 63.7188,
        63.7188, 63.7188, 63.7188, 63.7188, 63.7188, 63.7188, 63.7188, 63.7188,
        63.6875, 63.6875, 63.6875, 63.6875, 63.6875, 63.6875, 63.6562, 63.6562,
        63.6562, 63.6562, 63.6562, 63.6250])
[2024-09-25 16:03:24,187][websockets.server][INFO] - server listening on 0.0.0.0:8080
[2024-09-25 16:03:27,481][websockets.server][INFO] - connection open
[2024-09-25 16:03:34,092][root][INFO] - Succeeded to open port: /dev/ttyUSB0
[2024-09-25 16:03:34,092][root][INFO] - Succeeded to set baudrate to 3000000
