[2024-09-21 19:15:34,533][root][INFO] - self.cfg: 
 lr: 0.0001
c_in: 6
zfar: 'Infinity'
debug: null
n_view: 1
run_id: 3wy8qqex
use_BN: true
exp_name: 2024-01-11-20-02-45
n_epochs: 62
save_dir: /home/bowenw/debug/2024-01-11-20-02-45/
use_mask: false
loss_type: pairwise_valid
optimizer: adam
batch_size: 64
crop_ratio: 1.1
enable_amp: true
use_normal: false
max_num_key: null
warmup_step: -1
input_resize:
- 160
- 160
max_step_val: 1000
vis_interval: 1000
weight_decay: 0
normalize_xyz: true
resume_run_id: null
clip_grad_norm: 'Infinity'
lr_epoch_decay: 500
render_backend: nvdiffrast
train_num_pair: 5
lr_decay_epochs:
- 50
n_epochs_warmup: 1
make_pair_online: false
gradient_max_norm: 'Infinity'
max_step_per_epoch: 10000
n_rendering_workers: 1
save_epoch_interval: 100
n_dataloader_workers: 100
split_objects_across_gpus: true
ckpt_dir: FoundationPose/learning/training/../../weights/2024-01-11-20-02-45/model_best.pth

[2024-09-21 19:15:34,533][root][INFO] - self.h5_file:None
[2024-09-21 19:15:34,692][root][INFO] - Using pretrained model from FoundationPose/learning/training/../../weights/2024-01-11-20-02-45/model_best.pth
[2024-09-21 19:15:34,754][root][INFO] - init done
[2024-09-21 19:15:34,754][root][INFO] - welcome
[2024-09-21 19:15:34,758][root][INFO] - self.cfg: 
 lr: 0.0001
c_in: 6
zfar: .inf
debug: null
w_rot: 0.1
n_view: 1
run_id: null
use_BN: true
rot_rep: axis_angle
ckpt_dir: FoundationPose/learning/training/../../weights/2023-10-28-18-33-37/model_best.pth
exp_name: 2023-10-28-18-33-37
save_dir: /tmp/2023-10-28-18-33-37/
loss_type: l2
optimizer: adam
trans_rep: tracknet
batch_size: 64
crop_ratio: 1.2
use_normal: false
BN_momentum: 0.1
max_num_key: null
warmup_step: -1
input_resize:
- 160
- 160
max_step_val: 1000
normal_uint8: false
vis_interval: 1000
weight_decay: 0
n_max_objects: null
normalize_xyz: true
clip_grad_norm: 'Infinity'
rot_normalizer: 0.3490658503988659
trans_normalizer:
- 0.019999999552965164
- 0.019999999552965164
- 0.05000000074505806
max_step_per_epoch: 25000
val_epoch_interval: 10
n_dataloader_workers: 60
enable_amp: true
use_mask: false

[2024-09-21 19:15:34,758][root][INFO] - self.h5_file:
[2024-09-21 19:15:34,803][root][INFO] - Using pretrained model from FoundationPose/learning/training/../../weights/2023-10-28-18-33-37/model_best.pth
[2024-09-21 19:15:34,824][root][INFO] - init done
[2024-09-21 19:15:37,055][root][INFO] - self.diameter:0.13731688484618407, vox_size:0.006865844242309203
[2024-09-21 19:15:37,069][root][INFO] - self.pts:torch.Size([813, 3])
[2024-09-21 19:15:38,072][root][INFO] - reset done
[2024-09-21 19:15:38,073][root][INFO] - cam_in_obs:(42, 4, 4)
[2024-09-21 19:15:38,075][root][INFO] - rot_grid:(252, 4, 4)
[2024-09-21 19:15:38,076][root][INFO] - after cluster, rot_grid:(252, 4, 4)
[2024-09-21 19:15:38,076][root][INFO] - self.rot_grid: torch.Size([252, 4, 4])
[2024-09-21 19:15:48,834][root][INFO] - Welcome
[2024-09-21 19:15:48,848][root][INFO] - poses:(252, 4, 4)
[2024-09-21 19:15:48,858][root][INFO] - after viewpoint, add_errs min:-1.0
[2024-09-21 19:15:48,901][root][INFO] - ob_in_cams:(252, 4, 4)
[2024-09-21 19:15:48,901][root][INFO] - self.cfg.use_normal:False
[2024-09-21 19:15:48,901][root][INFO] - trans_normalizer:[0.019999999552965164, 0.019999999552965164, 0.05000000074505806], rot_normalizer:0.3490658503988659
[2024-09-21 19:15:48,914][root][INFO] - making cropped data
[2024-09-21 19:15:48,920][root][INFO] - Welcome make_crop_data_batch
[2024-09-21 19:15:48,925][root][INFO] - make tf_to_crops done
[2024-09-21 19:15:48,959][root][INFO] - render done
[2024-09-21 19:15:48,966][root][INFO] - warp done
[2024-09-21 19:15:48,971][root][INFO] - pose batch data done
[2024-09-21 19:15:48,971][root][INFO] - forward start
[2024-09-21 19:15:49,087][root][INFO] - forward done
[2024-09-21 19:15:49,098][root][INFO] - making cropped data
[2024-09-21 19:15:49,098][root][INFO] - Welcome make_crop_data_batch
[2024-09-21 19:15:49,098][root][INFO] - make tf_to_crops done
[2024-09-21 19:15:49,118][root][INFO] - render done
[2024-09-21 19:15:49,121][root][INFO] - warp done
[2024-09-21 19:15:49,124][root][INFO] - pose batch data done
[2024-09-21 19:15:49,124][root][INFO] - forward start
[2024-09-21 19:15:49,125][root][INFO] - forward done
[2024-09-21 19:15:49,125][root][INFO] - making cropped data
[2024-09-21 19:15:49,125][root][INFO] - Welcome make_crop_data_batch
[2024-09-21 19:15:49,225][root][INFO] - make tf_to_crops done
[2024-09-21 19:15:49,244][root][INFO] - render done
[2024-09-21 19:15:49,249][root][INFO] - warp done
[2024-09-21 19:15:49,251][root][INFO] - pose batch data done
[2024-09-21 19:15:49,251][root][INFO] - forward start
[2024-09-21 19:15:49,253][root][INFO] - forward done
[2024-09-21 19:15:49,253][root][INFO] - making cropped data
[2024-09-21 19:15:49,253][root][INFO] - Welcome make_crop_data_batch
[2024-09-21 19:15:49,350][root][INFO] - make tf_to_crops done
[2024-09-21 19:15:49,368][root][INFO] - render done
[2024-09-21 19:15:49,371][root][INFO] - warp done
[2024-09-21 19:15:49,374][root][INFO] - pose batch data done
[2024-09-21 19:15:49,374][root][INFO] - forward start
[2024-09-21 19:15:49,375][root][INFO] - forward done
[2024-09-21 19:15:49,376][root][INFO] - making cropped data
[2024-09-21 19:15:49,376][root][INFO] - Welcome make_crop_data_batch
[2024-09-21 19:15:49,474][root][INFO] - make tf_to_crops done
[2024-09-21 19:15:49,493][root][INFO] - render done
[2024-09-21 19:15:49,497][root][INFO] - warp done
[2024-09-21 19:15:49,500][root][INFO] - pose batch data done
[2024-09-21 19:15:49,500][root][INFO] - forward start
[2024-09-21 19:15:49,502][root][INFO] - forward done
[2024-09-21 19:15:49,614][root][INFO] - ob_in_cams:(252, 4, 4)
[2024-09-21 19:15:49,615][root][INFO] - self.cfg.use_normal:False
[2024-09-21 19:15:49,615][root][INFO] - making cropped data
[2024-09-21 19:15:49,621][root][INFO] - Welcome make_crop_data_batch
[2024-09-21 19:15:49,622][root][INFO] - make tf_to_crops done
[2024-09-21 19:15:49,639][root][INFO] - render done
[2024-09-21 19:15:49,764][root][INFO] - pose batch data done
[2024-09-21 19:15:49,764][root][INFO] - pose_data.rgbAs.shape[0]: 252
[2024-09-21 19:15:49,859][root][INFO] - forward done
[2024-09-21 19:15:49,876][root][INFO] - final, add_errs min:-1.0
[2024-09-21 19:15:49,886][root][INFO] - sort ids:tensor([  9,  33,  75,  99, 105,   3, 129,  32,  34, 104, 100,   4,  10, 130,
        244,  76, 136,   8, 106,  74,  73, 101, 103,  11,  98,   0,   1,   6,
         72,  77,  96, 137,   7,  31,  97, 102, 107, 173,  42, 201,  20,  50,
        126, 132, 145, 169,   5, 134, 227, 133, 245, 131, 164, 203,  49, 221,
        144, 188, 163, 172, 193, 171, 216, 225, 170, 219,  25,  43,  45,  47,
         63,  65, 176, 224,  40,  51, 139, 187, 191, 192,  48,  55,  64, 124,
        127, 135, 140, 147, 148, 158, 160, 182, 223, 242,  61, 108, 112, 118,
        146, 159, 162, 165, 166, 189, 226, 241,  30,  36,  44,  67,  91, 128,
        138, 200, 214, 220, 250,   2,  23,  38,  39,  53,  54,  62,  68, 109,
        141, 143, 155, 197, 215, 247,  13,  17,  52,  59,  60, 111, 114, 115,
        119, 120, 125, 157, 161, 168, 175, 179, 198, 206, 209, 210, 211, 218,
        233, 234, 236, 237, 248,  19,  41,  66,  69,  70,  71,  84,  94, 142,
        152, 154, 185, 196, 205, 212, 213, 229, 230, 231, 243,  14,  22,  26,
         79,  85, 122, 149, 174, 178, 184, 199, 202, 207, 217, 232, 235, 246,
        251,  15,  16,  21,  28,  37,  56,  58,  82,  86,  90,  92,  95, 150,
        151, 156, 167, 177, 180, 186, 195, 228, 238, 239,  12,  24,  27,  29,
         35,  78,  80,  81,  83,  87,  88,  89,  93, 117, 181, 183, 204,  18,
         46,  57, 121, 153, 190, 208, 249, 113, 116, 123, 194, 222, 240, 110])
[2024-09-21 19:15:49,889][root][INFO] - sorted scores:tensor([121.5469, 121.5469, 121.5469, 121.5469, 121.5469, 121.5312, 121.5312,
        121.3125, 121.2812, 121.2344, 121.1719, 121.1406, 121.1406, 121.1406,
        121.1406, 121.1250, 121.1250, 121.1094, 121.0938, 121.0781, 121.0312,
        121.0312, 121.0156, 121.0000, 121.0000, 120.9844, 120.9844, 120.9844,
        120.9844, 120.9844, 120.9844, 120.9844, 120.9688, 120.9688, 120.9688,
        120.9688, 120.9688, 120.9688, 120.9531, 120.9531, 120.9375, 120.9375,
        120.9375, 120.9219, 120.9219, 120.9219, 120.9062, 120.9062, 120.9062,
        120.8906, 120.8906, 120.8750, 120.8750, 120.8750, 120.8594, 120.8594,
        120.8438, 120.8438, 120.8281, 120.8281, 120.8281, 120.8125, 120.8125,
        120.8125, 120.7969, 120.7969, 120.7812, 120.7812, 120.7812, 120.7812,
        120.7812, 120.7812, 120.7812, 120.7812, 120.7656, 120.7656, 120.7656,
        120.7656, 120.7656, 120.7656, 120.7500, 120.7500, 120.7500, 120.7500,
        120.7500, 120.7500, 120.7500, 120.7500, 120.7500, 120.7500, 120.7500,
        120.7500, 120.7500, 120.7500, 120.7344, 120.7344, 120.7344, 120.7344,
        120.7344, 120.7344, 120.7344, 120.7344, 120.7344, 120.7344, 120.7344,
        120.7344, 120.7188, 120.7188, 120.7188, 120.7188, 120.7188, 120.7188,
        120.7188, 120.7188, 120.7188, 120.7188, 120.7188, 120.7031, 120.7031,
        120.7031, 120.7031, 120.7031, 120.7031, 120.7031, 120.7031, 120.7031,
        120.7031, 120.7031, 120.7031, 120.7031, 120.7031, 120.7031, 120.6875,
        120.6875, 120.6875, 120.6875, 120.6875, 120.6875, 120.6875, 120.6875,
        120.6875, 120.6875, 120.6875, 120.6875, 120.6875, 120.6875, 120.6875,
        120.6875, 120.6875, 120.6875, 120.6875, 120.6875, 120.6875, 120.6875,
        120.6875, 120.6875, 120.6875, 120.6875, 120.6875, 120.6719, 120.6719,
        120.6719, 120.6719, 120.6719, 120.6719, 120.6719, 120.6719, 120.6719,
        120.6719, 120.6719, 120.6719, 120.6719, 120.6719, 120.6719, 120.6719,
        120.6719, 120.6719, 120.6719, 120.6719, 120.6562, 120.6562, 120.6562,
        120.6562, 120.6562, 120.6562, 120.6562, 120.6562, 120.6562, 120.6562,
        120.6562, 120.6562, 120.6562, 120.6562, 120.6562, 120.6562, 120.6562,
        120.6562, 120.6406, 120.6406, 120.6406, 120.6406, 120.6406, 120.6406,
        120.6406, 120.6406, 120.6406, 120.6406, 120.6406, 120.6406, 120.6406,
        120.6406, 120.6406, 120.6406, 120.6406, 120.6406, 120.6406, 120.6406,
        120.6406, 120.6406, 120.6406, 120.6250, 120.6250, 120.6250, 120.6250,
        120.6250, 120.6250, 120.6250, 120.6250, 120.6250, 120.6250, 120.6250,
        120.6250, 120.6250, 120.6250, 120.6250, 120.6250, 120.6250, 120.6094,
        120.6094, 120.6094, 120.6094, 120.6094, 120.6094, 120.6094, 120.6094,
        120.5938, 120.5938, 120.5938, 120.5938, 120.5938, 120.5625, 120.5000])
[2024-09-21 19:16:01,834][websockets.server][INFO] - server listening on 0.0.0.0:8080
[2024-09-21 19:16:02,422][websockets.server][INFO] - connection open
[2024-09-21 19:16:04,036][root][INFO] - Succeeded to open port: /dev/ttyUSB0
[2024-09-21 19:16:04,037][root][INFO] - Succeeded to set baudrate to 3000000
