[2024-09-20 12:21:54,595][root][INFO] - self.cfg: 
 lr: 0.0001
c_in: 6
zfar: 'Infinity'
debug: null
n_view: 1
run_id: 3wy8qqex
use_BN: true
exp_name: 2024-01-11-20-02-45
n_epochs: 62
save_dir: /home/bowenw/debug/2024-01-11-20-02-45/
use_mask: false
loss_type: pairwise_valid
optimizer: adam
batch_size: 64
crop_ratio: 1.1
enable_amp: true
use_normal: false
max_num_key: null
warmup_step: -1
input_resize:
- 160
- 160
max_step_val: 1000
vis_interval: 1000
weight_decay: 0
normalize_xyz: true
resume_run_id: null
clip_grad_norm: 'Infinity'
lr_epoch_decay: 500
render_backend: nvdiffrast
train_num_pair: 5
lr_decay_epochs:
- 50
n_epochs_warmup: 1
make_pair_online: false
gradient_max_norm: 'Infinity'
max_step_per_epoch: 10000
n_rendering_workers: 1
save_epoch_interval: 100
n_dataloader_workers: 100
split_objects_across_gpus: true
ckpt_dir: FoundationPose/learning/training/../../weights/2024-01-11-20-02-45/model_best.pth

[2024-09-20 12:21:54,595][root][INFO] - self.h5_file:None
[2024-09-20 12:21:54,764][root][INFO] - Using pretrained model from FoundationPose/learning/training/../../weights/2024-01-11-20-02-45/model_best.pth
[2024-09-20 12:21:54,825][root][INFO] - init done
[2024-09-20 12:21:54,825][root][INFO] - welcome
[2024-09-20 12:21:54,829][root][INFO] - self.cfg: 
 lr: 0.0001
c_in: 6
zfar: .inf
debug: null
w_rot: 0.1
n_view: 1
run_id: null
use_BN: true
rot_rep: axis_angle
ckpt_dir: FoundationPose/learning/training/../../weights/2023-10-28-18-33-37/model_best.pth
exp_name: 2023-10-28-18-33-37
save_dir: /tmp/2023-10-28-18-33-37/
loss_type: l2
optimizer: adam
trans_rep: tracknet
batch_size: 64
crop_ratio: 1.2
use_normal: false
BN_momentum: 0.1
max_num_key: null
warmup_step: -1
input_resize:
- 160
- 160
max_step_val: 1000
normal_uint8: false
vis_interval: 1000
weight_decay: 0
n_max_objects: null
normalize_xyz: true
clip_grad_norm: 'Infinity'
rot_normalizer: 0.3490658503988659
trans_normalizer:
- 0.019999999552965164
- 0.019999999552965164
- 0.05000000074505806
max_step_per_epoch: 25000
val_epoch_interval: 10
n_dataloader_workers: 60
enable_amp: true
use_mask: false

[2024-09-20 12:21:54,829][root][INFO] - self.h5_file:
[2024-09-20 12:21:54,883][root][INFO] - Using pretrained model from FoundationPose/learning/training/../../weights/2023-10-28-18-33-37/model_best.pth
[2024-09-20 12:21:54,904][root][INFO] - init done
[2024-09-20 12:21:55,825][root][INFO] - self.diameter:0.11834483055076726, vox_size:0.005917241527538363
[2024-09-20 12:21:55,839][root][INFO] - self.pts:torch.Size([1023, 3])
[2024-09-20 12:21:56,361][root][INFO] - reset done
[2024-09-20 12:21:56,362][root][INFO] - cam_in_obs:(42, 4, 4)
[2024-09-20 12:21:56,363][root][INFO] - rot_grid:(252, 4, 4)
[2024-09-20 12:21:56,364][root][INFO] - after cluster, rot_grid:(252, 4, 4)
[2024-09-20 12:21:56,364][root][INFO] - self.rot_grid: torch.Size([252, 4, 4])
[2024-09-20 12:22:05,888][root][INFO] - Welcome
[2024-09-20 12:22:05,902][root][INFO] - poses:(252, 4, 4)
[2024-09-20 12:22:05,911][root][INFO] - after viewpoint, add_errs min:-1.0
[2024-09-20 12:22:05,942][root][INFO] - ob_in_cams:(252, 4, 4)
[2024-09-20 12:22:05,942][root][INFO] - self.cfg.use_normal:False
[2024-09-20 12:22:05,942][root][INFO] - trans_normalizer:[0.019999999552965164, 0.019999999552965164, 0.05000000074505806], rot_normalizer:0.3490658503988659
[2024-09-20 12:22:05,989][root][INFO] - making cropped data
[2024-09-20 12:22:05,989][root][INFO] - Welcome make_crop_data_batch
[2024-09-20 12:22:05,992][root][INFO] - make tf_to_crops done
[2024-09-20 12:22:06,014][root][INFO] - render done
[2024-09-20 12:22:06,020][root][INFO] - warp done
[2024-09-20 12:22:06,025][root][INFO] - pose batch data done
[2024-09-20 12:22:06,025][root][INFO] - forward start
[2024-09-20 12:22:06,142][root][INFO] - forward done
[2024-09-20 12:22:06,154][root][INFO] - making cropped data
[2024-09-20 12:22:06,154][root][INFO] - Welcome make_crop_data_batch
[2024-09-20 12:22:06,154][root][INFO] - make tf_to_crops done
[2024-09-20 12:22:06,168][root][INFO] - render done
[2024-09-20 12:22:06,172][root][INFO] - warp done
[2024-09-20 12:22:06,175][root][INFO] - pose batch data done
[2024-09-20 12:22:06,175][root][INFO] - forward start
[2024-09-20 12:22:06,176][root][INFO] - forward done
[2024-09-20 12:22:06,176][root][INFO] - making cropped data
[2024-09-20 12:22:06,176][root][INFO] - Welcome make_crop_data_batch
[2024-09-20 12:22:06,276][root][INFO] - make tf_to_crops done
[2024-09-20 12:22:06,289][root][INFO] - render done
[2024-09-20 12:22:06,292][root][INFO] - warp done
[2024-09-20 12:22:06,295][root][INFO] - pose batch data done
[2024-09-20 12:22:06,295][root][INFO] - forward start
[2024-09-20 12:22:06,296][root][INFO] - forward done
[2024-09-20 12:22:06,297][root][INFO] - making cropped data
[2024-09-20 12:22:06,297][root][INFO] - Welcome make_crop_data_batch
[2024-09-20 12:22:06,395][root][INFO] - make tf_to_crops done
[2024-09-20 12:22:06,409][root][INFO] - render done
[2024-09-20 12:22:06,412][root][INFO] - warp done
[2024-09-20 12:22:06,414][root][INFO] - pose batch data done
[2024-09-20 12:22:06,415][root][INFO] - forward start
[2024-09-20 12:22:06,416][root][INFO] - forward done
[2024-09-20 12:22:06,416][root][INFO] - making cropped data
[2024-09-20 12:22:06,416][root][INFO] - Welcome make_crop_data_batch
[2024-09-20 12:22:06,515][root][INFO] - make tf_to_crops done
[2024-09-20 12:22:06,528][root][INFO] - render done
[2024-09-20 12:22:06,531][root][INFO] - warp done
[2024-09-20 12:22:06,534][root][INFO] - pose batch data done
[2024-09-20 12:22:06,534][root][INFO] - forward start
[2024-09-20 12:22:06,535][root][INFO] - forward done
[2024-09-20 12:22:06,649][root][INFO] - ob_in_cams:(252, 4, 4)
[2024-09-20 12:22:06,649][root][INFO] - self.cfg.use_normal:False
[2024-09-20 12:22:06,649][root][INFO] - making cropped data
[2024-09-20 12:22:06,657][root][INFO] - Welcome make_crop_data_batch
[2024-09-20 12:22:06,658][root][INFO] - make tf_to_crops done
[2024-09-20 12:22:06,669][root][INFO] - render done
[2024-09-20 12:22:06,797][root][INFO] - pose batch data done
[2024-09-20 12:22:06,797][root][INFO] - pose_data.rgbAs.shape[0]: 252
[2024-09-20 12:22:06,894][root][INFO] - forward done
[2024-09-20 12:22:06,912][root][INFO] - final, add_errs min:-1.0
[2024-09-20 12:22:06,921][root][INFO] - sort ids:tensor([149, 173, 132, 137, 162, 167, 144,   6,  11,  47,  46, 142, 219,   3,
        201, 202,  63, 129,  99,   4, 130, 249, 225, 220, 242,  98, 243,  69,
          2, 109, 224,  32, 103, 186,  81, 187,  31,  97,  54, 136, 168,  87,
        102, 200,  14, 212, 190, 156,  93, 206,  15,  48, 207, 150, 231,  18,
        120, 116,  49,  77, 131, 113, 139, 107, 235,  20,  72, 182,  26,  28,
        176, 193, 104,  88, 192, 237, 138,  95, 194, 163,   7, 108,  57,  60,
         30,  43,  35, 158, 183,  27,  92, 203,  34, 174,  96,  37, 222,  85,
        145,  94, 164, 180, 214,  80, 153,  21,  23, 245,  41,  86,  68, 240,
         33, 179,  50,  65, 195, 191,  39, 185,  29, 227,  12, 110, 238, 236,
        101, 196,  73,  55,  64, 221,  40, 123, 169, 157, 184,  66, 241, 216,
         82, 118, 208, 234,  58, 177,  59, 121,  78, 111,  70, 112, 114,  22,
         42, 210,  25, 251, 204, 198, 124, 126, 147, 178, 197,  36, 152, 250,
         51, 229, 189, 161, 155, 215, 244, 166,  67, 159, 117,  24, 232, 140,
          0, 233, 143,  16,  52, 172, 105, 171,  83, 160, 217, 115,   1,  53,
         84, 213, 230,  38, 141, 228,   5, 175, 148, 239, 188, 170,  79, 199,
        133,  56, 127,  89, 125,  45,   9,  90, 211, 226, 106, 154, 181,  71,
        246,   8,  75, 223, 165, 247, 218, 151,  61, 248, 128,  62,  44, 209,
         91, 122,  74, 100, 119,  19,  13,  17, 135, 205,  76, 146, 134,  10])
[2024-09-20 12:22:06,925][root][INFO] - sorted scores:tensor([99.0786, 99.0742, 99.0732, 99.0732, 99.0732, 99.0723, 99.0713, 99.0703,
        99.0693, 99.0684, 98.8711, 98.8252, 98.6221, 98.6201, 98.6152, 98.6133,
        98.6064, 98.6035, 98.5977, 98.5811, 98.5791, 98.5781, 98.5771, 98.5498,
        98.4922, 98.4912, 98.4912, 98.4883, 98.4873, 98.4814, 98.4795, 98.4756,
        98.4736, 98.4717, 98.4678, 98.4639, 98.4600, 98.4570, 98.4336, 98.4111,
        98.4111, 98.4053, 98.3965, 98.3906, 98.3809, 98.3711, 98.3633, 98.3623,
        98.3613, 98.3516, 98.3389, 98.3320, 98.3291, 98.3262, 98.3262, 98.3145,
        98.3057, 98.2949, 98.2930, 98.2930, 98.2871, 98.2764, 98.2754, 98.2744,
        98.2695, 98.2666, 98.2598, 98.2588, 98.2539, 98.2500, 98.2393, 98.2393,
        98.2383, 98.2236, 98.2227, 98.2197, 98.2158, 98.2129, 98.2070, 98.2041,
        98.2021, 98.2021, 98.2002, 98.1982, 98.1943, 98.1914, 98.1855, 98.1855,
        98.1846, 98.1777, 98.1768, 98.1748, 98.1719, 98.1719, 98.1660, 98.1641,
        98.1611, 98.1572, 98.1484, 98.1455, 98.1445, 98.1445, 98.1445, 98.1426,
        98.1426, 98.1406, 98.1406, 98.1406, 98.1396, 98.1387, 98.1367, 98.1367,
        98.1309, 98.1309, 98.1299, 98.1279, 98.1279, 98.1270, 98.1230, 98.1191,
        98.1182, 98.1182, 98.1162, 98.1162, 98.1152, 98.1143, 98.1133, 98.1133,
        98.1084, 98.1055, 98.1055, 98.1035, 98.0928, 98.0928, 98.0918, 98.0908,
        98.0908, 98.0889, 98.0889, 98.0869, 98.0830, 98.0830, 98.0830, 98.0791,
        98.0713, 98.0684, 98.0654, 98.0645, 98.0635, 98.0625, 98.0576, 98.0576,
        98.0576, 98.0566, 98.0566, 98.0566, 98.0518, 98.0518, 98.0469, 98.0430,
        98.0420, 98.0420, 98.0410, 98.0400, 98.0371, 98.0361, 98.0342, 98.0342,
        98.0283, 98.0283, 98.0273, 98.0254, 98.0244, 98.0186, 98.0186, 98.0176,
        98.0166, 98.0166, 98.0146, 98.0127, 98.0127, 98.0088, 98.0049, 98.0039,
        98.0029, 97.9980, 97.9980, 97.9961, 97.9941, 97.9922, 97.9883, 97.9863,
        97.9863, 97.9844, 97.9824, 97.9824, 97.9824, 97.9824, 97.9824, 97.9805,
        97.9785, 97.9766, 97.9746, 97.9707, 97.9668, 97.9629, 97.9570, 97.9551,
        97.9531, 97.9512, 97.9473, 97.9453, 97.9453, 97.9414, 97.9336, 97.9316,
        97.9258, 97.9258, 97.9238, 97.9238, 97.9219, 97.9219, 97.9219, 97.9082,
        97.9043, 97.9023, 97.9023, 97.9023, 97.8984, 97.8965, 97.8906, 97.8887,
        97.8789, 97.8789, 97.8750, 97.8672, 97.8574, 97.8398, 97.8320, 97.8281,
        97.8223, 97.8223, 97.8203, 97.8184, 97.8145, 97.8086, 97.8066, 97.8047,
        97.8027, 97.8027, 97.7949, 97.7734])
[2024-09-20 12:22:18,258][websockets.server][INFO] - server listening on 0.0.0.0:8080
[2024-09-20 12:22:21,058][websockets.server][INFO] - connection open
[2024-09-20 12:22:22,661][root][INFO] - Succeeded to open port: /dev/ttyUSB0
[2024-09-20 12:22:22,662][root][INFO] - Succeeded to set baudrate to 3000000
[2024-09-20 12:22:42,140][websockets.server][INFO] - connection open
[2024-09-20 12:22:45,677][root][ERROR] - > read: [TxRxResult] Incorrect status packet!
[2024-09-20 12:22:45,712][root][ERROR] - > read: [TxRxResult] Incorrect status packet!
[2024-09-20 12:22:45,851][root][ERROR] - > read: [TxRxResult] There is no status packet!
[2024-09-20 12:22:45,887][root][ERROR] - > read: [TxRxResult] There is no status packet!
[2024-09-20 12:22:46,025][root][ERROR] - > read: [TxRxResult] There is no status packet!
[2024-09-20 12:22:46,060][root][ERROR] - > read: [TxRxResult] There is no status packet!
