[2024-09-21 00:09:11,597][root][INFO] - self.cfg: 
 lr: 0.0001
c_in: 6
zfar: 'Infinity'
debug: null
n_view: 1
run_id: 3wy8qqex
use_BN: true
exp_name: 2024-01-11-20-02-45
n_epochs: 62
save_dir: /home/bowenw/debug/2024-01-11-20-02-45/
use_mask: false
loss_type: pairwise_valid
optimizer: adam
batch_size: 64
crop_ratio: 1.1
enable_amp: true
use_normal: false
max_num_key: null
warmup_step: -1
input_resize:
- 160
- 160
max_step_val: 1000
vis_interval: 1000
weight_decay: 0
normalize_xyz: true
resume_run_id: null
clip_grad_norm: 'Infinity'
lr_epoch_decay: 500
render_backend: nvdiffrast
train_num_pair: 5
lr_decay_epochs:
- 50
n_epochs_warmup: 1
make_pair_online: false
gradient_max_norm: 'Infinity'
max_step_per_epoch: 10000
n_rendering_workers: 1
save_epoch_interval: 100
n_dataloader_workers: 100
split_objects_across_gpus: true
ckpt_dir: FoundationPose/learning/training/../../weights/2024-01-11-20-02-45/model_best.pth

[2024-09-21 00:09:11,597][root][INFO] - self.h5_file:None
[2024-09-21 00:09:11,780][root][INFO] - Using pretrained model from FoundationPose/learning/training/../../weights/2024-01-11-20-02-45/model_best.pth
[2024-09-21 00:09:11,836][root][INFO] - init done
[2024-09-21 00:09:11,836][root][INFO] - welcome
[2024-09-21 00:09:11,840][root][INFO] - self.cfg: 
 lr: 0.0001
c_in: 6
zfar: .inf
debug: null
w_rot: 0.1
n_view: 1
run_id: null
use_BN: true
rot_rep: axis_angle
ckpt_dir: FoundationPose/learning/training/../../weights/2023-10-28-18-33-37/model_best.pth
exp_name: 2023-10-28-18-33-37
save_dir: /tmp/2023-10-28-18-33-37/
loss_type: l2
optimizer: adam
trans_rep: tracknet
batch_size: 64
crop_ratio: 1.2
use_normal: false
BN_momentum: 0.1
max_num_key: null
warmup_step: -1
input_resize:
- 160
- 160
max_step_val: 1000
normal_uint8: false
vis_interval: 1000
weight_decay: 0
n_max_objects: null
normalize_xyz: true
clip_grad_norm: 'Infinity'
rot_normalizer: 0.3490658503988659
trans_normalizer:
- 0.019999999552965164
- 0.019999999552965164
- 0.05000000074505806
max_step_per_epoch: 25000
val_epoch_interval: 10
n_dataloader_workers: 60
enable_amp: true
use_mask: false

[2024-09-21 00:09:11,840][root][INFO] - self.h5_file:
[2024-09-21 00:09:11,887][root][INFO] - Using pretrained model from FoundationPose/learning/training/../../weights/2023-10-28-18-33-37/model_best.pth
[2024-09-21 00:09:11,910][root][INFO] - init done
[2024-09-21 00:09:14,074][root][INFO] - self.diameter:0.2324774443430137, vox_size:0.011623872217150685
[2024-09-21 00:09:14,090][root][INFO] - self.pts:torch.Size([385, 3])
[2024-09-21 00:09:14,905][root][INFO] - reset done
[2024-09-21 00:09:14,906][root][INFO] - cam_in_obs:(42, 4, 4)
[2024-09-21 00:09:14,907][root][INFO] - rot_grid:(252, 4, 4)
[2024-09-21 00:09:14,908][root][INFO] - after cluster, rot_grid:(252, 4, 4)
[2024-09-21 00:09:14,909][root][INFO] - self.rot_grid: torch.Size([252, 4, 4])
[2024-09-21 00:09:25,226][root][INFO] - Welcome
[2024-09-21 00:09:25,240][root][INFO] - poses:(252, 4, 4)
[2024-09-21 00:09:25,250][root][INFO] - after viewpoint, add_errs min:-1.0
[2024-09-21 00:09:25,282][root][INFO] - ob_in_cams:(252, 4, 4)
[2024-09-21 00:09:25,283][root][INFO] - self.cfg.use_normal:False
[2024-09-21 00:09:25,283][root][INFO] - trans_normalizer:[0.019999999552965164, 0.019999999552965164, 0.05000000074505806], rot_normalizer:0.3490658503988659
[2024-09-21 00:09:25,326][root][INFO] - making cropped data
[2024-09-21 00:09:25,327][root][INFO] - Welcome make_crop_data_batch
[2024-09-21 00:09:25,332][root][INFO] - make tf_to_crops done
[2024-09-21 00:09:25,359][root][INFO] - render done
[2024-09-21 00:09:25,366][root][INFO] - warp done
[2024-09-21 00:09:25,371][root][INFO] - pose batch data done
[2024-09-21 00:09:25,371][root][INFO] - forward start
[2024-09-21 00:09:25,489][root][INFO] - forward done
[2024-09-21 00:09:25,500][root][INFO] - making cropped data
[2024-09-21 00:09:25,500][root][INFO] - Welcome make_crop_data_batch
[2024-09-21 00:09:25,501][root][INFO] - make tf_to_crops done
[2024-09-21 00:09:25,519][root][INFO] - render done
[2024-09-21 00:09:25,523][root][INFO] - warp done
[2024-09-21 00:09:25,526][root][INFO] - pose batch data done
[2024-09-21 00:09:25,526][root][INFO] - forward start
[2024-09-21 00:09:25,527][root][INFO] - forward done
[2024-09-21 00:09:25,528][root][INFO] - making cropped data
[2024-09-21 00:09:25,528][root][INFO] - Welcome make_crop_data_batch
[2024-09-21 00:09:25,629][root][INFO] - make tf_to_crops done
[2024-09-21 00:09:25,647][root][INFO] - render done
[2024-09-21 00:09:25,650][root][INFO] - warp done
[2024-09-21 00:09:25,653][root][INFO] - pose batch data done
[2024-09-21 00:09:25,653][root][INFO] - forward start
[2024-09-21 00:09:25,654][root][INFO] - forward done
[2024-09-21 00:09:25,654][root][INFO] - making cropped data
[2024-09-21 00:09:25,654][root][INFO] - Welcome make_crop_data_batch
[2024-09-21 00:09:25,755][root][INFO] - make tf_to_crops done
[2024-09-21 00:09:25,772][root][INFO] - render done
[2024-09-21 00:09:25,775][root][INFO] - warp done
[2024-09-21 00:09:25,778][root][INFO] - pose batch data done
[2024-09-21 00:09:25,778][root][INFO] - forward start
[2024-09-21 00:09:25,779][root][INFO] - forward done
[2024-09-21 00:09:25,780][root][INFO] - making cropped data
[2024-09-21 00:09:25,780][root][INFO] - Welcome make_crop_data_batch
[2024-09-21 00:09:25,880][root][INFO] - make tf_to_crops done
[2024-09-21 00:09:25,897][root][INFO] - render done
[2024-09-21 00:09:25,900][root][INFO] - warp done
[2024-09-21 00:09:25,903][root][INFO] - pose batch data done
[2024-09-21 00:09:25,903][root][INFO] - forward start
[2024-09-21 00:09:25,904][root][INFO] - forward done
[2024-09-21 00:09:26,020][root][INFO] - ob_in_cams:(252, 4, 4)
[2024-09-21 00:09:26,020][root][INFO] - self.cfg.use_normal:False
[2024-09-21 00:09:26,020][root][INFO] - making cropped data
[2024-09-21 00:09:26,028][root][INFO] - Welcome make_crop_data_batch
[2024-09-21 00:09:26,028][root][INFO] - make tf_to_crops done
[2024-09-21 00:09:26,044][root][INFO] - render done
[2024-09-21 00:09:26,174][root][INFO] - pose batch data done
[2024-09-21 00:09:26,174][root][INFO] - pose_data.rgbAs.shape[0]: 252
[2024-09-21 00:09:26,285][root][INFO] - forward done
[2024-09-21 00:09:26,302][root][INFO] - final, add_errs min:-1.0
[2024-09-21 00:09:26,312][root][INFO] - sort ids:tensor([  9,  33,  75,  99, 105,   8,  74,  98, 104, 170,  32, 127, 188,   3,
          7, 103, 133, 134, 145, 146,  73, 169,   2,  43, 187, 164,   1, 171,
         11, 202, 203,   5,  47,  77, 101, 130, 131, 220, 227, 137, 194,   0,
         42, 163, 198,   4,  72, 100, 216, 132,  55,  76, 189, 244,  34, 126,
        226, 245, 106,  92, 235, 243, 147,  38,  61, 122, 196, 116, 204, 206,
         20, 121, 128,  10,  14, 229, 233,  13, 230,  80, 109, 221, 248,  29,
         58,  67,  86,  90,  91, 119, 152,  16,  84,  62,  64,  83, 117, 118,
        151, 179, 212,  19,  23,  41,  52,  89,  95, 125, 161, 197,  53,  59,
        154, 155, 160,  17, 123, 210,   6,  22,  85,  94, 178, 185, 237,  28,
         68,  70, 107, 124, 142, 200, 232,  18,  82,  88,  15,  21,  81,  93,
        108, 150, 184,  87, 231, 236,  12,  27, 211,  26,  50,  78, 114, 156,
        207,  36,  79, 115, 120, 141, 205,  37, 149, 222,  56, 138, 113, 144,
        158, 175, 176, 238,  44, 157, 247, 136, 183,  65, 110, 173, 239, 213,
         24,  39, 208, 209, 234, 215, 172, 199, 139,  25, 182, 186, 214, 250,
         40, 111, 135, 148, 193, 228, 251,  71, 181, 224,  45, 112, 223,  49,
        177, 180, 219, 240, 242, 159, 218, 153, 174,  31,  66, 165, 167, 241,
         96,  51, 201,  30,  97, 190, 192, 249,  35,  48,  60, 129, 166, 191,
        217, 246,  46,  69, 102, 168, 195, 143,  57, 225, 140,  54,  63, 162])
[2024-09-21 00:09:26,316][root][INFO] - sorted scores:tensor([81.6875, 81.6875, 81.6875, 81.6875, 81.6875, 81.6719, 81.6719, 81.6719,
        81.6719, 81.6719, 81.6562, 81.6562, 81.6562, 81.6406, 81.6406, 81.6406,
        81.6406, 81.6406, 81.6406, 81.6406, 81.6250, 81.6250, 81.6094, 81.6094,
        81.5938, 81.5781, 81.4531, 81.3281, 81.2500, 81.2500, 81.2500, 81.2344,
        81.2344, 81.2344, 81.2344, 81.2344, 81.2344, 81.2344, 81.2344, 81.2188,
        81.0938, 81.0625, 81.0625, 81.0625, 81.0625, 81.0469, 81.0469, 81.0469,
        81.0469, 81.0312, 81.0156, 81.0156, 81.0156, 81.0156, 81.0000, 81.0000,
        81.0000, 80.9688, 80.9531, 80.9375, 80.9375, 80.9219, 80.8594, 80.7812,
        80.7812, 80.7812, 80.7812, 80.7656, 80.7656, 80.7656, 80.7500, 80.7500,
        80.7500, 80.7344, 80.7344, 80.7344, 80.7344, 80.7188, 80.7188, 80.7031,
        80.7031, 80.7031, 80.7031, 80.6875, 80.6875, 80.6875, 80.6875, 80.6875,
        80.6875, 80.6875, 80.6875, 80.6719, 80.6719, 80.6562, 80.6562, 80.6562,
        80.6562, 80.6562, 80.6562, 80.6562, 80.6562, 80.6406, 80.6406, 80.6406,
        80.6406, 80.6406, 80.6406, 80.6406, 80.6406, 80.6406, 80.6250, 80.6250,
        80.6250, 80.6250, 80.6250, 80.6094, 80.6094, 80.6094, 80.5938, 80.5938,
        80.5938, 80.5781, 80.5781, 80.5781, 80.5781, 80.5625, 80.5625, 80.5625,
        80.5625, 80.5625, 80.5625, 80.5625, 80.5625, 80.5469, 80.5469, 80.5469,
        80.5312, 80.5312, 80.5312, 80.5312, 80.5312, 80.5312, 80.5312, 80.5156,
        80.5156, 80.5156, 80.5000, 80.5000, 80.5000, 80.4844, 80.4844, 80.4844,
        80.4844, 80.4844, 80.4844, 80.4688, 80.4688, 80.4688, 80.4688, 80.4688,
        80.4688, 80.4531, 80.4375, 80.4375, 80.4062, 80.4062, 80.3906, 80.3750,
        80.3750, 80.3750, 80.3750, 80.3750, 80.3594, 80.3594, 80.3594, 80.3438,
        80.3438, 80.3281, 80.3281, 80.3281, 80.3281, 80.3125, 80.2812, 80.2812,
        80.2812, 80.2812, 80.2812, 80.2656, 80.2500, 80.2500, 80.2344, 80.2188,
        80.2188, 80.2188, 80.2188, 80.2188, 80.2031, 80.2031, 80.2031, 80.2031,
        80.2031, 80.2031, 80.2031, 80.1875, 80.1875, 80.1875, 80.1719, 80.1719,
        80.1719, 80.1562, 80.1406, 80.1406, 80.1406, 80.1406, 80.1406, 80.1250,
        80.1094, 80.0938, 80.0938, 80.0781, 80.0781, 80.0781, 80.0781, 80.0781,
        80.0625, 80.0469, 80.0469, 80.0312, 80.0312, 80.0312, 80.0312, 80.0312,
        80.0156, 80.0156, 80.0156, 80.0156, 80.0156, 80.0156, 80.0156, 80.0156,
        80.0000, 80.0000, 80.0000, 79.9844, 79.9844, 79.9688, 79.9531, 79.9062,
        79.8906, 79.8750, 79.8750, 79.8750])
[2024-09-21 00:09:37,084][websockets.server][INFO] - server listening on 0.0.0.0:8080
[2024-09-21 00:09:42,642][websockets.server][INFO] - connection open
[2024-09-21 00:09:44,844][root][INFO] - Succeeded to open port: /dev/ttyUSB0
[2024-09-21 00:09:44,845][root][INFO] - Succeeded to set baudrate to 3000000
[2024-09-21 00:10:07,748][root][ERROR] - > read: [TxRxResult] Incorrect status packet!
[2024-09-21 00:10:07,826][root][ERROR] - > read: [TxRxResult] Incorrect status packet!
[2024-09-21 00:10:07,826][root][ERROR] - > read: [TxRxResult] Incorrect status packet!
[2024-09-21 00:10:07,932][root][ERROR] - > read: [TxRxResult] Incorrect status packet!
