[2024-12-20 21:09:23,305][websockets.server][INFO] - server listening on 0.0.0.0:8080
[2024-12-20 21:09:23,451][root][INFO] - self.cfg: 
 lr: 0.0001
c_in: 6
zfar: 'Infinity'
debug: null
n_view: 1
run_id: 3wy8qqex
use_BN: true
exp_name: 2024-01-11-20-02-45
n_epochs: 62
save_dir: /home/bowenw/debug/2024-01-11-20-02-45/
use_mask: false
loss_type: pairwise_valid
optimizer: adam
batch_size: 64
crop_ratio: 1.1
enable_amp: true
use_normal: false
max_num_key: null
warmup_step: -1
input_resize:
- 160
- 160
max_step_val: 1000
vis_interval: 1000
weight_decay: 0
normalize_xyz: true
resume_run_id: null
clip_grad_norm: 'Infinity'
lr_epoch_decay: 500
render_backend: nvdiffrast
train_num_pair: 5
lr_decay_epochs:
- 50
n_epochs_warmup: 1
make_pair_online: false
gradient_max_norm: 'Infinity'
max_step_per_epoch: 10000
n_rendering_workers: 1
save_epoch_interval: 100
n_dataloader_workers: 100
split_objects_across_gpus: true
ckpt_dir: /data/zjx/rw/third_party/FoundationPose/learning/training/../../weights/2024-01-11-20-02-45/model_best.pth

[2024-12-20 21:09:23,451][root][INFO] - self.h5_file:None
[2024-12-20 21:09:23,462][websockets.server][INFO] - connection open
[2024-12-20 21:09:23,585][root][INFO] - Using pretrained model from /data/zjx/rw/third_party/FoundationPose/learning/training/../../weights/2024-01-11-20-02-45/model_best.pth
[2024-12-20 21:09:23,646][root][INFO] - init done
[2024-12-20 21:09:23,647][root][INFO] - welcome
[2024-12-20 21:09:23,650][root][INFO] - self.cfg: 
 lr: 0.0001
c_in: 6
zfar: .inf
debug: null
w_rot: 0.1
n_view: 1
run_id: null
use_BN: true
rot_rep: axis_angle
ckpt_dir: /data/zjx/rw/third_party/FoundationPose/learning/training/../../weights/2023-10-28-18-33-37/model_best.pth
exp_name: 2023-10-28-18-33-37
save_dir: /tmp/2023-10-28-18-33-37/
loss_type: l2
optimizer: adam
trans_rep: tracknet
batch_size: 64
crop_ratio: 1.2
use_normal: false
BN_momentum: 0.1
max_num_key: null
warmup_step: -1
input_resize:
- 160
- 160
max_step_val: 1000
normal_uint8: false
vis_interval: 1000
weight_decay: 0
n_max_objects: null
normalize_xyz: true
clip_grad_norm: 'Infinity'
rot_normalizer: 0.3490658503988659
trans_normalizer:
- 0.019999999552965164
- 0.019999999552965164
- 0.05000000074505806
max_step_per_epoch: 25000
val_epoch_interval: 10
n_dataloader_workers: 60
enable_amp: true
use_mask: false

[2024-12-20 21:09:23,650][root][INFO] - self.h5_file:
[2024-12-20 21:09:23,694][root][INFO] - Using pretrained model from /data/zjx/rw/third_party/FoundationPose/learning/training/../../weights/2023-10-28-18-33-37/model_best.pth
[2024-12-20 21:09:23,719][root][INFO] - init done
[2024-12-20 21:09:24,906][root][INFO] - self.diameter:0.2729166168820516, vox_size:0.01364583084410258
[2024-12-20 21:09:24,921][root][INFO] - self.pts:torch.Size([179, 3])
[2024-12-20 21:09:25,879][root][INFO] - reset done
[2024-12-20 21:09:25,879][root][INFO] - cam_in_obs:(42, 4, 4)
[2024-12-20 21:09:25,880][root][INFO] - rot_grid:(252, 4, 4)
[2024-12-20 21:09:25,881][root][INFO] - after cluster, rot_grid:(252, 4, 4)
[2024-12-20 21:09:25,881][root][INFO] - self.rot_grid: torch.Size([252, 4, 4])
[2024-12-20 21:09:36,129][root][INFO] - Welcome
[2024-12-20 21:09:36,150][root][INFO] - poses:(252, 4, 4)
[2024-12-20 21:09:36,158][root][INFO] - after viewpoint, add_errs min:-1.0
[2024-12-20 21:09:36,180][root][INFO] - ob_in_cams:(252, 4, 4)
[2024-12-20 21:09:36,180][root][INFO] - self.cfg.use_normal:False
[2024-12-20 21:09:36,180][root][INFO] - trans_normalizer:[0.019999999552965164, 0.019999999552965164, 0.05000000074505806], rot_normalizer:0.3490658503988659
[2024-12-20 21:09:36,182][root][INFO] - making cropped data
[2024-12-20 21:09:36,183][root][INFO] - Welcome make_crop_data_batch
[2024-12-20 21:09:36,186][root][INFO] - make tf_to_crops done
[2024-12-20 21:09:36,209][root][INFO] - render done
[2024-12-20 21:09:36,214][root][INFO] - warp done
[2024-12-20 21:09:36,219][root][INFO] - pose batch data done
[2024-12-20 21:09:36,219][root][INFO] - forward start
[2024-12-20 21:09:36,346][root][INFO] - forward done
[2024-12-20 21:09:36,358][root][INFO] - making cropped data
[2024-12-20 21:09:36,358][root][INFO] - Welcome make_crop_data_batch
[2024-12-20 21:09:36,359][root][INFO] - make tf_to_crops done
[2024-12-20 21:09:36,375][root][INFO] - render done
[2024-12-20 21:09:36,381][root][INFO] - warp done
[2024-12-20 21:09:36,384][root][INFO] - pose batch data done
[2024-12-20 21:09:36,384][root][INFO] - forward start
[2024-12-20 21:09:36,385][root][INFO] - forward done
[2024-12-20 21:09:36,385][root][INFO] - making cropped data
[2024-12-20 21:09:36,386][root][INFO] - Welcome make_crop_data_batch
[2024-12-20 21:09:36,485][root][INFO] - make tf_to_crops done
[2024-12-20 21:09:36,500][root][INFO] - render done
[2024-12-20 21:09:36,504][root][INFO] - warp done
[2024-12-20 21:09:36,506][root][INFO] - pose batch data done
[2024-12-20 21:09:36,506][root][INFO] - forward start
[2024-12-20 21:09:36,508][root][INFO] - forward done
[2024-12-20 21:09:36,508][root][INFO] - making cropped data
[2024-12-20 21:09:36,508][root][INFO] - Welcome make_crop_data_batch
[2024-12-20 21:09:36,603][root][INFO] - make tf_to_crops done
[2024-12-20 21:09:36,618][root][INFO] - render done
[2024-12-20 21:09:36,622][root][INFO] - warp done
[2024-12-20 21:09:36,624][root][INFO] - pose batch data done
[2024-12-20 21:09:36,624][root][INFO] - forward start
[2024-12-20 21:09:36,626][root][INFO] - forward done
[2024-12-20 21:09:36,626][root][INFO] - making cropped data
[2024-12-20 21:09:36,626][root][INFO] - Welcome make_crop_data_batch
[2024-12-20 21:09:36,723][root][INFO] - make tf_to_crops done
[2024-12-20 21:09:36,737][root][INFO] - render done
[2024-12-20 21:09:36,740][root][INFO] - warp done
[2024-12-20 21:09:36,743][root][INFO] - pose batch data done
[2024-12-20 21:09:36,743][root][INFO] - forward start
[2024-12-20 21:09:36,745][root][INFO] - forward done
[2024-12-20 21:09:36,856][root][INFO] - ob_in_cams:(252, 4, 4)
[2024-12-20 21:09:36,857][root][INFO] - self.cfg.use_normal:False
[2024-12-20 21:09:36,857][root][INFO] - making cropped data
[2024-12-20 21:09:36,863][root][INFO] - Welcome make_crop_data_batch
[2024-12-20 21:09:36,864][root][INFO] - make tf_to_crops done
[2024-12-20 21:09:36,877][root][INFO] - render done
[2024-12-20 21:09:37,000][root][INFO] - pose batch data done
[2024-12-20 21:09:37,000][root][INFO] - pose_data.rgbAs.shape[0]: 252
[2024-12-20 21:09:37,091][root][INFO] - forward done
[2024-12-20 21:09:37,109][root][INFO] - final, add_errs min:-1.0
[2024-12-20 21:09:37,119][root][INFO] - sort ids:tensor([  3, 224, 128, 135, 200,  96, 146, 173, 134,  11, 107, 222,   2,  77,
        227,  66,  74, 101, 147, 170,   8,  98, 149,  35, 194,   5, 203, 225,
         99, 104, 137, 191,  32, 131, 132, 144,  47, 187, 188, 240, 243, 169,
         55, 202, 174, 221, 154, 162, 210,  52,  54,  70, 110, 238,  29,  41,
         51, 160,  61, 140, 165, 217,  90, 114, 161, 180, 204, 218,  44,  49,
         64, 190, 125, 220, 239,  69, 119, 143, 113, 183, 233, 235,  89, 155,
        157,  26,  38,  58,  63,  67, 158, 213, 229,  23,  95,  93,  86, 179,
        207, 236,  17,  83,  92, 177, 230,  48, 193, 232, 117, 172, 199, 250,
         14, 122,  12,  60, 152, 209,   6, 151,  57,  80, 116, 206,  20, 176,
         21, 192, 248, 249, 195, 247, 197, 246, 196, 251, 184,  27,  45,  81,
         36, 138, 163,  84, 102, 108, 136,   0,   9,  24,  30,  33,  42,  72,
         75,  76, 105, 109, 111, 126, 129,  18,  28,  37,  39,  46,  82,  87,
         94,  97, 120, 123, 141, 148, 181, 186, 211, 223, 241, 244,  15,  31,
         34,  40,  53,  68,  78,  79, 115, 142, 150, 156, 166, 189, 208, 214,
        219, 231, 237,  25,  73,  91, 112, 171, 175, 198,  43,  56, 100, 133,
        139, 145, 216, 234,  65, 118,  10,  16,  19,  88, 245,   1, 159, 242,
          4,   7,  13,  22, 164, 167, 103, 106, 215, 121, 127, 182, 130, 185,
         85, 124, 153, 212,  50, 228, 168, 205, 178, 201,  59,  62,  71, 226])
[2024-12-20 21:09:37,123][root][INFO] - sorted scores:tensor([76.5938, 76.5625, 76.5469, 76.5469, 76.5469, 76.5312, 76.5312, 76.5312,
        76.5156, 76.5000, 76.5000, 76.5000, 76.4844, 76.4844, 76.4844, 76.4688,
        76.4688, 76.4688, 76.4688, 76.4688, 76.4531, 76.4531, 76.4531, 76.4375,
        76.4375, 76.4219, 76.4219, 76.4219, 76.4062, 76.4062, 76.4062, 76.3906,
        76.3750, 76.3750, 76.3750, 76.3750, 76.3438, 76.3438, 76.3438, 76.3438,
        76.3438, 76.3281, 76.3125, 76.2969, 76.2812, 76.2812, 76.2656, 76.2656,
        76.2656, 76.2500, 76.2500, 76.2500, 76.2500, 76.2500, 76.2344, 76.2344,
        76.2344, 76.2344, 76.2188, 76.2188, 76.2031, 76.2031, 76.1875, 76.1875,
        76.1875, 76.1875, 76.1875, 76.1875, 76.1719, 76.1719, 76.1719, 76.1719,
        76.1562, 76.1562, 76.1562, 76.1406, 76.1406, 76.1406, 76.1250, 76.1250,
        76.1250, 76.1250, 76.1094, 76.1094, 76.1094, 76.0938, 76.0938, 76.0938,
        76.0938, 76.0938, 76.0938, 76.0938, 76.0781, 76.0625, 76.0625, 76.0469,
        76.0312, 76.0312, 76.0312, 76.0312, 76.0156, 76.0156, 76.0156, 76.0000,
        75.9688, 75.9062, 75.8594, 75.8594, 75.8438, 75.8281, 75.8281, 75.8125,
        75.7969, 75.7969, 75.7812, 75.7656, 75.7500, 75.7500, 75.6875, 75.6719,
        75.6250, 75.6250, 75.6094, 75.5938, 75.4688, 75.4688, 75.3906, 75.2031,
        75.0781, 74.9375, 74.8125, 74.6094, 74.5781, 74.5781, 74.5312, 74.3281,
        74.0469, 74.0312, 74.0156, 74.0000, 73.9844, 73.9844, 73.9844, 73.9531,
        73.9531, 73.9531, 73.9531, 73.9375, 73.9375, 73.9375, 73.9375, 73.9375,
        73.9375, 73.9375, 73.9375, 73.9375, 73.9375, 73.9375, 73.9375, 73.9375,
        73.9375, 73.9219, 73.9219, 73.9219, 73.9219, 73.9219, 73.9219, 73.9219,
        73.9219, 73.9219, 73.9219, 73.9219, 73.9219, 73.9219, 73.9219, 73.9219,
        73.9219, 73.9219, 73.9219, 73.9219, 73.9062, 73.9062, 73.9062, 73.9062,
        73.9062, 73.9062, 73.9062, 73.9062, 73.9062, 73.9062, 73.9062, 73.9062,
        73.9062, 73.9062, 73.9062, 73.9062, 73.9062, 73.9062, 73.9062, 73.8906,
        73.8906, 73.8906, 73.8906, 73.8906, 73.8906, 73.8906, 73.8750, 73.8750,
        73.8750, 73.8750, 73.8750, 73.8750, 73.8750, 73.8750, 73.8594, 73.8594,
        73.8438, 73.8438, 73.8438, 73.8438, 73.8438, 73.8281, 73.8281, 73.8281,
        73.8125, 73.8125, 73.8125, 73.8125, 73.8125, 73.8125, 73.7969, 73.7969,
        73.7969, 73.7812, 73.7812, 73.7812, 73.7500, 73.7500, 73.7344, 73.7344,
        73.7188, 73.7188, 73.6875, 73.6719, 73.6562, 73.6562, 73.6250, 73.5938,
        73.5781, 73.5625, 73.5625, 73.5312])
