[2024-10-11 10:44:18,177][websockets.server][INFO] - server listening on 0.0.0.0:8080
[2024-10-11 10:44:18,366][root][INFO] - self.cfg: 
 lr: 0.0001
c_in: 6
zfar: 'Infinity'
debug: null
n_view: 1
run_id: 3wy8qqex
use_BN: true
exp_name: 2024-01-11-20-02-45
n_epochs: 62
save_dir: /home/bowenw/debug/2024-01-11-20-02-45/
use_mask: false
loss_type: pairwise_valid
optimizer: adam
batch_size: 64
crop_ratio: 1.1
enable_amp: true
use_normal: false
max_num_key: null
warmup_step: -1
input_resize:
- 160
- 160
max_step_val: 1000
vis_interval: 1000
weight_decay: 0
normalize_xyz: true
resume_run_id: null
clip_grad_norm: 'Infinity'
lr_epoch_decay: 500
render_backend: nvdiffrast
train_num_pair: 5
lr_decay_epochs:
- 50
n_epochs_warmup: 1
make_pair_online: false
gradient_max_norm: 'Infinity'
max_step_per_epoch: 10000
n_rendering_workers: 1
save_epoch_interval: 100
n_dataloader_workers: 100
split_objects_across_gpus: true
ckpt_dir: FoundationPose/learning/training/../../weights/2024-01-11-20-02-45/model_best.pth

[2024-10-11 10:44:18,366][root][INFO] - self.h5_file:None
[2024-10-11 10:44:18,534][root][INFO] - Using pretrained model from FoundationPose/learning/training/../../weights/2024-01-11-20-02-45/model_best.pth
[2024-10-11 10:44:18,596][root][INFO] - init done
[2024-10-11 10:44:18,597][root][INFO] - welcome
[2024-10-11 10:44:18,600][root][INFO] - self.cfg: 
 lr: 0.0001
c_in: 6
zfar: .inf
debug: null
w_rot: 0.1
n_view: 1
run_id: null
use_BN: true
rot_rep: axis_angle
ckpt_dir: FoundationPose/learning/training/../../weights/2023-10-28-18-33-37/model_best.pth
exp_name: 2023-10-28-18-33-37
save_dir: /tmp/2023-10-28-18-33-37/
loss_type: l2
optimizer: adam
trans_rep: tracknet
batch_size: 64
crop_ratio: 1.2
use_normal: false
BN_momentum: 0.1
max_num_key: null
warmup_step: -1
input_resize:
- 160
- 160
max_step_val: 1000
normal_uint8: false
vis_interval: 1000
weight_decay: 0
n_max_objects: null
normalize_xyz: true
clip_grad_norm: 'Infinity'
rot_normalizer: 0.3490658503988659
trans_normalizer:
- 0.019999999552965164
- 0.019999999552965164
- 0.05000000074505806
max_step_per_epoch: 25000
val_epoch_interval: 10
n_dataloader_workers: 60
enable_amp: true
use_mask: false

[2024-10-11 10:44:18,600][root][INFO] - self.h5_file:
[2024-10-11 10:44:18,667][root][INFO] - Using pretrained model from FoundationPose/learning/training/../../weights/2023-10-28-18-33-37/model_best.pth
[2024-10-11 10:44:18,688][root][INFO] - init done
[2024-10-11 10:44:20,025][websockets.server][INFO] - connection open
[2024-10-11 10:44:20,414][root][INFO] - self.diameter:0.08397155096556706, vox_size:0.0041985775482783535
[2024-10-11 10:44:20,429][root][INFO] - self.pts:torch.Size([1273, 3])
[2024-10-11 10:44:21,229][root][INFO] - reset done
[2024-10-11 10:44:21,230][root][INFO] - cam_in_obs:(42, 4, 4)
[2024-10-11 10:44:21,232][root][INFO] - rot_grid:(252, 4, 4)
[2024-10-11 10:44:21,233][root][INFO] - after cluster, rot_grid:(252, 4, 4)
[2024-10-11 10:44:21,233][root][INFO] - self.rot_grid: torch.Size([252, 4, 4])
[2024-10-11 10:44:30,082][root][INFO] - Welcome
[2024-10-11 10:44:30,097][root][INFO] - poses:(252, 4, 4)
[2024-10-11 10:44:30,107][root][INFO] - after viewpoint, add_errs min:-1.0
[2024-10-11 10:44:30,170][root][INFO] - ob_in_cams:(252, 4, 4)
[2024-10-11 10:44:30,170][root][INFO] - self.cfg.use_normal:False
[2024-10-11 10:44:30,170][root][INFO] - trans_normalizer:[0.019999999552965164, 0.019999999552965164, 0.05000000074505806], rot_normalizer:0.3490658503988659
[2024-10-11 10:44:30,183][root][INFO] - making cropped data
[2024-10-11 10:44:30,183][root][INFO] - Welcome make_crop_data_batch
[2024-10-11 10:44:30,187][root][INFO] - make tf_to_crops done
[2024-10-11 10:44:30,211][root][INFO] - render done
[2024-10-11 10:44:30,216][root][INFO] - warp done
[2024-10-11 10:44:30,221][root][INFO] - pose batch data done
[2024-10-11 10:44:30,221][root][INFO] - forward start
[2024-10-11 10:44:30,339][root][INFO] - forward done
[2024-10-11 10:44:30,351][root][INFO] - making cropped data
[2024-10-11 10:44:30,351][root][INFO] - Welcome make_crop_data_batch
[2024-10-11 10:44:30,352][root][INFO] - make tf_to_crops done
[2024-10-11 10:44:30,370][root][INFO] - render done
[2024-10-11 10:44:30,374][root][INFO] - warp done
[2024-10-11 10:44:30,377][root][INFO] - pose batch data done
[2024-10-11 10:44:30,377][root][INFO] - forward start
[2024-10-11 10:44:30,378][root][INFO] - forward done
[2024-10-11 10:44:30,379][root][INFO] - making cropped data
[2024-10-11 10:44:30,379][root][INFO] - Welcome make_crop_data_batch
[2024-10-11 10:44:30,482][root][INFO] - make tf_to_crops done
[2024-10-11 10:44:30,499][root][INFO] - render done
[2024-10-11 10:44:30,502][root][INFO] - warp done
[2024-10-11 10:44:30,505][root][INFO] - pose batch data done
[2024-10-11 10:44:30,505][root][INFO] - forward start
[2024-10-11 10:44:30,507][root][INFO] - forward done
[2024-10-11 10:44:30,507][root][INFO] - making cropped data
[2024-10-11 10:44:30,507][root][INFO] - Welcome make_crop_data_batch
[2024-10-11 10:44:30,606][root][INFO] - make tf_to_crops done
[2024-10-11 10:44:30,624][root][INFO] - render done
[2024-10-11 10:44:30,627][root][INFO] - warp done
[2024-10-11 10:44:30,630][root][INFO] - pose batch data done
[2024-10-11 10:44:30,630][root][INFO] - forward start
[2024-10-11 10:44:30,631][root][INFO] - forward done
[2024-10-11 10:44:30,632][root][INFO] - making cropped data
[2024-10-11 10:44:30,632][root][INFO] - Welcome make_crop_data_batch
[2024-10-11 10:44:30,731][root][INFO] - make tf_to_crops done
[2024-10-11 10:44:30,748][root][INFO] - render done
[2024-10-11 10:44:30,751][root][INFO] - warp done
[2024-10-11 10:44:30,754][root][INFO] - pose batch data done
[2024-10-11 10:44:30,754][root][INFO] - forward start
[2024-10-11 10:44:30,756][root][INFO] - forward done
[2024-10-11 10:44:30,871][root][INFO] - ob_in_cams:(252, 4, 4)
[2024-10-11 10:44:30,871][root][INFO] - self.cfg.use_normal:False
[2024-10-11 10:44:30,871][root][INFO] - making cropped data
[2024-10-11 10:44:30,879][root][INFO] - Welcome make_crop_data_batch
[2024-10-11 10:44:30,879][root][INFO] - make tf_to_crops done
[2024-10-11 10:44:30,895][root][INFO] - render done
[2024-10-11 10:44:31,025][root][INFO] - pose batch data done
[2024-10-11 10:44:31,025][root][INFO] - pose_data.rgbAs.shape[0]: 252
[2024-10-11 10:44:31,122][root][INFO] - forward done
[2024-10-11 10:44:31,139][root][INFO] - final, add_errs min:-1.0
[2024-10-11 10:44:31,148][root][INFO] - sort ids:tensor([202, 226, 137, 131,  77,   5, 101,  72,  76, 100,  42,  47,   4, 126,
        130, 116,   0,   8,  92, 105, 135,  20, 106, 127,   2,   3, 132,   6,
         75,  97,  99, 134, 138, 188,  14,  80, 104, 111, 129, 225,  12,  56,
         84,  86, 122, 133, 201,   1,   7,  36,  74,  98,  73, 103, 124, 161,
         78, 118, 221,  33, 115, 128,  18,  27,  53,  93,  94, 114, 120, 166,
        170, 181, 214, 244,  39,  90,  91, 218,  13,  17,  19,  22,  30,  79,
        119, 123, 144, 148, 233, 239,  24,  82,  95, 200, 203, 228,  51,  81,
         87, 108, 117, 125, 136, 179, 211,  16,  23,  83,  88, 158, 163, 236,
        241,  26,  67, 155, 160, 194,  11,  34,  40,  85, 147, 182, 189, 169,
        251,  21,  54,  89, 167, 176, 223,  25,  44,  45,  49,  55, 102, 154,
        165, 168, 184, 207, 222, 230,  32,  38,  46,  66,  70, 107, 140, 150,
        164, 208, 235, 242,  15,  60,  62,  65,  71,  96, 145, 149, 151, 152,
        171, 180, 191, 195, 204, 240, 245, 247, 249,  43,  50,  57,  64,  68,
         69, 153, 162, 175, 197, 198, 205, 209, 232, 243, 246,   9,  10,  28,
         31,  41,  52,  61, 141, 142, 183, 187, 196, 206, 210, 213, 229, 234,
        248, 250, 110, 112, 139, 157, 174, 193, 224, 238,  35,  37,  59, 109,
        156, 159, 172, 186, 199, 227,  48,  63, 121, 143, 146, 173, 178, 190,
        215, 219, 220, 231, 237,  58, 192, 212, 216, 113, 217, 185, 177,  29])
[2024-10-11 10:44:31,151][root][INFO] - sorted scores:tensor([118.7344, 118.6406, 118.5938, 118.4844, 118.4688, 118.4531, 118.4531,
        118.4375, 118.4219, 118.3906, 118.3750, 118.3750, 118.3594, 118.3594,
        118.3594, 118.3281, 118.3125, 118.3125, 118.3125, 118.3125, 118.2969,
        118.2812, 118.2812, 118.2656, 118.2500, 118.2500, 118.2500, 118.2344,
        118.2344, 118.2344, 118.2344, 118.2344, 118.2344, 118.2344, 118.2188,
        118.2188, 118.2188, 118.2188, 118.2188, 118.2188, 118.2031, 118.2031,
        118.2031, 118.2031, 118.2031, 118.2031, 118.2031, 118.1875, 118.1875,
        118.1875, 118.1875, 118.1875, 118.1719, 118.1719, 118.1719, 118.1719,
        118.1562, 118.1562, 118.1562, 118.1406, 118.1406, 118.1406, 118.1250,
        118.1250, 118.1250, 118.1250, 118.1250, 118.1250, 118.1250, 118.1250,
        118.1250, 118.1250, 118.1250, 118.1250, 118.1094, 118.1094, 118.1094,
        118.1094, 118.0938, 118.0938, 118.0938, 118.0938, 118.0938, 118.0938,
        118.0938, 118.0938, 118.0938, 118.0938, 118.0938, 118.0938, 118.0781,
        118.0781, 118.0781, 118.0781, 118.0781, 118.0781, 118.0625, 118.0625,
        118.0625, 118.0625, 118.0625, 118.0625, 118.0625, 118.0625, 118.0625,
        118.0469, 118.0469, 118.0469, 118.0469, 118.0469, 118.0469, 118.0469,
        118.0469, 118.0312, 118.0312, 118.0312, 118.0312, 118.0312, 118.0156,
        118.0156, 118.0156, 118.0156, 118.0156, 118.0156, 118.0156, 118.0000,
        118.0000, 117.9844, 117.9844, 117.9844, 117.9844, 117.9844, 117.9844,
        117.9688, 117.9688, 117.9688, 117.9688, 117.9688, 117.9688, 117.9688,
        117.9688, 117.9688, 117.9688, 117.9688, 117.9688, 117.9688, 117.9531,
        117.9531, 117.9531, 117.9531, 117.9531, 117.9531, 117.9531, 117.9531,
        117.9531, 117.9531, 117.9531, 117.9531, 117.9375, 117.9375, 117.9375,
        117.9375, 117.9375, 117.9375, 117.9375, 117.9375, 117.9375, 117.9375,
        117.9375, 117.9375, 117.9375, 117.9375, 117.9375, 117.9375, 117.9375,
        117.9375, 117.9375, 117.9219, 117.9219, 117.9219, 117.9219, 117.9219,
        117.9219, 117.9219, 117.9219, 117.9219, 117.9219, 117.9219, 117.9219,
        117.9219, 117.9219, 117.9219, 117.9219, 117.9062, 117.9062, 117.9062,
        117.9062, 117.9062, 117.9062, 117.9062, 117.9062, 117.9062, 117.9062,
        117.9062, 117.9062, 117.9062, 117.9062, 117.9062, 117.9062, 117.9062,
        117.9062, 117.9062, 117.8906, 117.8906, 117.8906, 117.8906, 117.8906,
        117.8906, 117.8906, 117.8906, 117.8750, 117.8750, 117.8750, 117.8750,
        117.8750, 117.8750, 117.8750, 117.8750, 117.8750, 117.8750, 117.8594,
        117.8594, 117.8594, 117.8594, 117.8594, 117.8594, 117.8594, 117.8594,
        117.8594, 117.8594, 117.8594, 117.8594, 117.8594, 117.8438, 117.8438,
        117.8438, 117.8438, 117.8281, 117.8281, 117.8125, 117.7812, 117.7656])
