[2024-09-22 16:56:03,868][root][INFO] - self.cfg: 
 lr: 0.0001
c_in: 6
zfar: 'Infinity'
debug: null
n_view: 1
run_id: 3wy8qqex
use_BN: true
exp_name: 2024-01-11-20-02-45
n_epochs: 62
save_dir: /home/bowenw/debug/2024-01-11-20-02-45/
use_mask: false
loss_type: pairwise_valid
optimizer: adam
batch_size: 64
crop_ratio: 1.1
enable_amp: true
use_normal: false
max_num_key: null
warmup_step: -1
input_resize:
- 160
- 160
max_step_val: 1000
vis_interval: 1000
weight_decay: 0
normalize_xyz: true
resume_run_id: null
clip_grad_norm: 'Infinity'
lr_epoch_decay: 500
render_backend: nvdiffrast
train_num_pair: 5
lr_decay_epochs:
- 50
n_epochs_warmup: 1
make_pair_online: false
gradient_max_norm: 'Infinity'
max_step_per_epoch: 10000
n_rendering_workers: 1
save_epoch_interval: 100
n_dataloader_workers: 100
split_objects_across_gpus: true
ckpt_dir: FoundationPose/learning/training/../../weights/2024-01-11-20-02-45/model_best.pth

[2024-09-22 16:56:03,868][root][INFO] - self.h5_file:None
[2024-09-22 16:56:04,048][root][INFO] - Using pretrained model from FoundationPose/learning/training/../../weights/2024-01-11-20-02-45/model_best.pth
[2024-09-22 16:56:04,105][root][INFO] - init done
[2024-09-22 16:56:04,105][root][INFO] - welcome
[2024-09-22 16:56:04,109][root][INFO] - self.cfg: 
 lr: 0.0001
c_in: 6
zfar: .inf
debug: null
w_rot: 0.1
n_view: 1
run_id: null
use_BN: true
rot_rep: axis_angle
ckpt_dir: FoundationPose/learning/training/../../weights/2023-10-28-18-33-37/model_best.pth
exp_name: 2023-10-28-18-33-37
save_dir: /tmp/2023-10-28-18-33-37/
loss_type: l2
optimizer: adam
trans_rep: tracknet
batch_size: 64
crop_ratio: 1.2
use_normal: false
BN_momentum: 0.1
max_num_key: null
warmup_step: -1
input_resize:
- 160
- 160
max_step_val: 1000
normal_uint8: false
vis_interval: 1000
weight_decay: 0
n_max_objects: null
normalize_xyz: true
clip_grad_norm: 'Infinity'
rot_normalizer: 0.3490658503988659
trans_normalizer:
- 0.019999999552965164
- 0.019999999552965164
- 0.05000000074505806
max_step_per_epoch: 25000
val_epoch_interval: 10
n_dataloader_workers: 60
enable_amp: true
use_mask: false

[2024-09-22 16:56:04,109][root][INFO] - self.h5_file:
[2024-09-22 16:56:04,159][root][INFO] - Using pretrained model from FoundationPose/learning/training/../../weights/2023-10-28-18-33-37/model_best.pth
[2024-09-22 16:56:04,183][root][INFO] - init done
[2024-09-22 16:56:06,399][root][INFO] - self.diameter:0.16911805808118208, vox_size:0.008455902904059103
[2024-09-22 16:56:06,415][root][INFO] - self.pts:torch.Size([675, 3])
[2024-09-22 16:56:07,432][root][INFO] - reset done
[2024-09-22 16:56:07,433][root][INFO] - cam_in_obs:(42, 4, 4)
[2024-09-22 16:56:07,435][root][INFO] - rot_grid:(252, 4, 4)
[2024-09-22 16:56:07,436][root][INFO] - after cluster, rot_grid:(252, 4, 4)
[2024-09-22 16:56:07,436][root][INFO] - self.rot_grid: torch.Size([252, 4, 4])
[2024-09-22 16:57:01,832][root][INFO] - Welcome
[2024-09-22 16:57:01,846][root][INFO] - poses:(252, 4, 4)
[2024-09-22 16:57:01,857][root][INFO] - after viewpoint, add_errs min:-1.0
[2024-09-22 16:57:01,935][root][INFO] - ob_in_cams:(252, 4, 4)
[2024-09-22 16:57:01,935][root][INFO] - self.cfg.use_normal:False
[2024-09-22 16:57:01,935][root][INFO] - trans_normalizer:[0.019999999552965164, 0.019999999552965164, 0.05000000074505806], rot_normalizer:0.3490658503988659
[2024-09-22 16:57:01,938][root][INFO] - making cropped data
[2024-09-22 16:57:01,938][root][INFO] - Welcome make_crop_data_batch
[2024-09-22 16:57:01,942][root][INFO] - make tf_to_crops done
[2024-09-22 16:57:01,974][root][INFO] - render done
[2024-09-22 16:57:01,980][root][INFO] - warp done
[2024-09-22 16:57:01,985][root][INFO] - pose batch data done
[2024-09-22 16:57:01,985][root][INFO] - forward start
[2024-09-22 16:57:02,102][root][INFO] - forward done
[2024-09-22 16:57:02,113][root][INFO] - making cropped data
[2024-09-22 16:57:02,113][root][INFO] - Welcome make_crop_data_batch
[2024-09-22 16:57:02,113][root][INFO] - make tf_to_crops done
[2024-09-22 16:57:02,136][root][INFO] - render done
[2024-09-22 16:57:02,139][root][INFO] - warp done
[2024-09-22 16:57:02,142][root][INFO] - pose batch data done
[2024-09-22 16:57:02,142][root][INFO] - forward start
[2024-09-22 16:57:02,144][root][INFO] - forward done
[2024-09-22 16:57:02,144][root][INFO] - making cropped data
[2024-09-22 16:57:02,144][root][INFO] - Welcome make_crop_data_batch
[2024-09-22 16:57:02,243][root][INFO] - make tf_to_crops done
[2024-09-22 16:57:02,264][root][INFO] - render done
[2024-09-22 16:57:02,269][root][INFO] - warp done
[2024-09-22 16:57:02,271][root][INFO] - pose batch data done
[2024-09-22 16:57:02,271][root][INFO] - forward start
[2024-09-22 16:57:02,273][root][INFO] - forward done
[2024-09-22 16:57:02,273][root][INFO] - making cropped data
[2024-09-22 16:57:02,273][root][INFO] - Welcome make_crop_data_batch
[2024-09-22 16:57:02,372][root][INFO] - make tf_to_crops done
[2024-09-22 16:57:02,393][root][INFO] - render done
[2024-09-22 16:57:02,397][root][INFO] - warp done
[2024-09-22 16:57:02,399][root][INFO] - pose batch data done
[2024-09-22 16:57:02,399][root][INFO] - forward start
[2024-09-22 16:57:02,401][root][INFO] - forward done
[2024-09-22 16:57:02,401][root][INFO] - making cropped data
[2024-09-22 16:57:02,401][root][INFO] - Welcome make_crop_data_batch
[2024-09-22 16:57:02,499][root][INFO] - make tf_to_crops done
[2024-09-22 16:57:02,522][root][INFO] - render done
[2024-09-22 16:57:02,526][root][INFO] - warp done
[2024-09-22 16:57:02,528][root][INFO] - pose batch data done
[2024-09-22 16:57:02,528][root][INFO] - forward start
[2024-09-22 16:57:02,530][root][INFO] - forward done
[2024-09-22 16:57:02,642][root][INFO] - ob_in_cams:(252, 4, 4)
[2024-09-22 16:57:02,643][root][INFO] - self.cfg.use_normal:False
[2024-09-22 16:57:02,643][root][INFO] - making cropped data
[2024-09-22 16:57:02,649][root][INFO] - Welcome make_crop_data_batch
[2024-09-22 16:57:02,650][root][INFO] - make tf_to_crops done
[2024-09-22 16:57:02,670][root][INFO] - render done
[2024-09-22 16:57:02,799][root][INFO] - pose batch data done
[2024-09-22 16:57:02,799][root][INFO] - pose_data.rgbAs.shape[0]: 252
[2024-09-22 16:57:02,897][root][INFO] - forward done
[2024-09-22 16:57:02,915][root][INFO] - final, add_errs min:-1.0
[2024-09-22 16:57:02,924][root][INFO] - sort ids:tensor([  0,   5,   6,  11,  35,  72,  77,  96, 101, 102, 107, 126, 131, 132,
        137, 198, 203, 221, 222, 227, 245, 144, 173,  42, 240, 106,  66,  86,
         54, 168, 165,  92, 116,  47, 192,  41,  85, 229, 186, 206,  20,  23,
        247,   7, 210, 162,  51, 183,  44,  61, 110, 130, 140, 180, 230,  67,
        154, 157, 160, 204, 150,  21, 143, 155,  26,  80,  82, 124, 145, 147,
        202, 205,  37,  68, 103, 125, 179,  22,  94, 248,  14, 178, 199,  62,
        100, 128, 141, 176, 212, 217,  63, 120, 149, 161, 177, 181, 193,  27,
         34,  93, 133, 175,   1,   3,  30,  38,  55,  75, 104, 105, 108, 111,
        153, 169,   9,  31,  32,  33,  48,  74,  99, 170, 188, 190, 220, 234,
        235, 236,   8,  46,  49,  57,  73, 119, 127, 187, 189, 213, 224, 225,
        241,  17,  24,  56,  89,  90,  97,  98, 113, 122, 134, 163, 174, 184,
        185, 223, 243, 250,  15,  19,  36,  45,  70,  71,  81, 117, 135, 171,
        197, 207, 211, 215, 231,   2,  18,  64,  65,  76,  78,  87,  88,  95,
        109, 118, 152, 167, 172, 195, 196, 214, 218, 226, 238, 244,   4,  10,
         29,  39,  40,  50,  52,  60, 112, 146, 156, 159, 191, 194, 209, 228,
        232, 251,  16,  53,  58,  59,  83, 123, 129, 138, 148, 158, 166, 208,
        233, 239, 246,  79, 121, 136, 139, 164, 182, 200, 216, 242,  13,  28,
         43,  69,  84,  91, 114, 115, 151, 201, 219,  12, 142, 237,  25, 249])
[2024-09-22 16:57:02,928][root][INFO] - sorted scores:tensor([58.6875, 58.6875, 58.6875, 58.6875, 58.6875, 58.6875, 58.6875, 58.6875,
        58.6875, 58.6875, 58.6875, 58.6875, 58.6875, 58.6875, 58.6875, 58.6875,
        58.6875, 58.6875, 58.6875, 58.6875, 58.6875, 58.5938, 58.5938, 58.5625,
        58.4688, 58.4375, 58.3750, 58.1875, 58.1562, 58.1250, 58.0625, 58.0000,
        58.0000, 57.9688, 57.9688, 57.9375, 57.8750, 57.8750, 57.8125, 57.8125,
        57.7500, 57.7188, 57.7188, 57.6875, 57.6875, 57.6562, 57.5938, 57.5938,
        57.5312, 57.5312, 57.5312, 57.5312, 57.5312, 57.5312, 57.5312, 57.5000,
        57.5000, 57.5000, 57.5000, 57.5000, 57.4688, 57.4375, 57.4375, 57.4375,
        57.4062, 57.4062, 57.4062, 57.4062, 57.3750, 57.3750, 57.3750, 57.3438,
        57.3125, 57.3125, 57.3125, 57.3125, 57.3125, 57.2812, 57.2812, 57.2812,
        57.2500, 57.2500, 57.2500, 57.2188, 57.2188, 57.2188, 57.2188, 57.2188,
        57.1875, 57.1875, 57.1562, 57.1562, 57.1562, 57.1562, 57.1562, 57.1562,
        57.1562, 57.1250, 57.1250, 57.1250, 57.1250, 57.1250, 57.0938, 57.0938,
        57.0938, 57.0938, 57.0938, 57.0938, 57.0938, 57.0938, 57.0938, 57.0938,
        57.0938, 57.0938, 57.0625, 57.0625, 57.0625, 57.0625, 57.0625, 57.0625,
        57.0625, 57.0625, 57.0625, 57.0625, 57.0625, 57.0625, 57.0625, 57.0625,
        57.0312, 57.0312, 57.0312, 57.0312, 57.0312, 57.0312, 57.0312, 57.0312,
        57.0312, 57.0312, 57.0312, 57.0312, 57.0312, 57.0000, 57.0000, 57.0000,
        57.0000, 57.0000, 57.0000, 57.0000, 57.0000, 57.0000, 57.0000, 57.0000,
        57.0000, 57.0000, 57.0000, 57.0000, 57.0000, 57.0000, 56.9688, 56.9688,
        56.9688, 56.9688, 56.9688, 56.9688, 56.9688, 56.9688, 56.9688, 56.9688,
        56.9688, 56.9688, 56.9688, 56.9688, 56.9688, 56.9375, 56.9375, 56.9375,
        56.9375, 56.9375, 56.9375, 56.9375, 56.9375, 56.9375, 56.9375, 56.9375,
        56.9375, 56.9375, 56.9375, 56.9375, 56.9375, 56.9375, 56.9375, 56.9375,
        56.9375, 56.9375, 56.9062, 56.9062, 56.9062, 56.9062, 56.9062, 56.9062,
        56.9062, 56.9062, 56.9062, 56.9062, 56.9062, 56.9062, 56.9062, 56.9062,
        56.9062, 56.9062, 56.9062, 56.9062, 56.8750, 56.8750, 56.8750, 56.8750,
        56.8750, 56.8750, 56.8750, 56.8750, 56.8750, 56.8750, 56.8750, 56.8750,
        56.8750, 56.8750, 56.8750, 56.8438, 56.8438, 56.8438, 56.8438, 56.8438,
        56.8438, 56.8438, 56.8438, 56.8438, 56.8125, 56.8125, 56.8125, 56.8125,
        56.8125, 56.8125, 56.8125, 56.8125, 56.8125, 56.8125, 56.8125, 56.7812,
        56.7812, 56.7812, 56.7500, 56.7500])
[2024-09-22 16:57:14,391][websockets.server][INFO] - server listening on 0.0.0.0:8080
[2024-09-22 16:57:16,775][websockets.server][INFO] - connection open
[2024-09-22 16:57:25,423][root][INFO] - Succeeded to open port: /dev/ttyUSB0
[2024-09-22 16:57:25,424][root][INFO] - Succeeded to set baudrate to 3000000
[2024-09-22 16:57:52,764][root][ERROR] - > write_byte: [Motor ID: 3] [RxPacketError] Hardware error occurred. Check the error at Control Table (Hardware Error Status)!
[2024-09-22 16:57:52,796][root][ERROR] - > write_byte: [Motor ID: 5] [RxPacketError] Hardware error occurred. Check the error at Control Table (Hardware Error Status)!
[2024-09-22 16:57:52,828][root][ERROR] - > write_byte: [Motor ID: 7] [RxPacketError] Hardware error occurred. Check the error at Control Table (Hardware Error Status)!
[2024-09-22 16:57:52,860][root][ERROR] - > write_byte: [Motor ID: 9] [RxPacketError] Hardware error occurred. Check the error at Control Table (Hardware Error Status)!
[2024-09-22 16:57:52,876][root][ERROR] - > write_byte: [Motor ID: 10] [RxPacketError] Hardware error occurred. Check the error at Control Table (Hardware Error Status)!
[2024-09-22 16:57:52,892][root][ERROR] - > write_byte: [Motor ID: 11] [RxPacketError] Hardware error occurred. Check the error at Control Table (Hardware Error Status)!
[2024-09-22 16:57:52,908][root][ERROR] - > write_byte: [Motor ID: 12] [RxPacketError] Hardware error occurred. Check the error at Control Table (Hardware Error Status)!
[2024-09-22 16:57:52,924][root][ERROR] - > write_byte: [Motor ID: 13] [RxPacketError] Hardware error occurred. Check the error at Control Table (Hardware Error Status)!
[2024-09-22 16:57:52,956][root][ERROR] - > write_byte: [Motor ID: 15] [RxPacketError] Hardware error occurred. Check the error at Control Table (Hardware Error Status)!
[2024-09-22 16:57:52,956][root][ERROR] - Could not set torque disabled for IDs: [3, 5, 7, 9, 10, 11, 12, 13, 15]
