[2024-09-20 13:19:50,931][root][INFO] - self.cfg: 
 lr: 0.0001
c_in: 6
zfar: 'Infinity'
debug: null
n_view: 1
run_id: 3wy8qqex
use_BN: true
exp_name: 2024-01-11-20-02-45
n_epochs: 62
save_dir: /home/bowenw/debug/2024-01-11-20-02-45/
use_mask: false
loss_type: pairwise_valid
optimizer: adam
batch_size: 64
crop_ratio: 1.1
enable_amp: true
use_normal: false
max_num_key: null
warmup_step: -1
input_resize:
- 160
- 160
max_step_val: 1000
vis_interval: 1000
weight_decay: 0
normalize_xyz: true
resume_run_id: null
clip_grad_norm: 'Infinity'
lr_epoch_decay: 500
render_backend: nvdiffrast
train_num_pair: 5
lr_decay_epochs:
- 50
n_epochs_warmup: 1
make_pair_online: false
gradient_max_norm: 'Infinity'
max_step_per_epoch: 10000
n_rendering_workers: 1
save_epoch_interval: 100
n_dataloader_workers: 100
split_objects_across_gpus: true
ckpt_dir: FoundationPose/learning/training/../../weights/2024-01-11-20-02-45/model_best.pth

[2024-09-20 13:19:50,932][root][INFO] - self.h5_file:None
[2024-09-20 13:19:51,109][root][INFO] - Using pretrained model from FoundationPose/learning/training/../../weights/2024-01-11-20-02-45/model_best.pth
[2024-09-20 13:19:51,171][root][INFO] - init done
[2024-09-20 13:19:51,171][root][INFO] - welcome
[2024-09-20 13:19:51,174][root][INFO] - self.cfg: 
 lr: 0.0001
c_in: 6
zfar: .inf
debug: null
w_rot: 0.1
n_view: 1
run_id: null
use_BN: true
rot_rep: axis_angle
ckpt_dir: FoundationPose/learning/training/../../weights/2023-10-28-18-33-37/model_best.pth
exp_name: 2023-10-28-18-33-37
save_dir: /tmp/2023-10-28-18-33-37/
loss_type: l2
optimizer: adam
trans_rep: tracknet
batch_size: 64
crop_ratio: 1.2
use_normal: false
BN_momentum: 0.1
max_num_key: null
warmup_step: -1
input_resize:
- 160
- 160
max_step_val: 1000
normal_uint8: false
vis_interval: 1000
weight_decay: 0
n_max_objects: null
normalize_xyz: true
clip_grad_norm: 'Infinity'
rot_normalizer: 0.3490658503988659
trans_normalizer:
- 0.019999999552965164
- 0.019999999552965164
- 0.05000000074505806
max_step_per_epoch: 25000
val_epoch_interval: 10
n_dataloader_workers: 60
enable_amp: true
use_mask: false

[2024-09-20 13:19:51,175][root][INFO] - self.h5_file:
[2024-09-20 13:19:51,226][root][INFO] - Using pretrained model from FoundationPose/learning/training/../../weights/2023-10-28-18-33-37/model_best.pth
[2024-09-20 13:19:51,249][root][INFO] - init done
[2024-09-20 13:19:53,426][root][INFO] - self.diameter:0.2324774443430137, vox_size:0.011623872217150685
[2024-09-20 13:19:53,441][root][INFO] - self.pts:torch.Size([385, 3])
[2024-09-20 13:19:54,244][root][INFO] - reset done
[2024-09-20 13:19:54,244][root][INFO] - cam_in_obs:(42, 4, 4)
[2024-09-20 13:19:54,246][root][INFO] - rot_grid:(252, 4, 4)
[2024-09-20 13:19:54,247][root][INFO] - after cluster, rot_grid:(252, 4, 4)
[2024-09-20 13:19:54,247][root][INFO] - self.rot_grid: torch.Size([252, 4, 4])
[2024-09-20 13:20:04,453][root][INFO] - Welcome
[2024-09-20 13:20:04,468][root][INFO] - poses:(252, 4, 4)
[2024-09-20 13:20:04,477][root][INFO] - after viewpoint, add_errs min:-1.0
[2024-09-20 13:20:04,539][root][INFO] - ob_in_cams:(252, 4, 4)
[2024-09-20 13:20:04,541][root][INFO] - self.cfg.use_normal:False
[2024-09-20 13:20:04,541][root][INFO] - trans_normalizer:[0.019999999552965164, 0.019999999552965164, 0.05000000074505806], rot_normalizer:0.3490658503988659
[2024-09-20 13:20:04,554][root][INFO] - making cropped data
[2024-09-20 13:20:04,555][root][INFO] - Welcome make_crop_data_batch
[2024-09-20 13:20:04,559][root][INFO] - make tf_to_crops done
[2024-09-20 13:20:04,590][root][INFO] - render done
[2024-09-20 13:20:04,596][root][INFO] - warp done
[2024-09-20 13:20:04,601][root][INFO] - pose batch data done
[2024-09-20 13:20:04,602][root][INFO] - forward start
[2024-09-20 13:20:04,729][root][INFO] - forward done
[2024-09-20 13:20:04,740][root][INFO] - making cropped data
[2024-09-20 13:20:04,740][root][INFO] - Welcome make_crop_data_batch
[2024-09-20 13:20:04,741][root][INFO] - make tf_to_crops done
[2024-09-20 13:20:04,759][root][INFO] - render done
[2024-09-20 13:20:04,763][root][INFO] - warp done
[2024-09-20 13:20:04,765][root][INFO] - pose batch data done
[2024-09-20 13:20:04,765][root][INFO] - forward start
[2024-09-20 13:20:04,767][root][INFO] - forward done
[2024-09-20 13:20:04,767][root][INFO] - making cropped data
[2024-09-20 13:20:04,767][root][INFO] - Welcome make_crop_data_batch
[2024-09-20 13:20:04,876][root][INFO] - make tf_to_crops done
[2024-09-20 13:20:04,894][root][INFO] - render done
[2024-09-20 13:20:04,897][root][INFO] - warp done
[2024-09-20 13:20:04,900][root][INFO] - pose batch data done
[2024-09-20 13:20:04,900][root][INFO] - forward start
[2024-09-20 13:20:04,902][root][INFO] - forward done
[2024-09-20 13:20:04,902][root][INFO] - making cropped data
[2024-09-20 13:20:04,902][root][INFO] - Welcome make_crop_data_batch
[2024-09-20 13:20:05,010][root][INFO] - make tf_to_crops done
[2024-09-20 13:20:05,029][root][INFO] - render done
[2024-09-20 13:20:05,032][root][INFO] - warp done
[2024-09-20 13:20:05,035][root][INFO] - pose batch data done
[2024-09-20 13:20:05,035][root][INFO] - forward start
[2024-09-20 13:20:05,037][root][INFO] - forward done
[2024-09-20 13:20:05,037][root][INFO] - making cropped data
[2024-09-20 13:20:05,037][root][INFO] - Welcome make_crop_data_batch
[2024-09-20 13:20:05,145][root][INFO] - make tf_to_crops done
[2024-09-20 13:20:05,164][root][INFO] - render done
[2024-09-20 13:20:05,169][root][INFO] - warp done
[2024-09-20 13:20:05,172][root][INFO] - pose batch data done
[2024-09-20 13:20:05,172][root][INFO] - forward start
[2024-09-20 13:20:05,173][root][INFO] - forward done
[2024-09-20 13:20:05,296][root][INFO] - ob_in_cams:(252, 4, 4)
[2024-09-20 13:20:05,296][root][INFO] - self.cfg.use_normal:False
[2024-09-20 13:20:05,314][root][INFO] - making cropped data
[2024-09-20 13:20:05,324][root][INFO] - Welcome make_crop_data_batch
[2024-09-20 13:20:05,325][root][INFO] - make tf_to_crops done
[2024-09-20 13:20:05,340][root][INFO] - render done
[2024-09-20 13:20:05,479][root][INFO] - pose batch data done
[2024-09-20 13:20:05,479][root][INFO] - pose_data.rgbAs.shape[0]: 252
[2024-09-20 13:20:05,583][root][INFO] - forward done
[2024-09-20 13:20:05,601][root][INFO] - final, add_errs min:-1.0
[2024-09-20 13:20:05,611][root][INFO] - sort ids:tensor([  1,   2,   7,   8,  32,  43,  73,  74,  98, 103, 104, 127, 128, 133,
        134, 145, 146, 164, 169, 170, 187, 163, 188, 131, 227,   5,  11,  47,
         77, 101, 130, 137, 203, 220, 106, 202, 245,  10,  50,  33, 100,  72,
         75, 105,   0, 226,   4,   6,  34,  99, 126, 132, 171, 189, 198, 221,
        243, 244,  42,  76, 216,  22,  94, 178, 185,   3,  59,  96, 135,  82,
        196,   9,  41,  58, 125,  23,  83,  95, 154, 155, 160, 161, 179,  53,
         55, 129, 197, 205,  13,  14,  26,  52,  67,  68,  80,  85,  86, 116,
        121, 212,  37,  62,  79, 115, 206, 229, 235, 248,  38,  92, 122, 230,
         88,  16,  19,  61,  17,  20,  91, 118, 124,  29,  89, 119, 138,  28,
         64, 108, 204,  36, 120, 156, 211, 237,  18,  21,  44,  70,  78, 114,
        141, 177, 209, 233,  81, 208, 215, 232, 239, 107, 139, 184, 210,  15,
        111, 150, 109, 117, 191, 238,  12,  27,  40,  87,  93, 158, 173, 236,
         25, 123, 149, 151, 157, 110, 152, 175, 176, 200, 228,  49,  84,  90,
        214,  65, 231,  24, 136, 234, 174, 247, 148,  39, 181, 194, 193,  71,
        180, 182, 217, 223, 250, 251, 153, 172, 224, 142, 199, 159, 241,  35,
         56,  31,  97, 242, 112, 186, 143, 218, 219, 102,  30,  45,  46, 166,
        167, 190, 192, 249, 207,  69, 165,  48, 183, 240, 213,  63, 162,  57,
        144, 147, 168, 201, 246,  54,  60, 195, 225,  66, 113,  51, 222, 140])
[2024-09-20 13:20:05,614][root][INFO] - sorted scores:tensor([73.1094, 73.1094, 73.1094, 73.1094, 73.1094, 73.1094, 73.1094, 73.1094,
        73.1094, 73.1094, 73.1094, 73.1094, 73.1094, 73.1094, 73.1094, 73.1094,
        73.1094, 73.1094, 73.1094, 73.1094, 73.1094, 73.0938, 73.0312, 72.8281,
        72.8281, 72.8125, 72.8125, 72.8125, 72.8125, 72.8125, 72.8125, 72.8125,
        72.8125, 72.8125, 72.7969, 72.7969, 72.7500, 72.7188, 72.7031, 72.6406,
        72.6406, 72.6250, 72.6250, 72.6250, 72.6094, 72.6094, 72.5938, 72.5938,
        72.5938, 72.5938, 72.5938, 72.5938, 72.5938, 72.5938, 72.5938, 72.5938,
        72.5938, 72.5938, 72.5781, 72.5781, 72.5781, 72.5156, 72.5156, 72.5156,
        72.5156, 72.5000, 72.5000, 72.5000, 72.5000, 72.4844, 72.4844, 72.4688,
        72.4688, 72.4688, 72.4688, 72.4531, 72.4531, 72.4531, 72.4531, 72.4531,
        72.4531, 72.4531, 72.4531, 72.4375, 72.4375, 72.4375, 72.4375, 72.4219,
        72.4062, 72.4062, 72.4062, 72.4062, 72.4062, 72.4062, 72.4062, 72.4062,
        72.4062, 72.4062, 72.4062, 72.4062, 72.3906, 72.3906, 72.3906, 72.3906,
        72.3906, 72.3906, 72.3906, 72.3906, 72.3750, 72.3750, 72.3750, 72.3750,
        72.3594, 72.3438, 72.3438, 72.3438, 72.3281, 72.3281, 72.3281, 72.3281,
        72.3281, 72.3125, 72.3125, 72.3125, 72.3125, 72.2656, 72.2656, 72.2656,
        72.2656, 72.2500, 72.2500, 72.2500, 72.2500, 72.2500, 72.2344, 72.2344,
        72.2344, 72.2344, 72.2344, 72.2344, 72.2344, 72.2344, 72.2344, 72.2344,
        72.2188, 72.2188, 72.2188, 72.2188, 72.2188, 72.2031, 72.2031, 72.2031,
        72.2031, 72.1875, 72.1875, 72.1875, 72.1719, 72.1719, 72.1719, 72.1719,
        72.1562, 72.1562, 72.1562, 72.1562, 72.1562, 72.1406, 72.1406, 72.1406,
        72.1250, 72.1250, 72.1250, 72.1250, 72.1250, 72.1094, 72.1094, 72.1094,
        72.1094, 72.1094, 72.0938, 72.0781, 72.0781, 72.0625, 72.0625, 72.0469,
        72.0469, 72.0312, 72.0312, 72.0312, 72.0156, 72.0156, 71.9844, 71.9688,
        71.9688, 71.9531, 71.9375, 71.9219, 71.9062, 71.8906, 71.8906, 71.8906,
        71.8750, 71.8750, 71.8594, 71.8594, 71.8594, 71.8438, 71.8438, 71.8281,
        71.8281, 71.8125, 71.8125, 71.7969, 71.7969, 71.7969, 71.7812, 71.7500,
        71.7344, 71.6719, 71.6719, 71.6562, 71.6406, 71.6406, 71.6406, 71.6406,
        71.6406, 71.6406, 71.6250, 71.6250, 71.6094, 71.5938, 71.5938, 71.5781,
        71.5781, 71.5781, 71.5625, 71.5469, 71.5469, 71.5312, 71.5312, 71.5312,
        71.5312, 71.5312, 71.5312, 71.5156, 71.5156, 71.5156, 71.5156, 71.5000,
        71.5000, 71.4844, 71.4844, 71.4375])
[2024-09-20 13:20:17,442][websockets.server][INFO] - server listening on 0.0.0.0:8080
[2024-09-20 13:20:18,432][websockets.server][INFO] - connection open
[2024-09-20 13:20:23,312][root][INFO] - Succeeded to open port: /dev/ttyUSB0
[2024-09-20 13:20:23,313][root][INFO] - Succeeded to set baudrate to 3000000
[2024-09-20 13:20:35,564][websockets.server][INFO] - connection open
