[2024-10-24 19:53:32,508][websockets.server][INFO] - server listening on 0.0.0.0:8080
[2024-10-24 19:53:32,758][root][INFO] - self.cfg: 
 lr: 0.0001
c_in: 6
zfar: 'Infinity'
debug: null
n_view: 1
run_id: 3wy8qqex
use_BN: true
exp_name: 2024-01-11-20-02-45
n_epochs: 62
save_dir: /home/bowenw/debug/2024-01-11-20-02-45/
use_mask: false
loss_type: pairwise_valid
optimizer: adam
batch_size: 64
crop_ratio: 1.1
enable_amp: true
use_normal: false
max_num_key: null
warmup_step: -1
input_resize:
- 160
- 160
max_step_val: 1000
vis_interval: 1000
weight_decay: 0
normalize_xyz: true
resume_run_id: null
clip_grad_norm: 'Infinity'
lr_epoch_decay: 500
render_backend: nvdiffrast
train_num_pair: 5
lr_decay_epochs:
- 50
n_epochs_warmup: 1
make_pair_online: false
gradient_max_norm: 'Infinity'
max_step_per_epoch: 10000
n_rendering_workers: 1
save_epoch_interval: 100
n_dataloader_workers: 100
split_objects_across_gpus: true
ckpt_dir: /home/shaol/gjx/rw/third_party/FoundationPose/learning/training/../../weights/2024-01-11-20-02-45/model_best.pth

[2024-10-24 19:53:32,758][root][INFO] - self.h5_file:None
[2024-10-24 19:53:32,906][root][INFO] - Using pretrained model from /home/shaol/gjx/rw/third_party/FoundationPose/learning/training/../../weights/2024-01-11-20-02-45/model_best.pth
[2024-10-24 19:53:32,969][root][INFO] - init done
[2024-10-24 19:53:32,969][root][INFO] - welcome
[2024-10-24 19:53:32,972][root][INFO] - self.cfg: 
 lr: 0.0001
c_in: 6
zfar: .inf
debug: null
w_rot: 0.1
n_view: 1
run_id: null
use_BN: true
rot_rep: axis_angle
ckpt_dir: /home/shaol/gjx/rw/third_party/FoundationPose/learning/training/../../weights/2023-10-28-18-33-37/model_best.pth
exp_name: 2023-10-28-18-33-37
save_dir: /tmp/2023-10-28-18-33-37/
loss_type: l2
optimizer: adam
trans_rep: tracknet
batch_size: 64
crop_ratio: 1.2
use_normal: false
BN_momentum: 0.1
max_num_key: null
warmup_step: -1
input_resize:
- 160
- 160
max_step_val: 1000
normal_uint8: false
vis_interval: 1000
weight_decay: 0
n_max_objects: null
normalize_xyz: true
clip_grad_norm: 'Infinity'
rot_normalizer: 0.3490658503988659
trans_normalizer:
- 0.019999999552965164
- 0.019999999552965164
- 0.05000000074505806
max_step_per_epoch: 25000
val_epoch_interval: 10
n_dataloader_workers: 60
enable_amp: true
use_mask: false

[2024-10-24 19:53:32,972][root][INFO] - self.h5_file:
[2024-10-24 19:53:33,020][root][INFO] - Using pretrained model from /home/shaol/gjx/rw/third_party/FoundationPose/learning/training/../../weights/2023-10-28-18-33-37/model_best.pth
[2024-10-24 19:53:33,042][root][INFO] - init done
[2024-10-24 19:53:34,336][websockets.server][INFO] - connection open
[2024-10-24 19:53:35,216][root][INFO] - self.diameter:0.11847753403326647, vox_size:0.005923876701663324
[2024-10-24 19:53:35,230][root][INFO] - self.pts:torch.Size([933, 3])
[2024-10-24 19:53:36,072][root][INFO] - reset done
[2024-10-24 19:53:36,073][root][INFO] - cam_in_obs:(42, 4, 4)
[2024-10-24 19:53:36,085][root][INFO] - rot_grid:(252, 4, 4)
[2024-10-24 19:53:36,086][root][INFO] - after cluster, rot_grid:(252, 4, 4)
[2024-10-24 19:53:36,086][root][INFO] - self.rot_grid: torch.Size([252, 4, 4])
[2024-10-24 19:53:47,725][root][INFO] - Welcome
[2024-10-24 19:53:47,739][root][INFO] - poses:(252, 4, 4)
[2024-10-24 19:53:47,749][root][INFO] - after viewpoint, add_errs min:-1.0
[2024-10-24 19:53:47,781][root][INFO] - ob_in_cams:(252, 4, 4)
[2024-10-24 19:53:47,781][root][INFO] - self.cfg.use_normal:False
[2024-10-24 19:53:47,781][root][INFO] - trans_normalizer:[0.019999999552965164, 0.019999999552965164, 0.05000000074505806], rot_normalizer:0.3490658503988659
[2024-10-24 19:53:47,826][root][INFO] - making cropped data
[2024-10-24 19:53:47,826][root][INFO] - Welcome make_crop_data_batch
[2024-10-24 19:53:47,830][root][INFO] - make tf_to_crops done
[2024-10-24 19:53:47,859][root][INFO] - render done
[2024-10-24 19:53:47,865][root][INFO] - warp done
[2024-10-24 19:53:47,870][root][INFO] - pose batch data done
[2024-10-24 19:53:47,870][root][INFO] - forward start
[2024-10-24 19:53:47,998][root][INFO] - forward done
[2024-10-24 19:53:48,009][root][INFO] - making cropped data
[2024-10-24 19:53:48,009][root][INFO] - Welcome make_crop_data_batch
[2024-10-24 19:53:48,010][root][INFO] - make tf_to_crops done
[2024-10-24 19:53:48,033][root][INFO] - render done
[2024-10-24 19:53:48,037][root][INFO] - warp done
[2024-10-24 19:53:48,040][root][INFO] - pose batch data done
[2024-10-24 19:53:48,040][root][INFO] - forward start
[2024-10-24 19:53:48,041][root][INFO] - forward done
[2024-10-24 19:53:48,042][root][INFO] - making cropped data
[2024-10-24 19:53:48,042][root][INFO] - Welcome make_crop_data_batch
[2024-10-24 19:53:48,147][root][INFO] - make tf_to_crops done
[2024-10-24 19:53:48,169][root][INFO] - render done
[2024-10-24 19:53:48,174][root][INFO] - warp done
[2024-10-24 19:53:48,176][root][INFO] - pose batch data done
[2024-10-24 19:53:48,176][root][INFO] - forward start
[2024-10-24 19:53:48,178][root][INFO] - forward done
[2024-10-24 19:53:48,178][root][INFO] - making cropped data
[2024-10-24 19:53:48,178][root][INFO] - Welcome make_crop_data_batch
[2024-10-24 19:53:48,281][root][INFO] - make tf_to_crops done
[2024-10-24 19:53:48,303][root][INFO] - render done
[2024-10-24 19:53:48,308][root][INFO] - warp done
[2024-10-24 19:53:48,311][root][INFO] - pose batch data done
[2024-10-24 19:53:48,311][root][INFO] - forward start
[2024-10-24 19:53:48,312][root][INFO] - forward done
[2024-10-24 19:53:48,313][root][INFO] - making cropped data
[2024-10-24 19:53:48,313][root][INFO] - Welcome make_crop_data_batch
[2024-10-24 19:53:48,415][root][INFO] - make tf_to_crops done
[2024-10-24 19:53:48,437][root][INFO] - render done
[2024-10-24 19:53:48,441][root][INFO] - warp done
[2024-10-24 19:53:48,444][root][INFO] - pose batch data done
[2024-10-24 19:53:48,444][root][INFO] - forward start
[2024-10-24 19:53:48,446][root][INFO] - forward done
[2024-10-24 19:53:48,563][root][INFO] - ob_in_cams:(252, 4, 4)
[2024-10-24 19:53:48,563][root][INFO] - self.cfg.use_normal:False
[2024-10-24 19:53:48,563][root][INFO] - making cropped data
[2024-10-24 19:53:48,571][root][INFO] - Welcome make_crop_data_batch
[2024-10-24 19:53:48,572][root][INFO] - make tf_to_crops done
[2024-10-24 19:53:48,591][root][INFO] - render done
[2024-10-24 19:53:48,723][root][INFO] - pose batch data done
[2024-10-24 19:53:48,723][root][INFO] - pose_data.rgbAs.shape[0]: 252
[2024-10-24 19:53:48,823][root][INFO] - forward done
[2024-10-24 19:53:48,841][root][INFO] - final, add_errs min:-1.0
[2024-10-24 19:53:48,850][root][INFO] - sort ids:tensor([156, 121,  37, 157, 167, 162,  47, 143, 142, 212,  38, 220, 219, 116,
        213, 232, 243,  46, 237, 201, 231, 250,   3,  63, 207,  55,  88, 144,
        169,   6,  69,  70, 192, 202, 225, 151,  64, 168, 185, 249,  54, 193,
        174,  34, 150, 139,  29, 109,  32,  43, 103, 242, 187,  41,  52, 153,
        238, 154, 180,  28,  40, 110, 171,  31,  49, 217, 127, 147,  48, 119,
        235, 112, 186, 215, 222,  26, 210, 240,  67,  85, 228, 140,  35,  92,
        229, 245, 113, 234,  44,  66, 164, 195, 247,  25,  51, 189, 190,  12,
        182, 246,  15, 198, 177, 199, 106, 172,  57,  95, 159, 160,  60, 130,
        183, 216, 124, 137, 165,  21,  58,  61, 196, 204, 152,  45, 203, 179,
        146, 170, 223, 155, 230, 208, 214,  30, 178,  27, 175, 145, 226, 224,
         33, 227, 205, 206, 194, 244,  93,  50,  42, 221, 148, 248, 163, 161,
        218, 236, 173, 108,  39,  56, 191, 188,  65, 197, 239,  24, 200, 211,
        251, 158, 241, 184,  68, 111, 233,  22, 138,  23,  94,  71,  36, 166,
        141,  62,  59,  53, 181,  13,  86, 125,  79,  77,  82, 104,  76,  75,
         81,  72, 131,  74, 126, 133, 176, 115, 132,   5,   8, 149,  87, 209,
        120,  80, 100, 105,  83,   4,  78,  14, 129,  97,   7, 114,  84, 123,
        135,  99,  73,  18,  10,  98, 107,   9,  16, 101,  17, 134,  90,   0,
        117, 122,  96,  20,  19, 118,  89,  91,   2,   1, 128, 136, 102,  11])
[2024-10-24 19:53:48,853][root][INFO] - sorted scores:tensor([94.8594, 94.8516, 94.8398, 94.8242, 94.8008, 94.7734, 94.7539, 94.7266,
        94.4023, 94.4023, 94.3789, 94.3789, 94.3750, 94.3672, 94.3359, 94.3320,
        94.3203, 94.3125, 94.3125, 94.3008, 94.2969, 94.2969, 94.2891, 94.2891,
        94.2891, 94.2852, 94.2852, 94.2773, 94.2773, 94.2734, 94.2734, 94.2656,
        94.2578, 94.2539, 94.2539, 94.2500, 94.2344, 94.2227, 94.2188, 94.2188,
        94.2109, 94.2070, 94.2031, 94.1992, 94.1953, 94.1914, 94.1875, 94.1875,
        94.1797, 94.1797, 94.1797, 94.1758, 94.1719, 94.1680, 94.1680, 94.1680,
        94.1680, 94.1641, 94.1562, 94.1523, 94.1523, 94.1523, 94.1523, 94.1484,
        94.1484, 94.1484, 94.1445, 94.1445, 94.1406, 94.1406, 94.1406, 94.1367,
        94.1367, 94.1367, 94.1367, 94.1328, 94.1328, 94.1328, 94.1289, 94.1289,
        94.1289, 94.1250, 94.1211, 94.1211, 94.1211, 94.1172, 94.1094, 94.1094,
        94.1055, 94.1016, 94.1016, 94.0977, 94.0977, 94.0938, 94.0938, 94.0938,
        94.0938, 94.0898, 94.0898, 94.0859, 94.0781, 94.0781, 94.0742, 94.0664,
        94.0625, 94.0625, 94.0586, 94.0586, 94.0586, 94.0586, 94.0547, 94.0547,
        94.0508, 94.0469, 94.0430, 94.0430, 94.0430, 94.0391, 94.0352, 94.0273,
        94.0234, 94.0195, 93.9922, 93.9219, 93.9141, 93.8984, 93.8945, 93.8945,
        93.8789, 93.8672, 93.8555, 93.8516, 93.8516, 93.8477, 93.8477, 93.8438,
        93.7812, 93.7773, 93.7773, 93.7734, 93.7578, 93.7500, 93.7422, 93.7383,
        93.7305, 93.7305, 93.7266, 93.7188, 93.7109, 93.6953, 93.6875, 93.6836,
        93.6719, 93.6680, 93.6680, 93.6680, 93.6406, 93.6289, 93.6250, 93.6211,
        93.6172, 93.6055, 93.5977, 93.5938, 93.5820, 93.5742, 93.5742, 93.5742,
        93.5742, 93.5703, 93.5625, 93.5469, 93.5391, 93.5391, 93.5391, 93.5312,
        93.5234, 93.5156, 93.5117, 93.5039, 93.4922, 93.4922, 93.4883, 93.4844,
        93.4727, 93.4688, 93.4531, 93.4453, 93.4375, 93.4375, 93.4180, 93.3867,
        93.3711, 93.3594, 93.3398, 93.3281, 93.3242, 93.3086, 93.3047, 93.2930,
        93.2930, 93.2812, 93.2734, 93.2656, 93.2578, 93.2461, 93.2305, 93.2188,
        93.2109, 93.2031, 93.1992, 93.1914, 93.1680, 93.1680, 93.1172, 93.1133,
        93.1094, 93.1016, 93.1016, 93.0938, 93.0898, 93.0820, 93.0742, 93.0703,
        93.0547, 93.0508, 93.0352, 92.9922, 92.9766, 92.9766, 92.9531, 92.9492,
        92.9219, 92.9219, 92.9141, 92.9141, 92.9062, 92.8984, 92.8984, 92.8984,
        92.8945, 92.8906, 92.8789, 92.8789, 92.8750, 92.8711, 92.8672, 92.8633,
        92.8594, 92.8477, 92.8438, 92.8359])
