[2024-09-20 14:43:28,610][root][INFO] - self.cfg: 
 lr: 0.0001
c_in: 6
zfar: 'Infinity'
debug: null
n_view: 1
run_id: 3wy8qqex
use_BN: true
exp_name: 2024-01-11-20-02-45
n_epochs: 62
save_dir: /home/bowenw/debug/2024-01-11-20-02-45/
use_mask: false
loss_type: pairwise_valid
optimizer: adam
batch_size: 64
crop_ratio: 1.1
enable_amp: true
use_normal: false
max_num_key: null
warmup_step: -1
input_resize:
- 160
- 160
max_step_val: 1000
vis_interval: 1000
weight_decay: 0
normalize_xyz: true
resume_run_id: null
clip_grad_norm: 'Infinity'
lr_epoch_decay: 500
render_backend: nvdiffrast
train_num_pair: 5
lr_decay_epochs:
- 50
n_epochs_warmup: 1
make_pair_online: false
gradient_max_norm: 'Infinity'
max_step_per_epoch: 10000
n_rendering_workers: 1
save_epoch_interval: 100
n_dataloader_workers: 100
split_objects_across_gpus: true
ckpt_dir: FoundationPose/learning/training/../../weights/2024-01-11-20-02-45/model_best.pth

[2024-09-20 14:43:28,610][root][INFO] - self.h5_file:None
[2024-09-20 14:43:28,803][root][INFO] - Using pretrained model from FoundationPose/learning/training/../../weights/2024-01-11-20-02-45/model_best.pth
[2024-09-20 14:43:28,863][root][INFO] - init done
[2024-09-20 14:43:28,863][root][INFO] - welcome
[2024-09-20 14:43:28,867][root][INFO] - self.cfg: 
 lr: 0.0001
c_in: 6
zfar: .inf
debug: null
w_rot: 0.1
n_view: 1
run_id: null
use_BN: true
rot_rep: axis_angle
ckpt_dir: FoundationPose/learning/training/../../weights/2023-10-28-18-33-37/model_best.pth
exp_name: 2023-10-28-18-33-37
save_dir: /tmp/2023-10-28-18-33-37/
loss_type: l2
optimizer: adam
trans_rep: tracknet
batch_size: 64
crop_ratio: 1.2
use_normal: false
BN_momentum: 0.1
max_num_key: null
warmup_step: -1
input_resize:
- 160
- 160
max_step_val: 1000
normal_uint8: false
vis_interval: 1000
weight_decay: 0
n_max_objects: null
normalize_xyz: true
clip_grad_norm: 'Infinity'
rot_normalizer: 0.3490658503988659
trans_normalizer:
- 0.019999999552965164
- 0.019999999552965164
- 0.05000000074505806
max_step_per_epoch: 25000
val_epoch_interval: 10
n_dataloader_workers: 60
enable_amp: true
use_mask: false

[2024-09-20 14:43:28,867][root][INFO] - self.h5_file:
[2024-09-20 14:43:28,913][root][INFO] - Using pretrained model from FoundationPose/learning/training/../../weights/2023-10-28-18-33-37/model_best.pth
[2024-09-20 14:43:28,939][root][INFO] - init done
[2024-09-20 14:43:31,145][root][INFO] - self.diameter:0.19210766823619535, vox_size:0.009605383411809767
[2024-09-20 14:43:31,161][root][INFO] - self.pts:torch.Size([572, 3])
[2024-09-20 14:43:31,948][root][INFO] - reset done
[2024-09-20 14:43:31,949][root][INFO] - cam_in_obs:(42, 4, 4)
[2024-09-20 14:43:31,951][root][INFO] - rot_grid:(252, 4, 4)
[2024-09-20 14:43:31,952][root][INFO] - after cluster, rot_grid:(252, 4, 4)
[2024-09-20 14:43:31,952][root][INFO] - self.rot_grid: torch.Size([252, 4, 4])
[2024-09-20 14:43:42,948][root][INFO] - Welcome
[2024-09-20 14:43:42,970][root][INFO] - poses:(252, 4, 4)
[2024-09-20 14:43:42,980][root][INFO] - after viewpoint, add_errs min:-1.0
[2024-09-20 14:43:43,018][root][INFO] - ob_in_cams:(252, 4, 4)
[2024-09-20 14:43:43,019][root][INFO] - self.cfg.use_normal:False
[2024-09-20 14:43:43,019][root][INFO] - trans_normalizer:[0.019999999552965164, 0.019999999552965164, 0.05000000074505806], rot_normalizer:0.3490658503988659
[2024-09-20 14:43:43,058][root][INFO] - making cropped data
[2024-09-20 14:43:43,058][root][INFO] - Welcome make_crop_data_batch
[2024-09-20 14:43:43,061][root][INFO] - make tf_to_crops done
[2024-09-20 14:43:43,094][root][INFO] - render done
[2024-09-20 14:43:43,100][root][INFO] - warp done
[2024-09-20 14:43:43,106][root][INFO] - pose batch data done
[2024-09-20 14:43:43,106][root][INFO] - forward start
[2024-09-20 14:43:43,230][root][INFO] - forward done
[2024-09-20 14:43:43,242][root][INFO] - making cropped data
[2024-09-20 14:43:43,242][root][INFO] - Welcome make_crop_data_batch
[2024-09-20 14:43:43,243][root][INFO] - make tf_to_crops done
[2024-09-20 14:43:43,267][root][INFO] - render done
[2024-09-20 14:43:43,271][root][INFO] - warp done
[2024-09-20 14:43:43,274][root][INFO] - pose batch data done
[2024-09-20 14:43:43,274][root][INFO] - forward start
[2024-09-20 14:43:43,276][root][INFO] - forward done
[2024-09-20 14:43:43,276][root][INFO] - making cropped data
[2024-09-20 14:43:43,276][root][INFO] - Welcome make_crop_data_batch
[2024-09-20 14:43:43,386][root][INFO] - make tf_to_crops done
[2024-09-20 14:43:43,411][root][INFO] - render done
[2024-09-20 14:43:43,414][root][INFO] - warp done
[2024-09-20 14:43:43,417][root][INFO] - pose batch data done
[2024-09-20 14:43:43,417][root][INFO] - forward start
[2024-09-20 14:43:43,418][root][INFO] - forward done
[2024-09-20 14:43:43,418][root][INFO] - making cropped data
[2024-09-20 14:43:43,419][root][INFO] - Welcome make_crop_data_batch
[2024-09-20 14:43:43,528][root][INFO] - make tf_to_crops done
[2024-09-20 14:43:43,551][root][INFO] - render done
[2024-09-20 14:43:43,557][root][INFO] - warp done
[2024-09-20 14:43:43,560][root][INFO] - pose batch data done
[2024-09-20 14:43:43,560][root][INFO] - forward start
[2024-09-20 14:43:43,561][root][INFO] - forward done
[2024-09-20 14:43:43,561][root][INFO] - making cropped data
[2024-09-20 14:43:43,561][root][INFO] - Welcome make_crop_data_batch
[2024-09-20 14:43:43,671][root][INFO] - make tf_to_crops done
[2024-09-20 14:43:43,695][root][INFO] - render done
[2024-09-20 14:43:43,698][root][INFO] - warp done
[2024-09-20 14:43:43,701][root][INFO] - pose batch data done
[2024-09-20 14:43:43,701][root][INFO] - forward start
[2024-09-20 14:43:43,702][root][INFO] - forward done
[2024-09-20 14:43:43,828][root][INFO] - ob_in_cams:(252, 4, 4)
[2024-09-20 14:43:43,828][root][INFO] - self.cfg.use_normal:False
[2024-09-20 14:43:43,828][root][INFO] - making cropped data
[2024-09-20 14:43:43,838][root][INFO] - Welcome make_crop_data_batch
[2024-09-20 14:43:43,839][root][INFO] - make tf_to_crops done
[2024-09-20 14:43:43,860][root][INFO] - render done
[2024-09-20 14:43:44,000][root][INFO] - pose batch data done
[2024-09-20 14:43:44,000][root][INFO] - pose_data.rgbAs.shape[0]: 252
[2024-09-20 14:43:44,106][root][INFO] - forward done
[2024-09-20 14:43:44,124][root][INFO] - final, add_errs min:-1.0
[2024-09-20 14:43:44,133][root][INFO] - sort ids:tensor([174,  48,  54, 150, 168, 169, 192,   6,  19,  49, 121, 143, 145, 151,
        157, 162, 175, 193,  55, 144, 156,  10,  44,  57,  61, 106, 147, 171,
        172, 177, 178, 183, 189, 190, 195, 196, 216, 246,   0,   1,   9,  35,
         58,  60,  96, 107, 140, 148, 198, 199, 205, 222, 223,   3, 127, 128,
        202, 204, 210, 217, 247,  16,  63,  64,  69,  70,  88, 201, 207, 208,
        225, 231, 232, 238, 243, 249, 250, 113, 226,  38, 213, 237, 229,  67,
        180,  52, 153, 240, 135, 154, 165, 228,  51, 103,  66,  89, 122,  99,
        130, 163, 184, 244,  26,  98, 119, 139, 211,  32,  41,  47, 110, 112,
        132, 134, 182, 187, 215,  12, 101, 142, 235, 242,  92,  95, 114, 137,
        167, 116, 159,  21, 109, 124, 234,  29,  86,  25,  85, 245, 160,  46,
         22,  31,  33, 125,  13,  40,  77, 117, 164, 212,   7,  74, 218,  27,
         28,  34,  36,  37,  42,  72,  73,  78,  81,  87,  91,  94, 102, 115,
        120, 126, 133, 149, 186, 220,  43,  75,  76,  79,  82,  83,  84,  93,
        100, 105, 123,   4,  15,  18,  97, 118, 129, 136, 219, 176, 209, 104,
        224,  80, 131, 214,  90,  45, 138, 158, 191, 141, 108, 221, 236,  53,
         65, 161, 185, 188,  56, 166, 241,  30,  50, 111, 239, 230,  24,  62,
         68, 155, 181,  71,  39, 170,  11, 203, 179, 194, 251,  17,  59, 206,
        233,   8,  14, 197,   5,  23, 146, 152, 227, 248, 200, 173,  20,   2])
[2024-09-20 14:43:44,137][root][INFO] - sorted scores:tensor([60.4062, 60.3750, 60.3750, 60.3750, 60.3750, 60.3750, 60.3750, 60.3438,
        60.3438, 60.3438, 60.3438, 60.3438, 60.3438, 60.3438, 60.3438, 60.3438,
        60.3438, 60.3438, 60.3125, 60.3125, 60.2812, 60.0938, 60.0938, 60.0938,
        60.0938, 60.0938, 60.0938, 60.0938, 60.0938, 60.0938, 60.0938, 60.0938,
        60.0938, 60.0938, 60.0938, 60.0938, 60.0938, 60.0938, 60.0625, 60.0625,
        60.0625, 60.0625, 60.0625, 60.0625, 60.0625, 60.0625, 60.0625, 60.0625,
        60.0625, 60.0625, 60.0625, 60.0625, 60.0625, 60.0312, 60.0312, 60.0312,
        60.0312, 60.0312, 60.0312, 60.0312, 60.0312, 60.0000, 60.0000, 60.0000,
        60.0000, 60.0000, 60.0000, 60.0000, 60.0000, 60.0000, 60.0000, 60.0000,
        60.0000, 60.0000, 60.0000, 60.0000, 60.0000, 59.9688, 59.9688, 59.9375,
        59.9375, 59.9375, 59.8438, 59.7812, 59.7812, 59.7500, 59.7500, 59.7500,
        59.7188, 59.7188, 59.7188, 59.7188, 59.6875, 59.6875, 59.6562, 59.5625,
        59.5625, 59.5312, 59.5312, 59.5000, 59.4688, 59.4688, 59.4375, 59.4375,
        59.4375, 59.4375, 59.4375, 59.4062, 59.4062, 59.4062, 59.4062, 59.4062,
        59.4062, 59.4062, 59.4062, 59.4062, 59.4062, 59.3750, 59.3750, 59.3750,
        59.3750, 59.3750, 59.3438, 59.3438, 59.3438, 59.3438, 59.3125, 59.2812,
        59.2812, 59.2500, 59.2500, 59.2500, 59.2500, 59.2188, 59.2188, 59.1875,
        59.1875, 59.1875, 59.1250, 59.0938, 59.0625, 59.0625, 59.0625, 59.0625,
        59.0000, 59.0000, 59.0000, 59.0000, 59.0000, 59.0000, 58.9375, 58.9375,
        58.9375, 58.9062, 58.9062, 58.9062, 58.9062, 58.9062, 58.9062, 58.9062,
        58.9062, 58.9062, 58.9062, 58.9062, 58.9062, 58.9062, 58.9062, 58.9062,
        58.9062, 58.9062, 58.9062, 58.9062, 58.9062, 58.9062, 58.8750, 58.8750,
        58.8750, 58.8750, 58.8750, 58.8750, 58.8750, 58.8750, 58.8750, 58.8750,
        58.8750, 58.8438, 58.8438, 58.8438, 58.8438, 58.8438, 58.8438, 58.8438,
        58.8438, 58.8125, 58.8125, 58.7812, 58.7812, 58.7500, 58.7500, 58.7500,
        58.7188, 58.6562, 58.6250, 58.5625, 58.5625, 58.5312, 58.5000, 58.4688,
        58.4688, 58.4375, 58.4375, 58.4375, 58.4375, 58.4375, 58.4062, 58.4062,
        58.4062, 58.3750, 58.3750, 58.3750, 58.3750, 58.3438, 58.3125, 58.3125,
        58.3125, 58.3125, 58.3125, 58.2812, 58.2500, 58.2500, 58.2188, 58.2188,
        58.1875, 58.1875, 58.1875, 58.1562, 58.1562, 58.1562, 58.1250, 58.0938,
        58.0625, 58.0625, 58.0312, 58.0312, 58.0312, 58.0312, 58.0312, 58.0000,
        57.9062, 57.8750, 57.7812, 57.7500])
[2024-09-20 14:43:48,888][websockets.server][INFO] - server listening on 0.0.0.0:8080
[2024-09-20 14:43:49,210][websockets.server][INFO] - connection open
[2024-09-20 14:44:02,379][websockets.server][INFO] - connection open
[2024-09-20 14:44:03,127][root][INFO] - Succeeded to open port: /dev/ttyUSB0
[2024-09-20 14:44:03,128][root][INFO] - Succeeded to set baudrate to 3000000
