[2024-10-11 13:41:08,196][websockets.server][INFO] - server listening on 0.0.0.0:8080
[2024-10-11 13:41:08,380][root][INFO] - self.cfg: 
 lr: 0.0001
c_in: 6
zfar: 'Infinity'
debug: null
n_view: 1
run_id: 3wy8qqex
use_BN: true
exp_name: 2024-01-11-20-02-45
n_epochs: 62
save_dir: /home/bowenw/debug/2024-01-11-20-02-45/
use_mask: false
loss_type: pairwise_valid
optimizer: adam
batch_size: 64
crop_ratio: 1.1
enable_amp: true
use_normal: false
max_num_key: null
warmup_step: -1
input_resize:
- 160
- 160
max_step_val: 1000
vis_interval: 1000
weight_decay: 0
normalize_xyz: true
resume_run_id: null
clip_grad_norm: 'Infinity'
lr_epoch_decay: 500
render_backend: nvdiffrast
train_num_pair: 5
lr_decay_epochs:
- 50
n_epochs_warmup: 1
make_pair_online: false
gradient_max_norm: 'Infinity'
max_step_per_epoch: 10000
n_rendering_workers: 1
save_epoch_interval: 100
n_dataloader_workers: 100
split_objects_across_gpus: true
ckpt_dir: FoundationPose/learning/training/../../weights/2024-01-11-20-02-45/model_best.pth

[2024-10-11 13:41:08,380][root][INFO] - self.h5_file:None
[2024-10-11 13:41:08,809][root][INFO] - Using pretrained model from FoundationPose/learning/training/../../weights/2024-01-11-20-02-45/model_best.pth
[2024-10-11 13:41:08,872][root][INFO] - init done
[2024-10-11 13:41:08,873][root][INFO] - welcome
[2024-10-11 13:41:08,885][root][INFO] - self.cfg: 
 lr: 0.0001
c_in: 6
zfar: .inf
debug: null
w_rot: 0.1
n_view: 1
run_id: null
use_BN: true
rot_rep: axis_angle
ckpt_dir: FoundationPose/learning/training/../../weights/2023-10-28-18-33-37/model_best.pth
exp_name: 2023-10-28-18-33-37
save_dir: /tmp/2023-10-28-18-33-37/
loss_type: l2
optimizer: adam
trans_rep: tracknet
batch_size: 64
crop_ratio: 1.2
use_normal: false
BN_momentum: 0.1
max_num_key: null
warmup_step: -1
input_resize:
- 160
- 160
max_step_val: 1000
normal_uint8: false
vis_interval: 1000
weight_decay: 0
n_max_objects: null
normalize_xyz: true
clip_grad_norm: 'Infinity'
rot_normalizer: 0.3490658503988659
trans_normalizer:
- 0.019999999552965164
- 0.019999999552965164
- 0.05000000074505806
max_step_per_epoch: 25000
val_epoch_interval: 10
n_dataloader_workers: 60
enable_amp: true
use_mask: false

[2024-10-11 13:41:08,885][root][INFO] - self.h5_file:
[2024-10-11 13:41:08,935][root][INFO] - Using pretrained model from FoundationPose/learning/training/../../weights/2023-10-28-18-33-37/model_best.pth
[2024-10-11 13:41:08,956][root][INFO] - init done
[2024-10-11 13:41:09,077][websockets.server][INFO] - connection open
[2024-10-11 13:41:10,707][root][INFO] - self.diameter:0.08397155096556706, vox_size:0.0041985775482783535
[2024-10-11 13:41:10,708][root][INFO] - self.pts:torch.Size([1273, 3])
[2024-10-11 13:41:11,513][root][INFO] - reset done
[2024-10-11 13:41:11,514][root][INFO] - cam_in_obs:(42, 4, 4)
[2024-10-11 13:41:11,516][root][INFO] - rot_grid:(252, 4, 4)
[2024-10-11 13:41:11,517][root][INFO] - after cluster, rot_grid:(252, 4, 4)
[2024-10-11 13:41:11,517][root][INFO] - self.rot_grid: torch.Size([252, 4, 4])
[2024-10-11 13:41:19,658][root][INFO] - Welcome
[2024-10-11 13:41:19,674][root][INFO] - poses:(252, 4, 4)
[2024-10-11 13:41:19,676][root][INFO] - after viewpoint, add_errs min:-1.0
[2024-10-11 13:41:19,721][root][INFO] - ob_in_cams:(252, 4, 4)
[2024-10-11 13:41:19,728][root][INFO] - self.cfg.use_normal:False
[2024-10-11 13:41:19,728][root][INFO] - trans_normalizer:[0.019999999552965164, 0.019999999552965164, 0.05000000074505806], rot_normalizer:0.3490658503988659
[2024-10-11 13:41:19,760][root][INFO] - making cropped data
[2024-10-11 13:41:19,760][root][INFO] - Welcome make_crop_data_batch
[2024-10-11 13:41:19,761][root][INFO] - make tf_to_crops done
[2024-10-11 13:41:19,808][root][INFO] - render done
[2024-10-11 13:41:19,834][root][INFO] - warp done
[2024-10-11 13:41:19,837][root][INFO] - pose batch data done
[2024-10-11 13:41:19,838][root][INFO] - forward start
[2024-10-11 13:41:19,929][root][INFO] - forward done
[2024-10-11 13:41:19,929][root][INFO] - making cropped data
[2024-10-11 13:41:19,929][root][INFO] - Welcome make_crop_data_batch
[2024-10-11 13:41:19,949][root][INFO] - make tf_to_crops done
[2024-10-11 13:41:19,967][root][INFO] - render done
[2024-10-11 13:41:19,971][root][INFO] - warp done
[2024-10-11 13:41:19,973][root][INFO] - pose batch data done
[2024-10-11 13:41:19,974][root][INFO] - forward start
[2024-10-11 13:41:19,975][root][INFO] - forward done
[2024-10-11 13:41:19,975][root][INFO] - making cropped data
[2024-10-11 13:41:19,975][root][INFO] - Welcome make_crop_data_batch
[2024-10-11 13:41:20,076][root][INFO] - make tf_to_crops done
[2024-10-11 13:41:20,094][root][INFO] - render done
[2024-10-11 13:41:20,097][root][INFO] - warp done
[2024-10-11 13:41:20,100][root][INFO] - pose batch data done
[2024-10-11 13:41:20,100][root][INFO] - forward start
[2024-10-11 13:41:20,102][root][INFO] - forward done
[2024-10-11 13:41:20,102][root][INFO] - making cropped data
[2024-10-11 13:41:20,102][root][INFO] - Welcome make_crop_data_batch
[2024-10-11 13:41:20,202][root][INFO] - make tf_to_crops done
[2024-10-11 13:41:20,219][root][INFO] - render done
[2024-10-11 13:41:20,223][root][INFO] - warp done
[2024-10-11 13:41:20,226][root][INFO] - pose batch data done
[2024-10-11 13:41:20,226][root][INFO] - forward start
[2024-10-11 13:41:20,227][root][INFO] - forward done
[2024-10-11 13:41:20,227][root][INFO] - making cropped data
[2024-10-11 13:41:20,227][root][INFO] - Welcome make_crop_data_batch
[2024-10-11 13:41:20,329][root][INFO] - make tf_to_crops done
[2024-10-11 13:41:20,346][root][INFO] - render done
[2024-10-11 13:41:20,350][root][INFO] - warp done
[2024-10-11 13:41:20,353][root][INFO] - pose batch data done
[2024-10-11 13:41:20,353][root][INFO] - forward start
[2024-10-11 13:41:20,355][root][INFO] - forward done
[2024-10-11 13:41:20,474][root][INFO] - ob_in_cams:(252, 4, 4)
[2024-10-11 13:41:20,474][root][INFO] - self.cfg.use_normal:False
[2024-10-11 13:41:20,474][root][INFO] - making cropped data
[2024-10-11 13:41:20,480][root][INFO] - Welcome make_crop_data_batch
[2024-10-11 13:41:20,481][root][INFO] - make tf_to_crops done
[2024-10-11 13:41:20,496][root][INFO] - render done
[2024-10-11 13:41:20,630][root][INFO] - pose batch data done
[2024-10-11 13:41:20,630][root][INFO] - pose_data.rgbAs.shape[0]: 252
[2024-10-11 13:41:20,632][root][INFO] - forward done
[2024-10-11 13:41:20,742][root][INFO] - final, add_errs min:-1.0
[2024-10-11 13:41:20,744][root][INFO] - sort ids:tensor([130,   4,   5,  76, 101, 202,  77,   1,  47, 127, 128,   7,  80, 239,
          0,  96, 221,  73,  99, 126, 129, 135, 201,   3,  75,  85,  86, 106,
        116, 132, 133,   2,  14,  36,  72, 105, 115,   6,  13,  74, 104,   8,
         98, 131, 233,  79,  84, 226,  18,  28,  71,  78, 100, 120, 136, 224,
         24, 103, 108, 137, 138, 248,  23,  29,  83, 114, 188, 236, 244,  17,
         31,  39,  56,  90,  94, 111, 118, 125, 148, 170, 181, 191, 194,  41,
         61,  81,  82, 161, 166, 199, 247, 251,  30,  65, 158, 171, 203, 208,
        214, 215, 243,   9,  12,  15,  25,  27,  87, 109, 110, 124, 167, 176,
        200, 230,  22,  45,  58,  95,  97, 141,  16,  93,  26,  33,  35,  50,
         67,  68,  89,  91, 102, 147, 168, 189, 209, 227,  20,  34,  37,  54,
         57,  62, 122, 145, 150, 152, 192, 223, 241,  64, 112, 113, 119, 154,
        232, 238, 250,  21,  53,  55, 121, 156, 159, 172, 184, 195, 218, 237,
         52,  59,  70,  92, 107, 142, 175, 197, 205, 206, 216, 225, 234, 235,
        242,  10,  11,  51, 153, 173, 190, 198, 228,  42,  69, 134, 140, 143,
        151, 162, 164, 165, 177, 193, 217, 220, 245,  32,  43,  46,  49,  66,
        157, 178, 180, 186, 187, 196, 210, 222,  19,  40,  48, 149, 204, 213,
        231, 144, 182, 211, 229,  88, 117, 139, 240,  44,  60, 123, 146, 174,
        249,  38, 163, 169, 246,  63, 155, 179, 185, 183, 207, 219, 212, 160])
[2024-10-11 13:41:20,746][root][INFO] - sorted scores:tensor([124.8594, 124.8438, 124.8125, 124.8125, 124.7812, 124.7656, 124.6875,
        124.6406, 124.6250, 124.6250, 124.6250, 124.6094, 124.6094, 124.6094,
        124.5938, 124.5938, 124.5938, 124.5781, 124.5781, 124.5781, 124.5781,
        124.5781, 124.5781, 124.5625, 124.5625, 124.5625, 124.5625, 124.5625,
        124.5625, 124.5625, 124.5625, 124.5469, 124.5469, 124.5469, 124.5469,
        124.5469, 124.5469, 124.5312, 124.5312, 124.5312, 124.5312, 124.5156,
        124.5156, 124.5156, 124.5156, 124.5000, 124.5000, 124.5000, 124.4844,
        124.4688, 124.4688, 124.4688, 124.4688, 124.4688, 124.4688, 124.4688,
        124.4531, 124.4531, 124.4531, 124.4531, 124.4531, 124.4531, 124.4375,
        124.4375, 124.4375, 124.4375, 124.4375, 124.4375, 124.4375, 124.4219,
        124.4219, 124.4219, 124.4219, 124.4219, 124.4219, 124.4219, 124.4219,
        124.4219, 124.4219, 124.4219, 124.4219, 124.4219, 124.4219, 124.4062,
        124.4062, 124.4062, 124.4062, 124.4062, 124.4062, 124.4062, 124.4062,
        124.4062, 124.3906, 124.3906, 124.3906, 124.3906, 124.3906, 124.3906,
        124.3906, 124.3906, 124.3906, 124.3750, 124.3750, 124.3750, 124.3750,
        124.3750, 124.3750, 124.3750, 124.3750, 124.3750, 124.3750, 124.3750,
        124.3750, 124.3750, 124.3594, 124.3594, 124.3594, 124.3594, 124.3594,
        124.3594, 124.3438, 124.3438, 124.3281, 124.3281, 124.3281, 124.3281,
        124.3281, 124.3281, 124.3281, 124.3281, 124.3281, 124.3281, 124.3281,
        124.3281, 124.3281, 124.3281, 124.3125, 124.3125, 124.3125, 124.3125,
        124.3125, 124.3125, 124.3125, 124.3125, 124.3125, 124.3125, 124.3125,
        124.3125, 124.3125, 124.2969, 124.2969, 124.2969, 124.2969, 124.2969,
        124.2969, 124.2969, 124.2969, 124.2812, 124.2812, 124.2812, 124.2812,
        124.2812, 124.2812, 124.2812, 124.2812, 124.2812, 124.2812, 124.2812,
        124.2656, 124.2656, 124.2656, 124.2656, 124.2656, 124.2656, 124.2656,
        124.2656, 124.2656, 124.2656, 124.2656, 124.2656, 124.2656, 124.2656,
        124.2656, 124.2500, 124.2500, 124.2500, 124.2500, 124.2500, 124.2500,
        124.2500, 124.2500, 124.2344, 124.2344, 124.2344, 124.2344, 124.2344,
        124.2344, 124.2344, 124.2344, 124.2344, 124.2344, 124.2344, 124.2344,
        124.2344, 124.2344, 124.2188, 124.2188, 124.2188, 124.2188, 124.2188,
        124.2188, 124.2188, 124.2188, 124.2188, 124.2188, 124.2188, 124.2188,
        124.2188, 124.2031, 124.2031, 124.2031, 124.2031, 124.2031, 124.2031,
        124.2031, 124.1875, 124.1875, 124.1875, 124.1875, 124.1719, 124.1719,
        124.1719, 124.1719, 124.1562, 124.1562, 124.1562, 124.1562, 124.1562,
        124.1562, 124.1406, 124.1406, 124.1406, 124.1406, 124.1250, 124.1094,
        124.1094, 124.1094, 124.0938, 124.0938, 124.0938, 124.0625, 124.0469])
