[2024-09-20 14:29:39,599][root][INFO] - self.cfg: 
 lr: 0.0001
c_in: 6
zfar: 'Infinity'
debug: null
n_view: 1
run_id: 3wy8qqex
use_BN: true
exp_name: 2024-01-11-20-02-45
n_epochs: 62
save_dir: /home/bowenw/debug/2024-01-11-20-02-45/
use_mask: false
loss_type: pairwise_valid
optimizer: adam
batch_size: 64
crop_ratio: 1.1
enable_amp: true
use_normal: false
max_num_key: null
warmup_step: -1
input_resize:
- 160
- 160
max_step_val: 1000
vis_interval: 1000
weight_decay: 0
normalize_xyz: true
resume_run_id: null
clip_grad_norm: 'Infinity'
lr_epoch_decay: 500
render_backend: nvdiffrast
train_num_pair: 5
lr_decay_epochs:
- 50
n_epochs_warmup: 1
make_pair_online: false
gradient_max_norm: 'Infinity'
max_step_per_epoch: 10000
n_rendering_workers: 1
save_epoch_interval: 100
n_dataloader_workers: 100
split_objects_across_gpus: true
ckpt_dir: FoundationPose/learning/training/../../weights/2024-01-11-20-02-45/model_best.pth

[2024-09-20 14:29:39,599][root][INFO] - self.h5_file:None
[2024-09-20 14:29:39,789][root][INFO] - Using pretrained model from FoundationPose/learning/training/../../weights/2024-01-11-20-02-45/model_best.pth
[2024-09-20 14:29:39,852][root][INFO] - init done
[2024-09-20 14:29:39,852][root][INFO] - welcome
[2024-09-20 14:29:39,856][root][INFO] - self.cfg: 
 lr: 0.0001
c_in: 6
zfar: .inf
debug: null
w_rot: 0.1
n_view: 1
run_id: null
use_BN: true
rot_rep: axis_angle
ckpt_dir: FoundationPose/learning/training/../../weights/2023-10-28-18-33-37/model_best.pth
exp_name: 2023-10-28-18-33-37
save_dir: /tmp/2023-10-28-18-33-37/
loss_type: l2
optimizer: adam
trans_rep: tracknet
batch_size: 64
crop_ratio: 1.2
use_normal: false
BN_momentum: 0.1
max_num_key: null
warmup_step: -1
input_resize:
- 160
- 160
max_step_val: 1000
normal_uint8: false
vis_interval: 1000
weight_decay: 0
n_max_objects: null
normalize_xyz: true
clip_grad_norm: 'Infinity'
rot_normalizer: 0.3490658503988659
trans_normalizer:
- 0.019999999552965164
- 0.019999999552965164
- 0.05000000074505806
max_step_per_epoch: 25000
val_epoch_interval: 10
n_dataloader_workers: 60
enable_amp: true
use_mask: false

[2024-09-20 14:29:39,856][root][INFO] - self.h5_file:
[2024-09-20 14:29:39,909][root][INFO] - Using pretrained model from FoundationPose/learning/training/../../weights/2023-10-28-18-33-37/model_best.pth
[2024-09-20 14:29:39,928][root][INFO] - init done
[2024-09-20 14:29:42,113][root][INFO] - self.diameter:0.1492546267757037, vox_size:0.007462731338785185
[2024-09-20 14:29:42,126][root][INFO] - self.pts:torch.Size([912, 3])
[2024-09-20 14:29:43,004][root][INFO] - reset done
[2024-09-20 14:29:43,004][root][INFO] - cam_in_obs:(42, 4, 4)
[2024-09-20 14:29:43,015][root][INFO] - rot_grid:(252, 4, 4)
[2024-09-20 14:29:43,016][root][INFO] - after cluster, rot_grid:(252, 4, 4)
[2024-09-20 14:29:43,017][root][INFO] - self.rot_grid: torch.Size([252, 4, 4])
[2024-09-20 14:29:51,861][root][INFO] - Welcome
[2024-09-20 14:29:51,881][root][INFO] - poses:(252, 4, 4)
[2024-09-20 14:29:51,892][root][INFO] - after viewpoint, add_errs min:-1.0
[2024-09-20 14:29:51,971][root][INFO] - ob_in_cams:(252, 4, 4)
[2024-09-20 14:29:51,971][root][INFO] - self.cfg.use_normal:False
[2024-09-20 14:29:51,972][root][INFO] - trans_normalizer:[0.019999999552965164, 0.019999999552965164, 0.05000000074505806], rot_normalizer:0.3490658503988659
[2024-09-20 14:29:51,977][root][INFO] - making cropped data
[2024-09-20 14:29:51,977][root][INFO] - Welcome make_crop_data_batch
[2024-09-20 14:29:51,982][root][INFO] - make tf_to_crops done
[2024-09-20 14:29:52,018][root][INFO] - render done
[2024-09-20 14:29:52,025][root][INFO] - warp done
[2024-09-20 14:29:52,030][root][INFO] - pose batch data done
[2024-09-20 14:29:52,030][root][INFO] - forward start
[2024-09-20 14:29:52,161][root][INFO] - forward done
[2024-09-20 14:29:52,173][root][INFO] - making cropped data
[2024-09-20 14:29:52,173][root][INFO] - Welcome make_crop_data_batch
[2024-09-20 14:29:52,173][root][INFO] - make tf_to_crops done
[2024-09-20 14:29:52,197][root][INFO] - render done
[2024-09-20 14:29:52,200][root][INFO] - warp done
[2024-09-20 14:29:52,205][root][INFO] - pose batch data done
[2024-09-20 14:29:52,205][root][INFO] - forward start
[2024-09-20 14:29:52,206][root][INFO] - forward done
[2024-09-20 14:29:52,206][root][INFO] - making cropped data
[2024-09-20 14:29:52,206][root][INFO] - Welcome make_crop_data_batch
[2024-09-20 14:29:52,314][root][INFO] - make tf_to_crops done
[2024-09-20 14:29:52,339][root][INFO] - render done
[2024-09-20 14:29:52,343][root][INFO] - warp done
[2024-09-20 14:29:52,345][root][INFO] - pose batch data done
[2024-09-20 14:29:52,346][root][INFO] - forward start
[2024-09-20 14:29:52,347][root][INFO] - forward done
[2024-09-20 14:29:52,347][root][INFO] - making cropped data
[2024-09-20 14:29:52,347][root][INFO] - Welcome make_crop_data_batch
[2024-09-20 14:29:52,457][root][INFO] - make tf_to_crops done
[2024-09-20 14:29:52,480][root][INFO] - render done
[2024-09-20 14:29:52,485][root][INFO] - warp done
[2024-09-20 14:29:52,489][root][INFO] - pose batch data done
[2024-09-20 14:29:52,489][root][INFO] - forward start
[2024-09-20 14:29:52,490][root][INFO] - forward done
[2024-09-20 14:29:52,491][root][INFO] - making cropped data
[2024-09-20 14:29:52,491][root][INFO] - Welcome make_crop_data_batch
[2024-09-20 14:29:52,598][root][INFO] - make tf_to_crops done
[2024-09-20 14:29:52,623][root][INFO] - render done
[2024-09-20 14:29:52,627][root][INFO] - warp done
[2024-09-20 14:29:52,629][root][INFO] - pose batch data done
[2024-09-20 14:29:52,630][root][INFO] - forward start
[2024-09-20 14:29:52,631][root][INFO] - forward done
[2024-09-20 14:29:52,757][root][INFO] - ob_in_cams:(252, 4, 4)
[2024-09-20 14:29:52,757][root][INFO] - self.cfg.use_normal:False
[2024-09-20 14:29:52,757][root][INFO] - making cropped data
[2024-09-20 14:29:52,765][root][INFO] - Welcome make_crop_data_batch
[2024-09-20 14:29:52,765][root][INFO] - make tf_to_crops done
[2024-09-20 14:29:52,787][root][INFO] - render done
[2024-09-20 14:29:52,928][root][INFO] - pose batch data done
[2024-09-20 14:29:52,928][root][INFO] - pose_data.rgbAs.shape[0]: 252
[2024-09-20 14:29:53,034][root][INFO] - forward done
[2024-09-20 14:29:53,052][root][INFO] - final, add_errs min:-1.0
[2024-09-20 14:29:53,061][root][INFO] - sort ids:tensor([ 96,   5, 101, 107, 131, 203,   0,  72,  77, 137, 227,  47,  11, 102,
        133,  42, 132,  73, 105,   1,  75, 127, 134,   3,   6,   7,   9, 128,
          8,  74, 104,  98, 135, 146, 170,  32, 103, 169,   2,  99,  16,  82,
         88, 118,   4,  97, 124, 126, 129, 178,  79,  85, 115, 121, 154, 205,
         13,  33,  43,  94, 100, 202, 226,  34, 145, 229, 106,  83,  95, 116,
        119,  10,  14,  17,  21,  23,  27,  37,  76,  84,  92, 122, 125, 130,
        136, 155, 206,  15,  22,  80,  81,  87,  93, 123, 179, 184,  19,  26,
        120, 230,  18,  78,  86,  89, 114,  12,  20,  90,  91, 117,  28,  36,
        113, 143, 188, 211, 111, 183,  59, 141,  50,  71, 236, 221,  53, 187,
        224,  67, 244,  55, 138, 197, 220, 144, 239, 243,  64, 161,  52,  70,
        196, 163, 193, 200, 238, 250,  58, 233,  41, 158,  24, 162, 173,  60,
        151, 223, 148,  30,  56,  39,  49, 199, 222, 251, 195, 204, 232, 235,
        176, 209,  62, 174,  65, 166,  29,  68, 175, 181, 210, 214, 241, 247,
        149, 159, 234, 147, 153, 160, 212, 152, 167, 171, 172, 177, 208, 218,
        228,  35,  38,  48,  61, 150, 168, 219,  44, 194,  25,  54, 108, 112,
        213, 245, 156, 189, 192, 198, 249,  57, 248, 109, 110, 139, 164, 191,
         40,  45,  51, 231, 186,  63, 185, 246, 182, 201, 215,  31,  46, 165,
        216, 190, 157, 225, 142, 242, 217, 237,  69, 240, 180,  66, 207, 140])
[2024-09-20 14:29:53,065][root][INFO] - sorted scores:tensor([76.2344, 76.1875, 76.1875, 76.1875, 76.1875, 76.1875, 76.1719, 76.1719,
        76.1719, 76.1719, 76.1719, 76.1562, 76.1406, 76.1094, 75.8906, 75.8750,
        75.8750, 75.8594, 75.8438, 75.8281, 75.8281, 75.8281, 75.8281, 75.8125,
        75.8125, 75.8125, 75.8125, 75.8125, 75.7969, 75.7969, 75.7969, 75.7812,
        75.7812, 75.7812, 75.7812, 75.7656, 75.7656, 75.7656, 75.7500, 75.7500,
        75.7344, 75.7344, 75.7344, 75.7344, 75.7188, 75.7188, 75.7188, 75.7188,
        75.7188, 75.7188, 75.7031, 75.7031, 75.7031, 75.7031, 75.7031, 75.7031,
        75.6875, 75.6875, 75.6875, 75.6875, 75.6875, 75.6875, 75.6875, 75.6719,
        75.6719, 75.6719, 75.6562, 75.6406, 75.6406, 75.6406, 75.6406, 75.6250,
        75.6250, 75.6250, 75.6250, 75.6250, 75.6250, 75.6250, 75.6250, 75.6250,
        75.6250, 75.6250, 75.6250, 75.6250, 75.6250, 75.6250, 75.6250, 75.6094,
        75.6094, 75.6094, 75.6094, 75.6094, 75.6094, 75.6094, 75.6094, 75.6094,
        75.5938, 75.5938, 75.5938, 75.5938, 75.5781, 75.5781, 75.5781, 75.5781,
        75.5781, 75.5625, 75.5625, 75.5625, 75.5625, 75.5625, 75.5469, 75.5156,
        75.3750, 75.3438, 75.2656, 75.2188, 75.2031, 75.1562, 75.1094, 75.1094,
        75.0938, 75.0938, 75.0938, 75.0781, 75.0625, 75.0469, 75.0469, 75.0312,
        75.0312, 75.0156, 75.0156, 75.0156, 75.0000, 74.9844, 74.9844, 74.9844,
        74.9688, 74.9688, 74.9531, 74.9531, 74.9531, 74.9219, 74.9219, 74.9219,
        74.9219, 74.9219, 74.9062, 74.9062, 74.8750, 74.8750, 74.8594, 74.8438,
        74.8438, 74.8281, 74.8281, 74.8281, 74.8125, 74.7969, 74.7969, 74.7812,
        74.7812, 74.7812, 74.7812, 74.7812, 74.7656, 74.7656, 74.7656, 74.7656,
        74.7500, 74.7500, 74.7344, 74.7344, 74.7188, 74.7188, 74.7031, 74.7031,
        74.7031, 74.6875, 74.6875, 74.6875, 74.6875, 74.6875, 74.6719, 74.6719,
        74.6719, 74.6562, 74.6562, 74.6562, 74.6562, 74.6406, 74.6406, 74.6406,
        74.6406, 74.6406, 74.6406, 74.6406, 74.6406, 74.6250, 74.6250, 74.6250,
        74.6250, 74.6250, 74.6250, 74.6250, 74.6094, 74.6094, 74.5938, 74.5938,
        74.5938, 74.5938, 74.5938, 74.5938, 74.5781, 74.5781, 74.5781, 74.5781,
        74.5781, 74.5625, 74.5625, 74.5469, 74.5469, 74.5469, 74.5469, 74.5469,
        74.5312, 74.5312, 74.5312, 74.5312, 74.5156, 74.5000, 74.5000, 74.5000,
        74.4844, 74.4844, 74.4844, 74.4688, 74.4688, 74.4688, 74.4688, 74.4375,
        74.4219, 74.4219, 74.4062, 74.4062, 74.3750, 74.3750, 74.3594, 74.3594,
        74.3438, 74.3281, 74.3281, 74.2969])
[2024-09-20 14:30:04,488][websockets.server][INFO] - server listening on 0.0.0.0:8080
[2024-09-20 14:30:04,575][websockets.server][INFO] - connection open
[2024-09-20 14:30:07,126][root][INFO] - Succeeded to open port: /dev/ttyUSB0
[2024-09-20 14:30:07,126][root][INFO] - Succeeded to set baudrate to 3000000
