[2024-09-19 21:45:21,119][root][INFO] - self.cfg: 
 lr: 0.0001
c_in: 6
zfar: 'Infinity'
debug: null
n_view: 1
run_id: 3wy8qqex
use_BN: true
exp_name: 2024-01-11-20-02-45
n_epochs: 62
save_dir: /home/bowenw/debug/2024-01-11-20-02-45/
use_mask: false
loss_type: pairwise_valid
optimizer: adam
batch_size: 64
crop_ratio: 1.1
enable_amp: true
use_normal: false
max_num_key: null
warmup_step: -1
input_resize:
- 160
- 160
max_step_val: 1000
vis_interval: 1000
weight_decay: 0
normalize_xyz: true
resume_run_id: null
clip_grad_norm: 'Infinity'
lr_epoch_decay: 500
render_backend: nvdiffrast
train_num_pair: 5
lr_decay_epochs:
- 50
n_epochs_warmup: 1
make_pair_online: false
gradient_max_norm: 'Infinity'
max_step_per_epoch: 10000
n_rendering_workers: 1
save_epoch_interval: 100
n_dataloader_workers: 100
split_objects_across_gpus: true
ckpt_dir: FoundationPose/learning/training/../../weights/2024-01-11-20-02-45/model_best.pth

[2024-09-19 21:45:21,119][root][INFO] - self.h5_file:None
[2024-09-19 21:45:21,299][root][INFO] - Using pretrained model from FoundationPose/learning/training/../../weights/2024-01-11-20-02-45/model_best.pth
[2024-09-19 21:45:21,358][root][INFO] - init done
[2024-09-19 21:45:21,359][root][INFO] - welcome
[2024-09-19 21:45:21,362][root][INFO] - self.cfg: 
 lr: 0.0001
c_in: 6
zfar: .inf
debug: null
w_rot: 0.1
n_view: 1
run_id: null
use_BN: true
rot_rep: axis_angle
ckpt_dir: FoundationPose/learning/training/../../weights/2023-10-28-18-33-37/model_best.pth
exp_name: 2023-10-28-18-33-37
save_dir: /tmp/2023-10-28-18-33-37/
loss_type: l2
optimizer: adam
trans_rep: tracknet
batch_size: 64
crop_ratio: 1.2
use_normal: false
BN_momentum: 0.1
max_num_key: null
warmup_step: -1
input_resize:
- 160
- 160
max_step_val: 1000
normal_uint8: false
vis_interval: 1000
weight_decay: 0
n_max_objects: null
normalize_xyz: true
clip_grad_norm: 'Infinity'
rot_normalizer: 0.3490658503988659
trans_normalizer:
- 0.019999999552965164
- 0.019999999552965164
- 0.05000000074505806
max_step_per_epoch: 25000
val_epoch_interval: 10
n_dataloader_workers: 60
enable_amp: true
use_mask: false

[2024-09-19 21:45:21,362][root][INFO] - self.h5_file:
[2024-09-19 21:45:21,409][root][INFO] - Using pretrained model from FoundationPose/learning/training/../../weights/2023-10-28-18-33-37/model_best.pth
[2024-09-19 21:45:21,432][root][INFO] - init done
[2024-09-19 21:45:23,632][root][INFO] - self.diameter:0.1610828086486359, vox_size:0.008054140432431795
[2024-09-19 21:45:23,646][root][INFO] - self.pts:torch.Size([716, 3])
[2024-09-19 21:45:24,469][root][INFO] - reset done
[2024-09-19 21:45:24,470][root][INFO] - cam_in_obs:(42, 4, 4)
[2024-09-19 21:45:24,471][root][INFO] - rot_grid:(252, 4, 4)
[2024-09-19 21:45:24,472][root][INFO] - after cluster, rot_grid:(252, 4, 4)
[2024-09-19 21:45:24,472][root][INFO] - self.rot_grid: torch.Size([252, 4, 4])
[2024-09-19 21:45:35,096][root][INFO] - Welcome
[2024-09-19 21:45:35,114][root][INFO] - poses:(252, 4, 4)
[2024-09-19 21:45:35,124][root][INFO] - after viewpoint, add_errs min:-1.0
[2024-09-19 21:45:35,176][root][INFO] - ob_in_cams:(252, 4, 4)
[2024-09-19 21:45:35,186][root][INFO] - self.cfg.use_normal:False
[2024-09-19 21:45:35,186][root][INFO] - trans_normalizer:[0.019999999552965164, 0.019999999552965164, 0.05000000074505806], rot_normalizer:0.3490658503988659
[2024-09-19 21:45:35,203][root][INFO] - making cropped data
[2024-09-19 21:45:35,203][root][INFO] - Welcome make_crop_data_batch
[2024-09-19 21:45:35,208][root][INFO] - make tf_to_crops done
[2024-09-19 21:45:35,236][root][INFO] - render done
[2024-09-19 21:45:35,243][root][INFO] - warp done
[2024-09-19 21:45:35,247][root][INFO] - pose batch data done
[2024-09-19 21:45:35,247][root][INFO] - forward start
[2024-09-19 21:45:35,363][root][INFO] - forward done
[2024-09-19 21:45:35,374][root][INFO] - making cropped data
[2024-09-19 21:45:35,375][root][INFO] - Welcome make_crop_data_batch
[2024-09-19 21:45:35,375][root][INFO] - make tf_to_crops done
[2024-09-19 21:45:35,393][root][INFO] - render done
[2024-09-19 21:45:35,397][root][INFO] - warp done
[2024-09-19 21:45:35,399][root][INFO] - pose batch data done
[2024-09-19 21:45:35,399][root][INFO] - forward start
[2024-09-19 21:45:35,401][root][INFO] - forward done
[2024-09-19 21:45:35,401][root][INFO] - making cropped data
[2024-09-19 21:45:35,401][root][INFO] - Welcome make_crop_data_batch
[2024-09-19 21:45:35,504][root][INFO] - make tf_to_crops done
[2024-09-19 21:45:35,521][root][INFO] - render done
[2024-09-19 21:45:35,525][root][INFO] - warp done
[2024-09-19 21:45:35,528][root][INFO] - pose batch data done
[2024-09-19 21:45:35,528][root][INFO] - forward start
[2024-09-19 21:45:35,529][root][INFO] - forward done
[2024-09-19 21:45:35,530][root][INFO] - making cropped data
[2024-09-19 21:45:35,530][root][INFO] - Welcome make_crop_data_batch
[2024-09-19 21:45:35,630][root][INFO] - make tf_to_crops done
[2024-09-19 21:45:35,649][root][INFO] - render done
[2024-09-19 21:45:35,652][root][INFO] - warp done
[2024-09-19 21:45:35,655][root][INFO] - pose batch data done
[2024-09-19 21:45:35,655][root][INFO] - forward start
[2024-09-19 21:45:35,656][root][INFO] - forward done
[2024-09-19 21:45:35,657][root][INFO] - making cropped data
[2024-09-19 21:45:35,657][root][INFO] - Welcome make_crop_data_batch
[2024-09-19 21:45:35,758][root][INFO] - make tf_to_crops done
[2024-09-19 21:45:35,776][root][INFO] - render done
[2024-09-19 21:45:35,779][root][INFO] - warp done
[2024-09-19 21:45:35,782][root][INFO] - pose batch data done
[2024-09-19 21:45:35,782][root][INFO] - forward start
[2024-09-19 21:45:35,783][root][INFO] - forward done
[2024-09-19 21:45:35,900][root][INFO] - ob_in_cams:(252, 4, 4)
[2024-09-19 21:45:35,900][root][INFO] - self.cfg.use_normal:False
[2024-09-19 21:45:35,900][root][INFO] - making cropped data
[2024-09-19 21:45:35,910][root][INFO] - Welcome make_crop_data_batch
[2024-09-19 21:45:35,910][root][INFO] - make tf_to_crops done
[2024-09-19 21:45:35,927][root][INFO] - render done
[2024-09-19 21:45:36,057][root][INFO] - pose batch data done
[2024-09-19 21:45:36,057][root][INFO] - pose_data.rgbAs.shape[0]: 252
[2024-09-19 21:45:36,155][root][INFO] - forward done
[2024-09-19 21:45:36,173][root][INFO] - final, add_errs min:-1.0
[2024-09-19 21:45:36,182][root][INFO] - sort ids:tensor([ 91,  85, 116, 229,  13,  14,  26,  38,  79,  80,  86, 115, 121, 205,
        206,  92, 230, 235,  37, 212,  25,  82,  98,   8,  32,  94,  95, 125,
        127, 134, 187,  22,  23,  28,  74,  83,  88, 104, 124, 146, 154, 169,
        179, 185,  41,  43, 103, 160, 178,   7,  10,  40,  73, 133, 164, 119,
          5,  76,  77,  34, 100, 101, 170, 203,   4, 106, 131, 137, 202, 220,
        118, 130,  31, 226, 227, 245,  47,  44,  46, 136,  35, 157, 182, 215,
         50,  52,  93, 132, 244,  29,  55,  67, 200, 247,  61,  68, 242,   1,
         64,  97, 145, 161, 199, 241, 248,   2,  62, 128, 163, 211, 218, 223,
        224,  70,  59, 105, 148, 184, 188, 221, 233, 250,  17,  89, 122, 158,
        172, 173, 232,  11,  16,  56, 152, 155, 166, 175, 194, 236,  58,  71,
        176, 181, 191, 208, 214, 217, 238,  20, 151, 190, 196, 251,  19,  49,
         53, 114, 149, 167, 193, 197, 239, 107, 209,  65, 147, 201,   3,  96,
         30, 150, 228,  78, 222,  12, 120,  84, 207,  72, 123, 213, 126, 102,
        174, 168, 225, 210, 219, 165, 171, 180, 204, 129, 159,  48,   6,  69,
         21,  18,  33,  36,  24,  42,  60, 162, 186,  57,  87, 108, 177, 183,
         27, 189,   9,  75, 140,   0,  90, 216,  15, 234,  39,  81,  99, 111,
        113, 117, 156, 237, 243,  45, 143, 153, 138, 110, 112, 142, 109, 135,
        139, 240, 249, 141, 192, 195, 144, 198, 246, 231,  51,  54,  63,  66])
[2024-09-19 21:45:36,186][root][INFO] - sorted scores:tensor([112.8594, 112.8438, 112.8438, 112.8438, 112.8359, 112.8359, 112.8359,
        112.8359, 112.8359, 112.8359, 112.8359, 112.8359, 112.8359, 112.8359,
        112.8359, 112.8281, 112.8281, 112.8281, 112.8203, 112.8203, 112.7656,
        112.7109, 112.7109, 112.7031, 112.7031, 112.7031, 112.7031, 112.7031,
        112.7031, 112.7031, 112.7031, 112.6953, 112.6953, 112.6953, 112.6953,
        112.6953, 112.6953, 112.6953, 112.6953, 112.6953, 112.6953, 112.6953,
        112.6953, 112.6953, 112.6875, 112.6875, 112.6875, 112.6875, 112.6875,
        112.6797, 112.6797, 112.6797, 112.6797, 112.6797, 112.6797, 112.6719,
        112.6641, 112.6641, 112.6641, 112.6562, 112.6562, 112.6562, 112.6562,
        112.6562, 112.6484, 112.6484, 112.6484, 112.6484, 112.6484, 112.6484,
        112.6406, 112.6406, 112.6328, 112.6328, 112.6328, 112.6328, 112.6250,
        112.6094, 112.5703, 112.5703, 112.5000, 112.4844, 112.4844, 112.4609,
        112.4531, 112.4531, 112.4531, 112.4453, 112.4453, 112.4375, 112.4375,
        112.4375, 112.4375, 112.4375, 112.4297, 112.4297, 112.4297, 112.4219,
        112.4219, 112.4219, 112.4219, 112.4219, 112.4219, 112.4219, 112.4219,
        112.4141, 112.4141, 112.4141, 112.4141, 112.4141, 112.4141, 112.4141,
        112.4141, 112.4062, 112.3984, 112.3984, 112.3984, 112.3984, 112.3984,
        112.3984, 112.3984, 112.3984, 112.3906, 112.3906, 112.3906, 112.3906,
        112.3906, 112.3906, 112.3906, 112.3828, 112.3828, 112.3828, 112.3828,
        112.3828, 112.3828, 112.3828, 112.3828, 112.3828, 112.3750, 112.3750,
        112.3750, 112.3750, 112.3750, 112.3750, 112.3750, 112.3750, 112.3750,
        112.3672, 112.3672, 112.3672, 112.3672, 112.3672, 112.3594, 112.3594,
        112.3594, 112.3594, 112.3594, 112.3594, 112.3594, 112.3594, 112.3594,
        112.3516, 112.3438, 112.3359, 112.3203, 112.2656, 112.2344, 112.2344,
        112.2188, 112.2109, 112.1953, 112.1641, 112.1406, 112.1094, 112.0859,
        112.0781, 112.0000, 111.9688, 111.9453, 111.9375, 111.9297, 111.9219,
        111.9219, 111.9062, 111.9062, 111.8984, 111.8516, 111.8281, 111.8281,
        111.8203, 111.7891, 111.7812, 111.7812, 111.7734, 111.7578, 111.7500,
        111.7344, 111.7266, 111.7266, 111.7266, 111.7109, 111.7109, 111.7109,
        111.7109, 111.7109, 111.7031, 111.7031, 111.7031, 111.7031, 111.7031,
        111.6953, 111.6953, 111.6875, 111.6875, 111.6875, 111.6797, 111.6797,
        111.6797, 111.6719, 111.6719, 111.6562, 111.6562, 111.6562, 111.6484,
        111.6484, 111.6484, 111.6484, 111.6484, 111.6484, 111.6406, 111.6406,
        111.6406, 111.6328, 111.6250, 111.6172, 111.6172, 111.6094, 111.6094,
        111.6094, 111.6094, 111.5938, 111.5859, 111.5859, 111.5703, 111.5547,
        111.5547, 111.5547, 111.5469, 111.5391, 111.5312, 111.5312, 111.4844])
[2024-09-19 21:45:48,123][websockets.server][INFO] - server listening on 0.0.0.0:8080
[2024-09-19 21:45:48,910][websockets.server][INFO] - connection open
[2024-09-19 21:45:52,732][root][INFO] - Succeeded to open port: /dev/ttyUSB0
[2024-09-19 21:45:52,733][root][INFO] - Succeeded to set baudrate to 3000000
[2024-09-19 21:46:13,064][websockets.server][INFO] - connection open
[2024-09-19 21:46:19,522][root][ERROR] - > read: [TxRxResult] Incorrect status packet!
