[2024-12-26 14:01:20,954][websockets.server][INFO] - server listening on 0.0.0.0:8080
[2024-12-26 14:01:21,088][root][INFO] - self.cfg: 
 lr: 0.0001
c_in: 6
zfar: 'Infinity'
debug: null
n_view: 1
run_id: 3wy8qqex
use_BN: true
exp_name: 2024-01-11-20-02-45
n_epochs: 62
save_dir: /home/bowenw/debug/2024-01-11-20-02-45/
use_mask: false
loss_type: pairwise_valid
optimizer: adam
batch_size: 64
crop_ratio: 1.1
enable_amp: true
use_normal: false
max_num_key: null
warmup_step: -1
input_resize:
- 160
- 160
max_step_val: 1000
vis_interval: 1000
weight_decay: 0
normalize_xyz: true
resume_run_id: null
clip_grad_norm: 'Infinity'
lr_epoch_decay: 500
render_backend: nvdiffrast
train_num_pair: 5
lr_decay_epochs:
- 50
n_epochs_warmup: 1
make_pair_online: false
gradient_max_norm: 'Infinity'
max_step_per_epoch: 10000
n_rendering_workers: 1
save_epoch_interval: 100
n_dataloader_workers: 100
split_objects_across_gpus: true
ckpt_dir: /data/zjx/rw/third_party/FoundationPose/learning/training/../../weights/2024-01-11-20-02-45/model_best.pth

[2024-12-26 14:01:21,088][root][INFO] - self.h5_file:None
[2024-12-26 14:01:21,264][root][INFO] - Using pretrained model from /data/zjx/rw/third_party/FoundationPose/learning/training/../../weights/2024-01-11-20-02-45/model_best.pth
[2024-12-26 14:01:21,381][root][INFO] - init done
[2024-12-26 14:01:21,381][root][INFO] - welcome
[2024-12-26 14:01:21,385][root][INFO] - self.cfg: 
 lr: 0.0001
c_in: 6
zfar: .inf
debug: null
w_rot: 0.1
n_view: 1
run_id: null
use_BN: true
rot_rep: axis_angle
ckpt_dir: /data/zjx/rw/third_party/FoundationPose/learning/training/../../weights/2023-10-28-18-33-37/model_best.pth
exp_name: 2023-10-28-18-33-37
save_dir: /tmp/2023-10-28-18-33-37/
loss_type: l2
optimizer: adam
trans_rep: tracknet
batch_size: 64
crop_ratio: 1.2
use_normal: false
BN_momentum: 0.1
max_num_key: null
warmup_step: -1
input_resize:
- 160
- 160
max_step_val: 1000
normal_uint8: false
vis_interval: 1000
weight_decay: 0
n_max_objects: null
normalize_xyz: true
clip_grad_norm: 'Infinity'
rot_normalizer: 0.3490658503988659
trans_normalizer:
- 0.019999999552965164
- 0.019999999552965164
- 0.05000000074505806
max_step_per_epoch: 25000
val_epoch_interval: 10
n_dataloader_workers: 60
enable_amp: true
use_mask: false

[2024-12-26 14:01:21,385][root][INFO] - self.h5_file:
[2024-12-26 14:01:21,438][root][INFO] - Using pretrained model from /data/zjx/rw/third_party/FoundationPose/learning/training/../../weights/2023-10-28-18-33-37/model_best.pth
[2024-12-26 14:01:21,482][root][INFO] - init done
[2024-12-26 14:01:22,642][root][INFO] - self.diameter:0.2729166168820516, vox_size:0.01364583084410258
[2024-12-26 14:01:22,686][root][INFO] - self.pts:torch.Size([179, 3])
[2024-12-26 14:01:23,640][root][INFO] - reset done
[2024-12-26 14:01:23,640][root][INFO] - cam_in_obs:(42, 4, 4)
[2024-12-26 14:01:23,642][root][INFO] - rot_grid:(252, 4, 4)
[2024-12-26 14:01:23,642][root][INFO] - after cluster, rot_grid:(252, 4, 4)
[2024-12-26 14:01:23,642][root][INFO] - self.rot_grid: torch.Size([252, 4, 4])
[2024-12-26 14:01:34,207][root][INFO] - Welcome
[2024-12-26 14:01:34,293][root][INFO] - poses:(252, 4, 4)
[2024-12-26 14:01:34,304][root][INFO] - after viewpoint, add_errs min:-1.0
[2024-12-26 14:01:34,326][root][INFO] - ob_in_cams:(252, 4, 4)
[2024-12-26 14:01:34,326][root][INFO] - self.cfg.use_normal:False
[2024-12-26 14:01:34,326][root][INFO] - trans_normalizer:[0.019999999552965164, 0.019999999552965164, 0.05000000074505806], rot_normalizer:0.3490658503988659
[2024-12-26 14:01:34,329][root][INFO] - making cropped data
[2024-12-26 14:01:34,330][root][INFO] - Welcome make_crop_data_batch
[2024-12-26 14:01:34,341][root][INFO] - make tf_to_crops done
[2024-12-26 14:01:34,386][root][INFO] - render done
[2024-12-26 14:01:34,401][root][INFO] - warp done
[2024-12-26 14:01:34,410][root][INFO] - pose batch data done
[2024-12-26 14:01:34,411][root][INFO] - forward start
[2024-12-26 14:01:34,548][root][INFO] - forward done
[2024-12-26 14:01:34,559][root][INFO] - making cropped data
[2024-12-26 14:01:34,560][root][INFO] - Welcome make_crop_data_batch
[2024-12-26 14:01:34,560][root][INFO] - make tf_to_crops done
[2024-12-26 14:01:34,574][root][INFO] - render done
[2024-12-26 14:01:34,577][root][INFO] - warp done
[2024-12-26 14:01:34,580][root][INFO] - pose batch data done
[2024-12-26 14:01:34,580][root][INFO] - forward start
[2024-12-26 14:01:34,582][root][INFO] - forward done
[2024-12-26 14:01:34,582][root][INFO] - making cropped data
[2024-12-26 14:01:34,582][root][INFO] - Welcome make_crop_data_batch
[2024-12-26 14:01:34,675][root][INFO] - make tf_to_crops done
[2024-12-26 14:01:34,689][root][INFO] - render done
[2024-12-26 14:01:34,692][root][INFO] - warp done
[2024-12-26 14:01:34,695][root][INFO] - pose batch data done
[2024-12-26 14:01:34,695][root][INFO] - forward start
[2024-12-26 14:01:34,696][root][INFO] - forward done
[2024-12-26 14:01:34,697][root][INFO] - making cropped data
[2024-12-26 14:01:34,697][root][INFO] - Welcome make_crop_data_batch
[2024-12-26 14:01:34,789][root][INFO] - make tf_to_crops done
[2024-12-26 14:01:34,804][root][INFO] - render done
[2024-12-26 14:01:34,807][root][INFO] - warp done
[2024-12-26 14:01:34,810][root][INFO] - pose batch data done
[2024-12-26 14:01:34,810][root][INFO] - forward start
[2024-12-26 14:01:34,811][root][INFO] - forward done
[2024-12-26 14:01:34,811][root][INFO] - making cropped data
[2024-12-26 14:01:34,811][root][INFO] - Welcome make_crop_data_batch
[2024-12-26 14:01:34,904][root][INFO] - make tf_to_crops done
[2024-12-26 14:01:34,918][root][INFO] - render done
[2024-12-26 14:01:34,922][root][INFO] - warp done
[2024-12-26 14:01:34,924][root][INFO] - pose batch data done
[2024-12-26 14:01:34,924][root][INFO] - forward start
[2024-12-26 14:01:34,926][root][INFO] - forward done
[2024-12-26 14:01:34,926][root][INFO] - making cropped data
[2024-12-26 14:01:34,926][root][INFO] - Welcome make_crop_data_batch
[2024-12-26 14:01:35,019][root][INFO] - make tf_to_crops done
[2024-12-26 14:01:35,033][root][INFO] - render done
[2024-12-26 14:01:35,036][root][INFO] - warp done
[2024-12-26 14:01:35,039][root][INFO] - pose batch data done
[2024-12-26 14:01:35,039][root][INFO] - forward start
[2024-12-26 14:01:35,040][root][INFO] - forward done
[2024-12-26 14:01:35,041][root][INFO] - making cropped data
[2024-12-26 14:01:35,041][root][INFO] - Welcome make_crop_data_batch
[2024-12-26 14:01:35,133][root][INFO] - make tf_to_crops done
[2024-12-26 14:01:35,148][root][INFO] - render done
[2024-12-26 14:01:35,151][root][INFO] - warp done
[2024-12-26 14:01:35,154][root][INFO] - pose batch data done
[2024-12-26 14:01:35,154][root][INFO] - forward start
[2024-12-26 14:01:35,155][root][INFO] - forward done
[2024-12-26 14:01:35,156][root][INFO] - making cropped data
[2024-12-26 14:01:35,156][root][INFO] - Welcome make_crop_data_batch
[2024-12-26 14:01:35,248][root][INFO] - make tf_to_crops done
[2024-12-26 14:01:35,263][root][INFO] - render done
[2024-12-26 14:01:35,266][root][INFO] - warp done
[2024-12-26 14:01:35,268][root][INFO] - pose batch data done
[2024-12-26 14:01:35,268][root][INFO] - forward start
[2024-12-26 14:01:35,270][root][INFO] - forward done
[2024-12-26 14:01:35,270][root][INFO] - making cropped data
[2024-12-26 14:01:35,270][root][INFO] - Welcome make_crop_data_batch
[2024-12-26 14:01:35,363][root][INFO] - make tf_to_crops done
[2024-12-26 14:01:35,377][root][INFO] - render done
[2024-12-26 14:01:35,380][root][INFO] - warp done
[2024-12-26 14:01:35,383][root][INFO] - pose batch data done
[2024-12-26 14:01:35,383][root][INFO] - forward start
[2024-12-26 14:01:35,385][root][INFO] - forward done
[2024-12-26 14:01:35,385][root][INFO] - making cropped data
[2024-12-26 14:01:35,385][root][INFO] - Welcome make_crop_data_batch
[2024-12-26 14:01:35,477][root][INFO] - make tf_to_crops done
[2024-12-26 14:01:35,492][root][INFO] - render done
[2024-12-26 14:01:35,495][root][INFO] - warp done
[2024-12-26 14:01:35,498][root][INFO] - pose batch data done
[2024-12-26 14:01:35,498][root][INFO] - forward start
[2024-12-26 14:01:35,499][root][INFO] - forward done
[2024-12-26 14:01:35,605][root][INFO] - ob_in_cams:(252, 4, 4)
[2024-12-26 14:01:35,605][root][INFO] - self.cfg.use_normal:False
[2024-12-26 14:01:35,605][root][INFO] - making cropped data
[2024-12-26 14:01:35,612][root][INFO] - Welcome make_crop_data_batch
[2024-12-26 14:01:35,612][root][INFO] - make tf_to_crops done
[2024-12-26 14:01:35,625][root][INFO] - render done
[2024-12-26 14:01:35,742][root][INFO] - pose batch data done
[2024-12-26 14:01:35,742][root][INFO] - pose_data.rgbAs.shape[0]: 252
[2024-12-26 14:01:35,834][root][INFO] - forward done
[2024-12-26 14:01:35,852][root][INFO] - final, add_errs min:-1.0
[2024-12-26 14:01:35,864][root][INFO] - sort ids:tensor([121,  88, 179,  29, 227, 250, 202,  59,  63,  68,  83, 249, 242, 167,
        201, 248,  71, 168, 106,   3,   6,  12, 197, 163, 226,   4,  32, 192,
         53,  54,  95, 244, 145, 143, 134, 205, 206, 219,  74, 148, 169, 196,
        228,  47, 186, 223, 234, 110,  99, 175,   7, 247,  62, 127, 114, 128,
        140, 178, 211,  58,  61, 100, 129, 154,  41, 191, 193, 246, 104,  44,
         35, 187, 218,  56,  57, 133, 113, 159, 195, 184,  22,  55,  93,  26,
          5, 153, 125,  52, 146,  94, 155, 207, 147,  67, 203,  49, 162, 230,
         13,  64, 232, 238, 190, 115, 183, 225, 251,  38,  89, 107, 157, 174,
         70, 222, 151, 233,  17, 119,  86,  98, 137, 177,  77, 149, 217,  11,
        131,  69, 200, 224, 116, 170, 243,  20,  92, 204, 122, 158, 172, 240,
         60,  80, 194, 210,  21, 152, 209,   2,  50, 199, 229,   8, 165,  48,
        173, 239, 176, 101, 144,  36, 160, 185, 220,  84, 245,  66, 123, 180,
         51,  78, 141,  24,  23,  14,  45,  39,  90,  81,  65, 235, 171, 164,
        198, 138, 117, 120,  27, 108, 102,  87, 213, 132,  30, 111,  28,  75,
        109, 135,  15,  42, 105,   9,  18,  37, 161, 208, 150, 181,  33,  96,
         31,  97, 118,  72, 188,  73, 166, 214, 126, 221, 241,  79, 231,  10,
         82,  16,  91, 136,   1,  25,  40, 182, 142, 212, 189,  34,  43, 236,
         46, 237,  76,   0,  19, 215, 112, 216, 139, 156,  85, 103, 124, 130])
[2024-12-26 14:01:35,872][root][INFO] - sorted scores:tensor([109.0469, 109.0312, 109.0000, 108.9844, 108.9766, 108.9766, 108.9688,
        108.9531, 108.9531, 108.9531, 108.9531, 108.9375, 108.9297, 108.9219,
        108.9219, 108.9141, 108.9062, 108.9062, 108.8984, 108.8906, 108.8906,
        108.8906, 108.8906, 108.8828, 108.8828, 108.8750, 108.8750, 108.8750,
        108.8672, 108.8594, 108.8594, 108.8594, 108.8516, 108.8281, 108.8203,
        108.8203, 108.8203, 108.8203, 108.8125, 108.8125, 108.8125, 108.8125,
        108.8125, 108.8047, 108.8047, 108.7969, 108.7891, 108.7812, 108.7734,
        108.7500, 108.7422, 108.7422, 108.7344, 108.7344, 108.7109, 108.7109,
        108.7109, 108.7109, 108.7109, 108.7031, 108.7031, 108.7031, 108.7031,
        108.7031, 108.6953, 108.6953, 108.6875, 108.6797, 108.6719, 108.6250,
        108.6172, 108.6094, 108.5938, 108.5859, 108.5859, 108.5859, 108.5781,
        108.5781, 108.5703, 108.5625, 108.5547, 108.5312, 108.5156, 108.4844,
        108.4766, 108.4688, 108.4609, 108.4453, 108.4453, 108.4297, 108.4219,
        108.4219, 108.3984, 108.3906, 108.3828, 108.3750, 108.3750, 108.3750,
        108.3672, 108.3672, 108.3594, 108.3594, 108.3516, 108.3438, 108.3438,
        108.3438, 108.3438, 108.3359, 108.3359, 108.3359, 108.3359, 108.3359,
        108.3281, 108.3281, 108.3203, 108.3203, 108.3125, 108.3125, 108.3047,
        108.3047, 108.3047, 108.3047, 108.2969, 108.2969, 108.2969, 108.2891,
        108.2891, 108.2812, 108.2812, 108.2812, 108.2734, 108.2656, 108.2656,
        108.2578, 108.2578, 108.2578, 108.2500, 108.2422, 108.2422, 108.2422,
        108.2344, 108.2344, 108.2344, 108.2344, 108.2266, 108.2266, 108.2266,
        108.2188, 108.2188, 108.2188, 108.2188, 108.2031, 108.1953, 108.1797,
        108.1641, 108.1562, 108.1406, 108.1250, 108.0391, 107.9883, 107.9805,
        107.9766, 107.9727, 107.9688, 107.9609, 107.9453, 107.9297, 107.9297,
        107.8984, 107.8906, 107.8867, 107.8828, 107.8555, 107.8438, 107.8438,
        107.8398, 107.8320, 107.8281, 107.8047, 107.7930, 107.7773, 107.7656,
        107.7656, 107.7539, 107.7383, 107.7344, 107.6992, 107.6953, 107.6875,
        107.6680, 107.6602, 107.6484, 107.6445, 107.6406, 107.6367, 107.6328,
        107.6328, 107.6289, 107.6133, 107.6094, 107.6055, 107.5938, 107.5938,
        107.5898, 107.5898, 107.5898, 107.5820, 107.5820, 107.5742, 107.5742,
        107.5703, 107.5625, 107.5625, 107.5430, 107.5430, 107.5391, 107.5273,
        107.5273, 107.5117, 107.5117, 107.5117, 107.5078, 107.5078, 107.4922,
        107.4922, 107.4844, 107.4844, 107.4844, 107.4805, 107.4805, 107.4766,
        107.4766, 107.4727, 107.4648, 107.4609, 107.4492, 107.4492, 107.4492,
        107.4414, 107.4414, 107.4336, 107.4180, 107.4102, 107.4062, 107.4023,
        107.4023, 107.3945, 107.3945, 106.9766, 106.7539, 106.7500, 106.6914])
