[2024-10-25 15:46:25,892][websockets.server][INFO] - server listening on 0.0.0.0:8080
[2024-10-25 15:46:26,018][root][INFO] - self.cfg: 
 lr: 0.0001
c_in: 6
zfar: 'Infinity'
debug: null
n_view: 1
run_id: 3wy8qqex
use_BN: true
exp_name: 2024-01-11-20-02-45
n_epochs: 62
save_dir: /home/bowenw/debug/2024-01-11-20-02-45/
use_mask: false
loss_type: pairwise_valid
optimizer: adam
batch_size: 64
crop_ratio: 1.1
enable_amp: true
use_normal: false
max_num_key: null
warmup_step: -1
input_resize:
- 160
- 160
max_step_val: 1000
vis_interval: 1000
weight_decay: 0
normalize_xyz: true
resume_run_id: null
clip_grad_norm: 'Infinity'
lr_epoch_decay: 500
render_backend: nvdiffrast
train_num_pair: 5
lr_decay_epochs:
- 50
n_epochs_warmup: 1
make_pair_online: false
gradient_max_norm: 'Infinity'
max_step_per_epoch: 10000
n_rendering_workers: 1
save_epoch_interval: 100
n_dataloader_workers: 100
split_objects_across_gpus: true
ckpt_dir: /home/shaol/gjx/rw/third_party/FoundationPose/learning/training/../../weights/2024-01-11-20-02-45/model_best.pth

[2024-10-25 15:46:26,018][root][INFO] - self.h5_file:None
[2024-10-25 15:46:26,174][root][INFO] - Using pretrained model from /home/shaol/gjx/rw/third_party/FoundationPose/learning/training/../../weights/2024-01-11-20-02-45/model_best.pth
[2024-10-25 15:46:26,236][root][INFO] - init done
[2024-10-25 15:46:26,236][root][INFO] - welcome
[2024-10-25 15:46:26,240][root][INFO] - self.cfg: 
 lr: 0.0001
c_in: 6
zfar: .inf
debug: null
w_rot: 0.1
n_view: 1
run_id: null
use_BN: true
rot_rep: axis_angle
ckpt_dir: /home/shaol/gjx/rw/third_party/FoundationPose/learning/training/../../weights/2023-10-28-18-33-37/model_best.pth
exp_name: 2023-10-28-18-33-37
save_dir: /tmp/2023-10-28-18-33-37/
loss_type: l2
optimizer: adam
trans_rep: tracknet
batch_size: 64
crop_ratio: 1.2
use_normal: false
BN_momentum: 0.1
max_num_key: null
warmup_step: -1
input_resize:
- 160
- 160
max_step_val: 1000
normal_uint8: false
vis_interval: 1000
weight_decay: 0
n_max_objects: null
normalize_xyz: true
clip_grad_norm: 'Infinity'
rot_normalizer: 0.3490658503988659
trans_normalizer:
- 0.019999999552965164
- 0.019999999552965164
- 0.05000000074505806
max_step_per_epoch: 25000
val_epoch_interval: 10
n_dataloader_workers: 60
enable_amp: true
use_mask: false

[2024-10-25 15:46:26,240][root][INFO] - self.h5_file:
[2024-10-25 15:46:26,285][root][INFO] - Using pretrained model from /home/shaol/gjx/rw/third_party/FoundationPose/learning/training/../../weights/2023-10-28-18-33-37/model_best.pth
[2024-10-25 15:46:26,301][root][INFO] - init done
[2024-10-25 15:46:26,576][websockets.server][INFO] - connection open
[2024-10-25 15:46:26,780][websockets.server][INFO] - connection open
[2024-10-25 15:46:27,335][root][INFO] - self.diameter:0.09129442543218583, vox_size:0.004564721271609291
[2024-10-25 15:46:27,348][root][INFO] - self.pts:torch.Size([825, 3])
[2024-10-25 15:46:28,333][root][INFO] - reset done
[2024-10-25 15:46:28,333][root][INFO] - cam_in_obs:(42, 4, 4)
[2024-10-25 15:46:28,335][root][INFO] - rot_grid:(252, 4, 4)
[2024-10-25 15:46:28,336][root][INFO] - after cluster, rot_grid:(252, 4, 4)
[2024-10-25 15:46:28,336][root][INFO] - self.rot_grid: torch.Size([252, 4, 4])
[2024-10-25 15:46:38,364][root][INFO] - Welcome
[2024-10-25 15:46:38,380][root][INFO] - poses:(252, 4, 4)
[2024-10-25 15:46:38,390][root][INFO] - after viewpoint, add_errs min:-1.0
[2024-10-25 15:46:38,423][root][INFO] - ob_in_cams:(252, 4, 4)
[2024-10-25 15:46:38,424][root][INFO] - self.cfg.use_normal:False
[2024-10-25 15:46:38,424][root][INFO] - trans_normalizer:[0.019999999552965164, 0.019999999552965164, 0.05000000074505806], rot_normalizer:0.3490658503988659
[2024-10-25 15:46:38,458][root][INFO] - making cropped data
[2024-10-25 15:46:38,460][root][INFO] - Welcome make_crop_data_batch
[2024-10-25 15:46:38,464][root][INFO] - make tf_to_crops done
[2024-10-25 15:46:38,486][root][INFO] - render done
[2024-10-25 15:46:38,491][root][INFO] - warp done
[2024-10-25 15:46:38,496][root][INFO] - pose batch data done
[2024-10-25 15:46:38,496][root][INFO] - forward start
[2024-10-25 15:46:38,622][root][INFO] - forward done
[2024-10-25 15:46:38,633][root][INFO] - making cropped data
[2024-10-25 15:46:38,633][root][INFO] - Welcome make_crop_data_batch
[2024-10-25 15:46:38,634][root][INFO] - make tf_to_crops done
[2024-10-25 15:46:38,648][root][INFO] - render done
[2024-10-25 15:46:38,652][root][INFO] - warp done
[2024-10-25 15:46:38,655][root][INFO] - pose batch data done
[2024-10-25 15:46:38,655][root][INFO] - forward start
[2024-10-25 15:46:38,656][root][INFO] - forward done
[2024-10-25 15:46:38,656][root][INFO] - making cropped data
[2024-10-25 15:46:38,656][root][INFO] - Welcome make_crop_data_batch
[2024-10-25 15:46:38,758][root][INFO] - make tf_to_crops done
[2024-10-25 15:46:38,773][root][INFO] - render done
[2024-10-25 15:46:38,776][root][INFO] - warp done
[2024-10-25 15:46:38,779][root][INFO] - pose batch data done
[2024-10-25 15:46:38,779][root][INFO] - forward start
[2024-10-25 15:46:38,780][root][INFO] - forward done
[2024-10-25 15:46:38,780][root][INFO] - making cropped data
[2024-10-25 15:46:38,780][root][INFO] - Welcome make_crop_data_batch
[2024-10-25 15:46:38,880][root][INFO] - make tf_to_crops done
[2024-10-25 15:46:38,894][root][INFO] - render done
[2024-10-25 15:46:38,898][root][INFO] - warp done
[2024-10-25 15:46:38,901][root][INFO] - pose batch data done
[2024-10-25 15:46:38,901][root][INFO] - forward start
[2024-10-25 15:46:38,902][root][INFO] - forward done
[2024-10-25 15:46:38,902][root][INFO] - making cropped data
[2024-10-25 15:46:38,902][root][INFO] - Welcome make_crop_data_batch
[2024-10-25 15:46:39,002][root][INFO] - make tf_to_crops done
[2024-10-25 15:46:39,016][root][INFO] - render done
[2024-10-25 15:46:39,020][root][INFO] - warp done
[2024-10-25 15:46:39,023][root][INFO] - pose batch data done
[2024-10-25 15:46:39,023][root][INFO] - forward start
[2024-10-25 15:46:39,024][root][INFO] - forward done
[2024-10-25 15:46:39,138][root][INFO] - ob_in_cams:(252, 4, 4)
[2024-10-25 15:46:39,138][root][INFO] - self.cfg.use_normal:False
[2024-10-25 15:46:39,138][root][INFO] - making cropped data
[2024-10-25 15:46:39,145][root][INFO] - Welcome make_crop_data_batch
[2024-10-25 15:46:39,145][root][INFO] - make tf_to_crops done
[2024-10-25 15:46:39,159][root][INFO] - render done
[2024-10-25 15:46:39,287][root][INFO] - pose batch data done
[2024-10-25 15:46:39,287][root][INFO] - pose_data.rgbAs.shape[0]: 252
[2024-10-25 15:46:39,381][root][INFO] - forward done
[2024-10-25 15:46:39,399][root][INFO] - final, add_errs min:-1.0
[2024-10-25 15:46:39,408][root][INFO] - sort ids:tensor([ 46,  47, 212, 219,  38, 143, 213, 220,  37, 142,  28,  45, 141, 166,
        218, 129, 161,  31,  32, 185,  29,  99, 110, 180, 186, 105, 109, 187,
        131,   0,   3,   4,   6,   9,  75,  77, 227, 126, 202,   5,   8,  72,
         73,  74,  76, 101, 130, 132, 146, 102, 137, 144, 236,  48, 123, 150,
        163, 221, 241,  30,  39, 108, 117, 158, 191, 214,  98, 138,  34,  44,
        168, 192,  11,  41,  58,  59, 148, 159, 160, 162, 172, 174, 196,   7,
         53, 139, 140, 149, 165, 169, 173, 197,  26,  40,  51, 104, 134, 164,
        156, 231, 247, 248, 249,  25,  35,  68,  69, 113, 200, 223, 224, 225,
        234, 240,  52, 112, 199, 201, 235, 245,  61,  85, 184, 207,  62, 237,
        243,  97, 204, 205, 222,  60, 198, 210, 246, 216, 228,   2,  67,  16,
        122, 250, 251,  70,  71,  89, 151, 208,  17,  19, 152, 194,  20,  49,
        193, 209, 233,  50,  91,  56,  65, 175, 176,  43, 147, 153, 242, 178,
        195, 171, 211, 189,  57, 177, 183, 167, 188, 239,  24,  84, 111, 181,
         55, 155, 244, 103, 203, 121,  64, 230, 127,  88, 226, 190, 145, 106,
          1, 157,  21,  87,  81,  15,  93,  78, 170,  18, 114,  12,  10,  83,
        124, 125,  22,  23,  95, 120,  82, 119, 154, 179,  92, 135, 206,  14,
        107, 116,  13,  63,  79,  80,  86, 115,  66,  94,  96, 128,  54, 217,
        136, 215,  33,  36, 238,  27, 133,  42, 229, 182,  90, 100, 118, 232])
[2024-10-25 15:46:39,411][root][INFO] - sorted scores:tensor([90.3125, 90.3047, 90.3047, 90.3047, 90.2969, 90.2969, 90.2969, 90.2969,
        90.2891, 90.2891, 90.1484, 90.1406, 90.1406, 90.1406, 90.1406, 90.1328,
        90.1250, 90.0859, 90.0781, 90.0781, 90.0703, 90.0703, 90.0703, 90.0703,
        90.0703, 90.0625, 90.0625, 90.0625, 90.0547, 90.0469, 90.0469, 90.0469,
        90.0469, 90.0469, 90.0469, 90.0469, 90.0469, 90.0391, 90.0391, 90.0312,
        90.0312, 90.0312, 90.0312, 90.0312, 90.0312, 90.0312, 90.0312, 90.0312,
        90.0312, 90.0234, 90.0234, 90.0234, 90.0234, 90.0156, 90.0156, 90.0156,
        90.0156, 90.0156, 90.0156, 90.0078, 90.0078, 90.0078, 90.0078, 90.0078,
        90.0078, 90.0078, 90.0000, 90.0000, 89.9922, 89.9844, 89.9844, 89.9844,
        89.9766, 89.9766, 89.9766, 89.9766, 89.9766, 89.9766, 89.9766, 89.9766,
        89.9766, 89.9766, 89.9766, 89.9688, 89.9688, 89.9688, 89.9688, 89.9688,
        89.9688, 89.9688, 89.9688, 89.9688, 89.9609, 89.9609, 89.9609, 89.9609,
        89.9609, 89.9609, 89.9531, 89.9531, 89.9531, 89.9531, 89.9531, 89.9453,
        89.9453, 89.9453, 89.9453, 89.9453, 89.9453, 89.9453, 89.9453, 89.9453,
        89.9453, 89.9453, 89.9375, 89.9375, 89.9375, 89.9375, 89.9375, 89.9375,
        89.9297, 89.9297, 89.9297, 89.9297, 89.9219, 89.9219, 89.9219, 89.9141,
        89.9141, 89.9141, 89.9141, 89.9062, 89.9062, 89.9062, 89.9062, 89.8984,
        89.8906, 89.8828, 89.8672, 89.8516, 89.8438, 89.8438, 89.8438, 89.8359,
        89.8359, 89.8359, 89.8281, 89.8281, 89.8203, 89.8203, 89.8203, 89.8203,
        89.8125, 89.8125, 89.8125, 89.8125, 89.8125, 89.8047, 89.8047, 89.7969,
        89.7969, 89.7969, 89.7969, 89.7812, 89.7734, 89.7734, 89.7734, 89.7656,
        89.7656, 89.7578, 89.7578, 89.7422, 89.7344, 89.7344, 89.7344, 89.6953,
        89.6953, 89.6953, 89.6875, 89.6875, 89.6875, 89.6719, 89.6641, 89.5781,
        89.5781, 89.5469, 89.5312, 89.5234, 89.5156, 89.5156, 89.4922, 89.4844,
        89.4766, 89.4688, 89.3984, 89.3672, 89.3594, 89.3594, 89.3516, 89.3516,
        89.3438, 89.3359, 89.3359, 89.3281, 89.3281, 89.3203, 89.3203, 89.3125,
        89.3047, 89.3047, 89.3047, 89.3047, 89.2969, 89.2969, 89.2969, 89.2969,
        89.2891, 89.2891, 89.2891, 89.2891, 89.2734, 89.2578, 89.2578, 89.2500,
        89.2500, 89.2500, 89.2422, 89.2422, 89.2422, 89.2422, 89.2422, 89.2422,
        89.2344, 89.2344, 89.2266, 89.2188, 89.1875, 89.1875, 89.1719, 89.1641,
        89.1562, 89.1562, 89.1562, 89.1406, 89.0938, 89.0859, 89.0781, 89.0625,
        89.0547, 89.0078, 88.9922, 88.9688])
