[2024-09-22 23:55:07,540][root][INFO] - self.cfg: 
 lr: 0.0001
c_in: 6
zfar: 'Infinity'
debug: null
n_view: 1
run_id: 3wy8qqex
use_BN: true
exp_name: 2024-01-11-20-02-45
n_epochs: 62
save_dir: /home/bowenw/debug/2024-01-11-20-02-45/
use_mask: false
loss_type: pairwise_valid
optimizer: adam
batch_size: 64
crop_ratio: 1.1
enable_amp: true
use_normal: false
max_num_key: null
warmup_step: -1
input_resize:
- 160
- 160
max_step_val: 1000
vis_interval: 1000
weight_decay: 0
normalize_xyz: true
resume_run_id: null
clip_grad_norm: 'Infinity'
lr_epoch_decay: 500
render_backend: nvdiffrast
train_num_pair: 5
lr_decay_epochs:
- 50
n_epochs_warmup: 1
make_pair_online: false
gradient_max_norm: 'Infinity'
max_step_per_epoch: 10000
n_rendering_workers: 1
save_epoch_interval: 100
n_dataloader_workers: 100
split_objects_across_gpus: true
ckpt_dir: FoundationPose/learning/training/../../weights/2024-01-11-20-02-45/model_best.pth

[2024-09-22 23:55:07,540][root][INFO] - self.h5_file:None
[2024-09-22 23:55:07,718][root][INFO] - Using pretrained model from FoundationPose/learning/training/../../weights/2024-01-11-20-02-45/model_best.pth
[2024-09-22 23:55:07,784][root][INFO] - init done
[2024-09-22 23:55:07,784][root][INFO] - welcome
[2024-09-22 23:55:07,788][root][INFO] - self.cfg: 
 lr: 0.0001
c_in: 6
zfar: .inf
debug: null
w_rot: 0.1
n_view: 1
run_id: null
use_BN: true
rot_rep: axis_angle
ckpt_dir: FoundationPose/learning/training/../../weights/2023-10-28-18-33-37/model_best.pth
exp_name: 2023-10-28-18-33-37
save_dir: /tmp/2023-10-28-18-33-37/
loss_type: l2
optimizer: adam
trans_rep: tracknet
batch_size: 64
crop_ratio: 1.2
use_normal: false
BN_momentum: 0.1
max_num_key: null
warmup_step: -1
input_resize:
- 160
- 160
max_step_val: 1000
normal_uint8: false
vis_interval: 1000
weight_decay: 0
n_max_objects: null
normalize_xyz: true
clip_grad_norm: 'Infinity'
rot_normalizer: 0.3490658503988659
trans_normalizer:
- 0.019999999552965164
- 0.019999999552965164
- 0.05000000074505806
max_step_per_epoch: 25000
val_epoch_interval: 10
n_dataloader_workers: 60
enable_amp: true
use_mask: false

[2024-09-22 23:55:07,788][root][INFO] - self.h5_file:
[2024-09-22 23:55:07,852][root][INFO] - Using pretrained model from FoundationPose/learning/training/../../weights/2023-10-28-18-33-37/model_best.pth
[2024-09-22 23:55:07,879][root][INFO] - init done
[2024-09-22 23:55:08,728][root][INFO] - self.diameter:0.10163167438547004, vox_size:0.005081583719273502
[2024-09-22 23:55:08,743][root][INFO] - self.pts:torch.Size([791, 3])
[2024-09-22 23:55:09,431][root][INFO] - reset done
[2024-09-22 23:55:09,432][root][INFO] - cam_in_obs:(42, 4, 4)
[2024-09-22 23:55:09,434][root][INFO] - rot_grid:(252, 4, 4)
[2024-09-22 23:55:09,435][root][INFO] - after cluster, rot_grid:(252, 4, 4)
[2024-09-22 23:55:09,435][root][INFO] - self.rot_grid: torch.Size([252, 4, 4])
[2024-09-22 23:55:19,239][root][INFO] - Welcome
[2024-09-22 23:55:19,254][root][INFO] - poses:(252, 4, 4)
[2024-09-22 23:55:19,264][root][INFO] - after viewpoint, add_errs min:-1.0
[2024-09-22 23:55:19,337][root][INFO] - ob_in_cams:(252, 4, 4)
[2024-09-22 23:55:19,338][root][INFO] - self.cfg.use_normal:False
[2024-09-22 23:55:19,338][root][INFO] - trans_normalizer:[0.019999999552965164, 0.019999999552965164, 0.05000000074505806], rot_normalizer:0.3490658503988659
[2024-09-22 23:55:19,348][root][INFO] - making cropped data
[2024-09-22 23:55:19,348][root][INFO] - Welcome make_crop_data_batch
[2024-09-22 23:55:19,352][root][INFO] - make tf_to_crops done
[2024-09-22 23:55:19,374][root][INFO] - render done
[2024-09-22 23:55:19,381][root][INFO] - warp done
[2024-09-22 23:55:19,386][root][INFO] - pose batch data done
[2024-09-22 23:55:19,386][root][INFO] - forward start
[2024-09-22 23:55:19,503][root][INFO] - forward done
[2024-09-22 23:55:19,514][root][INFO] - making cropped data
[2024-09-22 23:55:19,514][root][INFO] - Welcome make_crop_data_batch
[2024-09-22 23:55:19,514][root][INFO] - make tf_to_crops done
[2024-09-22 23:55:19,529][root][INFO] - render done
[2024-09-22 23:55:19,533][root][INFO] - warp done
[2024-09-22 23:55:19,536][root][INFO] - pose batch data done
[2024-09-22 23:55:19,536][root][INFO] - forward start
[2024-09-22 23:55:19,537][root][INFO] - forward done
[2024-09-22 23:55:19,538][root][INFO] - making cropped data
[2024-09-22 23:55:19,538][root][INFO] - Welcome make_crop_data_batch
[2024-09-22 23:55:19,642][root][INFO] - make tf_to_crops done
[2024-09-22 23:55:19,655][root][INFO] - render done
[2024-09-22 23:55:19,660][root][INFO] - warp done
[2024-09-22 23:55:19,662][root][INFO] - pose batch data done
[2024-09-22 23:55:19,662][root][INFO] - forward start
[2024-09-22 23:55:19,664][root][INFO] - forward done
[2024-09-22 23:55:19,664][root][INFO] - making cropped data
[2024-09-22 23:55:19,664][root][INFO] - Welcome make_crop_data_batch
[2024-09-22 23:55:19,764][root][INFO] - make tf_to_crops done
[2024-09-22 23:55:19,777][root][INFO] - render done
[2024-09-22 23:55:19,781][root][INFO] - warp done
[2024-09-22 23:55:19,784][root][INFO] - pose batch data done
[2024-09-22 23:55:19,784][root][INFO] - forward start
[2024-09-22 23:55:19,785][root][INFO] - forward done
[2024-09-22 23:55:19,785][root][INFO] - making cropped data
[2024-09-22 23:55:19,785][root][INFO] - Welcome make_crop_data_batch
[2024-09-22 23:55:19,885][root][INFO] - make tf_to_crops done
[2024-09-22 23:55:19,898][root][INFO] - render done
[2024-09-22 23:55:19,902][root][INFO] - warp done
[2024-09-22 23:55:19,904][root][INFO] - pose batch data done
[2024-09-22 23:55:19,904][root][INFO] - forward start
[2024-09-22 23:55:19,906][root][INFO] - forward done
[2024-09-22 23:55:20,022][root][INFO] - ob_in_cams:(252, 4, 4)
[2024-09-22 23:55:20,022][root][INFO] - self.cfg.use_normal:False
[2024-09-22 23:55:20,022][root][INFO] - making cropped data
[2024-09-22 23:55:20,031][root][INFO] - Welcome make_crop_data_batch
[2024-09-22 23:55:20,031][root][INFO] - make tf_to_crops done
[2024-09-22 23:55:20,043][root][INFO] - render done
[2024-09-22 23:55:20,173][root][INFO] - pose batch data done
[2024-09-22 23:55:20,173][root][INFO] - pose_data.rgbAs.shape[0]: 252
[2024-09-22 23:55:20,271][root][INFO] - forward done
[2024-09-22 23:55:20,289][root][INFO] - final, add_errs min:-1.0
[2024-09-22 23:55:20,298][root][INFO] - sort ids:tensor([ 73, 163,   7, 133, 145, 226, 100,   4,  42,  76,   8, 170, 202, 227,
         74, 104,  72, 105,  33,  77, 203, 126, 131, 138,   5, 132, 221, 146,
        188,  99, 244,  75, 111, 117,  84,  12,  85,  16,  20,  55, 115,  78,
        116, 120,  79,  80,  88,  91,  92, 114, 122,  86,  21,  14,  22,  81,
         82,  93,  17,  89, 118, 121,  19,  83,  13,  23, 125,  95,  18, 119,
        123,  15,  87, 174, 175,  94,  49, 238,  29,  90, 137, 250,   3,  70,
         32, 180, 243, 136, 134, 173,   9,  35, 128, 232,  44, 149, 107,  11,
         24,  45, 151, 152, 209, 228,   1,  25,  96, 191,  98, 102, 190, 204,
        215, 240,  39,  64, 148,   6, 130, 153, 165, 176, 225, 233,  30, 182,
        242,  97, 223, 193, 217, 218, 129, 172,  71, 103, 144, 158, 219, 224,
        251, 239, 127, 106, 169, 234, 241,  47,  56, 162, 200, 207, 157, 166,
        199, 177,  65, 140,   0,  50, 135,  46,  54, 110, 159, 198, 183,  48,
        141, 167,  40, 101, 222,   2, 186, 194, 245, 124,  31, 214,  26, 109,
        156, 171, 181,  34,  38,  62,  61,  69, 142, 220,  63,  10,  28, 189,
        249, 206,  59, 150, 185, 247,  37, 113, 168, 212, 237,  36, 147, 164,
        192, 210, 213, 187,  43,  68, 230, 248, 179, 184, 231, 201, 161, 216,
        235, 236, 112, 208, 155, 197, 108, 139, 211,  52,  27, 196,  66, 154,
        143,  41,  53, 160, 205,  51,  60,  58, 246, 229,  57, 178, 195,  67])
[2024-09-22 23:55:20,301][root][INFO] - sorted scores:tensor([114.8125, 114.8047, 114.7891, 114.7891, 114.7891, 114.7891, 114.7812,
        114.7422, 114.7422, 114.7422, 114.7188, 114.7188, 114.7188, 114.7188,
        114.7109, 114.7109, 114.6875, 114.6875, 114.6797, 114.6797, 114.6719,
        114.6641, 114.6562, 114.6484, 114.6406, 114.6406, 114.6406, 114.6328,
        114.6094, 114.5938, 114.5938, 114.5859, 114.5625, 114.2812, 114.2734,
        114.2656, 114.2656, 114.2500, 114.2500, 114.2344, 114.2344, 114.2266,
        114.2266, 114.2266, 114.2188, 114.2188, 114.2188, 114.2188, 114.2188,
        114.2188, 114.2188, 114.2031, 114.1953, 114.1875, 114.1875, 114.1875,
        114.1875, 114.1641, 114.1562, 114.1562, 114.1484, 114.1484, 114.1328,
        114.1328, 114.1250, 114.1250, 114.1250, 114.1094, 114.0625, 114.0625,
        114.0391, 114.0312, 114.0312, 114.0312, 113.9922, 113.9766, 113.9297,
        113.8750, 113.8672, 113.8672, 113.8516, 113.8516, 113.8438, 113.8438,
        113.8359, 113.8203, 113.7891, 113.7812, 113.7734, 113.7656, 113.7578,
        113.7422, 113.7422, 113.7344, 113.7266, 113.7188, 113.6953, 113.6875,
        113.6875, 113.6875, 113.6875, 113.6875, 113.6797, 113.6797, 113.6719,
        113.6719, 113.6719, 113.6719, 113.6641, 113.6562, 113.6562, 113.6484,
        113.6484, 113.6484, 113.6406, 113.6406, 113.6406, 113.6328, 113.6328,
        113.6328, 113.6328, 113.6328, 113.6328, 113.6328, 113.6250, 113.6250,
        113.6250, 113.6172, 113.6172, 113.6094, 113.6094, 113.6094, 113.6016,
        113.6016, 113.5859, 113.5859, 113.5859, 113.5859, 113.5859, 113.5859,
        113.5859, 113.5781, 113.5703, 113.5625, 113.5547, 113.5547, 113.5547,
        113.5469, 113.5469, 113.5469, 113.5469, 113.5469, 113.5391, 113.5391,
        113.5391, 113.5312, 113.5234, 113.5234, 113.5000, 113.5000, 113.5000,
        113.4922, 113.4922, 113.4922, 113.4922, 113.4922, 113.4844, 113.4766,
        113.4766, 113.4766, 113.4609, 113.4609, 113.4609, 113.4531, 113.4453,
        113.4453, 113.4453, 113.4375, 113.4297, 113.4297, 113.4219, 113.4219,
        113.4219, 113.4219, 113.4062, 113.3984, 113.3984, 113.3984, 113.3906,
        113.3828, 113.3828, 113.3828, 113.3750, 113.3672, 113.3672, 113.3672,
        113.3672, 113.3594, 113.3516, 113.3516, 113.3516, 113.3516, 113.3438,
        113.3438, 113.3438, 113.3438, 113.3438, 113.3281, 113.3281, 113.3281,
        113.3281, 113.3203, 113.3203, 113.3125, 113.3047, 113.2969, 113.2969,
        113.2969, 113.2891, 113.2891, 113.2891, 113.2812, 113.2734, 113.2734,
        113.2734, 113.2734, 113.2656, 113.2578, 113.2422, 113.2422, 113.2266,
        113.2266, 113.2266, 113.2188, 113.2109, 113.2109, 113.1953, 113.1953,
        113.1875, 113.1797, 113.1797, 113.1797, 113.1719, 113.1484, 113.1406,
        113.1328, 113.1328, 113.1250, 113.1172, 113.1172, 113.1016, 113.0781])
[2024-09-22 23:55:25,710][websockets.server][INFO] - server listening on 0.0.0.0:8080
[2024-09-22 23:55:26,360][websockets.server][INFO] - connection open
[2024-09-22 23:55:26,701][websockets.server][INFO] - connection open
[2024-09-22 23:55:29,519][root][INFO] - Succeeded to open port: /dev/ttyUSB0
[2024-09-22 23:55:29,520][root][INFO] - Succeeded to set baudrate to 3000000
