[2024-09-25 15:44:27,421][root][INFO] - self.cfg: 
 lr: 0.0001
c_in: 6
zfar: 'Infinity'
debug: null
n_view: 1
run_id: 3wy8qqex
use_BN: true
exp_name: 2024-01-11-20-02-45
n_epochs: 62
save_dir: /home/bowenw/debug/2024-01-11-20-02-45/
use_mask: false
loss_type: pairwise_valid
optimizer: adam
batch_size: 64
crop_ratio: 1.1
enable_amp: true
use_normal: false
max_num_key: null
warmup_step: -1
input_resize:
- 160
- 160
max_step_val: 1000
vis_interval: 1000
weight_decay: 0
normalize_xyz: true
resume_run_id: null
clip_grad_norm: 'Infinity'
lr_epoch_decay: 500
render_backend: nvdiffrast
train_num_pair: 5
lr_decay_epochs:
- 50
n_epochs_warmup: 1
make_pair_online: false
gradient_max_norm: 'Infinity'
max_step_per_epoch: 10000
n_rendering_workers: 1
save_epoch_interval: 100
n_dataloader_workers: 100
split_objects_across_gpus: true
ckpt_dir: FoundationPose/learning/training/../../weights/2024-01-11-20-02-45/model_best.pth

[2024-09-25 15:44:27,421][root][INFO] - self.h5_file:None
[2024-09-25 15:44:27,611][root][INFO] - Using pretrained model from FoundationPose/learning/training/../../weights/2024-01-11-20-02-45/model_best.pth
[2024-09-25 15:44:27,673][root][INFO] - init done
[2024-09-25 15:44:27,673][root][INFO] - welcome
[2024-09-25 15:44:27,677][root][INFO] - self.cfg: 
 lr: 0.0001
c_in: 6
zfar: .inf
debug: null
w_rot: 0.1
n_view: 1
run_id: null
use_BN: true
rot_rep: axis_angle
ckpt_dir: FoundationPose/learning/training/../../weights/2023-10-28-18-33-37/model_best.pth
exp_name: 2023-10-28-18-33-37
save_dir: /tmp/2023-10-28-18-33-37/
loss_type: l2
optimizer: adam
trans_rep: tracknet
batch_size: 64
crop_ratio: 1.2
use_normal: false
BN_momentum: 0.1
max_num_key: null
warmup_step: -1
input_resize:
- 160
- 160
max_step_val: 1000
normal_uint8: false
vis_interval: 1000
weight_decay: 0
n_max_objects: null
normalize_xyz: true
clip_grad_norm: 'Infinity'
rot_normalizer: 0.3490658503988659
trans_normalizer:
- 0.019999999552965164
- 0.019999999552965164
- 0.05000000074505806
max_step_per_epoch: 25000
val_epoch_interval: 10
n_dataloader_workers: 60
enable_amp: true
use_mask: false

[2024-09-25 15:44:27,677][root][INFO] - self.h5_file:
[2024-09-25 15:44:27,719][root][INFO] - Using pretrained model from FoundationPose/learning/training/../../weights/2023-10-28-18-33-37/model_best.pth
[2024-09-25 15:44:27,736][root][INFO] - init done
[2024-09-25 15:44:29,924][root][INFO] - self.diameter:0.1376017517494762, vox_size:0.00688008758747381
[2024-09-25 15:44:29,939][root][INFO] - self.pts:torch.Size([811, 3])
[2024-09-25 15:44:30,891][root][INFO] - reset done
[2024-09-25 15:44:30,892][root][INFO] - cam_in_obs:(42, 4, 4)
[2024-09-25 15:44:30,894][root][INFO] - rot_grid:(252, 4, 4)
[2024-09-25 15:44:30,895][root][INFO] - after cluster, rot_grid:(252, 4, 4)
[2024-09-25 15:44:30,895][root][INFO] - self.rot_grid: torch.Size([252, 4, 4])
[2024-09-25 15:44:42,825][root][INFO] - Welcome
[2024-09-25 15:44:42,839][root][INFO] - poses:(252, 4, 4)
[2024-09-25 15:44:42,848][root][INFO] - after viewpoint, add_errs min:-1.0
[2024-09-25 15:44:42,878][root][INFO] - ob_in_cams:(252, 4, 4)
[2024-09-25 15:44:42,878][root][INFO] - self.cfg.use_normal:False
[2024-09-25 15:44:42,879][root][INFO] - trans_normalizer:[0.019999999552965164, 0.019999999552965164, 0.05000000074505806], rot_normalizer:0.3490658503988659
[2024-09-25 15:44:42,920][root][INFO] - making cropped data
[2024-09-25 15:44:42,921][root][INFO] - Welcome make_crop_data_batch
[2024-09-25 15:44:42,924][root][INFO] - make tf_to_crops done
[2024-09-25 15:44:42,952][root][INFO] - render done
[2024-09-25 15:44:42,958][root][INFO] - warp done
[2024-09-25 15:44:42,963][root][INFO] - pose batch data done
[2024-09-25 15:44:42,963][root][INFO] - forward start
[2024-09-25 15:44:43,078][root][INFO] - forward done
[2024-09-25 15:44:43,088][root][INFO] - making cropped data
[2024-09-25 15:44:43,089][root][INFO] - Welcome make_crop_data_batch
[2024-09-25 15:44:43,089][root][INFO] - make tf_to_crops done
[2024-09-25 15:44:43,109][root][INFO] - render done
[2024-09-25 15:44:43,112][root][INFO] - warp done
[2024-09-25 15:44:43,115][root][INFO] - pose batch data done
[2024-09-25 15:44:43,115][root][INFO] - forward start
[2024-09-25 15:44:43,116][root][INFO] - forward done
[2024-09-25 15:44:43,116][root][INFO] - making cropped data
[2024-09-25 15:44:43,116][root][INFO] - Welcome make_crop_data_batch
[2024-09-25 15:44:43,215][root][INFO] - make tf_to_crops done
[2024-09-25 15:44:43,234][root][INFO] - render done
[2024-09-25 15:44:43,238][root][INFO] - warp done
[2024-09-25 15:44:43,241][root][INFO] - pose batch data done
[2024-09-25 15:44:43,241][root][INFO] - forward start
[2024-09-25 15:44:43,242][root][INFO] - forward done
[2024-09-25 15:44:43,242][root][INFO] - making cropped data
[2024-09-25 15:44:43,242][root][INFO] - Welcome make_crop_data_batch
[2024-09-25 15:44:43,339][root][INFO] - make tf_to_crops done
[2024-09-25 15:44:43,357][root][INFO] - render done
[2024-09-25 15:44:43,360][root][INFO] - warp done
[2024-09-25 15:44:43,362][root][INFO] - pose batch data done
[2024-09-25 15:44:43,363][root][INFO] - forward start
[2024-09-25 15:44:43,364][root][INFO] - forward done
[2024-09-25 15:44:43,364][root][INFO] - making cropped data
[2024-09-25 15:44:43,364][root][INFO] - Welcome make_crop_data_batch
[2024-09-25 15:44:43,462][root][INFO] - make tf_to_crops done
[2024-09-25 15:44:43,480][root][INFO] - render done
[2024-09-25 15:44:43,483][root][INFO] - warp done
[2024-09-25 15:44:43,486][root][INFO] - pose batch data done
[2024-09-25 15:44:43,486][root][INFO] - forward start
[2024-09-25 15:44:43,487][root][INFO] - forward done
[2024-09-25 15:44:43,600][root][INFO] - ob_in_cams:(252, 4, 4)
[2024-09-25 15:44:43,600][root][INFO] - self.cfg.use_normal:False
[2024-09-25 15:44:43,600][root][INFO] - making cropped data
[2024-09-25 15:44:43,608][root][INFO] - Welcome make_crop_data_batch
[2024-09-25 15:44:43,608][root][INFO] - make tf_to_crops done
[2024-09-25 15:44:43,626][root][INFO] - render done
[2024-09-25 15:44:43,750][root][INFO] - pose batch data done
[2024-09-25 15:44:43,750][root][INFO] - pose_data.rgbAs.shape[0]: 252
[2024-09-25 15:44:43,845][root][INFO] - forward done
[2024-09-25 15:44:43,862][root][INFO] - final, add_errs min:-1.0
[2024-09-25 15:44:43,872][root][INFO] - sort ids:tensor([  3,   4,  33,  75,  99, 100, 105, 226,  34,  76, 106, 130, 101, 171,
        188,   2, 170, 189,  32,  77,   8, 107,   5, 104, 137,  11,  74, 131,
         98, 134, 173,   0, 102, 126, 132,  65,  72,   6,  96, 201, 222, 227,
         31,  73, 103, 149,   7, 168, 133,  97, 169, 159, 214,  39, 187, 147,
         43, 251, 208,  64, 135,  20, 145, 148,  19, 136, 138, 119, 158, 216,
        127, 157,   9,  10,  15,  92, 172, 220, 143, 176,  51, 250,  83, 215,
        245,  45,  49, 180, 209, 123, 224, 118, 213, 221,  16,  42,  12,  35,
         40, 139, 151,  60,  70, 117, 202, 122,  54, 153, 163, 192,  18, 129,
        110, 162, 160, 166,  47,  48,  84, 156, 232, 243,   1, 120,  62, 128,
        140, 150, 152, 167, 182, 238,  29,  69,  95, 124, 175, 186, 219, 165,
        174,  37,  63,  88, 203, 212, 231, 244, 249,  23,  38,  50,  89, 121,
        142, 146, 161, 233,  24, 115, 164,  78, 116, 218,  46, 185, 200, 210,
        234,  17,  53,  90,  94, 144, 179, 239,  28, 204, 206, 207, 237,  36,
         91, 114, 211, 228, 109, 141, 230,  57,  61,  79, 125, 225,  41,  67,
         68,  85, 112, 155, 193, 198, 205, 229,  44,  71, 108, 217,  13,  14,
         27, 178, 184, 241, 242,  30,  87, 154, 236, 246,  25,  80,  81,  82,
        113, 235, 248,  22,  93, 197,  59, 183, 247,  21,  26,  86, 177, 194,
         52,  55, 111, 190, 181, 196, 199, 223, 191, 195,  58, 240,  56,  66])
[2024-09-25 15:44:43,875][root][INFO] - sorted scores:tensor([86.7578, 86.7500, 86.7500, 86.7500, 86.7500, 86.7500, 86.7500, 86.7500,
        86.7422, 86.7344, 86.6875, 86.5781, 86.5625, 86.5469, 86.4844, 86.2422,
        86.2109, 86.1562, 86.1406, 86.1406, 86.1250, 86.1250, 86.1172, 86.1172,
        86.1172, 86.1094, 86.0938, 86.0703, 86.0391, 86.0391, 85.9297, 85.8828,
        85.8828, 85.8750, 85.8750, 85.8672, 85.8672, 85.8594, 85.8516, 85.8438,
        85.8438, 85.8438, 85.8047, 85.7891, 85.7891, 85.7812, 85.7734, 85.7734,
        85.7656, 85.7578, 85.7578, 85.7422, 85.7344, 85.7266, 85.7266, 85.6953,
        85.6875, 85.6875, 85.6797, 85.6719, 85.6641, 85.6562, 85.6406, 85.6250,
        85.6094, 85.6094, 85.6094, 85.5938, 85.5938, 85.5859, 85.5781, 85.5781,
        85.5703, 85.5703, 85.5625, 85.5547, 85.5547, 85.5547, 85.5469, 85.5469,
        85.5391, 85.5391, 85.5312, 85.5312, 85.5312, 85.5234, 85.5234, 85.5234,
        85.5234, 85.5156, 85.5156, 85.5078, 85.5078, 85.5000, 85.4922, 85.4922,
        85.4844, 85.4844, 85.4766, 85.4766, 85.4766, 85.4688, 85.4688, 85.4688,
        85.4688, 85.4531, 85.4375, 85.4375, 85.4375, 85.4375, 85.4297, 85.4297,
        85.4219, 85.4219, 85.4141, 85.4141, 85.4062, 85.4062, 85.4062, 85.4062,
        85.4062, 85.4062, 85.3984, 85.3984, 85.3906, 85.3906, 85.3906, 85.3906,
        85.3906, 85.3906, 85.3906, 85.3906, 85.3828, 85.3828, 85.3828, 85.3828,
        85.3828, 85.3828, 85.3828, 85.3750, 85.3750, 85.3672, 85.3672, 85.3672,
        85.3672, 85.3672, 85.3672, 85.3672, 85.3672, 85.3594, 85.3594, 85.3594,
        85.3594, 85.3594, 85.3594, 85.3594, 85.3594, 85.3594, 85.3516, 85.3516,
        85.3516, 85.3438, 85.3438, 85.3438, 85.3359, 85.3359, 85.3359, 85.3359,
        85.3359, 85.3281, 85.3281, 85.3281, 85.3281, 85.3281, 85.3281, 85.3281,
        85.3203, 85.3203, 85.3203, 85.3203, 85.3203, 85.3125, 85.3125, 85.3125,
        85.3125, 85.3125, 85.3047, 85.3047, 85.3047, 85.2969, 85.2969, 85.2969,
        85.2969, 85.2969, 85.2891, 85.2891, 85.2812, 85.2812, 85.2812, 85.2812,
        85.2812, 85.2812, 85.2812, 85.2812, 85.2734, 85.2734, 85.2734, 85.2734,
        85.2656, 85.2656, 85.2656, 85.2656, 85.2656, 85.2656, 85.2656, 85.2578,
        85.2578, 85.2578, 85.2578, 85.2578, 85.2500, 85.2500, 85.2500, 85.2500,
        85.2500, 85.2500, 85.2500, 85.2422, 85.2422, 85.2344, 85.2266, 85.2266,
        85.2266, 85.2188, 85.2188, 85.2188, 85.2188, 85.2188, 85.2109, 85.2109,
        85.2031, 85.2031, 85.1953, 85.1875, 85.1875, 85.1875, 85.1719, 85.1719,
        85.1406, 85.1172, 85.0938, 85.0391])
[2024-09-25 15:44:48,989][websockets.server][INFO] - server listening on 0.0.0.0:8080
[2024-09-25 15:44:50,098][websockets.server][INFO] - connection open
[2024-09-25 15:44:51,583][root][INFO] - Succeeded to open port: /dev/ttyUSB0
[2024-09-25 15:44:51,584][root][INFO] - Succeeded to set baudrate to 3000000
