[2024-09-19 15:48:15,736][root][INFO] - self.cfg: 
 lr: 0.0001
c_in: 6
zfar: 'Infinity'
debug: null
n_view: 1
run_id: 3wy8qqex
use_BN: true
exp_name: 2024-01-11-20-02-45
n_epochs: 62
save_dir: /home/bowenw/debug/2024-01-11-20-02-45/
use_mask: false
loss_type: pairwise_valid
optimizer: adam
batch_size: 64
crop_ratio: 1.1
enable_amp: true
use_normal: false
max_num_key: null
warmup_step: -1
input_resize:
- 160
- 160
max_step_val: 1000
vis_interval: 1000
weight_decay: 0
normalize_xyz: true
resume_run_id: null
clip_grad_norm: 'Infinity'
lr_epoch_decay: 500
render_backend: nvdiffrast
train_num_pair: 5
lr_decay_epochs:
- 50
n_epochs_warmup: 1
make_pair_online: false
gradient_max_norm: 'Infinity'
max_step_per_epoch: 10000
n_rendering_workers: 1
save_epoch_interval: 100
n_dataloader_workers: 100
split_objects_across_gpus: true
ckpt_dir: FoundationPose/learning/training/../../weights/2024-01-11-20-02-45/model_best.pth

[2024-09-19 15:48:15,736][root][INFO] - self.h5_file:None
[2024-09-19 15:48:15,921][root][INFO] - Using pretrained model from FoundationPose/learning/training/../../weights/2024-01-11-20-02-45/model_best.pth
[2024-09-19 15:48:15,984][root][INFO] - init done
[2024-09-19 15:48:15,984][root][INFO] - welcome
[2024-09-19 15:48:15,988][root][INFO] - self.cfg: 
 lr: 0.0001
c_in: 6
zfar: .inf
debug: null
w_rot: 0.1
n_view: 1
run_id: null
use_BN: true
rot_rep: axis_angle
ckpt_dir: FoundationPose/learning/training/../../weights/2023-10-28-18-33-37/model_best.pth
exp_name: 2023-10-28-18-33-37
save_dir: /tmp/2023-10-28-18-33-37/
loss_type: l2
optimizer: adam
trans_rep: tracknet
batch_size: 64
crop_ratio: 1.2
use_normal: false
BN_momentum: 0.1
max_num_key: null
warmup_step: -1
input_resize:
- 160
- 160
max_step_val: 1000
normal_uint8: false
vis_interval: 1000
weight_decay: 0
n_max_objects: null
normalize_xyz: true
clip_grad_norm: 'Infinity'
rot_normalizer: 0.3490658503988659
trans_normalizer:
- 0.019999999552965164
- 0.019999999552965164
- 0.05000000074505806
max_step_per_epoch: 25000
val_epoch_interval: 10
n_dataloader_workers: 60
enable_amp: true
use_mask: false

[2024-09-19 15:48:15,988][root][INFO] - self.h5_file:
[2024-09-19 15:48:16,039][root][INFO] - Using pretrained model from FoundationPose/learning/training/../../weights/2023-10-28-18-33-37/model_best.pth
[2024-09-19 15:48:16,057][root][INFO] - init done
[2024-09-19 15:48:18,255][root][INFO] - self.diameter:0.14928191682314523, vox_size:0.0074640958411572615
[2024-09-19 15:48:18,269][root][INFO] - self.pts:torch.Size([912, 3])
[2024-09-19 15:48:19,130][root][INFO] - reset done
[2024-09-19 15:48:19,131][root][INFO] - cam_in_obs:(42, 4, 4)
[2024-09-19 15:48:19,143][root][INFO] - rot_grid:(252, 4, 4)
[2024-09-19 15:48:19,144][root][INFO] - after cluster, rot_grid:(252, 4, 4)
[2024-09-19 15:48:19,144][root][INFO] - self.rot_grid: torch.Size([252, 4, 4])
[2024-09-19 15:48:29,712][root][INFO] - Welcome
[2024-09-19 15:48:29,867][root][INFO] - poses:(252, 4, 4)
[2024-09-19 15:48:29,873][root][INFO] - after viewpoint, add_errs min:-1.0
[2024-09-19 15:48:29,903][root][INFO] - ob_in_cams:(252, 4, 4)
[2024-09-19 15:48:29,903][root][INFO] - self.cfg.use_normal:False
[2024-09-19 15:48:29,904][root][INFO] - trans_normalizer:[0.019999999552965164, 0.019999999552965164, 0.05000000074505806], rot_normalizer:0.3490658503988659
[2024-09-19 15:48:29,944][root][INFO] - making cropped data
[2024-09-19 15:48:29,945][root][INFO] - Welcome make_crop_data_batch
[2024-09-19 15:48:29,949][root][INFO] - make tf_to_crops done
[2024-09-19 15:48:29,985][root][INFO] - render done
[2024-09-19 15:48:29,992][root][INFO] - warp done
[2024-09-19 15:48:29,997][root][INFO] - pose batch data done
[2024-09-19 15:48:29,997][root][INFO] - forward start
[2024-09-19 15:48:30,123][root][INFO] - forward done
[2024-09-19 15:48:30,134][root][INFO] - making cropped data
[2024-09-19 15:48:30,134][root][INFO] - Welcome make_crop_data_batch
[2024-09-19 15:48:30,136][root][INFO] - make tf_to_crops done
[2024-09-19 15:48:30,160][root][INFO] - render done
[2024-09-19 15:48:30,164][root][INFO] - warp done
[2024-09-19 15:48:30,167][root][INFO] - pose batch data done
[2024-09-19 15:48:30,168][root][INFO] - forward start
[2024-09-19 15:48:30,169][root][INFO] - forward done
[2024-09-19 15:48:30,169][root][INFO] - making cropped data
[2024-09-19 15:48:30,169][root][INFO] - Welcome make_crop_data_batch
[2024-09-19 15:48:30,283][root][INFO] - make tf_to_crops done
[2024-09-19 15:48:30,308][root][INFO] - render done
[2024-09-19 15:48:30,311][root][INFO] - warp done
[2024-09-19 15:48:30,314][root][INFO] - pose batch data done
[2024-09-19 15:48:30,314][root][INFO] - forward start
[2024-09-19 15:48:30,316][root][INFO] - forward done
[2024-09-19 15:48:30,316][root][INFO] - making cropped data
[2024-09-19 15:48:30,316][root][INFO] - Welcome make_crop_data_batch
[2024-09-19 15:48:30,430][root][INFO] - make tf_to_crops done
[2024-09-19 15:48:30,456][root][INFO] - render done
[2024-09-19 15:48:30,460][root][INFO] - warp done
[2024-09-19 15:48:30,462][root][INFO] - pose batch data done
[2024-09-19 15:48:30,462][root][INFO] - forward start
[2024-09-19 15:48:30,464][root][INFO] - forward done
[2024-09-19 15:48:30,464][root][INFO] - making cropped data
[2024-09-19 15:48:30,464][root][INFO] - Welcome make_crop_data_batch
[2024-09-19 15:48:30,579][root][INFO] - make tf_to_crops done
[2024-09-19 15:48:30,604][root][INFO] - render done
[2024-09-19 15:48:30,608][root][INFO] - warp done
[2024-09-19 15:48:30,611][root][INFO] - pose batch data done
[2024-09-19 15:48:30,611][root][INFO] - forward start
[2024-09-19 15:48:30,612][root][INFO] - forward done
[2024-09-19 15:48:30,612][root][INFO] - making cropped data
[2024-09-19 15:48:30,612][root][INFO] - Welcome make_crop_data_batch
[2024-09-19 15:48:30,726][root][INFO] - make tf_to_crops done
[2024-09-19 15:48:30,751][root][INFO] - render done
[2024-09-19 15:48:30,756][root][INFO] - warp done
[2024-09-19 15:48:30,759][root][INFO] - pose batch data done
[2024-09-19 15:48:30,759][root][INFO] - forward start
[2024-09-19 15:48:30,760][root][INFO] - forward done
[2024-09-19 15:48:30,760][root][INFO] - making cropped data
[2024-09-19 15:48:30,760][root][INFO] - Welcome make_crop_data_batch
[2024-09-19 15:48:30,873][root][INFO] - make tf_to_crops done
[2024-09-19 15:48:30,897][root][INFO] - render done
[2024-09-19 15:48:30,902][root][INFO] - warp done
[2024-09-19 15:48:30,905][root][INFO] - pose batch data done
[2024-09-19 15:48:30,905][root][INFO] - forward start
[2024-09-19 15:48:30,906][root][INFO] - forward done
[2024-09-19 15:48:30,907][root][INFO] - making cropped data
[2024-09-19 15:48:30,907][root][INFO] - Welcome make_crop_data_batch
[2024-09-19 15:48:31,020][root][INFO] - make tf_to_crops done
[2024-09-19 15:48:31,045][root][INFO] - render done
[2024-09-19 15:48:31,049][root][INFO] - warp done
[2024-09-19 15:48:31,053][root][INFO] - pose batch data done
[2024-09-19 15:48:31,053][root][INFO] - forward start
[2024-09-19 15:48:31,054][root][INFO] - forward done
[2024-09-19 15:48:31,054][root][INFO] - making cropped data
[2024-09-19 15:48:31,055][root][INFO] - Welcome make_crop_data_batch
[2024-09-19 15:48:31,169][root][INFO] - make tf_to_crops done
[2024-09-19 15:48:31,193][root][INFO] - render done
[2024-09-19 15:48:31,197][root][INFO] - warp done
[2024-09-19 15:48:31,200][root][INFO] - pose batch data done
[2024-09-19 15:48:31,200][root][INFO] - forward start
[2024-09-19 15:48:31,201][root][INFO] - forward done
[2024-09-19 15:48:31,202][root][INFO] - making cropped data
[2024-09-19 15:48:31,202][root][INFO] - Welcome make_crop_data_batch
[2024-09-19 15:48:31,316][root][INFO] - make tf_to_crops done
[2024-09-19 15:48:31,341][root][INFO] - render done
[2024-09-19 15:48:31,344][root][INFO] - warp done
[2024-09-19 15:48:31,347][root][INFO] - pose batch data done
[2024-09-19 15:48:31,347][root][INFO] - forward start
[2024-09-19 15:48:31,349][root][INFO] - forward done
[2024-09-19 15:48:31,349][root][INFO] - making cropped data
[2024-09-19 15:48:31,349][root][INFO] - Welcome make_crop_data_batch
[2024-09-19 15:48:31,463][root][INFO] - make tf_to_crops done
[2024-09-19 15:48:31,488][root][INFO] - render done
[2024-09-19 15:48:31,492][root][INFO] - warp done
[2024-09-19 15:48:31,495][root][INFO] - pose batch data done
[2024-09-19 15:48:31,495][root][INFO] - forward start
[2024-09-19 15:48:31,496][root][INFO] - forward done
[2024-09-19 15:48:31,497][root][INFO] - making cropped data
[2024-09-19 15:48:31,497][root][INFO] - Welcome make_crop_data_batch
[2024-09-19 15:48:31,610][root][INFO] - make tf_to_crops done
[2024-09-19 15:48:31,635][root][INFO] - render done
[2024-09-19 15:48:31,640][root][INFO] - warp done
[2024-09-19 15:48:31,643][root][INFO] - pose batch data done
[2024-09-19 15:48:31,643][root][INFO] - forward start
[2024-09-19 15:48:31,644][root][INFO] - forward done
[2024-09-19 15:48:31,644][root][INFO] - making cropped data
[2024-09-19 15:48:31,644][root][INFO] - Welcome make_crop_data_batch
[2024-09-19 15:48:31,758][root][INFO] - make tf_to_crops done
[2024-09-19 15:48:31,782][root][INFO] - render done
[2024-09-19 15:48:31,787][root][INFO] - warp done
[2024-09-19 15:48:31,791][root][INFO] - pose batch data done
[2024-09-19 15:48:31,791][root][INFO] - forward start
[2024-09-19 15:48:31,792][root][INFO] - forward done
[2024-09-19 15:48:31,793][root][INFO] - making cropped data
[2024-09-19 15:48:31,793][root][INFO] - Welcome make_crop_data_batch
[2024-09-19 15:48:31,905][root][INFO] - make tf_to_crops done
[2024-09-19 15:48:31,929][root][INFO] - render done
[2024-09-19 15:48:31,933][root][INFO] - warp done
[2024-09-19 15:48:31,937][root][INFO] - pose batch data done
[2024-09-19 15:48:31,937][root][INFO] - forward start
[2024-09-19 15:48:31,938][root][INFO] - forward done
[2024-09-19 15:48:31,939][root][INFO] - making cropped data
[2024-09-19 15:48:31,939][root][INFO] - Welcome make_crop_data_batch
[2024-09-19 15:48:32,053][root][INFO] - make tf_to_crops done
[2024-09-19 15:48:32,077][root][INFO] - render done
[2024-09-19 15:48:32,083][root][INFO] - warp done
[2024-09-19 15:48:32,085][root][INFO] - pose batch data done
[2024-09-19 15:48:32,085][root][INFO] - forward start
[2024-09-19 15:48:32,087][root][INFO] - forward done
[2024-09-19 15:48:32,087][root][INFO] - making cropped data
[2024-09-19 15:48:32,087][root][INFO] - Welcome make_crop_data_batch
[2024-09-19 15:48:32,200][root][INFO] - make tf_to_crops done
[2024-09-19 15:48:32,225][root][INFO] - render done
[2024-09-19 15:48:32,228][root][INFO] - warp done
[2024-09-19 15:48:32,231][root][INFO] - pose batch data done
[2024-09-19 15:48:32,231][root][INFO] - forward start
[2024-09-19 15:48:32,232][root][INFO] - forward done
[2024-09-19 15:48:32,233][root][INFO] - making cropped data
[2024-09-19 15:48:32,233][root][INFO] - Welcome make_crop_data_batch
[2024-09-19 15:48:32,347][root][INFO] - make tf_to_crops done
[2024-09-19 15:48:32,372][root][INFO] - render done
[2024-09-19 15:48:32,376][root][INFO] - warp done
[2024-09-19 15:48:32,379][root][INFO] - pose batch data done
[2024-09-19 15:48:32,379][root][INFO] - forward start
[2024-09-19 15:48:32,380][root][INFO] - forward done
[2024-09-19 15:48:32,380][root][INFO] - making cropped data
[2024-09-19 15:48:32,380][root][INFO] - Welcome make_crop_data_batch
[2024-09-19 15:48:32,494][root][INFO] - make tf_to_crops done
[2024-09-19 15:48:32,519][root][INFO] - render done
[2024-09-19 15:48:32,524][root][INFO] - warp done
[2024-09-19 15:48:32,527][root][INFO] - pose batch data done
[2024-09-19 15:48:32,527][root][INFO] - forward start
[2024-09-19 15:48:32,528][root][INFO] - forward done
[2024-09-19 15:48:32,528][root][INFO] - making cropped data
[2024-09-19 15:48:32,528][root][INFO] - Welcome make_crop_data_batch
[2024-09-19 15:48:32,642][root][INFO] - make tf_to_crops done
[2024-09-19 15:48:32,665][root][INFO] - render done
[2024-09-19 15:48:32,670][root][INFO] - warp done
[2024-09-19 15:48:32,673][root][INFO] - pose batch data done
[2024-09-19 15:48:32,673][root][INFO] - forward start
[2024-09-19 15:48:32,674][root][INFO] - forward done
[2024-09-19 15:48:32,675][root][INFO] - making cropped data
[2024-09-19 15:48:32,675][root][INFO] - Welcome make_crop_data_batch
[2024-09-19 15:48:32,788][root][INFO] - make tf_to_crops done
[2024-09-19 15:48:32,813][root][INFO] - render done
[2024-09-19 15:48:32,818][root][INFO] - warp done
[2024-09-19 15:48:32,820][root][INFO] - pose batch data done
[2024-09-19 15:48:32,820][root][INFO] - forward start
[2024-09-19 15:48:32,822][root][INFO] - forward done
[2024-09-19 15:48:32,949][root][INFO] - ob_in_cams:(252, 4, 4)
[2024-09-19 15:48:32,949][root][INFO] - self.cfg.use_normal:False
[2024-09-19 15:48:32,949][root][INFO] - making cropped data
[2024-09-19 15:48:32,957][root][INFO] - Welcome make_crop_data_batch
[2024-09-19 15:48:32,958][root][INFO] - make tf_to_crops done
[2024-09-19 15:48:32,980][root][INFO] - render done
[2024-09-19 15:48:33,126][root][INFO] - pose batch data done
[2024-09-19 15:48:33,126][root][INFO] - pose_data.rgbAs.shape[0]: 252
[2024-09-19 15:48:33,235][root][INFO] - forward done
[2024-09-19 15:48:33,252][root][INFO] - final, add_errs min:-1.0
[2024-09-19 15:48:33,261][root][INFO] - sort ids:tensor([  0,   1,   6,   7,  11,  42,  72,  73, 107, 126, 127, 132, 145, 169,
        241,  43,  96,  97, 102, 103, 133, 163, 221,  76, 104,   2,   3,   4,
          5,   9,  10,  32,  33,  34,  47,  62,  75,  99, 100, 101, 105, 106,
        128, 129, 130, 131, 136, 137, 170, 188, 202, 203, 218, 226, 227,  13,
        200, 235,  19,  40,  80,  85, 116, 122, 146, 206, 230,   8,  14,  17,
         22,  23,  26,  27,  28,  37,  41,  74,  79,  83,  86,  89,  91,  92,
         94,  98, 115, 118, 119, 121, 125, 134, 154, 155, 161, 178, 228, 229,
         15,  16,  20,  21,  36,  77,  78,  81,  82,  84,  87,  88,  90,  93,
         95, 120, 123, 124, 139, 160, 177, 179, 184, 205, 211, 236,  12,  18,
         68, 114, 117, 204,  49, 247,  70,  55, 175,  67, 110, 250, 151, 223,
        238,  35,  61, 191, 244, 173, 199, 111, 135, 166,  52, 193, 164, 196,
         58, 159, 168, 171,  30, 231,  39, 148, 152, 217,  24,  31,  45,  65,
        109, 153, 158, 176, 181, 186, 201, 209, 210, 214, 215, 220, 224, 225,
        239, 242, 248,  25,  53,  64, 141, 149, 167, 172, 182, 197, 219, 233,
        113, 237, 246,  46, 174, 194, 207, 208, 245, 138, 142, 143, 198, 212,
        213, 216,  29,  48,  54,  56,  60, 112, 144, 157, 162, 180, 185, 189,
        192, 243,  44,  71, 140, 147, 150, 156, 187, 195, 232, 234, 249, 251,
         59,  66,  69, 240,  38,  50,  51,  57,  63, 108, 165, 183, 190, 222])
[2024-09-19 15:48:33,265][root][INFO] - sorted scores:tensor([57.8750, 57.8750, 57.8750, 57.8750, 57.8750, 57.8750, 57.8750, 57.8750,
        57.8750, 57.8750, 57.8750, 57.8750, 57.8750, 57.8750, 57.8750, 57.8438,
        57.8438, 57.8438, 57.8438, 57.8438, 57.8438, 57.8438, 57.8438, 57.6250,
        57.6250, 57.5938, 57.5938, 57.5938, 57.5938, 57.5938, 57.5938, 57.5938,
        57.5938, 57.5938, 57.5938, 57.5938, 57.5938, 57.5938, 57.5938, 57.5938,
        57.5938, 57.5938, 57.5938, 57.5938, 57.5938, 57.5938, 57.5938, 57.5938,
        57.5938, 57.5938, 57.5938, 57.5938, 57.5938, 57.5938, 57.5938, 57.5625,
        57.5625, 57.5625, 57.5312, 57.5312, 57.5312, 57.5312, 57.5312, 57.5312,
        57.5312, 57.5312, 57.5312, 57.5000, 57.5000, 57.5000, 57.5000, 57.5000,
        57.5000, 57.5000, 57.5000, 57.5000, 57.5000, 57.5000, 57.5000, 57.5000,
        57.5000, 57.5000, 57.5000, 57.5000, 57.5000, 57.5000, 57.5000, 57.5000,
        57.5000, 57.5000, 57.5000, 57.5000, 57.5000, 57.5000, 57.5000, 57.5000,
        57.5000, 57.5000, 57.4688, 57.4688, 57.4688, 57.4688, 57.4688, 57.4688,
        57.4688, 57.4688, 57.4688, 57.4688, 57.4688, 57.4688, 57.4688, 57.4688,
        57.4688, 57.4688, 57.4688, 57.4688, 57.4688, 57.4688, 57.4688, 57.4688,
        57.4688, 57.4688, 57.4688, 57.4688, 57.4375, 57.4375, 57.4375, 57.4375,
        57.4375, 57.4375, 57.2500, 57.2188, 57.1875, 57.1562, 57.1562, 57.1250,
        57.0938, 57.0938, 56.9688, 56.9062, 56.9062, 56.8750, 56.8438, 56.8438,
        56.8438, 56.8125, 56.8125, 56.7812, 56.7812, 56.7812, 56.7188, 56.7188,
        56.6562, 56.6562, 56.6250, 56.5625, 56.5625, 56.5625, 56.5000, 56.5000,
        56.4688, 56.4688, 56.4688, 56.4688, 56.4375, 56.4375, 56.4375, 56.4375,
        56.4375, 56.4375, 56.4375, 56.4375, 56.4375, 56.4375, 56.4375, 56.4375,
        56.4375, 56.4375, 56.4375, 56.4375, 56.4375, 56.4375, 56.4375, 56.4375,
        56.4375, 56.4062, 56.4062, 56.4062, 56.4062, 56.4062, 56.4062, 56.4062,
        56.4062, 56.4062, 56.4062, 56.4062, 56.3750, 56.3750, 56.3438, 56.3125,
        56.3125, 56.3125, 56.3125, 56.3125, 56.3125, 56.2812, 56.2812, 56.2812,
        56.2812, 56.2812, 56.2812, 56.2812, 56.2500, 56.2500, 56.2500, 56.2500,
        56.2500, 56.2500, 56.2500, 56.2500, 56.2500, 56.2500, 56.2500, 56.2500,
        56.2500, 56.2500, 56.2188, 56.2188, 56.2188, 56.2188, 56.2188, 56.2188,
        56.2188, 56.2188, 56.2188, 56.2188, 56.2188, 56.2188, 56.1875, 56.1875,
        56.1875, 56.1875, 56.1562, 56.1562, 56.1562, 56.1562, 56.1562, 56.1562,
        56.1562, 56.1250, 56.1250, 56.0625])
[2024-09-19 15:48:33,275][websockets.server][INFO] - server listening on 127.0.0.1:8080
[2024-09-19 15:48:35,446][websockets.server][INFO] - connection open
[2024-09-19 15:48:51,243][websockets.server][INFO] - connection open
