[2024-09-19 18:24:50,685][root][INFO] - self.cfg: 
 lr: 0.0001
c_in: 6
zfar: 'Infinity'
debug: null
n_view: 1
run_id: 3wy8qqex
use_BN: true
exp_name: 2024-01-11-20-02-45
n_epochs: 62
save_dir: /home/bowenw/debug/2024-01-11-20-02-45/
use_mask: false
loss_type: pairwise_valid
optimizer: adam
batch_size: 64
crop_ratio: 1.1
enable_amp: true
use_normal: false
max_num_key: null
warmup_step: -1
input_resize:
- 160
- 160
max_step_val: 1000
vis_interval: 1000
weight_decay: 0
normalize_xyz: true
resume_run_id: null
clip_grad_norm: 'Infinity'
lr_epoch_decay: 500
render_backend: nvdiffrast
train_num_pair: 5
lr_decay_epochs:
- 50
n_epochs_warmup: 1
make_pair_online: false
gradient_max_norm: 'Infinity'
max_step_per_epoch: 10000
n_rendering_workers: 1
save_epoch_interval: 100
n_dataloader_workers: 100
split_objects_across_gpus: true
ckpt_dir: FoundationPose/learning/training/../../weights/2024-01-11-20-02-45/model_best.pth

[2024-09-19 18:24:50,685][root][INFO] - self.h5_file:None
[2024-09-19 18:24:50,888][root][INFO] - Using pretrained model from FoundationPose/learning/training/../../weights/2024-01-11-20-02-45/model_best.pth
[2024-09-19 18:24:50,949][root][INFO] - init done
[2024-09-19 18:24:50,949][root][INFO] - welcome
[2024-09-19 18:24:50,952][root][INFO] - self.cfg: 
 lr: 0.0001
c_in: 6
zfar: .inf
debug: null
w_rot: 0.1
n_view: 1
run_id: null
use_BN: true
rot_rep: axis_angle
ckpt_dir: FoundationPose/learning/training/../../weights/2023-10-28-18-33-37/model_best.pth
exp_name: 2023-10-28-18-33-37
save_dir: /tmp/2023-10-28-18-33-37/
loss_type: l2
optimizer: adam
trans_rep: tracknet
batch_size: 64
crop_ratio: 1.2
use_normal: false
BN_momentum: 0.1
max_num_key: null
warmup_step: -1
input_resize:
- 160
- 160
max_step_val: 1000
normal_uint8: false
vis_interval: 1000
weight_decay: 0
n_max_objects: null
normalize_xyz: true
clip_grad_norm: 'Infinity'
rot_normalizer: 0.3490658503988659
trans_normalizer:
- 0.019999999552965164
- 0.019999999552965164
- 0.05000000074505806
max_step_per_epoch: 25000
val_epoch_interval: 10
n_dataloader_workers: 60
enable_amp: true
use_mask: false

[2024-09-19 18:24:50,952][root][INFO] - self.h5_file:
[2024-09-19 18:24:51,000][root][INFO] - Using pretrained model from FoundationPose/learning/training/../../weights/2023-10-28-18-33-37/model_best.pth
[2024-09-19 18:24:51,018][root][INFO] - init done
[2024-09-19 18:24:53,217][root][INFO] - self.diameter:0.21736649539996883, vox_size:0.010868324769998442
[2024-09-19 18:24:53,231][root][INFO] - self.pts:torch.Size([491, 3])
[2024-09-19 18:24:54,029][root][INFO] - reset done
[2024-09-19 18:24:54,030][root][INFO] - cam_in_obs:(42, 4, 4)
[2024-09-19 18:24:54,032][root][INFO] - rot_grid:(252, 4, 4)
[2024-09-19 18:24:54,033][root][INFO] - after cluster, rot_grid:(252, 4, 4)
[2024-09-19 18:24:54,034][root][INFO] - self.rot_grid: torch.Size([252, 4, 4])
[2024-09-19 18:25:03,212][root][INFO] - Welcome
[2024-09-19 18:25:03,227][root][INFO] - poses:(252, 4, 4)
[2024-09-19 18:25:03,237][root][INFO] - after viewpoint, add_errs min:-1.0
[2024-09-19 18:25:03,298][root][INFO] - ob_in_cams:(252, 4, 4)
[2024-09-19 18:25:03,301][root][INFO] - self.cfg.use_normal:False
[2024-09-19 18:25:03,301][root][INFO] - trans_normalizer:[0.019999999552965164, 0.019999999552965164, 0.05000000074505806], rot_normalizer:0.3490658503988659
[2024-09-19 18:25:03,313][root][INFO] - making cropped data
[2024-09-19 18:25:03,314][root][INFO] - Welcome make_crop_data_batch
[2024-09-19 18:25:03,318][root][INFO] - make tf_to_crops done
[2024-09-19 18:25:03,349][root][INFO] - render done
[2024-09-19 18:25:03,355][root][INFO] - warp done
[2024-09-19 18:25:03,360][root][INFO] - pose batch data done
[2024-09-19 18:25:03,360][root][INFO] - forward start
[2024-09-19 18:25:03,476][root][INFO] - forward done
[2024-09-19 18:25:03,488][root][INFO] - making cropped data
[2024-09-19 18:25:03,488][root][INFO] - Welcome make_crop_data_batch
[2024-09-19 18:25:03,488][root][INFO] - make tf_to_crops done
[2024-09-19 18:25:03,508][root][INFO] - render done
[2024-09-19 18:25:03,512][root][INFO] - warp done
[2024-09-19 18:25:03,515][root][INFO] - pose batch data done
[2024-09-19 18:25:03,515][root][INFO] - forward start
[2024-09-19 18:25:03,516][root][INFO] - forward done
[2024-09-19 18:25:03,516][root][INFO] - making cropped data
[2024-09-19 18:25:03,516][root][INFO] - Welcome make_crop_data_batch
[2024-09-19 18:25:03,614][root][INFO] - make tf_to_crops done
[2024-09-19 18:25:03,633][root][INFO] - render done
[2024-09-19 18:25:03,636][root][INFO] - warp done
[2024-09-19 18:25:03,639][root][INFO] - pose batch data done
[2024-09-19 18:25:03,639][root][INFO] - forward start
[2024-09-19 18:25:03,640][root][INFO] - forward done
[2024-09-19 18:25:03,641][root][INFO] - making cropped data
[2024-09-19 18:25:03,641][root][INFO] - Welcome make_crop_data_batch
[2024-09-19 18:25:03,739][root][INFO] - make tf_to_crops done
[2024-09-19 18:25:03,759][root][INFO] - render done
[2024-09-19 18:25:03,762][root][INFO] - warp done
[2024-09-19 18:25:03,765][root][INFO] - pose batch data done
[2024-09-19 18:25:03,765][root][INFO] - forward start
[2024-09-19 18:25:03,766][root][INFO] - forward done
[2024-09-19 18:25:03,767][root][INFO] - making cropped data
[2024-09-19 18:25:03,767][root][INFO] - Welcome make_crop_data_batch
[2024-09-19 18:25:03,864][root][INFO] - make tf_to_crops done
[2024-09-19 18:25:03,883][root][INFO] - render done
[2024-09-19 18:25:03,887][root][INFO] - warp done
[2024-09-19 18:25:03,889][root][INFO] - pose batch data done
[2024-09-19 18:25:03,889][root][INFO] - forward start
[2024-09-19 18:25:03,891][root][INFO] - forward done
[2024-09-19 18:25:04,004][root][INFO] - ob_in_cams:(252, 4, 4)
[2024-09-19 18:25:04,004][root][INFO] - self.cfg.use_normal:False
[2024-09-19 18:25:04,004][root][INFO] - making cropped data
[2024-09-19 18:25:04,012][root][INFO] - Welcome make_crop_data_batch
[2024-09-19 18:25:04,013][root][INFO] - make tf_to_crops done
[2024-09-19 18:25:04,030][root][INFO] - render done
[2024-09-19 18:25:04,156][root][INFO] - pose batch data done
[2024-09-19 18:25:04,156][root][INFO] - pose_data.rgbAs.shape[0]: 252
[2024-09-19 18:25:04,251][root][INFO] - forward done
[2024-09-19 18:25:04,268][root][INFO] - final, add_errs min:-1.0
[2024-09-19 18:25:04,278][root][INFO] - sort ids:tensor([101,   3,  72,  75, 138, 216,   1,   5,   7,  71,  77, 126, 132, 203,
         33,  42,  73, 137, 145, 227, 244,  34, 131, 133, 163, 189,   6, 100,
        127, 129, 164, 202, 251,  43,   4, 103, 105, 106, 139, 245,   0,  11,
        102, 184,  76,  94, 112, 194, 226,   2,  74,  82,  88,  99, 104, 170,
        178, 185,  22,  59, 124, 221,   8,  10,  16,  32,  50,  65, 146,  28,
         98, 134, 147, 154, 188, 179,  56,  95, 118, 122, 136,  17, 107, 109,
        128, 174, 130, 169,  89, 111, 135, 198,  23,  68,  80,  97,  20, 231,
          9, 230,  14,  86, 117, 236,  79, 229,  15,  13,  19,  96, 121, 171,
        237,  31,  85,  91, 115, 205, 211, 212, 222,  37,  27,  36,  78,  87,
        156, 161, 197,  12,  18,  21,  26,  58,  81,  93, 114, 120,  83, 108,
        155,  90, 119, 125,  62, 150, 207, 142,  41, 141, 248,  53, 206, 116,
         92, 168, 228,  55,  84,  46, 204, 123, 225,  35, 172,  29,  64, 144,
         44, 180, 234, 191,  66, 165, 190, 182, 192, 213,  38, 158, 201, 246,
         54, 214, 247, 181, 240,  51, 159, 215,  52,  69, 249,  48, 195, 239,
        153, 176, 200, 217,  57,  60, 166, 241,  30,  63, 218, 152,  47,  61,
         24, 149, 193,  39, 199,  70, 167, 173, 233,  67, 224, 250,  40, 208,
        157, 148, 223, 219, 175, 242, 177, 209,  49,  45, 140, 183, 196,  25,
        210, 113, 232, 186, 238, 110, 160, 187, 235, 243, 143, 162, 220, 151])
[2024-09-19 18:25:04,282][root][INFO] - sorted scores:tensor([83.0781, 83.0625, 83.0625, 83.0625, 83.0625, 83.0625, 83.0312, 83.0312,
        83.0312, 83.0312, 83.0312, 83.0312, 83.0312, 83.0312, 83.0156, 83.0156,
        83.0156, 83.0156, 83.0156, 83.0156, 83.0156, 83.0000, 83.0000, 83.0000,
        83.0000, 83.0000, 82.9844, 82.9844, 82.9844, 82.9844, 82.9844, 82.9844,
        82.9844, 82.9688, 82.9531, 82.9531, 82.9531, 82.9375, 82.9375, 82.9375,
        82.9219, 82.9219, 82.9219, 82.9219, 82.9062, 82.9062, 82.9062, 82.9062,
        82.9062, 82.8906, 82.8906, 82.8906, 82.8906, 82.8906, 82.8906, 82.8906,
        82.8906, 82.8906, 82.8750, 82.8750, 82.8750, 82.8750, 82.8594, 82.8594,
        82.8594, 82.8594, 82.8594, 82.8594, 82.8594, 82.8438, 82.8438, 82.8438,
        82.8438, 82.8438, 82.8438, 82.8281, 82.7969, 82.7969, 82.7812, 82.7812,
        82.7656, 82.7500, 82.7500, 82.7500, 82.7500, 82.7344, 82.7188, 82.7188,
        82.7031, 82.7031, 82.7031, 82.7031, 82.6875, 82.6875, 82.6875, 82.6875,
        82.6719, 82.6719, 82.6562, 82.6562, 82.6406, 82.6406, 82.6406, 82.6406,
        82.6250, 82.6250, 82.6094, 82.5938, 82.5938, 82.5938, 82.5938, 82.5938,
        82.5938, 82.5781, 82.5781, 82.5781, 82.5781, 82.5781, 82.5781, 82.5781,
        82.5781, 82.5625, 82.5469, 82.5469, 82.5469, 82.5469, 82.5469, 82.5469,
        82.5469, 82.5312, 82.5312, 82.5312, 82.5312, 82.5312, 82.5312, 82.5312,
        82.5312, 82.5312, 82.5156, 82.5156, 82.5156, 82.5000, 82.5000, 82.5000,
        82.4844, 82.4844, 82.4844, 82.4531, 82.4219, 82.4062, 82.4062, 82.3906,
        82.3906, 82.3594, 82.3438, 82.3438, 82.3281, 82.3125, 82.3125, 82.2969,
        82.2969, 82.2812, 82.2812, 82.2656, 82.2656, 82.2344, 82.2188, 82.2188,
        82.2031, 82.2031, 82.2031, 82.1875, 82.1719, 82.1719, 82.1562, 82.1406,
        82.1406, 82.1250, 82.1094, 82.1094, 82.1094, 82.0938, 82.0625, 82.0625,
        82.0625, 82.0469, 82.0469, 82.0312, 82.0312, 82.0312, 82.0156, 82.0156,
        82.0156, 82.0000, 81.9844, 81.9844, 81.9531, 81.9531, 81.9531, 81.9375,
        81.9219, 81.9219, 81.9219, 81.9219, 81.9062, 81.9062, 81.9062, 81.8906,
        81.8750, 81.8594, 81.8438, 81.8281, 81.8281, 81.8125, 81.7969, 81.7500,
        81.7188, 81.7031, 81.6875, 81.6250, 81.6250, 81.6250, 81.5938, 81.5938,
        81.5469, 81.5312, 81.5156, 81.5000, 81.4688, 81.4688, 81.4375, 81.3594,
        81.3281, 81.3125, 81.2969, 81.2188, 81.2188, 81.2031, 81.1719, 81.1562,
        81.1562, 81.1250, 81.1250, 81.0156, 81.0156, 81.0156, 81.0156, 81.0156,
        81.0000, 81.0000, 81.0000, 80.9531])
