[2024-10-11 13:52:59,328][websockets.server][INFO] - server listening on 0.0.0.0:8080
[2024-10-11 13:52:59,579][root][INFO] - self.cfg: 
 lr: 0.0001
c_in: 6
zfar: 'Infinity'
debug: null
n_view: 1
run_id: 3wy8qqex
use_BN: true
exp_name: 2024-01-11-20-02-45
n_epochs: 62
save_dir: /home/bowenw/debug/2024-01-11-20-02-45/
use_mask: false
loss_type: pairwise_valid
optimizer: adam
batch_size: 64
crop_ratio: 1.1
enable_amp: true
use_normal: false
max_num_key: null
warmup_step: -1
input_resize:
- 160
- 160
max_step_val: 1000
vis_interval: 1000
weight_decay: 0
normalize_xyz: true
resume_run_id: null
clip_grad_norm: 'Infinity'
lr_epoch_decay: 500
render_backend: nvdiffrast
train_num_pair: 5
lr_decay_epochs:
- 50
n_epochs_warmup: 1
make_pair_online: false
gradient_max_norm: 'Infinity'
max_step_per_epoch: 10000
n_rendering_workers: 1
save_epoch_interval: 100
n_dataloader_workers: 100
split_objects_across_gpus: true
ckpt_dir: FoundationPose/learning/training/../../weights/2024-01-11-20-02-45/model_best.pth

[2024-10-11 13:52:59,579][root][INFO] - self.h5_file:None
[2024-10-11 13:52:59,693][websockets.server][INFO] - connection open
[2024-10-11 13:52:59,994][root][INFO] - Using pretrained model from FoundationPose/learning/training/../../weights/2024-01-11-20-02-45/model_best.pth
[2024-10-11 13:53:00,059][root][INFO] - init done
[2024-10-11 13:53:00,060][root][INFO] - welcome
[2024-10-11 13:53:00,063][root][INFO] - self.cfg: 
 lr: 0.0001
c_in: 6
zfar: .inf
debug: null
w_rot: 0.1
n_view: 1
run_id: null
use_BN: true
rot_rep: axis_angle
ckpt_dir: FoundationPose/learning/training/../../weights/2023-10-28-18-33-37/model_best.pth
exp_name: 2023-10-28-18-33-37
save_dir: /tmp/2023-10-28-18-33-37/
loss_type: l2
optimizer: adam
trans_rep: tracknet
batch_size: 64
crop_ratio: 1.2
use_normal: false
BN_momentum: 0.1
max_num_key: null
warmup_step: -1
input_resize:
- 160
- 160
max_step_val: 1000
normal_uint8: false
vis_interval: 1000
weight_decay: 0
n_max_objects: null
normalize_xyz: true
clip_grad_norm: 'Infinity'
rot_normalizer: 0.3490658503988659
trans_normalizer:
- 0.019999999552965164
- 0.019999999552965164
- 0.05000000074505806
max_step_per_epoch: 25000
val_epoch_interval: 10
n_dataloader_workers: 60
enable_amp: true
use_mask: false

[2024-10-11 13:53:00,063][root][INFO] - self.h5_file:
[2024-10-11 13:53:00,116][root][INFO] - Using pretrained model from FoundationPose/learning/training/../../weights/2023-10-28-18-33-37/model_best.pth
[2024-10-11 13:53:00,138][root][INFO] - init done
[2024-10-11 13:53:02,365][root][INFO] - self.diameter:0.16911805808118208, vox_size:0.008455902904059103
[2024-10-11 13:53:02,366][root][INFO] - self.pts:torch.Size([675, 3])
[2024-10-11 13:53:03,333][root][INFO] - reset done
[2024-10-11 13:53:03,333][root][INFO] - cam_in_obs:(42, 4, 4)
[2024-10-11 13:53:03,344][root][INFO] - rot_grid:(252, 4, 4)
[2024-10-11 13:53:03,345][root][INFO] - after cluster, rot_grid:(252, 4, 4)
[2024-10-11 13:53:03,346][root][INFO] - self.rot_grid: torch.Size([252, 4, 4])
[2024-10-11 13:53:11,527][root][INFO] - Welcome
[2024-10-11 13:53:11,542][root][INFO] - poses:(252, 4, 4)
[2024-10-11 13:53:11,545][root][INFO] - after viewpoint, add_errs min:-1.0
[2024-10-11 13:53:11,592][root][INFO] - ob_in_cams:(252, 4, 4)
[2024-10-11 13:53:11,592][root][INFO] - self.cfg.use_normal:False
[2024-10-11 13:53:11,596][root][INFO] - trans_normalizer:[0.019999999552965164, 0.019999999552965164, 0.05000000074505806], rot_normalizer:0.3490658503988659
[2024-10-11 13:53:11,621][root][INFO] - making cropped data
[2024-10-11 13:53:11,623][root][INFO] - Welcome make_crop_data_batch
[2024-10-11 13:53:11,624][root][INFO] - make tf_to_crops done
[2024-10-11 13:53:11,678][root][INFO] - render done
[2024-10-11 13:53:11,704][root][INFO] - warp done
[2024-10-11 13:53:11,707][root][INFO] - pose batch data done
[2024-10-11 13:53:11,707][root][INFO] - forward start
[2024-10-11 13:53:11,798][root][INFO] - forward done
[2024-10-11 13:53:11,798][root][INFO] - making cropped data
[2024-10-11 13:53:11,798][root][INFO] - Welcome make_crop_data_batch
[2024-10-11 13:53:11,818][root][INFO] - make tf_to_crops done
[2024-10-11 13:53:11,842][root][INFO] - render done
[2024-10-11 13:53:11,846][root][INFO] - warp done
[2024-10-11 13:53:11,850][root][INFO] - pose batch data done
[2024-10-11 13:53:11,850][root][INFO] - forward start
[2024-10-11 13:53:11,851][root][INFO] - forward done
[2024-10-11 13:53:11,851][root][INFO] - making cropped data
[2024-10-11 13:53:11,851][root][INFO] - Welcome make_crop_data_batch
[2024-10-11 13:53:11,953][root][INFO] - make tf_to_crops done
[2024-10-11 13:53:11,977][root][INFO] - render done
[2024-10-11 13:53:11,981][root][INFO] - warp done
[2024-10-11 13:53:11,983][root][INFO] - pose batch data done
[2024-10-11 13:53:11,983][root][INFO] - forward start
[2024-10-11 13:53:11,985][root][INFO] - forward done
[2024-10-11 13:53:11,985][root][INFO] - making cropped data
[2024-10-11 13:53:11,985][root][INFO] - Welcome make_crop_data_batch
[2024-10-11 13:53:12,086][root][INFO] - make tf_to_crops done
[2024-10-11 13:53:12,109][root][INFO] - render done
[2024-10-11 13:53:12,112][root][INFO] - warp done
[2024-10-11 13:53:12,115][root][INFO] - pose batch data done
[2024-10-11 13:53:12,115][root][INFO] - forward start
[2024-10-11 13:53:12,117][root][INFO] - forward done
[2024-10-11 13:53:12,117][root][INFO] - making cropped data
[2024-10-11 13:53:12,117][root][INFO] - Welcome make_crop_data_batch
[2024-10-11 13:53:12,218][root][INFO] - make tf_to_crops done
[2024-10-11 13:53:12,241][root][INFO] - render done
[2024-10-11 13:53:12,245][root][INFO] - warp done
[2024-10-11 13:53:12,247][root][INFO] - pose batch data done
[2024-10-11 13:53:12,247][root][INFO] - forward start
[2024-10-11 13:53:12,249][root][INFO] - forward done
[2024-10-11 13:53:12,364][root][INFO] - ob_in_cams:(252, 4, 4)
[2024-10-11 13:53:12,365][root][INFO] - self.cfg.use_normal:False
[2024-10-11 13:53:12,365][root][INFO] - making cropped data
[2024-10-11 13:53:12,372][root][INFO] - Welcome make_crop_data_batch
[2024-10-11 13:53:12,373][root][INFO] - make tf_to_crops done
[2024-10-11 13:53:12,393][root][INFO] - render done
[2024-10-11 13:53:12,523][root][INFO] - pose batch data done
[2024-10-11 13:53:12,523][root][INFO] - pose_data.rgbAs.shape[0]: 252
[2024-10-11 13:53:12,525][root][INFO] - forward done
[2024-10-11 13:53:12,632][root][INFO] - final, add_errs min:-1.0
[2024-10-11 13:53:12,635][root][INFO] - sort ids:tensor([ 47, 102, 120, 132, 137, 149, 162, 167, 186,   6,  18,  48,  54, 144,
        150, 156, 168, 174, 179, 180, 192, 197,  49,  59,  95, 185, 157,  90,
        151, 187, 193,  72,  61,  77, 109, 199,  55,  13,  60,  64, 247, 202,
        228, 229,   4,  21, 205, 226, 208, 250, 128, 183, 220, 223, 131,  67,
        135, 147, 160, 246,  52,  57, 195, 204, 240, 222, 153,  51, 100,   5,
         62, 127, 165,  92, 101,  66,  93, 159,  40, 248, 177, 134, 196, 206,
         43, 213,  80, 212,  68, 140,  35,  70, 210,  29,  89, 124,  31, 224,
        230, 241,  44, 198,  14, 217, 232,  42, 113, 138,   1,  41,  86,  36,
        143, 130, 200, 139,  58, 227, 251, 184,  53, 203, 154, 211,  16, 161,
         38, 234, 152, 171,  96,  46,  69,  71, 201, 243,  74, 125, 178, 225,
        155, 235,  85,  94, 117,  22, 136, 107, 233, 239, 216,  32, 172, 242,
        244,  65,  78,  83, 215, 219,  75, 142, 175, 106, 116, 169,  30,  88,
        148, 236, 238,  63,  23, 119,  10, 209, 221, 249,   9, 218,  45,  76,
        191,  37, 190,   2,  34,  91,  97, 163, 173, 194,   0, 141,  17,  73,
        104, 126, 166,  26, 145,   7,  84,  99, 112, 129, 176,  11,  20,  25,
        123, 118, 133, 164, 245,  33,  79,  98, 103, 110, 115, 170, 214,  39,
        122, 181,   3,  50, 105, 114,  19,  27,  28, 189,  82, 158,  12, 111,
        121, 146, 207,  24,  87, 231,   8,  56, 108,  15, 188, 237, 182,  81])
[2024-10-11 13:53:12,637][root][INFO] - sorted scores:tensor([71.5469, 71.5469, 71.5469, 71.5469, 71.5469, 71.5469, 71.5469, 71.5469,
        71.5469, 71.5312, 71.5312, 71.5312, 71.5312, 71.5312, 71.5312, 71.5312,
        71.5312, 71.5312, 71.5312, 71.5312, 71.5312, 71.5000, 71.4531, 71.4219,
        71.4062, 71.3125, 71.2969, 71.2344, 71.2344, 71.2188, 71.2188, 71.2031,
        71.1875, 71.1719, 71.1719, 71.1719, 71.1562, 71.1406, 71.1406, 71.1406,
        71.1406, 71.1094, 71.1094, 71.0938, 71.0781, 71.0781, 71.0781, 71.0781,
        71.0625, 71.0469, 71.0312, 71.0312, 71.0312, 71.0312, 71.0156, 70.9844,
        70.9844, 70.9844, 70.9844, 70.9844, 70.9688, 70.9688, 70.9375, 70.9375,
        70.9375, 70.9219, 70.9062, 70.8750, 70.8750, 70.8594, 70.8594, 70.8594,
        70.8594, 70.8438, 70.8438, 70.8281, 70.8281, 70.8281, 70.7969, 70.7969,
        70.7812, 70.7656, 70.7656, 70.7500, 70.7344, 70.7344, 70.7188, 70.7188,
        70.6875, 70.6875, 70.6719, 70.6719, 70.6562, 70.6406, 70.6406, 70.6406,
        70.6250, 70.6250, 70.6250, 70.6094, 70.5938, 70.5938, 70.5781, 70.5625,
        70.5625, 70.5312, 70.5312, 70.5156, 70.5000, 70.5000, 70.5000, 70.4688,
        70.4531, 70.4375, 70.4375, 70.4062, 70.3906, 70.3906, 70.3906, 70.3750,
        70.3281, 70.3281, 70.2969, 70.2969, 70.2812, 70.2656, 70.2344, 70.2344,
        70.2031, 70.1875, 70.1406, 70.1250, 70.1250, 70.1250, 70.1250, 70.1250,
        70.1094, 70.1094, 70.1094, 70.1094, 70.0938, 70.0938, 70.0781, 70.0781,
        70.0781, 70.0625, 70.0625, 70.0469, 70.0469, 70.0469, 70.0312, 70.0156,
        70.0156, 70.0156, 70.0156, 70.0000, 70.0000, 70.0000, 70.0000, 70.0000,
        69.9844, 69.9844, 69.9688, 69.9531, 69.9531, 69.9531, 69.9375, 69.9375,
        69.9375, 69.9375, 69.9375, 69.9219, 69.9062, 69.9062, 69.8906, 69.8906,
        69.8906, 69.8750, 69.8594, 69.8594, 69.8438, 69.8438, 69.8438, 69.8281,
        69.8281, 69.8125, 69.8125, 69.8125, 69.8125, 69.8125, 69.8125, 69.8125,
        69.7969, 69.7969, 69.7812, 69.7812, 69.7812, 69.7812, 69.7812, 69.7656,
        69.7656, 69.7500, 69.7500, 69.7500, 69.7500, 69.7500, 69.7500, 69.7344,
        69.7344, 69.7344, 69.7344, 69.7188, 69.7188, 69.7188, 69.7188, 69.7031,
        69.7031, 69.7031, 69.7031, 69.7031, 69.7031, 69.7031, 69.7031, 69.6875,
        69.6875, 69.6875, 69.6719, 69.6719, 69.6719, 69.6719, 69.6562, 69.6562,
        69.6562, 69.6562, 69.6406, 69.6406, 69.6250, 69.6250, 69.6250, 69.6250,
        69.6250, 69.6094, 69.6094, 69.6094, 69.5938, 69.5938, 69.5938, 69.5781,
        69.5781, 69.5625, 69.5469, 69.5156])
