[2024-09-20 11:41:16,970][root][INFO] - self.cfg: 
 lr: 0.0001
c_in: 6
zfar: 'Infinity'
debug: null
n_view: 1
run_id: 3wy8qqex
use_BN: true
exp_name: 2024-01-11-20-02-45
n_epochs: 62
save_dir: /home/bowenw/debug/2024-01-11-20-02-45/
use_mask: false
loss_type: pairwise_valid
optimizer: adam
batch_size: 64
crop_ratio: 1.1
enable_amp: true
use_normal: false
max_num_key: null
warmup_step: -1
input_resize:
- 160
- 160
max_step_val: 1000
vis_interval: 1000
weight_decay: 0
normalize_xyz: true
resume_run_id: null
clip_grad_norm: 'Infinity'
lr_epoch_decay: 500
render_backend: nvdiffrast
train_num_pair: 5
lr_decay_epochs:
- 50
n_epochs_warmup: 1
make_pair_online: false
gradient_max_norm: 'Infinity'
max_step_per_epoch: 10000
n_rendering_workers: 1
save_epoch_interval: 100
n_dataloader_workers: 100
split_objects_across_gpus: true
ckpt_dir: FoundationPose/learning/training/../../weights/2024-01-11-20-02-45/model_best.pth

[2024-09-20 11:41:16,970][root][INFO] - self.h5_file:None
[2024-09-20 11:41:17,151][root][INFO] - Using pretrained model from FoundationPose/learning/training/../../weights/2024-01-11-20-02-45/model_best.pth
[2024-09-20 11:41:17,213][root][INFO] - init done
[2024-09-20 11:41:17,213][root][INFO] - welcome
[2024-09-20 11:41:17,217][root][INFO] - self.cfg: 
 lr: 0.0001
c_in: 6
zfar: .inf
debug: null
w_rot: 0.1
n_view: 1
run_id: null
use_BN: true
rot_rep: axis_angle
ckpt_dir: FoundationPose/learning/training/../../weights/2023-10-28-18-33-37/model_best.pth
exp_name: 2023-10-28-18-33-37
save_dir: /tmp/2023-10-28-18-33-37/
loss_type: l2
optimizer: adam
trans_rep: tracknet
batch_size: 64
crop_ratio: 1.2
use_normal: false
BN_momentum: 0.1
max_num_key: null
warmup_step: -1
input_resize:
- 160
- 160
max_step_val: 1000
normal_uint8: false
vis_interval: 1000
weight_decay: 0
n_max_objects: null
normalize_xyz: true
clip_grad_norm: 'Infinity'
rot_normalizer: 0.3490658503988659
trans_normalizer:
- 0.019999999552965164
- 0.019999999552965164
- 0.05000000074505806
max_step_per_epoch: 25000
val_epoch_interval: 10
n_dataloader_workers: 60
enable_amp: true
use_mask: false

[2024-09-20 11:41:17,217][root][INFO] - self.h5_file:
[2024-09-20 11:41:17,262][root][INFO] - Using pretrained model from FoundationPose/learning/training/../../weights/2023-10-28-18-33-37/model_best.pth
[2024-09-20 11:41:17,284][root][INFO] - init done
[2024-09-20 11:41:18,214][root][INFO] - self.diameter:0.11834483055076726, vox_size:0.005917241527538363
[2024-09-20 11:41:18,229][root][INFO] - self.pts:torch.Size([1023, 3])
[2024-09-20 11:41:18,749][root][INFO] - reset done
[2024-09-20 11:41:18,749][root][INFO] - cam_in_obs:(42, 4, 4)
[2024-09-20 11:41:18,751][root][INFO] - rot_grid:(252, 4, 4)
[2024-09-20 11:41:18,752][root][INFO] - after cluster, rot_grid:(252, 4, 4)
[2024-09-20 11:41:18,752][root][INFO] - self.rot_grid: torch.Size([252, 4, 4])
[2024-09-20 11:41:26,835][root][INFO] - Welcome
[2024-09-20 11:41:26,849][root][INFO] - poses:(252, 4, 4)
[2024-09-20 11:41:26,858][root][INFO] - after viewpoint, add_errs min:-1.0
[2024-09-20 11:41:26,911][root][INFO] - ob_in_cams:(252, 4, 4)
[2024-09-20 11:41:26,912][root][INFO] - self.cfg.use_normal:False
[2024-09-20 11:41:26,912][root][INFO] - trans_normalizer:[0.019999999552965164, 0.019999999552965164, 0.05000000074505806], rot_normalizer:0.3490658503988659
[2024-09-20 11:41:26,935][root][INFO] - making cropped data
[2024-09-20 11:41:26,935][root][INFO] - Welcome make_crop_data_batch
[2024-09-20 11:41:26,939][root][INFO] - make tf_to_crops done
[2024-09-20 11:41:26,961][root][INFO] - render done
[2024-09-20 11:41:26,966][root][INFO] - warp done
[2024-09-20 11:41:26,971][root][INFO] - pose batch data done
[2024-09-20 11:41:26,971][root][INFO] - forward start
[2024-09-20 11:41:27,085][root][INFO] - forward done
[2024-09-20 11:41:27,097][root][INFO] - making cropped data
[2024-09-20 11:41:27,097][root][INFO] - Welcome make_crop_data_batch
[2024-09-20 11:41:27,097][root][INFO] - make tf_to_crops done
[2024-09-20 11:41:27,111][root][INFO] - render done
[2024-09-20 11:41:27,115][root][INFO] - warp done
[2024-09-20 11:41:27,117][root][INFO] - pose batch data done
[2024-09-20 11:41:27,117][root][INFO] - forward start
[2024-09-20 11:41:27,119][root][INFO] - forward done
[2024-09-20 11:41:27,119][root][INFO] - making cropped data
[2024-09-20 11:41:27,119][root][INFO] - Welcome make_crop_data_batch
[2024-09-20 11:41:27,218][root][INFO] - make tf_to_crops done
[2024-09-20 11:41:27,231][root][INFO] - render done
[2024-09-20 11:41:27,234][root][INFO] - warp done
[2024-09-20 11:41:27,237][root][INFO] - pose batch data done
[2024-09-20 11:41:27,237][root][INFO] - forward start
[2024-09-20 11:41:27,239][root][INFO] - forward done
[2024-09-20 11:41:27,239][root][INFO] - making cropped data
[2024-09-20 11:41:27,239][root][INFO] - Welcome make_crop_data_batch
[2024-09-20 11:41:27,336][root][INFO] - make tf_to_crops done
[2024-09-20 11:41:27,349][root][INFO] - render done
[2024-09-20 11:41:27,352][root][INFO] - warp done
[2024-09-20 11:41:27,355][root][INFO] - pose batch data done
[2024-09-20 11:41:27,355][root][INFO] - forward start
[2024-09-20 11:41:27,356][root][INFO] - forward done
[2024-09-20 11:41:27,357][root][INFO] - making cropped data
[2024-09-20 11:41:27,357][root][INFO] - Welcome make_crop_data_batch
[2024-09-20 11:41:27,453][root][INFO] - make tf_to_crops done
[2024-09-20 11:41:27,466][root][INFO] - render done
[2024-09-20 11:41:27,470][root][INFO] - warp done
[2024-09-20 11:41:27,473][root][INFO] - pose batch data done
[2024-09-20 11:41:27,473][root][INFO] - forward start
[2024-09-20 11:41:27,474][root][INFO] - forward done
[2024-09-20 11:41:27,586][root][INFO] - ob_in_cams:(252, 4, 4)
[2024-09-20 11:41:27,586][root][INFO] - self.cfg.use_normal:False
[2024-09-20 11:41:27,586][root][INFO] - making cropped data
[2024-09-20 11:41:27,593][root][INFO] - Welcome make_crop_data_batch
[2024-09-20 11:41:27,593][root][INFO] - make tf_to_crops done
[2024-09-20 11:41:27,605][root][INFO] - render done
[2024-09-20 11:41:27,732][root][INFO] - pose batch data done
[2024-09-20 11:41:27,732][root][INFO] - pose_data.rgbAs.shape[0]: 252
[2024-09-20 11:41:27,826][root][INFO] - forward done
[2024-09-20 11:41:27,844][root][INFO] - final, add_errs min:-1.0
[2024-09-20 11:41:27,853][root][INFO] - sort ids:tensor([249,  69, 237, 231, 207,  63,  15, 232, 151, 156,  48, 162, 238,  28,
         88, 109, 242, 121, 235, 112,  25,  34, 113, 150, 204, 234,  26, 222,
        198, 228, 246, 192, 157,  18,  66, 240, 245, 190,  47,  92, 206, 219,
        182, 183, 213,  57, 189,  81, 212, 220,  49,  93,  35, 241,  30, 145,
        230, 152, 193, 185, 186, 236,  68, 108, 187, 194, 117, 143, 110,  50,
         67, 223,  37, 229,  38,  29, 142, 174,  54,  55, 168,  58,  70, 158,
        221, 118, 138, 180, 239,  39,  59, 163,  32,  42,  64,  82,  95, 171,
        149, 233, 130, 139, 209, 224,  11, 173, 214,  80, 116,  40, 184, 216,
        159,  65, 196, 215,  86, 191,  10,  60, 247,  14,  85, 141, 160, 165,
        250,  56, 127, 167, 164,  21, 248,  20, 123, 137, 177, 181, 201,   6,
         51, 140, 199,  79, 179, 197,  44, 208, 134, 153, 155, 188, 244, 146,
        170, 147, 251,   4, 106, 120,  36, 136, 210, 115, 122, 175, 176,  43,
         46, 129,   7,  19,  62,  72, 200,   8, 195, 243,  76,  87, 124,  13,
        203,   1, 107, 226, 161,   0, 103, 218,  75,  53,  89, 131, 217,  74,
         84, 132,  12,  31,  91,   3,  71, 126, 144,   2, 119,   5,  83,  96,
         90,  97, 205,  45,  61, 111, 172, 102, 104, 114, 211,  27, 166, 225,
         22,  24,  99,  73,  98, 178,  52,  94, 148, 128,  78,  23, 133, 101,
         41, 202,  16,  33,  77, 154, 227, 125,  17, 100, 169, 135,   9, 105])
[2024-09-20 11:41:27,857][root][INFO] - sorted scores:tensor([93.3906, 93.3867, 93.3867, 93.3789, 93.3281, 93.2734, 93.2695, 93.2422,
        93.2188, 93.2070, 93.1953, 93.1875, 93.1719, 93.1680, 93.1562, 93.1484,
        93.1406, 93.1250, 93.0781, 93.0742, 93.0703, 93.0664, 93.0547, 93.0547,
        93.0547, 93.0547, 93.0469, 93.0430, 93.0391, 93.0352, 93.0312, 93.0195,
        93.0156, 93.0117, 93.0117, 93.0078, 93.0000, 92.9922, 92.9883, 92.9883,
        92.9883, 92.9883, 92.9805, 92.9609, 92.9570, 92.9531, 92.9531, 92.9492,
        92.9414, 92.9414, 92.9336, 92.9297, 92.9219, 92.9219, 92.9102, 92.9102,
        92.9102, 92.9062, 92.9023, 92.8984, 92.8906, 92.8906, 92.8867, 92.8867,
        92.8828, 92.8828, 92.8789, 92.8789, 92.8750, 92.8672, 92.8672, 92.8672,
        92.8594, 92.8594, 92.8555, 92.8477, 92.8438, 92.8398, 92.8359, 92.8359,
        92.8320, 92.8281, 92.8281, 92.8281, 92.8281, 92.8242, 92.8242, 92.8242,
        92.8203, 92.8164, 92.8164, 92.8164, 92.8125, 92.8125, 92.8125, 92.8086,
        92.8086, 92.8008, 92.7969, 92.7969, 92.7891, 92.7891, 92.7891, 92.7891,
        92.7852, 92.7852, 92.7852, 92.7812, 92.7812, 92.7773, 92.7773, 92.7773,
        92.7734, 92.7695, 92.7695, 92.7695, 92.7656, 92.7656, 92.7617, 92.7617,
        92.7617, 92.7578, 92.7578, 92.7578, 92.7578, 92.7578, 92.7500, 92.7461,
        92.7461, 92.7461, 92.7422, 92.7383, 92.7383, 92.7305, 92.7305, 92.7305,
        92.7305, 92.7305, 92.7305, 92.7266, 92.7266, 92.7266, 92.7266, 92.7227,
        92.7227, 92.7227, 92.7188, 92.7148, 92.7109, 92.7109, 92.7109, 92.7109,
        92.7109, 92.7070, 92.7070, 92.7031, 92.7031, 92.6992, 92.6992, 92.6992,
        92.6953, 92.6953, 92.6953, 92.6914, 92.6797, 92.6797, 92.6797, 92.6758,
        92.6758, 92.6719, 92.6680, 92.6680, 92.6680, 92.6680, 92.6641, 92.6602,
        92.6602, 92.6562, 92.6523, 92.6523, 92.6523, 92.6484, 92.6484, 92.6445,
        92.6445, 92.6445, 92.6406, 92.6367, 92.6367, 92.6367, 92.6328, 92.6211,
        92.6172, 92.6172, 92.6172, 92.6133, 92.6133, 92.6133, 92.6094, 92.6094,
        92.6055, 92.6016, 92.6016, 92.6016, 92.6016, 92.5938, 92.5898, 92.5859,
        92.5859, 92.5859, 92.5820, 92.5742, 92.5742, 92.5703, 92.5703, 92.5703,
        92.5703, 92.5664, 92.5664, 92.5664, 92.5664, 92.5625, 92.5625, 92.5625,
        92.5586, 92.5508, 92.5508, 92.5469, 92.5469, 92.5469, 92.5430, 92.5430,
        92.5430, 92.5312, 92.5273, 92.5234, 92.5234, 92.5195, 92.5156, 92.5117,
        92.4961, 92.4961, 92.4883, 92.4883, 92.4844, 92.4805, 92.4766, 92.4531,
        92.4531, 92.4180, 92.3672, 92.3125])
[2024-09-20 11:41:32,992][websockets.server][INFO] - server listening on 0.0.0.0:8080
[2024-09-20 11:41:34,490][websockets.server][INFO] - connection open
[2024-09-20 11:41:37,594][root][INFO] - Succeeded to open port: /dev/ttyUSB0
[2024-09-20 11:41:37,594][root][INFO] - Succeeded to set baudrate to 3000000
[2024-09-20 11:41:48,497][websockets.server][INFO] - connection open
[2024-09-20 11:41:57,121][root][ERROR] - > read: [TxRxResult] Incorrect status packet!
[2024-09-20 11:41:57,156][root][ERROR] - > read: [TxRxResult] There is no status packet!
[2024-09-20 11:41:57,293][root][ERROR] - > read: [TxRxResult] There is no status packet!
[2024-09-20 11:41:57,328][root][ERROR] - > read: [TxRxResult] There is no status packet!
