[2024-09-21 00:41:59,987][root][INFO] - self.cfg: 
 lr: 0.0001
c_in: 6
zfar: 'Infinity'
debug: null
n_view: 1
run_id: 3wy8qqex
use_BN: true
exp_name: 2024-01-11-20-02-45
n_epochs: 62
save_dir: /home/bowenw/debug/2024-01-11-20-02-45/
use_mask: false
loss_type: pairwise_valid
optimizer: adam
batch_size: 64
crop_ratio: 1.1
enable_amp: true
use_normal: false
max_num_key: null
warmup_step: -1
input_resize:
- 160
- 160
max_step_val: 1000
vis_interval: 1000
weight_decay: 0
normalize_xyz: true
resume_run_id: null
clip_grad_norm: 'Infinity'
lr_epoch_decay: 500
render_backend: nvdiffrast
train_num_pair: 5
lr_decay_epochs:
- 50
n_epochs_warmup: 1
make_pair_online: false
gradient_max_norm: 'Infinity'
max_step_per_epoch: 10000
n_rendering_workers: 1
save_epoch_interval: 100
n_dataloader_workers: 100
split_objects_across_gpus: true
ckpt_dir: FoundationPose/learning/training/../../weights/2024-01-11-20-02-45/model_best.pth

[2024-09-21 00:41:59,987][root][INFO] - self.h5_file:None
[2024-09-21 00:42:00,187][root][INFO] - Using pretrained model from FoundationPose/learning/training/../../weights/2024-01-11-20-02-45/model_best.pth
[2024-09-21 00:42:00,249][root][INFO] - init done
[2024-09-21 00:42:00,249][root][INFO] - welcome
[2024-09-21 00:42:00,253][root][INFO] - self.cfg: 
 lr: 0.0001
c_in: 6
zfar: .inf
debug: null
w_rot: 0.1
n_view: 1
run_id: null
use_BN: true
rot_rep: axis_angle
ckpt_dir: FoundationPose/learning/training/../../weights/2023-10-28-18-33-37/model_best.pth
exp_name: 2023-10-28-18-33-37
save_dir: /tmp/2023-10-28-18-33-37/
loss_type: l2
optimizer: adam
trans_rep: tracknet
batch_size: 64
crop_ratio: 1.2
use_normal: false
BN_momentum: 0.1
max_num_key: null
warmup_step: -1
input_resize:
- 160
- 160
max_step_val: 1000
normal_uint8: false
vis_interval: 1000
weight_decay: 0
n_max_objects: null
normalize_xyz: true
clip_grad_norm: 'Infinity'
rot_normalizer: 0.3490658503988659
trans_normalizer:
- 0.019999999552965164
- 0.019999999552965164
- 0.05000000074505806
max_step_per_epoch: 25000
val_epoch_interval: 10
n_dataloader_workers: 60
enable_amp: true
use_mask: false

[2024-09-21 00:42:00,253][root][INFO] - self.h5_file:
[2024-09-21 00:42:00,300][root][INFO] - Using pretrained model from FoundationPose/learning/training/../../weights/2023-10-28-18-33-37/model_best.pth
[2024-09-21 00:42:00,324][root][INFO] - init done
[2024-09-21 00:42:02,598][root][INFO] - self.diameter:0.16911805808118208, vox_size:0.008455902904059103
[2024-09-21 00:42:02,613][root][INFO] - self.pts:torch.Size([675, 3])
[2024-09-21 00:42:03,587][root][INFO] - reset done
[2024-09-21 00:42:03,588][root][INFO] - cam_in_obs:(42, 4, 4)
[2024-09-21 00:42:03,591][root][INFO] - rot_grid:(252, 4, 4)
[2024-09-21 00:42:03,592][root][INFO] - after cluster, rot_grid:(252, 4, 4)
[2024-09-21 00:42:03,592][root][INFO] - self.rot_grid: torch.Size([252, 4, 4])
[2024-09-21 00:42:14,186][root][INFO] - Welcome
[2024-09-21 00:42:14,200][root][INFO] - poses:(252, 4, 4)
[2024-09-21 00:42:14,209][root][INFO] - after viewpoint, add_errs min:-1.0
[2024-09-21 00:42:14,290][root][INFO] - ob_in_cams:(252, 4, 4)
[2024-09-21 00:42:14,290][root][INFO] - self.cfg.use_normal:False
[2024-09-21 00:42:14,290][root][INFO] - trans_normalizer:[0.019999999552965164, 0.019999999552965164, 0.05000000074505806], rot_normalizer:0.3490658503988659
[2024-09-21 00:42:14,293][root][INFO] - making cropped data
[2024-09-21 00:42:14,293][root][INFO] - Welcome make_crop_data_batch
[2024-09-21 00:42:14,296][root][INFO] - make tf_to_crops done
[2024-09-21 00:42:14,328][root][INFO] - render done
[2024-09-21 00:42:14,333][root][INFO] - warp done
[2024-09-21 00:42:14,339][root][INFO] - pose batch data done
[2024-09-21 00:42:14,339][root][INFO] - forward start
[2024-09-21 00:42:14,457][root][INFO] - forward done
[2024-09-21 00:42:14,467][root][INFO] - making cropped data
[2024-09-21 00:42:14,467][root][INFO] - Welcome make_crop_data_batch
[2024-09-21 00:42:14,468][root][INFO] - make tf_to_crops done
[2024-09-21 00:42:14,491][root][INFO] - render done
[2024-09-21 00:42:14,495][root][INFO] - warp done
[2024-09-21 00:42:14,498][root][INFO] - pose batch data done
[2024-09-21 00:42:14,498][root][INFO] - forward start
[2024-09-21 00:42:14,499][root][INFO] - forward done
[2024-09-21 00:42:14,499][root][INFO] - making cropped data
[2024-09-21 00:42:14,499][root][INFO] - Welcome make_crop_data_batch
[2024-09-21 00:42:14,598][root][INFO] - make tf_to_crops done
[2024-09-21 00:42:14,621][root][INFO] - render done
[2024-09-21 00:42:14,624][root][INFO] - warp done
[2024-09-21 00:42:14,627][root][INFO] - pose batch data done
[2024-09-21 00:42:14,627][root][INFO] - forward start
[2024-09-21 00:42:14,628][root][INFO] - forward done
[2024-09-21 00:42:14,629][root][INFO] - making cropped data
[2024-09-21 00:42:14,629][root][INFO] - Welcome make_crop_data_batch
[2024-09-21 00:42:14,729][root][INFO] - make tf_to_crops done
[2024-09-21 00:42:14,750][root][INFO] - render done
[2024-09-21 00:42:14,754][root][INFO] - warp done
[2024-09-21 00:42:14,757][root][INFO] - pose batch data done
[2024-09-21 00:42:14,757][root][INFO] - forward start
[2024-09-21 00:42:14,758][root][INFO] - forward done
[2024-09-21 00:42:14,758][root][INFO] - making cropped data
[2024-09-21 00:42:14,759][root][INFO] - Welcome make_crop_data_batch
[2024-09-21 00:42:14,858][root][INFO] - make tf_to_crops done
[2024-09-21 00:42:14,881][root][INFO] - render done
[2024-09-21 00:42:14,884][root][INFO] - warp done
[2024-09-21 00:42:14,887][root][INFO] - pose batch data done
[2024-09-21 00:42:14,887][root][INFO] - forward start
[2024-09-21 00:42:14,888][root][INFO] - forward done
[2024-09-21 00:42:15,004][root][INFO] - ob_in_cams:(252, 4, 4)
[2024-09-21 00:42:15,004][root][INFO] - self.cfg.use_normal:False
[2024-09-21 00:42:15,004][root][INFO] - making cropped data
[2024-09-21 00:42:15,011][root][INFO] - Welcome make_crop_data_batch
[2024-09-21 00:42:15,011][root][INFO] - make tf_to_crops done
[2024-09-21 00:42:15,032][root][INFO] - render done
[2024-09-21 00:42:15,158][root][INFO] - pose batch data done
[2024-09-21 00:42:15,158][root][INFO] - pose_data.rgbAs.shape[0]: 252
[2024-09-21 00:42:15,253][root][INFO] - forward done
[2024-09-21 00:42:15,271][root][INFO] - final, add_errs min:-1.0
[2024-09-21 00:42:15,280][root][INFO] - sort ids:tensor([  8,  33,  74,   1,   2,   7,  32,  73,  97,  98,  99, 103, 104, 133,
        134, 146, 170, 188, 194,  31,  56, 224, 225, 242, 187, 243,  37, 181,
        223, 127, 128, 122,  63,   3, 219, 189, 116, 152,  29, 121,  19, 112,
        249, 231, 111, 117, 232, 238, 110,  89, 106,  16,  82, 151, 213, 206,
         85, 212, 229,  88,  38, 142, 235,  36,  44,  14,  34,  79,  92, 165,
         86,  94, 115, 234, 244,  91,  80, 137, 157,  43,  46,  57, 186, 207,
        164, 169, 109, 158, 190, 199, 217, 101,  21,  25, 136, 105, 168, 150,
        171,  26,  39,  49,  87, 145, 167,  62,  81,  15,  45,  72,  93, 245,
         20,  54,  65,  96, 102, 126, 135, 214, 220,   0,   5,   6, 123, 222,
         28, 227, 237,  17, 166, 201, 216,  35,  69, 144, 155, 156, 192, 236,
         10,  23,  95, 107, 108, 149, 179, 180, 183,  11,  22,  27,  40,  77,
        118, 132, 173,  13,  48,  50,  51,  67,  83,  90, 131, 147, 178, 211,
        247,  61,  78, 120, 174, 185, 198, 209, 215,  18,  53,  59, 113, 130,
        141, 195, 203, 205,  66,  76, 191, 193, 208, 218,   4,  55,  75, 114,
        139, 161, 202, 204, 241, 246,  47, 143, 100, 172, 175, 251,   9,  24,
         30,  60, 119, 140, 148, 176, 182, 184, 226, 233, 240, 250,  42,  58,
         68,  70,  84, 124, 125, 138, 153, 162, 200, 221,  41,  52,  64,  71,
        154, 159, 177, 197, 230, 160, 163, 196, 248,  12, 129, 210, 228, 239])
[2024-09-21 00:42:15,284][root][INFO] - sorted scores:tensor([74.0625, 74.0625, 74.0625, 74.0469, 74.0469, 74.0469, 74.0469, 74.0469,
        74.0469, 74.0469, 74.0469, 74.0469, 74.0469, 74.0469, 74.0469, 74.0469,
        74.0469, 74.0469, 74.0469, 74.0312, 74.0312, 73.9844, 73.8438, 73.8125,
        73.7812, 73.7812, 73.7188, 73.7188, 73.6719, 73.6562, 73.6406, 73.6250,
        73.6094, 73.5781, 73.5469, 73.5312, 73.5156, 73.5156, 73.4844, 73.4219,
        73.3906, 73.3906, 73.3906, 73.3594, 73.3125, 73.3125, 73.3125, 73.3125,
        73.2969, 73.2812, 73.2812, 73.2656, 73.2656, 73.2344, 73.1719, 73.1406,
        73.1250, 73.1250, 73.1250, 73.1094, 73.0938, 73.0625, 73.0625, 73.0469,
        73.0469, 73.0156, 73.0000, 73.0000, 72.9688, 72.9688, 72.9531, 72.9531,
        72.9375, 72.9375, 72.9375, 72.9062, 72.8906, 72.8594, 72.8594, 72.8281,
        72.8281, 72.8125, 72.8125, 72.8125, 72.7969, 72.7812, 72.7500, 72.7500,
        72.7500, 72.7344, 72.7344, 72.7031, 72.6875, 72.6875, 72.6875, 72.6719,
        72.6719, 72.6562, 72.6562, 72.6406, 72.6406, 72.6406, 72.6406, 72.6406,
        72.6406, 72.6250, 72.6250, 72.6094, 72.6094, 72.6094, 72.6094, 72.5938,
        72.5781, 72.5781, 72.5781, 72.5781, 72.5781, 72.5781, 72.5781, 72.5781,
        72.5781, 72.5625, 72.5625, 72.5625, 72.5625, 72.5625, 72.5469, 72.5469,
        72.5469, 72.5312, 72.5312, 72.5312, 72.5312, 72.5156, 72.5156, 72.5156,
        72.5156, 72.5156, 72.5156, 72.5156, 72.5000, 72.5000, 72.5000, 72.5000,
        72.5000, 72.5000, 72.5000, 72.5000, 72.5000, 72.4844, 72.4844, 72.4844,
        72.4844, 72.4844, 72.4844, 72.4844, 72.4844, 72.4688, 72.4688, 72.4688,
        72.4688, 72.4688, 72.4688, 72.4688, 72.4688, 72.4688, 72.4688, 72.4688,
        72.4688, 72.4531, 72.4531, 72.4531, 72.4531, 72.4531, 72.4531, 72.4531,
        72.4531, 72.4375, 72.4375, 72.4375, 72.4375, 72.4375, 72.4375, 72.4375,
        72.4375, 72.4375, 72.4219, 72.4219, 72.4219, 72.4219, 72.4219, 72.4219,
        72.4062, 72.4062, 72.4062, 72.4062, 72.4062, 72.4062, 72.4062, 72.4062,
        72.4062, 72.4062, 72.3906, 72.3906, 72.3750, 72.3750, 72.3750, 72.3750,
        72.3594, 72.3594, 72.3594, 72.3594, 72.3594, 72.3594, 72.3594, 72.3594,
        72.3594, 72.3594, 72.3594, 72.3594, 72.3594, 72.3594, 72.3438, 72.3438,
        72.3438, 72.3438, 72.3438, 72.3438, 72.3438, 72.3438, 72.3438, 72.3438,
        72.3438, 72.3438, 72.3281, 72.3281, 72.3281, 72.3281, 72.3281, 72.3281,
        72.3281, 72.3281, 72.3281, 72.3125, 72.3125, 72.3125, 72.3125, 72.2969,
        72.2969, 72.2969, 72.2969, 72.2656])
[2024-09-21 00:42:19,877][websockets.server][INFO] - server listening on 0.0.0.0:8080
[2024-09-21 00:42:23,374][websockets.server][INFO] - connection open
[2024-09-21 00:42:25,381][root][INFO] - Succeeded to open port: /dev/ttyUSB0
[2024-09-21 00:42:25,382][root][INFO] - Succeeded to set baudrate to 3000000
[2024-09-21 00:42:34,244][root][ERROR] - > read: [TxRxResult] Incorrect status packet!
[2024-09-21 00:42:34,283][root][ERROR] - > read: [TxRxResult] Incorrect status packet!
[2024-09-21 00:42:34,284][root][ERROR] - > read: [TxRxResult] Incorrect status packet!
[2024-09-21 00:42:34,333][root][ERROR] - > read: [TxRxResult] Incorrect status packet!
[2024-09-21 00:42:34,389][root][ERROR] - > read: [TxRxResult] Incorrect status packet!
[2024-09-21 00:42:34,424][root][ERROR] - > read: [TxRxResult] There is no status packet!
[2024-09-21 00:42:34,464][root][ERROR] - > read: [TxRxResult] There is no status packet!
[2024-09-21 00:42:34,500][root][ERROR] - > read: [TxRxResult] There is no status packet!
[2024-09-21 00:42:34,540][root][ERROR] - > read: [TxRxResult] There is no status packet!
[2024-09-21 00:42:34,576][root][ERROR] - > read: [TxRxResult] There is no status packet!
[2024-09-21 00:42:34,616][root][ERROR] - > read: [TxRxResult] There is no status packet!
[2024-09-21 00:42:34,652][root][ERROR] - > read: [TxRxResult] There is no status packet!
[2024-09-21 00:42:34,692][root][ERROR] - > read: [TxRxResult] There is no status packet!
