[2024-09-22 20:11:04,165][root][INFO] - self.cfg: 
 lr: 0.0001
c_in: 6
zfar: 'Infinity'
debug: null
n_view: 1
run_id: 3wy8qqex
use_BN: true
exp_name: 2024-01-11-20-02-45
n_epochs: 62
save_dir: /home/bowenw/debug/2024-01-11-20-02-45/
use_mask: false
loss_type: pairwise_valid
optimizer: adam
batch_size: 64
crop_ratio: 1.1
enable_amp: true
use_normal: false
max_num_key: null
warmup_step: -1
input_resize:
- 160
- 160
max_step_val: 1000
vis_interval: 1000
weight_decay: 0
normalize_xyz: true
resume_run_id: null
clip_grad_norm: 'Infinity'
lr_epoch_decay: 500
render_backend: nvdiffrast
train_num_pair: 5
lr_decay_epochs:
- 50
n_epochs_warmup: 1
make_pair_online: false
gradient_max_norm: 'Infinity'
max_step_per_epoch: 10000
n_rendering_workers: 1
save_epoch_interval: 100
n_dataloader_workers: 100
split_objects_across_gpus: true
ckpt_dir: FoundationPose/learning/training/../../weights/2024-01-11-20-02-45/model_best.pth

[2024-09-22 20:11:04,165][root][INFO] - self.h5_file:None
[2024-09-22 20:11:04,365][root][INFO] - Using pretrained model from FoundationPose/learning/training/../../weights/2024-01-11-20-02-45/model_best.pth
[2024-09-22 20:11:04,430][root][INFO] - init done
[2024-09-22 20:11:04,430][root][INFO] - welcome
[2024-09-22 20:11:04,433][root][INFO] - self.cfg: 
 lr: 0.0001
c_in: 6
zfar: .inf
debug: null
w_rot: 0.1
n_view: 1
run_id: null
use_BN: true
rot_rep: axis_angle
ckpt_dir: FoundationPose/learning/training/../../weights/2023-10-28-18-33-37/model_best.pth
exp_name: 2023-10-28-18-33-37
save_dir: /tmp/2023-10-28-18-33-37/
loss_type: l2
optimizer: adam
trans_rep: tracknet
batch_size: 64
crop_ratio: 1.2
use_normal: false
BN_momentum: 0.1
max_num_key: null
warmup_step: -1
input_resize:
- 160
- 160
max_step_val: 1000
normal_uint8: false
vis_interval: 1000
weight_decay: 0
n_max_objects: null
normalize_xyz: true
clip_grad_norm: 'Infinity'
rot_normalizer: 0.3490658503988659
trans_normalizer:
- 0.019999999552965164
- 0.019999999552965164
- 0.05000000074505806
max_step_per_epoch: 25000
val_epoch_interval: 10
n_dataloader_workers: 60
enable_amp: true
use_mask: false

[2024-09-22 20:11:04,433][root][INFO] - self.h5_file:
[2024-09-22 20:11:04,481][root][INFO] - Using pretrained model from FoundationPose/learning/training/../../weights/2023-10-28-18-33-37/model_best.pth
[2024-09-22 20:11:04,503][root][INFO] - init done
[2024-09-22 20:11:06,693][root][INFO] - self.diameter:0.2324774443430137, vox_size:0.011623872217150685
[2024-09-22 20:11:06,709][root][INFO] - self.pts:torch.Size([385, 3])
[2024-09-22 20:11:07,513][root][INFO] - reset done
[2024-09-22 20:11:07,513][root][INFO] - cam_in_obs:(42, 4, 4)
[2024-09-22 20:11:07,514][root][INFO] - rot_grid:(252, 4, 4)
[2024-09-22 20:11:07,515][root][INFO] - after cluster, rot_grid:(252, 4, 4)
[2024-09-22 20:11:07,515][root][INFO] - self.rot_grid: torch.Size([252, 4, 4])
[2024-09-22 20:11:15,422][root][INFO] - Welcome
[2024-09-22 20:11:15,437][root][INFO] - poses:(252, 4, 4)
[2024-09-22 20:11:15,448][root][INFO] - after viewpoint, add_errs min:-1.0
[2024-09-22 20:11:15,488][root][INFO] - ob_in_cams:(252, 4, 4)
[2024-09-22 20:11:15,488][root][INFO] - self.cfg.use_normal:False
[2024-09-22 20:11:15,488][root][INFO] - trans_normalizer:[0.019999999552965164, 0.019999999552965164, 0.05000000074505806], rot_normalizer:0.3490658503988659
[2024-09-22 20:11:15,523][root][INFO] - making cropped data
[2024-09-22 20:11:15,523][root][INFO] - Welcome make_crop_data_batch
[2024-09-22 20:11:15,529][root][INFO] - make tf_to_crops done
[2024-09-22 20:11:15,556][root][INFO] - render done
[2024-09-22 20:11:15,562][root][INFO] - warp done
[2024-09-22 20:11:15,567][root][INFO] - pose batch data done
[2024-09-22 20:11:15,567][root][INFO] - forward start
[2024-09-22 20:11:15,685][root][INFO] - forward done
[2024-09-22 20:11:15,696][root][INFO] - making cropped data
[2024-09-22 20:11:15,696][root][INFO] - Welcome make_crop_data_batch
[2024-09-22 20:11:15,697][root][INFO] - make tf_to_crops done
[2024-09-22 20:11:15,716][root][INFO] - render done
[2024-09-22 20:11:15,720][root][INFO] - warp done
[2024-09-22 20:11:15,722][root][INFO] - pose batch data done
[2024-09-22 20:11:15,722][root][INFO] - forward start
[2024-09-22 20:11:15,724][root][INFO] - forward done
[2024-09-22 20:11:15,724][root][INFO] - making cropped data
[2024-09-22 20:11:15,724][root][INFO] - Welcome make_crop_data_batch
[2024-09-22 20:11:15,824][root][INFO] - make tf_to_crops done
[2024-09-22 20:11:15,841][root][INFO] - render done
[2024-09-22 20:11:15,845][root][INFO] - warp done
[2024-09-22 20:11:15,848][root][INFO] - pose batch data done
[2024-09-22 20:11:15,848][root][INFO] - forward start
[2024-09-22 20:11:15,849][root][INFO] - forward done
[2024-09-22 20:11:15,850][root][INFO] - making cropped data
[2024-09-22 20:11:15,850][root][INFO] - Welcome make_crop_data_batch
[2024-09-22 20:11:15,950][root][INFO] - make tf_to_crops done
[2024-09-22 20:11:15,967][root][INFO] - render done
[2024-09-22 20:11:15,971][root][INFO] - warp done
[2024-09-22 20:11:15,973][root][INFO] - pose batch data done
[2024-09-22 20:11:15,973][root][INFO] - forward start
[2024-09-22 20:11:15,975][root][INFO] - forward done
[2024-09-22 20:11:15,975][root][INFO] - making cropped data
[2024-09-22 20:11:15,975][root][INFO] - Welcome make_crop_data_batch
[2024-09-22 20:11:16,073][root][INFO] - make tf_to_crops done
[2024-09-22 20:11:16,090][root][INFO] - render done
[2024-09-22 20:11:16,095][root][INFO] - warp done
[2024-09-22 20:11:16,097][root][INFO] - pose batch data done
[2024-09-22 20:11:16,097][root][INFO] - forward start
[2024-09-22 20:11:16,099][root][INFO] - forward done
[2024-09-22 20:11:16,211][root][INFO] - ob_in_cams:(252, 4, 4)
[2024-09-22 20:11:16,212][root][INFO] - self.cfg.use_normal:False
[2024-09-22 20:11:16,212][root][INFO] - making cropped data
[2024-09-22 20:11:16,220][root][INFO] - Welcome make_crop_data_batch
[2024-09-22 20:11:16,221][root][INFO] - make tf_to_crops done
[2024-09-22 20:11:16,236][root][INFO] - render done
[2024-09-22 20:11:16,366][root][INFO] - pose batch data done
[2024-09-22 20:11:16,366][root][INFO] - pose_data.rgbAs.shape[0]: 252
[2024-09-22 20:11:16,464][root][INFO] - forward done
[2024-09-22 20:11:16,482][root][INFO] - final, add_errs min:-1.0
[2024-09-22 20:11:16,491][root][INFO] - sort ids:tensor([  3,   9,  33,  74,  75,  76,  99, 100, 105, 170, 171, 226,   4,   8,
         34, 104, 129, 135, 188, 244, 130, 106, 225, 136,   6, 198,   0,  96,
        131, 132,  42, 163,  47, 126, 203,  72, 221,  77, 102,  32, 169,   5,
        137, 164, 216, 202, 146,  10, 205, 245,  12, 141, 108, 147, 211,  21,
         84, 227,  78, 134, 222,  20,  87, 114,  18,  25, 156,  27,  36,  81,
        120, 133, 189,  43,  58, 103,  90, 152, 154, 231,  15,  61, 125,  85,
        123, 145, 150, 184,  83,  93, 122, 161, 177,  14, 101, 117, 178, 185,
        191, 229, 236,   7,  92, 208, 209,   1,  11,  38,  44,  73, 127, 128,
        138, 230,  86,  89, 116, 155, 204, 243,  23,  24,  95,  98, 174, 179,
         17,  59,  62, 233,  80, 119, 206,   2, 107, 118,  29,  39,  19,  68,
         79, 111,  37,  91,  97, 121, 144, 212,  13,  22,  88, 115, 124, 176,
        197,  16,  28,  82,  94, 196,  53, 248, 232,  35, 218,  26, 151, 158,
         56, 166, 192, 207, 223, 251,  50, 239, 157, 175,  30,  65, 199, 224,
         69, 241, 214,  45,  71, 172, 109, 148, 194, 237, 181, 246, 249, 139,
         49, 182, 238, 153, 168, 220,  60,  67, 112, 183,  70, 162, 215, 210,
        242,  31,  41,  48, 142, 149, 186, 195, 201,  57, 110, 143, 167, 200,
        235, 247,  63, 113, 160, 173, 190, 219,  52,  55,  64, 140, 187, 193,
        250,  40,  46, 159, 180, 213, 217, 165, 234,  54,  66, 228,  51, 240])
[2024-09-22 20:11:16,495][root][INFO] - sorted scores:tensor([78.8594, 78.8594, 78.8594, 78.8594, 78.8594, 78.8594, 78.8594, 78.8594,
        78.8594, 78.8594, 78.8594, 78.8594, 78.8438, 78.8438, 78.8438, 78.8438,
        78.8438, 78.8438, 78.8438, 78.8438, 78.7812, 78.7656, 78.7031, 78.6719,
        78.5625, 78.5625, 78.5312, 78.5312, 78.5312, 78.5312, 78.5156, 78.5156,
        78.5000, 78.5000, 78.4844, 78.4688, 78.4688, 78.4531, 78.4375, 78.3594,
        78.3281, 78.3125, 78.2969, 78.2500, 78.2500, 78.2188, 78.2031, 78.1875,
        78.1719, 78.1406, 78.1250, 78.1250, 78.0781, 78.0781, 78.0469, 78.0312,
        78.0312, 78.0312, 78.0156, 78.0156, 78.0000, 77.9688, 77.9688, 77.9688,
        77.9531, 77.9531, 77.9531, 77.9375, 77.9375, 77.9375, 77.9375, 77.9375,
        77.9375, 77.9219, 77.9219, 77.9219, 77.9062, 77.9062, 77.9062, 77.9062,
        77.8906, 77.8906, 77.8906, 77.8750, 77.8750, 77.8750, 77.8750, 77.8750,
        77.8594, 77.8594, 77.8594, 77.8594, 77.8594, 77.8438, 77.8438, 77.8438,
        77.8438, 77.8438, 77.8438, 77.8438, 77.8438, 77.8281, 77.8281, 77.8281,
        77.8281, 77.8125, 77.8125, 77.8125, 77.8125, 77.8125, 77.8125, 77.8125,
        77.8125, 77.8125, 77.7969, 77.7969, 77.7969, 77.7969, 77.7969, 77.7969,
        77.7812, 77.7812, 77.7812, 77.7812, 77.7812, 77.7812, 77.7656, 77.7656,
        77.7656, 77.7656, 77.7500, 77.7500, 77.7500, 77.7344, 77.7344, 77.7344,
        77.7188, 77.7188, 77.7031, 77.7031, 77.7031, 77.7031, 77.6875, 77.6875,
        77.6875, 77.6875, 77.6875, 77.6875, 77.6719, 77.6719, 77.6719, 77.6719,
        77.6719, 77.6719, 77.6719, 77.6562, 77.6562, 77.6562, 77.6562, 77.6562,
        77.6406, 77.6406, 77.6250, 77.5938, 77.5938, 77.5781, 77.5781, 77.5781,
        77.5625, 77.5625, 77.5625, 77.5625, 77.5625, 77.5625, 77.5469, 77.5469,
        77.5312, 77.5312, 77.5156, 77.5156, 77.5156, 77.5000, 77.4844, 77.4844,
        77.4531, 77.4219, 77.4219, 77.4219, 77.4062, 77.4062, 77.4062, 77.3750,
        77.3594, 77.3594, 77.3594, 77.3438, 77.3281, 77.3281, 77.3281, 77.3125,
        77.3125, 77.3125, 77.2969, 77.2969, 77.2969, 77.2969, 77.2812, 77.2812,
        77.2812, 77.2656, 77.2656, 77.2500, 77.2500, 77.2500, 77.2500, 77.2500,
        77.2500, 77.2500, 77.2500, 77.2344, 77.2344, 77.2344, 77.2344, 77.2344,
        77.2344, 77.2344, 77.2188, 77.2188, 77.2188, 77.2188, 77.2188, 77.2188,
        77.2031, 77.2031, 77.2031, 77.2031, 77.2031, 77.2031, 77.2031, 77.1875,
        77.1875, 77.1875, 77.1875, 77.1875, 77.1875, 77.1719, 77.1719, 77.1562,
        77.1562, 77.1562, 77.1250, 77.0938])
[2024-09-22 20:11:27,736][websockets.server][INFO] - server listening on 0.0.0.0:8080
[2024-09-22 20:11:28,863][websockets.server][INFO] - connection open
[2024-09-22 20:11:30,839][root][INFO] - Succeeded to open port: /dev/ttyUSB0
[2024-09-22 20:11:30,840][root][INFO] - Succeeded to set baudrate to 3000000
