[2024-09-20 15:16:07,338][root][INFO] - self.cfg: 
 lr: 0.0001
c_in: 6
zfar: 'Infinity'
debug: null
n_view: 1
run_id: 3wy8qqex
use_BN: true
exp_name: 2024-01-11-20-02-45
n_epochs: 62
save_dir: /home/bowenw/debug/2024-01-11-20-02-45/
use_mask: false
loss_type: pairwise_valid
optimizer: adam
batch_size: 64
crop_ratio: 1.1
enable_amp: true
use_normal: false
max_num_key: null
warmup_step: -1
input_resize:
- 160
- 160
max_step_val: 1000
vis_interval: 1000
weight_decay: 0
normalize_xyz: true
resume_run_id: null
clip_grad_norm: 'Infinity'
lr_epoch_decay: 500
render_backend: nvdiffrast
train_num_pair: 5
lr_decay_epochs:
- 50
n_epochs_warmup: 1
make_pair_online: false
gradient_max_norm: 'Infinity'
max_step_per_epoch: 10000
n_rendering_workers: 1
save_epoch_interval: 100
n_dataloader_workers: 100
split_objects_across_gpus: true
ckpt_dir: FoundationPose/learning/training/../../weights/2024-01-11-20-02-45/model_best.pth

[2024-09-20 15:16:07,338][root][INFO] - self.h5_file:None
[2024-09-20 15:16:07,520][root][INFO] - Using pretrained model from FoundationPose/learning/training/../../weights/2024-01-11-20-02-45/model_best.pth
[2024-09-20 15:16:07,587][root][INFO] - init done
[2024-09-20 15:16:07,587][root][INFO] - welcome
[2024-09-20 15:16:07,591][root][INFO] - self.cfg: 
 lr: 0.0001
c_in: 6
zfar: .inf
debug: null
w_rot: 0.1
n_view: 1
run_id: null
use_BN: true
rot_rep: axis_angle
ckpt_dir: FoundationPose/learning/training/../../weights/2023-10-28-18-33-37/model_best.pth
exp_name: 2023-10-28-18-33-37
save_dir: /tmp/2023-10-28-18-33-37/
loss_type: l2
optimizer: adam
trans_rep: tracknet
batch_size: 64
crop_ratio: 1.2
use_normal: false
BN_momentum: 0.1
max_num_key: null
warmup_step: -1
input_resize:
- 160
- 160
max_step_val: 1000
normal_uint8: false
vis_interval: 1000
weight_decay: 0
n_max_objects: null
normalize_xyz: true
clip_grad_norm: 'Infinity'
rot_normalizer: 0.3490658503988659
trans_normalizer:
- 0.019999999552965164
- 0.019999999552965164
- 0.05000000074505806
max_step_per_epoch: 25000
val_epoch_interval: 10
n_dataloader_workers: 60
enable_amp: true
use_mask: false

[2024-09-20 15:16:07,591][root][INFO] - self.h5_file:
[2024-09-20 15:16:07,642][root][INFO] - Using pretrained model from FoundationPose/learning/training/../../weights/2023-10-28-18-33-37/model_best.pth
[2024-09-20 15:16:07,666][root][INFO] - init done
[2024-09-20 15:16:09,388][root][INFO] - self.diameter:0.08397155096556706, vox_size:0.0041985775482783535
[2024-09-20 15:16:09,403][root][INFO] - self.pts:torch.Size([1273, 3])
[2024-09-20 15:16:10,196][root][INFO] - reset done
[2024-09-20 15:16:10,197][root][INFO] - cam_in_obs:(42, 4, 4)
[2024-09-20 15:16:10,198][root][INFO] - rot_grid:(252, 4, 4)
[2024-09-20 15:16:10,199][root][INFO] - after cluster, rot_grid:(252, 4, 4)
[2024-09-20 15:16:10,199][root][INFO] - self.rot_grid: torch.Size([252, 4, 4])
[2024-09-20 15:16:22,723][root][INFO] - Welcome
[2024-09-20 15:16:22,742][root][INFO] - poses:(252, 4, 4)
[2024-09-20 15:16:22,750][root][INFO] - after viewpoint, add_errs min:-1.0
[2024-09-20 15:16:22,781][root][INFO] - ob_in_cams:(252, 4, 4)
[2024-09-20 15:16:22,782][root][INFO] - self.cfg.use_normal:False
[2024-09-20 15:16:22,782][root][INFO] - trans_normalizer:[0.019999999552965164, 0.019999999552965164, 0.05000000074505806], rot_normalizer:0.3490658503988659
[2024-09-20 15:16:22,828][root][INFO] - making cropped data
[2024-09-20 15:16:22,828][root][INFO] - Welcome make_crop_data_batch
[2024-09-20 15:16:22,831][root][INFO] - make tf_to_crops done
[2024-09-20 15:16:22,860][root][INFO] - render done
[2024-09-20 15:16:22,867][root][INFO] - warp done
[2024-09-20 15:16:22,873][root][INFO] - pose batch data done
[2024-09-20 15:16:22,873][root][INFO] - forward start
[2024-09-20 15:16:22,996][root][INFO] - forward done
[2024-09-20 15:16:23,010][root][INFO] - making cropped data
[2024-09-20 15:16:23,010][root][INFO] - Welcome make_crop_data_batch
[2024-09-20 15:16:23,010][root][INFO] - make tf_to_crops done
[2024-09-20 15:16:23,030][root][INFO] - render done
[2024-09-20 15:16:23,036][root][INFO] - warp done
[2024-09-20 15:16:23,039][root][INFO] - pose batch data done
[2024-09-20 15:16:23,039][root][INFO] - forward start
[2024-09-20 15:16:23,040][root][INFO] - forward done
[2024-09-20 15:16:23,041][root][INFO] - making cropped data
[2024-09-20 15:16:23,041][root][INFO] - Welcome make_crop_data_batch
[2024-09-20 15:16:23,151][root][INFO] - make tf_to_crops done
[2024-09-20 15:16:23,169][root][INFO] - render done
[2024-09-20 15:16:23,174][root][INFO] - warp done
[2024-09-20 15:16:23,176][root][INFO] - pose batch data done
[2024-09-20 15:16:23,176][root][INFO] - forward start
[2024-09-20 15:16:23,178][root][INFO] - forward done
[2024-09-20 15:16:23,178][root][INFO] - making cropped data
[2024-09-20 15:16:23,178][root][INFO] - Welcome make_crop_data_batch
[2024-09-20 15:16:23,287][root][INFO] - make tf_to_crops done
[2024-09-20 15:16:23,306][root][INFO] - render done
[2024-09-20 15:16:23,309][root][INFO] - warp done
[2024-09-20 15:16:23,312][root][INFO] - pose batch data done
[2024-09-20 15:16:23,312][root][INFO] - forward start
[2024-09-20 15:16:23,313][root][INFO] - forward done
[2024-09-20 15:16:23,313][root][INFO] - making cropped data
[2024-09-20 15:16:23,314][root][INFO] - Welcome make_crop_data_batch
[2024-09-20 15:16:23,423][root][INFO] - make tf_to_crops done
[2024-09-20 15:16:23,442][root][INFO] - render done
[2024-09-20 15:16:23,445][root][INFO] - warp done
[2024-09-20 15:16:23,447][root][INFO] - pose batch data done
[2024-09-20 15:16:23,448][root][INFO] - forward start
[2024-09-20 15:16:23,449][root][INFO] - forward done
[2024-09-20 15:16:23,576][root][INFO] - ob_in_cams:(252, 4, 4)
[2024-09-20 15:16:23,576][root][INFO] - self.cfg.use_normal:False
[2024-09-20 15:16:23,576][root][INFO] - making cropped data
[2024-09-20 15:16:23,582][root][INFO] - Welcome make_crop_data_batch
[2024-09-20 15:16:23,582][root][INFO] - make tf_to_crops done
[2024-09-20 15:16:23,599][root][INFO] - render done
[2024-09-20 15:16:23,741][root][INFO] - pose batch data done
[2024-09-20 15:16:23,741][root][INFO] - pose_data.rgbAs.shape[0]: 252
[2024-09-20 15:16:23,847][root][INFO] - forward done
[2024-09-20 15:16:23,864][root][INFO] - final, add_errs min:-1.0
[2024-09-20 15:16:23,874][root][INFO] - sort ids:tensor([  4,  76, 136,  34, 106, 100, 226,   3,  74,  96, 105, 129,   2,  75,
          9, 104, 135,  13,  72, 134, 212,   8, 128,   0,  27, 130, 132, 131,
          7,  99,  87,  20,  42,  85,  94, 126,   1,  50,  61, 127, 133, 181,
        206,  89,  93, 161, 162, 244,   5,  14,  16,  22,  36,  56,  73,  83,
         95, 120, 248, 250,  81,  90,  91, 193, 213, 214,  19,  62,  80, 116,
        125, 163, 183, 200, 221, 223,  23,  82, 119, 141, 152, 196, 235,  15,
         24,  64,  65,  70, 114, 174, 194, 203, 232, 233, 239,  30,  49,  77,
        121, 175, 185, 198, 199, 204, 208, 209, 211, 241,  45,  53,  67,  71,
        148, 159, 176, 178, 220, 231, 247, 251,  37,  47,  51,  55,  57,  63,
        117, 143, 169, 218, 236,  12,  48, 101, 124, 144, 149, 158, 186, 188,
        205, 217,  17,  33,  79, 111, 112, 115, 137, 166, 202, 228,  11,  60,
         84,  88, 102, 108, 138, 153,  28,  39,  86, 118, 140, 150, 222, 242,
        243,  46,  66,  69,  92, 145, 168, 229, 230, 238, 246,  18,  31,  35,
         78, 122, 151, 156, 177, 184, 187, 224, 234,  32,  97, 103, 110, 165,
        171, 173, 197, 240,  41, 113, 123, 147, 154, 172, 191, 195, 249,   6,
         10,  52,  58, 170, 180,  59, 160, 190, 201, 215, 237,  38,  44,  68,
        155, 157, 192,  21, 109, 167, 189, 210, 207, 219,  54,  98, 107,  25,
        142, 146, 164, 216, 227,  29,  40, 139, 182,  26,  43, 179, 225, 245])
[2024-09-20 15:16:23,878][root][INFO] - sorted scores:tensor([112.2578, 112.2422, 112.2422, 112.2188, 112.2188, 112.1953, 112.1719,
        112.0312, 112.0078, 112.0078, 111.9922, 111.9922, 111.9844, 111.9688,
        111.9531, 111.9531, 111.9531, 111.9375, 111.9375, 111.9297, 111.9297,
        111.9219, 111.9219, 111.9141, 111.8984, 111.8984, 111.8984, 111.8906,
        111.8828, 111.8750, 111.8672, 111.8594, 111.8594, 111.8594, 111.8594,
        111.8594, 111.8516, 111.8516, 111.8516, 111.8516, 111.8438, 111.8438,
        111.8438, 111.8359, 111.8359, 111.8359, 111.8359, 111.8359, 111.8281,
        111.8281, 111.8281, 111.8281, 111.8281, 111.8281, 111.8281, 111.8281,
        111.8281, 111.8281, 111.8281, 111.8281, 111.8203, 111.8203, 111.8203,
        111.8203, 111.8203, 111.8203, 111.8125, 111.8125, 111.8125, 111.8125,
        111.8125, 111.8125, 111.8125, 111.8125, 111.8125, 111.8125, 111.8047,
        111.8047, 111.8047, 111.8047, 111.8047, 111.8047, 111.8047, 111.7969,
        111.7969, 111.7969, 111.7969, 111.7969, 111.7969, 111.7969, 111.7969,
        111.7969, 111.7969, 111.7969, 111.7969, 111.7891, 111.7891, 111.7891,
        111.7891, 111.7891, 111.7891, 111.7891, 111.7891, 111.7891, 111.7891,
        111.7891, 111.7891, 111.7891, 111.7812, 111.7812, 111.7812, 111.7812,
        111.7812, 111.7812, 111.7812, 111.7812, 111.7812, 111.7812, 111.7812,
        111.7812, 111.7734, 111.7734, 111.7734, 111.7734, 111.7734, 111.7734,
        111.7734, 111.7734, 111.7734, 111.7734, 111.7734, 111.7656, 111.7656,
        111.7656, 111.7656, 111.7656, 111.7656, 111.7656, 111.7656, 111.7656,
        111.7656, 111.7656, 111.7578, 111.7578, 111.7578, 111.7578, 111.7578,
        111.7578, 111.7578, 111.7578, 111.7578, 111.7578, 111.7500, 111.7500,
        111.7500, 111.7500, 111.7500, 111.7500, 111.7500, 111.7500, 111.7422,
        111.7422, 111.7422, 111.7422, 111.7422, 111.7422, 111.7422, 111.7422,
        111.7422, 111.7344, 111.7344, 111.7344, 111.7344, 111.7344, 111.7344,
        111.7344, 111.7344, 111.7344, 111.7344, 111.7266, 111.7266, 111.7266,
        111.7266, 111.7266, 111.7266, 111.7266, 111.7266, 111.7266, 111.7266,
        111.7266, 111.7266, 111.7188, 111.7188, 111.7188, 111.7188, 111.7188,
        111.7188, 111.7188, 111.7188, 111.7188, 111.7109, 111.7109, 111.7109,
        111.7109, 111.7109, 111.7109, 111.7109, 111.7109, 111.7109, 111.7031,
        111.7031, 111.7031, 111.7031, 111.7031, 111.7031, 111.6953, 111.6953,
        111.6953, 111.6953, 111.6953, 111.6953, 111.6875, 111.6875, 111.6875,
        111.6875, 111.6875, 111.6875, 111.6797, 111.6797, 111.6797, 111.6797,
        111.6797, 111.6719, 111.6719, 111.6641, 111.6641, 111.6641, 111.6562,
        111.6562, 111.6562, 111.6562, 111.6562, 111.6562, 111.6484, 111.6484,
        111.6484, 111.6484, 111.6406, 111.6406, 111.6328, 111.6328, 111.6328])
[2024-09-20 15:16:29,420][websockets.server][INFO] - server listening on 0.0.0.0:8080
[2024-09-20 15:16:32,450][websockets.server][INFO] - connection open
[2024-09-20 15:16:32,891][websockets.server][INFO] - connection open
[2024-09-20 15:16:40,245][root][INFO] - Succeeded to open port: /dev/ttyUSB0
[2024-09-20 15:16:40,246][root][INFO] - Succeeded to set baudrate to 3000000
[2024-09-20 15:16:59,518][root][ERROR] - > read: [TxRxResult] There is no status packet!
[2024-09-20 15:16:59,553][root][ERROR] - > read: [TxRxResult] There is no status packet!
[2024-09-20 15:16:59,692][root][ERROR] - > read: [TxRxResult] There is no status packet!
[2024-09-20 15:16:59,727][root][ERROR] - > read: [TxRxResult] There is no status packet!
