[2024-09-20 12:42:05,783][root][INFO] - self.cfg: 
 lr: 0.0001
c_in: 6
zfar: 'Infinity'
debug: null
n_view: 1
run_id: 3wy8qqex
use_BN: true
exp_name: 2024-01-11-20-02-45
n_epochs: 62
save_dir: /home/bowenw/debug/2024-01-11-20-02-45/
use_mask: false
loss_type: pairwise_valid
optimizer: adam
batch_size: 64
crop_ratio: 1.1
enable_amp: true
use_normal: false
max_num_key: null
warmup_step: -1
input_resize:
- 160
- 160
max_step_val: 1000
vis_interval: 1000
weight_decay: 0
normalize_xyz: true
resume_run_id: null
clip_grad_norm: 'Infinity'
lr_epoch_decay: 500
render_backend: nvdiffrast
train_num_pair: 5
lr_decay_epochs:
- 50
n_epochs_warmup: 1
make_pair_online: false
gradient_max_norm: 'Infinity'
max_step_per_epoch: 10000
n_rendering_workers: 1
save_epoch_interval: 100
n_dataloader_workers: 100
split_objects_across_gpus: true
ckpt_dir: FoundationPose/learning/training/../../weights/2024-01-11-20-02-45/model_best.pth

[2024-09-20 12:42:05,783][root][INFO] - self.h5_file:None
[2024-09-20 12:42:05,982][root][INFO] - Using pretrained model from FoundationPose/learning/training/../../weights/2024-01-11-20-02-45/model_best.pth
[2024-09-20 12:42:06,044][root][INFO] - init done
[2024-09-20 12:42:06,045][root][INFO] - welcome
[2024-09-20 12:42:06,048][root][INFO] - self.cfg: 
 lr: 0.0001
c_in: 6
zfar: .inf
debug: null
w_rot: 0.1
n_view: 1
run_id: null
use_BN: true
rot_rep: axis_angle
ckpt_dir: FoundationPose/learning/training/../../weights/2023-10-28-18-33-37/model_best.pth
exp_name: 2023-10-28-18-33-37
save_dir: /tmp/2023-10-28-18-33-37/
loss_type: l2
optimizer: adam
trans_rep: tracknet
batch_size: 64
crop_ratio: 1.2
use_normal: false
BN_momentum: 0.1
max_num_key: null
warmup_step: -1
input_resize:
- 160
- 160
max_step_val: 1000
normal_uint8: false
vis_interval: 1000
weight_decay: 0
n_max_objects: null
normalize_xyz: true
clip_grad_norm: 'Infinity'
rot_normalizer: 0.3490658503988659
trans_normalizer:
- 0.019999999552965164
- 0.019999999552965164
- 0.05000000074505806
max_step_per_epoch: 25000
val_epoch_interval: 10
n_dataloader_workers: 60
enable_amp: true
use_mask: false

[2024-09-20 12:42:06,048][root][INFO] - self.h5_file:
[2024-09-20 12:42:06,095][root][INFO] - Using pretrained model from FoundationPose/learning/training/../../weights/2023-10-28-18-33-37/model_best.pth
[2024-09-20 12:42:06,120][root][INFO] - init done
[2024-09-20 12:42:07,044][root][INFO] - self.diameter:0.11834483055076726, vox_size:0.005917241527538363
[2024-09-20 12:42:07,059][root][INFO] - self.pts:torch.Size([1023, 3])
[2024-09-20 12:42:07,581][root][INFO] - reset done
[2024-09-20 12:42:07,581][root][INFO] - cam_in_obs:(42, 4, 4)
[2024-09-20 12:42:07,583][root][INFO] - rot_grid:(252, 4, 4)
[2024-09-20 12:42:07,584][root][INFO] - after cluster, rot_grid:(252, 4, 4)
[2024-09-20 12:42:07,584][root][INFO] - self.rot_grid: torch.Size([252, 4, 4])
[2024-09-20 12:42:15,451][root][INFO] - Welcome
[2024-09-20 12:42:15,467][root][INFO] - poses:(252, 4, 4)
[2024-09-20 12:42:15,477][root][INFO] - after viewpoint, add_errs min:-1.0
[2024-09-20 12:42:15,508][root][INFO] - ob_in_cams:(252, 4, 4)
[2024-09-20 12:42:15,508][root][INFO] - self.cfg.use_normal:False
[2024-09-20 12:42:15,508][root][INFO] - trans_normalizer:[0.019999999552965164, 0.019999999552965164, 0.05000000074505806], rot_normalizer:0.3490658503988659
[2024-09-20 12:42:15,531][root][INFO] - making cropped data
[2024-09-20 12:42:15,531][root][INFO] - Welcome make_crop_data_batch
[2024-09-20 12:42:15,535][root][INFO] - make tf_to_crops done
[2024-09-20 12:42:15,564][root][INFO] - render done
[2024-09-20 12:42:15,570][root][INFO] - warp done
[2024-09-20 12:42:15,575][root][INFO] - pose batch data done
[2024-09-20 12:42:15,575][root][INFO] - forward start
[2024-09-20 12:42:15,690][root][INFO] - forward done
[2024-09-20 12:42:15,702][root][INFO] - making cropped data
[2024-09-20 12:42:15,702][root][INFO] - Welcome make_crop_data_batch
[2024-09-20 12:42:15,702][root][INFO] - make tf_to_crops done
[2024-09-20 12:42:15,717][root][INFO] - render done
[2024-09-20 12:42:15,720][root][INFO] - warp done
[2024-09-20 12:42:15,723][root][INFO] - pose batch data done
[2024-09-20 12:42:15,723][root][INFO] - forward start
[2024-09-20 12:42:15,724][root][INFO] - forward done
[2024-09-20 12:42:15,725][root][INFO] - making cropped data
[2024-09-20 12:42:15,725][root][INFO] - Welcome make_crop_data_batch
[2024-09-20 12:42:15,827][root][INFO] - make tf_to_crops done
[2024-09-20 12:42:15,840][root][INFO] - render done
[2024-09-20 12:42:15,844][root][INFO] - warp done
[2024-09-20 12:42:15,847][root][INFO] - pose batch data done
[2024-09-20 12:42:15,847][root][INFO] - forward start
[2024-09-20 12:42:15,848][root][INFO] - forward done
[2024-09-20 12:42:15,848][root][INFO] - making cropped data
[2024-09-20 12:42:15,848][root][INFO] - Welcome make_crop_data_batch
[2024-09-20 12:42:15,946][root][INFO] - make tf_to_crops done
[2024-09-20 12:42:15,959][root][INFO] - render done
[2024-09-20 12:42:15,963][root][INFO] - warp done
[2024-09-20 12:42:15,966][root][INFO] - pose batch data done
[2024-09-20 12:42:15,966][root][INFO] - forward start
[2024-09-20 12:42:15,967][root][INFO] - forward done
[2024-09-20 12:42:15,967][root][INFO] - making cropped data
[2024-09-20 12:42:15,967][root][INFO] - Welcome make_crop_data_batch
[2024-09-20 12:42:16,065][root][INFO] - make tf_to_crops done
[2024-09-20 12:42:16,078][root][INFO] - render done
[2024-09-20 12:42:16,082][root][INFO] - warp done
[2024-09-20 12:42:16,084][root][INFO] - pose batch data done
[2024-09-20 12:42:16,084][root][INFO] - forward start
[2024-09-20 12:42:16,086][root][INFO] - forward done
[2024-09-20 12:42:16,199][root][INFO] - ob_in_cams:(252, 4, 4)
[2024-09-20 12:42:16,199][root][INFO] - self.cfg.use_normal:False
[2024-09-20 12:42:16,199][root][INFO] - making cropped data
[2024-09-20 12:42:16,206][root][INFO] - Welcome make_crop_data_batch
[2024-09-20 12:42:16,207][root][INFO] - make tf_to_crops done
[2024-09-20 12:42:16,218][root][INFO] - render done
[2024-09-20 12:42:16,346][root][INFO] - pose batch data done
[2024-09-20 12:42:16,346][root][INFO] - pose_data.rgbAs.shape[0]: 252
[2024-09-20 12:42:16,442][root][INFO] - forward done
[2024-09-20 12:42:16,459][root][INFO] - final, add_errs min:-1.0
[2024-09-20 12:42:16,469][root][INFO] - sort ids:tensor([ 71,  84, 209, 227, 233, 245, 234, 251, 239, 203,  24, 228,  34, 244,
         17, 112,  25,  37,  46, 111, 141, 142, 181,  45, 237, 241, 242, 248,
         27,  39, 158, 163, 236, 189, 211, 212, 218, 231,  14,  28,  68, 109,
        206, 219, 221,  56,  87, 159, 200, 215, 230,  40,  42,  43,  62,  65,
        118, 138, 146, 152, 164, 176, 182,  20, 166,  36,  50, 153, 170, 188,
        194,   8, 120, 214, 171, 100, 156, 161, 216, 139, 150, 155, 149, 167,
         53, 106, 197,  91, 185,   2,  30,  59, 173, 179, 191, 223, 108, 128,
         98, 186,  97, 103, 132,  10, 129,   9, 250, 184, 247,   1,  38,  48,
         69,  74,  96, 133, 143, 144, 220, 232, 246, 249,  47,  49,  70, 116,
        135, 151, 157, 162, 193, 207,   0,  22,  31,  63,  64,  86, 124, 210,
        213, 238,  18,  41,  72,  82,  94, 104, 178, 199, 204, 224, 225, 243,
         19,  32,  60,  88,  93, 140, 202, 205, 217,   5,   6,  21,  75,  81,
         83, 101, 102, 115, 121, 131, 192,  29,  44,  61,  78,  85, 123, 136,
        222, 229,  23,  67, 114, 119,   3,   4,  66,  79, 130, 154,  12,  16,
         99, 126, 145, 235,  77,  95, 198,  33,  76,  92, 107, 208, 240,  13,
         26,  80, 117, 160, 105, 125, 148, 165,  52, 147, 175,  51,  90, 168,
        187, 195,  54,  89, 113, 122, 201,   7,  15, 134, 127, 180,  35,  55,
         58,  73, 110, 177, 190, 226, 169, 174, 183, 196, 172,  11,  57, 137])
[2024-09-20 12:42:16,473][root][INFO] - sorted scores:tensor([117.1562, 117.1562, 117.1562, 117.1562, 117.1562, 117.1562, 117.1406,
        117.1406, 117.1250, 117.1094, 117.0781, 117.0469, 117.0312, 117.0312,
        117.0156, 117.0000, 116.9844, 116.9688, 116.9688, 116.9688, 116.9688,
        116.9688, 116.9688, 116.9531, 116.9531, 116.9531, 116.9531, 116.9531,
        116.9375, 116.9375, 116.9375, 116.9375, 116.9375, 116.9219, 116.9219,
        116.9219, 116.9219, 116.9219, 116.9062, 116.9062, 116.9062, 116.9062,
        116.9062, 116.9062, 116.9062, 116.8906, 116.8906, 116.8906, 116.8906,
        116.8906, 116.8906, 116.8750, 116.8750, 116.8750, 116.8750, 116.8750,
        116.8750, 116.8750, 116.8750, 116.8750, 116.8750, 116.8750, 116.8750,
        116.8594, 116.8594, 116.8438, 116.8438, 116.8438, 116.8438, 116.8438,
        116.8438, 116.8281, 116.8281, 116.8281, 116.8125, 116.7969, 116.7969,
        116.7969, 116.7969, 116.7812, 116.7812, 116.7812, 116.7656, 116.7656,
        116.7500, 116.7500, 116.7500, 116.7344, 116.7344, 116.7188, 116.7188,
        116.7188, 116.7188, 116.7188, 116.7188, 116.7188, 116.7031, 116.7031,
        116.6875, 116.6875, 116.6719, 116.6719, 116.6719, 116.6406, 116.6406,
        116.6250, 116.6250, 116.6094, 116.6094, 116.5938, 116.5938, 116.5938,
        116.5938, 116.5938, 116.5938, 116.5938, 116.5938, 116.5938, 116.5938,
        116.5938, 116.5938, 116.5938, 116.5781, 116.5781, 116.5781, 116.5781,
        116.5781, 116.5781, 116.5781, 116.5781, 116.5781, 116.5781, 116.5625,
        116.5625, 116.5625, 116.5625, 116.5625, 116.5625, 116.5625, 116.5625,
        116.5625, 116.5625, 116.5469, 116.5469, 116.5469, 116.5469, 116.5469,
        116.5469, 116.5469, 116.5469, 116.5469, 116.5469, 116.5469, 116.5469,
        116.5312, 116.5312, 116.5312, 116.5312, 116.5312, 116.5312, 116.5312,
        116.5312, 116.5312, 116.5156, 116.5156, 116.5156, 116.5156, 116.5156,
        116.5156, 116.5156, 116.5156, 116.5156, 116.5156, 116.5156, 116.5156,
        116.5000, 116.5000, 116.5000, 116.5000, 116.5000, 116.5000, 116.5000,
        116.5000, 116.5000, 116.4844, 116.4844, 116.4844, 116.4844, 116.4688,
        116.4688, 116.4688, 116.4688, 116.4688, 116.4688, 116.4531, 116.4531,
        116.4531, 116.4531, 116.4531, 116.4531, 116.4375, 116.4375, 116.4375,
        116.4219, 116.4219, 116.4219, 116.4219, 116.4219, 116.4219, 116.4062,
        116.4062, 116.4062, 116.4062, 116.4062, 116.3906, 116.3906, 116.3906,
        116.3906, 116.3750, 116.3750, 116.3750, 116.3594, 116.3594, 116.3594,
        116.3594, 116.3594, 116.3438, 116.3438, 116.3438, 116.3438, 116.3438,
        116.3281, 116.3281, 116.3281, 116.3125, 116.3125, 116.2969, 116.2969,
        116.2969, 116.2969, 116.2969, 116.2969, 116.2969, 116.2969, 116.2812,
        116.2812, 116.2812, 116.2812, 116.2656, 116.2500, 116.2500, 116.2500])
[2024-09-20 12:42:20,516][websockets.server][INFO] - server listening on 0.0.0.0:8080
[2024-09-20 12:42:22,482][websockets.server][INFO] - connection open
[2024-09-20 12:42:35,355][root][INFO] - Succeeded to open port: /dev/ttyUSB0
[2024-09-20 12:42:35,356][root][INFO] - Succeeded to set baudrate to 3000000
[2024-09-20 12:42:54,761][root][ERROR] - > read: [TxRxResult] Incorrect status packet!
[2024-09-20 12:42:54,796][root][ERROR] - > read: [TxRxResult] Incorrect status packet!
[2024-09-20 12:42:54,934][root][ERROR] - > read: [TxRxResult] Incorrect status packet!
