[2024-10-11 14:13:19,272][websockets.server][INFO] - server listening on 0.0.0.0:8080
[2024-10-11 14:13:19,432][root][INFO] - self.cfg: 
 lr: 0.0001
c_in: 6
zfar: 'Infinity'
debug: null
n_view: 1
run_id: 3wy8qqex
use_BN: true
exp_name: 2024-01-11-20-02-45
n_epochs: 62
save_dir: /home/bowenw/debug/2024-01-11-20-02-45/
use_mask: false
loss_type: pairwise_valid
optimizer: adam
batch_size: 64
crop_ratio: 1.1
enable_amp: true
use_normal: false
max_num_key: null
warmup_step: -1
input_resize:
- 160
- 160
max_step_val: 1000
vis_interval: 1000
weight_decay: 0
normalize_xyz: true
resume_run_id: null
clip_grad_norm: 'Infinity'
lr_epoch_decay: 500
render_backend: nvdiffrast
train_num_pair: 5
lr_decay_epochs:
- 50
n_epochs_warmup: 1
make_pair_online: false
gradient_max_norm: 'Infinity'
max_step_per_epoch: 10000
n_rendering_workers: 1
save_epoch_interval: 100
n_dataloader_workers: 100
split_objects_across_gpus: true
ckpt_dir: FoundationPose/learning/training/../../weights/2024-01-11-20-02-45/model_best.pth

[2024-10-11 14:13:19,432][root][INFO] - self.h5_file:None
[2024-10-11 14:13:19,497][websockets.server][INFO] - connection open
[2024-10-11 14:13:19,868][root][INFO] - Using pretrained model from FoundationPose/learning/training/../../weights/2024-01-11-20-02-45/model_best.pth
[2024-10-11 14:13:19,932][root][INFO] - init done
[2024-10-11 14:13:19,932][root][INFO] - welcome
[2024-10-11 14:13:19,936][root][INFO] - self.cfg: 
 lr: 0.0001
c_in: 6
zfar: .inf
debug: null
w_rot: 0.1
n_view: 1
run_id: null
use_BN: true
rot_rep: axis_angle
ckpt_dir: FoundationPose/learning/training/../../weights/2023-10-28-18-33-37/model_best.pth
exp_name: 2023-10-28-18-33-37
save_dir: /tmp/2023-10-28-18-33-37/
loss_type: l2
optimizer: adam
trans_rep: tracknet
batch_size: 64
crop_ratio: 1.2
use_normal: false
BN_momentum: 0.1
max_num_key: null
warmup_step: -1
input_resize:
- 160
- 160
max_step_val: 1000
normal_uint8: false
vis_interval: 1000
weight_decay: 0
n_max_objects: null
normalize_xyz: true
clip_grad_norm: 'Infinity'
rot_normalizer: 0.3490658503988659
trans_normalizer:
- 0.019999999552965164
- 0.019999999552965164
- 0.05000000074505806
max_step_per_epoch: 25000
val_epoch_interval: 10
n_dataloader_workers: 60
enable_amp: true
use_mask: false

[2024-10-11 14:13:19,936][root][INFO] - self.h5_file:
[2024-10-11 14:13:19,983][root][INFO] - Using pretrained model from FoundationPose/learning/training/../../weights/2023-10-28-18-33-37/model_best.pth
[2024-10-11 14:13:20,003][root][INFO] - init done
[2024-10-11 14:13:21,318][root][INFO] - self.diameter:0.22612456594069064, vox_size:0.011306228297034532
[2024-10-11 14:13:21,319][root][INFO] - self.pts:torch.Size([334, 3])
[2024-10-11 14:13:22,193][root][INFO] - reset done
[2024-10-11 14:13:22,193][root][INFO] - cam_in_obs:(42, 4, 4)
[2024-10-11 14:13:22,195][root][INFO] - rot_grid:(252, 4, 4)
[2024-10-11 14:13:22,196][root][INFO] - after cluster, rot_grid:(252, 4, 4)
[2024-10-11 14:13:22,196][root][INFO] - self.rot_grid: torch.Size([252, 4, 4])
[2024-10-11 14:13:31,456][root][INFO] - Welcome
[2024-10-11 14:13:31,471][root][INFO] - poses:(252, 4, 4)
[2024-10-11 14:13:31,474][root][INFO] - after viewpoint, add_errs min:-1.0
[2024-10-11 14:13:31,514][root][INFO] - ob_in_cams:(252, 4, 4)
[2024-10-11 14:13:31,515][root][INFO] - self.cfg.use_normal:False
[2024-10-11 14:13:31,515][root][INFO] - trans_normalizer:[0.019999999552965164, 0.019999999552965164, 0.05000000074505806], rot_normalizer:0.3490658503988659
[2024-10-11 14:13:31,517][root][INFO] - making cropped data
[2024-10-11 14:13:31,518][root][INFO] - Welcome make_crop_data_batch
[2024-10-11 14:13:31,519][root][INFO] - make tf_to_crops done
[2024-10-11 14:13:31,569][root][INFO] - render done
[2024-10-11 14:13:31,595][root][INFO] - warp done
[2024-10-11 14:13:31,598][root][INFO] - pose batch data done
[2024-10-11 14:13:31,598][root][INFO] - forward start
[2024-10-11 14:13:31,688][root][INFO] - forward done
[2024-10-11 14:13:31,688][root][INFO] - making cropped data
[2024-10-11 14:13:31,688][root][INFO] - Welcome make_crop_data_batch
[2024-10-11 14:13:31,709][root][INFO] - make tf_to_crops done
[2024-10-11 14:13:31,724][root][INFO] - render done
[2024-10-11 14:13:31,728][root][INFO] - warp done
[2024-10-11 14:13:31,730][root][INFO] - pose batch data done
[2024-10-11 14:13:31,730][root][INFO] - forward start
[2024-10-11 14:13:31,732][root][INFO] - forward done
[2024-10-11 14:13:31,732][root][INFO] - making cropped data
[2024-10-11 14:13:31,732][root][INFO] - Welcome make_crop_data_batch
[2024-10-11 14:13:31,832][root][INFO] - make tf_to_crops done
[2024-10-11 14:13:31,847][root][INFO] - render done
[2024-10-11 14:13:31,852][root][INFO] - warp done
[2024-10-11 14:13:31,854][root][INFO] - pose batch data done
[2024-10-11 14:13:31,855][root][INFO] - forward start
[2024-10-11 14:13:31,856][root][INFO] - forward done
[2024-10-11 14:13:31,856][root][INFO] - making cropped data
[2024-10-11 14:13:31,856][root][INFO] - Welcome make_crop_data_batch
[2024-10-11 14:13:31,955][root][INFO] - make tf_to_crops done
[2024-10-11 14:13:31,971][root][INFO] - render done
[2024-10-11 14:13:31,974][root][INFO] - warp done
[2024-10-11 14:13:31,977][root][INFO] - pose batch data done
[2024-10-11 14:13:31,977][root][INFO] - forward start
[2024-10-11 14:13:31,978][root][INFO] - forward done
[2024-10-11 14:13:31,978][root][INFO] - making cropped data
[2024-10-11 14:13:31,978][root][INFO] - Welcome make_crop_data_batch
[2024-10-11 14:13:32,077][root][INFO] - make tf_to_crops done
[2024-10-11 14:13:32,093][root][INFO] - render done
[2024-10-11 14:13:32,096][root][INFO] - warp done
[2024-10-11 14:13:32,099][root][INFO] - pose batch data done
[2024-10-11 14:13:32,099][root][INFO] - forward start
[2024-10-11 14:13:32,100][root][INFO] - forward done
[2024-10-11 14:13:32,215][root][INFO] - ob_in_cams:(252, 4, 4)
[2024-10-11 14:13:32,215][root][INFO] - self.cfg.use_normal:False
[2024-10-11 14:13:32,215][root][INFO] - making cropped data
[2024-10-11 14:13:32,225][root][INFO] - Welcome make_crop_data_batch
[2024-10-11 14:13:32,225][root][INFO] - make tf_to_crops done
[2024-10-11 14:13:32,239][root][INFO] - render done
[2024-10-11 14:13:32,367][root][INFO] - pose batch data done
[2024-10-11 14:13:32,367][root][INFO] - pose_data.rgbAs.shape[0]: 252
[2024-10-11 14:13:32,369][root][INFO] - forward done
[2024-10-11 14:13:32,475][root][INFO] - final, add_errs min:-1.0
[2024-10-11 14:13:32,477][root][INFO] - sort ids:tensor([  1, 145, 146,   8,  97, 163, 199,   0, 126, 133, 169,  43, 164, 103,
          7,  73,  72, 127, 134,   6, 216, 193, 168, 223, 102,  42,  31, 198,
         96, 186, 217,  54, 138, 158, 132,  74, 139,  50,  60, 191, 215,  30,
        123, 241,  49,  59, 214, 236,  39,  21,  68,   2,  81, 109, 124, 221,
        108,  88, 117,  94, 118,  22, 178,  51,  98, 153, 224,  82, 228,  16,
         25, 149, 208,  84,  40, 234,  27,  85, 167, 159,  45, 142, 135, 141,
        237, 244, 219,  53, 181, 185,  10,  24, 242,  90,  15, 201,  65,  66,
        238, 184, 100,  12, 188, 105, 112,  87, 166,  46,  28,   4,  91,   9,
         34, 106, 230, 129,  32, 182,  75,   3, 227, 130, 154,  76,  33, 136,
        190,  93, 189, 231, 205, 179, 202, 101, 239,  79, 229,  92,  62, 156,
        171, 120, 161,  71, 115, 243, 226, 212, 111,  36,  78, 210, 245, 206,
         37, 248,  13, 114, 211,  11,  44, 218, 121,  19, 247,  52, 157,  95,
        222, 174,  64, 150,  18,  48, 151, 148,  99, 172,  55, 192, 147, 116,
         63,  67,  57, 195, 209, 197, 175, 187, 176, 204, 250,  69,  70, 155,
         56,  61, 249, 160, 225, 140, 194, 177, 207, 232, 200,  26, 246, 128,
        125, 131, 203, 251, 152, 196,  20,  58, 183, 119,  89, 162, 173, 137,
        235, 122, 110, 233, 180,  41,  47, 165, 144,  86, 113, 107,  38, 143,
          5,  17,  83, 104,  29, 213,  23, 240,  14,  80, 220,  35,  77, 170])
[2024-10-11 14:13:32,480][root][INFO] - sorted scores:tensor([98.1973, 98.1934, 98.1865, 98.1855, 98.1836, 98.1826, 98.1719, 98.1699,
        98.1699, 98.1699, 98.1631, 98.1621, 98.1621, 98.1602, 98.1514, 98.1504,
        98.1494, 98.1484, 98.1484, 98.1475, 98.1416, 98.1377, 98.1367, 98.1299,
        98.1064, 98.0967, 98.0859, 98.0801, 98.0166, 98.0146, 97.8301, 97.7617,
        97.7109, 97.7109, 97.7012, 97.6699, 97.6680, 97.6641, 97.5996, 97.5996,
        97.5879, 97.5820, 97.5820, 97.5820, 97.5781, 97.5742, 97.5605, 97.5586,
        97.5527, 97.5449, 97.5391, 97.5352, 97.5332, 97.5273, 97.5137, 97.5059,
        97.5039, 97.4941, 97.4922, 97.4844, 97.4824, 97.4805, 97.4805, 97.4785,
        97.4785, 97.4785, 97.4785, 97.4766, 97.4766, 97.4727, 97.4707, 97.4668,
        97.4629, 97.4609, 97.4570, 97.4531, 97.4473, 97.4473, 97.4355, 97.4336,
        97.4297, 97.4297, 97.4277, 97.4238, 97.4219, 97.4199, 97.4160, 97.4102,
        97.4082, 97.4082, 97.4043, 97.4023, 97.4004, 97.3965, 97.3848, 97.3848,
        97.3828, 97.3809, 97.3750, 97.3711, 97.3691, 97.3672, 97.3672, 97.3652,
        97.3574, 97.3535, 97.3516, 97.3457, 97.3438, 97.3418, 97.3418, 97.3379,
        97.3359, 97.3359, 97.3301, 97.3281, 97.3223, 97.3164, 97.3125, 97.3047,
        97.3027, 97.2988, 97.2988, 97.2949, 97.2930, 97.2910, 97.2910, 97.2891,
        97.2891, 97.2715, 97.2520, 97.2500, 97.2461, 97.2441, 97.2441, 97.2168,
        97.2148, 97.2051, 97.1895, 97.1836, 97.1836, 97.1816, 97.1816, 97.1797,
        97.1777, 97.1777, 97.1660, 97.1602, 97.1504, 97.1445, 97.1426, 97.1426,
        97.1406, 97.1387, 97.1309, 97.1094, 97.1074, 97.1016, 97.1016, 97.0996,
        97.0762, 97.0586, 97.0527, 97.0508, 97.0391, 97.0273, 97.0098, 97.0059,
        97.0039, 97.0000, 96.9961, 96.9961, 96.9902, 96.9727, 96.9688, 96.9590,
        96.9531, 96.9531, 96.9512, 96.9492, 96.9453, 96.9395, 96.9355, 96.9238,
        96.9180, 96.9082, 96.9043, 96.8945, 96.8828, 96.8516, 96.8262, 96.8086,
        96.8027, 96.7988, 96.7891, 96.7871, 96.7539, 96.7441, 96.7363, 96.7148,
        96.7148, 96.7109, 96.7012, 96.6953, 96.6953, 96.6953, 96.6895, 96.6855,
        96.6855, 96.6699, 96.6621, 96.6621, 96.6582, 96.6465, 96.6445, 96.6367,
        96.6250, 96.6230, 96.6211, 96.6133, 96.6055, 96.6055, 96.5996, 96.5957,
        96.5898, 96.5840, 96.5703, 96.5703, 96.5547, 96.5508, 96.5410, 96.5391,
        96.5254, 96.5176, 96.4902, 96.4883, 96.4766, 96.4746, 96.4668, 96.4609,
        96.4609, 96.4531, 96.4395, 96.4258, 96.4043, 96.4043, 96.4004, 96.3965,
        96.3906, 96.3750, 96.3535, 96.2617])
