[2024-09-25 15:43:20,616][root][INFO] - self.cfg: 
 lr: 0.0001
c_in: 6
zfar: 'Infinity'
debug: null
n_view: 1
run_id: 3wy8qqex
use_BN: true
exp_name: 2024-01-11-20-02-45
n_epochs: 62
save_dir: /home/bowenw/debug/2024-01-11-20-02-45/
use_mask: false
loss_type: pairwise_valid
optimizer: adam
batch_size: 64
crop_ratio: 1.1
enable_amp: true
use_normal: false
max_num_key: null
warmup_step: -1
input_resize:
- 160
- 160
max_step_val: 1000
vis_interval: 1000
weight_decay: 0
normalize_xyz: true
resume_run_id: null
clip_grad_norm: 'Infinity'
lr_epoch_decay: 500
render_backend: nvdiffrast
train_num_pair: 5
lr_decay_epochs:
- 50
n_epochs_warmup: 1
make_pair_online: false
gradient_max_norm: 'Infinity'
max_step_per_epoch: 10000
n_rendering_workers: 1
save_epoch_interval: 100
n_dataloader_workers: 100
split_objects_across_gpus: true
ckpt_dir: FoundationPose/learning/training/../../weights/2024-01-11-20-02-45/model_best.pth

[2024-09-25 15:43:20,616][root][INFO] - self.h5_file:None
[2024-09-25 15:43:20,790][root][INFO] - Using pretrained model from FoundationPose/learning/training/../../weights/2024-01-11-20-02-45/model_best.pth
[2024-09-25 15:43:20,849][root][INFO] - init done
[2024-09-25 15:43:20,849][root][INFO] - welcome
[2024-09-25 15:43:20,852][root][INFO] - self.cfg: 
 lr: 0.0001
c_in: 6
zfar: .inf
debug: null
w_rot: 0.1
n_view: 1
run_id: null
use_BN: true
rot_rep: axis_angle
ckpt_dir: FoundationPose/learning/training/../../weights/2023-10-28-18-33-37/model_best.pth
exp_name: 2023-10-28-18-33-37
save_dir: /tmp/2023-10-28-18-33-37/
loss_type: l2
optimizer: adam
trans_rep: tracknet
batch_size: 64
crop_ratio: 1.2
use_normal: false
BN_momentum: 0.1
max_num_key: null
warmup_step: -1
input_resize:
- 160
- 160
max_step_val: 1000
normal_uint8: false
vis_interval: 1000
weight_decay: 0
n_max_objects: null
normalize_xyz: true
clip_grad_norm: 'Infinity'
rot_normalizer: 0.3490658503988659
trans_normalizer:
- 0.019999999552965164
- 0.019999999552965164
- 0.05000000074505806
max_step_per_epoch: 25000
val_epoch_interval: 10
n_dataloader_workers: 60
enable_amp: true
use_mask: false

[2024-09-25 15:43:20,852][root][INFO] - self.h5_file:
[2024-09-25 15:43:20,900][root][INFO] - Using pretrained model from FoundationPose/learning/training/../../weights/2023-10-28-18-33-37/model_best.pth
[2024-09-25 15:43:20,923][root][INFO] - init done
[2024-09-25 15:43:23,075][root][INFO] - self.diameter:0.137712368854882, vox_size:0.0068856184427441
[2024-09-25 15:43:23,090][root][INFO] - self.pts:torch.Size([807, 3])
[2024-09-25 15:43:24,039][root][INFO] - reset done
[2024-09-25 15:43:24,040][root][INFO] - cam_in_obs:(42, 4, 4)
[2024-09-25 15:43:24,050][root][INFO] - rot_grid:(252, 4, 4)
[2024-09-25 15:43:24,051][root][INFO] - after cluster, rot_grid:(252, 4, 4)
[2024-09-25 15:43:24,051][root][INFO] - self.rot_grid: torch.Size([252, 4, 4])
[2024-09-25 15:43:33,737][root][INFO] - Welcome
[2024-09-25 15:43:33,751][root][INFO] - poses:(252, 4, 4)
[2024-09-25 15:43:33,763][root][INFO] - after viewpoint, add_errs min:-1.0
[2024-09-25 15:43:33,794][root][INFO] - ob_in_cams:(252, 4, 4)
[2024-09-25 15:43:33,794][root][INFO] - self.cfg.use_normal:False
[2024-09-25 15:43:33,794][root][INFO] - trans_normalizer:[0.019999999552965164, 0.019999999552965164, 0.05000000074505806], rot_normalizer:0.3490658503988659
[2024-09-25 15:43:33,836][root][INFO] - making cropped data
[2024-09-25 15:43:33,836][root][INFO] - Welcome make_crop_data_batch
[2024-09-25 15:43:33,840][root][INFO] - make tf_to_crops done
[2024-09-25 15:43:33,868][root][INFO] - render done
[2024-09-25 15:43:33,874][root][INFO] - warp done
[2024-09-25 15:43:33,879][root][INFO] - pose batch data done
[2024-09-25 15:43:33,879][root][INFO] - forward start
[2024-09-25 15:43:33,994][root][INFO] - forward done
[2024-09-25 15:43:34,004][root][INFO] - making cropped data
[2024-09-25 15:43:34,004][root][INFO] - Welcome make_crop_data_batch
[2024-09-25 15:43:34,005][root][INFO] - make tf_to_crops done
[2024-09-25 15:43:34,023][root][INFO] - render done
[2024-09-25 15:43:34,027][root][INFO] - warp done
[2024-09-25 15:43:34,029][root][INFO] - pose batch data done
[2024-09-25 15:43:34,029][root][INFO] - forward start
[2024-09-25 15:43:34,031][root][INFO] - forward done
[2024-09-25 15:43:34,031][root][INFO] - making cropped data
[2024-09-25 15:43:34,031][root][INFO] - Welcome make_crop_data_batch
[2024-09-25 15:43:34,128][root][INFO] - make tf_to_crops done
[2024-09-25 15:43:34,147][root][INFO] - render done
[2024-09-25 15:43:34,150][root][INFO] - warp done
[2024-09-25 15:43:34,153][root][INFO] - pose batch data done
[2024-09-25 15:43:34,153][root][INFO] - forward start
[2024-09-25 15:43:34,154][root][INFO] - forward done
[2024-09-25 15:43:34,154][root][INFO] - making cropped data
[2024-09-25 15:43:34,154][root][INFO] - Welcome make_crop_data_batch
[2024-09-25 15:43:34,251][root][INFO] - make tf_to_crops done
[2024-09-25 15:43:34,270][root][INFO] - render done
[2024-09-25 15:43:34,274][root][INFO] - warp done
[2024-09-25 15:43:34,277][root][INFO] - pose batch data done
[2024-09-25 15:43:34,277][root][INFO] - forward start
[2024-09-25 15:43:34,278][root][INFO] - forward done
[2024-09-25 15:43:34,278][root][INFO] - making cropped data
[2024-09-25 15:43:34,278][root][INFO] - Welcome make_crop_data_batch
[2024-09-25 15:43:34,375][root][INFO] - make tf_to_crops done
[2024-09-25 15:43:34,394][root][INFO] - render done
[2024-09-25 15:43:34,397][root][INFO] - warp done
[2024-09-25 15:43:34,399][root][INFO] - pose batch data done
[2024-09-25 15:43:34,400][root][INFO] - forward start
[2024-09-25 15:43:34,401][root][INFO] - forward done
[2024-09-25 15:43:34,514][root][INFO] - ob_in_cams:(252, 4, 4)
[2024-09-25 15:43:34,514][root][INFO] - self.cfg.use_normal:False
[2024-09-25 15:43:34,514][root][INFO] - making cropped data
[2024-09-25 15:43:34,525][root][INFO] - Welcome make_crop_data_batch
[2024-09-25 15:43:34,525][root][INFO] - make tf_to_crops done
[2024-09-25 15:43:34,542][root][INFO] - render done
[2024-09-25 15:43:34,667][root][INFO] - pose batch data done
[2024-09-25 15:43:34,667][root][INFO] - pose_data.rgbAs.shape[0]: 252
[2024-09-25 15:43:34,763][root][INFO] - forward done
[2024-09-25 15:43:34,781][root][INFO] - final, add_errs min:-1.0
[2024-09-25 15:43:34,790][root][INFO] - sort ids:tensor([ 61, 211,  82, 184, 125,  22,  28, 178,  18,  36,  94, 124, 187, 120,
         24, 117, 217, 243,  29,  32,  78,  87,  90, 247,  23,  27,  55, 205,
        207,  13,  89, 111, 239, 110, 180,  53, 154, 194, 212,  41,  59,  79,
         81,  83,  95, 115, 133, 161, 197, 229,  14,  19,  88, 114, 140, 143,
        166, 174, 179, 202, 219, 250,   3,   5,  43,  44,  52,  80, 104, 155,
        170, 181, 199, 206, 210, 213, 220, 230, 249,   4,   7,  37,  38,  50,
         56,  68,  84,  85,  99, 108, 119, 137, 145, 151, 156, 162, 222, 231,
        236, 237, 242,  15,  30,  31,  34,  42,  65,  73,  77,  91, 141, 169,
        172, 186, 191, 201, 221, 226, 227, 234, 241, 245, 248,  26,  33,  48,
         62,  86,  97,  98, 100, 102, 103, 126, 134, 136, 144, 148, 157, 160,
        168, 175, 176, 192, 203, 223,   1,  12,  35,  47,  58,  69,  72,  93,
        128, 130, 131, 132, 142, 150, 158, 163, 165, 167, 185, 188, 200, 218,
        225, 251,   2,   6,  11,  25,  45,  46,  49,  54,  70, 109, 112, 138,
        147, 149, 182, 193, 195, 224, 235,   0,  10,  21,  39,  40,  63,  75,
         96, 101, 106, 107, 116, 129, 135, 159, 189, 190, 196, 214, 238,   8,
          9,  16,  17,  51,  64,  66,  76, 105, 113, 118, 121, 122, 123, 127,
        139, 153, 177, 183, 198, 204, 215, 244,  60,  67,  71,  92, 152, 171,
        173, 208, 240, 246,  20,  57,  74, 216, 228, 233, 146, 164, 209, 232])
[2024-09-25 15:43:34,793][root][INFO] - sorted scores:tensor([143.0000, 143.0000, 142.9062, 142.9062, 142.8750, 142.8438, 142.8125,
        142.8125, 142.7812, 142.7812, 142.7812, 142.7812, 142.7500, 142.7188,
        142.6875, 142.6875, 142.6875, 142.6875, 142.6562, 142.6562, 142.6562,
        142.6562, 142.6562, 142.6562, 142.6250, 142.6250, 142.6250, 142.6250,
        142.6250, 142.5938, 142.5938, 142.5938, 142.5938, 142.5625, 142.5625,
        142.5312, 142.5312, 142.5312, 142.5312, 142.5000, 142.5000, 142.5000,
        142.5000, 142.5000, 142.5000, 142.5000, 142.5000, 142.5000, 142.5000,
        142.5000, 142.4688, 142.4688, 142.4688, 142.4688, 142.4688, 142.4688,
        142.4688, 142.4688, 142.4688, 142.4688, 142.4688, 142.4688, 142.4375,
        142.4375, 142.4375, 142.4375, 142.4375, 142.4375, 142.4375, 142.4375,
        142.4375, 142.4375, 142.4375, 142.4375, 142.4375, 142.4375, 142.4375,
        142.4375, 142.4375, 142.4062, 142.4062, 142.4062, 142.4062, 142.4062,
        142.4062, 142.4062, 142.4062, 142.4062, 142.4062, 142.4062, 142.4062,
        142.4062, 142.4062, 142.4062, 142.4062, 142.4062, 142.4062, 142.4062,
        142.4062, 142.4062, 142.4062, 142.3750, 142.3750, 142.3750, 142.3750,
        142.3750, 142.3750, 142.3750, 142.3750, 142.3750, 142.3750, 142.3750,
        142.3750, 142.3750, 142.3750, 142.3750, 142.3750, 142.3750, 142.3750,
        142.3750, 142.3750, 142.3750, 142.3750, 142.3438, 142.3438, 142.3438,
        142.3438, 142.3438, 142.3438, 142.3438, 142.3438, 142.3438, 142.3438,
        142.3438, 142.3438, 142.3438, 142.3438, 142.3438, 142.3438, 142.3438,
        142.3438, 142.3438, 142.3438, 142.3438, 142.3438, 142.3438, 142.3125,
        142.3125, 142.3125, 142.3125, 142.3125, 142.3125, 142.3125, 142.3125,
        142.3125, 142.3125, 142.3125, 142.3125, 142.3125, 142.3125, 142.3125,
        142.3125, 142.3125, 142.3125, 142.3125, 142.3125, 142.3125, 142.3125,
        142.3125, 142.3125, 142.2812, 142.2812, 142.2812, 142.2812, 142.2812,
        142.2812, 142.2812, 142.2812, 142.2812, 142.2812, 142.2812, 142.2812,
        142.2812, 142.2812, 142.2812, 142.2812, 142.2812, 142.2812, 142.2812,
        142.2500, 142.2500, 142.2500, 142.2500, 142.2500, 142.2500, 142.2500,
        142.2500, 142.2500, 142.2500, 142.2500, 142.2500, 142.2500, 142.2500,
        142.2500, 142.2500, 142.2500, 142.2500, 142.2500, 142.2500, 142.2188,
        142.2188, 142.2188, 142.2188, 142.2188, 142.2188, 142.2188, 142.2188,
        142.2188, 142.2188, 142.2188, 142.2188, 142.2188, 142.2188, 142.2188,
        142.2188, 142.2188, 142.2188, 142.2188, 142.2188, 142.2188, 142.2188,
        142.2188, 142.1875, 142.1875, 142.1875, 142.1875, 142.1875, 142.1875,
        142.1875, 142.1875, 142.1875, 142.1875, 142.1562, 142.1562, 142.1562,
        142.1562, 142.1562, 142.1562, 142.1250, 142.1250, 142.1250, 142.1250])
[2024-09-25 15:43:46,099][websockets.server][INFO] - server listening on 0.0.0.0:8080
[2024-09-25 15:43:48,309][websockets.server][INFO] - connection open
[2024-09-25 15:43:53,543][root][INFO] - Succeeded to open port: /dev/ttyUSB0
[2024-09-25 15:43:53,544][root][INFO] - Succeeded to set baudrate to 3000000
