[2024-09-21 19:40:05,449][root][INFO] - self.cfg: 
 lr: 0.0001
c_in: 6
zfar: 'Infinity'
debug: null
n_view: 1
run_id: 3wy8qqex
use_BN: true
exp_name: 2024-01-11-20-02-45
n_epochs: 62
save_dir: /home/bowenw/debug/2024-01-11-20-02-45/
use_mask: false
loss_type: pairwise_valid
optimizer: adam
batch_size: 64
crop_ratio: 1.1
enable_amp: true
use_normal: false
max_num_key: null
warmup_step: -1
input_resize:
- 160
- 160
max_step_val: 1000
vis_interval: 1000
weight_decay: 0
normalize_xyz: true
resume_run_id: null
clip_grad_norm: 'Infinity'
lr_epoch_decay: 500
render_backend: nvdiffrast
train_num_pair: 5
lr_decay_epochs:
- 50
n_epochs_warmup: 1
make_pair_online: false
gradient_max_norm: 'Infinity'
max_step_per_epoch: 10000
n_rendering_workers: 1
save_epoch_interval: 100
n_dataloader_workers: 100
split_objects_across_gpus: true
ckpt_dir: FoundationPose/learning/training/../../weights/2024-01-11-20-02-45/model_best.pth

[2024-09-21 19:40:05,449][root][INFO] - self.h5_file:None
[2024-09-21 19:40:05,615][root][INFO] - Using pretrained model from FoundationPose/learning/training/../../weights/2024-01-11-20-02-45/model_best.pth
[2024-09-21 19:40:05,675][root][INFO] - init done
[2024-09-21 19:40:05,675][root][INFO] - welcome
[2024-09-21 19:40:05,678][root][INFO] - self.cfg: 
 lr: 0.0001
c_in: 6
zfar: .inf
debug: null
w_rot: 0.1
n_view: 1
run_id: null
use_BN: true
rot_rep: axis_angle
ckpt_dir: FoundationPose/learning/training/../../weights/2023-10-28-18-33-37/model_best.pth
exp_name: 2023-10-28-18-33-37
save_dir: /tmp/2023-10-28-18-33-37/
loss_type: l2
optimizer: adam
trans_rep: tracknet
batch_size: 64
crop_ratio: 1.2
use_normal: false
BN_momentum: 0.1
max_num_key: null
warmup_step: -1
input_resize:
- 160
- 160
max_step_val: 1000
normal_uint8: false
vis_interval: 1000
weight_decay: 0
n_max_objects: null
normalize_xyz: true
clip_grad_norm: 'Infinity'
rot_normalizer: 0.3490658503988659
trans_normalizer:
- 0.019999999552965164
- 0.019999999552965164
- 0.05000000074505806
max_step_per_epoch: 25000
val_epoch_interval: 10
n_dataloader_workers: 60
enable_amp: true
use_mask: false

[2024-09-21 19:40:05,678][root][INFO] - self.h5_file:
[2024-09-21 19:40:05,724][root][INFO] - Using pretrained model from FoundationPose/learning/training/../../weights/2023-10-28-18-33-37/model_best.pth
[2024-09-21 19:40:05,744][root][INFO] - init done
[2024-09-21 19:40:07,953][root][INFO] - self.diameter:0.1793881304532567, vox_size:0.008969406522662834
[2024-09-21 19:40:07,968][root][INFO] - self.pts:torch.Size([692, 3])
[2024-09-21 19:40:08,819][root][INFO] - reset done
[2024-09-21 19:40:08,819][root][INFO] - cam_in_obs:(42, 4, 4)
[2024-09-21 19:40:08,840][root][INFO] - rot_grid:(252, 4, 4)
[2024-09-21 19:40:08,841][root][INFO] - after cluster, rot_grid:(252, 4, 4)
[2024-09-21 19:40:08,841][root][INFO] - self.rot_grid: torch.Size([252, 4, 4])
[2024-09-21 19:40:17,921][root][INFO] - Welcome
[2024-09-21 19:40:17,936][root][INFO] - poses:(252, 4, 4)
[2024-09-21 19:40:17,946][root][INFO] - after viewpoint, add_errs min:-1.0
[2024-09-21 19:40:17,999][root][INFO] - ob_in_cams:(252, 4, 4)
[2024-09-21 19:40:17,999][root][INFO] - self.cfg.use_normal:False
[2024-09-21 19:40:17,999][root][INFO] - trans_normalizer:[0.019999999552965164, 0.019999999552965164, 0.05000000074505806], rot_normalizer:0.3490658503988659
[2024-09-21 19:40:18,023][root][INFO] - making cropped data
[2024-09-21 19:40:18,023][root][INFO] - Welcome make_crop_data_batch
[2024-09-21 19:40:18,027][root][INFO] - make tf_to_crops done
[2024-09-21 19:40:18,057][root][INFO] - render done
[2024-09-21 19:40:18,063][root][INFO] - warp done
[2024-09-21 19:40:18,068][root][INFO] - pose batch data done
[2024-09-21 19:40:18,068][root][INFO] - forward start
[2024-09-21 19:40:18,181][root][INFO] - forward done
[2024-09-21 19:40:18,192][root][INFO] - making cropped data
[2024-09-21 19:40:18,192][root][INFO] - Welcome make_crop_data_batch
[2024-09-21 19:40:18,192][root][INFO] - make tf_to_crops done
[2024-09-21 19:40:18,213][root][INFO] - render done
[2024-09-21 19:40:18,217][root][INFO] - warp done
[2024-09-21 19:40:18,220][root][INFO] - pose batch data done
[2024-09-21 19:40:18,220][root][INFO] - forward start
[2024-09-21 19:40:18,221][root][INFO] - forward done
[2024-09-21 19:40:18,222][root][INFO] - making cropped data
[2024-09-21 19:40:18,222][root][INFO] - Welcome make_crop_data_batch
[2024-09-21 19:40:18,317][root][INFO] - make tf_to_crops done
[2024-09-21 19:40:18,338][root][INFO] - render done
[2024-09-21 19:40:18,341][root][INFO] - warp done
[2024-09-21 19:40:18,344][root][INFO] - pose batch data done
[2024-09-21 19:40:18,344][root][INFO] - forward start
[2024-09-21 19:40:18,345][root][INFO] - forward done
[2024-09-21 19:40:18,345][root][INFO] - making cropped data
[2024-09-21 19:40:18,346][root][INFO] - Welcome make_crop_data_batch
[2024-09-21 19:40:18,443][root][INFO] - make tf_to_crops done
[2024-09-21 19:40:18,463][root][INFO] - render done
[2024-09-21 19:40:18,467][root][INFO] - warp done
[2024-09-21 19:40:18,470][root][INFO] - pose batch data done
[2024-09-21 19:40:18,470][root][INFO] - forward start
[2024-09-21 19:40:18,471][root][INFO] - forward done
[2024-09-21 19:40:18,471][root][INFO] - making cropped data
[2024-09-21 19:40:18,471][root][INFO] - Welcome make_crop_data_batch
[2024-09-21 19:40:18,568][root][INFO] - make tf_to_crops done
[2024-09-21 19:40:18,588][root][INFO] - render done
[2024-09-21 19:40:18,592][root][INFO] - warp done
[2024-09-21 19:40:18,595][root][INFO] - pose batch data done
[2024-09-21 19:40:18,595][root][INFO] - forward start
[2024-09-21 19:40:18,596][root][INFO] - forward done
[2024-09-21 19:40:18,708][root][INFO] - ob_in_cams:(252, 4, 4)
[2024-09-21 19:40:18,708][root][INFO] - self.cfg.use_normal:False
[2024-09-21 19:40:18,708][root][INFO] - making cropped data
[2024-09-21 19:40:18,716][root][INFO] - Welcome make_crop_data_batch
[2024-09-21 19:40:18,717][root][INFO] - make tf_to_crops done
[2024-09-21 19:40:18,736][root][INFO] - render done
[2024-09-21 19:40:18,864][root][INFO] - pose batch data done
[2024-09-21 19:40:18,864][root][INFO] - pose_data.rgbAs.shape[0]: 252
[2024-09-21 19:40:18,961][root][INFO] - forward done
[2024-09-21 19:40:18,978][root][INFO] - final, add_errs min:-1.0
[2024-09-21 19:40:18,988][root][INFO] - sort ids:tensor([ 12, 115, 141,  13,  18,  36,  78, 114, 120,  79,  90, 161, 205, 211,
          0,   6,  96, 102,  42,  72,  73, 126, 132, 133, 221,   7,  97, 138,
        145, 163,  94,  21,  22,  81,  84, 108, 178, 184,  15,  27,  87,  93,
        236, 188, 136, 111,   3,   4,   9,  75, 100, 105, 135, 226, 244,  33,
         76,  99, 117, 123, 118,  91, 129,  45, 122,  86,  88,  98,   8, 134,
         74, 104, 137, 164, 170, 101,  49,  82, 250,  80,  92,  95, 131,  83,
        119, 193,  14,  77, 245,  43,  85, 116, 125, 168, 225,  17,  23,  54,
        174, 177, 185, 203,   5,  20,  26,  28, 206, 229, 230,  47,  63, 103,
        146, 148, 212, 214, 227, 124, 130, 147, 153, 155, 175, 179, 195, 222,
        223,  48,  51,  66, 150, 192, 198, 202, 207,  32, 144, 162, 201, 228,
        231, 246,  44,  69, 157, 158, 200, 208, 216, 241, 249,  11,  25,  30,
         50,  59,  62, 107, 149, 151, 152, 166, 173, 181, 194, 196, 197, 237,
        248,   1,  19,  71, 191, 209, 224, 233, 242,   2,  10,  16,  41,  60,
         89, 176, 239, 106, 121, 127, 128, 171, 199, 218, 238, 243, 247,  57,
         61,  67,  68,  70, 156, 172, 204, 217,  24,  55,  58,  65, 109, 140,
        190, 210, 251,  31,  34,  37,  39,  40,  46,  53,  56, 142, 167, 189,
        215, 240,  35,  64, 160, 169, 183, 187, 232,  29, 112, 139, 182, 186,
        219, 220, 234, 110, 113, 143, 159, 165, 180, 213, 235,  52,  38, 154])
[2024-09-21 19:40:18,991][root][INFO] - sorted scores:tensor([55.2188, 55.2188, 55.2188, 55.1875, 55.1875, 55.1875, 55.1875, 55.1875,
        55.1875, 55.1562, 55.1562, 55.1562, 55.1562, 55.1562, 55.0625, 55.0625,
        55.0625, 55.0625, 55.0312, 55.0312, 55.0312, 55.0312, 55.0312, 55.0312,
        55.0312, 55.0000, 55.0000, 55.0000, 55.0000, 55.0000, 54.7188, 54.6875,
        54.6875, 54.6875, 54.6875, 54.6875, 54.6875, 54.6875, 54.6562, 54.6562,
        54.6562, 54.6562, 54.6562, 54.5938, 54.5625, 54.5312, 54.5000, 54.5000,
        54.5000, 54.5000, 54.5000, 54.5000, 54.5000, 54.5000, 54.5000, 54.4688,
        54.4688, 54.4688, 54.4688, 54.3125, 54.2500, 54.1875, 54.1562, 54.0000,
        53.9062, 53.8750, 53.8750, 53.8750, 53.7812, 53.7500, 53.7188, 53.7188,
        53.6562, 53.6562, 53.6562, 53.6250, 53.5625, 53.5625, 53.5625, 53.5312,
        53.5312, 53.5312, 53.5000, 53.4688, 53.4688, 53.4688, 53.4375, 53.4375,
        53.4375, 53.4062, 53.4062, 53.4062, 53.4062, 53.4062, 53.4062, 53.3750,
        53.3750, 53.3750, 53.3750, 53.3750, 53.3750, 53.3750, 53.3438, 53.3438,
        53.3438, 53.3438, 53.3438, 53.3438, 53.3438, 53.3125, 53.2812, 53.2812,
        53.2812, 53.2812, 53.2812, 53.2812, 53.2812, 53.2500, 53.2500, 53.2500,
        53.2500, 53.2500, 53.2500, 53.2500, 53.2500, 53.2500, 53.2500, 53.2188,
        53.2188, 53.2188, 53.2188, 53.2188, 53.2188, 53.2188, 53.2188, 53.1875,
        53.1875, 53.1875, 53.1875, 53.1875, 53.1875, 53.1875, 53.1562, 53.1562,
        53.1562, 53.1562, 53.1562, 53.1562, 53.1562, 53.1562, 53.1562, 53.1250,
        53.1250, 53.1250, 53.1250, 53.1250, 53.1250, 53.1250, 53.1250, 53.1250,
        53.1250, 53.1250, 53.1250, 53.1250, 53.1250, 53.1250, 53.1250, 53.1250,
        53.1250, 53.0938, 53.0938, 53.0938, 53.0938, 53.0938, 53.0938, 53.0938,
        53.0938, 53.0625, 53.0625, 53.0625, 53.0625, 53.0625, 53.0625, 53.0625,
        53.0625, 53.0312, 53.0312, 53.0312, 53.0312, 53.0312, 53.0312, 53.0312,
        53.0312, 53.0312, 53.0312, 53.0000, 53.0000, 53.0000, 53.0000, 53.0000,
        53.0000, 53.0000, 53.0000, 53.0000, 52.9688, 52.9688, 52.9688, 52.9688,
        52.9688, 52.9688, 52.9688, 52.9688, 52.9688, 52.9375, 52.9375, 52.9375,
        52.9375, 52.9375, 52.9375, 52.9375, 52.9375, 52.9375, 52.9375, 52.9375,
        52.9375, 52.9375, 52.9062, 52.9062, 52.9062, 52.9062, 52.9062, 52.9062,
        52.9062, 52.8750, 52.8750, 52.8750, 52.8750, 52.8750, 52.8750, 52.8750,
        52.8750, 52.8438, 52.8438, 52.8438, 52.8438, 52.8438, 52.8438, 52.8438,
        52.8438, 52.8125, 52.7812, 52.7812])
[2024-09-21 19:40:29,710][websockets.server][INFO] - server listening on 0.0.0.0:8080
[2024-09-21 19:40:31,543][websockets.server][INFO] - connection open
[2024-09-21 19:40:33,213][root][INFO] - Succeeded to open port: /dev/ttyUSB0
[2024-09-21 19:40:33,213][root][INFO] - Succeeded to set baudrate to 3000000
