[2024-10-14 18:33:22,775][websockets.server][INFO] - server listening on 0.0.0.0:8080
[2024-10-14 18:33:23,006][root][INFO] - self.cfg: 
 lr: 0.0001
c_in: 6
zfar: 'Infinity'
debug: null
n_view: 1
run_id: 3wy8qqex
use_BN: true
exp_name: 2024-01-11-20-02-45
n_epochs: 62
save_dir: /home/bowenw/debug/2024-01-11-20-02-45/
use_mask: false
loss_type: pairwise_valid
optimizer: adam
batch_size: 64
crop_ratio: 1.1
enable_amp: true
use_normal: false
max_num_key: null
warmup_step: -1
input_resize:
- 160
- 160
max_step_val: 1000
vis_interval: 1000
weight_decay: 0
normalize_xyz: true
resume_run_id: null
clip_grad_norm: 'Infinity'
lr_epoch_decay: 500
render_backend: nvdiffrast
train_num_pair: 5
lr_decay_epochs:
- 50
n_epochs_warmup: 1
make_pair_online: false
gradient_max_norm: 'Infinity'
max_step_per_epoch: 10000
n_rendering_workers: 1
save_epoch_interval: 100
n_dataloader_workers: 100
split_objects_across_gpus: true
ckpt_dir: /home/shaol/gjx/rw/third_party/FoundationPose/learning/training/../../weights/2024-01-11-20-02-45/model_best.pth

[2024-10-14 18:33:23,006][root][INFO] - self.h5_file:None
[2024-10-14 18:33:23,149][websockets.server][INFO] - connection open
[2024-10-14 18:33:23,275][root][INFO] - Using pretrained model from /home/shaol/gjx/rw/third_party/FoundationPose/learning/training/../../weights/2024-01-11-20-02-45/model_best.pth
[2024-10-14 18:33:23,361][root][INFO] - init done
[2024-10-14 18:33:23,361][root][INFO] - welcome
[2024-10-14 18:33:23,367][root][INFO] - self.cfg: 
 lr: 0.0001
c_in: 6
zfar: .inf
debug: null
w_rot: 0.1
n_view: 1
run_id: null
use_BN: true
rot_rep: axis_angle
ckpt_dir: /home/shaol/gjx/rw/third_party/FoundationPose/learning/training/../../weights/2023-10-28-18-33-37/model_best.pth
exp_name: 2023-10-28-18-33-37
save_dir: /tmp/2023-10-28-18-33-37/
loss_type: l2
optimizer: adam
trans_rep: tracknet
batch_size: 64
crop_ratio: 1.2
use_normal: false
BN_momentum: 0.1
max_num_key: null
warmup_step: -1
input_resize:
- 160
- 160
max_step_val: 1000
normal_uint8: false
vis_interval: 1000
weight_decay: 0
n_max_objects: null
normalize_xyz: true
clip_grad_norm: 'Infinity'
rot_normalizer: 0.3490658503988659
trans_normalizer:
- 0.019999999552965164
- 0.019999999552965164
- 0.05000000074505806
max_step_per_epoch: 25000
val_epoch_interval: 10
n_dataloader_workers: 60
enable_amp: true
use_mask: false

[2024-10-14 18:33:23,368][root][INFO] - self.h5_file:
[2024-10-14 18:33:23,586][root][INFO] - Using pretrained model from /home/shaol/gjx/rw/third_party/FoundationPose/learning/training/../../weights/2023-10-28-18-33-37/model_best.pth
[2024-10-14 18:33:23,616][root][INFO] - init done
[2024-10-14 18:33:23,866][websockets.server][INFO] - connection open
[2024-10-14 18:33:25,573][root][INFO] - self.diameter:0.20218917538522446, vox_size:0.010109458769261222
[2024-10-14 18:33:25,591][root][INFO] - self.pts:torch.Size([390, 3])
[2024-10-14 18:33:27,204][root][INFO] - reset done
[2024-10-14 18:33:27,205][root][INFO] - cam_in_obs:(42, 4, 4)
[2024-10-14 18:33:27,212][root][INFO] - rot_grid:(252, 4, 4)
[2024-10-14 18:33:27,214][root][INFO] - after cluster, rot_grid:(252, 4, 4)
[2024-10-14 18:33:27,214][root][INFO] - self.rot_grid: torch.Size([252, 4, 4])
[2024-10-14 18:33:41,565][root][INFO] - Welcome
[2024-10-14 18:33:41,585][root][INFO] - poses:(252, 4, 4)
[2024-10-14 18:33:41,596][root][INFO] - after viewpoint, add_errs min:-1.0
[2024-10-14 18:33:41,660][root][INFO] - ob_in_cams:(252, 4, 4)
[2024-10-14 18:33:41,668][root][INFO] - self.cfg.use_normal:False
[2024-10-14 18:33:41,669][root][INFO] - trans_normalizer:[0.019999999552965164, 0.019999999552965164, 0.05000000074505806], rot_normalizer:0.3490658503988659
[2024-10-14 18:33:41,691][root][INFO] - making cropped data
[2024-10-14 18:33:41,691][root][INFO] - Welcome make_crop_data_batch
[2024-10-14 18:33:41,695][root][INFO] - make tf_to_crops done
[2024-10-14 18:33:41,720][root][INFO] - render done
[2024-10-14 18:33:41,729][root][INFO] - warp done
[2024-10-14 18:33:41,735][root][INFO] - pose batch data done
[2024-10-14 18:33:41,735][root][INFO] - forward start
[2024-10-14 18:33:41,867][root][INFO] - forward done
[2024-10-14 18:33:41,878][root][INFO] - making cropped data
[2024-10-14 18:33:41,878][root][INFO] - Welcome make_crop_data_batch
[2024-10-14 18:33:41,878][root][INFO] - make tf_to_crops done
[2024-10-14 18:33:41,893][root][INFO] - render done
[2024-10-14 18:33:41,897][root][INFO] - warp done
[2024-10-14 18:33:41,900][root][INFO] - pose batch data done
[2024-10-14 18:33:41,900][root][INFO] - forward start
[2024-10-14 18:33:41,902][root][INFO] - forward done
[2024-10-14 18:33:41,903][root][INFO] - making cropped data
[2024-10-14 18:33:41,903][root][INFO] - Welcome make_crop_data_batch
[2024-10-14 18:33:41,994][root][INFO] - make tf_to_crops done
[2024-10-14 18:33:42,009][root][INFO] - render done
[2024-10-14 18:33:42,013][root][INFO] - warp done
[2024-10-14 18:33:42,015][root][INFO] - pose batch data done
[2024-10-14 18:33:42,016][root][INFO] - forward start
[2024-10-14 18:33:42,018][root][INFO] - forward done
[2024-10-14 18:33:42,018][root][INFO] - making cropped data
[2024-10-14 18:33:42,018][root][INFO] - Welcome make_crop_data_batch
[2024-10-14 18:33:42,107][root][INFO] - make tf_to_crops done
[2024-10-14 18:33:42,122][root][INFO] - render done
[2024-10-14 18:33:42,126][root][INFO] - warp done
[2024-10-14 18:33:42,128][root][INFO] - pose batch data done
[2024-10-14 18:33:42,129][root][INFO] - forward start
[2024-10-14 18:33:42,131][root][INFO] - forward done
[2024-10-14 18:33:42,131][root][INFO] - making cropped data
[2024-10-14 18:33:42,132][root][INFO] - Welcome make_crop_data_batch
[2024-10-14 18:33:42,220][root][INFO] - make tf_to_crops done
[2024-10-14 18:33:42,235][root][INFO] - render done
[2024-10-14 18:33:42,239][root][INFO] - warp done
[2024-10-14 18:33:42,241][root][INFO] - pose batch data done
[2024-10-14 18:33:42,242][root][INFO] - forward start
[2024-10-14 18:33:42,244][root][INFO] - forward done
[2024-10-14 18:33:42,348][root][INFO] - ob_in_cams:(252, 4, 4)
[2024-10-14 18:33:42,349][root][INFO] - self.cfg.use_normal:False
[2024-10-14 18:33:42,349][root][INFO] - making cropped data
[2024-10-14 18:33:42,369][root][INFO] - Welcome make_crop_data_batch
[2024-10-14 18:33:42,370][root][INFO] - make tf_to_crops done
[2024-10-14 18:33:42,384][root][INFO] - render done
[2024-10-14 18:33:42,502][root][INFO] - pose batch data done
[2024-10-14 18:33:42,502][root][INFO] - pose_data.rgbAs.shape[0]: 252
[2024-10-14 18:33:42,593][root][INFO] - forward done
[2024-10-14 18:33:42,611][root][INFO] - final, add_errs min:-1.0
[2024-10-14 18:33:42,622][root][INFO] - sort ids:tensor([  6, 180, 132,  90, 169,  54, 145, 162,  55, 174, 193,  48,  49, 144,
        168, 192,  19, 121, 150, 151, 157, 187, 175,  18, 186, 120, 156, 103,
         78,  31, 102, 249,   7, 207, 238,  69,  70, 232,  15, 225, 231,  88,
        226, 237, 208, 243, 250,   3, 201, 213,  63,   4,  87, 117, 147, 130,
         16,  81,  66, 202,  64,  82, 123,   0, 228,  84,  39,  30, 129,  72,
         97, 166, 219,  23, 179,  73, 133, 172,  99, 148, 199,   1, 241,  95,
         75, 135,  57, 223, 178, 222, 127, 160, 247,  52,  61, 154,  22,  45,
        196,  96, 195, 136, 205,  67, 177, 124, 142, 153, 217,  27,  76,  92,
         36, 115, 204, 183,  37, 240, 235,  12, 246,  43,  60,  14, 185,  10,
         91, 206, 210, 106, 114, 198, 229,  79,  33,  85, 248,  21,  68, 171,
        230, 163, 216, 100,  13, 138,  62,  42, 244,  51, 155, 105, 182,   9,
         65,  71, 212, 214, 101,  58,  83,  93, 189, 215,  46, 239,  53, 164,
        200,   5,  50, 109, 131, 221,   8, 134, 146, 188, 211,   2,  34,  44,
         28,  89, 108, 140, 190, 116, 126,  94,  98, 224, 191, 234, 113, 159,
         59, 184, 170,  40, 128, 118, 119, 165, 245, 139, 242, 181, 149, 158,
        218, 227, 107, 173, 143, 197,  24,  26, 112,  74, 125,  17,  20, 161,
         41, 137,  11, 209, 220,  29,  38, 236, 104,  77, 110, 111, 141,  25,
        167, 194, 152, 203, 122,  86, 251,  80, 176,  32,  56,  35,  47, 233])
[2024-10-14 18:33:42,628][root][INFO] - sorted scores:tensor([106.0000, 106.0000, 105.9961, 105.9883, 105.9883, 105.9844, 105.9844,
        105.9805, 105.9766, 105.9766, 105.9766, 105.9727, 105.9727, 105.9727,
        105.9727, 105.9727, 105.9688, 105.9648, 105.9648, 105.9648, 105.9648,
        105.9648, 105.9609, 105.9531, 105.8828, 105.8789, 105.8711, 105.8555,
        105.8008, 105.6797, 105.6680, 105.5469, 105.5430, 105.4922, 105.4844,
        105.4727, 105.4609, 105.4609, 105.4453, 105.4414, 105.4336, 105.4297,
        105.4297, 105.4258, 105.4062, 105.3867, 105.3633, 105.3320, 105.2617,
        105.2500, 105.2188, 105.1914, 105.1914, 105.1758, 105.1719, 105.1172,
        105.1133, 105.0820, 105.0742, 105.0547, 105.0312, 105.0273, 105.0117,
        104.9922, 104.9609, 104.9336, 104.9258, 104.9180, 104.9180, 104.9062,
        104.8984, 104.8867, 104.8867, 104.8828, 104.8828, 104.8594, 104.8594,
        104.8516, 104.8398, 104.8242, 104.8125, 104.8047, 104.8047, 104.8008,
        104.7891, 104.7891, 104.7852, 104.7812, 104.7773, 104.7773, 104.7734,
        104.7695, 104.7695, 104.7617, 104.7617, 104.7617, 104.7578, 104.7578,
        104.7461, 104.7383, 104.7227, 104.7188, 104.7109, 104.6992, 104.6992,
        104.6953, 104.6953, 104.6953, 104.6953, 104.6914, 104.6875, 104.6875,
        104.6836, 104.6836, 104.6836, 104.6797, 104.6719, 104.6719, 104.6680,
        104.6641, 104.6641, 104.6562, 104.6562, 104.6445, 104.6445, 104.6328,
        104.6289, 104.6250, 104.6250, 104.6172, 104.6133, 104.6055, 104.6055,
        104.6016, 104.5977, 104.5938, 104.5938, 104.5859, 104.5859, 104.5859,
        104.5859, 104.5820, 104.5820, 104.5781, 104.5742, 104.5742, 104.5703,
        104.5625, 104.5625, 104.5547, 104.5547, 104.5508, 104.5508, 104.5430,
        104.5430, 104.5430, 104.5391, 104.5312, 104.5273, 104.5234, 104.5234,
        104.5234, 104.5234, 104.5234, 104.5195, 104.5195, 104.5156, 104.5117,
        104.5117, 104.5078, 104.5078, 104.5078, 104.5078, 104.5078, 104.5039,
        104.5039, 104.5039, 104.5000, 104.5000, 104.4961, 104.4961, 104.4961,
        104.4922, 104.4922, 104.4922, 104.4922, 104.4922, 104.4883, 104.4883,
        104.4844, 104.4844, 104.4844, 104.4805, 104.4805, 104.4766, 104.4766,
        104.4727, 104.4727, 104.4688, 104.4648, 104.4648, 104.4609, 104.4609,
        104.4609, 104.4609, 104.4570, 104.4570, 104.4531, 104.4453, 104.4414,
        104.4414, 104.4414, 104.4375, 104.4375, 104.4336, 104.4336, 104.4297,
        104.4297, 104.4297, 104.4219, 104.4219, 104.4180, 104.4180, 104.4180,
        104.4141, 104.4141, 104.4102, 104.4062, 104.4062, 104.3984, 104.3984,
        104.3984, 104.3945, 104.3906, 104.3906, 104.3906, 104.3867, 104.3828,
        104.3828, 104.3789, 104.3750, 104.3633, 104.3516, 104.3477, 104.3477,
        104.3398, 104.3398, 104.3359, 104.3359, 104.3320, 104.3320, 104.3008])
