[2024-10-15 11:49:45,140][websockets.server][INFO] - server listening on 0.0.0.0:8080
[2024-10-15 11:49:45,287][root][INFO] - self.cfg: 
 lr: 0.0001
c_in: 6
zfar: 'Infinity'
debug: null
n_view: 1
run_id: 3wy8qqex
use_BN: true
exp_name: 2024-01-11-20-02-45
n_epochs: 62
save_dir: /home/bowenw/debug/2024-01-11-20-02-45/
use_mask: false
loss_type: pairwise_valid
optimizer: adam
batch_size: 64
crop_ratio: 1.1
enable_amp: true
use_normal: false
max_num_key: null
warmup_step: -1
input_resize:
- 160
- 160
max_step_val: 1000
vis_interval: 1000
weight_decay: 0
normalize_xyz: true
resume_run_id: null
clip_grad_norm: 'Infinity'
lr_epoch_decay: 500
render_backend: nvdiffrast
train_num_pair: 5
lr_decay_epochs:
- 50
n_epochs_warmup: 1
make_pair_online: false
gradient_max_norm: 'Infinity'
max_step_per_epoch: 10000
n_rendering_workers: 1
save_epoch_interval: 100
n_dataloader_workers: 100
split_objects_across_gpus: true
ckpt_dir: /home/shaol/gjx/rw/third_party/FoundationPose/learning/training/../../weights/2024-01-11-20-02-45/model_best.pth

[2024-10-15 11:49:45,287][root][INFO] - self.h5_file:None
[2024-10-15 11:49:45,519][root][INFO] - Using pretrained model from /home/shaol/gjx/rw/third_party/FoundationPose/learning/training/../../weights/2024-01-11-20-02-45/model_best.pth
[2024-10-15 11:49:45,578][root][INFO] - init done
[2024-10-15 11:49:45,578][root][INFO] - welcome
[2024-10-15 11:49:45,582][root][INFO] - self.cfg: 
 lr: 0.0001
c_in: 6
zfar: .inf
debug: null
w_rot: 0.1
n_view: 1
run_id: null
use_BN: true
rot_rep: axis_angle
ckpt_dir: /home/shaol/gjx/rw/third_party/FoundationPose/learning/training/../../weights/2023-10-28-18-33-37/model_best.pth
exp_name: 2023-10-28-18-33-37
save_dir: /tmp/2023-10-28-18-33-37/
loss_type: l2
optimizer: adam
trans_rep: tracknet
batch_size: 64
crop_ratio: 1.2
use_normal: false
BN_momentum: 0.1
max_num_key: null
warmup_step: -1
input_resize:
- 160
- 160
max_step_val: 1000
normal_uint8: false
vis_interval: 1000
weight_decay: 0
n_max_objects: null
normalize_xyz: true
clip_grad_norm: 'Infinity'
rot_normalizer: 0.3490658503988659
trans_normalizer:
- 0.019999999552965164
- 0.019999999552965164
- 0.05000000074505806
max_step_per_epoch: 25000
val_epoch_interval: 10
n_dataloader_workers: 60
enable_amp: true
use_mask: false

[2024-10-15 11:49:45,582][root][INFO] - self.h5_file:
[2024-10-15 11:49:45,693][root][INFO] - Using pretrained model from /home/shaol/gjx/rw/third_party/FoundationPose/learning/training/../../weights/2023-10-28-18-33-37/model_best.pth
[2024-10-15 11:49:45,716][root][INFO] - init done
[2024-10-15 11:49:45,892][websockets.server][INFO] - connection open
[2024-10-15 11:49:47,226][root][INFO] - self.diameter:0.20218917538522446, vox_size:0.010109458769261222
[2024-10-15 11:49:47,241][root][INFO] - self.pts:torch.Size([390, 3])
[2024-10-15 11:49:48,385][root][INFO] - reset done
[2024-10-15 11:49:48,385][root][INFO] - cam_in_obs:(42, 4, 4)
[2024-10-15 11:49:48,387][root][INFO] - rot_grid:(252, 4, 4)
[2024-10-15 11:49:48,388][root][INFO] - after cluster, rot_grid:(252, 4, 4)
[2024-10-15 11:49:48,388][root][INFO] - self.rot_grid: torch.Size([252, 4, 4])
[2024-10-15 11:49:57,047][root][INFO] - Welcome
[2024-10-15 11:49:57,066][root][INFO] - poses:(252, 4, 4)
[2024-10-15 11:49:57,079][root][INFO] - after viewpoint, add_errs min:-1.0
[2024-10-15 11:49:57,119][root][INFO] - ob_in_cams:(252, 4, 4)
[2024-10-15 11:49:57,119][root][INFO] - self.cfg.use_normal:False
[2024-10-15 11:49:57,119][root][INFO] - trans_normalizer:[0.019999999552965164, 0.019999999552965164, 0.05000000074505806], rot_normalizer:0.3490658503988659
[2024-10-15 11:49:57,154][root][INFO] - making cropped data
[2024-10-15 11:49:57,155][root][INFO] - Welcome make_crop_data_batch
[2024-10-15 11:49:57,158][root][INFO] - make tf_to_crops done
[2024-10-15 11:49:57,181][root][INFO] - render done
[2024-10-15 11:49:57,187][root][INFO] - warp done
[2024-10-15 11:49:57,193][root][INFO] - pose batch data done
[2024-10-15 11:49:57,193][root][INFO] - forward start
[2024-10-15 11:49:57,313][root][INFO] - forward done
[2024-10-15 11:49:57,323][root][INFO] - making cropped data
[2024-10-15 11:49:57,323][root][INFO] - Welcome make_crop_data_batch
[2024-10-15 11:49:57,323][root][INFO] - make tf_to_crops done
[2024-10-15 11:49:57,338][root][INFO] - render done
[2024-10-15 11:49:57,342][root][INFO] - warp done
[2024-10-15 11:49:57,345][root][INFO] - pose batch data done
[2024-10-15 11:49:57,345][root][INFO] - forward start
[2024-10-15 11:49:57,346][root][INFO] - forward done
[2024-10-15 11:49:57,347][root][INFO] - making cropped data
[2024-10-15 11:49:57,347][root][INFO] - Welcome make_crop_data_batch
[2024-10-15 11:49:57,439][root][INFO] - make tf_to_crops done
[2024-10-15 11:49:57,454][root][INFO] - render done
[2024-10-15 11:49:57,457][root][INFO] - warp done
[2024-10-15 11:49:57,460][root][INFO] - pose batch data done
[2024-10-15 11:49:57,460][root][INFO] - forward start
[2024-10-15 11:49:57,461][root][INFO] - forward done
[2024-10-15 11:49:57,462][root][INFO] - making cropped data
[2024-10-15 11:49:57,462][root][INFO] - Welcome make_crop_data_batch
[2024-10-15 11:49:57,551][root][INFO] - make tf_to_crops done
[2024-10-15 11:49:57,566][root][INFO] - render done
[2024-10-15 11:49:57,569][root][INFO] - warp done
[2024-10-15 11:49:57,572][root][INFO] - pose batch data done
[2024-10-15 11:49:57,572][root][INFO] - forward start
[2024-10-15 11:49:57,574][root][INFO] - forward done
[2024-10-15 11:49:57,574][root][INFO] - making cropped data
[2024-10-15 11:49:57,574][root][INFO] - Welcome make_crop_data_batch
[2024-10-15 11:49:57,664][root][INFO] - make tf_to_crops done
[2024-10-15 11:49:57,678][root][INFO] - render done
[2024-10-15 11:49:57,682][root][INFO] - warp done
[2024-10-15 11:49:57,684][root][INFO] - pose batch data done
[2024-10-15 11:49:57,685][root][INFO] - forward start
[2024-10-15 11:49:57,686][root][INFO] - forward done
[2024-10-15 11:49:57,791][root][INFO] - ob_in_cams:(252, 4, 4)
[2024-10-15 11:49:57,791][root][INFO] - self.cfg.use_normal:False
[2024-10-15 11:49:57,791][root][INFO] - making cropped data
[2024-10-15 11:49:57,800][root][INFO] - Welcome make_crop_data_batch
[2024-10-15 11:49:57,801][root][INFO] - make tf_to_crops done
[2024-10-15 11:49:57,814][root][INFO] - render done
[2024-10-15 11:49:57,932][root][INFO] - pose batch data done
[2024-10-15 11:49:57,932][root][INFO] - pose_data.rgbAs.shape[0]: 252
[2024-10-15 11:49:58,021][root][INFO] - forward done
[2024-10-15 11:49:58,039][root][INFO] - final, add_errs min:-1.0
[2024-10-15 11:49:58,048][root][INFO] - sort ids:tensor([ 66, 119,  60,  65,  71, 203, 216, 228, 198, 204, 215, 233, 246,  17,
        221, 227, 209, 222, 251,   5,  12, 126, 101,  42, 245, 240, 131,   0,
        153,  50, 152, 194, 176,  57,  20, 182,  51, 189, 177, 195,  56, 146,
        147, 170,  35,  92, 183, 200, 242,  61,  70,  96, 224,  77, 165, 239,
         53, 167, 125, 205, 114, 149,  68, 122,  62, 197, 132, 173, 168, 134,
        151, 102,  21, 248,   2,  72, 247,   6, 179,  93,  74, 206, 230,  11,
        158, 232,  76,  80, 171, 123, 164, 169,  98, 100, 137,  49, 107, 193,
        199, 188,  63, 129,  54,  23,  59,  86, 178, 155, 145, 128, 166, 116,
          7,  95,  75,  88,  14,  90,  19, 115, 185, 104,   8,   9,  83,  81,
        223,  44, 174,  87, 226,  18,  27,  84, 120, 150, 156,  22, 175, 192,
         32, 135, 157,   3, 207,  45, 105,  99,  47, 210,  38, 249,  33,  48,
        144,  13, 231,  15,  94, 162, 133, 237, 243,  69, 202,   4,  78, 201,
        208, 186, 225,  89, 244,  10, 111, 184,  97, 163, 229,  26,  85, 190,
        211, 127, 191, 110,  55, 218, 250,  37,  36,  73,  43,  67, 139, 212,
        235, 238,  24,  64, 103, 154, 161,   1, 141, 136,  41, 217, 187, 236,
         29, 117,  39, 180,  52, 172, 213,  31, 121, 138,  28, 143, 181, 220,
         46, 106, 108, 130, 159,  58, 148,  79, 241, 124, 219, 196, 113,  30,
        112, 142, 234,  16,  25, 109, 160, 140, 214,  34, 118,  40,  82,  91])
[2024-10-15 11:49:58,052][root][INFO] - sorted scores:tensor([105.7422, 105.7422, 105.7383, 105.7383, 105.7383, 105.7383, 105.7383,
        105.7383, 105.7344, 105.7344, 105.7344, 105.7344, 105.7344, 105.7305,
        105.7305, 105.7305, 105.7266, 105.7266, 105.7266, 105.7227, 105.7109,
        105.7109, 105.6914, 105.6328, 105.6289, 105.5234, 105.5117, 105.4688,
        105.4688, 105.4648, 105.4648, 105.4414, 105.4336, 105.4219, 105.4102,
        105.4102, 105.4023, 105.4023, 105.3906, 105.3867, 105.3711, 105.3633,
        105.3164, 105.2695, 105.1562, 105.1172, 105.0938, 105.0938, 105.0820,
        105.0625, 105.0547, 105.0312, 105.0078, 104.9883, 104.9883, 104.9766,
        104.9648, 104.9648, 104.9375, 104.9336, 104.9180, 104.9180, 104.9102,
        104.9102, 104.9062, 104.9062, 104.9023, 104.8867, 104.8789, 104.8594,
        104.8477, 104.8320, 104.8281, 104.8242, 104.8086, 104.8086, 104.8086,
        104.7773, 104.7773, 104.7617, 104.7500, 104.7500, 104.7500, 104.7422,
        104.7422, 104.7344, 104.7305, 104.7266, 104.7188, 104.7148, 104.7109,
        104.6992, 104.6914, 104.6914, 104.6914, 104.6719, 104.6719, 104.6641,
        104.6641, 104.6562, 104.6484, 104.6328, 104.6289, 104.6250, 104.6250,
        104.6250, 104.6133, 104.6094, 104.6055, 104.6016, 104.5977, 104.5898,
        104.5664, 104.5625, 104.5508, 104.5469, 104.5430, 104.5391, 104.5352,
        104.5352, 104.5352, 104.5312, 104.5273, 104.5039, 104.4961, 104.4883,
        104.4844, 104.4805, 104.4805, 104.4766, 104.4766, 104.4727, 104.4727,
        104.4727, 104.4688, 104.4688, 104.4688, 104.4648, 104.4648, 104.4648,
        104.4570, 104.4570, 104.4570, 104.4531, 104.4492, 104.4414, 104.4375,
        104.4336, 104.4258, 104.4258, 104.4219, 104.4219, 104.4141, 104.4141,
        104.4102, 104.4062, 104.4062, 104.4023, 104.4023, 104.3984, 104.3945,
        104.3945, 104.3945, 104.3906, 104.3828, 104.3789, 104.3750, 104.3750,
        104.3750, 104.3711, 104.3672, 104.3594, 104.3594, 104.3555, 104.3555,
        104.3555, 104.3516, 104.3516, 104.3516, 104.3398, 104.3398, 104.3398,
        104.3359, 104.3320, 104.3320, 104.3281, 104.3242, 104.3242, 104.3203,
        104.3164, 104.3008, 104.3008, 104.2930, 104.2930, 104.2930, 104.2930,
        104.2930, 104.2930, 104.2891, 104.2891, 104.2852, 104.2852, 104.2852,
        104.2812, 104.2812, 104.2773, 104.2695, 104.2695, 104.2656, 104.2617,
        104.2578, 104.2539, 104.2461, 104.2461, 104.2422, 104.2383, 104.2383,
        104.2344, 104.2344, 104.2344, 104.2305, 104.2305, 104.2227, 104.2227,
        104.2188, 104.2188, 104.2188, 104.2188, 104.2188, 104.2148, 104.2148,
        104.2109, 104.2109, 104.2031, 104.2031, 104.1992, 104.1875, 104.1836,
        104.1836, 104.1836, 104.1836, 104.1758, 104.1758, 104.1758, 104.1758,
        104.1719, 104.1680, 104.1641, 104.1523, 104.1484, 104.1484, 104.1367])
