[2024-09-19 22:12:53,527][root][INFO] - self.cfg: 
 lr: 0.0001
c_in: 6
zfar: 'Infinity'
debug: null
n_view: 1
run_id: 3wy8qqex
use_BN: true
exp_name: 2024-01-11-20-02-45
n_epochs: 62
save_dir: /home/bowenw/debug/2024-01-11-20-02-45/
use_mask: false
loss_type: pairwise_valid
optimizer: adam
batch_size: 64
crop_ratio: 1.1
enable_amp: true
use_normal: false
max_num_key: null
warmup_step: -1
input_resize:
- 160
- 160
max_step_val: 1000
vis_interval: 1000
weight_decay: 0
normalize_xyz: true
resume_run_id: null
clip_grad_norm: 'Infinity'
lr_epoch_decay: 500
render_backend: nvdiffrast
train_num_pair: 5
lr_decay_epochs:
- 50
n_epochs_warmup: 1
make_pair_online: false
gradient_max_norm: 'Infinity'
max_step_per_epoch: 10000
n_rendering_workers: 1
save_epoch_interval: 100
n_dataloader_workers: 100
split_objects_across_gpus: true
ckpt_dir: FoundationPose/learning/training/../../weights/2024-01-11-20-02-45/model_best.pth

[2024-09-19 22:12:53,527][root][INFO] - self.h5_file:None
[2024-09-19 22:12:53,714][root][INFO] - Using pretrained model from FoundationPose/learning/training/../../weights/2024-01-11-20-02-45/model_best.pth
[2024-09-19 22:12:53,778][root][INFO] - init done
[2024-09-19 22:12:53,779][root][INFO] - welcome
[2024-09-19 22:12:53,782][root][INFO] - self.cfg: 
 lr: 0.0001
c_in: 6
zfar: .inf
debug: null
w_rot: 0.1
n_view: 1
run_id: null
use_BN: true
rot_rep: axis_angle
ckpt_dir: FoundationPose/learning/training/../../weights/2023-10-28-18-33-37/model_best.pth
exp_name: 2023-10-28-18-33-37
save_dir: /tmp/2023-10-28-18-33-37/
loss_type: l2
optimizer: adam
trans_rep: tracknet
batch_size: 64
crop_ratio: 1.2
use_normal: false
BN_momentum: 0.1
max_num_key: null
warmup_step: -1
input_resize:
- 160
- 160
max_step_val: 1000
normal_uint8: false
vis_interval: 1000
weight_decay: 0
n_max_objects: null
normalize_xyz: true
clip_grad_norm: 'Infinity'
rot_normalizer: 0.3490658503988659
trans_normalizer:
- 0.019999999552965164
- 0.019999999552965164
- 0.05000000074505806
max_step_per_epoch: 25000
val_epoch_interval: 10
n_dataloader_workers: 60
enable_amp: true
use_mask: false

[2024-09-19 22:12:53,782][root][INFO] - self.h5_file:
[2024-09-19 22:12:53,850][root][INFO] - Using pretrained model from FoundationPose/learning/training/../../weights/2023-10-28-18-33-37/model_best.pth
[2024-09-19 22:12:53,873][root][INFO] - init done
[2024-09-19 22:12:54,948][root][INFO] - self.diameter:0.15243421826573095, vox_size:0.007621710913286547
[2024-09-19 22:12:54,962][root][INFO] - self.pts:torch.Size([464, 3])
[2024-09-19 22:12:55,660][root][INFO] - reset done
[2024-09-19 22:12:55,660][root][INFO] - cam_in_obs:(42, 4, 4)
[2024-09-19 22:12:55,662][root][INFO] - rot_grid:(252, 4, 4)
[2024-09-19 22:12:55,662][root][INFO] - after cluster, rot_grid:(252, 4, 4)
[2024-09-19 22:12:55,662][root][INFO] - self.rot_grid: torch.Size([252, 4, 4])
[2024-09-19 22:13:05,959][root][INFO] - Welcome
[2024-09-19 22:13:05,977][root][INFO] - poses:(252, 4, 4)
[2024-09-19 22:13:05,986][root][INFO] - after viewpoint, add_errs min:-1.0
[2024-09-19 22:13:06,017][root][INFO] - ob_in_cams:(252, 4, 4)
[2024-09-19 22:13:06,017][root][INFO] - self.cfg.use_normal:False
[2024-09-19 22:13:06,018][root][INFO] - trans_normalizer:[0.019999999552965164, 0.019999999552965164, 0.05000000074505806], rot_normalizer:0.3490658503988659
[2024-09-19 22:13:06,056][root][INFO] - making cropped data
[2024-09-19 22:13:06,056][root][INFO] - Welcome make_crop_data_batch
[2024-09-19 22:13:06,060][root][INFO] - make tf_to_crops done
[2024-09-19 22:13:06,084][root][INFO] - render done
[2024-09-19 22:13:06,092][root][INFO] - warp done
[2024-09-19 22:13:06,096][root][INFO] - pose batch data done
[2024-09-19 22:13:06,097][root][INFO] - forward start
[2024-09-19 22:13:06,215][root][INFO] - forward done
[2024-09-19 22:13:06,227][root][INFO] - making cropped data
[2024-09-19 22:13:06,227][root][INFO] - Welcome make_crop_data_batch
[2024-09-19 22:13:06,228][root][INFO] - make tf_to_crops done
[2024-09-19 22:13:06,243][root][INFO] - render done
[2024-09-19 22:13:06,247][root][INFO] - warp done
[2024-09-19 22:13:06,249][root][INFO] - pose batch data done
[2024-09-19 22:13:06,249][root][INFO] - forward start
[2024-09-19 22:13:06,251][root][INFO] - forward done
[2024-09-19 22:13:06,251][root][INFO] - making cropped data
[2024-09-19 22:13:06,251][root][INFO] - Welcome make_crop_data_batch
[2024-09-19 22:13:06,355][root][INFO] - make tf_to_crops done
[2024-09-19 22:13:06,369][root][INFO] - render done
[2024-09-19 22:13:06,374][root][INFO] - warp done
[2024-09-19 22:13:06,376][root][INFO] - pose batch data done
[2024-09-19 22:13:06,376][root][INFO] - forward start
[2024-09-19 22:13:06,378][root][INFO] - forward done
[2024-09-19 22:13:06,378][root][INFO] - making cropped data
[2024-09-19 22:13:06,378][root][INFO] - Welcome make_crop_data_batch
[2024-09-19 22:13:06,479][root][INFO] - make tf_to_crops done
[2024-09-19 22:13:06,494][root][INFO] - render done
[2024-09-19 22:13:06,497][root][INFO] - warp done
[2024-09-19 22:13:06,500][root][INFO] - pose batch data done
[2024-09-19 22:13:06,500][root][INFO] - forward start
[2024-09-19 22:13:06,501][root][INFO] - forward done
[2024-09-19 22:13:06,501][root][INFO] - making cropped data
[2024-09-19 22:13:06,501][root][INFO] - Welcome make_crop_data_batch
[2024-09-19 22:13:06,601][root][INFO] - make tf_to_crops done
[2024-09-19 22:13:06,616][root][INFO] - render done
[2024-09-19 22:13:06,620][root][INFO] - warp done
[2024-09-19 22:13:06,623][root][INFO] - pose batch data done
[2024-09-19 22:13:06,623][root][INFO] - forward start
[2024-09-19 22:13:06,624][root][INFO] - forward done
[2024-09-19 22:13:06,741][root][INFO] - ob_in_cams:(252, 4, 4)
[2024-09-19 22:13:06,742][root][INFO] - self.cfg.use_normal:False
[2024-09-19 22:13:06,742][root][INFO] - making cropped data
[2024-09-19 22:13:06,749][root][INFO] - Welcome make_crop_data_batch
[2024-09-19 22:13:06,750][root][INFO] - make tf_to_crops done
[2024-09-19 22:13:06,764][root][INFO] - render done
[2024-09-19 22:13:06,893][root][INFO] - pose batch data done
[2024-09-19 22:13:06,893][root][INFO] - pose_data.rgbAs.shape[0]: 252
[2024-09-19 22:13:06,990][root][INFO] - forward done
[2024-09-19 22:13:07,007][root][INFO] - final, add_errs min:-1.0
[2024-09-19 22:13:07,017][root][INFO] - sort ids:tensor([  3,   9,  33,  75,  99, 105, 111, 189, 244, 135, 171, 198, 132, 138,
        221,  42,  72, 126, 216,   0,   6,  10,  96,   4,   5,  34,  47,  56,
         74,  76,  77,  98, 100, 101, 104, 106, 107, 130, 131, 134, 137, 146,
        163, 170, 202, 203, 226, 227, 245,   8,  32,  73, 127, 129, 133, 145,
        188,   1,   7,  43, 103, 164, 169, 220, 251,  50, 194, 102,  65,  15,
        236,  21,  68,  71,  93, 108, 117, 122, 123, 231, 237,  19,  26,  27,
         37,  79,  81,  87, 115, 121, 205, 212, 248,  12,  13,  14,  18,  36,
         41,  53,  58,  62,  78,  83,  85,  90, 114, 116, 120, 125, 141, 150,
        155, 161, 206, 211, 229, 230, 235, 247,  16,  22,  23,  28,  70,  80,
         82,  86,  88,  89,  94,  95, 124, 154, 156, 178, 179, 184, 185, 196,
         17,  92,  20,  52,  59,  84, 119,  25,  67, 160, 187, 197, 142,  61,
        109, 243,  30,  49,  55, 193, 250,  64, 112, 183, 159,  39, 222, 148,
        175, 200, 207, 218, 151, 232, 172, 173, 191, 214, 234, 241, 139, 158,
        166, 199, 208, 223, 242,   2,  40,  97, 186, 201,  11,  45,  91, 118,
        167, 168, 181, 224, 239,  24, 136, 219, 128, 149, 152, 176, 209, 215,
         46, 182, 228, 233,  31,  29,  35,  44, 190, 217, 113, 153, 162,  38,
         48,  57, 165, 174, 180, 192, 204, 249,  51,  54,  60,  63,  66,  69,
        144, 147, 177, 195, 210, 213, 225, 246, 143, 238, 110, 140, 157, 240])
[2024-09-19 22:13:07,020][root][INFO] - sorted scores:tensor([61.2812, 61.2812, 61.2812, 61.2812, 61.2812, 61.2812, 61.2812, 61.2812,
        61.2812, 61.2500, 61.2500, 60.9688, 60.9375, 60.9375, 60.9375, 60.9062,
        60.9062, 60.9062, 60.9062, 60.8750, 60.8750, 60.8750, 60.8750, 60.8438,
        60.8438, 60.8438, 60.8438, 60.8438, 60.8438, 60.8438, 60.8438, 60.8438,
        60.8438, 60.8438, 60.8438, 60.8438, 60.8438, 60.8438, 60.8438, 60.8438,
        60.8438, 60.8438, 60.8438, 60.8438, 60.8438, 60.8438, 60.8438, 60.8438,
        60.8438, 60.8125, 60.8125, 60.8125, 60.8125, 60.8125, 60.8125, 60.8125,
        60.8125, 60.7812, 60.7812, 60.7812, 60.7812, 60.7812, 60.7812, 60.7812,
        60.7812, 60.7500, 60.7500, 60.7188, 60.6562, 60.6250, 60.6250, 60.5938,
        60.5938, 60.5938, 60.5938, 60.5938, 60.5938, 60.5938, 60.5938, 60.5938,
        60.5938, 60.5625, 60.5625, 60.5625, 60.5625, 60.5625, 60.5625, 60.5625,
        60.5625, 60.5625, 60.5625, 60.5625, 60.5625, 60.5312, 60.5312, 60.5312,
        60.5312, 60.5312, 60.5312, 60.5312, 60.5312, 60.5312, 60.5312, 60.5312,
        60.5312, 60.5312, 60.5312, 60.5312, 60.5312, 60.5312, 60.5312, 60.5312,
        60.5312, 60.5312, 60.5312, 60.5312, 60.5312, 60.5312, 60.5312, 60.5312,
        60.5000, 60.5000, 60.5000, 60.5000, 60.5000, 60.5000, 60.5000, 60.5000,
        60.5000, 60.5000, 60.5000, 60.5000, 60.5000, 60.5000, 60.5000, 60.5000,
        60.5000, 60.5000, 60.5000, 60.5000, 60.4688, 60.4688, 60.4375, 60.4375,
        60.4375, 60.4375, 60.4375, 60.4062, 60.4062, 60.4062, 60.4062, 60.4062,
        60.3750, 60.3438, 60.3438, 60.3125, 60.2812, 60.2812, 60.2500, 60.2500,
        60.2500, 60.2188, 60.1875, 60.0625, 60.0000, 59.9688, 59.9375, 59.9062,
        59.9062, 59.9062, 59.9062, 59.9062, 59.8438, 59.8438, 59.8125, 59.8125,
        59.8125, 59.8125, 59.8125, 59.8125, 59.7500, 59.7500, 59.7500, 59.7500,
        59.7500, 59.7500, 59.7500, 59.7188, 59.7188, 59.7188, 59.7188, 59.7188,
        59.6875, 59.6875, 59.6875, 59.6875, 59.6875, 59.6875, 59.6875, 59.6875,
        59.6875, 59.6562, 59.6562, 59.6562, 59.6250, 59.6250, 59.6250, 59.6250,
        59.6250, 59.6250, 59.5938, 59.5938, 59.5938, 59.5938, 59.5625, 59.5000,
        59.4688, 59.4375, 59.4375, 59.3750, 59.3438, 59.2500, 59.2500, 59.2188,
        59.1875, 59.1875, 59.1875, 59.1875, 59.1875, 59.1875, 59.1875, 59.1875,
        59.1562, 59.1562, 59.1562, 59.1562, 59.1562, 59.1562, 59.1562, 59.1562,
        59.1562, 59.1562, 59.1562, 59.1562, 59.1562, 59.1562, 59.1250, 59.1250,
        59.0938, 59.0625, 59.0625, 59.0625])
[2024-09-19 22:13:18,235][websockets.server][INFO] - server listening on 0.0.0.0:8080
[2024-09-19 22:13:18,245][websockets.server][INFO] - connection open
[2024-09-19 22:13:26,680][root][INFO] - Succeeded to open port: /dev/ttyUSB0
[2024-09-19 22:13:26,680][root][INFO] - Succeeded to set baudrate to 3000000
[2024-09-19 22:13:26,806][root][ERROR] - > write_byte: [Motor ID: 6] [RxPacketError] Hardware error occurred. Check the error at Control Table (Hardware Error Status)!
[2024-09-19 22:13:26,870][root][ERROR] - > write_byte: [Motor ID: 10] [RxPacketError] Hardware error occurred. Check the error at Control Table (Hardware Error Status)!
[2024-09-19 22:13:26,886][root][ERROR] - > write_byte: [Motor ID: 11] [RxPacketError] Hardware error occurred. Check the error at Control Table (Hardware Error Status)!
[2024-09-19 22:13:26,902][root][ERROR] - > write_byte: [Motor ID: 12] [RxPacketError] Hardware error occurred. Check the error at Control Table (Hardware Error Status)!
[2024-09-19 22:13:26,918][root][ERROR] - > write_byte: [Motor ID: 13] [RxPacketError] Hardware error occurred. Check the error at Control Table (Hardware Error Status)!
[2024-09-19 22:13:26,950][root][ERROR] - > write_byte: [Motor ID: 15] [RxPacketError] Hardware error occurred. Check the error at Control Table (Hardware Error Status)!
[2024-09-19 22:13:26,950][root][ERROR] - Could not set torque enabled for IDs: [6, 10, 11, 12, 13, 15]
[2024-09-19 22:13:27,206][root][ERROR] - > write_byte: [Motor ID: 6] [RxPacketError] Hardware error occurred. Check the error at Control Table (Hardware Error Status)!
[2024-09-19 22:13:27,222][root][ERROR] - > write_byte: [Motor ID: 10] [RxPacketError] Hardware error occurred. Check the error at Control Table (Hardware Error Status)!
[2024-09-19 22:13:27,238][root][ERROR] - > write_byte: [Motor ID: 11] [RxPacketError] Hardware error occurred. Check the error at Control Table (Hardware Error Status)!
[2024-09-19 22:13:27,254][root][ERROR] - > write_byte: [Motor ID: 12] [RxPacketError] Hardware error occurred. Check the error at Control Table (Hardware Error Status)!
[2024-09-19 22:13:27,270][root][ERROR] - > write_byte: [Motor ID: 13] [RxPacketError] Hardware error occurred. Check the error at Control Table (Hardware Error Status)!
[2024-09-19 22:13:27,286][root][ERROR] - > write_byte: [Motor ID: 15] [RxPacketError] Hardware error occurred. Check the error at Control Table (Hardware Error Status)!
[2024-09-19 22:13:27,286][root][ERROR] - Could not set torque enabled for IDs: [6, 10, 11, 12, 13, 15]
[2024-09-19 22:13:27,542][root][ERROR] - > write_byte: [Motor ID: 6] [RxPacketError] Hardware error occurred. Check the error at Control Table (Hardware Error Status)!
[2024-09-19 22:13:27,558][root][ERROR] - > write_byte: [Motor ID: 10] [RxPacketError] Hardware error occurred. Check the error at Control Table (Hardware Error Status)!
[2024-09-19 22:13:27,574][root][ERROR] - > write_byte: [Motor ID: 11] [RxPacketError] Hardware error occurred. Check the error at Control Table (Hardware Error Status)!
[2024-09-19 22:13:27,590][root][ERROR] - > write_byte: [Motor ID: 12] [RxPacketError] Hardware error occurred. Check the error at Control Table (Hardware Error Status)!
[2024-09-19 22:13:27,606][root][ERROR] - > write_byte: [Motor ID: 13] [RxPacketError] Hardware error occurred. Check the error at Control Table (Hardware Error Status)!
[2024-09-19 22:13:27,622][root][ERROR] - > write_byte: [Motor ID: 15] [RxPacketError] Hardware error occurred. Check the error at Control Table (Hardware Error Status)!
[2024-09-19 22:13:27,623][root][ERROR] - Could not set torque enabled for IDs: [6, 10, 11, 12, 13, 15]
[2024-09-19 22:13:27,878][root][ERROR] - > write_byte: [Motor ID: 6] [RxPacketError] Hardware error occurred. Check the error at Control Table (Hardware Error Status)!
[2024-09-19 22:13:27,894][root][ERROR] - > write_byte: [Motor ID: 10] [RxPacketError] Hardware error occurred. Check the error at Control Table (Hardware Error Status)!
[2024-09-19 22:13:27,910][root][ERROR] - > write_byte: [Motor ID: 11] [RxPacketError] Hardware error occurred. Check the error at Control Table (Hardware Error Status)!
[2024-09-19 22:13:27,926][root][ERROR] - > write_byte: [Motor ID: 12] [RxPacketError] Hardware error occurred. Check the error at Control Table (Hardware Error Status)!
[2024-09-19 22:13:27,942][root][ERROR] - > write_byte: [Motor ID: 13] [RxPacketError] Hardware error occurred. Check the error at Control Table (Hardware Error Status)!
[2024-09-19 22:13:27,958][root][ERROR] - > write_byte: [Motor ID: 15] [RxPacketError] Hardware error occurred. Check the error at Control Table (Hardware Error Status)!
[2024-09-19 22:13:27,958][root][ERROR] - Could not set torque enabled for IDs: [6, 10, 11, 12, 13, 15]
[2024-09-19 22:13:28,214][root][ERROR] - > write_byte: [Motor ID: 6] [RxPacketError] Hardware error occurred. Check the error at Control Table (Hardware Error Status)!
[2024-09-19 22:13:28,230][root][ERROR] - > write_byte: [Motor ID: 10] [RxPacketError] Hardware error occurred. Check the error at Control Table (Hardware Error Status)!
[2024-09-19 22:13:28,246][root][ERROR] - > write_byte: [Motor ID: 11] [RxPacketError] Hardware error occurred. Check the error at Control Table (Hardware Error Status)!
[2024-09-19 22:13:28,262][root][ERROR] - > write_byte: [Motor ID: 12] [RxPacketError] Hardware error occurred. Check the error at Control Table (Hardware Error Status)!
[2024-09-19 22:13:28,278][root][ERROR] - > write_byte: [Motor ID: 13] [RxPacketError] Hardware error occurred. Check the error at Control Table (Hardware Error Status)!
[2024-09-19 22:13:28,294][root][ERROR] - > write_byte: [Motor ID: 15] [RxPacketError] Hardware error occurred. Check the error at Control Table (Hardware Error Status)!
[2024-09-19 22:13:28,294][root][ERROR] - Could not set torque enabled for IDs: [6, 10, 11, 12, 13, 15]
[2024-09-19 22:13:28,550][root][ERROR] - > write_byte: [Motor ID: 6] [RxPacketError] Hardware error occurred. Check the error at Control Table (Hardware Error Status)!
[2024-09-19 22:13:28,566][root][ERROR] - > write_byte: [Motor ID: 10] [RxPacketError] Hardware error occurred. Check the error at Control Table (Hardware Error Status)!
[2024-09-19 22:13:28,582][root][ERROR] - > write_byte: [Motor ID: 11] [RxPacketError] Hardware error occurred. Check the error at Control Table (Hardware Error Status)!
[2024-09-19 22:13:28,598][root][ERROR] - > write_byte: [Motor ID: 12] [RxPacketError] Hardware error occurred. Check the error at Control Table (Hardware Error Status)!
[2024-09-19 22:13:28,614][root][ERROR] - > write_byte: [Motor ID: 13] [RxPacketError] Hardware error occurred. Check the error at Control Table (Hardware Error Status)!
[2024-09-19 22:13:28,630][root][ERROR] - > write_byte: [Motor ID: 15] [RxPacketError] Hardware error occurred. Check the error at Control Table (Hardware Error Status)!
[2024-09-19 22:13:28,630][root][ERROR] - Could not set torque enabled for IDs: [6, 10, 11, 12, 13, 15]
[2024-09-19 22:13:28,886][root][ERROR] - > write_byte: [Motor ID: 6] [RxPacketError] Hardware error occurred. Check the error at Control Table (Hardware Error Status)!
[2024-09-19 22:13:28,902][root][ERROR] - > write_byte: [Motor ID: 10] [RxPacketError] Hardware error occurred. Check the error at Control Table (Hardware Error Status)!
[2024-09-19 22:13:28,918][root][ERROR] - > write_byte: [Motor ID: 11] [RxPacketError] Hardware error occurred. Check the error at Control Table (Hardware Error Status)!
[2024-09-19 22:13:28,934][root][ERROR] - > write_byte: [Motor ID: 12] [RxPacketError] Hardware error occurred. Check the error at Control Table (Hardware Error Status)!
[2024-09-19 22:13:28,950][root][ERROR] - > write_byte: [Motor ID: 13] [RxPacketError] Hardware error occurred. Check the error at Control Table (Hardware Error Status)!
[2024-09-19 22:13:28,966][root][ERROR] - > write_byte: [Motor ID: 15] [RxPacketError] Hardware error occurred. Check the error at Control Table (Hardware Error Status)!
[2024-09-19 22:13:28,966][root][ERROR] - Could not set torque enabled for IDs: [6, 10, 11, 12, 13, 15]
[2024-09-19 22:13:29,222][root][ERROR] - > write_byte: [Motor ID: 6] [RxPacketError] Hardware error occurred. Check the error at Control Table (Hardware Error Status)!
[2024-09-19 22:13:29,238][root][ERROR] - > write_byte: [Motor ID: 10] [RxPacketError] Hardware error occurred. Check the error at Control Table (Hardware Error Status)!
[2024-09-19 22:13:29,254][root][ERROR] - > write_byte: [Motor ID: 11] [RxPacketError] Hardware error occurred. Check the error at Control Table (Hardware Error Status)!
[2024-09-19 22:13:29,270][root][ERROR] - > write_byte: [Motor ID: 12] [RxPacketError] Hardware error occurred. Check the error at Control Table (Hardware Error Status)!
[2024-09-19 22:13:29,286][root][ERROR] - > write_byte: [Motor ID: 13] [RxPacketError] Hardware error occurred. Check the error at Control Table (Hardware Error Status)!
[2024-09-19 22:13:29,302][root][ERROR] - > write_byte: [Motor ID: 15] [RxPacketError] Hardware error occurred. Check the error at Control Table (Hardware Error Status)!
[2024-09-19 22:13:29,302][root][ERROR] - Could not set torque enabled for IDs: [6, 10, 11, 12, 13, 15]
[2024-09-19 22:13:29,558][root][ERROR] - > write_byte: [Motor ID: 6] [RxPacketError] Hardware error occurred. Check the error at Control Table (Hardware Error Status)!
[2024-09-19 22:13:29,574][root][ERROR] - > write_byte: [Motor ID: 10] [RxPacketError] Hardware error occurred. Check the error at Control Table (Hardware Error Status)!
[2024-09-19 22:13:29,590][root][ERROR] - > write_byte: [Motor ID: 11] [RxPacketError] Hardware error occurred. Check the error at Control Table (Hardware Error Status)!
[2024-09-19 22:13:29,606][root][ERROR] - > write_byte: [Motor ID: 12] [RxPacketError] Hardware error occurred. Check the error at Control Table (Hardware Error Status)!
[2024-09-19 22:13:29,622][root][ERROR] - > write_byte: [Motor ID: 13] [RxPacketError] Hardware error occurred. Check the error at Control Table (Hardware Error Status)!
[2024-09-19 22:13:29,638][root][ERROR] - > write_byte: [Motor ID: 15] [RxPacketError] Hardware error occurred. Check the error at Control Table (Hardware Error Status)!
[2024-09-19 22:13:29,638][root][ERROR] - Could not set torque enabled for IDs: [6, 10, 11, 12, 13, 15]
[2024-09-19 22:13:29,894][root][ERROR] - > write_byte: [Motor ID: 6] [RxPacketError] Hardware error occurred. Check the error at Control Table (Hardware Error Status)!
[2024-09-19 22:13:29,910][root][ERROR] - > write_byte: [Motor ID: 10] [RxPacketError] Hardware error occurred. Check the error at Control Table (Hardware Error Status)!
[2024-09-19 22:13:29,926][root][ERROR] - > write_byte: [Motor ID: 11] [RxPacketError] Hardware error occurred. Check the error at Control Table (Hardware Error Status)!
[2024-09-19 22:13:29,942][root][ERROR] - > write_byte: [Motor ID: 12] [RxPacketError] Hardware error occurred. Check the error at Control Table (Hardware Error Status)!
[2024-09-19 22:13:29,958][root][ERROR] - > write_byte: [Motor ID: 13] [RxPacketError] Hardware error occurred. Check the error at Control Table (Hardware Error Status)!
[2024-09-19 22:13:29,974][root][ERROR] - > write_byte: [Motor ID: 15] [RxPacketError] Hardware error occurred. Check the error at Control Table (Hardware Error Status)!
[2024-09-19 22:13:29,974][root][ERROR] - Could not set torque enabled for IDs: [6, 10, 11, 12, 13, 15]
[2024-09-19 22:13:30,230][root][ERROR] - > write_byte: [Motor ID: 6] [RxPacketError] Hardware error occurred. Check the error at Control Table (Hardware Error Status)!
[2024-09-19 22:13:30,246][root][ERROR] - > write_byte: [Motor ID: 10] [RxPacketError] Hardware error occurred. Check the error at Control Table (Hardware Error Status)!
[2024-09-19 22:13:30,262][root][ERROR] - > write_byte: [Motor ID: 11] [RxPacketError] Hardware error occurred. Check the error at Control Table (Hardware Error Status)!
[2024-09-19 22:13:30,278][root][ERROR] - > write_byte: [Motor ID: 12] [RxPacketError] Hardware error occurred. Check the error at Control Table (Hardware Error Status)!
[2024-09-19 22:13:30,294][root][ERROR] - > write_byte: [Motor ID: 13] [RxPacketError] Hardware error occurred. Check the error at Control Table (Hardware Error Status)!
[2024-09-19 22:13:30,310][root][ERROR] - > write_byte: [Motor ID: 15] [RxPacketError] Hardware error occurred. Check the error at Control Table (Hardware Error Status)!
[2024-09-19 22:13:30,310][root][ERROR] - Could not set torque enabled for IDs: [6, 10, 11, 12, 13, 15]
[2024-09-19 22:13:30,566][root][ERROR] - > write_byte: [Motor ID: 6] [RxPacketError] Hardware error occurred. Check the error at Control Table (Hardware Error Status)!
[2024-09-19 22:13:30,582][root][ERROR] - > write_byte: [Motor ID: 10] [RxPacketError] Hardware error occurred. Check the error at Control Table (Hardware Error Status)!
[2024-09-19 22:13:30,598][root][ERROR] - > write_byte: [Motor ID: 11] [RxPacketError] Hardware error occurred. Check the error at Control Table (Hardware Error Status)!
[2024-09-19 22:13:30,614][root][ERROR] - > write_byte: [Motor ID: 12] [RxPacketError] Hardware error occurred. Check the error at Control Table (Hardware Error Status)!
[2024-09-19 22:13:30,630][root][ERROR] - > write_byte: [Motor ID: 13] [RxPacketError] Hardware error occurred. Check the error at Control Table (Hardware Error Status)!
[2024-09-19 22:13:30,646][root][ERROR] - > write_byte: [Motor ID: 15] [RxPacketError] Hardware error occurred. Check the error at Control Table (Hardware Error Status)!
[2024-09-19 22:13:30,646][root][ERROR] - Could not set torque enabled for IDs: [6, 10, 11, 12, 13, 15]
[2024-09-19 22:13:30,902][root][ERROR] - > write_byte: [Motor ID: 6] [RxPacketError] Hardware error occurred. Check the error at Control Table (Hardware Error Status)!
[2024-09-19 22:13:30,918][root][ERROR] - > write_byte: [Motor ID: 10] [RxPacketError] Hardware error occurred. Check the error at Control Table (Hardware Error Status)!
[2024-09-19 22:13:30,934][root][ERROR] - > write_byte: [Motor ID: 11] [RxPacketError] Hardware error occurred. Check the error at Control Table (Hardware Error Status)!
[2024-09-19 22:13:30,950][root][ERROR] - > write_byte: [Motor ID: 12] [RxPacketError] Hardware error occurred. Check the error at Control Table (Hardware Error Status)!
[2024-09-19 22:13:30,966][root][ERROR] - > write_byte: [Motor ID: 13] [RxPacketError] Hardware error occurred. Check the error at Control Table (Hardware Error Status)!
[2024-09-19 22:13:30,982][root][ERROR] - > write_byte: [Motor ID: 15] [RxPacketError] Hardware error occurred. Check the error at Control Table (Hardware Error Status)!
[2024-09-19 22:13:30,982][root][ERROR] - Could not set torque enabled for IDs: [6, 10, 11, 12, 13, 15]
[2024-09-19 22:13:31,238][root][ERROR] - > write_byte: [Motor ID: 6] [RxPacketError] Hardware error occurred. Check the error at Control Table (Hardware Error Status)!
[2024-09-19 22:13:31,254][root][ERROR] - > write_byte: [Motor ID: 10] [RxPacketError] Hardware error occurred. Check the error at Control Table (Hardware Error Status)!
[2024-09-19 22:13:31,270][root][ERROR] - > write_byte: [Motor ID: 11] [RxPacketError] Hardware error occurred. Check the error at Control Table (Hardware Error Status)!
[2024-09-19 22:13:31,286][root][ERROR] - > write_byte: [Motor ID: 12] [RxPacketError] Hardware error occurred. Check the error at Control Table (Hardware Error Status)!
[2024-09-19 22:13:31,302][root][ERROR] - > write_byte: [Motor ID: 13] [RxPacketError] Hardware error occurred. Check the error at Control Table (Hardware Error Status)!
[2024-09-19 22:13:31,318][root][ERROR] - > write_byte: [Motor ID: 15] [RxPacketError] Hardware error occurred. Check the error at Control Table (Hardware Error Status)!
[2024-09-19 22:13:31,318][root][ERROR] - Could not set torque enabled for IDs: [6, 10, 11, 12, 13, 15]
[2024-09-19 22:13:31,574][root][ERROR] - > write_byte: [Motor ID: 6] [RxPacketError] Hardware error occurred. Check the error at Control Table (Hardware Error Status)!
[2024-09-19 22:13:31,590][root][ERROR] - > write_byte: [Motor ID: 10] [RxPacketError] Hardware error occurred. Check the error at Control Table (Hardware Error Status)!
[2024-09-19 22:13:31,606][root][ERROR] - > write_byte: [Motor ID: 11] [RxPacketError] Hardware error occurred. Check the error at Control Table (Hardware Error Status)!
[2024-09-19 22:13:31,622][root][ERROR] - > write_byte: [Motor ID: 12] [RxPacketError] Hardware error occurred. Check the error at Control Table (Hardware Error Status)!
[2024-09-19 22:13:31,638][root][ERROR] - > write_byte: [Motor ID: 13] [RxPacketError] Hardware error occurred. Check the error at Control Table (Hardware Error Status)!
[2024-09-19 22:13:31,654][root][ERROR] - > write_byte: [Motor ID: 15] [RxPacketError] Hardware error occurred. Check the error at Control Table (Hardware Error Status)!
[2024-09-19 22:13:31,654][root][ERROR] - Could not set torque enabled for IDs: [6, 10, 11, 12, 13, 15]
[2024-09-19 22:13:31,910][root][ERROR] - > write_byte: [Motor ID: 6] [RxPacketError] Hardware error occurred. Check the error at Control Table (Hardware Error Status)!
[2024-09-19 22:13:31,926][root][ERROR] - > write_byte: [Motor ID: 10] [RxPacketError] Hardware error occurred. Check the error at Control Table (Hardware Error Status)!
[2024-09-19 22:13:31,942][root][ERROR] - > write_byte: [Motor ID: 11] [RxPacketError] Hardware error occurred. Check the error at Control Table (Hardware Error Status)!
[2024-09-19 22:13:31,958][root][ERROR] - > write_byte: [Motor ID: 12] [RxPacketError] Hardware error occurred. Check the error at Control Table (Hardware Error Status)!
[2024-09-19 22:13:31,974][root][ERROR] - > write_byte: [Motor ID: 13] [RxPacketError] Hardware error occurred. Check the error at Control Table (Hardware Error Status)!
[2024-09-19 22:13:31,990][root][ERROR] - > write_byte: [Motor ID: 15] [RxPacketError] Hardware error occurred. Check the error at Control Table (Hardware Error Status)!
[2024-09-19 22:13:31,990][root][ERROR] - Could not set torque enabled for IDs: [6, 10, 11, 12, 13, 15]
[2024-09-19 22:13:32,246][root][ERROR] - > write_byte: [Motor ID: 6] [RxPacketError] Hardware error occurred. Check the error at Control Table (Hardware Error Status)!
[2024-09-19 22:13:32,262][root][ERROR] - > write_byte: [Motor ID: 10] [RxPacketError] Hardware error occurred. Check the error at Control Table (Hardware Error Status)!
[2024-09-19 22:13:32,278][root][ERROR] - > write_byte: [Motor ID: 11] [RxPacketError] Hardware error occurred. Check the error at Control Table (Hardware Error Status)!
[2024-09-19 22:13:32,294][root][ERROR] - > write_byte: [Motor ID: 12] [RxPacketError] Hardware error occurred. Check the error at Control Table (Hardware Error Status)!
[2024-09-19 22:13:32,310][root][ERROR] - > write_byte: [Motor ID: 13] [RxPacketError] Hardware error occurred. Check the error at Control Table (Hardware Error Status)!
[2024-09-19 22:13:32,326][root][ERROR] - > write_byte: [Motor ID: 15] [RxPacketError] Hardware error occurred. Check the error at Control Table (Hardware Error Status)!
[2024-09-19 22:13:32,326][root][ERROR] - Could not set torque enabled for IDs: [6, 10, 11, 12, 13, 15]
[2024-09-19 22:13:32,582][root][ERROR] - > write_byte: [Motor ID: 6] [RxPacketError] Hardware error occurred. Check the error at Control Table (Hardware Error Status)!
[2024-09-19 22:13:32,598][root][ERROR] - > write_byte: [Motor ID: 10] [RxPacketError] Hardware error occurred. Check the error at Control Table (Hardware Error Status)!
[2024-09-19 22:13:32,614][root][ERROR] - > write_byte: [Motor ID: 11] [RxPacketError] Hardware error occurred. Check the error at Control Table (Hardware Error Status)!
[2024-09-19 22:13:32,630][root][ERROR] - > write_byte: [Motor ID: 12] [RxPacketError] Hardware error occurred. Check the error at Control Table (Hardware Error Status)!
[2024-09-19 22:13:32,646][root][ERROR] - > write_byte: [Motor ID: 13] [RxPacketError] Hardware error occurred. Check the error at Control Table (Hardware Error Status)!
[2024-09-19 22:13:32,662][root][ERROR] - > write_byte: [Motor ID: 15] [RxPacketError] Hardware error occurred. Check the error at Control Table (Hardware Error Status)!
[2024-09-19 22:13:32,662][root][ERROR] - Could not set torque enabled for IDs: [6, 10, 11, 12, 13, 15]
[2024-09-19 22:13:32,918][root][ERROR] - > write_byte: [Motor ID: 6] [RxPacketError] Hardware error occurred. Check the error at Control Table (Hardware Error Status)!
[2024-09-19 22:13:32,934][root][ERROR] - > write_byte: [Motor ID: 10] [RxPacketError] Hardware error occurred. Check the error at Control Table (Hardware Error Status)!
[2024-09-19 22:13:32,950][root][ERROR] - > write_byte: [Motor ID: 11] [RxPacketError] Hardware error occurred. Check the error at Control Table (Hardware Error Status)!
[2024-09-19 22:13:32,966][root][ERROR] - > write_byte: [Motor ID: 12] [RxPacketError] Hardware error occurred. Check the error at Control Table (Hardware Error Status)!
[2024-09-19 22:13:32,982][root][ERROR] - > write_byte: [Motor ID: 13] [RxPacketError] Hardware error occurred. Check the error at Control Table (Hardware Error Status)!
[2024-09-19 22:13:32,998][root][ERROR] - > write_byte: [Motor ID: 15] [RxPacketError] Hardware error occurred. Check the error at Control Table (Hardware Error Status)!
[2024-09-19 22:13:32,998][root][ERROR] - Could not set torque enabled for IDs: [6, 10, 11, 12, 13, 15]
[2024-09-19 22:13:33,254][root][ERROR] - > write_byte: [Motor ID: 6] [RxPacketError] Hardware error occurred. Check the error at Control Table (Hardware Error Status)!
[2024-09-19 22:13:33,270][root][ERROR] - > write_byte: [Motor ID: 10] [RxPacketError] Hardware error occurred. Check the error at Control Table (Hardware Error Status)!
[2024-09-19 22:13:33,286][root][ERROR] - > write_byte: [Motor ID: 11] [RxPacketError] Hardware error occurred. Check the error at Control Table (Hardware Error Status)!
[2024-09-19 22:13:33,302][root][ERROR] - > write_byte: [Motor ID: 12] [RxPacketError] Hardware error occurred. Check the error at Control Table (Hardware Error Status)!
[2024-09-19 22:13:33,318][root][ERROR] - > write_byte: [Motor ID: 13] [RxPacketError] Hardware error occurred. Check the error at Control Table (Hardware Error Status)!
[2024-09-19 22:13:33,334][root][ERROR] - > write_byte: [Motor ID: 15] [RxPacketError] Hardware error occurred. Check the error at Control Table (Hardware Error Status)!
[2024-09-19 22:13:33,334][root][ERROR] - Could not set torque enabled for IDs: [6, 10, 11, 12, 13, 15]
[2024-09-19 22:13:33,590][root][ERROR] - > write_byte: [Motor ID: 6] [RxPacketError] Hardware error occurred. Check the error at Control Table (Hardware Error Status)!
[2024-09-19 22:13:33,606][root][ERROR] - > write_byte: [Motor ID: 10] [RxPacketError] Hardware error occurred. Check the error at Control Table (Hardware Error Status)!
[2024-09-19 22:13:33,622][root][ERROR] - > write_byte: [Motor ID: 11] [RxPacketError] Hardware error occurred. Check the error at Control Table (Hardware Error Status)!
[2024-09-19 22:13:33,638][root][ERROR] - > write_byte: [Motor ID: 12] [RxPacketError] Hardware error occurred. Check the error at Control Table (Hardware Error Status)!
[2024-09-19 22:13:33,654][root][ERROR] - > write_byte: [Motor ID: 13] [RxPacketError] Hardware error occurred. Check the error at Control Table (Hardware Error Status)!
[2024-09-19 22:13:33,670][root][ERROR] - > write_byte: [Motor ID: 15] [RxPacketError] Hardware error occurred. Check the error at Control Table (Hardware Error Status)!
[2024-09-19 22:13:33,670][root][ERROR] - Could not set torque enabled for IDs: [6, 10, 11, 12, 13, 15]
[2024-09-19 22:13:33,926][root][ERROR] - > write_byte: [Motor ID: 6] [RxPacketError] Hardware error occurred. Check the error at Control Table (Hardware Error Status)!
[2024-09-19 22:13:33,942][root][ERROR] - > write_byte: [Motor ID: 10] [RxPacketError] Hardware error occurred. Check the error at Control Table (Hardware Error Status)!
[2024-09-19 22:13:33,958][root][ERROR] - > write_byte: [Motor ID: 11] [RxPacketError] Hardware error occurred. Check the error at Control Table (Hardware Error Status)!
[2024-09-19 22:13:33,974][root][ERROR] - > write_byte: [Motor ID: 12] [RxPacketError] Hardware error occurred. Check the error at Control Table (Hardware Error Status)!
[2024-09-19 22:13:33,990][root][ERROR] - > write_byte: [Motor ID: 13] [RxPacketError] Hardware error occurred. Check the error at Control Table (Hardware Error Status)!
[2024-09-19 22:13:34,006][root][ERROR] - > write_byte: [Motor ID: 15] [RxPacketError] Hardware error occurred. Check the error at Control Table (Hardware Error Status)!
[2024-09-19 22:13:34,006][root][ERROR] - Could not set torque enabled for IDs: [6, 10, 11, 12, 13, 15]
[2024-09-19 22:13:34,262][root][ERROR] - > write_byte: [Motor ID: 6] [RxPacketError] Hardware error occurred. Check the error at Control Table (Hardware Error Status)!
[2024-09-19 22:13:34,278][root][ERROR] - > write_byte: [Motor ID: 10] [RxPacketError] Hardware error occurred. Check the error at Control Table (Hardware Error Status)!
[2024-09-19 22:13:34,294][root][ERROR] - > write_byte: [Motor ID: 11] [RxPacketError] Hardware error occurred. Check the error at Control Table (Hardware Error Status)!
[2024-09-19 22:13:34,310][root][ERROR] - > write_byte: [Motor ID: 12] [RxPacketError] Hardware error occurred. Check the error at Control Table (Hardware Error Status)!
[2024-09-19 22:13:34,326][root][ERROR] - > write_byte: [Motor ID: 13] [RxPacketError] Hardware error occurred. Check the error at Control Table (Hardware Error Status)!
[2024-09-19 22:13:34,342][root][ERROR] - > write_byte: [Motor ID: 15] [RxPacketError] Hardware error occurred. Check the error at Control Table (Hardware Error Status)!
[2024-09-19 22:13:34,342][root][ERROR] - Could not set torque enabled for IDs: [6, 10, 11, 12, 13, 15]
[2024-09-19 22:13:34,598][root][ERROR] - > write_byte: [Motor ID: 6] [RxPacketError] Hardware error occurred. Check the error at Control Table (Hardware Error Status)!
[2024-09-19 22:13:34,614][root][ERROR] - > write_byte: [Motor ID: 10] [RxPacketError] Hardware error occurred. Check the error at Control Table (Hardware Error Status)!
[2024-09-19 22:13:34,630][root][ERROR] - > write_byte: [Motor ID: 11] [RxPacketError] Hardware error occurred. Check the error at Control Table (Hardware Error Status)!
[2024-09-19 22:13:34,646][root][ERROR] - > write_byte: [Motor ID: 12] [RxPacketError] Hardware error occurred. Check the error at Control Table (Hardware Error Status)!
[2024-09-19 22:13:34,662][root][ERROR] - > write_byte: [Motor ID: 13] [RxPacketError] Hardware error occurred. Check the error at Control Table (Hardware Error Status)!
[2024-09-19 22:13:34,678][root][ERROR] - > write_byte: [Motor ID: 15] [RxPacketError] Hardware error occurred. Check the error at Control Table (Hardware Error Status)!
[2024-09-19 22:13:34,678][root][ERROR] - Could not set torque enabled for IDs: [6, 10, 11, 12, 13, 15]
[2024-09-19 22:13:34,934][root][ERROR] - > write_byte: [Motor ID: 6] [RxPacketError] Hardware error occurred. Check the error at Control Table (Hardware Error Status)!
[2024-09-19 22:13:34,950][root][ERROR] - > write_byte: [Motor ID: 10] [RxPacketError] Hardware error occurred. Check the error at Control Table (Hardware Error Status)!
[2024-09-19 22:13:34,966][root][ERROR] - > write_byte: [Motor ID: 11] [RxPacketError] Hardware error occurred. Check the error at Control Table (Hardware Error Status)!
[2024-09-19 22:13:34,982][root][ERROR] - > write_byte: [Motor ID: 12] [RxPacketError] Hardware error occurred. Check the error at Control Table (Hardware Error Status)!
[2024-09-19 22:13:34,998][root][ERROR] - > write_byte: [Motor ID: 13] [RxPacketError] Hardware error occurred. Check the error at Control Table (Hardware Error Status)!
[2024-09-19 22:13:35,014][root][ERROR] - > write_byte: [Motor ID: 15] [RxPacketError] Hardware error occurred. Check the error at Control Table (Hardware Error Status)!
[2024-09-19 22:13:35,014][root][ERROR] - Could not set torque enabled for IDs: [6, 10, 11, 12, 13, 15]
[2024-09-19 22:13:35,270][root][ERROR] - > write_byte: [Motor ID: 6] [RxPacketError] Hardware error occurred. Check the error at Control Table (Hardware Error Status)!
[2024-09-19 22:13:35,286][root][ERROR] - > write_byte: [Motor ID: 10] [RxPacketError] Hardware error occurred. Check the error at Control Table (Hardware Error Status)!
[2024-09-19 22:13:35,302][root][ERROR] - > write_byte: [Motor ID: 11] [RxPacketError] Hardware error occurred. Check the error at Control Table (Hardware Error Status)!
[2024-09-19 22:13:35,318][root][ERROR] - > write_byte: [Motor ID: 12] [RxPacketError] Hardware error occurred. Check the error at Control Table (Hardware Error Status)!
[2024-09-19 22:13:35,334][root][ERROR] - > write_byte: [Motor ID: 13] [RxPacketError] Hardware error occurred. Check the error at Control Table (Hardware Error Status)!
[2024-09-19 22:13:35,350][root][ERROR] - > write_byte: [Motor ID: 15] [RxPacketError] Hardware error occurred. Check the error at Control Table (Hardware Error Status)!
[2024-09-19 22:13:35,350][root][ERROR] - Could not set torque enabled for IDs: [6, 10, 11, 12, 13, 15]
[2024-09-19 22:13:35,606][root][ERROR] - > write_byte: [Motor ID: 6] [RxPacketError] Hardware error occurred. Check the error at Control Table (Hardware Error Status)!
[2024-09-19 22:13:35,622][root][ERROR] - > write_byte: [Motor ID: 10] [RxPacketError] Hardware error occurred. Check the error at Control Table (Hardware Error Status)!
[2024-09-19 22:13:35,638][root][ERROR] - > write_byte: [Motor ID: 11] [RxPacketError] Hardware error occurred. Check the error at Control Table (Hardware Error Status)!
[2024-09-19 22:13:35,654][root][ERROR] - > write_byte: [Motor ID: 12] [RxPacketError] Hardware error occurred. Check the error at Control Table (Hardware Error Status)!
[2024-09-19 22:13:35,670][root][ERROR] - > write_byte: [Motor ID: 13] [RxPacketError] Hardware error occurred. Check the error at Control Table (Hardware Error Status)!
[2024-09-19 22:13:35,686][root][ERROR] - > write_byte: [Motor ID: 15] [RxPacketError] Hardware error occurred. Check the error at Control Table (Hardware Error Status)!
[2024-09-19 22:13:35,686][root][ERROR] - Could not set torque enabled for IDs: [6, 10, 11, 12, 13, 15]
[2024-09-19 22:13:35,942][root][ERROR] - > write_byte: [Motor ID: 6] [RxPacketError] Hardware error occurred. Check the error at Control Table (Hardware Error Status)!
[2024-09-19 22:13:35,958][root][ERROR] - > write_byte: [Motor ID: 10] [RxPacketError] Hardware error occurred. Check the error at Control Table (Hardware Error Status)!
[2024-09-19 22:13:35,974][root][ERROR] - > write_byte: [Motor ID: 11] [RxPacketError] Hardware error occurred. Check the error at Control Table (Hardware Error Status)!
[2024-09-19 22:13:35,990][root][ERROR] - > write_byte: [Motor ID: 12] [RxPacketError] Hardware error occurred. Check the error at Control Table (Hardware Error Status)!
[2024-09-19 22:13:36,006][root][ERROR] - > write_byte: [Motor ID: 13] [RxPacketError] Hardware error occurred. Check the error at Control Table (Hardware Error Status)!
[2024-09-19 22:13:36,022][root][ERROR] - > write_byte: [Motor ID: 15] [RxPacketError] Hardware error occurred. Check the error at Control Table (Hardware Error Status)!
[2024-09-19 22:13:36,022][root][ERROR] - Could not set torque enabled for IDs: [6, 10, 11, 12, 13, 15]
[2024-09-19 22:13:36,278][root][ERROR] - > write_byte: [Motor ID: 6] [RxPacketError] Hardware error occurred. Check the error at Control Table (Hardware Error Status)!
[2024-09-19 22:13:36,294][root][ERROR] - > write_byte: [Motor ID: 10] [RxPacketError] Hardware error occurred. Check the error at Control Table (Hardware Error Status)!
[2024-09-19 22:13:36,310][root][ERROR] - > write_byte: [Motor ID: 11] [RxPacketError] Hardware error occurred. Check the error at Control Table (Hardware Error Status)!
[2024-09-19 22:13:36,326][root][ERROR] - > write_byte: [Motor ID: 12] [RxPacketError] Hardware error occurred. Check the error at Control Table (Hardware Error Status)!
[2024-09-19 22:13:36,342][root][ERROR] - > write_byte: [Motor ID: 13] [RxPacketError] Hardware error occurred. Check the error at Control Table (Hardware Error Status)!
[2024-09-19 22:13:36,358][root][ERROR] - > write_byte: [Motor ID: 15] [RxPacketError] Hardware error occurred. Check the error at Control Table (Hardware Error Status)!
[2024-09-19 22:13:36,358][root][ERROR] - Could not set torque enabled for IDs: [6, 10, 11, 12, 13, 15]
[2024-09-19 22:13:36,614][root][ERROR] - > write_byte: [Motor ID: 6] [RxPacketError] Hardware error occurred. Check the error at Control Table (Hardware Error Status)!
[2024-09-19 22:13:36,630][root][ERROR] - > write_byte: [Motor ID: 10] [RxPacketError] Hardware error occurred. Check the error at Control Table (Hardware Error Status)!
[2024-09-19 22:13:36,646][root][ERROR] - > write_byte: [Motor ID: 11] [RxPacketError] Hardware error occurred. Check the error at Control Table (Hardware Error Status)!
[2024-09-19 22:13:36,662][root][ERROR] - > write_byte: [Motor ID: 12] [RxPacketError] Hardware error occurred. Check the error at Control Table (Hardware Error Status)!
[2024-09-19 22:13:36,678][root][ERROR] - > write_byte: [Motor ID: 13] [RxPacketError] Hardware error occurred. Check the error at Control Table (Hardware Error Status)!
[2024-09-19 22:13:36,694][root][ERROR] - > write_byte: [Motor ID: 15] [RxPacketError] Hardware error occurred. Check the error at Control Table (Hardware Error Status)!
[2024-09-19 22:13:36,694][root][ERROR] - Could not set torque enabled for IDs: [6, 10, 11, 12, 13, 15]
[2024-09-19 22:13:36,950][root][ERROR] - > write_byte: [Motor ID: 6] [RxPacketError] Hardware error occurred. Check the error at Control Table (Hardware Error Status)!
[2024-09-19 22:13:36,966][root][ERROR] - > write_byte: [Motor ID: 10] [RxPacketError] Hardware error occurred. Check the error at Control Table (Hardware Error Status)!
[2024-09-19 22:13:36,982][root][ERROR] - > write_byte: [Motor ID: 11] [RxPacketError] Hardware error occurred. Check the error at Control Table (Hardware Error Status)!
[2024-09-19 22:13:36,998][root][ERROR] - > write_byte: [Motor ID: 12] [RxPacketError] Hardware error occurred. Check the error at Control Table (Hardware Error Status)!
[2024-09-19 22:13:37,014][root][ERROR] - > write_byte: [Motor ID: 13] [RxPacketError] Hardware error occurred. Check the error at Control Table (Hardware Error Status)!
[2024-09-19 22:13:37,030][root][ERROR] - > write_byte: [Motor ID: 15] [RxPacketError] Hardware error occurred. Check the error at Control Table (Hardware Error Status)!
[2024-09-19 22:13:37,030][root][ERROR] - Could not set torque enabled for IDs: [6, 10, 11, 12, 13, 15]
[2024-09-19 22:13:37,286][root][ERROR] - > write_byte: [Motor ID: 6] [RxPacketError] Hardware error occurred. Check the error at Control Table (Hardware Error Status)!
[2024-09-19 22:13:37,302][root][ERROR] - > write_byte: [Motor ID: 10] [RxPacketError] Hardware error occurred. Check the error at Control Table (Hardware Error Status)!
[2024-09-19 22:13:37,318][root][ERROR] - > write_byte: [Motor ID: 11] [RxPacketError] Hardware error occurred. Check the error at Control Table (Hardware Error Status)!
[2024-09-19 22:13:37,334][root][ERROR] - > write_byte: [Motor ID: 12] [RxPacketError] Hardware error occurred. Check the error at Control Table (Hardware Error Status)!
[2024-09-19 22:13:37,350][root][ERROR] - > write_byte: [Motor ID: 13] [RxPacketError] Hardware error occurred. Check the error at Control Table (Hardware Error Status)!
[2024-09-19 22:13:37,366][root][ERROR] - > write_byte: [Motor ID: 15] [RxPacketError] Hardware error occurred. Check the error at Control Table (Hardware Error Status)!
[2024-09-19 22:13:37,366][root][ERROR] - Could not set torque enabled for IDs: [6, 10, 11, 12, 13, 15]
[2024-09-19 22:13:37,622][root][ERROR] - > write_byte: [Motor ID: 6] [RxPacketError] Hardware error occurred. Check the error at Control Table (Hardware Error Status)!
[2024-09-19 22:13:37,638][root][ERROR] - > write_byte: [Motor ID: 10] [RxPacketError] Hardware error occurred. Check the error at Control Table (Hardware Error Status)!
[2024-09-19 22:13:37,654][root][ERROR] - > write_byte: [Motor ID: 11] [RxPacketError] Hardware error occurred. Check the error at Control Table (Hardware Error Status)!
[2024-09-19 22:13:37,670][root][ERROR] - > write_byte: [Motor ID: 12] [RxPacketError] Hardware error occurred. Check the error at Control Table (Hardware Error Status)!
[2024-09-19 22:13:37,686][root][ERROR] - > write_byte: [Motor ID: 13] [RxPacketError] Hardware error occurred. Check the error at Control Table (Hardware Error Status)!
[2024-09-19 22:13:37,702][root][ERROR] - > write_byte: [Motor ID: 15] [RxPacketError] Hardware error occurred. Check the error at Control Table (Hardware Error Status)!
[2024-09-19 22:13:37,702][root][ERROR] - Could not set torque enabled for IDs: [6, 10, 11, 12, 13, 15]
[2024-09-19 22:13:37,958][root][ERROR] - > write_byte: [Motor ID: 6] [RxPacketError] Hardware error occurred. Check the error at Control Table (Hardware Error Status)!
[2024-09-19 22:13:37,974][root][ERROR] - > write_byte: [Motor ID: 10] [RxPacketError] Hardware error occurred. Check the error at Control Table (Hardware Error Status)!
[2024-09-19 22:13:37,990][root][ERROR] - > write_byte: [Motor ID: 11] [RxPacketError] Hardware error occurred. Check the error at Control Table (Hardware Error Status)!
[2024-09-19 22:13:38,006][root][ERROR] - > write_byte: [Motor ID: 12] [RxPacketError] Hardware error occurred. Check the error at Control Table (Hardware Error Status)!
[2024-09-19 22:13:38,022][root][ERROR] - > write_byte: [Motor ID: 13] [RxPacketError] Hardware error occurred. Check the error at Control Table (Hardware Error Status)!
[2024-09-19 22:13:38,038][root][ERROR] - > write_byte: [Motor ID: 15] [RxPacketError] Hardware error occurred. Check the error at Control Table (Hardware Error Status)!
[2024-09-19 22:13:38,038][root][ERROR] - Could not set torque enabled for IDs: [6, 10, 11, 12, 13, 15]
[2024-09-19 22:13:38,294][root][ERROR] - > write_byte: [Motor ID: 6] [RxPacketError] Hardware error occurred. Check the error at Control Table (Hardware Error Status)!
[2024-09-19 22:13:38,310][root][ERROR] - > write_byte: [Motor ID: 10] [RxPacketError] Hardware error occurred. Check the error at Control Table (Hardware Error Status)!
[2024-09-19 22:13:38,326][root][ERROR] - > write_byte: [Motor ID: 11] [RxPacketError] Hardware error occurred. Check the error at Control Table (Hardware Error Status)!
[2024-09-19 22:13:38,342][root][ERROR] - > write_byte: [Motor ID: 12] [RxPacketError] Hardware error occurred. Check the error at Control Table (Hardware Error Status)!
[2024-09-19 22:13:38,358][root][ERROR] - > write_byte: [Motor ID: 13] [RxPacketError] Hardware error occurred. Check the error at Control Table (Hardware Error Status)!
[2024-09-19 22:13:38,374][root][ERROR] - > write_byte: [Motor ID: 15] [RxPacketError] Hardware error occurred. Check the error at Control Table (Hardware Error Status)!
[2024-09-19 22:13:38,374][root][ERROR] - Could not set torque enabled for IDs: [6, 10, 11, 12, 13, 15]
[2024-09-19 22:13:38,630][root][ERROR] - > write_byte: [Motor ID: 6] [RxPacketError] Hardware error occurred. Check the error at Control Table (Hardware Error Status)!
[2024-09-19 22:13:38,646][root][ERROR] - > write_byte: [Motor ID: 10] [RxPacketError] Hardware error occurred. Check the error at Control Table (Hardware Error Status)!
[2024-09-19 22:13:38,662][root][ERROR] - > write_byte: [Motor ID: 11] [RxPacketError] Hardware error occurred. Check the error at Control Table (Hardware Error Status)!
[2024-09-19 22:13:38,678][root][ERROR] - > write_byte: [Motor ID: 12] [RxPacketError] Hardware error occurred. Check the error at Control Table (Hardware Error Status)!
[2024-09-19 22:13:38,694][root][ERROR] - > write_byte: [Motor ID: 13] [RxPacketError] Hardware error occurred. Check the error at Control Table (Hardware Error Status)!
[2024-09-19 22:13:38,710][root][ERROR] - > write_byte: [Motor ID: 15] [RxPacketError] Hardware error occurred. Check the error at Control Table (Hardware Error Status)!
[2024-09-19 22:13:38,710][root][ERROR] - Could not set torque enabled for IDs: [6, 10, 11, 12, 13, 15]
[2024-09-19 22:13:38,966][root][ERROR] - > write_byte: [Motor ID: 6] [RxPacketError] Hardware error occurred. Check the error at Control Table (Hardware Error Status)!
[2024-09-19 22:13:38,982][root][ERROR] - > write_byte: [Motor ID: 10] [RxPacketError] Hardware error occurred. Check the error at Control Table (Hardware Error Status)!
[2024-09-19 22:13:38,998][root][ERROR] - > write_byte: [Motor ID: 11] [RxPacketError] Hardware error occurred. Check the error at Control Table (Hardware Error Status)!
[2024-09-19 22:13:39,014][root][ERROR] - > write_byte: [Motor ID: 12] [RxPacketError] Hardware error occurred. Check the error at Control Table (Hardware Error Status)!
[2024-09-19 22:13:39,030][root][ERROR] - > write_byte: [Motor ID: 13] [RxPacketError] Hardware error occurred. Check the error at Control Table (Hardware Error Status)!
[2024-09-19 22:13:39,046][root][ERROR] - > write_byte: [Motor ID: 15] [RxPacketError] Hardware error occurred. Check the error at Control Table (Hardware Error Status)!
[2024-09-19 22:13:39,046][root][ERROR] - Could not set torque enabled for IDs: [6, 10, 11, 12, 13, 15]
[2024-09-19 22:13:39,302][root][ERROR] - > write_byte: [Motor ID: 6] [RxPacketError] Hardware error occurred. Check the error at Control Table (Hardware Error Status)!
[2024-09-19 22:13:39,318][root][ERROR] - > write_byte: [Motor ID: 10] [RxPacketError] Hardware error occurred. Check the error at Control Table (Hardware Error Status)!
[2024-09-19 22:13:39,334][root][ERROR] - > write_byte: [Motor ID: 11] [RxPacketError] Hardware error occurred. Check the error at Control Table (Hardware Error Status)!
[2024-09-19 22:13:39,350][root][ERROR] - > write_byte: [Motor ID: 12] [RxPacketError] Hardware error occurred. Check the error at Control Table (Hardware Error Status)!
[2024-09-19 22:13:39,366][root][ERROR] - > write_byte: [Motor ID: 13] [RxPacketError] Hardware error occurred. Check the error at Control Table (Hardware Error Status)!
[2024-09-19 22:13:39,382][root][ERROR] - > write_byte: [Motor ID: 15] [RxPacketError] Hardware error occurred. Check the error at Control Table (Hardware Error Status)!
[2024-09-19 22:13:39,382][root][ERROR] - Could not set torque enabled for IDs: [6, 10, 11, 12, 13, 15]
[2024-09-19 22:13:39,638][root][ERROR] - > write_byte: [Motor ID: 6] [RxPacketError] Hardware error occurred. Check the error at Control Table (Hardware Error Status)!
[2024-09-19 22:13:39,654][root][ERROR] - > write_byte: [Motor ID: 10] [RxPacketError] Hardware error occurred. Check the error at Control Table (Hardware Error Status)!
[2024-09-19 22:13:39,670][root][ERROR] - > write_byte: [Motor ID: 11] [RxPacketError] Hardware error occurred. Check the error at Control Table (Hardware Error Status)!
[2024-09-19 22:13:39,686][root][ERROR] - > write_byte: [Motor ID: 12] [RxPacketError] Hardware error occurred. Check the error at Control Table (Hardware Error Status)!
[2024-09-19 22:13:39,702][root][ERROR] - > write_byte: [Motor ID: 13] [RxPacketError] Hardware error occurred. Check the error at Control Table (Hardware Error Status)!
[2024-09-19 22:13:39,718][root][ERROR] - > write_byte: [Motor ID: 15] [RxPacketError] Hardware error occurred. Check the error at Control Table (Hardware Error Status)!
[2024-09-19 22:13:39,718][root][ERROR] - Could not set torque enabled for IDs: [6, 10, 11, 12, 13, 15]
[2024-09-19 22:13:39,974][root][ERROR] - > write_byte: [Motor ID: 6] [RxPacketError] Hardware error occurred. Check the error at Control Table (Hardware Error Status)!
[2024-09-19 22:13:39,990][root][ERROR] - > write_byte: [Motor ID: 10] [RxPacketError] Hardware error occurred. Check the error at Control Table (Hardware Error Status)!
[2024-09-19 22:13:40,006][root][ERROR] - > write_byte: [Motor ID: 11] [RxPacketError] Hardware error occurred. Check the error at Control Table (Hardware Error Status)!
[2024-09-19 22:13:40,022][root][ERROR] - > write_byte: [Motor ID: 12] [RxPacketError] Hardware error occurred. Check the error at Control Table (Hardware Error Status)!
[2024-09-19 22:13:40,038][root][ERROR] - > write_byte: [Motor ID: 13] [RxPacketError] Hardware error occurred. Check the error at Control Table (Hardware Error Status)!
[2024-09-19 22:13:40,054][root][ERROR] - > write_byte: [Motor ID: 15] [RxPacketError] Hardware error occurred. Check the error at Control Table (Hardware Error Status)!
[2024-09-19 22:13:40,054][root][ERROR] - Could not set torque enabled for IDs: [6, 10, 11, 12, 13, 15]
[2024-09-19 22:13:40,310][root][ERROR] - > write_byte: [Motor ID: 6] [RxPacketError] Hardware error occurred. Check the error at Control Table (Hardware Error Status)!
[2024-09-19 22:13:40,326][root][ERROR] - > write_byte: [Motor ID: 10] [RxPacketError] Hardware error occurred. Check the error at Control Table (Hardware Error Status)!
[2024-09-19 22:13:40,342][root][ERROR] - > write_byte: [Motor ID: 11] [RxPacketError] Hardware error occurred. Check the error at Control Table (Hardware Error Status)!
[2024-09-19 22:13:40,358][root][ERROR] - > write_byte: [Motor ID: 12] [RxPacketError] Hardware error occurred. Check the error at Control Table (Hardware Error Status)!
[2024-09-19 22:13:40,374][root][ERROR] - > write_byte: [Motor ID: 13] [RxPacketError] Hardware error occurred. Check the error at Control Table (Hardware Error Status)!
[2024-09-19 22:13:40,389][root][ERROR] - > write_byte: [Motor ID: 15] [RxPacketError] Hardware error occurred. Check the error at Control Table (Hardware Error Status)!
[2024-09-19 22:13:40,390][root][ERROR] - Could not set torque enabled for IDs: [6, 10, 11, 12, 13, 15]
[2024-09-19 22:13:40,645][root][ERROR] - > write_byte: [Motor ID: 6] [RxPacketError] Hardware error occurred. Check the error at Control Table (Hardware Error Status)!
[2024-09-19 22:13:40,661][root][ERROR] - > write_byte: [Motor ID: 10] [RxPacketError] Hardware error occurred. Check the error at Control Table (Hardware Error Status)!
[2024-09-19 22:13:40,678][root][ERROR] - > write_byte: [Motor ID: 11] [RxPacketError] Hardware error occurred. Check the error at Control Table (Hardware Error Status)!
[2024-09-19 22:13:40,694][root][ERROR] - > write_byte: [Motor ID: 12] [RxPacketError] Hardware error occurred. Check the error at Control Table (Hardware Error Status)!
[2024-09-19 22:13:40,710][root][ERROR] - > write_byte: [Motor ID: 13] [RxPacketError] Hardware error occurred. Check the error at Control Table (Hardware Error Status)!
[2024-09-19 22:13:40,725][root][ERROR] - > write_byte: [Motor ID: 15] [RxPacketError] Hardware error occurred. Check the error at Control Table (Hardware Error Status)!
[2024-09-19 22:13:40,726][root][ERROR] - Could not set torque enabled for IDs: [6, 10, 11, 12, 13, 15]
[2024-09-19 22:13:40,981][root][ERROR] - > write_byte: [Motor ID: 6] [RxPacketError] Hardware error occurred. Check the error at Control Table (Hardware Error Status)!
[2024-09-19 22:13:40,997][root][ERROR] - > write_byte: [Motor ID: 10] [RxPacketError] Hardware error occurred. Check the error at Control Table (Hardware Error Status)!
[2024-09-19 22:13:41,014][root][ERROR] - > write_byte: [Motor ID: 11] [RxPacketError] Hardware error occurred. Check the error at Control Table (Hardware Error Status)!
[2024-09-19 22:13:41,030][root][ERROR] - > write_byte: [Motor ID: 12] [RxPacketError] Hardware error occurred. Check the error at Control Table (Hardware Error Status)!
[2024-09-19 22:13:41,045][root][ERROR] - > write_byte: [Motor ID: 13] [RxPacketError] Hardware error occurred. Check the error at Control Table (Hardware Error Status)!
[2024-09-19 22:13:41,061][root][ERROR] - > write_byte: [Motor ID: 15] [RxPacketError] Hardware error occurred. Check the error at Control Table (Hardware Error Status)!
[2024-09-19 22:13:41,062][root][ERROR] - Could not set torque enabled for IDs: [6, 10, 11, 12, 13, 15]
[2024-09-19 22:13:41,317][root][ERROR] - > write_byte: [Motor ID: 6] [RxPacketError] Hardware error occurred. Check the error at Control Table (Hardware Error Status)!
[2024-09-19 22:13:41,333][root][ERROR] - > write_byte: [Motor ID: 10] [RxPacketError] Hardware error occurred. Check the error at Control Table (Hardware Error Status)!
[2024-09-19 22:13:41,368][root][ERROR] - > write_byte: [Motor ID: 11] [TxRxResult] Incorrect status packet!
[2024-09-19 22:13:41,402][root][ERROR] - > write_byte: [Motor ID: 12] [TxRxResult] There is no status packet!
[2024-09-19 22:13:41,436][root][ERROR] - > write_byte: [Motor ID: 13] [TxRxResult] There is no status packet!
[2024-09-19 22:13:41,470][root][ERROR] - > write_byte: [Motor ID: 15] [TxRxResult] There is no status packet!
[2024-09-19 22:13:41,470][root][ERROR] - Could not set torque enabled for IDs: [6, 10, 11, 12, 13, 15]
