[2024-10-15 10:08:44,182][websockets.server][INFO] - server listening on 0.0.0.0:8080
[2024-10-15 10:08:44,327][root][INFO] - self.cfg: 
 lr: 0.0001
c_in: 6
zfar: 'Infinity'
debug: null
n_view: 1
run_id: 3wy8qqex
use_BN: true
exp_name: 2024-01-11-20-02-45
n_epochs: 62
save_dir: /home/bowenw/debug/2024-01-11-20-02-45/
use_mask: false
loss_type: pairwise_valid
optimizer: adam
batch_size: 64
crop_ratio: 1.1
enable_amp: true
use_normal: false
max_num_key: null
warmup_step: -1
input_resize:
- 160
- 160
max_step_val: 1000
vis_interval: 1000
weight_decay: 0
normalize_xyz: true
resume_run_id: null
clip_grad_norm: 'Infinity'
lr_epoch_decay: 500
render_backend: nvdiffrast
train_num_pair: 5
lr_decay_epochs:
- 50
n_epochs_warmup: 1
make_pair_online: false
gradient_max_norm: 'Infinity'
max_step_per_epoch: 10000
n_rendering_workers: 1
save_epoch_interval: 100
n_dataloader_workers: 100
split_objects_across_gpus: true
ckpt_dir: /home/shaol/gjx/rw/third_party/FoundationPose/learning/training/../../weights/2024-01-11-20-02-45/model_best.pth

[2024-10-15 10:08:44,327][root][INFO] - self.h5_file:None
[2024-10-15 10:08:44,663][root][INFO] - Using pretrained model from /home/shaol/gjx/rw/third_party/FoundationPose/learning/training/../../weights/2024-01-11-20-02-45/model_best.pth
[2024-10-15 10:08:44,730][root][INFO] - init done
[2024-10-15 10:08:44,730][root][INFO] - welcome
[2024-10-15 10:08:44,734][root][INFO] - self.cfg: 
 lr: 0.0001
c_in: 6
zfar: .inf
debug: null
w_rot: 0.1
n_view: 1
run_id: null
use_BN: true
rot_rep: axis_angle
ckpt_dir: /home/shaol/gjx/rw/third_party/FoundationPose/learning/training/../../weights/2023-10-28-18-33-37/model_best.pth
exp_name: 2023-10-28-18-33-37
save_dir: /tmp/2023-10-28-18-33-37/
loss_type: l2
optimizer: adam
trans_rep: tracknet
batch_size: 64
crop_ratio: 1.2
use_normal: false
BN_momentum: 0.1
max_num_key: null
warmup_step: -1
input_resize:
- 160
- 160
max_step_val: 1000
normal_uint8: false
vis_interval: 1000
weight_decay: 0
n_max_objects: null
normalize_xyz: true
clip_grad_norm: 'Infinity'
rot_normalizer: 0.3490658503988659
trans_normalizer:
- 0.019999999552965164
- 0.019999999552965164
- 0.05000000074505806
max_step_per_epoch: 25000
val_epoch_interval: 10
n_dataloader_workers: 60
enable_amp: true
use_mask: false

[2024-10-15 10:08:44,734][root][INFO] - self.h5_file:
[2024-10-15 10:08:44,802][root][INFO] - Using pretrained model from /home/shaol/gjx/rw/third_party/FoundationPose/learning/training/../../weights/2023-10-28-18-33-37/model_best.pth
[2024-10-15 10:08:44,822][root][INFO] - init done
[2024-10-15 10:08:45,701][websockets.server][INFO] - connection open
[2024-10-15 10:08:46,781][root][INFO] - self.diameter:0.20218917538522446, vox_size:0.010109458769261222
[2024-10-15 10:08:46,796][root][INFO] - self.pts:torch.Size([390, 3])
[2024-10-15 10:08:47,298][websockets.server][INFO] - connection open
[2024-10-15 10:08:47,939][root][INFO] - reset done
[2024-10-15 10:08:47,939][root][INFO] - cam_in_obs:(42, 4, 4)
[2024-10-15 10:08:47,941][root][INFO] - rot_grid:(252, 4, 4)
[2024-10-15 10:08:47,941][root][INFO] - after cluster, rot_grid:(252, 4, 4)
[2024-10-15 10:08:47,941][root][INFO] - self.rot_grid: torch.Size([252, 4, 4])
[2024-10-15 10:08:57,490][root][INFO] - Welcome
[2024-10-15 10:08:57,506][root][INFO] - poses:(252, 4, 4)
[2024-10-15 10:08:57,520][root][INFO] - after viewpoint, add_errs min:-1.0
[2024-10-15 10:08:57,574][root][INFO] - ob_in_cams:(252, 4, 4)
[2024-10-15 10:08:57,574][root][INFO] - self.cfg.use_normal:False
[2024-10-15 10:08:57,574][root][INFO] - trans_normalizer:[0.019999999552965164, 0.019999999552965164, 0.05000000074505806], rot_normalizer:0.3490658503988659
[2024-10-15 10:08:57,592][root][INFO] - making cropped data
[2024-10-15 10:08:57,592][root][INFO] - Welcome make_crop_data_batch
[2024-10-15 10:08:57,596][root][INFO] - make tf_to_crops done
[2024-10-15 10:08:57,619][root][INFO] - render done
[2024-10-15 10:08:57,626][root][INFO] - warp done
[2024-10-15 10:08:57,631][root][INFO] - pose batch data done
[2024-10-15 10:08:57,631][root][INFO] - forward start
[2024-10-15 10:08:57,751][root][INFO] - forward done
[2024-10-15 10:08:57,761][root][INFO] - making cropped data
[2024-10-15 10:08:57,761][root][INFO] - Welcome make_crop_data_batch
[2024-10-15 10:08:57,762][root][INFO] - make tf_to_crops done
[2024-10-15 10:08:57,776][root][INFO] - render done
[2024-10-15 10:08:57,780][root][INFO] - warp done
[2024-10-15 10:08:57,782][root][INFO] - pose batch data done
[2024-10-15 10:08:57,783][root][INFO] - forward start
[2024-10-15 10:08:57,784][root][INFO] - forward done
[2024-10-15 10:08:57,784][root][INFO] - making cropped data
[2024-10-15 10:08:57,784][root][INFO] - Welcome make_crop_data_batch
[2024-10-15 10:08:57,874][root][INFO] - make tf_to_crops done
[2024-10-15 10:08:57,889][root][INFO] - render done
[2024-10-15 10:08:57,892][root][INFO] - warp done
[2024-10-15 10:08:57,895][root][INFO] - pose batch data done
[2024-10-15 10:08:57,895][root][INFO] - forward start
[2024-10-15 10:08:57,896][root][INFO] - forward done
[2024-10-15 10:08:57,897][root][INFO] - making cropped data
[2024-10-15 10:08:57,897][root][INFO] - Welcome make_crop_data_batch
[2024-10-15 10:08:57,986][root][INFO] - make tf_to_crops done
[2024-10-15 10:08:58,001][root][INFO] - render done
[2024-10-15 10:08:58,004][root][INFO] - warp done
[2024-10-15 10:08:58,007][root][INFO] - pose batch data done
[2024-10-15 10:08:58,007][root][INFO] - forward start
[2024-10-15 10:08:58,008][root][INFO] - forward done
[2024-10-15 10:08:58,009][root][INFO] - making cropped data
[2024-10-15 10:08:58,009][root][INFO] - Welcome make_crop_data_batch
[2024-10-15 10:08:58,099][root][INFO] - make tf_to_crops done
[2024-10-15 10:08:58,113][root][INFO] - render done
[2024-10-15 10:08:58,117][root][INFO] - warp done
[2024-10-15 10:08:58,119][root][INFO] - pose batch data done
[2024-10-15 10:08:58,119][root][INFO] - forward start
[2024-10-15 10:08:58,121][root][INFO] - forward done
[2024-10-15 10:08:58,226][root][INFO] - ob_in_cams:(252, 4, 4)
[2024-10-15 10:08:58,226][root][INFO] - self.cfg.use_normal:False
[2024-10-15 10:08:58,226][root][INFO] - making cropped data
[2024-10-15 10:08:58,236][root][INFO] - Welcome make_crop_data_batch
[2024-10-15 10:08:58,237][root][INFO] - make tf_to_crops done
[2024-10-15 10:08:58,250][root][INFO] - render done
[2024-10-15 10:08:58,367][root][INFO] - pose batch data done
[2024-10-15 10:08:58,368][root][INFO] - pose_data.rgbAs.shape[0]: 252
[2024-10-15 10:08:58,456][root][INFO] - forward done
[2024-10-15 10:08:58,474][root][INFO] - final, add_errs min:-1.0
[2024-10-15 10:08:58,483][root][INFO] - sort ids:tensor([  8,  50,  56, 170, 188,  57, 176, 189, 194, 195, 146, 152, 182,  20,
         92, 104, 134, 164, 133,  65, 209, 216,  60, 251,  43, 233,  51, 221,
        204, 246,  33, 198, 218, 122, 177, 222,  71, 226, 111,  66, 247,  70,
         80, 223, 100, 175, 178,  67, 203, 229, 245,  58,  62, 227,   5, 215,
         35, 199,  59, 107, 137, 197,  41, 101, 200,  13,  34, 115, 174, 119,
        172,  22,  53, 171, 205,  68, 148, 155, 173,  61,  77,  11,  17,  14,
         76,   4,  94, 106,   2, 131, 149, 193,  10, 145, 191,  44,  89,  95,
        179, 168, 206,  74, 183, 190,  63, 231, 248,  49,  86, 234,  23, 169,
        196, 236, 130,  83, 230,  69,  26,  54,  79, 192,  98, 136, 128, 181,
          7, 202,   1,  73, 232, 144, 151, 103, 127,  48, 207, 163,  55, 113,
        238, 250,  97, 167,  19, 125, 201, 249, 157, 185, 156,  18, 158, 150,
        224,   6, 105,  31, 121, 154, 114, 124, 126, 162,  16, 120,  42, 212,
        219, 153, 225,  25,  87, 239,   0,  21,  38, 143, 243,  32, 160, 165,
        217, 237, 242,  96, 138, 210,  47, 109, 186, 228,  36,  81,  82,  85,
        139, 213,  27, 102, 112, 180, 187, 214,  15,  29,  52,  93,  99, 159,
        184, 220, 240, 244, 110, 235,  24,  84,  90,  64, 161, 166, 211,  40,
        117, 147,   9,  28,  37,  39, 140, 142,  46, 116, 132, 208,   3,  12,
         75,  78,  88,  91,  72, 123, 129,  45, 135, 108, 118, 141, 241,  30])
[2024-10-15 10:08:58,488][root][INFO] - sorted scores:tensor([109.9219, 109.9219, 109.9219, 109.9219, 109.9219, 109.9141, 109.9141,
        109.9141, 109.9141, 109.9141, 109.9062, 109.9062, 109.9062, 109.8984,
        109.8984, 109.8594, 109.8594, 109.8594, 109.7734, 109.6719, 109.6719,
        109.6719, 109.6406, 109.6328, 109.6172, 109.6172, 109.5938, 109.5938,
        109.5859, 109.5703, 109.5547, 109.5469, 109.5234, 109.4922, 109.4844,
        109.4609, 109.4531, 109.4375, 109.3828, 109.3750, 109.3672, 109.3047,
        109.3047, 109.2969, 109.2891, 109.2734, 109.2578, 109.2500, 109.2422,
        109.2266, 109.2266, 109.2188, 109.2188, 109.2109, 109.1953, 109.1953,
        109.1875, 109.1797, 109.1719, 109.1562, 109.1484, 109.1484, 109.1328,
        109.1328, 109.1328, 109.1172, 109.1172, 109.1094, 109.1016, 109.0938,
        109.0938, 109.0859, 109.0859, 109.0859, 109.0859, 109.0781, 109.0781,
        109.0781, 109.0703, 109.0547, 109.0547, 109.0469, 109.0391, 109.0234,
        109.0156, 109.0078, 109.0078, 109.0078, 109.0000, 109.0000, 109.0000,
        109.0000, 108.9922, 108.9922, 108.9922, 108.9844, 108.9844, 108.9844,
        108.9844, 108.9609, 108.9609, 108.9531, 108.9531, 108.9531, 108.9453,
        108.9453, 108.9453, 108.9219, 108.9219, 108.9141, 108.8984, 108.8984,
        108.8984, 108.8984, 108.8906, 108.8828, 108.8750, 108.8672, 108.8438,
        108.8438, 108.8438, 108.8438, 108.8359, 108.8359, 108.8281, 108.8281,
        108.8203, 108.8203, 108.8125, 108.8125, 108.8125, 108.8047, 108.8047,
        108.7969, 108.7891, 108.7812, 108.7812, 108.7656, 108.7500, 108.7500,
        108.7500, 108.7500, 108.7422, 108.7422, 108.7344, 108.7344, 108.7344,
        108.7344, 108.7266, 108.7266, 108.7188, 108.7109, 108.7031, 108.6953,
        108.6953, 108.6875, 108.6875, 108.6797, 108.6797, 108.6797, 108.6719,
        108.6719, 108.6719, 108.6719, 108.6641, 108.6641, 108.6562, 108.6562,
        108.6562, 108.6484, 108.6484, 108.6406, 108.6406, 108.6406, 108.6328,
        108.6328, 108.6328, 108.6328, 108.6328, 108.6250, 108.6250, 108.6250,
        108.6250, 108.6250, 108.6250, 108.6172, 108.6172, 108.6172, 108.6094,
        108.6094, 108.6094, 108.6094, 108.6016, 108.6016, 108.6016, 108.6016,
        108.6016, 108.6016, 108.5938, 108.5938, 108.5938, 108.5938, 108.5938,
        108.5938, 108.5859, 108.5859, 108.5859, 108.5859, 108.5859, 108.5859,
        108.5859, 108.5859, 108.5859, 108.5859, 108.5781, 108.5781, 108.5703,
        108.5703, 108.5703, 108.5625, 108.5625, 108.5625, 108.5625, 108.5547,
        108.5547, 108.5547, 108.5469, 108.5469, 108.5469, 108.5469, 108.5469,
        108.5469, 108.5391, 108.5391, 108.5312, 108.5312, 108.5234, 108.5234,
        108.5234, 108.5234, 108.5234, 108.5234, 108.5156, 108.5156, 108.5078,
        108.5000, 108.5000, 108.4922, 108.4922, 108.4922, 108.4688, 108.4531])
