[2024-10-11 14:17:04,619][websockets.server][INFO] - server listening on 0.0.0.0:8080
[2024-10-11 14:17:04,878][root][INFO] - self.cfg: 
 lr: 0.0001
c_in: 6
zfar: 'Infinity'
debug: null
n_view: 1
run_id: 3wy8qqex
use_BN: true
exp_name: 2024-01-11-20-02-45
n_epochs: 62
save_dir: /home/bowenw/debug/2024-01-11-20-02-45/
use_mask: false
loss_type: pairwise_valid
optimizer: adam
batch_size: 64
crop_ratio: 1.1
enable_amp: true
use_normal: false
max_num_key: null
warmup_step: -1
input_resize:
- 160
- 160
max_step_val: 1000
vis_interval: 1000
weight_decay: 0
normalize_xyz: true
resume_run_id: null
clip_grad_norm: 'Infinity'
lr_epoch_decay: 500
render_backend: nvdiffrast
train_num_pair: 5
lr_decay_epochs:
- 50
n_epochs_warmup: 1
make_pair_online: false
gradient_max_norm: 'Infinity'
max_step_per_epoch: 10000
n_rendering_workers: 1
save_epoch_interval: 100
n_dataloader_workers: 100
split_objects_across_gpus: true
ckpt_dir: FoundationPose/learning/training/../../weights/2024-01-11-20-02-45/model_best.pth

[2024-10-11 14:17:04,878][root][INFO] - self.h5_file:None
[2024-10-11 14:17:05,320][root][INFO] - Using pretrained model from FoundationPose/learning/training/../../weights/2024-01-11-20-02-45/model_best.pth
[2024-10-11 14:17:05,383][root][INFO] - init done
[2024-10-11 14:17:05,383][root][INFO] - welcome
[2024-10-11 14:17:05,387][root][INFO] - self.cfg: 
 lr: 0.0001
c_in: 6
zfar: .inf
debug: null
w_rot: 0.1
n_view: 1
run_id: null
use_BN: true
rot_rep: axis_angle
ckpt_dir: FoundationPose/learning/training/../../weights/2023-10-28-18-33-37/model_best.pth
exp_name: 2023-10-28-18-33-37
save_dir: /tmp/2023-10-28-18-33-37/
loss_type: l2
optimizer: adam
trans_rep: tracknet
batch_size: 64
crop_ratio: 1.2
use_normal: false
BN_momentum: 0.1
max_num_key: null
warmup_step: -1
input_resize:
- 160
- 160
max_step_val: 1000
normal_uint8: false
vis_interval: 1000
weight_decay: 0
n_max_objects: null
normalize_xyz: true
clip_grad_norm: 'Infinity'
rot_normalizer: 0.3490658503988659
trans_normalizer:
- 0.019999999552965164
- 0.019999999552965164
- 0.05000000074505806
max_step_per_epoch: 25000
val_epoch_interval: 10
n_dataloader_workers: 60
enable_amp: true
use_mask: false

[2024-10-11 14:17:05,387][root][INFO] - self.h5_file:
[2024-10-11 14:17:05,432][root][INFO] - Using pretrained model from FoundationPose/learning/training/../../weights/2023-10-28-18-33-37/model_best.pth
[2024-10-11 14:17:05,450][root][INFO] - init done
[2024-10-11 14:17:05,542][websockets.server][INFO] - connection open
[2024-10-11 14:17:07,672][root][INFO] - self.diameter:0.17940153207634735, vox_size:0.008970076603817368
[2024-10-11 14:17:07,673][root][INFO] - self.pts:torch.Size([692, 3])
[2024-10-11 14:17:08,523][root][INFO] - reset done
[2024-10-11 14:17:08,524][root][INFO] - cam_in_obs:(42, 4, 4)
[2024-10-11 14:17:08,545][root][INFO] - rot_grid:(252, 4, 4)
[2024-10-11 14:17:08,546][root][INFO] - after cluster, rot_grid:(252, 4, 4)
[2024-10-11 14:17:08,546][root][INFO] - self.rot_grid: torch.Size([252, 4, 4])
[2024-10-11 14:17:17,277][root][INFO] - Welcome
[2024-10-11 14:17:17,293][root][INFO] - poses:(252, 4, 4)
[2024-10-11 14:17:17,295][root][INFO] - after viewpoint, add_errs min:-1.0
[2024-10-11 14:17:17,325][root][INFO] - ob_in_cams:(252, 4, 4)
[2024-10-11 14:17:17,326][root][INFO] - self.cfg.use_normal:False
[2024-10-11 14:17:17,326][root][INFO] - trans_normalizer:[0.019999999552965164, 0.019999999552965164, 0.05000000074505806], rot_normalizer:0.3490658503988659
[2024-10-11 14:17:17,379][root][INFO] - making cropped data
[2024-10-11 14:17:17,380][root][INFO] - Welcome make_crop_data_batch
[2024-10-11 14:17:17,380][root][INFO] - make tf_to_crops done
[2024-10-11 14:17:17,431][root][INFO] - render done
[2024-10-11 14:17:17,457][root][INFO] - warp done
[2024-10-11 14:17:17,460][root][INFO] - pose batch data done
[2024-10-11 14:17:17,461][root][INFO] - forward start
[2024-10-11 14:17:17,549][root][INFO] - forward done
[2024-10-11 14:17:17,549][root][INFO] - making cropped data
[2024-10-11 14:17:17,550][root][INFO] - Welcome make_crop_data_batch
[2024-10-11 14:17:17,570][root][INFO] - make tf_to_crops done
[2024-10-11 14:17:17,592][root][INFO] - render done
[2024-10-11 14:17:17,596][root][INFO] - warp done
[2024-10-11 14:17:17,598][root][INFO] - pose batch data done
[2024-10-11 14:17:17,598][root][INFO] - forward start
[2024-10-11 14:17:17,600][root][INFO] - forward done
[2024-10-11 14:17:17,600][root][INFO] - making cropped data
[2024-10-11 14:17:17,600][root][INFO] - Welcome make_crop_data_batch
[2024-10-11 14:17:17,700][root][INFO] - make tf_to_crops done
[2024-10-11 14:17:17,721][root][INFO] - render done
[2024-10-11 14:17:17,725][root][INFO] - warp done
[2024-10-11 14:17:17,728][root][INFO] - pose batch data done
[2024-10-11 14:17:17,728][root][INFO] - forward start
[2024-10-11 14:17:17,729][root][INFO] - forward done
[2024-10-11 14:17:17,729][root][INFO] - making cropped data
[2024-10-11 14:17:17,729][root][INFO] - Welcome make_crop_data_batch
[2024-10-11 14:17:17,828][root][INFO] - make tf_to_crops done
[2024-10-11 14:17:17,850][root][INFO] - render done
[2024-10-11 14:17:17,854][root][INFO] - warp done
[2024-10-11 14:17:17,856][root][INFO] - pose batch data done
[2024-10-11 14:17:17,856][root][INFO] - forward start
[2024-10-11 14:17:17,858][root][INFO] - forward done
[2024-10-11 14:17:17,858][root][INFO] - making cropped data
[2024-10-11 14:17:17,858][root][INFO] - Welcome make_crop_data_batch
[2024-10-11 14:17:17,958][root][INFO] - make tf_to_crops done
[2024-10-11 14:17:17,979][root][INFO] - render done
[2024-10-11 14:17:17,982][root][INFO] - warp done
[2024-10-11 14:17:17,985][root][INFO] - pose batch data done
[2024-10-11 14:17:17,985][root][INFO] - forward start
[2024-10-11 14:17:17,987][root][INFO] - forward done
[2024-10-11 14:17:18,100][root][INFO] - ob_in_cams:(252, 4, 4)
[2024-10-11 14:17:18,101][root][INFO] - self.cfg.use_normal:False
[2024-10-11 14:17:18,101][root][INFO] - making cropped data
[2024-10-11 14:17:18,108][root][INFO] - Welcome make_crop_data_batch
[2024-10-11 14:17:18,109][root][INFO] - make tf_to_crops done
[2024-10-11 14:17:18,129][root][INFO] - render done
[2024-10-11 14:17:18,258][root][INFO] - pose batch data done
[2024-10-11 14:17:18,258][root][INFO] - pose_data.rgbAs.shape[0]: 252
[2024-10-11 14:17:18,260][root][INFO] - forward done
[2024-10-11 14:17:18,365][root][INFO] - final, add_errs min:-1.0
[2024-10-11 14:17:18,367][root][INFO] - sort ids:tensor([ 70,  64, 238, 250, 214, 232, 233, 249, 244, 251, 207, 208, 209,  15,
        147, 190, 197,  58, 172,  52, 148, 173, 196, 184,  49, 187, 151, 203,
        152, 175, 176, 193,  55, 157, 174, 194, 246,  67, 220, 223, 163, 195,
        199, 200, 211, 247,  61, 217, 170, 181, 222, 149,   9, 225,   0, 177,
        107,   8,   5,  28,  82, 205,  50,  94, 160, 224, 229,  22,  66,  76,
        100, 118, 124, 155,  79,  95, 169, 191,  18,  59,  88, 106, 178,  97,
        121, 127, 168, 202,   1,   4,  43,  63,  73,  91, 235, 115, 154, 158,
          7,  25,  31, 102, 103, 123, 133, 248,  13,  19,  40,  84,  85, 226,
        230, 234,  23,  62, 136, 145, 201,  42, 134, 228,  54, 130, 159,  47,
         24, 192,  51, 213,   6, 113, 117, 153,  10,  93, 116, 125,  16,  41,
         35,  45,  99, 129,  32,  36, 165,  21, 110, 131, 135, 204, 221, 240,
         26,  98, 108, 188,  20,  86, 104, 126, 132, 161, 144, 180, 183,  30,
        122, 236, 241, 243, 101, 141, 210,  11,  33,  29,  90,  96, 162,  56,
         89, 218,   2,   3,  27,  44,  57, 166, 239,  38,  72, 231,  12,  39,
         68,  69,  92, 114,  37, 111, 128, 137, 140,  78,  65,  75, 138,  81,
        143,  17,  53,  60,  74, 120,  34,  48, 119,  14,  46,  77, 219, 186,
        171,  83,  87, 167,  80, 146, 242,  71, 179, 198, 227, 105, 206, 139,
        164, 245, 150, 109, 185, 212, 112, 189, 215, 216, 156, 237, 182, 142])
[2024-10-11 14:17:18,369][root][INFO] - sorted scores:tensor([75.0938, 75.0781, 75.0625, 75.0625, 75.0469, 75.0469, 75.0469, 75.0469,
        75.0312, 75.0312, 75.0156, 75.0156, 74.9062, 74.8750, 74.8125, 74.8125,
        74.8125, 74.7969, 74.7969, 74.7812, 74.7812, 74.7812, 74.7812, 74.7656,
        74.6875, 74.6875, 74.6719, 74.6719, 74.6562, 74.6562, 74.6562, 74.6562,
        74.6406, 74.6406, 74.6406, 74.6406, 74.6250, 74.5938, 74.5938, 74.5938,
        74.5781, 74.5781, 74.5781, 74.5781, 74.5781, 74.5781, 74.5625, 74.5625,
        74.5312, 74.5312, 74.5312, 74.4531, 74.3906, 74.3750, 74.3594, 74.3281,
        74.2812, 74.2656, 74.2500, 74.2500, 74.2500, 74.2344, 74.2188, 74.2188,
        74.2188, 74.2188, 74.2188, 74.1875, 74.1875, 74.1875, 74.1875, 74.1875,
        74.1875, 74.1875, 74.1719, 74.1719, 74.1719, 74.1719, 74.1562, 74.1562,
        74.1562, 74.1562, 74.1562, 74.1406, 74.1406, 74.1406, 74.1406, 74.1406,
        74.1250, 74.1250, 74.1250, 74.1250, 74.1250, 74.1250, 74.1250, 74.1094,
        74.1094, 74.1094, 74.0938, 74.0938, 74.0938, 74.0938, 74.0938, 74.0938,
        74.0938, 74.0938, 74.0781, 74.0781, 74.0781, 74.0781, 74.0781, 74.0781,
        74.0781, 74.0781, 74.0625, 74.0625, 74.0625, 74.0625, 74.0469, 74.0156,
        74.0156, 74.0156, 74.0000, 74.0000, 74.0000, 73.9844, 73.9688, 73.9688,
        73.9375, 73.9375, 73.9219, 73.9219, 73.9219, 73.9219, 73.9062, 73.9062,
        73.9062, 73.9062, 73.8906, 73.8906, 73.8750, 73.8750, 73.8750, 73.8750,
        73.8594, 73.8594, 73.8594, 73.8438, 73.8438, 73.8438, 73.8438, 73.8438,
        73.8438, 73.8438, 73.8281, 73.8281, 73.8281, 73.8281, 73.8125, 73.8125,
        73.8125, 73.8125, 73.8125, 73.8125, 73.7969, 73.7969, 73.7969, 73.7812,
        73.7812, 73.7812, 73.7812, 73.7812, 73.7656, 73.7656, 73.7656, 73.7500,
        73.7500, 73.7344, 73.7344, 73.7344, 73.7344, 73.7188, 73.7188, 73.7188,
        73.7031, 73.7031, 73.6875, 73.6875, 73.6875, 73.6875, 73.6875, 73.6719,
        73.6719, 73.6719, 73.6562, 73.6562, 73.6562, 73.6562, 73.6562, 73.6562,
        73.6406, 73.6406, 73.6406, 73.6406, 73.6406, 73.6250, 73.6094, 73.6094,
        73.6094, 73.5938, 73.5938, 73.5469, 73.5469, 73.5469, 73.5469, 73.5469,
        73.5156, 73.5156, 73.5000, 73.4844, 73.3906, 73.3906, 73.3594, 73.3438,
        73.3281, 73.3125, 73.3125, 73.3125, 73.2969, 73.2969, 73.2969, 73.2812,
        73.2500, 73.2500, 73.2500, 73.2344, 73.2031, 73.1719, 73.1719, 73.1719,
        73.1562, 73.1406, 73.1406, 73.1406, 73.1250, 73.1250, 73.1094, 73.1094,
        73.0938, 73.0938, 73.0781, 73.0625])
