[2024-09-22 19:26:48,608][root][INFO] - self.cfg: 
 lr: 0.0001
c_in: 6
zfar: 'Infinity'
debug: null
n_view: 1
run_id: 3wy8qqex
use_BN: true
exp_name: 2024-01-11-20-02-45
n_epochs: 62
save_dir: /home/bowenw/debug/2024-01-11-20-02-45/
use_mask: false
loss_type: pairwise_valid
optimizer: adam
batch_size: 64
crop_ratio: 1.1
enable_amp: true
use_normal: false
max_num_key: null
warmup_step: -1
input_resize:
- 160
- 160
max_step_val: 1000
vis_interval: 1000
weight_decay: 0
normalize_xyz: true
resume_run_id: null
clip_grad_norm: 'Infinity'
lr_epoch_decay: 500
render_backend: nvdiffrast
train_num_pair: 5
lr_decay_epochs:
- 50
n_epochs_warmup: 1
make_pair_online: false
gradient_max_norm: 'Infinity'
max_step_per_epoch: 10000
n_rendering_workers: 1
save_epoch_interval: 100
n_dataloader_workers: 100
split_objects_across_gpus: true
ckpt_dir: FoundationPose/learning/training/../../weights/2024-01-11-20-02-45/model_best.pth

[2024-09-22 19:26:48,608][root][INFO] - self.h5_file:None
[2024-09-22 19:26:48,788][root][INFO] - Using pretrained model from FoundationPose/learning/training/../../weights/2024-01-11-20-02-45/model_best.pth
[2024-09-22 19:26:48,849][root][INFO] - init done
[2024-09-22 19:26:48,850][root][INFO] - welcome
[2024-09-22 19:26:48,853][root][INFO] - self.cfg: 
 lr: 0.0001
c_in: 6
zfar: .inf
debug: null
w_rot: 0.1
n_view: 1
run_id: null
use_BN: true
rot_rep: axis_angle
ckpt_dir: FoundationPose/learning/training/../../weights/2023-10-28-18-33-37/model_best.pth
exp_name: 2023-10-28-18-33-37
save_dir: /tmp/2023-10-28-18-33-37/
loss_type: l2
optimizer: adam
trans_rep: tracknet
batch_size: 64
crop_ratio: 1.2
use_normal: false
BN_momentum: 0.1
max_num_key: null
warmup_step: -1
input_resize:
- 160
- 160
max_step_val: 1000
normal_uint8: false
vis_interval: 1000
weight_decay: 0
n_max_objects: null
normalize_xyz: true
clip_grad_norm: 'Infinity'
rot_normalizer: 0.3490658503988659
trans_normalizer:
- 0.019999999552965164
- 0.019999999552965164
- 0.05000000074505806
max_step_per_epoch: 25000
val_epoch_interval: 10
n_dataloader_workers: 60
enable_amp: true
use_mask: false

[2024-09-22 19:26:48,853][root][INFO] - self.h5_file:
[2024-09-22 19:26:48,902][root][INFO] - Using pretrained model from FoundationPose/learning/training/../../weights/2023-10-28-18-33-37/model_best.pth
[2024-09-22 19:26:48,926][root][INFO] - init done
[2024-09-22 19:26:50,656][root][INFO] - self.diameter:0.08397155096556706, vox_size:0.0041985775482783535
[2024-09-22 19:26:50,671][root][INFO] - self.pts:torch.Size([1273, 3])
[2024-09-22 19:26:51,458][root][INFO] - reset done
[2024-09-22 19:26:51,459][root][INFO] - cam_in_obs:(42, 4, 4)
[2024-09-22 19:26:51,460][root][INFO] - rot_grid:(252, 4, 4)
[2024-09-22 19:26:51,461][root][INFO] - after cluster, rot_grid:(252, 4, 4)
[2024-09-22 19:26:51,461][root][INFO] - self.rot_grid: torch.Size([252, 4, 4])
[2024-09-22 19:27:00,317][root][INFO] - Welcome
[2024-09-22 19:27:00,332][root][INFO] - poses:(252, 4, 4)
[2024-09-22 19:27:00,341][root][INFO] - after viewpoint, add_errs min:-1.0
[2024-09-22 19:27:00,403][root][INFO] - ob_in_cams:(252, 4, 4)
[2024-09-22 19:27:00,413][root][INFO] - self.cfg.use_normal:False
[2024-09-22 19:27:00,413][root][INFO] - trans_normalizer:[0.019999999552965164, 0.019999999552965164, 0.05000000074505806], rot_normalizer:0.3490658503988659
[2024-09-22 19:27:00,418][root][INFO] - making cropped data
[2024-09-22 19:27:00,418][root][INFO] - Welcome make_crop_data_batch
[2024-09-22 19:27:00,422][root][INFO] - make tf_to_crops done
[2024-09-22 19:27:00,452][root][INFO] - render done
[2024-09-22 19:27:00,461][root][INFO] - warp done
[2024-09-22 19:27:00,466][root][INFO] - pose batch data done
[2024-09-22 19:27:00,467][root][INFO] - forward start
[2024-09-22 19:27:00,584][root][INFO] - forward done
[2024-09-22 19:27:00,596][root][INFO] - making cropped data
[2024-09-22 19:27:00,596][root][INFO] - Welcome make_crop_data_batch
[2024-09-22 19:27:00,596][root][INFO] - make tf_to_crops done
[2024-09-22 19:27:00,615][root][INFO] - render done
[2024-09-22 19:27:00,619][root][INFO] - warp done
[2024-09-22 19:27:00,622][root][INFO] - pose batch data done
[2024-09-22 19:27:00,622][root][INFO] - forward start
[2024-09-22 19:27:00,624][root][INFO] - forward done
[2024-09-22 19:27:00,624][root][INFO] - making cropped data
[2024-09-22 19:27:00,624][root][INFO] - Welcome make_crop_data_batch
[2024-09-22 19:27:00,722][root][INFO] - make tf_to_crops done
[2024-09-22 19:27:00,738][root][INFO] - render done
[2024-09-22 19:27:00,742][root][INFO] - warp done
[2024-09-22 19:27:00,744][root][INFO] - pose batch data done
[2024-09-22 19:27:00,744][root][INFO] - forward start
[2024-09-22 19:27:00,746][root][INFO] - forward done
[2024-09-22 19:27:00,746][root][INFO] - making cropped data
[2024-09-22 19:27:00,746][root][INFO] - Welcome make_crop_data_batch
[2024-09-22 19:27:00,844][root][INFO] - make tf_to_crops done
[2024-09-22 19:27:00,861][root][INFO] - render done
[2024-09-22 19:27:00,864][root][INFO] - warp done
[2024-09-22 19:27:00,867][root][INFO] - pose batch data done
[2024-09-22 19:27:00,868][root][INFO] - forward start
[2024-09-22 19:27:00,869][root][INFO] - forward done
[2024-09-22 19:27:00,869][root][INFO] - making cropped data
[2024-09-22 19:27:00,869][root][INFO] - Welcome make_crop_data_batch
[2024-09-22 19:27:00,968][root][INFO] - make tf_to_crops done
[2024-09-22 19:27:00,983][root][INFO] - render done
[2024-09-22 19:27:00,987][root][INFO] - warp done
[2024-09-22 19:27:00,989][root][INFO] - pose batch data done
[2024-09-22 19:27:00,990][root][INFO] - forward start
[2024-09-22 19:27:00,991][root][INFO] - forward done
[2024-09-22 19:27:01,104][root][INFO] - ob_in_cams:(252, 4, 4)
[2024-09-22 19:27:01,104][root][INFO] - self.cfg.use_normal:False
[2024-09-22 19:27:01,104][root][INFO] - making cropped data
[2024-09-22 19:27:01,112][root][INFO] - Welcome make_crop_data_batch
[2024-09-22 19:27:01,113][root][INFO] - make tf_to_crops done
[2024-09-22 19:27:01,128][root][INFO] - render done
[2024-09-22 19:27:01,255][root][INFO] - pose batch data done
[2024-09-22 19:27:01,255][root][INFO] - pose_data.rgbAs.shape[0]: 252
[2024-09-22 19:27:01,350][root][INFO] - forward done
[2024-09-22 19:27:01,368][root][INFO] - final, add_errs min:-1.0
[2024-09-22 19:27:01,378][root][INFO] - sort ids:tensor([103, 145, 133,   7, 126, 127,   1,  73,   6, 209,  13,   5, 130, 208,
        203, 226, 118,  65,  64, 131, 225,  72, 117,   3,  82, 100,   4,  22,
        176, 104, 138, 221,  76,  24,  32,  85, 136, 202,  14,  79, 123,  99,
        111, 194,  53,  89, 166,  56,  91, 148, 214,  39, 250,  46,  71,  77,
         86, 114,   2,  21,  80, 105, 233,   8, 132, 158,  42, 181, 188, 223,
         67, 120, 175,  12, 215, 239,  75, 247,  25,  70,  87,  74,  81, 115,
         19, 125, 178, 248,  17,  83,  97,  98,  78,  84,  94, 122, 224, 232,
        110, 234,  66,  90,  93,  29, 205, 241, 251,  30,  36,  68, 199, 211,
        169, 195,  10, 109, 152, 182, 244,  20,  31,  51,  60,  61, 108, 140,
        147, 184, 185, 236,  16,  23,  96, 112, 207, 141, 144, 153, 196, 204,
        213,  28,  57, 161, 177, 200, 231, 242,  15,  95, 129, 170, 193, 217,
         52,  92, 116, 124, 237, 243,  18,  58,  88, 102, 151, 157, 162,  40,
         45, 197, 246,  11,  35,  38,  62, 149, 192, 249,  27,  69, 113, 187,
        230,  33,  41,  55, 171, 218, 220, 238,  43,  59, 139, 143, 156, 174,
        235, 150, 179, 210,  49, 164, 168, 228,   0,  37, 186, 191, 227, 107,
        180, 190, 240,   9,  34,  44,  48, 165, 172, 173,  54,  47, 101, 146,
        154, 206,  63, 106, 135, 160,  50, 159, 229, 245, 163, 167, 212, 222,
         26, 119, 121, 134, 183, 142, 155, 219, 128, 137, 189, 201, 198, 216])
[2024-09-22 19:27:01,381][root][INFO] - sorted scores:tensor([93.2578, 93.1914, 93.0781, 93.0664, 93.0586, 93.0547, 93.0508, 93.0508,
        92.9883, 92.8945, 92.8633, 92.8477, 92.8477, 92.8438, 92.8398, 92.8359,
        92.8242, 92.8164, 92.8086, 92.8086, 92.8086, 92.8008, 92.7969, 92.7930,
        92.7930, 92.7891, 92.7852, 92.7852, 92.7852, 92.7773, 92.7773, 92.7656,
        92.7617, 92.7578, 92.7578, 92.7539, 92.7539, 92.7539, 92.7500, 92.7500,
        92.7500, 92.7461, 92.7461, 92.7461, 92.7422, 92.7422, 92.7422, 92.7383,
        92.7383, 92.7383, 92.7383, 92.7344, 92.7344, 92.7305, 92.7305, 92.7305,
        92.7305, 92.7305, 92.7227, 92.7227, 92.7227, 92.7227, 92.7227, 92.7188,
        92.7188, 92.7188, 92.7148, 92.7148, 92.7148, 92.7148, 92.7109, 92.7109,
        92.7109, 92.7070, 92.7070, 92.7070, 92.7031, 92.7031, 92.6992, 92.6992,
        92.6992, 92.6953, 92.6953, 92.6953, 92.6914, 92.6914, 92.6875, 92.6875,
        92.6797, 92.6797, 92.6797, 92.6797, 92.6758, 92.6758, 92.6758, 92.6758,
        92.6758, 92.6758, 92.6719, 92.6680, 92.6641, 92.6641, 92.6641, 92.6602,
        92.6602, 92.6602, 92.6602, 92.6562, 92.6562, 92.6562, 92.6562, 92.6562,
        92.6523, 92.6523, 92.6484, 92.6484, 92.6484, 92.6484, 92.6484, 92.6445,
        92.6445, 92.6445, 92.6445, 92.6445, 92.6445, 92.6445, 92.6445, 92.6445,
        92.6445, 92.6445, 92.6406, 92.6406, 92.6406, 92.6406, 92.6406, 92.6367,
        92.6367, 92.6367, 92.6367, 92.6367, 92.6367, 92.6328, 92.6328, 92.6328,
        92.6328, 92.6328, 92.6328, 92.6328, 92.6289, 92.6289, 92.6289, 92.6289,
        92.6289, 92.6289, 92.6250, 92.6250, 92.6250, 92.6250, 92.6250, 92.6250,
        92.6211, 92.6211, 92.6211, 92.6211, 92.6211, 92.6211, 92.6211, 92.6172,
        92.6172, 92.6172, 92.6172, 92.6133, 92.6133, 92.6133, 92.6133, 92.6133,
        92.6133, 92.6133, 92.6094, 92.6094, 92.6094, 92.6094, 92.6094, 92.6055,
        92.6055, 92.6055, 92.6055, 92.6055, 92.6055, 92.6055, 92.6016, 92.6016,
        92.6016, 92.6016, 92.6016, 92.6016, 92.6016, 92.5977, 92.5977, 92.5977,
        92.5938, 92.5938, 92.5938, 92.5938, 92.5898, 92.5898, 92.5898, 92.5898,
        92.5898, 92.5859, 92.5859, 92.5859, 92.5859, 92.5820, 92.5820, 92.5820,
        92.5820, 92.5820, 92.5820, 92.5820, 92.5781, 92.5742, 92.5742, 92.5742,
        92.5742, 92.5742, 92.5703, 92.5703, 92.5703, 92.5703, 92.5664, 92.5664,
        92.5664, 92.5625, 92.5586, 92.5586, 92.5586, 92.5586, 92.5547, 92.5547,
        92.5547, 92.5508, 92.5508, 92.5469, 92.5391, 92.5352, 92.5312, 92.5273,
        92.5273, 92.5195, 92.5156, 92.5078])
[2024-09-22 19:27:05,273][websockets.server][INFO] - server listening on 0.0.0.0:8080
[2024-09-22 19:27:06,100][websockets.server][INFO] - connection open
[2024-09-22 19:27:11,988][root][INFO] - Succeeded to open port: /dev/ttyUSB0
[2024-09-22 19:27:11,989][root][INFO] - Succeeded to set baudrate to 3000000
