[2024-10-14 18:24:52,226][websockets.server][INFO] - server listening on 0.0.0.0:8080
[2024-10-14 18:24:52,604][root][INFO] - self.cfg: 
 lr: 0.0001
c_in: 6
zfar: 'Infinity'
debug: null
n_view: 1
run_id: 3wy8qqex
use_BN: true
exp_name: 2024-01-11-20-02-45
n_epochs: 62
save_dir: /home/bowenw/debug/2024-01-11-20-02-45/
use_mask: false
loss_type: pairwise_valid
optimizer: adam
batch_size: 64
crop_ratio: 1.1
enable_amp: true
use_normal: false
max_num_key: null
warmup_step: -1
input_resize:
- 160
- 160
max_step_val: 1000
vis_interval: 1000
weight_decay: 0
normalize_xyz: true
resume_run_id: null
clip_grad_norm: 'Infinity'
lr_epoch_decay: 500
render_backend: nvdiffrast
train_num_pair: 5
lr_decay_epochs:
- 50
n_epochs_warmup: 1
make_pair_online: false
gradient_max_norm: 'Infinity'
max_step_per_epoch: 10000
n_rendering_workers: 1
save_epoch_interval: 100
n_dataloader_workers: 100
split_objects_across_gpus: true
ckpt_dir: /home/shaol/gjx/rw/third_party/FoundationPose/learning/training/../../weights/2024-01-11-20-02-45/model_best.pth

[2024-10-14 18:24:52,604][root][INFO] - self.h5_file:None
[2024-10-14 18:24:52,946][root][INFO] - Using pretrained model from /home/shaol/gjx/rw/third_party/FoundationPose/learning/training/../../weights/2024-01-11-20-02-45/model_best.pth
[2024-10-14 18:24:53,024][root][INFO] - init done
[2024-10-14 18:24:53,024][root][INFO] - welcome
[2024-10-14 18:24:53,028][root][INFO] - self.cfg: 
 lr: 0.0001
c_in: 6
zfar: .inf
debug: null
w_rot: 0.1
n_view: 1
run_id: null
use_BN: true
rot_rep: axis_angle
ckpt_dir: /home/shaol/gjx/rw/third_party/FoundationPose/learning/training/../../weights/2023-10-28-18-33-37/model_best.pth
exp_name: 2023-10-28-18-33-37
save_dir: /tmp/2023-10-28-18-33-37/
loss_type: l2
optimizer: adam
trans_rep: tracknet
batch_size: 64
crop_ratio: 1.2
use_normal: false
BN_momentum: 0.1
max_num_key: null
warmup_step: -1
input_resize:
- 160
- 160
max_step_val: 1000
normal_uint8: false
vis_interval: 1000
weight_decay: 0
n_max_objects: null
normalize_xyz: true
clip_grad_norm: 'Infinity'
rot_normalizer: 0.3490658503988659
trans_normalizer:
- 0.019999999552965164
- 0.019999999552965164
- 0.05000000074505806
max_step_per_epoch: 25000
val_epoch_interval: 10
n_dataloader_workers: 60
enable_amp: true
use_mask: false

[2024-10-14 18:24:53,028][root][INFO] - self.h5_file:
[2024-10-14 18:24:53,159][websockets.server][INFO] - connection open
[2024-10-14 18:24:53,178][websockets.server][INFO] - connection open
[2024-10-14 18:24:53,270][root][INFO] - Using pretrained model from /home/shaol/gjx/rw/third_party/FoundationPose/learning/training/../../weights/2023-10-28-18-33-37/model_best.pth
[2024-10-14 18:24:53,298][root][INFO] - init done
[2024-10-14 18:24:56,060][root][INFO] - self.diameter:0.1792456566793235, vox_size:0.008962282833966174
[2024-10-14 18:24:56,078][root][INFO] - self.pts:torch.Size([704, 3])
[2024-10-14 18:24:57,514][root][INFO] - reset done
[2024-10-14 18:24:57,515][root][INFO] - cam_in_obs:(42, 4, 4)
[2024-10-14 18:24:57,531][root][INFO] - rot_grid:(252, 4, 4)
[2024-10-14 18:24:57,533][root][INFO] - after cluster, rot_grid:(252, 4, 4)
[2024-10-14 18:24:57,533][root][INFO] - self.rot_grid: torch.Size([252, 4, 4])
[2024-10-14 18:25:08,775][root][INFO] - Welcome
[2024-10-14 18:25:08,796][root][INFO] - poses:(252, 4, 4)
[2024-10-14 18:25:08,807][root][INFO] - after viewpoint, add_errs min:-1.0
[2024-10-14 18:25:08,873][root][INFO] - ob_in_cams:(252, 4, 4)
[2024-10-14 18:25:08,877][root][INFO] - self.cfg.use_normal:False
[2024-10-14 18:25:08,877][root][INFO] - trans_normalizer:[0.019999999552965164, 0.019999999552965164, 0.05000000074505806], rot_normalizer:0.3490658503988659
[2024-10-14 18:25:08,904][root][INFO] - making cropped data
[2024-10-14 18:25:08,904][root][INFO] - Welcome make_crop_data_batch
[2024-10-14 18:25:08,908][root][INFO] - make tf_to_crops done
[2024-10-14 18:25:08,939][root][INFO] - render done
[2024-10-14 18:25:08,948][root][INFO] - warp done
[2024-10-14 18:25:08,954][root][INFO] - pose batch data done
[2024-10-14 18:25:08,954][root][INFO] - forward start
[2024-10-14 18:25:09,087][root][INFO] - forward done
[2024-10-14 18:25:09,097][root][INFO] - making cropped data
[2024-10-14 18:25:09,097][root][INFO] - Welcome make_crop_data_batch
[2024-10-14 18:25:09,098][root][INFO] - make tf_to_crops done
[2024-10-14 18:25:09,119][root][INFO] - render done
[2024-10-14 18:25:09,123][root][INFO] - warp done
[2024-10-14 18:25:09,125][root][INFO] - pose batch data done
[2024-10-14 18:25:09,126][root][INFO] - forward start
[2024-10-14 18:25:09,127][root][INFO] - forward done
[2024-10-14 18:25:09,128][root][INFO] - making cropped data
[2024-10-14 18:25:09,128][root][INFO] - Welcome make_crop_data_batch
[2024-10-14 18:25:09,217][root][INFO] - make tf_to_crops done
[2024-10-14 18:25:09,238][root][INFO] - render done
[2024-10-14 18:25:09,241][root][INFO] - warp done
[2024-10-14 18:25:09,244][root][INFO] - pose batch data done
[2024-10-14 18:25:09,244][root][INFO] - forward start
[2024-10-14 18:25:09,246][root][INFO] - forward done
[2024-10-14 18:25:09,247][root][INFO] - making cropped data
[2024-10-14 18:25:09,247][root][INFO] - Welcome make_crop_data_batch
[2024-10-14 18:25:09,336][root][INFO] - make tf_to_crops done
[2024-10-14 18:25:09,356][root][INFO] - render done
[2024-10-14 18:25:09,360][root][INFO] - warp done
[2024-10-14 18:25:09,363][root][INFO] - pose batch data done
[2024-10-14 18:25:09,363][root][INFO] - forward start
[2024-10-14 18:25:09,365][root][INFO] - forward done
[2024-10-14 18:25:09,365][root][INFO] - making cropped data
[2024-10-14 18:25:09,365][root][INFO] - Welcome make_crop_data_batch
[2024-10-14 18:25:09,454][root][INFO] - make tf_to_crops done
[2024-10-14 18:25:09,475][root][INFO] - render done
[2024-10-14 18:25:09,478][root][INFO] - warp done
[2024-10-14 18:25:09,481][root][INFO] - pose batch data done
[2024-10-14 18:25:09,481][root][INFO] - forward start
[2024-10-14 18:25:09,483][root][INFO] - forward done
[2024-10-14 18:25:09,588][root][INFO] - ob_in_cams:(252, 4, 4)
[2024-10-14 18:25:09,588][root][INFO] - self.cfg.use_normal:False
[2024-10-14 18:25:09,588][root][INFO] - making cropped data
[2024-10-14 18:25:09,614][root][INFO] - Welcome make_crop_data_batch
[2024-10-14 18:25:09,614][root][INFO] - make tf_to_crops done
[2024-10-14 18:25:09,632][root][INFO] - render done
[2024-10-14 18:25:09,751][root][INFO] - pose batch data done
[2024-10-14 18:25:09,751][root][INFO] - pose_data.rgbAs.shape[0]: 252
[2024-10-14 18:25:09,841][root][INFO] - forward done
[2024-10-14 18:25:09,859][root][INFO] - final, add_errs min:-1.0
[2024-10-14 18:25:09,871][root][INFO] - sort ids:tensor([116,  13,  14,  19,  25,  37,  79,  80,  85,  86,  91,  92, 115, 121,
        206, 212, 234, 235,   2,  73, 134,   1,   7,   8,  43,  74,  97,  98,
        103, 104, 127, 133, 164, 169,  23,  28,  82,  83,  88,  94,  95, 118,
        119, 125, 146, 179,  22,  40, 124, 154, 160, 178, 185, 187,  17, 159,
        130,   4,   5,  34,  46,  47,  76,  77, 100, 101, 106, 131, 136, 137,
        202,  31, 220, 227, 167, 219, 245, 182,  26,  50,  59,  67,  71, 145,
        205, 226,  65, 170, 181, 214, 229, 242,  99, 155, 191,  53,  62,  64,
         70,  75, 188, 215, 232, 250,  49, 105, 120, 152, 208, 230, 251,  56,
         68,  87, 151, 175, 193, 194, 203,  18,  55, 122, 157, 176, 209, 221,
        225, 233,  20, 162, 247,   9,  10,  93, 238, 114, 144, 217, 107, 126,
        172, 196, 197, 204, 224,   6,  16,  52,  58,  61,  72,  78,  81, 132,
        148, 177, 200, 223,   0,  11,  12,  15, 149, 173, 190, 248,   3,  21,
        199,  89,  32,  29,  44,  90, 123, 129, 135, 236,  41, 216,  30, 108,
        117, 138, 184, 186,  24,  45,  84,  96, 163,  42, 102, 111, 113, 128,
        239,  38,  39, 166, 218,  27, 161, 211,  33, 140, 141, 156, 183, 240,
        244,  35,  36, 143, 165, 174, 180, 213, 243, 110, 241, 237, 249, 109,
        112, 147, 198,  57, 139, 150, 171, 192, 210, 222, 231,  69, 142, 158,
        168, 189, 228,  48,  60, 207, 246, 195, 201,  66,  51,  63, 153,  54])
[2024-10-14 18:25:09,875][root][INFO] - sorted scores:tensor([67.0625, 67.0312, 67.0312, 67.0312, 67.0312, 67.0312, 67.0312, 67.0312,
        67.0312, 67.0312, 67.0312, 67.0312, 67.0312, 67.0312, 67.0312, 67.0312,
        67.0000, 66.8750, 66.7500, 66.7500, 66.7500, 66.7188, 66.7188, 66.7188,
        66.7188, 66.7188, 66.7188, 66.7188, 66.7188, 66.7188, 66.7188, 66.7188,
        66.7188, 66.7188, 66.6875, 66.6875, 66.6875, 66.6875, 66.6875, 66.6875,
        66.6875, 66.6875, 66.6875, 66.6875, 66.6875, 66.6875, 66.6562, 66.6562,
        66.6562, 66.6562, 66.6562, 66.6562, 66.6562, 66.6562, 66.6250, 66.5938,
        66.5312, 66.5000, 66.5000, 66.5000, 66.5000, 66.5000, 66.5000, 66.5000,
        66.5000, 66.5000, 66.5000, 66.5000, 66.5000, 66.5000, 66.5000, 66.4688,
        66.4688, 66.4688, 66.4375, 66.4375, 66.4375, 66.3438, 66.3125, 66.3125,
        66.3125, 66.3125, 66.3125, 66.3125, 66.3125, 66.3125, 66.2812, 66.2812,
        66.2812, 66.2812, 66.2812, 66.2812, 66.2500, 66.2500, 66.2500, 66.2188,
        66.2188, 66.2188, 66.2188, 66.2188, 66.2188, 66.2188, 66.2188, 66.2188,
        66.1875, 66.1875, 66.1875, 66.1875, 66.1875, 66.1875, 66.1875, 66.1562,
        66.1562, 66.1562, 66.1562, 66.1562, 66.1562, 66.1562, 66.1562, 66.1250,
        66.1250, 66.1250, 66.1250, 66.1250, 66.1250, 66.1250, 66.1250, 66.1250,
        66.0938, 66.0938, 66.0938, 66.0312, 66.0312, 66.0312, 66.0312, 65.9688,
        65.9688, 65.9688, 65.9375, 65.9375, 65.9375, 65.9375, 65.9375, 65.9375,
        65.9375, 65.9062, 65.9062, 65.9062, 65.9062, 65.9062, 65.9062, 65.9062,
        65.9062, 65.9062, 65.9062, 65.9062, 65.9062, 65.9062, 65.8750, 65.8750,
        65.8750, 65.8750, 65.8750, 65.8750, 65.8750, 65.8750, 65.8438, 65.8438,
        65.8438, 65.8125, 65.5938, 65.5000, 65.5000, 65.5000, 65.5000, 65.5000,
        65.5000, 65.5000, 65.4688, 65.4688, 65.4375, 65.4375, 65.4375, 65.4375,
        65.4375, 65.4375, 65.4062, 65.4062, 65.4062, 65.4062, 65.4062, 65.3750,
        65.3750, 65.3750, 65.3750, 65.3750, 65.3750, 65.3438, 65.3438, 65.3438,
        65.3438, 65.3125, 65.3125, 65.3125, 65.2812, 65.2812, 65.2812, 65.2812,
        65.2812, 65.2812, 65.2812, 65.2500, 65.2188, 65.2188, 65.2188, 65.2188,
        65.2188, 65.2188, 65.2188, 65.1875, 65.1875, 65.1562, 65.1250, 65.0938,
        65.0938, 65.0938, 65.0938, 65.0625, 65.0625, 65.0625, 65.0625, 65.0625,
        65.0625, 65.0625, 65.0625, 65.0312, 65.0312, 65.0312, 65.0312, 65.0312,
        65.0312, 65.0000, 65.0000, 65.0000, 65.0000, 64.9688, 64.9688, 64.9375,
        64.9062, 64.9062, 64.9062, 64.8750])
