[2024-09-20 13:03:03,239][root][INFO] - self.cfg: 
 lr: 0.0001
c_in: 6
zfar: 'Infinity'
debug: null
n_view: 1
run_id: 3wy8qqex
use_BN: true
exp_name: 2024-01-11-20-02-45
n_epochs: 62
save_dir: /home/bowenw/debug/2024-01-11-20-02-45/
use_mask: false
loss_type: pairwise_valid
optimizer: adam
batch_size: 64
crop_ratio: 1.1
enable_amp: true
use_normal: false
max_num_key: null
warmup_step: -1
input_resize:
- 160
- 160
max_step_val: 1000
vis_interval: 1000
weight_decay: 0
normalize_xyz: true
resume_run_id: null
clip_grad_norm: 'Infinity'
lr_epoch_decay: 500
render_backend: nvdiffrast
train_num_pair: 5
lr_decay_epochs:
- 50
n_epochs_warmup: 1
make_pair_online: false
gradient_max_norm: 'Infinity'
max_step_per_epoch: 10000
n_rendering_workers: 1
save_epoch_interval: 100
n_dataloader_workers: 100
split_objects_across_gpus: true
ckpt_dir: FoundationPose/learning/training/../../weights/2024-01-11-20-02-45/model_best.pth

[2024-09-20 13:03:03,239][root][INFO] - self.h5_file:None
[2024-09-20 13:03:03,424][root][INFO] - Using pretrained model from FoundationPose/learning/training/../../weights/2024-01-11-20-02-45/model_best.pth
[2024-09-20 13:03:03,483][root][INFO] - init done
[2024-09-20 13:03:03,484][root][INFO] - welcome
[2024-09-20 13:03:03,487][root][INFO] - self.cfg: 
 lr: 0.0001
c_in: 6
zfar: .inf
debug: null
w_rot: 0.1
n_view: 1
run_id: null
use_BN: true
rot_rep: axis_angle
ckpt_dir: FoundationPose/learning/training/../../weights/2023-10-28-18-33-37/model_best.pth
exp_name: 2023-10-28-18-33-37
save_dir: /tmp/2023-10-28-18-33-37/
loss_type: l2
optimizer: adam
trans_rep: tracknet
batch_size: 64
crop_ratio: 1.2
use_normal: false
BN_momentum: 0.1
max_num_key: null
warmup_step: -1
input_resize:
- 160
- 160
max_step_val: 1000
normal_uint8: false
vis_interval: 1000
weight_decay: 0
n_max_objects: null
normalize_xyz: true
clip_grad_norm: 'Infinity'
rot_normalizer: 0.3490658503988659
trans_normalizer:
- 0.019999999552965164
- 0.019999999552965164
- 0.05000000074505806
max_step_per_epoch: 25000
val_epoch_interval: 10
n_dataloader_workers: 60
enable_amp: true
use_mask: false

[2024-09-20 13:03:03,487][root][INFO] - self.h5_file:
[2024-09-20 13:03:03,540][root][INFO] - Using pretrained model from FoundationPose/learning/training/../../weights/2023-10-28-18-33-37/model_best.pth
[2024-09-20 13:03:03,557][root][INFO] - init done
[2024-09-20 13:03:05,682][root][INFO] - self.diameter:0.2324774443430137, vox_size:0.011623872217150685
[2024-09-20 13:03:05,698][root][INFO] - self.pts:torch.Size([385, 3])
[2024-09-20 13:03:06,485][root][INFO] - reset done
[2024-09-20 13:03:06,486][root][INFO] - cam_in_obs:(42, 4, 4)
[2024-09-20 13:03:06,487][root][INFO] - rot_grid:(252, 4, 4)
[2024-09-20 13:03:06,488][root][INFO] - after cluster, rot_grid:(252, 4, 4)
[2024-09-20 13:03:06,488][root][INFO] - self.rot_grid: torch.Size([252, 4, 4])
[2024-09-20 13:03:15,210][root][INFO] - Welcome
[2024-09-20 13:03:15,239][root][INFO] - poses:(252, 4, 4)
[2024-09-20 13:03:15,249][root][INFO] - after viewpoint, add_errs min:-1.0
[2024-09-20 13:03:15,323][root][INFO] - ob_in_cams:(252, 4, 4)
[2024-09-20 13:03:15,323][root][INFO] - self.cfg.use_normal:False
[2024-09-20 13:03:15,323][root][INFO] - trans_normalizer:[0.019999999552965164, 0.019999999552965164, 0.05000000074505806], rot_normalizer:0.3490658503988659
[2024-09-20 13:03:15,330][root][INFO] - making cropped data
[2024-09-20 13:03:15,330][root][INFO] - Welcome make_crop_data_batch
[2024-09-20 13:03:15,335][root][INFO] - make tf_to_crops done
[2024-09-20 13:03:15,363][root][INFO] - render done
[2024-09-20 13:03:15,368][root][INFO] - warp done
[2024-09-20 13:03:15,373][root][INFO] - pose batch data done
[2024-09-20 13:03:15,373][root][INFO] - forward start
[2024-09-20 13:03:15,489][root][INFO] - forward done
[2024-09-20 13:03:15,500][root][INFO] - making cropped data
[2024-09-20 13:03:15,500][root][INFO] - Welcome make_crop_data_batch
[2024-09-20 13:03:15,501][root][INFO] - make tf_to_crops done
[2024-09-20 13:03:15,518][root][INFO] - render done
[2024-09-20 13:03:15,523][root][INFO] - warp done
[2024-09-20 13:03:15,526][root][INFO] - pose batch data done
[2024-09-20 13:03:15,526][root][INFO] - forward start
[2024-09-20 13:03:15,527][root][INFO] - forward done
[2024-09-20 13:03:15,527][root][INFO] - making cropped data
[2024-09-20 13:03:15,527][root][INFO] - Welcome make_crop_data_batch
[2024-09-20 13:03:15,629][root][INFO] - make tf_to_crops done
[2024-09-20 13:03:15,646][root][INFO] - render done
[2024-09-20 13:03:15,649][root][INFO] - warp done
[2024-09-20 13:03:15,652][root][INFO] - pose batch data done
[2024-09-20 13:03:15,652][root][INFO] - forward start
[2024-09-20 13:03:15,653][root][INFO] - forward done
[2024-09-20 13:03:15,653][root][INFO] - making cropped data
[2024-09-20 13:03:15,653][root][INFO] - Welcome make_crop_data_batch
[2024-09-20 13:03:15,749][root][INFO] - make tf_to_crops done
[2024-09-20 13:03:15,767][root][INFO] - render done
[2024-09-20 13:03:15,771][root][INFO] - warp done
[2024-09-20 13:03:15,774][root][INFO] - pose batch data done
[2024-09-20 13:03:15,774][root][INFO] - forward start
[2024-09-20 13:03:15,775][root][INFO] - forward done
[2024-09-20 13:03:15,775][root][INFO] - making cropped data
[2024-09-20 13:03:15,775][root][INFO] - Welcome make_crop_data_batch
[2024-09-20 13:03:15,871][root][INFO] - make tf_to_crops done
[2024-09-20 13:03:15,888][root][INFO] - render done
[2024-09-20 13:03:15,892][root][INFO] - warp done
[2024-09-20 13:03:15,894][root][INFO] - pose batch data done
[2024-09-20 13:03:15,895][root][INFO] - forward start
[2024-09-20 13:03:15,896][root][INFO] - forward done
[2024-09-20 13:03:16,007][root][INFO] - ob_in_cams:(252, 4, 4)
[2024-09-20 13:03:16,007][root][INFO] - self.cfg.use_normal:False
[2024-09-20 13:03:16,007][root][INFO] - making cropped data
[2024-09-20 13:03:16,015][root][INFO] - Welcome make_crop_data_batch
[2024-09-20 13:03:16,016][root][INFO] - make tf_to_crops done
[2024-09-20 13:03:16,031][root][INFO] - render done
[2024-09-20 13:03:16,156][root][INFO] - pose batch data done
[2024-09-20 13:03:16,156][root][INFO] - pose_data.rgbAs.shape[0]: 252
[2024-09-20 13:03:16,250][root][INFO] - forward done
[2024-09-20 13:03:16,267][root][INFO] - final, add_errs min:-1.0
[2024-09-20 13:03:16,277][root][INFO] - sort ids:tensor([  4,  34,  76, 100, 106, 136, 202, 226, 245,  10, 105, 130, 227, 244,
        101,   5, 137,  75,  71, 189, 169, 145,   1,   7,  50,  73, 103, 127,
        133, 146, 163, 164,  43,  33,  11,   9, 187,  96,   3, 220,  74,  98,
        128,   6,   8, 107, 134, 170,  49,  47,  72, 132, 203, 221,  32, 131,
         42,  77, 104,   2, 138, 188, 223,   0, 162, 243,  56,  99, 216,  64,
        179, 250,  59,  83,  97,  58, 126,  67,  94, 139, 125, 197, 113,  23,
         22,  82, 194,  53, 248, 154, 160, 108,  95, 111, 141,  41, 251,  68,
        109, 155, 185, 121, 178,  91, 211,  28,  61, 205, 206, 247,  37,  62,
         79,  85, 115, 212, 229,  13,  65, 235, 124, 156, 196,  52, 116,  92,
        120, 140, 135, 190, 142, 129,  26,  35, 184, 210, 191, 147, 193,  21,
         80, 224,  70,  93, 117, 161,  12,  27, 236,  55,  36,  86, 218,  14,
         18, 114, 123,  87, 172, 183, 237,  15,  84, 150, 207,  20,  90, 173,
        174, 204, 230,  24,  81,  78, 153, 171, 177,  16,  25,  19,  39,  88,
        198, 225, 228,  44, 219, 231,  17,  38,  40, 118,  29, 222, 166, 200,
         89, 242, 165, 213,  30, 119, 122, 199, 110, 149, 241, 167, 217,  31,
        158, 182,  45, 148, 201,  46, 175, 144, 102, 143, 168, 157, 240, 232,
        152, 151, 159, 176, 233, 215, 208, 238, 112, 214, 239, 209, 234, 180,
        181,  48,  69, 249, 192, 246, 186,  54,  63,  66, 195,  57,  60,  51])
[2024-09-20 13:03:16,280][root][INFO] - sorted scores:tensor([87.5781, 87.5781, 87.5781, 87.5781, 87.5781, 87.5781, 87.5781, 87.5781,
        87.5781, 87.5703, 87.5703, 87.5703, 87.5703, 87.5703, 87.5625, 87.5469,
        87.5469, 87.5312, 87.4453, 87.4453, 87.4297, 87.4219, 87.4141, 87.4141,
        87.4141, 87.4141, 87.4141, 87.4141, 87.4141, 87.4141, 87.4141, 87.4062,
        87.3984, 87.3750, 87.3594, 87.3516, 87.3438, 87.3281, 87.2891, 87.2656,
        87.2109, 87.1953, 87.1875, 87.1797, 87.1797, 87.1797, 87.1797, 87.1797,
        87.1719, 87.1641, 87.1641, 87.1641, 87.1641, 87.1641, 87.1562, 87.1484,
        87.1406, 87.1406, 87.1328, 87.1250, 87.1250, 87.1250, 87.1172, 87.1016,
        87.1016, 87.1016, 87.0938, 87.0859, 87.0781, 87.0547, 87.0391, 87.0312,
        87.0234, 87.0234, 87.0234, 87.0156, 87.0156, 87.0078, 87.0000, 86.9922,
        86.9844, 86.9844, 86.9766, 86.9688, 86.9609, 86.9609, 86.9609, 86.9531,
        86.9531, 86.9375, 86.9375, 86.9141, 86.9062, 86.8984, 86.8984, 86.8906,
        86.8906, 86.8828, 86.8828, 86.8750, 86.8594, 86.8516, 86.8516, 86.8359,
        86.8359, 86.8281, 86.8281, 86.8281, 86.8203, 86.8203, 86.8125, 86.8125,
        86.8125, 86.8125, 86.8125, 86.8125, 86.8047, 86.7969, 86.7969, 86.7891,
        86.7812, 86.7812, 86.7656, 86.7500, 86.7500, 86.7344, 86.7266, 86.7266,
        86.7188, 86.7188, 86.7109, 86.7031, 86.6875, 86.6797, 86.6797, 86.6797,
        86.6719, 86.6641, 86.6641, 86.6562, 86.6562, 86.6562, 86.6484, 86.6484,
        86.6484, 86.6406, 86.6328, 86.6328, 86.6328, 86.6172, 86.6094, 86.6094,
        86.6094, 86.6016, 86.6016, 86.6016, 86.6016, 86.5938, 86.5938, 86.5938,
        86.5938, 86.5859, 86.5859, 86.5781, 86.5781, 86.5703, 86.5703, 86.5703,
        86.5703, 86.5703, 86.5703, 86.5625, 86.5625, 86.5547, 86.5547, 86.5547,
        86.5547, 86.5469, 86.5391, 86.5234, 86.5234, 86.5234, 86.5234, 86.5234,
        86.5234, 86.5078, 86.5078, 86.5000, 86.4922, 86.4922, 86.4922, 86.4922,
        86.4844, 86.4844, 86.4766, 86.4766, 86.4688, 86.4609, 86.4531, 86.4531,
        86.4453, 86.4453, 86.4453, 86.4453, 86.4375, 86.4375, 86.4375, 86.4219,
        86.4219, 86.4141, 86.3828, 86.3750, 86.3672, 86.3672, 86.3672, 86.3594,
        86.3438, 86.3359, 86.3281, 86.3281, 86.3203, 86.3125, 86.3125, 86.2891,
        86.2734, 86.2656, 86.2656, 86.2578, 86.2500, 86.2422, 86.2266, 86.2266,
        86.2188, 86.2188, 86.2188, 86.2109, 86.2109, 86.2031, 86.1797, 86.1406,
        86.1094, 86.1094, 86.0938, 86.0859, 86.0469, 86.0156, 86.0156, 86.0078,
        86.0078, 85.9922, 85.9688, 85.9609])
[2024-09-20 13:03:27,337][websockets.server][INFO] - server listening on 0.0.0.0:8080
[2024-09-20 13:03:30,556][websockets.server][INFO] - connection open
[2024-09-20 13:03:32,887][websockets.server][INFO] - connection open
[2024-09-20 13:03:33,943][root][INFO] - Succeeded to open port: /dev/ttyUSB0
[2024-09-20 13:03:33,943][root][INFO] - Succeeded to set baudrate to 3000000
[2024-09-20 13:03:53,166][root][ERROR] - > read: [TxRxResult] There is no status packet!
[2024-09-20 13:03:53,202][root][ERROR] - > read: [TxRxResult] There is no status packet!
[2024-09-20 13:03:53,339][root][ERROR] - > read: [TxRxResult] There is no status packet!
[2024-09-20 13:03:53,374][root][ERROR] - > read: [TxRxResult] There is no status packet!
