[2024-10-25 15:10:36,921][websockets.server][INFO] - server listening on 0.0.0.0:8080
[2024-10-25 15:10:37,051][root][INFO] - self.cfg: 
 lr: 0.0001
c_in: 6
zfar: 'Infinity'
debug: null
n_view: 1
run_id: 3wy8qqex
use_BN: true
exp_name: 2024-01-11-20-02-45
n_epochs: 62
save_dir: /home/bowenw/debug/2024-01-11-20-02-45/
use_mask: false
loss_type: pairwise_valid
optimizer: adam
batch_size: 64
crop_ratio: 1.1
enable_amp: true
use_normal: false
max_num_key: null
warmup_step: -1
input_resize:
- 160
- 160
max_step_val: 1000
vis_interval: 1000
weight_decay: 0
normalize_xyz: true
resume_run_id: null
clip_grad_norm: 'Infinity'
lr_epoch_decay: 500
render_backend: nvdiffrast
train_num_pair: 5
lr_decay_epochs:
- 50
n_epochs_warmup: 1
make_pair_online: false
gradient_max_norm: 'Infinity'
max_step_per_epoch: 10000
n_rendering_workers: 1
save_epoch_interval: 100
n_dataloader_workers: 100
split_objects_across_gpus: true
ckpt_dir: /home/shaol/gjx/rw/third_party/FoundationPose/learning/training/../../weights/2024-01-11-20-02-45/model_best.pth

[2024-10-25 15:10:37,052][root][INFO] - self.h5_file:None
[2024-10-25 15:10:37,180][websockets.server][INFO] - connection open
[2024-10-25 15:10:37,217][root][INFO] - Using pretrained model from /home/shaol/gjx/rw/third_party/FoundationPose/learning/training/../../weights/2024-01-11-20-02-45/model_best.pth
[2024-10-25 15:10:37,276][root][INFO] - init done
[2024-10-25 15:10:37,276][root][INFO] - welcome
[2024-10-25 15:10:37,279][root][INFO] - self.cfg: 
 lr: 0.0001
c_in: 6
zfar: .inf
debug: null
w_rot: 0.1
n_view: 1
run_id: null
use_BN: true
rot_rep: axis_angle
ckpt_dir: /home/shaol/gjx/rw/third_party/FoundationPose/learning/training/../../weights/2023-10-28-18-33-37/model_best.pth
exp_name: 2023-10-28-18-33-37
save_dir: /tmp/2023-10-28-18-33-37/
loss_type: l2
optimizer: adam
trans_rep: tracknet
batch_size: 64
crop_ratio: 1.2
use_normal: false
BN_momentum: 0.1
max_num_key: null
warmup_step: -1
input_resize:
- 160
- 160
max_step_val: 1000
normal_uint8: false
vis_interval: 1000
weight_decay: 0
n_max_objects: null
normalize_xyz: true
clip_grad_norm: 'Infinity'
rot_normalizer: 0.3490658503988659
trans_normalizer:
- 0.019999999552965164
- 0.019999999552965164
- 0.05000000074505806
max_step_per_epoch: 25000
val_epoch_interval: 10
n_dataloader_workers: 60
enable_amp: true
use_mask: false

[2024-10-25 15:10:37,279][root][INFO] - self.h5_file:
[2024-10-25 15:10:37,324][root][INFO] - Using pretrained model from /home/shaol/gjx/rw/third_party/FoundationPose/learning/training/../../weights/2023-10-28-18-33-37/model_best.pth
[2024-10-25 15:10:37,345][root][INFO] - init done
[2024-10-25 15:10:38,510][root][INFO] - self.diameter:0.09668672292280457, vox_size:0.004834336146140228
[2024-10-25 15:10:38,523][root][INFO] - self.pts:torch.Size([735, 3])
[2024-10-25 15:10:39,449][root][INFO] - reset done
[2024-10-25 15:10:39,450][root][INFO] - cam_in_obs:(42, 4, 4)
[2024-10-25 15:10:39,451][root][INFO] - rot_grid:(252, 4, 4)
[2024-10-25 15:10:39,451][root][INFO] - after cluster, rot_grid:(252, 4, 4)
[2024-10-25 15:10:39,451][root][INFO] - self.rot_grid: torch.Size([252, 4, 4])
[2024-10-25 15:10:40,905][websockets.server][INFO] - connection open
[2024-10-25 15:10:59,547][root][INFO] - Welcome
[2024-10-25 15:10:59,561][root][INFO] - poses:(252, 4, 4)
[2024-10-25 15:10:59,571][root][INFO] - after viewpoint, add_errs min:-1.0
[2024-10-25 15:10:59,622][root][INFO] - ob_in_cams:(252, 4, 4)
[2024-10-25 15:10:59,628][root][INFO] - self.cfg.use_normal:False
[2024-10-25 15:10:59,628][root][INFO] - trans_normalizer:[0.019999999552965164, 0.019999999552965164, 0.05000000074505806], rot_normalizer:0.3490658503988659
[2024-10-25 15:10:59,655][root][INFO] - making cropped data
[2024-10-25 15:10:59,655][root][INFO] - Welcome make_crop_data_batch
[2024-10-25 15:10:59,659][root][INFO] - make tf_to_crops done
[2024-10-25 15:10:59,681][root][INFO] - render done
[2024-10-25 15:10:59,687][root][INFO] - warp done
[2024-10-25 15:10:59,692][root][INFO] - pose batch data done
[2024-10-25 15:10:59,692][root][INFO] - forward start
[2024-10-25 15:10:59,817][root][INFO] - forward done
[2024-10-25 15:10:59,827][root][INFO] - making cropped data
[2024-10-25 15:10:59,828][root][INFO] - Welcome make_crop_data_batch
[2024-10-25 15:10:59,828][root][INFO] - make tf_to_crops done
[2024-10-25 15:10:59,844][root][INFO] - render done
[2024-10-25 15:10:59,848][root][INFO] - warp done
[2024-10-25 15:10:59,851][root][INFO] - pose batch data done
[2024-10-25 15:10:59,851][root][INFO] - forward start
[2024-10-25 15:10:59,852][root][INFO] - forward done
[2024-10-25 15:10:59,853][root][INFO] - making cropped data
[2024-10-25 15:10:59,853][root][INFO] - Welcome make_crop_data_batch
[2024-10-25 15:10:59,956][root][INFO] - make tf_to_crops done
[2024-10-25 15:10:59,971][root][INFO] - render done
[2024-10-25 15:10:59,974][root][INFO] - warp done
[2024-10-25 15:10:59,977][root][INFO] - pose batch data done
[2024-10-25 15:10:59,977][root][INFO] - forward start
[2024-10-25 15:10:59,978][root][INFO] - forward done
[2024-10-25 15:10:59,979][root][INFO] - making cropped data
[2024-10-25 15:10:59,979][root][INFO] - Welcome make_crop_data_batch
[2024-10-25 15:11:00,075][root][INFO] - make tf_to_crops done
[2024-10-25 15:11:00,090][root][INFO] - render done
[2024-10-25 15:11:00,093][root][INFO] - warp done
[2024-10-25 15:11:00,096][root][INFO] - pose batch data done
[2024-10-25 15:11:00,096][root][INFO] - forward start
[2024-10-25 15:11:00,097][root][INFO] - forward done
[2024-10-25 15:11:00,098][root][INFO] - making cropped data
[2024-10-25 15:11:00,098][root][INFO] - Welcome make_crop_data_batch
[2024-10-25 15:11:00,194][root][INFO] - make tf_to_crops done
[2024-10-25 15:11:00,209][root][INFO] - render done
[2024-10-25 15:11:00,212][root][INFO] - warp done
[2024-10-25 15:11:00,215][root][INFO] - pose batch data done
[2024-10-25 15:11:00,215][root][INFO] - forward start
[2024-10-25 15:11:00,217][root][INFO] - forward done
[2024-10-25 15:11:00,329][root][INFO] - ob_in_cams:(252, 4, 4)
[2024-10-25 15:11:00,329][root][INFO] - self.cfg.use_normal:False
[2024-10-25 15:11:00,329][root][INFO] - making cropped data
[2024-10-25 15:11:00,337][root][INFO] - Welcome make_crop_data_batch
[2024-10-25 15:11:00,337][root][INFO] - make tf_to_crops done
[2024-10-25 15:11:00,351][root][INFO] - render done
[2024-10-25 15:11:00,477][root][INFO] - pose batch data done
[2024-10-25 15:11:00,477][root][INFO] - pose_data.rgbAs.shape[0]: 252
[2024-10-25 15:11:00,571][root][INFO] - forward done
[2024-10-25 15:11:00,589][root][INFO] - final, add_errs min:-1.0
[2024-10-25 15:11:00,598][root][INFO] - sort ids:tensor([184, 191,  30,  74, 108, 200,  75, 161, 141, 166,  61,  45, 211, 205,
        218,  36, 128,  62, 129, 132, 126, 138,   2, 220,  35,  42,  64, 131,
        203, 221, 236,  58,  59,  96, 178, 190, 222,   0, 113, 214, 241,   5,
        102,   6,  77, 101, 198, 173,  68,  72, 217,  11,  27,  53, 107, 137,
        196, 167, 149,  13,  12,  94,  10,  67,  28,  52, 136, 155,  79,  39,
         46,  88, 197, 118,   4,  93, 120, 143, 148, 114, 175, 238,  29,  78,
        115, 123, 181, 202, 248,  24,  81, 117, 201, 247,   3,  69,  91,  99,
        142,  15,  47,  63, 223,   1,  90, 152,  54, 208, 185, 230,  33,  73,
        109, 174, 176, 199, 207,  16,  43,  95, 186, 237, 242,   8,  21,  22,
         60,  85,  87, 213, 105, 172,  20,  92, 104, 133, 177,  65, 106, 158,
        188, 192, 227,  56,  76,  82,  84, 150, 239, 111, 130, 170, 224, 250,
         18,  70,  86, 122, 182, 226, 232, 243,  19, 135, 164, 180, 219,  37,
        100, 156, 179, 235,  32, 194, 195, 216, 244,  55, 146, 225,  57, 121,
        210, 212,   7,  23,  44, 112, 159, 249,  25,  89, 110, 134, 229, 240,
         48, 162, 228, 231,  50, 163, 169,  26,  38, 125, 153, 183, 234,  14,
         98, 124, 145, 168, 127, 139, 157, 193,  51,  66, 103, 246,  49, 151,
         31, 165,  34,  83,  97, 147, 187, 204,  71, 119, 140, 160, 215,  40,
        116, 144, 206, 245,   9, 154, 233, 251,  41, 209,  80, 171, 189,  17])
[2024-10-25 15:11:00,601][root][INFO] - sorted scores:tensor([129.6875, 129.6719, 129.6406, 129.5781, 129.5625, 129.5625, 129.5312,
        129.5312, 129.5156, 129.5000, 129.4844, 129.4688, 129.4688, 129.4375,
        129.4375, 129.4062, 129.3750, 129.3281, 129.3125, 129.3125, 129.2969,
        129.2969, 129.2812, 129.2812, 129.2656, 129.2656, 129.2656, 129.2656,
        129.2656, 129.2656, 129.2500, 129.2344, 129.2344, 129.2344, 129.2344,
        129.2344, 129.2344, 129.2031, 129.2031, 129.2031, 129.2031, 129.1719,
        129.1719, 129.1562, 129.1562, 129.1562, 129.1562, 129.1406, 129.1250,
        129.1250, 129.1250, 129.1094, 129.1094, 129.1094, 129.1094, 129.1094,
        129.1094, 129.0938, 129.0781, 129.0625, 129.0469, 129.0469, 129.0312,
        129.0312, 129.0156, 129.0156, 129.0156, 129.0156, 129.0000, 128.9844,
        128.9844, 128.9844, 128.9844, 128.9688, 128.9531, 128.9531, 128.9531,
        128.9531, 128.9531, 128.9375, 128.9375, 128.9375, 128.9219, 128.9219,
        128.9219, 128.9219, 128.9219, 128.9219, 128.9219, 128.9062, 128.9062,
        128.9062, 128.9062, 128.9062, 128.8906, 128.8906, 128.8906, 128.8906,
        128.8906, 128.8750, 128.8750, 128.8750, 128.8750, 128.8594, 128.8594,
        128.8594, 128.8438, 128.8438, 128.8281, 128.8281, 128.8125, 128.8125,
        128.8125, 128.8125, 128.8125, 128.8125, 128.8125, 128.7969, 128.7969,
        128.7969, 128.7969, 128.7969, 128.7969, 128.7812, 128.7812, 128.7812,
        128.7812, 128.7812, 128.7812, 128.7812, 128.7656, 128.7656, 128.7500,
        128.7500, 128.7500, 128.7344, 128.7344, 128.7188, 128.7188, 128.7188,
        128.7188, 128.7188, 128.7188, 128.7031, 128.7031, 128.7031, 128.7031,
        128.7031, 128.7031, 128.6875, 128.6875, 128.6875, 128.6875, 128.6875,
        128.6719, 128.6719, 128.6719, 128.6719, 128.6719, 128.6719, 128.6719,
        128.6719, 128.6562, 128.6562, 128.6562, 128.6562, 128.6562, 128.6406,
        128.6406, 128.6406, 128.6406, 128.6406, 128.6250, 128.6250, 128.6250,
        128.6250, 128.6250, 128.6094, 128.6094, 128.6094, 128.5938, 128.5938,
        128.5938, 128.5938, 128.5781, 128.5781, 128.5781, 128.5781, 128.5781,
        128.5781, 128.5625, 128.5625, 128.5625, 128.5625, 128.5625, 128.5625,
        128.5469, 128.5469, 128.5469, 128.5469, 128.5312, 128.5312, 128.5312,
        128.5156, 128.5156, 128.5156, 128.5156, 128.5156, 128.5156, 128.5000,
        128.5000, 128.5000, 128.5000, 128.5000, 128.4844, 128.4844, 128.4844,
        128.4844, 128.4688, 128.4688, 128.4688, 128.4688, 128.4531, 128.4531,
        128.4375, 128.4375, 128.4219, 128.4219, 128.4219, 128.4219, 128.4219,
        128.4219, 128.4062, 128.4062, 128.4062, 128.4062, 128.4062, 128.3906,
        128.3906, 128.3906, 128.3906, 128.3906, 128.3750, 128.3750, 128.3750,
        128.3750, 128.3438, 128.3438, 128.3281, 128.3281, 128.3125, 128.2656])
