[2024-09-19 20:48:31,840][root][INFO] - self.cfg: 
 lr: 0.0001
c_in: 6
zfar: 'Infinity'
debug: null
n_view: 1
run_id: 3wy8qqex
use_BN: true
exp_name: 2024-01-11-20-02-45
n_epochs: 62
save_dir: /home/bowenw/debug/2024-01-11-20-02-45/
use_mask: false
loss_type: pairwise_valid
optimizer: adam
batch_size: 64
crop_ratio: 1.1
enable_amp: true
use_normal: false
max_num_key: null
warmup_step: -1
input_resize:
- 160
- 160
max_step_val: 1000
vis_interval: 1000
weight_decay: 0
normalize_xyz: true
resume_run_id: null
clip_grad_norm: 'Infinity'
lr_epoch_decay: 500
render_backend: nvdiffrast
train_num_pair: 5
lr_decay_epochs:
- 50
n_epochs_warmup: 1
make_pair_online: false
gradient_max_norm: 'Infinity'
max_step_per_epoch: 10000
n_rendering_workers: 1
save_epoch_interval: 100
n_dataloader_workers: 100
split_objects_across_gpus: true
ckpt_dir: FoundationPose/learning/training/../../weights/2024-01-11-20-02-45/model_best.pth

[2024-09-19 20:48:31,840][root][INFO] - self.h5_file:None
[2024-09-19 20:48:32,035][root][INFO] - Using pretrained model from FoundationPose/learning/training/../../weights/2024-01-11-20-02-45/model_best.pth
[2024-09-19 20:48:32,097][root][INFO] - init done
[2024-09-19 20:48:32,097][root][INFO] - welcome
[2024-09-19 20:48:32,101][root][INFO] - self.cfg: 
 lr: 0.0001
c_in: 6
zfar: .inf
debug: null
w_rot: 0.1
n_view: 1
run_id: null
use_BN: true
rot_rep: axis_angle
ckpt_dir: FoundationPose/learning/training/../../weights/2023-10-28-18-33-37/model_best.pth
exp_name: 2023-10-28-18-33-37
save_dir: /tmp/2023-10-28-18-33-37/
loss_type: l2
optimizer: adam
trans_rep: tracknet
batch_size: 64
crop_ratio: 1.2
use_normal: false
BN_momentum: 0.1
max_num_key: null
warmup_step: -1
input_resize:
- 160
- 160
max_step_val: 1000
normal_uint8: false
vis_interval: 1000
weight_decay: 0
n_max_objects: null
normalize_xyz: true
clip_grad_norm: 'Infinity'
rot_normalizer: 0.3490658503988659
trans_normalizer:
- 0.019999999552965164
- 0.019999999552965164
- 0.05000000074505806
max_step_per_epoch: 25000
val_epoch_interval: 10
n_dataloader_workers: 60
enable_amp: true
use_mask: false

[2024-09-19 20:48:32,101][root][INFO] - self.h5_file:
[2024-09-19 20:48:32,149][root][INFO] - Using pretrained model from FoundationPose/learning/training/../../weights/2023-10-28-18-33-37/model_best.pth
[2024-09-19 20:48:32,166][root][INFO] - init done
[2024-09-19 20:48:33,221][root][INFO] - self.diameter:0.09129442543218583, vox_size:0.004564721271609291
[2024-09-19 20:48:33,234][root][INFO] - self.pts:torch.Size([825, 3])
[2024-09-19 20:48:33,993][root][INFO] - reset done
[2024-09-19 20:48:33,993][root][INFO] - cam_in_obs:(42, 4, 4)
[2024-09-19 20:48:33,995][root][INFO] - rot_grid:(252, 4, 4)
[2024-09-19 20:48:33,996][root][INFO] - after cluster, rot_grid:(252, 4, 4)
[2024-09-19 20:48:33,996][root][INFO] - self.rot_grid: torch.Size([252, 4, 4])
[2024-09-19 20:48:44,445][root][INFO] - Welcome
[2024-09-19 20:48:44,464][root][INFO] - poses:(252, 4, 4)
[2024-09-19 20:48:44,476][root][INFO] - after viewpoint, add_errs min:-1.0
[2024-09-19 20:48:44,515][root][INFO] - ob_in_cams:(252, 4, 4)
[2024-09-19 20:48:44,516][root][INFO] - self.cfg.use_normal:False
[2024-09-19 20:48:44,516][root][INFO] - trans_normalizer:[0.019999999552965164, 0.019999999552965164, 0.05000000074505806], rot_normalizer:0.3490658503988659
[2024-09-19 20:48:44,530][root][INFO] - making cropped data
[2024-09-19 20:48:44,530][root][INFO] - Welcome make_crop_data_batch
[2024-09-19 20:48:44,539][root][INFO] - make tf_to_crops done
[2024-09-19 20:48:44,568][root][INFO] - render done
[2024-09-19 20:48:44,573][root][INFO] - warp done
[2024-09-19 20:48:44,579][root][INFO] - pose batch data done
[2024-09-19 20:48:44,579][root][INFO] - forward start
[2024-09-19 20:48:44,698][root][INFO] - forward done
[2024-09-19 20:48:44,709][root][INFO] - making cropped data
[2024-09-19 20:48:44,709][root][INFO] - Welcome make_crop_data_batch
[2024-09-19 20:48:44,710][root][INFO] - make tf_to_crops done
[2024-09-19 20:48:44,725][root][INFO] - render done
[2024-09-19 20:48:44,729][root][INFO] - warp done
[2024-09-19 20:48:44,732][root][INFO] - pose batch data done
[2024-09-19 20:48:44,732][root][INFO] - forward start
[2024-09-19 20:48:44,734][root][INFO] - forward done
[2024-09-19 20:48:44,734][root][INFO] - making cropped data
[2024-09-19 20:48:44,734][root][INFO] - Welcome make_crop_data_batch
[2024-09-19 20:48:44,836][root][INFO] - make tf_to_crops done
[2024-09-19 20:48:44,851][root][INFO] - render done
[2024-09-19 20:48:44,854][root][INFO] - warp done
[2024-09-19 20:48:44,857][root][INFO] - pose batch data done
[2024-09-19 20:48:44,857][root][INFO] - forward start
[2024-09-19 20:48:44,858][root][INFO] - forward done
[2024-09-19 20:48:44,859][root][INFO] - making cropped data
[2024-09-19 20:48:44,859][root][INFO] - Welcome make_crop_data_batch
[2024-09-19 20:48:44,961][root][INFO] - make tf_to_crops done
[2024-09-19 20:48:44,975][root][INFO] - render done
[2024-09-19 20:48:44,979][root][INFO] - warp done
[2024-09-19 20:48:44,982][root][INFO] - pose batch data done
[2024-09-19 20:48:44,988][root][INFO] - forward start
[2024-09-19 20:48:44,990][root][INFO] - forward done
[2024-09-19 20:48:44,990][root][INFO] - making cropped data
[2024-09-19 20:48:44,990][root][INFO] - Welcome make_crop_data_batch
[2024-09-19 20:48:45,088][root][INFO] - make tf_to_crops done
[2024-09-19 20:48:45,103][root][INFO] - render done
[2024-09-19 20:48:45,107][root][INFO] - warp done
[2024-09-19 20:48:45,110][root][INFO] - pose batch data done
[2024-09-19 20:48:45,110][root][INFO] - forward start
[2024-09-19 20:48:45,111][root][INFO] - forward done
[2024-09-19 20:48:45,229][root][INFO] - ob_in_cams:(252, 4, 4)
[2024-09-19 20:48:45,229][root][INFO] - self.cfg.use_normal:False
[2024-09-19 20:48:45,229][root][INFO] - making cropped data
[2024-09-19 20:48:45,237][root][INFO] - Welcome make_crop_data_batch
[2024-09-19 20:48:45,237][root][INFO] - make tf_to_crops done
[2024-09-19 20:48:45,251][root][INFO] - render done
[2024-09-19 20:48:45,380][root][INFO] - pose batch data done
[2024-09-19 20:48:45,381][root][INFO] - pose_data.rgbAs.shape[0]: 252
[2024-09-19 20:48:45,478][root][INFO] - forward done
[2024-09-19 20:48:45,496][root][INFO] - final, add_errs min:-1.0
[2024-09-19 20:48:45,505][root][INFO] - sort ids:tensor([  3, 170,   8,  74,  99, 104, 105,  75,   6,  72,  77, 132,   5, 126,
        203, 100,   4, 130,  76, 133,   7,  73, 103, 235, 240, 191,  30,  92,
        113, 194,  57, 176, 241,  56, 171, 177, 195,  35, 108,  52, 144,  48,
        149, 172, 190, 196, 131,  58, 137, 150,  53, 148, 197,  67, 192, 247,
         61, 217, 199, 223, 175, 157, 151, 193,  49,  68, 212, 224, 225, 231,
        248,  69, 142,  37,  46,  98, 219, 208, 232, 238,  34, 112, 250,  25,
         43,  70, 159,  28,  40, 109, 164, 234,  24,  29,  31, 139, 181, 245,
        185, 239, 110, 180, 186, 187, 251, 141, 140, 209, 218,  45,  60,  44,
        165, 204,  65, 119, 166, 198, 213,  39, 143, 158, 214,  38, 117, 138,
        246, 147, 160, 136, 134, 106, 102, 220,  11, 101, 107, 222,   0,   2,
        129, 127,   9,  97,  80, 173, 230, 111,  14, 201,  86,  93, 184, 120,
         23, 125, 163, 114, 155,  13,  87, 115,  79, 211,  85, 243,  83, 244,
         22,  94,  78, 233,  82, 188,  33, 200, 221, 249, 206,  55,  42, 207,
        169, 226, 145, 152, 202,  19,  47,  89, 182,  64,  16, 116, 124,  17,
         12,  15,  54,  84, 123,  81,  21, 189,  27, 236,  91, 229,  95,  20,
         18, 121, 118,  51,  88, 153, 122,  90, 174,  36, 178, 162,  26,  63,
        154, 210,  10,  32,  50, 183,  41,  62,  66, 216, 228, 146, 161, 168,
        215,  71, 135, 156, 167, 179, 227, 205,  59,  96, 128,   1, 242, 237])
[2024-09-19 20:48:45,510][root][INFO] - sorted scores:tensor([103.4941, 103.4902, 103.4883, 103.4883, 103.4883, 103.4863, 103.4863,
        103.4824, 103.4668, 103.4609, 103.4590, 103.4590, 103.4570, 103.4570,
        103.4551, 103.4316, 103.4297, 103.4258, 103.4238, 103.4141, 103.4121,
        103.4121, 103.4121, 103.3047, 103.3027, 103.3008, 103.2988, 103.2988,
        103.2988, 103.2988, 103.2969, 103.2969, 103.2969, 103.2949, 103.2949,
        103.2949, 103.2949, 103.2930, 103.2930, 103.2891, 103.2891, 103.2871,
        103.2871, 103.2871, 103.2871, 103.2871, 103.2852, 103.2832, 103.2832,
        103.2832, 103.2812, 103.2773, 103.2773, 103.2754, 103.2734, 103.2715,
        103.2695, 103.2695, 103.2676, 103.2637, 103.2441, 103.2422, 103.2402,
        103.2402, 103.2344, 103.2285, 103.2285, 103.2285, 103.2266, 103.2266,
        103.2266, 103.2246, 103.2246, 103.2227, 103.2227, 103.2227, 103.2227,
        103.2188, 103.2188, 103.2188, 103.2168, 103.2168, 103.2168, 103.2129,
        103.2129, 103.2129, 103.2129, 103.2109, 103.2109, 103.2109, 103.2109,
        103.2109, 103.2090, 103.2090, 103.2090, 103.2090, 103.2090, 103.2090,
        103.2070, 103.2070, 103.2051, 103.2051, 103.2051, 103.2012, 103.1992,
        103.1973, 103.1953, 103.1953, 103.1953, 103.1934, 103.1934, 103.1914,
        103.1914, 103.1895, 103.1855, 103.1855, 103.1836, 103.1836, 103.1777,
        103.1758, 103.1758, 103.1758, 103.1758, 103.1738, 103.1738, 103.1719,
        103.1719, 103.1660, 103.1621, 103.1562, 103.1543, 103.1504, 103.1465,
        103.1465, 103.1406, 103.1367, 103.1367, 103.1367, 103.1309, 103.1289,
        103.1289, 103.1270, 103.1250, 103.1211, 103.1055, 103.1055, 103.1035,
        103.0977, 103.0957, 103.0840, 103.0781, 103.0762, 103.0723, 103.0684,
        103.0645, 103.0566, 103.0566, 103.0547, 103.0547, 103.0527, 103.0527,
        103.0527, 103.0488, 103.0430, 103.0391, 103.0371, 103.0273, 103.0273,
        103.0195, 103.0195, 103.0156, 103.0156, 103.0117, 103.0078, 103.0059,
        102.9941, 102.9922, 102.9922, 102.9902, 102.9863, 102.9824, 102.9824,
        102.9805, 102.9805, 102.9785, 102.9473, 102.9434, 102.9414, 102.9316,
        102.9297, 102.9297, 102.9102, 102.9062, 102.8965, 102.8965, 102.8945,
        102.8887, 102.8848, 102.8828, 102.8730, 102.8730, 102.8633, 102.8613,
        102.8457, 102.8398, 102.8398, 102.8379, 102.8379, 102.8340, 102.8320,
        102.8223, 102.8223, 102.8203, 102.8164, 102.8145, 102.8145, 102.8105,
        102.8086, 102.8008, 102.7793, 102.7656, 102.7598, 102.7520, 102.7520,
        102.7363, 102.7344, 102.7266, 102.7266, 102.7207, 102.7207, 102.7168,
        102.7109, 102.6973, 102.6953, 102.6934, 102.6914, 102.6875, 102.6855,
        102.6836, 102.6816, 102.6816, 102.6797, 102.6797, 102.6797, 102.6758,
        102.6699, 102.6602, 102.6445, 102.6348, 102.6270, 102.6113, 102.5996])
[2024-09-19 20:48:51,956][websockets.server][INFO] - server listening on 0.0.0.0:8080
[2024-09-19 20:48:55,438][websockets.server][INFO] - connection open
[2024-09-19 20:48:59,663][websockets.server][INFO] - connection open
[2024-09-19 20:49:15,637][root][INFO] - Succeeded to open port: /dev/ttyUSB0
[2024-09-19 20:49:15,637][root][INFO] - Succeeded to set baudrate to 3000000
[2024-09-19 20:49:48,311][root][ERROR] - > write_byte: [Motor ID: 0] [TxRxResult] There is no status packet!
[2024-09-19 20:49:48,345][root][ERROR] - > write_byte: [Motor ID: 1] [TxRxResult] There is no status packet!
[2024-09-19 20:49:48,380][root][ERROR] - > write_byte: [Motor ID: 2] [TxRxResult] There is no status packet!
[2024-09-19 20:49:48,414][root][ERROR] - > write_byte: [Motor ID: 3] [TxRxResult] There is no status packet!
[2024-09-19 20:49:48,448][root][ERROR] - > write_byte: [Motor ID: 4] [TxRxResult] There is no status packet!
[2024-09-19 20:49:48,482][root][ERROR] - > write_byte: [Motor ID: 5] [TxRxResult] There is no status packet!
[2024-09-19 20:49:48,516][root][ERROR] - > write_byte: [Motor ID: 6] [TxRxResult] There is no status packet!
[2024-09-19 20:49:48,551][root][ERROR] - > write_byte: [Motor ID: 7] [TxRxResult] There is no status packet!
[2024-09-19 20:49:48,585][root][ERROR] - > write_byte: [Motor ID: 8] [TxRxResult] There is no status packet!
[2024-09-19 20:49:48,619][root][ERROR] - > write_byte: [Motor ID: 9] [TxRxResult] There is no status packet!
[2024-09-19 20:49:48,654][root][ERROR] - > write_byte: [Motor ID: 10] [TxRxResult] There is no status packet!
[2024-09-19 20:49:48,688][root][ERROR] - > write_byte: [Motor ID: 11] [TxRxResult] There is no status packet!
[2024-09-19 20:49:48,722][root][ERROR] - > write_byte: [Motor ID: 12] [TxRxResult] There is no status packet!
[2024-09-19 20:49:48,756][root][ERROR] - > write_byte: [Motor ID: 13] [TxRxResult] There is no status packet!
[2024-09-19 20:49:48,790][root][ERROR] - > write_byte: [Motor ID: 14] [TxRxResult] There is no status packet!
[2024-09-19 20:49:48,824][root][ERROR] - > write_byte: [Motor ID: 15] [TxRxResult] There is no status packet!
[2024-09-19 20:49:48,825][root][ERROR] - Could not set torque disabled for IDs: [0, 1, 2, 3, 4, 5, 6, 7, 8, 9, 10, 11, 12, 13, 14, 15]
