[2024-10-15 10:20:51,885][websockets.server][INFO] - server listening on 0.0.0.0:8080
[2024-10-15 10:20:51,956][websockets.server][INFO] - connection open
[2024-10-15 10:20:52,092][root][INFO] - self.cfg: 
 lr: 0.0001
c_in: 6
zfar: 'Infinity'
debug: null
n_view: 1
run_id: 3wy8qqex
use_BN: true
exp_name: 2024-01-11-20-02-45
n_epochs: 62
save_dir: /home/bowenw/debug/2024-01-11-20-02-45/
use_mask: false
loss_type: pairwise_valid
optimizer: adam
batch_size: 64
crop_ratio: 1.1
enable_amp: true
use_normal: false
max_num_key: null
warmup_step: -1
input_resize:
- 160
- 160
max_step_val: 1000
vis_interval: 1000
weight_decay: 0
normalize_xyz: true
resume_run_id: null
clip_grad_norm: 'Infinity'
lr_epoch_decay: 500
render_backend: nvdiffrast
train_num_pair: 5
lr_decay_epochs:
- 50
n_epochs_warmup: 1
make_pair_online: false
gradient_max_norm: 'Infinity'
max_step_per_epoch: 10000
n_rendering_workers: 1
save_epoch_interval: 100
n_dataloader_workers: 100
split_objects_across_gpus: true
ckpt_dir: /home/shaol/gjx/rw/third_party/FoundationPose/learning/training/../../weights/2024-01-11-20-02-45/model_best.pth

[2024-10-15 10:20:52,093][root][INFO] - self.h5_file:None
[2024-10-15 10:20:52,372][root][INFO] - Using pretrained model from /home/shaol/gjx/rw/third_party/FoundationPose/learning/training/../../weights/2024-01-11-20-02-45/model_best.pth
[2024-10-15 10:20:52,439][root][INFO] - init done
[2024-10-15 10:20:52,439][root][INFO] - welcome
[2024-10-15 10:20:52,443][root][INFO] - self.cfg: 
 lr: 0.0001
c_in: 6
zfar: .inf
debug: null
w_rot: 0.1
n_view: 1
run_id: null
use_BN: true
rot_rep: axis_angle
ckpt_dir: /home/shaol/gjx/rw/third_party/FoundationPose/learning/training/../../weights/2023-10-28-18-33-37/model_best.pth
exp_name: 2023-10-28-18-33-37
save_dir: /tmp/2023-10-28-18-33-37/
loss_type: l2
optimizer: adam
trans_rep: tracknet
batch_size: 64
crop_ratio: 1.2
use_normal: false
BN_momentum: 0.1
max_num_key: null
warmup_step: -1
input_resize:
- 160
- 160
max_step_val: 1000
normal_uint8: false
vis_interval: 1000
weight_decay: 0
n_max_objects: null
normalize_xyz: true
clip_grad_norm: 'Infinity'
rot_normalizer: 0.3490658503988659
trans_normalizer:
- 0.019999999552965164
- 0.019999999552965164
- 0.05000000074505806
max_step_per_epoch: 25000
val_epoch_interval: 10
n_dataloader_workers: 60
enable_amp: true
use_mask: false

[2024-10-15 10:20:52,444][root][INFO] - self.h5_file:
[2024-10-15 10:20:52,504][root][INFO] - Using pretrained model from /home/shaol/gjx/rw/third_party/FoundationPose/learning/training/../../weights/2023-10-28-18-33-37/model_best.pth
[2024-10-15 10:20:52,523][root][INFO] - init done
[2024-10-15 10:20:53,394][websockets.server][INFO] - connection open
[2024-10-15 10:20:54,722][root][INFO] - self.diameter:0.2324774443430137, vox_size:0.011623872217150685
[2024-10-15 10:20:54,735][root][INFO] - self.pts:torch.Size([385, 3])
[2024-10-15 10:20:55,785][root][INFO] - reset done
[2024-10-15 10:20:55,786][root][INFO] - cam_in_obs:(42, 4, 4)
[2024-10-15 10:20:55,787][root][INFO] - rot_grid:(252, 4, 4)
[2024-10-15 10:20:55,788][root][INFO] - after cluster, rot_grid:(252, 4, 4)
[2024-10-15 10:20:55,788][root][INFO] - self.rot_grid: torch.Size([252, 4, 4])
[2024-10-15 10:21:04,656][root][INFO] - Welcome
[2024-10-15 10:21:04,674][root][INFO] - poses:(252, 4, 4)
[2024-10-15 10:21:04,690][root][INFO] - after viewpoint, add_errs min:-1.0
[2024-10-15 10:21:04,728][root][INFO] - ob_in_cams:(252, 4, 4)
[2024-10-15 10:21:04,728][root][INFO] - self.cfg.use_normal:False
[2024-10-15 10:21:04,729][root][INFO] - trans_normalizer:[0.019999999552965164, 0.019999999552965164, 0.05000000074505806], rot_normalizer:0.3490658503988659
[2024-10-15 10:21:04,765][root][INFO] - making cropped data
[2024-10-15 10:21:04,765][root][INFO] - Welcome make_crop_data_batch
[2024-10-15 10:21:04,769][root][INFO] - make tf_to_crops done
[2024-10-15 10:21:04,793][root][INFO] - render done
[2024-10-15 10:21:04,799][root][INFO] - warp done
[2024-10-15 10:21:04,804][root][INFO] - pose batch data done
[2024-10-15 10:21:04,804][root][INFO] - forward start
[2024-10-15 10:21:04,924][root][INFO] - forward done
[2024-10-15 10:21:04,934][root][INFO] - making cropped data
[2024-10-15 10:21:04,935][root][INFO] - Welcome make_crop_data_batch
[2024-10-15 10:21:04,935][root][INFO] - make tf_to_crops done
[2024-10-15 10:21:04,952][root][INFO] - render done
[2024-10-15 10:21:04,955][root][INFO] - warp done
[2024-10-15 10:21:04,958][root][INFO] - pose batch data done
[2024-10-15 10:21:04,958][root][INFO] - forward start
[2024-10-15 10:21:04,960][root][INFO] - forward done
[2024-10-15 10:21:04,960][root][INFO] - making cropped data
[2024-10-15 10:21:04,960][root][INFO] - Welcome make_crop_data_batch
[2024-10-15 10:21:05,050][root][INFO] - make tf_to_crops done
[2024-10-15 10:21:05,066][root][INFO] - render done
[2024-10-15 10:21:05,070][root][INFO] - warp done
[2024-10-15 10:21:05,072][root][INFO] - pose batch data done
[2024-10-15 10:21:05,072][root][INFO] - forward start
[2024-10-15 10:21:05,074][root][INFO] - forward done
[2024-10-15 10:21:05,074][root][INFO] - making cropped data
[2024-10-15 10:21:05,074][root][INFO] - Welcome make_crop_data_batch
[2024-10-15 10:21:05,164][root][INFO] - make tf_to_crops done
[2024-10-15 10:21:05,180][root][INFO] - render done
[2024-10-15 10:21:05,184][root][INFO] - warp done
[2024-10-15 10:21:05,186][root][INFO] - pose batch data done
[2024-10-15 10:21:05,187][root][INFO] - forward start
[2024-10-15 10:21:05,188][root][INFO] - forward done
[2024-10-15 10:21:05,188][root][INFO] - making cropped data
[2024-10-15 10:21:05,188][root][INFO] - Welcome make_crop_data_batch
[2024-10-15 10:21:05,278][root][INFO] - make tf_to_crops done
[2024-10-15 10:21:05,295][root][INFO] - render done
[2024-10-15 10:21:05,298][root][INFO] - warp done
[2024-10-15 10:21:05,301][root][INFO] - pose batch data done
[2024-10-15 10:21:05,301][root][INFO] - forward start
[2024-10-15 10:21:05,302][root][INFO] - forward done
[2024-10-15 10:21:05,407][root][INFO] - ob_in_cams:(252, 4, 4)
[2024-10-15 10:21:05,408][root][INFO] - self.cfg.use_normal:False
[2024-10-15 10:21:05,408][root][INFO] - making cropped data
[2024-10-15 10:21:05,416][root][INFO] - Welcome make_crop_data_batch
[2024-10-15 10:21:05,417][root][INFO] - make tf_to_crops done
[2024-10-15 10:21:05,432][root][INFO] - render done
[2024-10-15 10:21:05,550][root][INFO] - pose batch data done
[2024-10-15 10:21:05,550][root][INFO] - pose_data.rgbAs.shape[0]: 252
[2024-10-15 10:21:05,639][root][INFO] - forward done
[2024-10-15 10:21:05,656][root][INFO] - final, add_errs min:-1.0
[2024-10-15 10:21:05,666][root][INFO] - sort ids:tensor([ 10, 196, 136, 172, 154, 147, 205, 114,   2, 199,   9, 160, 247, 200,
        128,  36, 125,  41, 148,  61, 217, 218, 134, 141, 166,  44,  52, 129,
        211,  45, 161, 140, 210, 165, 135,  53,  62, 171, 155,  93,   1, 184,
        204, 183, 190,  27, 230, 107,  35, 102, 191, 240, 241, 222,  96, 235,
         67,  30, 108, 248,  26, 236,  86, 229, 113,  66, 228, 197,  12, 178,
        223, 224,  22, 149, 177, 127,  13,  68,   0,  97,  14, 221, 120, 251,
        133,  87, 130,  38,  99, 131, 106, 194, 137, 213, 220,  71, 145, 214,
         64,  47, 203, 173, 195, 132,  58,   4,  23,  11, 143,  51, 170, 144,
         21, 158,  94, 104,   7, 124,  59,  37, 202,  42, 176, 225,  50, 233,
        244,  60, 162, 238, 117, 226, 243, 179,  65, 201, 152,  39, 208, 250,
         15,  49,  79,  81,  92, 168,  55, 169, 115, 151,  32,  18,  78, 227,
         85, 110, 163, 175, 180, 116, 157,  63, 232,  16,  29,  90, 239,  54,
         84, 198,  89,  91, 187,  70,  33, 138, 174, 111,  24, 186, 123, 122,
         69, 193,  88,  56, 146,  73, 209,  82,  83, 105,  31, 118, 100, 103,
        188, 119,  20, 181, 206,  80,  34,  75, 207, 150,  19, 101,   3,  48,
        121,  76, 237, 192, 142, 249, 231,  77,  74,  72,   6,  28, 156, 242,
        212, 246,  95,  17,  46,   5, 126,  57, 167,   8, 109, 219,  43, 215,
        185,  98, 153, 139, 164, 182,  25,  40, 245, 112, 189, 216, 159, 234])
[2024-10-15 10:21:05,670][root][INFO] - sorted scores:tensor([99.5586, 99.5374, 99.4629, 99.4624, 99.3877, 99.3203, 99.3149, 99.2725,
        99.2666, 99.2607, 99.2588, 99.2383, 99.2334, 99.2295, 99.2197, 99.2134,
        99.2100, 99.2051, 99.2002, 99.1929, 99.1904, 99.1904, 99.1890, 99.1875,
        99.1865, 99.1841, 99.1821, 99.1807, 99.1802, 99.1680, 99.1655, 99.1636,
        99.1602, 99.1597, 99.1284, 99.0962, 99.0664, 98.9990, 98.9453, 98.8613,
        98.8584, 98.8584, 98.7656, 98.7646, 98.7051, 98.6914, 98.6719, 98.6660,
        98.6396, 98.6230, 98.6230, 98.6162, 98.6162, 98.6152, 98.6143, 98.6133,
        98.6094, 98.6084, 98.6084, 98.6074, 98.5996, 98.5918, 98.5889, 98.5850,
        98.5820, 98.5605, 98.5596, 98.5449, 98.5361, 98.5361, 98.5186, 98.4990,
        98.4932, 98.4287, 98.4268, 98.4180, 98.3867, 98.3857, 98.3486, 98.3350,
        98.3340, 98.2881, 98.2822, 98.2578, 98.2549, 98.2471, 98.2393, 98.2383,
        98.2363, 98.2334, 98.2266, 98.2256, 98.2236, 98.2012, 98.1768, 98.1484,
        98.1475, 98.1445, 98.1406, 98.1377, 98.1309, 98.1221, 98.1025, 98.1016,
        98.0879, 98.0791, 98.0723, 98.0576, 98.0576, 98.0566, 98.0264, 98.0205,
        98.0176, 97.9863, 97.9785, 97.9609, 97.9590, 97.9590, 97.9512, 97.9434,
        97.9395, 97.9297, 97.9238, 97.9102, 97.9062, 97.9043, 97.8906, 97.8887,
        97.8828, 97.8691, 97.8594, 97.8477, 97.8477, 97.8359, 97.8340, 97.8340,
        97.8301, 97.8203, 97.8125, 97.8125, 97.8105, 97.8086, 97.8086, 97.8066,
        97.8047, 97.7988, 97.7949, 97.7949, 97.7910, 97.7910, 97.7891, 97.7852,
        97.7852, 97.7852, 97.7812, 97.7812, 97.7754, 97.7754, 97.7734, 97.7676,
        97.7617, 97.7461, 97.7441, 97.7383, 97.7363, 97.7324, 97.7305, 97.7188,
        97.7188, 97.7188, 97.7148, 97.7109, 97.7051, 97.7031, 97.6875, 97.6816,
        97.6797, 97.6777, 97.6738, 97.6660, 97.6621, 97.6602, 97.6582, 97.6562,
        97.6504, 97.6445, 97.5977, 97.5898, 97.5898, 97.5840, 97.5820, 97.5801,
        97.5684, 97.5684, 97.5527, 97.5527, 97.5508, 97.5488, 97.5469, 97.5469,
        97.5469, 97.5410, 97.5312, 97.5234, 97.5234, 97.5176, 97.5137, 97.5039,
        97.5000, 97.4980, 97.4980, 97.4961, 97.4844, 97.4805, 97.4668, 97.4590,
        97.4570, 97.4492, 97.4414, 97.4297, 97.4219, 97.4219, 97.4180, 97.4102,
        97.4023, 97.3984, 97.3867, 97.3848, 97.3809, 97.3789, 97.3672, 97.3652,
        97.3652, 97.3574, 97.3223, 97.2930, 97.2734, 97.2695, 97.2676, 97.2656,
        97.2617, 97.2461, 97.2168, 97.2148, 97.2129, 97.2070, 97.1816, 97.1562,
        97.1562, 97.1484, 97.1055, 97.1035])
