[2024-09-20 14:19:09,582][root][INFO] - self.cfg: 
 lr: 0.0001
c_in: 6
zfar: 'Infinity'
debug: null
n_view: 1
run_id: 3wy8qqex
use_BN: true
exp_name: 2024-01-11-20-02-45
n_epochs: 62
save_dir: /home/bowenw/debug/2024-01-11-20-02-45/
use_mask: false
loss_type: pairwise_valid
optimizer: adam
batch_size: 64
crop_ratio: 1.1
enable_amp: true
use_normal: false
max_num_key: null
warmup_step: -1
input_resize:
- 160
- 160
max_step_val: 1000
vis_interval: 1000
weight_decay: 0
normalize_xyz: true
resume_run_id: null
clip_grad_norm: 'Infinity'
lr_epoch_decay: 500
render_backend: nvdiffrast
train_num_pair: 5
lr_decay_epochs:
- 50
n_epochs_warmup: 1
make_pair_online: false
gradient_max_norm: 'Infinity'
max_step_per_epoch: 10000
n_rendering_workers: 1
save_epoch_interval: 100
n_dataloader_workers: 100
split_objects_across_gpus: true
ckpt_dir: FoundationPose/learning/training/../../weights/2024-01-11-20-02-45/model_best.pth

[2024-09-20 14:19:09,583][root][INFO] - self.h5_file:None
[2024-09-20 14:19:09,787][root][INFO] - Using pretrained model from FoundationPose/learning/training/../../weights/2024-01-11-20-02-45/model_best.pth
[2024-09-20 14:19:09,847][root][INFO] - init done
[2024-09-20 14:19:09,847][root][INFO] - welcome
[2024-09-20 14:19:09,850][root][INFO] - self.cfg: 
 lr: 0.0001
c_in: 6
zfar: .inf
debug: null
w_rot: 0.1
n_view: 1
run_id: null
use_BN: true
rot_rep: axis_angle
ckpt_dir: FoundationPose/learning/training/../../weights/2023-10-28-18-33-37/model_best.pth
exp_name: 2023-10-28-18-33-37
save_dir: /tmp/2023-10-28-18-33-37/
loss_type: l2
optimizer: adam
trans_rep: tracknet
batch_size: 64
crop_ratio: 1.2
use_normal: false
BN_momentum: 0.1
max_num_key: null
warmup_step: -1
input_resize:
- 160
- 160
max_step_val: 1000
normal_uint8: false
vis_interval: 1000
weight_decay: 0
n_max_objects: null
normalize_xyz: true
clip_grad_norm: 'Infinity'
rot_normalizer: 0.3490658503988659
trans_normalizer:
- 0.019999999552965164
- 0.019999999552965164
- 0.05000000074505806
max_step_per_epoch: 25000
val_epoch_interval: 10
n_dataloader_workers: 60
enable_amp: true
use_mask: false

[2024-09-20 14:19:09,850][root][INFO] - self.h5_file:
[2024-09-20 14:19:09,895][root][INFO] - Using pretrained model from FoundationPose/learning/training/../../weights/2023-10-28-18-33-37/model_best.pth
[2024-09-20 14:19:09,915][root][INFO] - init done
[2024-09-20 14:19:12,125][root][INFO] - self.diameter:0.16476450715488963, vox_size:0.008238225357744482
[2024-09-20 14:19:12,141][root][INFO] - self.pts:torch.Size([947, 3])
[2024-09-20 14:19:13,056][root][INFO] - reset done
[2024-09-20 14:19:13,057][root][INFO] - cam_in_obs:(42, 4, 4)
[2024-09-20 14:19:13,079][root][INFO] - rot_grid:(252, 4, 4)
[2024-09-20 14:19:13,080][root][INFO] - after cluster, rot_grid:(252, 4, 4)
[2024-09-20 14:19:13,080][root][INFO] - self.rot_grid: torch.Size([252, 4, 4])
[2024-09-20 14:19:25,149][root][INFO] - Welcome
[2024-09-20 14:19:25,171][root][INFO] - poses:(252, 4, 4)
[2024-09-20 14:19:25,180][root][INFO] - after viewpoint, add_errs min:-1.0
[2024-09-20 14:19:25,261][root][INFO] - ob_in_cams:(252, 4, 4)
[2024-09-20 14:19:25,261][root][INFO] - self.cfg.use_normal:False
[2024-09-20 14:19:25,261][root][INFO] - trans_normalizer:[0.019999999552965164, 0.019999999552965164, 0.05000000074505806], rot_normalizer:0.3490658503988659
[2024-09-20 14:19:25,267][root][INFO] - making cropped data
[2024-09-20 14:19:25,268][root][INFO] - Welcome make_crop_data_batch
[2024-09-20 14:19:25,272][root][INFO] - make tf_to_crops done
[2024-09-20 14:19:25,305][root][INFO] - render done
[2024-09-20 14:19:25,311][root][INFO] - warp done
[2024-09-20 14:19:25,316][root][INFO] - pose batch data done
[2024-09-20 14:19:25,317][root][INFO] - forward start
[2024-09-20 14:19:25,443][root][INFO] - forward done
[2024-09-20 14:19:25,454][root][INFO] - making cropped data
[2024-09-20 14:19:25,455][root][INFO] - Welcome make_crop_data_batch
[2024-09-20 14:19:25,456][root][INFO] - make tf_to_crops done
[2024-09-20 14:19:25,478][root][INFO] - render done
[2024-09-20 14:19:25,483][root][INFO] - warp done
[2024-09-20 14:19:25,486][root][INFO] - pose batch data done
[2024-09-20 14:19:25,486][root][INFO] - forward start
[2024-09-20 14:19:25,487][root][INFO] - forward done
[2024-09-20 14:19:25,488][root][INFO] - making cropped data
[2024-09-20 14:19:25,488][root][INFO] - Welcome make_crop_data_batch
[2024-09-20 14:19:25,597][root][INFO] - make tf_to_crops done
[2024-09-20 14:19:25,622][root][INFO] - render done
[2024-09-20 14:19:25,625][root][INFO] - warp done
[2024-09-20 14:19:25,628][root][INFO] - pose batch data done
[2024-09-20 14:19:25,628][root][INFO] - forward start
[2024-09-20 14:19:25,629][root][INFO] - forward done
[2024-09-20 14:19:25,629][root][INFO] - making cropped data
[2024-09-20 14:19:25,629][root][INFO] - Welcome make_crop_data_batch
[2024-09-20 14:19:25,740][root][INFO] - make tf_to_crops done
[2024-09-20 14:19:25,763][root][INFO] - render done
[2024-09-20 14:19:25,767][root][INFO] - warp done
[2024-09-20 14:19:25,770][root][INFO] - pose batch data done
[2024-09-20 14:19:25,770][root][INFO] - forward start
[2024-09-20 14:19:25,772][root][INFO] - forward done
[2024-09-20 14:19:25,772][root][INFO] - making cropped data
[2024-09-20 14:19:25,772][root][INFO] - Welcome make_crop_data_batch
[2024-09-20 14:19:25,882][root][INFO] - make tf_to_crops done
[2024-09-20 14:19:25,906][root][INFO] - render done
[2024-09-20 14:19:25,910][root][INFO] - warp done
[2024-09-20 14:19:25,913][root][INFO] - pose batch data done
[2024-09-20 14:19:25,913][root][INFO] - forward start
[2024-09-20 14:19:25,914][root][INFO] - forward done
[2024-09-20 14:19:26,040][root][INFO] - ob_in_cams:(252, 4, 4)
[2024-09-20 14:19:26,040][root][INFO] - self.cfg.use_normal:False
[2024-09-20 14:19:26,040][root][INFO] - making cropped data
[2024-09-20 14:19:26,049][root][INFO] - Welcome make_crop_data_batch
[2024-09-20 14:19:26,050][root][INFO] - make tf_to_crops done
[2024-09-20 14:19:26,071][root][INFO] - render done
[2024-09-20 14:19:26,212][root][INFO] - pose batch data done
[2024-09-20 14:19:26,212][root][INFO] - pose_data.rgbAs.shape[0]: 252
[2024-09-20 14:19:26,318][root][INFO] - forward done
[2024-09-20 14:19:26,336][root][INFO] - final, add_errs min:-1.0
[2024-09-20 14:19:26,346][root][INFO] - sort ids:tensor([ 47, 203, 137, 245,  11, 131, 226, 227,  10,   4,   5,  76, 100, 130,
        107,  77, 106, 136, 220, 202,  65, 101, 251, 221,  35,  71,  46, 250,
         64, 198, 147, 248, 126,  59,   0,  72, 102, 162, 132, 222,  67,  12,
        138, 144,   6, 197, 183, 247, 156,  18, 114, 210, 216, 141,  90,  55,
        120, 146,  91, 109, 129,  78,  84, 228,  34,   1, 139, 174, 178,  42,
         53,  80, 150, 177, 168, 225, 161,  88, 134,  17, 235,  19, 108, 160,
         56, 135, 206,  20,  95,  92, 133, 179, 192, 121, 184,  85, 119, 125,
        163,  14,  36,  22,  79, 204, 213,  48,  82, 103, 212, 229,  24,  29,
         41, 145, 211, 116, 124,  16,  23,  54, 111, 115, 143, 242, 154, 170,
        205,  13,  74, 105, 155, 165, 224,  37, 122, 173,   7,   8,  83,  94,
         26,  62,  98, 118,   2,   3,  52,  96, 185,  44, 171, 223,  40, 191,
         68,  60, 128, 243,  75, 164, 194,  32,  99, 110, 241,   9,  89, 230,
        244,  97, 187, 188,  50, 186, 236,  93, 104, 117,  25,  33, 169,  15,
         73, 196,  81, 123, 189, 217,  87,  43,  86, 190, 246,  21,  27, 127,
        148, 172, 237, 231, 234,  30,  58,  45, 180, 200, 166,  28,  61, 142,
        113, 219, 199,  31, 182,  49, 195,  57, 159, 215, 149, 153, 140, 209,
        232, 208, 239, 240,  70, 214, 238,  39, 151, 167, 201,  66, 152, 158,
        157, 233, 176, 175, 193, 112, 181, 218,  38,  63,  69, 249,  51, 207])
[2024-09-20 14:19:26,349][root][INFO] - sorted scores:tensor([87.5859, 87.5859, 87.5781, 87.5781, 87.5625, 87.5625, 87.5625, 87.5625,
        87.5547, 87.5469, 87.5469, 87.5469, 87.5469, 87.5469, 87.5391, 87.5312,
        87.5312, 87.5312, 87.5312, 87.5234, 87.5156, 87.5156, 87.5078, 87.4766,
        87.4688, 87.4688, 87.4375, 87.4375, 87.2422, 87.0469, 86.9922, 86.9922,
        86.9844, 86.9531, 86.9062, 86.8984, 86.8906, 86.8906, 86.8672, 86.8516,
        86.8438, 86.8203, 86.8203, 86.8203, 86.8125, 86.8047, 86.7969, 86.7969,
        86.7891, 86.7734, 86.7734, 86.7734, 86.7734, 86.7656, 86.7578, 86.7500,
        86.7500, 86.7500, 86.7422, 86.7422, 86.7422, 86.7344, 86.7266, 86.7188,
        86.7109, 86.7031, 86.7031, 86.7031, 86.7031, 86.6875, 86.6875, 86.6875,
        86.6875, 86.6875, 86.6797, 86.6797, 86.6719, 86.6641, 86.6641, 86.6562,
        86.6562, 86.6484, 86.6328, 86.6250, 86.6172, 86.6172, 86.6172, 86.6094,
        86.6094, 86.6016, 86.6016, 86.6016, 86.6016, 86.5938, 86.5938, 86.5859,
        86.5859, 86.5859, 86.5859, 86.5781, 86.5781, 86.5703, 86.5703, 86.5703,
        86.5625, 86.5547, 86.5547, 86.5547, 86.5547, 86.5547, 86.5469, 86.5469,
        86.5469, 86.5469, 86.5469, 86.5391, 86.5391, 86.5312, 86.5234, 86.5234,
        86.5234, 86.5234, 86.5234, 86.5156, 86.5078, 86.5078, 86.5078, 86.5000,
        86.5000, 86.5000, 86.5000, 86.5000, 86.5000, 86.4922, 86.4922, 86.4922,
        86.4844, 86.4844, 86.4844, 86.4844, 86.4766, 86.4766, 86.4766, 86.4766,
        86.4688, 86.4688, 86.4688, 86.4688, 86.4688, 86.4609, 86.4609, 86.4609,
        86.4531, 86.4531, 86.4453, 86.4375, 86.4375, 86.4375, 86.4297, 86.4297,
        86.4297, 86.4219, 86.4219, 86.4219, 86.4219, 86.4141, 86.4141, 86.4141,
        86.4141, 86.3984, 86.3984, 86.3984, 86.3906, 86.3906, 86.3906, 86.3750,
        86.3750, 86.3750, 86.3672, 86.3672, 86.3672, 86.3594, 86.3594, 86.3594,
        86.3516, 86.3516, 86.3516, 86.3516, 86.3438, 86.3281, 86.3281, 86.3125,
        86.3125, 86.3047, 86.3047, 86.3047, 86.2969, 86.2969, 86.2969, 86.2891,
        86.2812, 86.2734, 86.2734, 86.2656, 86.2656, 86.2578, 86.2422, 86.2344,
        86.2344, 86.2188, 86.2109, 86.2109, 86.2031, 86.1953, 86.1953, 86.1797,
        86.1406, 86.1328, 86.1250, 86.1250, 86.1094, 86.1094, 86.0859, 86.0469,
        86.0469, 86.0391, 86.0391, 86.0391, 86.0312, 86.0156, 86.0156, 86.0078,
        86.0078, 86.0078, 86.0078, 86.0000, 86.0000, 86.0000, 85.9922, 85.9922,
        85.9844, 85.9766, 85.9766, 85.9531, 85.9375, 85.9297, 85.9141, 85.9141,
        85.8281, 85.7969, 85.7734, 85.7734])
[2024-09-20 14:19:37,832][websockets.server][INFO] - server listening on 0.0.0.0:8080
[2024-09-20 14:19:39,766][websockets.server][INFO] - connection open
[2024-09-20 14:19:44,701][root][INFO] - Succeeded to open port: /dev/ttyUSB0
[2024-09-20 14:19:44,702][root][INFO] - Succeeded to set baudrate to 3000000
[2024-09-20 14:19:53,572][websockets.server][INFO] - connection open
[2024-09-20 14:20:11,050][root][ERROR] - > write_byte: [Motor ID: 3] [RxPacketError] Hardware error occurred. Check the error at Control Table (Hardware Error Status)!
[2024-09-20 14:20:11,082][root][ERROR] - > write_byte: [Motor ID: 5] [RxPacketError] Hardware error occurred. Check the error at Control Table (Hardware Error Status)!
[2024-09-20 14:20:11,098][root][ERROR] - > write_byte: [Motor ID: 6] [RxPacketError] Hardware error occurred. Check the error at Control Table (Hardware Error Status)!
[2024-09-20 14:20:11,114][root][ERROR] - > write_byte: [Motor ID: 7] [RxPacketError] Hardware error occurred. Check the error at Control Table (Hardware Error Status)!
[2024-09-20 14:20:11,146][root][ERROR] - > write_byte: [Motor ID: 9] [RxPacketError] Hardware error occurred. Check the error at Control Table (Hardware Error Status)!
[2024-09-20 14:20:11,162][root][ERROR] - > write_byte: [Motor ID: 10] [RxPacketError] Hardware error occurred. Check the error at Control Table (Hardware Error Status)!
[2024-09-20 14:20:11,178][root][ERROR] - > write_byte: [Motor ID: 11] [RxPacketError] Hardware error occurred. Check the error at Control Table (Hardware Error Status)!
[2024-09-20 14:20:11,194][root][ERROR] - > write_byte: [Motor ID: 12] [RxPacketError] Hardware error occurred. Check the error at Control Table (Hardware Error Status)!
[2024-09-20 14:20:11,210][root][ERROR] - > write_byte: [Motor ID: 13] [RxPacketError] Hardware error occurred. Check the error at Control Table (Hardware Error Status)!
[2024-09-20 14:20:11,242][root][ERROR] - > write_byte: [Motor ID: 15] [RxPacketError] Hardware error occurred. Check the error at Control Table (Hardware Error Status)!
[2024-09-20 14:20:11,242][root][ERROR] - Could not set torque disabled for IDs: [3, 5, 6, 7, 9, 10, 11, 12, 13, 15]
