[2024-09-20 14:18:01,742][root][INFO] - self.cfg: 
 lr: 0.0001
c_in: 6
zfar: 'Infinity'
debug: null
n_view: 1
run_id: 3wy8qqex
use_BN: true
exp_name: 2024-01-11-20-02-45
n_epochs: 62
save_dir: /home/bowenw/debug/2024-01-11-20-02-45/
use_mask: false
loss_type: pairwise_valid
optimizer: adam
batch_size: 64
crop_ratio: 1.1
enable_amp: true
use_normal: false
max_num_key: null
warmup_step: -1
input_resize:
- 160
- 160
max_step_val: 1000
vis_interval: 1000
weight_decay: 0
normalize_xyz: true
resume_run_id: null
clip_grad_norm: 'Infinity'
lr_epoch_decay: 500
render_backend: nvdiffrast
train_num_pair: 5
lr_decay_epochs:
- 50
n_epochs_warmup: 1
make_pair_online: false
gradient_max_norm: 'Infinity'
max_step_per_epoch: 10000
n_rendering_workers: 1
save_epoch_interval: 100
n_dataloader_workers: 100
split_objects_across_gpus: true
ckpt_dir: FoundationPose/learning/training/../../weights/2024-01-11-20-02-45/model_best.pth

[2024-09-20 14:18:01,742][root][INFO] - self.h5_file:None
[2024-09-20 14:18:01,950][root][INFO] - Using pretrained model from FoundationPose/learning/training/../../weights/2024-01-11-20-02-45/model_best.pth
[2024-09-20 14:18:02,017][root][INFO] - init done
[2024-09-20 14:18:02,017][root][INFO] - welcome
[2024-09-20 14:18:02,021][root][INFO] - self.cfg: 
 lr: 0.0001
c_in: 6
zfar: .inf
debug: null
w_rot: 0.1
n_view: 1
run_id: null
use_BN: true
rot_rep: axis_angle
ckpt_dir: FoundationPose/learning/training/../../weights/2023-10-28-18-33-37/model_best.pth
exp_name: 2023-10-28-18-33-37
save_dir: /tmp/2023-10-28-18-33-37/
loss_type: l2
optimizer: adam
trans_rep: tracknet
batch_size: 64
crop_ratio: 1.2
use_normal: false
BN_momentum: 0.1
max_num_key: null
warmup_step: -1
input_resize:
- 160
- 160
max_step_val: 1000
normal_uint8: false
vis_interval: 1000
weight_decay: 0
n_max_objects: null
normalize_xyz: true
clip_grad_norm: 'Infinity'
rot_normalizer: 0.3490658503988659
trans_normalizer:
- 0.019999999552965164
- 0.019999999552965164
- 0.05000000074505806
max_step_per_epoch: 25000
val_epoch_interval: 10
n_dataloader_workers: 60
enable_amp: true
use_mask: false

[2024-09-20 14:18:02,021][root][INFO] - self.h5_file:
[2024-09-20 14:18:02,074][root][INFO] - Using pretrained model from FoundationPose/learning/training/../../weights/2023-10-28-18-33-37/model_best.pth
[2024-09-20 14:18:02,098][root][INFO] - init done
[2024-09-20 14:18:04,280][root][INFO] - self.diameter:0.137712368854882, vox_size:0.0068856184427441
[2024-09-20 14:18:04,295][root][INFO] - self.pts:torch.Size([807, 3])
[2024-09-20 14:18:05,271][root][INFO] - reset done
[2024-09-20 14:18:05,272][root][INFO] - cam_in_obs:(42, 4, 4)
[2024-09-20 14:18:05,286][root][INFO] - rot_grid:(252, 4, 4)
[2024-09-20 14:18:05,287][root][INFO] - after cluster, rot_grid:(252, 4, 4)
[2024-09-20 14:18:05,288][root][INFO] - self.rot_grid: torch.Size([252, 4, 4])
[2024-09-20 14:18:13,897][root][INFO] - Welcome
[2024-09-20 14:18:13,912][root][INFO] - poses:(252, 4, 4)
[2024-09-20 14:18:13,925][root][INFO] - after viewpoint, add_errs min:-1.0
[2024-09-20 14:18:13,998][root][INFO] - ob_in_cams:(252, 4, 4)
[2024-09-20 14:18:13,998][root][INFO] - self.cfg.use_normal:False
[2024-09-20 14:18:13,998][root][INFO] - trans_normalizer:[0.019999999552965164, 0.019999999552965164, 0.05000000074505806], rot_normalizer:0.3490658503988659
[2024-09-20 14:18:14,002][root][INFO] - making cropped data
[2024-09-20 14:18:14,002][root][INFO] - Welcome make_crop_data_batch
[2024-09-20 14:18:14,006][root][INFO] - make tf_to_crops done
[2024-09-20 14:18:14,036][root][INFO] - render done
[2024-09-20 14:18:14,042][root][INFO] - warp done
[2024-09-20 14:18:14,047][root][INFO] - pose batch data done
[2024-09-20 14:18:14,047][root][INFO] - forward start
[2024-09-20 14:18:14,177][root][INFO] - forward done
[2024-09-20 14:18:14,189][root][INFO] - making cropped data
[2024-09-20 14:18:14,189][root][INFO] - Welcome make_crop_data_batch
[2024-09-20 14:18:14,190][root][INFO] - make tf_to_crops done
[2024-09-20 14:18:14,210][root][INFO] - render done
[2024-09-20 14:18:14,214][root][INFO] - warp done
[2024-09-20 14:18:14,218][root][INFO] - pose batch data done
[2024-09-20 14:18:14,218][root][INFO] - forward start
[2024-09-20 14:18:14,219][root][INFO] - forward done
[2024-09-20 14:18:14,219][root][INFO] - making cropped data
[2024-09-20 14:18:14,219][root][INFO] - Welcome make_crop_data_batch
[2024-09-20 14:18:14,329][root][INFO] - make tf_to_crops done
[2024-09-20 14:18:14,350][root][INFO] - render done
[2024-09-20 14:18:14,355][root][INFO] - warp done
[2024-09-20 14:18:14,357][root][INFO] - pose batch data done
[2024-09-20 14:18:14,357][root][INFO] - forward start
[2024-09-20 14:18:14,359][root][INFO] - forward done
[2024-09-20 14:18:14,359][root][INFO] - making cropped data
[2024-09-20 14:18:14,359][root][INFO] - Welcome make_crop_data_batch
[2024-09-20 14:18:14,469][root][INFO] - make tf_to_crops done
[2024-09-20 14:18:14,490][root][INFO] - render done
[2024-09-20 14:18:14,493][root][INFO] - warp done
[2024-09-20 14:18:14,496][root][INFO] - pose batch data done
[2024-09-20 14:18:14,496][root][INFO] - forward start
[2024-09-20 14:18:14,498][root][INFO] - forward done
[2024-09-20 14:18:14,498][root][INFO] - making cropped data
[2024-09-20 14:18:14,498][root][INFO] - Welcome make_crop_data_batch
[2024-09-20 14:18:14,609][root][INFO] - make tf_to_crops done
[2024-09-20 14:18:14,631][root][INFO] - render done
[2024-09-20 14:18:14,636][root][INFO] - warp done
[2024-09-20 14:18:14,639][root][INFO] - pose batch data done
[2024-09-20 14:18:14,639][root][INFO] - forward start
[2024-09-20 14:18:14,640][root][INFO] - forward done
[2024-09-20 14:18:14,766][root][INFO] - ob_in_cams:(252, 4, 4)
[2024-09-20 14:18:14,766][root][INFO] - self.cfg.use_normal:False
[2024-09-20 14:18:14,766][root][INFO] - making cropped data
[2024-09-20 14:18:14,775][root][INFO] - Welcome make_crop_data_batch
[2024-09-20 14:18:14,776][root][INFO] - make tf_to_crops done
[2024-09-20 14:18:14,794][root][INFO] - render done
[2024-09-20 14:18:14,936][root][INFO] - pose batch data done
[2024-09-20 14:18:14,936][root][INFO] - pose_data.rgbAs.shape[0]: 252
[2024-09-20 14:18:15,041][root][INFO] - forward done
[2024-09-20 14:18:15,059][root][INFO] - final, add_errs min:-1.0
[2024-09-20 14:18:15,068][root][INFO] - sort ids:tensor([ 55, 146, 169, 187,   7,   8,  73, 103, 104, 133, 145, 170, 188, 193,
         74,  98,  32,  31, 100,  34, 207,  16,  99, 231,  88,   6,  15, 244,
        106,  33, 245,   4, 132, 222,  53,  71, 116,  76,  14,  56, 198, 206,
        126, 150, 105, 161,  63,  39,  42, 189,   0, 156, 203, 249, 120, 197,
        122,  72,  80, 178,  37,  87, 208, 212,  20, 107, 168,  77, 123, 215,
        218, 118, 141,  23, 139, 166, 176,  22,  81, 121, 175, 219, 112,  11,
         94,  19,  38, 102, 131, 151, 152, 194, 228, 251,  40,  57,  83,  95,
         50,  62,  65,  82, 117, 125, 190,  24,  28,  36, 129, 179, 185, 195,
        214, 224, 227, 237,   5,  45,  61,  75, 154, 155, 158, 160, 174, 181,
        199, 239,   3,  12,  25,  49,  78,  84,  91,  96,  29,  52,  60,  86,
         90, 109, 137, 177, 180, 191, 196,  30,  43,  64, 148, 149, 163, 171,
        221, 230,  26,  27,  35,  67,  89, 241, 247,   1,   9,  18,  44,  58,
         68, 101, 110, 127, 128, 134, 136, 138, 140, 142, 143, 147, 172, 201,
        210, 211, 217, 235, 248,  10,  97, 111, 119, 144, 157, 173, 229, 233,
        236,   2,  17,  41,  92, 108, 135, 182, 186, 200, 223, 226, 232,  59,
         70,  85,  93, 124, 183, 205, 234,  13,  47,  51,  79, 113, 115, 153,
        165, 184, 209, 240, 242,  66, 114, 159, 162, 164, 216, 225, 243,  21,
        204, 238, 167,  69, 202, 246,  54, 213, 250, 220,  46,  48, 192, 130])
[2024-09-20 14:18:15,072][root][INFO] - sorted scores:tensor([112.6484, 112.6484, 112.6484, 112.6484, 112.6406, 112.6406, 112.6406,
        112.6406, 112.6406, 112.6406, 112.6406, 112.6406, 112.6328, 112.6328,
        112.6172, 112.6094, 112.5781, 112.5625, 112.2500, 112.2344, 112.2344,
        112.1953, 112.1875, 112.1875, 112.1562, 112.1484, 112.1406, 112.1406,
        112.1016, 112.0938, 112.0859, 112.0703, 112.0703, 112.0234, 112.0156,
        112.0078, 112.0000, 111.9922, 111.9844, 111.9531, 111.9453, 111.9297,
        111.9141, 111.9062, 111.8906, 111.8906, 111.8750, 111.8125, 111.7969,
        111.7891, 111.7656, 111.7656, 111.7656, 111.7656, 111.7578, 111.7500,
        111.7422, 111.7344, 111.7266, 111.7266, 111.7109, 111.7109, 111.7109,
        111.7109, 111.7031, 111.7031, 111.7031, 111.6953, 111.6953, 111.6953,
        111.6875, 111.6797, 111.6797, 111.6719, 111.6641, 111.6641, 111.6641,
        111.6562, 111.6562, 111.6562, 111.6562, 111.6562, 111.6484, 111.6406,
        111.6406, 111.6328, 111.6328, 111.6328, 111.6328, 111.6328, 111.6328,
        111.6328, 111.6328, 111.6328, 111.6250, 111.6250, 111.6250, 111.6250,
        111.6172, 111.6172, 111.6172, 111.6172, 111.6172, 111.6172, 111.6172,
        111.6094, 111.6094, 111.6094, 111.6094, 111.6094, 111.6094, 111.6094,
        111.6094, 111.6094, 111.6094, 111.6094, 111.6016, 111.6016, 111.6016,
        111.6016, 111.6016, 111.6016, 111.6016, 111.6016, 111.6016, 111.6016,
        111.6016, 111.6016, 111.5938, 111.5938, 111.5938, 111.5938, 111.5938,
        111.5938, 111.5938, 111.5938, 111.5859, 111.5859, 111.5859, 111.5859,
        111.5859, 111.5859, 111.5859, 111.5859, 111.5859, 111.5859, 111.5859,
        111.5781, 111.5781, 111.5781, 111.5781, 111.5781, 111.5781, 111.5781,
        111.5781, 111.5781, 111.5703, 111.5703, 111.5703, 111.5703, 111.5703,
        111.5703, 111.5703, 111.5625, 111.5625, 111.5625, 111.5625, 111.5625,
        111.5625, 111.5625, 111.5625, 111.5625, 111.5625, 111.5625, 111.5625,
        111.5625, 111.5625, 111.5625, 111.5625, 111.5625, 111.5625, 111.5625,
        111.5625, 111.5625, 111.5625, 111.5625, 111.5625, 111.5547, 111.5547,
        111.5547, 111.5547, 111.5547, 111.5547, 111.5547, 111.5547, 111.5547,
        111.5547, 111.5469, 111.5469, 111.5469, 111.5469, 111.5469, 111.5469,
        111.5469, 111.5469, 111.5469, 111.5469, 111.5469, 111.5469, 111.5391,
        111.5391, 111.5391, 111.5391, 111.5391, 111.5391, 111.5391, 111.5391,
        111.5312, 111.5312, 111.5312, 111.5312, 111.5312, 111.5312, 111.5312,
        111.5312, 111.5312, 111.5312, 111.5312, 111.5312, 111.5234, 111.5234,
        111.5234, 111.5234, 111.5234, 111.5234, 111.5234, 111.5234, 111.5156,
        111.5156, 111.5156, 111.5078, 111.5000, 111.5000, 111.4922, 111.4844,
        111.4844, 111.4844, 111.4766, 111.4688, 111.4688, 111.4609, 111.4531])
[2024-09-20 14:18:19,701][websockets.server][INFO] - server listening on 0.0.0.0:8080
[2024-09-20 14:18:22,842][websockets.server][INFO] - connection open
[2024-09-20 14:18:28,032][root][INFO] - Succeeded to open port: /dev/ttyUSB0
[2024-09-20 14:18:28,032][root][INFO] - Succeeded to set baudrate to 3000000
[2024-09-20 14:18:38,821][websockets.server][INFO] - connection open
