[2024-10-25 11:17:18,955][websockets.server][INFO] - server listening on 0.0.0.0:8080
[2024-10-25 11:17:19,204][root][INFO] - self.cfg: 
 lr: 0.0001
c_in: 6
zfar: 'Infinity'
debug: null
n_view: 1
run_id: 3wy8qqex
use_BN: true
exp_name: 2024-01-11-20-02-45
n_epochs: 62
save_dir: /home/bowenw/debug/2024-01-11-20-02-45/
use_mask: false
loss_type: pairwise_valid
optimizer: adam
batch_size: 64
crop_ratio: 1.1
enable_amp: true
use_normal: false
max_num_key: null
warmup_step: -1
input_resize:
- 160
- 160
max_step_val: 1000
vis_interval: 1000
weight_decay: 0
normalize_xyz: true
resume_run_id: null
clip_grad_norm: 'Infinity'
lr_epoch_decay: 500
render_backend: nvdiffrast
train_num_pair: 5
lr_decay_epochs:
- 50
n_epochs_warmup: 1
make_pair_online: false
gradient_max_norm: 'Infinity'
max_step_per_epoch: 10000
n_rendering_workers: 1
save_epoch_interval: 100
n_dataloader_workers: 100
split_objects_across_gpus: true
ckpt_dir: /home/shaol/gjx/rw/third_party/FoundationPose/learning/training/../../weights/2024-01-11-20-02-45/model_best.pth

[2024-10-25 11:17:19,204][root][INFO] - self.h5_file:None
[2024-10-25 11:17:19,348][root][INFO] - Using pretrained model from /home/shaol/gjx/rw/third_party/FoundationPose/learning/training/../../weights/2024-01-11-20-02-45/model_best.pth
[2024-10-25 11:17:19,412][root][INFO] - init done
[2024-10-25 11:17:19,412][root][INFO] - welcome
[2024-10-25 11:17:19,416][root][INFO] - self.cfg: 
 lr: 0.0001
c_in: 6
zfar: .inf
debug: null
w_rot: 0.1
n_view: 1
run_id: null
use_BN: true
rot_rep: axis_angle
ckpt_dir: /home/shaol/gjx/rw/third_party/FoundationPose/learning/training/../../weights/2023-10-28-18-33-37/model_best.pth
exp_name: 2023-10-28-18-33-37
save_dir: /tmp/2023-10-28-18-33-37/
loss_type: l2
optimizer: adam
trans_rep: tracknet
batch_size: 64
crop_ratio: 1.2
use_normal: false
BN_momentum: 0.1
max_num_key: null
warmup_step: -1
input_resize:
- 160
- 160
max_step_val: 1000
normal_uint8: false
vis_interval: 1000
weight_decay: 0
n_max_objects: null
normalize_xyz: true
clip_grad_norm: 'Infinity'
rot_normalizer: 0.3490658503988659
trans_normalizer:
- 0.019999999552965164
- 0.019999999552965164
- 0.05000000074505806
max_step_per_epoch: 25000
val_epoch_interval: 10
n_dataloader_workers: 60
enable_amp: true
use_mask: false

[2024-10-25 11:17:19,416][root][INFO] - self.h5_file:
[2024-10-25 11:17:19,460][root][INFO] - Using pretrained model from /home/shaol/gjx/rw/third_party/FoundationPose/learning/training/../../weights/2023-10-28-18-33-37/model_best.pth
[2024-10-25 11:17:19,481][root][INFO] - init done
[2024-10-25 11:17:21,757][root][INFO] - self.diameter:0.11847753403326647, vox_size:0.005923876701663324
[2024-10-25 11:17:21,771][root][INFO] - self.pts:torch.Size([933, 3])
[2024-10-25 11:17:22,613][root][INFO] - reset done
[2024-10-25 11:17:22,613][root][INFO] - cam_in_obs:(42, 4, 4)
[2024-10-25 11:17:22,615][root][INFO] - rot_grid:(252, 4, 4)
[2024-10-25 11:17:22,616][root][INFO] - after cluster, rot_grid:(252, 4, 4)
[2024-10-25 11:17:22,616][root][INFO] - self.rot_grid: torch.Size([252, 4, 4])
[2024-10-25 11:17:22,826][websockets.server][INFO] - connection open
[2024-10-25 11:17:31,691][root][INFO] - Welcome
[2024-10-25 11:17:31,713][root][INFO] - poses:(252, 4, 4)
[2024-10-25 11:17:31,725][root][INFO] - after viewpoint, add_errs min:-1.0
[2024-10-25 11:17:31,760][root][INFO] - ob_in_cams:(252, 4, 4)
[2024-10-25 11:17:31,760][root][INFO] - self.cfg.use_normal:False
[2024-10-25 11:17:31,761][root][INFO] - trans_normalizer:[0.019999999552965164, 0.019999999552965164, 0.05000000074505806], rot_normalizer:0.3490658503988659
[2024-10-25 11:17:31,792][root][INFO] - making cropped data
[2024-10-25 11:17:31,792][root][INFO] - Welcome make_crop_data_batch
[2024-10-25 11:17:31,795][root][INFO] - make tf_to_crops done
[2024-10-25 11:17:31,825][root][INFO] - render done
[2024-10-25 11:17:31,831][root][INFO] - warp done
[2024-10-25 11:17:31,836][root][INFO] - pose batch data done
[2024-10-25 11:17:31,836][root][INFO] - forward start
[2024-10-25 11:17:31,957][root][INFO] - forward done
[2024-10-25 11:17:31,968][root][INFO] - making cropped data
[2024-10-25 11:17:31,968][root][INFO] - Welcome make_crop_data_batch
[2024-10-25 11:17:31,969][root][INFO] - make tf_to_crops done
[2024-10-25 11:17:31,990][root][INFO] - render done
[2024-10-25 11:17:31,994][root][INFO] - warp done
[2024-10-25 11:17:31,997][root][INFO] - pose batch data done
[2024-10-25 11:17:31,997][root][INFO] - forward start
[2024-10-25 11:17:31,998][root][INFO] - forward done
[2024-10-25 11:17:31,999][root][INFO] - making cropped data
[2024-10-25 11:17:31,999][root][INFO] - Welcome make_crop_data_batch
[2024-10-25 11:17:32,095][root][INFO] - make tf_to_crops done
[2024-10-25 11:17:32,117][root][INFO] - render done
[2024-10-25 11:17:32,120][root][INFO] - warp done
[2024-10-25 11:17:32,123][root][INFO] - pose batch data done
[2024-10-25 11:17:32,123][root][INFO] - forward start
[2024-10-25 11:17:32,124][root][INFO] - forward done
[2024-10-25 11:17:32,124][root][INFO] - making cropped data
[2024-10-25 11:17:32,125][root][INFO] - Welcome make_crop_data_batch
[2024-10-25 11:17:32,219][root][INFO] - make tf_to_crops done
[2024-10-25 11:17:32,240][root][INFO] - render done
[2024-10-25 11:17:32,243][root][INFO] - warp done
[2024-10-25 11:17:32,246][root][INFO] - pose batch data done
[2024-10-25 11:17:32,246][root][INFO] - forward start
[2024-10-25 11:17:32,247][root][INFO] - forward done
[2024-10-25 11:17:32,247][root][INFO] - making cropped data
[2024-10-25 11:17:32,247][root][INFO] - Welcome make_crop_data_batch
[2024-10-25 11:17:32,341][root][INFO] - make tf_to_crops done
[2024-10-25 11:17:32,362][root][INFO] - render done
[2024-10-25 11:17:32,366][root][INFO] - warp done
[2024-10-25 11:17:32,369][root][INFO] - pose batch data done
[2024-10-25 11:17:32,369][root][INFO] - forward start
[2024-10-25 11:17:32,370][root][INFO] - forward done
[2024-10-25 11:17:32,479][root][INFO] - ob_in_cams:(252, 4, 4)
[2024-10-25 11:17:32,479][root][INFO] - self.cfg.use_normal:False
[2024-10-25 11:17:32,479][root][INFO] - making cropped data
[2024-10-25 11:17:32,487][root][INFO] - Welcome make_crop_data_batch
[2024-10-25 11:17:32,487][root][INFO] - make tf_to_crops done
[2024-10-25 11:17:32,507][root][INFO] - render done
[2024-10-25 11:17:32,630][root][INFO] - pose batch data done
[2024-10-25 11:17:32,630][root][INFO] - pose_data.rgbAs.shape[0]: 252
[2024-10-25 11:17:32,721][root][INFO] - forward done
[2024-10-25 11:17:32,739][root][INFO] - final, add_errs min:-1.0
[2024-10-25 11:17:32,748][root][INFO] - sort ids:tensor([ 11, 137, 202, 203, 227,   5,  10,  47,  77, 101, 107, 131, 108,  16,
         20, 178,  28,  41,  80,  81,  82,  83,  85,  93,  94, 116, 119, 122,
        125, 206, 229,  12,  18,  21,  22,  23,  27,  78,  88,  92, 120, 123,
        154, 155, 179, 184, 236,  13,  15,  17,  26,  79,  84,  89,  90,  91,
         95, 114, 115, 121, 124, 134, 205, 211,  36,  73,  86,  87, 106, 118,
          2,  19,  74, 128, 146, 161, 169, 230,   9,  14,  32,  98, 103, 117,
        127, 133, 145, 226,   4,   7,   8,  75,  97, 104, 135, 170,   1,   3,
         33,  76,  99, 100, 130, 136, 163, 188, 221, 244,   0,   6,  34,  43,
         72, 105, 129,  96, 102, 126, 132,  39,  42, 138, 187, 220, 110, 245,
        148, 140, 190, 177, 183, 180, 173, 240, 225, 237, 238, 167, 234, 242,
         51,  38, 113,  35,  37,  57,  44,  61,  25,  67, 147, 209, 152, 231,
         29,  64,  24,  46, 182, 235, 165, 195, 196, 212, 153, 158, 186, 210,
        249, 251,  52,  58,  65,  69, 162, 164, 232, 246,  59, 185, 201, 241,
        109, 141, 144, 217,  45,  68, 157, 174, 200, 215, 160,  31,  49, 171,
        219, 222, 243,  40, 139, 207, 213, 250,  48,  55, 143, 150, 176, 193,
        204, 208, 224, 142, 149, 199, 111, 216,  63, 168,  54, 112, 233,  66,
        172, 189, 191, 223, 248, 156, 166, 175,  71,  30,  60, 192, 198, 218,
         56,  70,  50,  62, 151, 159, 247, 214, 228, 197, 239,  53, 181, 194])
[2024-10-25 11:17:32,752][root][INFO] - sorted scores:tensor([83.0469, 83.0469, 83.0469, 83.0469, 83.0469, 83.0312, 83.0312, 83.0312,
        83.0312, 83.0312, 83.0312, 83.0312, 82.8750, 82.8594, 82.8594, 82.8594,
        82.8438, 82.8438, 82.8438, 82.8438, 82.8438, 82.8438, 82.8438, 82.8438,
        82.8438, 82.8438, 82.8438, 82.8438, 82.8438, 82.8438, 82.8438, 82.8281,
        82.8281, 82.8281, 82.8281, 82.8281, 82.8281, 82.8281, 82.8281, 82.8281,
        82.8281, 82.8281, 82.8281, 82.8281, 82.8281, 82.8281, 82.8281, 82.8125,
        82.8125, 82.8125, 82.8125, 82.8125, 82.8125, 82.8125, 82.8125, 82.8125,
        82.8125, 82.8125, 82.8125, 82.8125, 82.8125, 82.8125, 82.8125, 82.8125,
        82.7969, 82.7969, 82.7969, 82.7969, 82.7969, 82.7969, 82.7812, 82.7812,
        82.7812, 82.7812, 82.7812, 82.7812, 82.7812, 82.7812, 82.7656, 82.7656,
        82.7656, 82.7656, 82.7656, 82.7656, 82.7656, 82.7656, 82.7656, 82.7656,
        82.7500, 82.7500, 82.7500, 82.7500, 82.7500, 82.7500, 82.7500, 82.7500,
        82.7344, 82.7344, 82.7344, 82.7344, 82.7344, 82.7344, 82.7344, 82.7344,
        82.7344, 82.7344, 82.7344, 82.7344, 82.7188, 82.7188, 82.7188, 82.7188,
        82.7188, 82.7188, 82.7188, 82.7031, 82.7031, 82.7031, 82.7031, 82.6875,
        82.6875, 82.6875, 82.4219, 82.3906, 82.2656, 82.2500, 82.2344, 82.2188,
        82.2031, 82.1875, 82.1875, 82.1719, 82.1562, 82.1562, 82.1406, 82.1406,
        82.1406, 82.1250, 82.1094, 82.0938, 82.0781, 82.0625, 82.0469, 82.0312,
        82.0312, 82.0156, 82.0000, 82.0000, 81.9844, 81.9844, 81.9844, 81.9844,
        81.9531, 81.9531, 81.9375, 81.9375, 81.9219, 81.9219, 81.9219, 81.9062,
        81.8906, 81.8906, 81.8906, 81.8906, 81.8750, 81.8750, 81.8750, 81.8750,
        81.8750, 81.8750, 81.8594, 81.8594, 81.8594, 81.8594, 81.8594, 81.8594,
        81.8594, 81.8594, 81.8438, 81.8438, 81.8438, 81.8281, 81.8125, 81.8125,
        81.8125, 81.8125, 81.7969, 81.7969, 81.7969, 81.7969, 81.7969, 81.7969,
        81.7812, 81.7656, 81.7656, 81.7656, 81.7656, 81.7656, 81.7656, 81.7344,
        81.7188, 81.7188, 81.7188, 81.7188, 81.7031, 81.7031, 81.7031, 81.7031,
        81.7031, 81.7031, 81.7031, 81.7031, 81.7031, 81.6875, 81.6875, 81.6875,
        81.6719, 81.6719, 81.6562, 81.6562, 81.6406, 81.6406, 81.6406, 81.6250,
        81.6250, 81.6250, 81.6250, 81.6250, 81.6250, 81.6094, 81.6094, 81.6094,
        81.5938, 81.5781, 81.5781, 81.5781, 81.5781, 81.5781, 81.5625, 81.5625,
        81.5469, 81.5469, 81.5469, 81.5469, 81.5469, 81.5312, 81.5312, 81.5156,
        81.5156, 81.5000, 81.5000, 81.5000])
