[2024-10-11 10:16:08,079][websockets.server][INFO] - server listening on 0.0.0.0:8080
[2024-10-11 10:16:08,277][root][INFO] - self.cfg: 
 lr: 0.0001
c_in: 6
zfar: 'Infinity'
debug: null
n_view: 1
run_id: 3wy8qqex
use_BN: true
exp_name: 2024-01-11-20-02-45
n_epochs: 62
save_dir: /home/bowenw/debug/2024-01-11-20-02-45/
use_mask: false
loss_type: pairwise_valid
optimizer: adam
batch_size: 64
crop_ratio: 1.1
enable_amp: true
use_normal: false
max_num_key: null
warmup_step: -1
input_resize:
- 160
- 160
max_step_val: 1000
vis_interval: 1000
weight_decay: 0
normalize_xyz: true
resume_run_id: null
clip_grad_norm: 'Infinity'
lr_epoch_decay: 500
render_backend: nvdiffrast
train_num_pair: 5
lr_decay_epochs:
- 50
n_epochs_warmup: 1
make_pair_online: false
gradient_max_norm: 'Infinity'
max_step_per_epoch: 10000
n_rendering_workers: 1
save_epoch_interval: 100
n_dataloader_workers: 100
split_objects_across_gpus: true
ckpt_dir: FoundationPose/learning/training/../../weights/2024-01-11-20-02-45/model_best.pth

[2024-10-11 10:16:08,277][root][INFO] - self.h5_file:None
[2024-10-11 10:16:08,438][root][INFO] - Using pretrained model from FoundationPose/learning/training/../../weights/2024-01-11-20-02-45/model_best.pth
[2024-10-11 10:16:08,501][root][INFO] - init done
[2024-10-11 10:16:08,501][root][INFO] - welcome
[2024-10-11 10:16:08,505][root][INFO] - self.cfg: 
 lr: 0.0001
c_in: 6
zfar: .inf
debug: null
w_rot: 0.1
n_view: 1
run_id: null
use_BN: true
rot_rep: axis_angle
ckpt_dir: FoundationPose/learning/training/../../weights/2023-10-28-18-33-37/model_best.pth
exp_name: 2023-10-28-18-33-37
save_dir: /tmp/2023-10-28-18-33-37/
loss_type: l2
optimizer: adam
trans_rep: tracknet
batch_size: 64
crop_ratio: 1.2
use_normal: false
BN_momentum: 0.1
max_num_key: null
warmup_step: -1
input_resize:
- 160
- 160
max_step_val: 1000
normal_uint8: false
vis_interval: 1000
weight_decay: 0
n_max_objects: null
normalize_xyz: true
clip_grad_norm: 'Infinity'
rot_normalizer: 0.3490658503988659
trans_normalizer:
- 0.019999999552965164
- 0.019999999552965164
- 0.05000000074505806
max_step_per_epoch: 25000
val_epoch_interval: 10
n_dataloader_workers: 60
enable_amp: true
use_mask: false

[2024-10-11 10:16:08,505][root][INFO] - self.h5_file:
[2024-10-11 10:16:08,552][root][INFO] - Using pretrained model from FoundationPose/learning/training/../../weights/2023-10-28-18-33-37/model_best.pth
[2024-10-11 10:16:08,574][root][INFO] - init done
[2024-10-11 10:16:10,028][websockets.server][INFO] - connection open
[2024-10-11 10:16:10,778][root][INFO] - self.diameter:0.2324774443430137, vox_size:0.011623872217150685
[2024-10-11 10:16:10,793][root][INFO] - self.pts:torch.Size([385, 3])
[2024-10-11 10:16:11,606][root][INFO] - reset done
[2024-10-11 10:16:11,607][root][INFO] - cam_in_obs:(42, 4, 4)
[2024-10-11 10:16:11,608][root][INFO] - rot_grid:(252, 4, 4)
[2024-10-11 10:16:11,609][root][INFO] - after cluster, rot_grid:(252, 4, 4)
[2024-10-11 10:16:11,609][root][INFO] - self.rot_grid: torch.Size([252, 4, 4])
[2024-10-11 10:16:19,355][root][INFO] - Welcome
[2024-10-11 10:16:19,369][root][INFO] - poses:(252, 4, 4)
[2024-10-11 10:16:19,379][root][INFO] - after viewpoint, add_errs min:-1.0
[2024-10-11 10:16:19,442][root][INFO] - ob_in_cams:(252, 4, 4)
[2024-10-11 10:16:19,446][root][INFO] - self.cfg.use_normal:False
[2024-10-11 10:16:19,446][root][INFO] - trans_normalizer:[0.019999999552965164, 0.019999999552965164, 0.05000000074505806], rot_normalizer:0.3490658503988659
[2024-10-11 10:16:19,456][root][INFO] - making cropped data
[2024-10-11 10:16:19,456][root][INFO] - Welcome make_crop_data_batch
[2024-10-11 10:16:19,461][root][INFO] - make tf_to_crops done
[2024-10-11 10:16:19,490][root][INFO] - render done
[2024-10-11 10:16:19,496][root][INFO] - warp done
[2024-10-11 10:16:19,500][root][INFO] - pose batch data done
[2024-10-11 10:16:19,501][root][INFO] - forward start
[2024-10-11 10:16:19,617][root][INFO] - forward done
[2024-10-11 10:16:19,629][root][INFO] - making cropped data
[2024-10-11 10:16:19,629][root][INFO] - Welcome make_crop_data_batch
[2024-10-11 10:16:19,629][root][INFO] - make tf_to_crops done
[2024-10-11 10:16:19,647][root][INFO] - render done
[2024-10-11 10:16:19,650][root][INFO] - warp done
[2024-10-11 10:16:19,653][root][INFO] - pose batch data done
[2024-10-11 10:16:19,654][root][INFO] - forward start
[2024-10-11 10:16:19,655][root][INFO] - forward done
[2024-10-11 10:16:19,655][root][INFO] - making cropped data
[2024-10-11 10:16:19,655][root][INFO] - Welcome make_crop_data_batch
[2024-10-11 10:16:19,757][root][INFO] - make tf_to_crops done
[2024-10-11 10:16:19,775][root][INFO] - render done
[2024-10-11 10:16:19,778][root][INFO] - warp done
[2024-10-11 10:16:19,781][root][INFO] - pose batch data done
[2024-10-11 10:16:19,781][root][INFO] - forward start
[2024-10-11 10:16:19,782][root][INFO] - forward done
[2024-10-11 10:16:19,782][root][INFO] - making cropped data
[2024-10-11 10:16:19,782][root][INFO] - Welcome make_crop_data_batch
[2024-10-11 10:16:19,883][root][INFO] - make tf_to_crops done
[2024-10-11 10:16:19,901][root][INFO] - render done
[2024-10-11 10:16:19,905][root][INFO] - warp done
[2024-10-11 10:16:19,908][root][INFO] - pose batch data done
[2024-10-11 10:16:19,908][root][INFO] - forward start
[2024-10-11 10:16:19,909][root][INFO] - forward done
[2024-10-11 10:16:19,910][root][INFO] - making cropped data
[2024-10-11 10:16:19,910][root][INFO] - Welcome make_crop_data_batch
[2024-10-11 10:16:20,010][root][INFO] - make tf_to_crops done
[2024-10-11 10:16:20,028][root][INFO] - render done
[2024-10-11 10:16:20,031][root][INFO] - warp done
[2024-10-11 10:16:20,033][root][INFO] - pose batch data done
[2024-10-11 10:16:20,033][root][INFO] - forward start
[2024-10-11 10:16:20,035][root][INFO] - forward done
[2024-10-11 10:16:20,151][root][INFO] - ob_in_cams:(252, 4, 4)
[2024-10-11 10:16:20,152][root][INFO] - self.cfg.use_normal:False
[2024-10-11 10:16:20,152][root][INFO] - making cropped data
[2024-10-11 10:16:20,159][root][INFO] - Welcome make_crop_data_batch
[2024-10-11 10:16:20,160][root][INFO] - make tf_to_crops done
[2024-10-11 10:16:20,177][root][INFO] - render done
[2024-10-11 10:16:20,308][root][INFO] - pose batch data done
[2024-10-11 10:16:20,308][root][INFO] - pose_data.rgbAs.shape[0]: 252
[2024-10-11 10:16:20,407][root][INFO] - forward done
[2024-10-11 10:16:20,424][root][INFO] - final, add_errs min:-1.0
[2024-10-11 10:16:20,434][root][INFO] - sort ids:tensor([ 11, 106, 107, 137, 220, 101, 130, 202, 203,  76,  77, 131, 227,   4,
          5,  47,  10, 245,  50,  74,   1,  73, 103, 127, 134, 146, 194,  32,
        104, 133, 145, 170,   7,   8,  43,  55, 136, 169,   2, 164, 187, 188,
         64, 161,  22, 155,  23, 125, 154,  82,  83,  70,  95, 179,  52, 132,
        160, 178, 185, 196,  94,  41,  53,  59, 224, 197, 200,   9,  68,  67,
         62, 105, 198, 230, 235, 248,  13,  75,  79, 115, 116, 212,  99, 189,
        206, 229,  80,  86, 205, 243,  14,  26,  58, 121, 162, 126, 244, 226,
        221,  61,  72, 171, 100,   0,  33,  34, 223, 147,  42,  28, 247, 138,
        163, 216,  97,  15,  98,  37, 111, 222,  89, 128,  93, 250,  81,  87,
        237, 184, 150,  27, 108, 118, 119, 129, 231, 110,  88, 124, 191,  17,
        183, 210,  18, 141, 156, 144,  78, 114,  36,  16,  45, 109,  29, 211,
        120,   6, 113, 142, 102, 236,  96,  20,  31,  49,   3, 201,  92, 122,
        217,  44, 186, 251,  38,  12,  19,  91, 135,  35,  85, 151, 175,  71,
        228,  21, 176, 199, 207, 139, 152, 177, 204, 232, 233, 117, 153,  40,
         84, 193, 241,  25,  90, 239, 123,  24, 182, 208, 209,  39, 157, 143,
        238, 168, 181, 234, 225, 158,  56, 112, 180, 213, 215,  46, 159, 242,
        174, 214, 219,  65,  30, 190, 148, 172, 218, 173, 149, 166, 165, 167,
        140, 240, 246, 249,  48,  60,  51, 195,  69,  57, 192,  66,  54,  63])
[2024-10-11 10:16:20,437][root][INFO] - sorted scores:tensor([94.1211, 94.1211, 94.1211, 94.1211, 94.1211, 94.1172, 94.1172, 94.1172,
        94.1172, 94.1133, 94.1133, 94.1133, 94.1133, 94.1094, 94.1094, 94.1094,
        94.1055, 94.0977, 94.0000, 93.9961, 93.9922, 93.9922, 93.9922, 93.9922,
        93.9922, 93.9922, 93.9922, 93.9883, 93.9883, 93.9883, 93.9883, 93.9883,
        93.9844, 93.9844, 93.9844, 93.9844, 93.9844, 93.9844, 93.9805, 93.9805,
        93.9766, 93.9297, 93.9219, 93.8633, 93.8594, 93.8555, 93.8516, 93.8516,
        93.8516, 93.8477, 93.8477, 93.8438, 93.8438, 93.8438, 93.8359, 93.8359,
        93.8359, 93.8359, 93.8359, 93.8359, 93.8281, 93.8203, 93.8203, 93.8164,
        93.8047, 93.8008, 93.7930, 93.7148, 93.7148, 93.7070, 93.7031, 93.6992,
        93.6992, 93.6992, 93.6992, 93.6992, 93.6953, 93.6953, 93.6953, 93.6953,
        93.6953, 93.6953, 93.6914, 93.6914, 93.6914, 93.6914, 93.6875, 93.6875,
        93.6875, 93.6836, 93.6797, 93.6797, 93.6797, 93.6797, 93.6797, 93.6758,
        93.6719, 93.6680, 93.6562, 93.6523, 93.6523, 93.6523, 93.6484, 93.6367,
        93.6367, 93.6367, 93.6367, 93.6289, 93.6211, 93.6172, 93.6016, 93.5977,
        93.5938, 93.5938, 93.5664, 93.5508, 93.5391, 93.5312, 93.5000, 93.4922,
        93.4805, 93.4727, 93.4688, 93.4688, 93.4609, 93.4609, 93.4609, 93.4570,
        93.4531, 93.4453, 93.4414, 93.4414, 93.4414, 93.4375, 93.4375, 93.4336,
        93.4258, 93.4258, 93.4258, 93.4219, 93.4219, 93.4180, 93.4141, 93.4141,
        93.4141, 93.4062, 93.4023, 93.4023, 93.3984, 93.3945, 93.3867, 93.3867,
        93.3828, 93.3828, 93.3750, 93.3672, 93.3594, 93.3594, 93.3555, 93.3438,
        93.3359, 93.3281, 93.3281, 93.3281, 93.3242, 93.3203, 93.3047, 93.3047,
        93.3047, 93.3008, 93.3008, 93.3008, 93.2969, 93.2930, 93.2891, 93.2773,
        93.2695, 93.2617, 93.2617, 93.2617, 93.2617, 93.2461, 93.2422, 93.2383,
        93.2383, 93.2383, 93.2383, 93.2305, 93.2266, 93.2266, 93.2266, 93.2266,
        93.2188, 93.2070, 93.2070, 93.2031, 93.1953, 93.1914, 93.1875, 93.1836,
        93.1797, 93.1797, 93.1758, 93.1680, 93.1641, 93.1641, 93.1602, 93.1406,
        93.1406, 93.1289, 93.1289, 93.1211, 93.1172, 93.1133, 93.1094, 93.1016,
        93.0859, 93.0859, 93.0781, 93.0703, 93.0586, 93.0547, 93.0469, 93.0430,
        93.0312, 93.0234, 93.0234, 93.0156, 93.0039, 92.9883, 92.9844, 92.9844,
        92.9844, 92.9805, 92.9688, 92.9570, 92.9492, 92.9453, 92.9141, 92.9102,
        92.7930, 92.7773, 92.7227, 92.6914, 92.6797, 92.6523, 92.6367, 92.6172,
        92.6016, 92.5938, 92.5820, 92.5820])
