[2024-09-19 20:04:40,131][root][INFO] - self.cfg: 
 lr: 0.0001
c_in: 6
zfar: 'Infinity'
debug: null
n_view: 1
run_id: 3wy8qqex
use_BN: true
exp_name: 2024-01-11-20-02-45
n_epochs: 62
save_dir: /home/bowenw/debug/2024-01-11-20-02-45/
use_mask: false
loss_type: pairwise_valid
optimizer: adam
batch_size: 64
crop_ratio: 1.1
enable_amp: true
use_normal: false
max_num_key: null
warmup_step: -1
input_resize:
- 160
- 160
max_step_val: 1000
vis_interval: 1000
weight_decay: 0
normalize_xyz: true
resume_run_id: null
clip_grad_norm: 'Infinity'
lr_epoch_decay: 500
render_backend: nvdiffrast
train_num_pair: 5
lr_decay_epochs:
- 50
n_epochs_warmup: 1
make_pair_online: false
gradient_max_norm: 'Infinity'
max_step_per_epoch: 10000
n_rendering_workers: 1
save_epoch_interval: 100
n_dataloader_workers: 100
split_objects_across_gpus: true
ckpt_dir: FoundationPose/learning/training/../../weights/2024-01-11-20-02-45/model_best.pth

[2024-09-19 20:04:40,131][root][INFO] - self.h5_file:None
[2024-09-19 20:04:40,312][root][INFO] - Using pretrained model from FoundationPose/learning/training/../../weights/2024-01-11-20-02-45/model_best.pth
[2024-09-19 20:04:40,371][root][INFO] - init done
[2024-09-19 20:04:40,371][root][INFO] - welcome
[2024-09-19 20:04:40,374][root][INFO] - self.cfg: 
 lr: 0.0001
c_in: 6
zfar: .inf
debug: null
w_rot: 0.1
n_view: 1
run_id: null
use_BN: true
rot_rep: axis_angle
ckpt_dir: FoundationPose/learning/training/../../weights/2023-10-28-18-33-37/model_best.pth
exp_name: 2023-10-28-18-33-37
save_dir: /tmp/2023-10-28-18-33-37/
loss_type: l2
optimizer: adam
trans_rep: tracknet
batch_size: 64
crop_ratio: 1.2
use_normal: false
BN_momentum: 0.1
max_num_key: null
warmup_step: -1
input_resize:
- 160
- 160
max_step_val: 1000
normal_uint8: false
vis_interval: 1000
weight_decay: 0
n_max_objects: null
normalize_xyz: true
clip_grad_norm: 'Infinity'
rot_normalizer: 0.3490658503988659
trans_normalizer:
- 0.019999999552965164
- 0.019999999552965164
- 0.05000000074505806
max_step_per_epoch: 25000
val_epoch_interval: 10
n_dataloader_workers: 60
enable_amp: true
use_mask: false

[2024-09-19 20:04:40,374][root][INFO] - self.h5_file:
[2024-09-19 20:04:40,425][root][INFO] - Using pretrained model from FoundationPose/learning/training/../../weights/2023-10-28-18-33-37/model_best.pth
[2024-09-19 20:04:40,443][root][INFO] - init done
[2024-09-19 20:04:42,650][root][INFO] - self.diameter:0.21736649539996883, vox_size:0.010868324769998442
[2024-09-19 20:04:42,663][root][INFO] - self.pts:torch.Size([491, 3])
[2024-09-19 20:04:43,477][root][INFO] - reset done
[2024-09-19 20:04:43,478][root][INFO] - cam_in_obs:(42, 4, 4)
[2024-09-19 20:04:43,480][root][INFO] - rot_grid:(252, 4, 4)
[2024-09-19 20:04:43,481][root][INFO] - after cluster, rot_grid:(252, 4, 4)
[2024-09-19 20:04:43,481][root][INFO] - self.rot_grid: torch.Size([252, 4, 4])
[2024-09-19 20:04:51,339][root][INFO] - Welcome
[2024-09-19 20:04:51,354][root][INFO] - poses:(252, 4, 4)
[2024-09-19 20:04:51,364][root][INFO] - after viewpoint, add_errs min:-1.0
[2024-09-19 20:04:51,446][root][INFO] - ob_in_cams:(252, 4, 4)
[2024-09-19 20:04:51,446][root][INFO] - self.cfg.use_normal:False
[2024-09-19 20:04:51,446][root][INFO] - trans_normalizer:[0.019999999552965164, 0.019999999552965164, 0.05000000074505806], rot_normalizer:0.3490658503988659
[2024-09-19 20:04:51,448][root][INFO] - making cropped data
[2024-09-19 20:04:51,448][root][INFO] - Welcome make_crop_data_batch
[2024-09-19 20:04:51,452][root][INFO] - make tf_to_crops done
[2024-09-19 20:04:51,480][root][INFO] - render done
[2024-09-19 20:04:51,487][root][INFO] - warp done
[2024-09-19 20:04:51,492][root][INFO] - pose batch data done
[2024-09-19 20:04:51,492][root][INFO] - forward start
[2024-09-19 20:04:51,610][root][INFO] - forward done
[2024-09-19 20:04:51,622][root][INFO] - making cropped data
[2024-09-19 20:04:51,622][root][INFO] - Welcome make_crop_data_batch
[2024-09-19 20:04:51,622][root][INFO] - make tf_to_crops done
[2024-09-19 20:04:51,642][root][INFO] - render done
[2024-09-19 20:04:51,646][root][INFO] - warp done
[2024-09-19 20:04:51,648][root][INFO] - pose batch data done
[2024-09-19 20:04:51,648][root][INFO] - forward start
[2024-09-19 20:04:51,650][root][INFO] - forward done
[2024-09-19 20:04:51,650][root][INFO] - making cropped data
[2024-09-19 20:04:51,650][root][INFO] - Welcome make_crop_data_batch
[2024-09-19 20:04:51,756][root][INFO] - make tf_to_crops done
[2024-09-19 20:04:51,775][root][INFO] - render done
[2024-09-19 20:04:51,779][root][INFO] - warp done
[2024-09-19 20:04:51,781][root][INFO] - pose batch data done
[2024-09-19 20:04:51,781][root][INFO] - forward start
[2024-09-19 20:04:51,783][root][INFO] - forward done
[2024-09-19 20:04:51,783][root][INFO] - making cropped data
[2024-09-19 20:04:51,783][root][INFO] - Welcome make_crop_data_batch
[2024-09-19 20:04:51,883][root][INFO] - make tf_to_crops done
[2024-09-19 20:04:51,903][root][INFO] - render done
[2024-09-19 20:04:51,907][root][INFO] - warp done
[2024-09-19 20:04:51,910][root][INFO] - pose batch data done
[2024-09-19 20:04:51,910][root][INFO] - forward start
[2024-09-19 20:04:51,911][root][INFO] - forward done
[2024-09-19 20:04:51,911][root][INFO] - making cropped data
[2024-09-19 20:04:51,912][root][INFO] - Welcome make_crop_data_batch
[2024-09-19 20:04:52,010][root][INFO] - make tf_to_crops done
[2024-09-19 20:04:52,029][root][INFO] - render done
[2024-09-19 20:04:52,032][root][INFO] - warp done
[2024-09-19 20:04:52,035][root][INFO] - pose batch data done
[2024-09-19 20:04:52,035][root][INFO] - forward start
[2024-09-19 20:04:52,036][root][INFO] - forward done
[2024-09-19 20:04:52,150][root][INFO] - ob_in_cams:(252, 4, 4)
[2024-09-19 20:04:52,151][root][INFO] - self.cfg.use_normal:False
[2024-09-19 20:04:52,151][root][INFO] - making cropped data
[2024-09-19 20:04:52,158][root][INFO] - Welcome make_crop_data_batch
[2024-09-19 20:04:52,159][root][INFO] - make tf_to_crops done
[2024-09-19 20:04:52,177][root][INFO] - render done
[2024-09-19 20:04:52,307][root][INFO] - pose batch data done
[2024-09-19 20:04:52,307][root][INFO] - pose_data.rgbAs.shape[0]: 252
[2024-09-19 20:04:52,404][root][INFO] - forward done
[2024-09-19 20:04:52,421][root][INFO] - final, add_errs min:-1.0
[2024-09-19 20:04:52,431][root][INFO] - sort ids:tensor([ 63, 249,  48,  54,  51, 183, 195,  66, 143,  60, 162, 210,  69, 161,
        235, 246,  57, 160, 217, 242,  26,  46, 157, 189, 167, 192, 240, 186,
        215,   1,  68, 109, 110, 123, 140, 142, 165, 190, 213,  19, 117, 118,
        139, 180, 181, 204, 208, 225, 238, 243,   2,  20,  35,  62, 106, 113,
        136, 144, 182, 212, 216, 219, 223, 234, 237,  10,  16,  30,  37,  59,
         89,  90,  91, 112, 122, 159, 175, 177, 232, 251,  21,  39,  71,  97,
        150, 156, 184, 197,  24,  53,  65,  73, 135, 172, 199, 211, 245,  17,
         45,  84,  96, 102, 108, 128, 129, 138, 164, 166, 173, 191, 201, 248,
         11,  83,  98, 103, 148,  15,  28,  50,  56,  81,  93, 121, 141, 151,
        185, 194, 200, 205,  27,  44, 107, 146, 158, 179, 209, 239,  18,  80,
         85, 114, 149, 153, 170, 171, 174, 176, 187, 198, 229, 241,   8,  12,
         23,  25,  34,  43,  92,  94, 100, 104, 127, 133, 163, 222, 224, 228,
        236,   3,   6,   7,   9,  22,  29,  47,  74,  79,  82,  86, 101, 131,
        134, 145, 152, 168, 196, 203, 207, 227, 233,   4,  14,  36,  38,  40,
         42,  58,  76,  78,  87,  88,  95,  99, 111, 115, 116, 119, 124, 137,
        147, 154, 155, 178, 221,   0,   5,  13,  31,  33,  41,  49,  61,  64,
         70,  72,  77, 105, 120, 125, 126, 130, 132, 188, 202, 206, 226, 230,
        244, 247, 250,  32,  52,  67,  75, 169, 214, 218, 231, 193, 220,  55])
[2024-09-19 20:04:52,434][root][INFO] - sorted scores:tensor([134.3750, 134.2812, 134.2500, 134.2188, 134.1875, 134.1875, 134.1250,
        134.0938, 134.0938, 134.0625, 134.0625, 134.0625, 134.0312, 133.9688,
        133.9688, 133.9688, 133.9375, 133.9375, 133.9375, 133.9375, 133.9062,
        133.9062, 133.9062, 133.9062, 133.8750, 133.8750, 133.8750, 133.8438,
        133.8438, 133.8125, 133.8125, 133.8125, 133.8125, 133.8125, 133.8125,
        133.8125, 133.8125, 133.8125, 133.8125, 133.7812, 133.7812, 133.7812,
        133.7812, 133.7812, 133.7812, 133.7812, 133.7812, 133.7812, 133.7812,
        133.7812, 133.7500, 133.7500, 133.7500, 133.7500, 133.7500, 133.7500,
        133.7500, 133.7500, 133.7500, 133.7500, 133.7500, 133.7500, 133.7500,
        133.7500, 133.7500, 133.7188, 133.7188, 133.7188, 133.7188, 133.7188,
        133.7188, 133.7188, 133.7188, 133.7188, 133.7188, 133.7188, 133.7188,
        133.7188, 133.7188, 133.7188, 133.6875, 133.6875, 133.6875, 133.6875,
        133.6875, 133.6875, 133.6875, 133.6875, 133.6562, 133.6562, 133.6562,
        133.6562, 133.6562, 133.6562, 133.6562, 133.6562, 133.6562, 133.6250,
        133.6250, 133.6250, 133.6250, 133.6250, 133.6250, 133.6250, 133.6250,
        133.6250, 133.6250, 133.6250, 133.6250, 133.6250, 133.6250, 133.6250,
        133.5938, 133.5938, 133.5938, 133.5938, 133.5938, 133.5625, 133.5625,
        133.5625, 133.5625, 133.5625, 133.5625, 133.5625, 133.5625, 133.5625,
        133.5625, 133.5625, 133.5625, 133.5625, 133.5312, 133.5312, 133.5312,
        133.5312, 133.5312, 133.5312, 133.5312, 133.5312, 133.5000, 133.5000,
        133.5000, 133.5000, 133.5000, 133.5000, 133.5000, 133.5000, 133.5000,
        133.5000, 133.5000, 133.5000, 133.5000, 133.5000, 133.4688, 133.4688,
        133.4688, 133.4688, 133.4688, 133.4688, 133.4688, 133.4688, 133.4688,
        133.4688, 133.4688, 133.4688, 133.4688, 133.4688, 133.4688, 133.4688,
        133.4688, 133.4375, 133.4375, 133.4375, 133.4375, 133.4375, 133.4375,
        133.4375, 133.4375, 133.4375, 133.4375, 133.4375, 133.4375, 133.4375,
        133.4375, 133.4375, 133.4375, 133.4375, 133.4375, 133.4375, 133.4375,
        133.4375, 133.4375, 133.4062, 133.4062, 133.4062, 133.4062, 133.4062,
        133.4062, 133.4062, 133.4062, 133.4062, 133.4062, 133.4062, 133.4062,
        133.4062, 133.4062, 133.4062, 133.4062, 133.4062, 133.4062, 133.4062,
        133.4062, 133.4062, 133.4062, 133.4062, 133.4062, 133.3750, 133.3750,
        133.3750, 133.3750, 133.3750, 133.3750, 133.3750, 133.3750, 133.3750,
        133.3750, 133.3750, 133.3750, 133.3750, 133.3750, 133.3750, 133.3750,
        133.3750, 133.3750, 133.3750, 133.3750, 133.3750, 133.3750, 133.3750,
        133.3750, 133.3750, 133.3750, 133.3438, 133.3438, 133.3438, 133.3438,
        133.3438, 133.3438, 133.3438, 133.3438, 133.3125, 133.3125, 133.2812])
