[2024-09-19 22:54:31,171][root][INFO] - self.cfg: 
 lr: 0.0001
c_in: 6
zfar: 'Infinity'
debug: null
n_view: 1
run_id: 3wy8qqex
use_BN: true
exp_name: 2024-01-11-20-02-45
n_epochs: 62
save_dir: /home/bowenw/debug/2024-01-11-20-02-45/
use_mask: false
loss_type: pairwise_valid
optimizer: adam
batch_size: 64
crop_ratio: 1.1
enable_amp: true
use_normal: false
max_num_key: null
warmup_step: -1
input_resize:
- 160
- 160
max_step_val: 1000
vis_interval: 1000
weight_decay: 0
normalize_xyz: true
resume_run_id: null
clip_grad_norm: 'Infinity'
lr_epoch_decay: 500
render_backend: nvdiffrast
train_num_pair: 5
lr_decay_epochs:
- 50
n_epochs_warmup: 1
make_pair_online: false
gradient_max_norm: 'Infinity'
max_step_per_epoch: 10000
n_rendering_workers: 1
save_epoch_interval: 100
n_dataloader_workers: 100
split_objects_across_gpus: true
ckpt_dir: FoundationPose/learning/training/../../weights/2024-01-11-20-02-45/model_best.pth

[2024-09-19 22:54:31,171][root][INFO] - self.h5_file:None
[2024-09-19 22:54:31,365][root][INFO] - Using pretrained model from FoundationPose/learning/training/../../weights/2024-01-11-20-02-45/model_best.pth
[2024-09-19 22:54:31,428][root][INFO] - init done
[2024-09-19 22:54:31,428][root][INFO] - welcome
[2024-09-19 22:54:31,431][root][INFO] - self.cfg: 
 lr: 0.0001
c_in: 6
zfar: .inf
debug: null
w_rot: 0.1
n_view: 1
run_id: null
use_BN: true
rot_rep: axis_angle
ckpt_dir: FoundationPose/learning/training/../../weights/2023-10-28-18-33-37/model_best.pth
exp_name: 2023-10-28-18-33-37
save_dir: /tmp/2023-10-28-18-33-37/
loss_type: l2
optimizer: adam
trans_rep: tracknet
batch_size: 64
crop_ratio: 1.2
use_normal: false
BN_momentum: 0.1
max_num_key: null
warmup_step: -1
input_resize:
- 160
- 160
max_step_val: 1000
normal_uint8: false
vis_interval: 1000
weight_decay: 0
n_max_objects: null
normalize_xyz: true
clip_grad_norm: 'Infinity'
rot_normalizer: 0.3490658503988659
trans_normalizer:
- 0.019999999552965164
- 0.019999999552965164
- 0.05000000074505806
max_step_per_epoch: 25000
val_epoch_interval: 10
n_dataloader_workers: 60
enable_amp: true
use_mask: false

[2024-09-19 22:54:31,431][root][INFO] - self.h5_file:
[2024-09-19 22:54:31,478][root][INFO] - Using pretrained model from FoundationPose/learning/training/../../weights/2023-10-28-18-33-37/model_best.pth
[2024-09-19 22:54:31,497][root][INFO] - init done
[2024-09-19 22:54:33,723][root][INFO] - self.diameter:0.14928191682314523, vox_size:0.0074640958411572615
[2024-09-19 22:54:33,735][root][INFO] - self.pts:torch.Size([912, 3])
[2024-09-19 22:54:34,614][root][INFO] - reset done
[2024-09-19 22:54:34,614][root][INFO] - cam_in_obs:(42, 4, 4)
[2024-09-19 22:54:34,617][root][INFO] - rot_grid:(252, 4, 4)
[2024-09-19 22:54:34,618][root][INFO] - after cluster, rot_grid:(252, 4, 4)
[2024-09-19 22:54:34,618][root][INFO] - self.rot_grid: torch.Size([252, 4, 4])
[2024-09-19 22:54:42,986][root][INFO] - Welcome
[2024-09-19 22:54:43,008][root][INFO] - poses:(252, 4, 4)
[2024-09-19 22:54:43,019][root][INFO] - after viewpoint, add_errs min:-1.0
[2024-09-19 22:54:43,107][root][INFO] - ob_in_cams:(252, 4, 4)
[2024-09-19 22:54:43,107][root][INFO] - self.cfg.use_normal:False
[2024-09-19 22:54:43,107][root][INFO] - trans_normalizer:[0.019999999552965164, 0.019999999552965164, 0.05000000074505806], rot_normalizer:0.3490658503988659
[2024-09-19 22:54:43,110][root][INFO] - making cropped data
[2024-09-19 22:54:43,110][root][INFO] - Welcome make_crop_data_batch
[2024-09-19 22:54:43,113][root][INFO] - make tf_to_crops done
[2024-09-19 22:54:43,145][root][INFO] - render done
[2024-09-19 22:54:43,151][root][INFO] - warp done
[2024-09-19 22:54:43,156][root][INFO] - pose batch data done
[2024-09-19 22:54:43,156][root][INFO] - forward start
[2024-09-19 22:54:43,275][root][INFO] - forward done
[2024-09-19 22:54:43,287][root][INFO] - making cropped data
[2024-09-19 22:54:43,287][root][INFO] - Welcome make_crop_data_batch
[2024-09-19 22:54:43,288][root][INFO] - make tf_to_crops done
[2024-09-19 22:54:43,310][root][INFO] - render done
[2024-09-19 22:54:43,315][root][INFO] - warp done
[2024-09-19 22:54:43,318][root][INFO] - pose batch data done
[2024-09-19 22:54:43,318][root][INFO] - forward start
[2024-09-19 22:54:43,319][root][INFO] - forward done
[2024-09-19 22:54:43,319][root][INFO] - making cropped data
[2024-09-19 22:54:43,320][root][INFO] - Welcome make_crop_data_batch
[2024-09-19 22:54:43,419][root][INFO] - make tf_to_crops done
[2024-09-19 22:54:43,441][root][INFO] - render done
[2024-09-19 22:54:43,445][root][INFO] - warp done
[2024-09-19 22:54:43,448][root][INFO] - pose batch data done
[2024-09-19 22:54:43,448][root][INFO] - forward start
[2024-09-19 22:54:43,449][root][INFO] - forward done
[2024-09-19 22:54:43,450][root][INFO] - making cropped data
[2024-09-19 22:54:43,450][root][INFO] - Welcome make_crop_data_batch
[2024-09-19 22:54:43,549][root][INFO] - make tf_to_crops done
[2024-09-19 22:54:43,571][root][INFO] - render done
[2024-09-19 22:54:43,575][root][INFO] - warp done
[2024-09-19 22:54:43,578][root][INFO] - pose batch data done
[2024-09-19 22:54:43,578][root][INFO] - forward start
[2024-09-19 22:54:43,580][root][INFO] - forward done
[2024-09-19 22:54:43,580][root][INFO] - making cropped data
[2024-09-19 22:54:43,580][root][INFO] - Welcome make_crop_data_batch
[2024-09-19 22:54:43,680][root][INFO] - make tf_to_crops done
[2024-09-19 22:54:43,701][root][INFO] - render done
[2024-09-19 22:54:43,705][root][INFO] - warp done
[2024-09-19 22:54:43,708][root][INFO] - pose batch data done
[2024-09-19 22:54:43,708][root][INFO] - forward start
[2024-09-19 22:54:43,709][root][INFO] - forward done
[2024-09-19 22:54:43,825][root][INFO] - ob_in_cams:(252, 4, 4)
[2024-09-19 22:54:43,825][root][INFO] - self.cfg.use_normal:False
[2024-09-19 22:54:43,825][root][INFO] - making cropped data
[2024-09-19 22:54:43,833][root][INFO] - Welcome make_crop_data_batch
[2024-09-19 22:54:43,834][root][INFO] - make tf_to_crops done
[2024-09-19 22:54:43,854][root][INFO] - render done
[2024-09-19 22:54:43,983][root][INFO] - pose batch data done
[2024-09-19 22:54:43,983][root][INFO] - pose_data.rgbAs.shape[0]: 252
[2024-09-19 22:54:44,079][root][INFO] - forward done
[2024-09-19 22:54:44,096][root][INFO] - final, add_errs min:-1.0
[2024-09-19 22:54:44,106][root][INFO] - sort ids:tensor([130, 226,  99,   9,  76, 100, 129, 105,  33,   4,  75, 136,  10,   3,
        135, 106,  72,   6,  96,   0,  42, 132,  47, 126, 102, 107,   5,  77,
         11, 203,  73, 128, 133, 145,   7, 127,   1, 103, 169, 202,  97, 131,
         95, 101, 137, 124, 227, 179,   2, 154, 229,   8,  32, 121,  74,  34,
        119, 170, 104,  19,  98, 146,  16,  88, 134, 178, 184,  94, 118, 122,
        150,  37,  43,  82,  91, 206,  13,  20,  22,  79,  85,  86,  87, 177,
         26, 155,  14,  15,  27,  83, 117, 205,  21,  23,  81,  80, 116,  93,
        115, 123, 125,  89,  92,  18, 230,  12,  41,  36,  84,  90, 114, 120,
         17,  28,  78,  55, 140, 113,  59, 209,  50,  71, 204, 250,  29, 180,
        163, 238, 161, 221, 245, 144, 194, 251, 188, 176, 244, 165, 220, 243,
        198, 143,  38, 193, 215, 157, 187,  49,  58, 162, 172,  70, 110, 247,
        166, 223, 235, 160, 225, 236, 183, 175, 208, 224, 232, 142, 153, 173,
        199, 211,  39,  64, 149,  65, 200, 217, 233, 242, 246,  30,  52, 191,
        210, 214, 248,  24,  48, 190,  45, 112, 151, 195,  68, 148, 158, 212,
        231,  46,  60,  66, 240,  56, 108, 152, 164, 196, 237, 239,  44,  61,
        171, 207,  51, 181, 213, 219,  69, 141, 234,  67, 159, 182, 216, 111,
        138, 139, 147, 241,  25,  62, 189, 197, 222, 228, 249,  53,  54, 218,
         35, 174, 185,  63, 109, 156, 186, 201,  40,  57,  31, 167, 168, 192])
[2024-09-19 22:54:44,109][root][INFO] - sorted scores:tensor([84.8828, 84.8828, 84.7500, 84.7422, 84.7031, 84.7031, 84.7031, 84.6953,
        84.6875, 84.6797, 84.6719, 84.6719, 84.6641, 84.6562, 84.6562, 84.6250,
        84.5703, 84.5625, 84.5625, 84.5547, 84.5469, 84.5469, 84.5391, 84.5391,
        84.5312, 84.5312, 84.5234, 84.5000, 84.4766, 84.4688, 84.4609, 84.4609,
        84.4531, 84.4531, 84.4453, 84.4375, 84.4297, 84.4219, 84.4141, 84.4141,
        84.3438, 84.3359, 84.3047, 84.3047, 84.3047, 84.2891, 84.2891, 84.2812,
        84.2578, 84.2578, 84.2500, 84.2422, 84.2422, 84.2422, 84.2344, 84.2109,
        84.2109, 84.2109, 84.2031, 84.1797, 84.1797, 84.1797, 84.1719, 84.1719,
        84.1719, 84.1719, 84.1719, 84.1641, 84.1641, 84.1641, 84.1641, 84.1562,
        84.1562, 84.1562, 84.1562, 84.1562, 84.1484, 84.1484, 84.1484, 84.1484,
        84.1484, 84.1484, 84.1484, 84.1484, 84.1406, 84.1406, 84.1328, 84.1328,
        84.1328, 84.1328, 84.1328, 84.1328, 84.1250, 84.1250, 84.1250, 84.1172,
        84.1172, 84.1094, 84.1094, 84.1094, 84.1094, 84.1016, 84.1016, 84.0938,
        84.0938, 84.0781, 84.0781, 84.0703, 84.0703, 84.0703, 84.0703, 84.0703,
        84.0625, 84.0547, 84.0547, 84.0312, 84.0312, 83.9844, 83.9531, 83.9531,
        83.9062, 83.8594, 83.8281, 83.8281, 83.7188, 83.7188, 83.7031, 83.7031,
        83.6719, 83.6562, 83.6562, 83.6406, 83.6406, 83.6406, 83.6250, 83.6094,
        83.6094, 83.5938, 83.5938, 83.5938, 83.5781, 83.5625, 83.5469, 83.5469,
        83.5469, 83.5312, 83.5312, 83.5156, 83.5156, 83.5156, 83.5156, 83.5000,
        83.5000, 83.5000, 83.4688, 83.4688, 83.4688, 83.4531, 83.4531, 83.4531,
        83.4375, 83.4219, 83.4219, 83.4219, 83.4219, 83.4062, 83.4062, 83.4062,
        83.4062, 83.4062, 83.3906, 83.3906, 83.3750, 83.3594, 83.3594, 83.3594,
        83.3594, 83.3594, 83.3594, 83.3438, 83.3438, 83.3438, 83.3438, 83.3281,
        83.3281, 83.3125, 83.3125, 83.3125, 83.2969, 83.2969, 83.2969, 83.2969,
        83.2812, 83.2812, 83.2812, 83.2812, 83.2812, 83.2656, 83.2656, 83.2656,
        83.2656, 83.2500, 83.2500, 83.2500, 83.2500, 83.2500, 83.2500, 83.2500,
        83.2344, 83.2344, 83.2344, 83.2344, 83.2188, 83.2188, 83.2188, 83.2188,
        83.2031, 83.2031, 83.2031, 83.1875, 83.1875, 83.1875, 83.1875, 83.1719,
        83.1719, 83.1719, 83.1719, 83.1719, 83.1562, 83.1562, 83.1562, 83.1562,
        83.1562, 83.1562, 83.1562, 83.1250, 83.1250, 83.1250, 83.1094, 83.1094,
        83.1094, 83.0938, 83.0938, 83.0938, 83.0938, 83.0938, 83.0781, 83.0625,
        83.0156, 83.0156, 83.0156, 83.0000])
[2024-09-19 22:54:56,356][websockets.server][INFO] - server listening on 0.0.0.0:8080
[2024-09-19 22:54:57,350][websockets.server][INFO] - connection open
[2024-09-19 22:54:59,859][root][INFO] - Succeeded to open port: /dev/ttyUSB0
[2024-09-19 22:54:59,860][root][INFO] - Succeeded to set baudrate to 3000000
[2024-09-19 22:55:06,794][websockets.server][INFO] - connection open
