[2024-10-25 11:28:35,299][websockets.server][INFO] - server listening on 0.0.0.0:8080
[2024-10-25 11:28:35,382][root][INFO] - self.cfg: 
 lr: 0.0001
c_in: 6
zfar: 'Infinity'
debug: null
n_view: 1
run_id: 3wy8qqex
use_BN: true
exp_name: 2024-01-11-20-02-45
n_epochs: 62
save_dir: /home/bowenw/debug/2024-01-11-20-02-45/
use_mask: false
loss_type: pairwise_valid
optimizer: adam
batch_size: 64
crop_ratio: 1.1
enable_amp: true
use_normal: false
max_num_key: null
warmup_step: -1
input_resize:
- 160
- 160
max_step_val: 1000
vis_interval: 1000
weight_decay: 0
normalize_xyz: true
resume_run_id: null
clip_grad_norm: 'Infinity'
lr_epoch_decay: 500
render_backend: nvdiffrast
train_num_pair: 5
lr_decay_epochs:
- 50
n_epochs_warmup: 1
make_pair_online: false
gradient_max_norm: 'Infinity'
max_step_per_epoch: 10000
n_rendering_workers: 1
save_epoch_interval: 100
n_dataloader_workers: 100
split_objects_across_gpus: true
ckpt_dir: /home/shaol/gjx/rw/third_party/FoundationPose/learning/training/../../weights/2024-01-11-20-02-45/model_best.pth

[2024-10-25 11:28:35,382][root][INFO] - self.h5_file:None
[2024-10-25 11:28:35,567][root][INFO] - Using pretrained model from /home/shaol/gjx/rw/third_party/FoundationPose/learning/training/../../weights/2024-01-11-20-02-45/model_best.pth
[2024-10-25 11:28:35,634][root][INFO] - init done
[2024-10-25 11:28:35,635][root][INFO] - welcome
[2024-10-25 11:28:35,638][root][INFO] - self.cfg: 
 lr: 0.0001
c_in: 6
zfar: .inf
debug: null
w_rot: 0.1
n_view: 1
run_id: null
use_BN: true
rot_rep: axis_angle
ckpt_dir: /home/shaol/gjx/rw/third_party/FoundationPose/learning/training/../../weights/2023-10-28-18-33-37/model_best.pth
exp_name: 2023-10-28-18-33-37
save_dir: /tmp/2023-10-28-18-33-37/
loss_type: l2
optimizer: adam
trans_rep: tracknet
batch_size: 64
crop_ratio: 1.2
use_normal: false
BN_momentum: 0.1
max_num_key: null
warmup_step: -1
input_resize:
- 160
- 160
max_step_val: 1000
normal_uint8: false
vis_interval: 1000
weight_decay: 0
n_max_objects: null
normalize_xyz: true
clip_grad_norm: 'Infinity'
rot_normalizer: 0.3490658503988659
trans_normalizer:
- 0.019999999552965164
- 0.019999999552965164
- 0.05000000074505806
max_step_per_epoch: 25000
val_epoch_interval: 10
n_dataloader_workers: 60
enable_amp: true
use_mask: false

[2024-10-25 11:28:35,638][root][INFO] - self.h5_file:
[2024-10-25 11:28:35,705][root][INFO] - Using pretrained model from /home/shaol/gjx/rw/third_party/FoundationPose/learning/training/../../weights/2023-10-28-18-33-37/model_best.pth
[2024-10-25 11:28:35,730][root][INFO] - init done
[2024-10-25 11:28:36,266][root][INFO] - self.diameter:0.07665955750493339, vox_size:0.0038329778752466694
[2024-10-25 11:28:36,281][root][INFO] - self.pts:torch.Size([961, 3])
[2024-10-25 11:28:37,205][root][INFO] - reset done
[2024-10-25 11:28:37,205][root][INFO] - cam_in_obs:(42, 4, 4)
[2024-10-25 11:28:37,207][root][INFO] - rot_grid:(252, 4, 4)
[2024-10-25 11:28:37,208][root][INFO] - after cluster, rot_grid:(252, 4, 4)
[2024-10-25 11:28:37,208][root][INFO] - self.rot_grid: torch.Size([252, 4, 4])
[2024-10-25 11:28:39,179][websockets.server][INFO] - connection open
[2024-10-25 11:28:46,852][root][INFO] - Welcome
[2024-10-25 11:28:46,867][root][INFO] - poses:(252, 4, 4)
[2024-10-25 11:28:46,876][root][INFO] - after viewpoint, add_errs min:-1.0
[2024-10-25 11:28:46,914][root][INFO] - ob_in_cams:(252, 4, 4)
[2024-10-25 11:28:46,914][root][INFO] - self.cfg.use_normal:False
[2024-10-25 11:28:46,914][root][INFO] - trans_normalizer:[0.019999999552965164, 0.019999999552965164, 0.05000000074505806], rot_normalizer:0.3490658503988659
[2024-10-25 11:28:46,953][root][INFO] - making cropped data
[2024-10-25 11:28:46,953][root][INFO] - Welcome make_crop_data_batch
[2024-10-25 11:28:46,957][root][INFO] - make tf_to_crops done
[2024-10-25 11:28:46,977][root][INFO] - render done
[2024-10-25 11:28:46,983][root][INFO] - warp done
[2024-10-25 11:28:46,988][root][INFO] - pose batch data done
[2024-10-25 11:28:46,988][root][INFO] - forward start
[2024-10-25 11:28:47,118][root][INFO] - forward done
[2024-10-25 11:28:47,129][root][INFO] - making cropped data
[2024-10-25 11:28:47,129][root][INFO] - Welcome make_crop_data_batch
[2024-10-25 11:28:47,129][root][INFO] - make tf_to_crops done
[2024-10-25 11:28:47,141][root][INFO] - render done
[2024-10-25 11:28:47,146][root][INFO] - warp done
[2024-10-25 11:28:47,149][root][INFO] - pose batch data done
[2024-10-25 11:28:47,149][root][INFO] - forward start
[2024-10-25 11:28:47,150][root][INFO] - forward done
[2024-10-25 11:28:47,150][root][INFO] - making cropped data
[2024-10-25 11:28:47,150][root][INFO] - Welcome make_crop_data_batch
[2024-10-25 11:28:47,255][root][INFO] - make tf_to_crops done
[2024-10-25 11:28:47,268][root][INFO] - render done
[2024-10-25 11:28:47,271][root][INFO] - warp done
[2024-10-25 11:28:47,274][root][INFO] - pose batch data done
[2024-10-25 11:28:47,274][root][INFO] - forward start
[2024-10-25 11:28:47,275][root][INFO] - forward done
[2024-10-25 11:28:47,275][root][INFO] - making cropped data
[2024-10-25 11:28:47,275][root][INFO] - Welcome make_crop_data_batch
[2024-10-25 11:28:47,375][root][INFO] - make tf_to_crops done
[2024-10-25 11:28:47,388][root][INFO] - render done
[2024-10-25 11:28:47,391][root][INFO] - warp done
[2024-10-25 11:28:47,394][root][INFO] - pose batch data done
[2024-10-25 11:28:47,394][root][INFO] - forward start
[2024-10-25 11:28:47,396][root][INFO] - forward done
[2024-10-25 11:28:47,396][root][INFO] - making cropped data
[2024-10-25 11:28:47,396][root][INFO] - Welcome make_crop_data_batch
[2024-10-25 11:28:47,497][root][INFO] - make tf_to_crops done
[2024-10-25 11:28:47,509][root][INFO] - render done
[2024-10-25 11:28:47,513][root][INFO] - warp done
[2024-10-25 11:28:47,515][root][INFO] - pose batch data done
[2024-10-25 11:28:47,516][root][INFO] - forward start
[2024-10-25 11:28:47,517][root][INFO] - forward done
[2024-10-25 11:28:47,632][root][INFO] - ob_in_cams:(252, 4, 4)
[2024-10-25 11:28:47,632][root][INFO] - self.cfg.use_normal:False
[2024-10-25 11:28:47,633][root][INFO] - making cropped data
[2024-10-25 11:28:47,650][root][INFO] - Welcome make_crop_data_batch
[2024-10-25 11:28:47,650][root][INFO] - make tf_to_crops done
[2024-10-25 11:28:47,661][root][INFO] - render done
[2024-10-25 11:28:47,790][root][INFO] - pose batch data done
[2024-10-25 11:28:47,790][root][INFO] - pose_data.rgbAs.shape[0]: 252
[2024-10-25 11:28:47,888][root][INFO] - forward done
[2024-10-25 11:28:47,907][root][INFO] - final, add_errs min:-1.0
[2024-10-25 11:28:47,917][root][INFO] - sort ids:tensor([205, 204,  41, 210,  10,  60, 101, 199, 217,  11,  61, 106, 140, 247,
         26,  44, 100, 177, 183,  34,  35,  57, 178,  55,  77, 113, 187, 190,
        213,   5,  32,  76, 131, 137, 180,   4,  58, 172, 196, 130, 169, 202,
        220, 128,  64, 134, 193,   1,   2,   8, 207,  63, 107, 127, 133, 174,
         15,  43,   7,  21, 123,  54,  73, 103, 250,  24, 104, 122,  12,  18,
         84,  97,  98, 249,  20,  74,  78, 226, 201, 114, 120,  87,  81,  93,
        117, 176,  68,  90, 171,  65, 141,   9,  56,  80,  83,  70,  89, 150,
        198, 221, 159, 182,  13,  14,  53, 163,  23,  59, 154, 160, 185, 197,
         52,  62, 121, 191,  22,  27,  48,  49,  69,  92, 164, 165, 179, 192,
        211, 218, 225, 229, 234, 245,  85,  96, 129, 143, 145, 151, 212, 232,
        235,  50,  82,  86,  88, 124, 135, 206, 215,  19,  47,  72, 155, 158,
        161, 188, 230, 231, 240, 248,   6,  16,  36,  66,  67, 105, 144, 184,
        203, 209, 214, 227, 244,   0,  45,  75, 147, 156, 219, 236,  38,  95,
        111, 119, 222, 246,  17,  33,  37,  79,  99, 157, 168, 186, 200, 237,
          3,  25,  39,  51, 126, 146, 194, 216, 242,  40,  46,  91, 108, 115,
        116, 132, 181, 223, 224, 238, 243,  28,  94, 102, 109, 110, 118, 125,
        148, 162, 167, 173, 189, 239,  29,  30,  71, 112, 136, 142, 149, 166,
        228,  31,  42, 139, 152, 153, 170, 208, 251, 175, 195, 233, 138, 241])
[2024-10-25 11:28:47,920][root][INFO] - sorted scores:tensor([119.6406, 119.5938, 119.5625, 119.4375, 119.4062, 119.3906, 119.3906,
        119.3906, 119.3906, 119.3750, 119.3750, 119.3750, 119.3750, 119.3594,
        119.3281, 119.3281, 119.3281, 119.3281, 119.3281, 119.3125, 119.2969,
        119.2969, 119.2812, 119.2656, 119.2656, 119.2656, 119.2656, 119.2656,
        119.2656, 119.2500, 119.2500, 119.2500, 119.2500, 119.2500, 119.2500,
        119.2344, 119.2344, 119.2344, 119.2344, 119.2188, 119.2188, 119.2188,
        119.2188, 119.2031, 119.1719, 119.1719, 119.1562, 119.1406, 119.1406,
        119.1406, 119.1406, 119.1250, 119.1250, 119.1250, 119.1250, 119.1094,
        119.0938, 119.0938, 119.0781, 119.0781, 119.0781, 119.0625, 119.0625,
        119.0625, 119.0625, 119.0469, 119.0469, 119.0469, 119.0312, 119.0312,
        119.0312, 119.0312, 119.0312, 119.0000, 118.9688, 118.9688, 118.9688,
        118.9531, 118.9375, 118.8906, 118.8906, 118.8750, 118.8438, 118.8438,
        118.8281, 118.7812, 118.7656, 118.7656, 118.7656, 118.7344, 118.7344,
        118.7031, 118.6875, 118.6875, 118.6719, 118.6250, 118.6250, 118.6250,
        118.6250, 118.6250, 118.6094, 118.6094, 118.5938, 118.5938, 118.5938,
        118.5781, 118.5625, 118.5625, 118.5625, 118.5625, 118.5625, 118.5625,
        118.5469, 118.5469, 118.5469, 118.5469, 118.5312, 118.5312, 118.5312,
        118.5312, 118.5312, 118.5312, 118.5312, 118.5312, 118.5312, 118.5312,
        118.5312, 118.5312, 118.5312, 118.5312, 118.5312, 118.5312, 118.5156,
        118.5156, 118.5156, 118.5156, 118.5156, 118.5156, 118.5156, 118.5156,
        118.5156, 118.5000, 118.5000, 118.5000, 118.5000, 118.5000, 118.5000,
        118.5000, 118.5000, 118.4844, 118.4844, 118.4844, 118.4844, 118.4844,
        118.4844, 118.4844, 118.4844, 118.4844, 118.4844, 118.4844, 118.4688,
        118.4688, 118.4688, 118.4688, 118.4688, 118.4688, 118.4688, 118.4688,
        118.4688, 118.4688, 118.4688, 118.4688, 118.4688, 118.4531, 118.4531,
        118.4531, 118.4531, 118.4531, 118.4531, 118.4531, 118.4375, 118.4375,
        118.4375, 118.4375, 118.4375, 118.4375, 118.4219, 118.4219, 118.4219,
        118.4219, 118.4219, 118.4219, 118.4219, 118.4219, 118.4219, 118.4219,
        118.4062, 118.4062, 118.4062, 118.4062, 118.4062, 118.4062, 118.4062,
        118.4062, 118.4062, 118.3906, 118.3906, 118.3906, 118.3906, 118.3906,
        118.3906, 118.3906, 118.3906, 118.3906, 118.3906, 118.3906, 118.3906,
        118.3750, 118.3750, 118.3750, 118.3750, 118.3750, 118.3750, 118.3750,
        118.3750, 118.3750, 118.3750, 118.3750, 118.3750, 118.3750, 118.3594,
        118.3594, 118.3594, 118.3594, 118.3594, 118.3594, 118.3594, 118.3594,
        118.3594, 118.3438, 118.3438, 118.3438, 118.3438, 118.3438, 118.3438,
        118.3438, 118.3438, 118.3281, 118.3281, 118.3281, 118.2969, 118.2969])
