[2024-09-19 20:51:27,694][root][INFO] - self.cfg: 
 lr: 0.0001
c_in: 6
zfar: 'Infinity'
debug: null
n_view: 1
run_id: 3wy8qqex
use_BN: true
exp_name: 2024-01-11-20-02-45
n_epochs: 62
save_dir: /home/bowenw/debug/2024-01-11-20-02-45/
use_mask: false
loss_type: pairwise_valid
optimizer: adam
batch_size: 64
crop_ratio: 1.1
enable_amp: true
use_normal: false
max_num_key: null
warmup_step: -1
input_resize:
- 160
- 160
max_step_val: 1000
vis_interval: 1000
weight_decay: 0
normalize_xyz: true
resume_run_id: null
clip_grad_norm: 'Infinity'
lr_epoch_decay: 500
render_backend: nvdiffrast
train_num_pair: 5
lr_decay_epochs:
- 50
n_epochs_warmup: 1
make_pair_online: false
gradient_max_norm: 'Infinity'
max_step_per_epoch: 10000
n_rendering_workers: 1
save_epoch_interval: 100
n_dataloader_workers: 100
split_objects_across_gpus: true
ckpt_dir: FoundationPose/learning/training/../../weights/2024-01-11-20-02-45/model_best.pth

[2024-09-19 20:51:27,694][root][INFO] - self.h5_file:None
[2024-09-19 20:51:27,889][root][INFO] - Using pretrained model from FoundationPose/learning/training/../../weights/2024-01-11-20-02-45/model_best.pth
[2024-09-19 20:51:27,951][root][INFO] - init done
[2024-09-19 20:51:27,951][root][INFO] - welcome
[2024-09-19 20:51:27,955][root][INFO] - self.cfg: 
 lr: 0.0001
c_in: 6
zfar: .inf
debug: null
w_rot: 0.1
n_view: 1
run_id: null
use_BN: true
rot_rep: axis_angle
ckpt_dir: FoundationPose/learning/training/../../weights/2023-10-28-18-33-37/model_best.pth
exp_name: 2023-10-28-18-33-37
save_dir: /tmp/2023-10-28-18-33-37/
loss_type: l2
optimizer: adam
trans_rep: tracknet
batch_size: 64
crop_ratio: 1.2
use_normal: false
BN_momentum: 0.1
max_num_key: null
warmup_step: -1
input_resize:
- 160
- 160
max_step_val: 1000
normal_uint8: false
vis_interval: 1000
weight_decay: 0
n_max_objects: null
normalize_xyz: true
clip_grad_norm: 'Infinity'
rot_normalizer: 0.3490658503988659
trans_normalizer:
- 0.019999999552965164
- 0.019999999552965164
- 0.05000000074505806
max_step_per_epoch: 25000
val_epoch_interval: 10
n_dataloader_workers: 60
enable_amp: true
use_mask: false

[2024-09-19 20:51:27,955][root][INFO] - self.h5_file:
[2024-09-19 20:51:28,002][root][INFO] - Using pretrained model from FoundationPose/learning/training/../../weights/2023-10-28-18-33-37/model_best.pth
[2024-09-19 20:51:28,024][root][INFO] - init done
[2024-09-19 20:51:30,229][root][INFO] - self.diameter:0.21736649539996883, vox_size:0.010868324769998442
[2024-09-19 20:51:30,244][root][INFO] - self.pts:torch.Size([491, 3])
[2024-09-19 20:51:31,091][root][INFO] - reset done
[2024-09-19 20:51:31,092][root][INFO] - cam_in_obs:(42, 4, 4)
[2024-09-19 20:51:31,099][root][INFO] - rot_grid:(252, 4, 4)
[2024-09-19 20:51:31,100][root][INFO] - after cluster, rot_grid:(252, 4, 4)
[2024-09-19 20:51:31,100][root][INFO] - self.rot_grid: torch.Size([252, 4, 4])
[2024-09-19 20:51:40,624][root][INFO] - Welcome
[2024-09-19 20:51:40,641][root][INFO] - poses:(252, 4, 4)
[2024-09-19 20:51:40,651][root][INFO] - after viewpoint, add_errs min:-1.0
[2024-09-19 20:51:40,710][root][INFO] - ob_in_cams:(252, 4, 4)
[2024-09-19 20:51:40,710][root][INFO] - self.cfg.use_normal:False
[2024-09-19 20:51:40,711][root][INFO] - trans_normalizer:[0.019999999552965164, 0.019999999552965164, 0.05000000074505806], rot_normalizer:0.3490658503988659
[2024-09-19 20:51:40,728][root][INFO] - making cropped data
[2024-09-19 20:51:40,728][root][INFO] - Welcome make_crop_data_batch
[2024-09-19 20:51:40,732][root][INFO] - make tf_to_crops done
[2024-09-19 20:51:40,762][root][INFO] - render done
[2024-09-19 20:51:40,768][root][INFO] - warp done
[2024-09-19 20:51:40,772][root][INFO] - pose batch data done
[2024-09-19 20:51:40,772][root][INFO] - forward start
[2024-09-19 20:51:40,892][root][INFO] - forward done
[2024-09-19 20:51:40,904][root][INFO] - making cropped data
[2024-09-19 20:51:40,904][root][INFO] - Welcome make_crop_data_batch
[2024-09-19 20:51:40,905][root][INFO] - make tf_to_crops done
[2024-09-19 20:51:40,925][root][INFO] - render done
[2024-09-19 20:51:40,929][root][INFO] - warp done
[2024-09-19 20:51:40,932][root][INFO] - pose batch data done
[2024-09-19 20:51:40,932][root][INFO] - forward start
[2024-09-19 20:51:40,933][root][INFO] - forward done
[2024-09-19 20:51:40,934][root][INFO] - making cropped data
[2024-09-19 20:51:40,934][root][INFO] - Welcome make_crop_data_batch
[2024-09-19 20:51:41,036][root][INFO] - make tf_to_crops done
[2024-09-19 20:51:41,055][root][INFO] - render done
[2024-09-19 20:51:41,059][root][INFO] - warp done
[2024-09-19 20:51:41,062][root][INFO] - pose batch data done
[2024-09-19 20:51:41,062][root][INFO] - forward start
[2024-09-19 20:51:41,063][root][INFO] - forward done
[2024-09-19 20:51:41,064][root][INFO] - making cropped data
[2024-09-19 20:51:41,064][root][INFO] - Welcome make_crop_data_batch
[2024-09-19 20:51:41,165][root][INFO] - make tf_to_crops done
[2024-09-19 20:51:41,184][root][INFO] - render done
[2024-09-19 20:51:41,187][root][INFO] - warp done
[2024-09-19 20:51:41,190][root][INFO] - pose batch data done
[2024-09-19 20:51:41,190][root][INFO] - forward start
[2024-09-19 20:51:41,191][root][INFO] - forward done
[2024-09-19 20:51:41,192][root][INFO] - making cropped data
[2024-09-19 20:51:41,192][root][INFO] - Welcome make_crop_data_batch
[2024-09-19 20:51:41,292][root][INFO] - make tf_to_crops done
[2024-09-19 20:51:41,312][root][INFO] - render done
[2024-09-19 20:51:41,316][root][INFO] - warp done
[2024-09-19 20:51:41,319][root][INFO] - pose batch data done
[2024-09-19 20:51:41,319][root][INFO] - forward start
[2024-09-19 20:51:41,320][root][INFO] - forward done
[2024-09-19 20:51:41,436][root][INFO] - ob_in_cams:(252, 4, 4)
[2024-09-19 20:51:41,436][root][INFO] - self.cfg.use_normal:False
[2024-09-19 20:51:41,436][root][INFO] - making cropped data
[2024-09-19 20:51:41,444][root][INFO] - Welcome make_crop_data_batch
[2024-09-19 20:51:41,445][root][INFO] - make tf_to_crops done
[2024-09-19 20:51:41,463][root][INFO] - render done
[2024-09-19 20:51:41,592][root][INFO] - pose batch data done
[2024-09-19 20:51:41,592][root][INFO] - pose_data.rgbAs.shape[0]: 252
[2024-09-19 20:51:41,690][root][INFO] - forward done
[2024-09-19 20:51:41,708][root][INFO] - final, add_errs min:-1.0
[2024-09-19 20:51:41,718][root][INFO] - sort ids:tensor([ 74,   8, 188,   2,  32,  98, 104, 134, 170, 146, 187, 129, 128,  43,
        106, 135, 202,   4, 133,   1,  73,  97, 136, 163,   7, 107,  34,  76,
        164, 221, 245,   9,  11,  47, 127, 189, 103, 137, 145, 226, 244,  10,
         49, 100, 203, 227, 250, 101, 130, 131, 105, 193, 220,  77,   3, 225,
         33, 169, 171,   5,  99, 118,  16,  75,  95, 154, 179,  22,  23, 132,
        185,  83,  94, 124, 178,   0, 102, 125, 155,  42,  82, 119,  88,  72,
         28, 198,  70,   6,  96, 126, 216, 160, 196,  17, 184,  85, 121,  13,
         19,  37,  79, 205, 211, 229,  41,  91, 115, 212, 224,  89, 200,  80,
         90, 230,  84,  86,  92, 156,  15,  26,  81,  93, 117, 122, 123, 235,
         14,  27,  87, 108, 231, 237,  21, 116, 149, 183, 206,  12, 138, 174,
        236,  36, 147, 204, 207,  78, 177,  61, 114, 120, 199,  18, 150, 161,
         35,  46, 148,  24,  45,  31, 172, 173, 209,  30,  58, 175, 201,  25,
        208, 176,  20,  40, 232,  64, 152, 223, 151, 153, 197,  39, 112, 139,
        222, 141, 243,  29, 233,  65, 228, 251,  52,  71, 144, 162, 109, 247,
        239,  44, 194,  67, 181,  53, 238,  55,  50, 157,  56, 142, 166,  68,
         59, 111,  62, 182, 217, 186, 210, 248, 240, 214,  38, 159, 234, 167,
        219, 218,  57,  63, 191, 215,  54,  66, 192, 242, 249,  48,  51,  60,
        158, 195, 241, 246,  69, 143, 140, 165, 113, 168, 180, 110, 213, 190])
[2024-09-19 20:51:41,721][root][INFO] - sorted scores:tensor([83.9531, 83.9375, 83.9375, 83.9219, 83.9219, 83.9062, 83.8906, 83.8906,
        83.8906, 83.8750, 83.8750, 83.8438, 83.8281, 83.7969, 83.7969, 83.7969,
        83.7969, 83.7812, 83.7812, 83.7656, 83.7656, 83.7656, 83.7656, 83.7656,
        83.7500, 83.7500, 83.7344, 83.7344, 83.7344, 83.7344, 83.7344, 83.7188,
        83.7188, 83.7188, 83.7188, 83.7188, 83.7031, 83.7031, 83.7031, 83.7031,
        83.7031, 83.6875, 83.6875, 83.6875, 83.6875, 83.6875, 83.6875, 83.6719,
        83.6719, 83.6719, 83.6562, 83.6562, 83.6562, 83.6406, 83.6250, 83.6250,
        83.6094, 83.6094, 83.6094, 83.5938, 83.5781, 83.5469, 83.5312, 83.5312,
        83.5312, 83.5312, 83.5312, 83.5156, 83.5156, 83.5156, 83.5156, 83.5000,
        83.5000, 83.5000, 83.5000, 83.4844, 83.4844, 83.4844, 83.4844, 83.4688,
        83.4688, 83.4688, 83.4531, 83.4375, 83.4219, 83.4219, 83.4062, 83.3906,
        83.3906, 83.3906, 83.3906, 83.3750, 83.3750, 83.3594, 83.3125, 83.2969,
        83.2969, 83.2812, 83.2812, 83.2812, 83.2812, 83.2812, 83.2812, 83.2812,
        83.2656, 83.2656, 83.2656, 83.2656, 83.2656, 83.2344, 83.2344, 83.2031,
        83.2031, 83.2031, 83.1875, 83.1719, 83.1719, 83.1719, 83.1562, 83.1562,
        83.1562, 83.1562, 83.1562, 83.1562, 83.1562, 83.1562, 83.1406, 83.1406,
        83.1406, 83.1406, 83.1406, 83.1406, 83.1250, 83.1250, 83.1250, 83.1250,
        83.1250, 83.1094, 83.0938, 83.0938, 83.0938, 83.0781, 83.0625, 83.0625,
        83.0625, 83.0469, 83.0469, 83.0312, 83.0312, 83.0312, 83.0312, 83.0156,
        83.0156, 83.0156, 83.0000, 82.9844, 82.9844, 82.9688, 82.9531, 82.9375,
        82.9375, 82.9219, 82.9219, 82.9062, 82.8906, 82.8906, 82.8906, 82.8750,
        82.8750, 82.8594, 82.8438, 82.8438, 82.8438, 82.8125, 82.8125, 82.8125,
        82.7969, 82.7969, 82.7812, 82.7500, 82.7500, 82.7500, 82.7500, 82.7344,
        82.7344, 82.7188, 82.7188, 82.6875, 82.6875, 82.6875, 82.6719, 82.6562,
        82.6562, 82.6406, 82.6250, 82.6094, 82.5781, 82.5469, 82.5469, 82.5156,
        82.5156, 82.5000, 82.4844, 82.4688, 82.4375, 82.4375, 82.4219, 82.4219,
        82.4062, 82.3438, 82.3125, 82.3125, 82.2969, 82.2500, 82.2344, 82.2188,
        82.2031, 82.2031, 82.1094, 82.0156, 82.0000, 82.0000, 81.9375, 81.9219,
        81.8906, 81.8750, 81.8281, 81.8281, 81.8281, 81.8281, 81.8125, 81.8125,
        81.8125, 81.8125, 81.8125, 81.7969, 81.7969, 81.7969, 81.7969, 81.7969,
        81.7969, 81.7969, 81.7812, 81.7500, 81.7188, 81.6875, 81.6406, 81.6094,
        81.5938, 81.5781, 81.5781, 81.4219])
[2024-09-19 20:51:46,948][websockets.server][INFO] - server listening on 0.0.0.0:8080
[2024-09-19 20:51:51,216][websockets.server][INFO] - connection open
[2024-09-19 20:51:53,558][root][INFO] - Succeeded to open port: /dev/ttyUSB0
[2024-09-19 20:51:53,559][root][INFO] - Succeeded to set baudrate to 3000000
