[2024-10-15 11:22:51,346][websockets.server][INFO] - server listening on 0.0.0.0:8080
[2024-10-15 11:22:51,505][root][INFO] - self.cfg: 
 lr: 0.0001
c_in: 6
zfar: 'Infinity'
debug: null
n_view: 1
run_id: 3wy8qqex
use_BN: true
exp_name: 2024-01-11-20-02-45
n_epochs: 62
save_dir: /home/bowenw/debug/2024-01-11-20-02-45/
use_mask: false
loss_type: pairwise_valid
optimizer: adam
batch_size: 64
crop_ratio: 1.1
enable_amp: true
use_normal: false
max_num_key: null
warmup_step: -1
input_resize:
- 160
- 160
max_step_val: 1000
vis_interval: 1000
weight_decay: 0
normalize_xyz: true
resume_run_id: null
clip_grad_norm: 'Infinity'
lr_epoch_decay: 500
render_backend: nvdiffrast
train_num_pair: 5
lr_decay_epochs:
- 50
n_epochs_warmup: 1
make_pair_online: false
gradient_max_norm: 'Infinity'
max_step_per_epoch: 10000
n_rendering_workers: 1
save_epoch_interval: 100
n_dataloader_workers: 100
split_objects_across_gpus: true
ckpt_dir: /home/shaol/gjx/rw/third_party/FoundationPose/learning/training/../../weights/2024-01-11-20-02-45/model_best.pth

[2024-10-15 11:22:51,505][root][INFO] - self.h5_file:None
[2024-10-15 11:22:51,836][root][INFO] - Using pretrained model from /home/shaol/gjx/rw/third_party/FoundationPose/learning/training/../../weights/2024-01-11-20-02-45/model_best.pth
[2024-10-15 11:22:51,911][root][INFO] - init done
[2024-10-15 11:22:51,911][root][INFO] - welcome
[2024-10-15 11:22:51,915][root][INFO] - self.cfg: 
 lr: 0.0001
c_in: 6
zfar: .inf
debug: null
w_rot: 0.1
n_view: 1
run_id: null
use_BN: true
rot_rep: axis_angle
ckpt_dir: /home/shaol/gjx/rw/third_party/FoundationPose/learning/training/../../weights/2023-10-28-18-33-37/model_best.pth
exp_name: 2023-10-28-18-33-37
save_dir: /tmp/2023-10-28-18-33-37/
loss_type: l2
optimizer: adam
trans_rep: tracknet
batch_size: 64
crop_ratio: 1.2
use_normal: false
BN_momentum: 0.1
max_num_key: null
warmup_step: -1
input_resize:
- 160
- 160
max_step_val: 1000
normal_uint8: false
vis_interval: 1000
weight_decay: 0
n_max_objects: null
normalize_xyz: true
clip_grad_norm: 'Infinity'
rot_normalizer: 0.3490658503988659
trans_normalizer:
- 0.019999999552965164
- 0.019999999552965164
- 0.05000000074505806
max_step_per_epoch: 25000
val_epoch_interval: 10
n_dataloader_workers: 60
enable_amp: true
use_mask: false

[2024-10-15 11:22:51,915][root][INFO] - self.h5_file:
[2024-10-15 11:22:51,999][root][INFO] - Using pretrained model from /home/shaol/gjx/rw/third_party/FoundationPose/learning/training/../../weights/2023-10-28-18-33-37/model_best.pth
[2024-10-15 11:22:52,021][root][INFO] - init done
[2024-10-15 11:22:52,323][websockets.server][INFO] - connection open
[2024-10-15 11:22:53,092][root][INFO] - self.diameter:0.09129442543218583, vox_size:0.004564721271609291
[2024-10-15 11:22:53,106][root][INFO] - self.pts:torch.Size([825, 3])
[2024-10-15 11:22:54,094][root][INFO] - reset done
[2024-10-15 11:22:54,094][root][INFO] - cam_in_obs:(42, 4, 4)
[2024-10-15 11:22:54,097][root][INFO] - rot_grid:(252, 4, 4)
[2024-10-15 11:22:54,097][root][INFO] - after cluster, rot_grid:(252, 4, 4)
[2024-10-15 11:22:54,097][root][INFO] - self.rot_grid: torch.Size([252, 4, 4])
[2024-10-15 11:23:02,487][root][INFO] - Welcome
[2024-10-15 11:23:02,504][root][INFO] - poses:(252, 4, 4)
[2024-10-15 11:23:02,517][root][INFO] - after viewpoint, add_errs min:-1.0
[2024-10-15 11:23:02,577][root][INFO] - ob_in_cams:(252, 4, 4)
[2024-10-15 11:23:02,587][root][INFO] - self.cfg.use_normal:False
[2024-10-15 11:23:02,587][root][INFO] - trans_normalizer:[0.019999999552965164, 0.019999999552965164, 0.05000000074505806], rot_normalizer:0.3490658503988659
[2024-10-15 11:23:02,600][root][INFO] - making cropped data
[2024-10-15 11:23:02,600][root][INFO] - Welcome make_crop_data_batch
[2024-10-15 11:23:02,605][root][INFO] - make tf_to_crops done
[2024-10-15 11:23:02,629][root][INFO] - render done
[2024-10-15 11:23:02,636][root][INFO] - warp done
[2024-10-15 11:23:02,641][root][INFO] - pose batch data done
[2024-10-15 11:23:02,641][root][INFO] - forward start
[2024-10-15 11:23:02,761][root][INFO] - forward done
[2024-10-15 11:23:02,771][root][INFO] - making cropped data
[2024-10-15 11:23:02,771][root][INFO] - Welcome make_crop_data_batch
[2024-10-15 11:23:02,771][root][INFO] - make tf_to_crops done
[2024-10-15 11:23:02,785][root][INFO] - render done
[2024-10-15 11:23:02,788][root][INFO] - warp done
[2024-10-15 11:23:02,791][root][INFO] - pose batch data done
[2024-10-15 11:23:02,791][root][INFO] - forward start
[2024-10-15 11:23:02,792][root][INFO] - forward done
[2024-10-15 11:23:02,793][root][INFO] - making cropped data
[2024-10-15 11:23:02,793][root][INFO] - Welcome make_crop_data_batch
[2024-10-15 11:23:02,882][root][INFO] - make tf_to_crops done
[2024-10-15 11:23:02,896][root][INFO] - render done
[2024-10-15 11:23:02,899][root][INFO] - warp done
[2024-10-15 11:23:02,902][root][INFO] - pose batch data done
[2024-10-15 11:23:02,902][root][INFO] - forward start
[2024-10-15 11:23:02,903][root][INFO] - forward done
[2024-10-15 11:23:02,904][root][INFO] - making cropped data
[2024-10-15 11:23:02,904][root][INFO] - Welcome make_crop_data_batch
[2024-10-15 11:23:02,994][root][INFO] - make tf_to_crops done
[2024-10-15 11:23:03,007][root][INFO] - render done
[2024-10-15 11:23:03,011][root][INFO] - warp done
[2024-10-15 11:23:03,014][root][INFO] - pose batch data done
[2024-10-15 11:23:03,014][root][INFO] - forward start
[2024-10-15 11:23:03,015][root][INFO] - forward done
[2024-10-15 11:23:03,015][root][INFO] - making cropped data
[2024-10-15 11:23:03,016][root][INFO] - Welcome make_crop_data_batch
[2024-10-15 11:23:03,105][root][INFO] - make tf_to_crops done
[2024-10-15 11:23:03,119][root][INFO] - render done
[2024-10-15 11:23:03,122][root][INFO] - warp done
[2024-10-15 11:23:03,125][root][INFO] - pose batch data done
[2024-10-15 11:23:03,125][root][INFO] - forward start
[2024-10-15 11:23:03,126][root][INFO] - forward done
[2024-10-15 11:23:03,232][root][INFO] - ob_in_cams:(252, 4, 4)
[2024-10-15 11:23:03,232][root][INFO] - self.cfg.use_normal:False
[2024-10-15 11:23:03,232][root][INFO] - making cropped data
[2024-10-15 11:23:03,241][root][INFO] - Welcome make_crop_data_batch
[2024-10-15 11:23:03,241][root][INFO] - make tf_to_crops done
[2024-10-15 11:23:03,254][root][INFO] - render done
[2024-10-15 11:23:03,373][root][INFO] - pose batch data done
[2024-10-15 11:23:03,374][root][INFO] - pose_data.rgbAs.shape[0]: 252
[2024-10-15 11:23:03,462][root][INFO] - forward done
[2024-10-15 11:23:03,480][root][INFO] - final, add_errs min:-1.0
[2024-10-15 11:23:03,490][root][INFO] - sort ids:tensor([ 75, 105,   9,  99, 126, 132,  72,  76,   0,   4,   5,  73, 100, 131,
        202,  77, 130, 227,   6,   7, 103,  74, 133, 146,   8, 104, 144, 150,
        156, 192,  97, 169,  48, 148, 195,  58,  98, 137, 149, 172, 173, 183,
        197, 171, 196, 241,   3,  30,  96, 106, 108, 191, 127, 177, 237,  45,
         57, 141, 189, 223, 224, 225, 247,  61, 143, 166, 199, 200,  38, 135,
        168,  46,  53,  63, 142, 204, 212, 213, 219, 220, 231, 249,  69, 116,
        218, 174, 216,  49,  68,  91, 246,  56,  70, 138, 147, 151, 176, 198,
        209, 232, 233,  17,  19,  25,  39,  59,  60, 117, 123, 152, 194, 210,
        214, 234, 248, 250,  16,  35,  52,  54,  89, 112, 122, 153, 155, 175,
        193, 235, 240,  29,  31, 109, 110, 113, 134, 187, 208, 245, 251,  20,
        180, 185, 186,  43,  44, 170, 222,  37,  41,  78, 101, 111, 114, 120,
        139, 140, 159, 164, 165,  40,  67,  84, 160, 181,  24,  34,  50,  55,
        239,  90, 158,  32,  95, 184, 229,  14,  47,  79,  86,  13,  23,  26,
         28,  65,  80,  85,  87, 115, 211, 207,  22,  82,  83,  88, 125, 157,
        163,  93,  94, 154, 244, 217,  33, 203,  64,  71, 179,  81, 124, 121,
         12, 107, 128, 178,  18,  92,  15, 119, 230, 190, 201, 215, 242,   2,
         36, 161, 182, 205, 243,   1,  21, 167, 162,  62, 118, 228,  66, 238,
        129, 206, 102,  27, 236,  11,  10,  51, 136,  42, 188, 226, 221, 145])
[2024-10-15 11:23:03,494][root][INFO] - sorted scores:tensor([114.1016, 114.1016, 114.0938, 114.0938, 114.0938, 114.0938, 114.0859,
        114.0859, 114.0781, 114.0781, 114.0781, 114.0781, 114.0781, 114.0781,
        114.0781, 114.0703, 114.0703, 114.0703, 114.0625, 114.0625, 114.0625,
        114.0547, 114.0547, 114.0547, 114.0469, 114.0469, 114.0469, 114.0469,
        114.0469, 114.0469, 114.0391, 114.0391, 114.0312, 114.0078, 114.0078,
        113.9922, 113.9922, 113.9922, 113.9922, 113.9922, 113.9922, 113.9922,
        113.9922, 113.9844, 113.9844, 113.9844, 113.9766, 113.9766, 113.9766,
        113.9766, 113.9766, 113.9766, 113.9688, 113.9688, 113.9688, 113.9609,
        113.9609, 113.9609, 113.9609, 113.9609, 113.9609, 113.9609, 113.9609,
        113.9531, 113.9531, 113.9531, 113.9531, 113.9531, 113.9453, 113.9453,
        113.9453, 113.9375, 113.9375, 113.9375, 113.9375, 113.9375, 113.9375,
        113.9375, 113.9375, 113.9375, 113.9375, 113.9375, 113.9297, 113.9297,
        113.9219, 113.9141, 113.9141, 113.9062, 113.9062, 113.9062, 113.9062,
        113.8984, 113.8984, 113.8984, 113.8984, 113.8984, 113.8984, 113.8984,
        113.8984, 113.8984, 113.8984, 113.8906, 113.8906, 113.8906, 113.8906,
        113.8906, 113.8906, 113.8906, 113.8906, 113.8906, 113.8906, 113.8906,
        113.8906, 113.8906, 113.8906, 113.8906, 113.8828, 113.8828, 113.8828,
        113.8828, 113.8828, 113.8828, 113.8828, 113.8828, 113.8828, 113.8828,
        113.8828, 113.8828, 113.8828, 113.8750, 113.8750, 113.8750, 113.8750,
        113.8750, 113.8750, 113.8750, 113.8750, 113.8750, 113.8750, 113.8672,
        113.8672, 113.8672, 113.8672, 113.8594, 113.8594, 113.8594, 113.8594,
        113.8516, 113.8516, 113.8516, 113.8516, 113.8516, 113.8516, 113.8516,
        113.8516, 113.8516, 113.8516, 113.8516, 113.8516, 113.8438, 113.8438,
        113.8438, 113.8438, 113.8438, 113.8359, 113.8359, 113.8359, 113.8359,
        113.8359, 113.8281, 113.8281, 113.8203, 113.8203, 113.8203, 113.8125,
        113.8047, 113.8047, 113.8047, 113.8047, 113.7969, 113.7969, 113.7969,
        113.7969, 113.7969, 113.7969, 113.7969, 113.7969, 113.7969, 113.7969,
        113.7891, 113.7812, 113.7812, 113.7812, 113.7812, 113.7812, 113.7812,
        113.7812, 113.7734, 113.7734, 113.7734, 113.7734, 113.7656, 113.7578,
        113.7500, 113.7422, 113.7266, 113.7188, 113.7031, 113.6875, 113.6484,
        113.6172, 113.6094, 113.6016, 113.6016, 113.5938, 113.5938, 113.5859,
        113.5781, 113.5781, 113.5703, 113.5703, 113.5703, 113.5703, 113.5625,
        113.5625, 113.5625, 113.5625, 113.5547, 113.5547, 113.5469, 113.5469,
        113.5469, 113.5391, 113.5312, 113.5312, 113.5312, 113.5234, 113.5234,
        113.5000, 113.4922, 113.4844, 113.4766, 113.4609, 113.4297, 113.4219,
        113.4219, 113.4219, 113.4062, 113.3984, 113.3750, 113.3516, 113.2422])
