[2024-10-14 22:44:47,135][websockets.server][INFO] - server listening on 0.0.0.0:8080
[2024-10-14 22:44:47,371][root][INFO] - self.cfg: 
 lr: 0.0001
c_in: 6
zfar: 'Infinity'
debug: null
n_view: 1
run_id: 3wy8qqex
use_BN: true
exp_name: 2024-01-11-20-02-45
n_epochs: 62
save_dir: /home/bowenw/debug/2024-01-11-20-02-45/
use_mask: false
loss_type: pairwise_valid
optimizer: adam
batch_size: 64
crop_ratio: 1.1
enable_amp: true
use_normal: false
max_num_key: null
warmup_step: -1
input_resize:
- 160
- 160
max_step_val: 1000
vis_interval: 1000
weight_decay: 0
normalize_xyz: true
resume_run_id: null
clip_grad_norm: 'Infinity'
lr_epoch_decay: 500
render_backend: nvdiffrast
train_num_pair: 5
lr_decay_epochs:
- 50
n_epochs_warmup: 1
make_pair_online: false
gradient_max_norm: 'Infinity'
max_step_per_epoch: 10000
n_rendering_workers: 1
save_epoch_interval: 100
n_dataloader_workers: 100
split_objects_across_gpus: true
ckpt_dir: /home/shaol/gjx/rw/third_party/FoundationPose/learning/training/../../weights/2024-01-11-20-02-45/model_best.pth

[2024-10-14 22:44:47,371][root][INFO] - self.h5_file:None
[2024-10-14 22:44:47,683][websockets.server][INFO] - connection open
[2024-10-14 22:44:47,749][root][INFO] - Using pretrained model from /home/shaol/gjx/rw/third_party/FoundationPose/learning/training/../../weights/2024-01-11-20-02-45/model_best.pth
[2024-10-14 22:44:47,865][root][INFO] - init done
[2024-10-14 22:44:47,865][root][INFO] - welcome
[2024-10-14 22:44:47,869][root][INFO] - self.cfg: 
 lr: 0.0001
c_in: 6
zfar: .inf
debug: null
w_rot: 0.1
n_view: 1
run_id: null
use_BN: true
rot_rep: axis_angle
ckpt_dir: /home/shaol/gjx/rw/third_party/FoundationPose/learning/training/../../weights/2023-10-28-18-33-37/model_best.pth
exp_name: 2023-10-28-18-33-37
save_dir: /tmp/2023-10-28-18-33-37/
loss_type: l2
optimizer: adam
trans_rep: tracknet
batch_size: 64
crop_ratio: 1.2
use_normal: false
BN_momentum: 0.1
max_num_key: null
warmup_step: -1
input_resize:
- 160
- 160
max_step_val: 1000
normal_uint8: false
vis_interval: 1000
weight_decay: 0
n_max_objects: null
normalize_xyz: true
clip_grad_norm: 'Infinity'
rot_normalizer: 0.3490658503988659
trans_normalizer:
- 0.019999999552965164
- 0.019999999552965164
- 0.05000000074505806
max_step_per_epoch: 25000
val_epoch_interval: 10
n_dataloader_workers: 60
enable_amp: true
use_mask: false

[2024-10-14 22:44:47,869][root][INFO] - self.h5_file:
[2024-10-14 22:44:47,921][root][INFO] - Using pretrained model from /home/shaol/gjx/rw/third_party/FoundationPose/learning/training/../../weights/2023-10-28-18-33-37/model_best.pth
[2024-10-14 22:44:47,969][root][INFO] - init done
[2024-10-14 22:44:48,192][websockets.server][INFO] - connection open
[2024-10-14 22:44:50,417][root][INFO] - self.diameter:0.137712368854882, vox_size:0.0068856184427441
[2024-10-14 22:44:50,432][root][INFO] - self.pts:torch.Size([807, 3])
[2024-10-14 22:44:51,797][root][INFO] - reset done
[2024-10-14 22:44:51,798][root][INFO] - cam_in_obs:(42, 4, 4)
[2024-10-14 22:44:51,800][root][INFO] - rot_grid:(252, 4, 4)
[2024-10-14 22:44:51,802][root][INFO] - after cluster, rot_grid:(252, 4, 4)
[2024-10-14 22:44:51,802][root][INFO] - self.rot_grid: torch.Size([252, 4, 4])
[2024-10-14 22:45:10,561][root][INFO] - Welcome
[2024-10-14 22:45:10,580][root][INFO] - poses:(252, 4, 4)
[2024-10-14 22:45:10,595][root][INFO] - after viewpoint, add_errs min:-1.0
[2024-10-14 22:45:10,632][root][INFO] - ob_in_cams:(252, 4, 4)
[2024-10-14 22:45:10,633][root][INFO] - self.cfg.use_normal:False
[2024-10-14 22:45:10,633][root][INFO] - trans_normalizer:[0.019999999552965164, 0.019999999552965164, 0.05000000074505806], rot_normalizer:0.3490658503988659
[2024-10-14 22:45:10,660][root][INFO] - making cropped data
[2024-10-14 22:45:10,660][root][INFO] - Welcome make_crop_data_batch
[2024-10-14 22:45:10,669][root][INFO] - make tf_to_crops done
[2024-10-14 22:45:10,709][root][INFO] - render done
[2024-10-14 22:45:10,715][root][INFO] - warp done
[2024-10-14 22:45:10,721][root][INFO] - pose batch data done
[2024-10-14 22:45:10,721][root][INFO] - forward start
[2024-10-14 22:45:10,843][root][INFO] - forward done
[2024-10-14 22:45:10,853][root][INFO] - making cropped data
[2024-10-14 22:45:10,853][root][INFO] - Welcome make_crop_data_batch
[2024-10-14 22:45:10,853][root][INFO] - make tf_to_crops done
[2024-10-14 22:45:10,872][root][INFO] - render done
[2024-10-14 22:45:10,876][root][INFO] - warp done
[2024-10-14 22:45:10,878][root][INFO] - pose batch data done
[2024-10-14 22:45:10,878][root][INFO] - forward start
[2024-10-14 22:45:10,880][root][INFO] - forward done
[2024-10-14 22:45:10,880][root][INFO] - making cropped data
[2024-10-14 22:45:10,880][root][INFO] - Welcome make_crop_data_batch
[2024-10-14 22:45:10,970][root][INFO] - make tf_to_crops done
[2024-10-14 22:45:10,988][root][INFO] - render done
[2024-10-14 22:45:10,992][root][INFO] - warp done
[2024-10-14 22:45:10,994][root][INFO] - pose batch data done
[2024-10-14 22:45:10,995][root][INFO] - forward start
[2024-10-14 22:45:10,996][root][INFO] - forward done
[2024-10-14 22:45:10,996][root][INFO] - making cropped data
[2024-10-14 22:45:10,997][root][INFO] - Welcome make_crop_data_batch
[2024-10-14 22:45:11,086][root][INFO] - make tf_to_crops done
[2024-10-14 22:45:11,104][root][INFO] - render done
[2024-10-14 22:45:11,108][root][INFO] - warp done
[2024-10-14 22:45:11,110][root][INFO] - pose batch data done
[2024-10-14 22:45:11,111][root][INFO] - forward start
[2024-10-14 22:45:11,112][root][INFO] - forward done
[2024-10-14 22:45:11,112][root][INFO] - making cropped data
[2024-10-14 22:45:11,112][root][INFO] - Welcome make_crop_data_batch
[2024-10-14 22:45:11,202][root][INFO] - make tf_to_crops done
[2024-10-14 22:45:11,220][root][INFO] - render done
[2024-10-14 22:45:11,224][root][INFO] - warp done
[2024-10-14 22:45:11,226][root][INFO] - pose batch data done
[2024-10-14 22:45:11,226][root][INFO] - forward start
[2024-10-14 22:45:11,228][root][INFO] - forward done
[2024-10-14 22:45:11,333][root][INFO] - ob_in_cams:(252, 4, 4)
[2024-10-14 22:45:11,333][root][INFO] - self.cfg.use_normal:False
[2024-10-14 22:45:11,333][root][INFO] - making cropped data
[2024-10-14 22:45:11,341][root][INFO] - Welcome make_crop_data_batch
[2024-10-14 22:45:11,342][root][INFO] - make tf_to_crops done
[2024-10-14 22:45:11,358][root][INFO] - render done
[2024-10-14 22:45:11,476][root][INFO] - pose batch data done
[2024-10-14 22:45:11,476][root][INFO] - pose_data.rgbAs.shape[0]: 252
[2024-10-14 22:45:11,565][root][INFO] - forward done
[2024-10-14 22:45:11,583][root][INFO] - final, add_errs min:-1.0
[2024-10-14 22:45:11,593][root][INFO] - sort ids:tensor([171,  21,  57, 153, 177, 183, 190, 195,  51,  93, 113,  26, 135, 147,
        115, 116,  58, 165, 206, 230, 247,  61,  66,  67, 223, 246,  14, 112,
        205,   0,  13,  35,  92, 106, 127, 134, 166, 229, 240, 250,  44,  45,
         47,  68,  72,  74, 140, 160, 161, 199, 222, 248,   1,   2,  41,  64,
         73,  75,  80,  86,  94,  97, 128, 130, 159, 173, 196, 198, 210, 217,
        233,  16,  17,  22,  38,  39,  40,  52,  60,  65,  76,  77,  79,  82,
         96, 114, 120, 124, 125, 137, 154, 168, 180, 192, 208, 209, 211, 220,
        224, 245,   6,   9,  10,  11,  15,  18,  23,  25,  27,  28,  29,  30,
         36,  37,  46,  53,  54,  70,  83,  85,  87,  91,  95, 102, 105, 107,
        109, 110, 117, 119, 121, 122, 141, 143, 148, 150, 151, 152, 158, 172,
        174, 176, 178, 179, 182, 185, 186, 187, 197, 213, 215, 216, 226, 234,
        235, 237, 238, 241, 251,  12,  19,  20,  48,  49,  59,  62,  84,  89,
         90,  98, 100, 103, 108, 118, 136, 138, 142, 149, 155, 157, 163, 164,
        167, 203, 204, 212, 214, 218, 219, 236, 243,  31,  32,  69,  71,  78,
         81,  88,  99, 104, 123, 131, 139, 144, 145, 156, 162, 169, 189, 191,
        200, 201, 225, 228, 232, 239, 242,   3,   4,   5,   7,  24,  34,  43,
         50,  55,  63, 101, 126, 129, 132, 146, 184, 193, 194, 202, 207, 221,
        227, 231, 249,   8,  33,  42,  56, 111, 133, 170, 175, 181, 188, 244])
[2024-10-14 22:45:11,597][root][INFO] - sorted scores:tensor([133.6562, 133.5938, 133.5938, 133.5938, 133.5938, 133.5938, 133.5938,
        133.5938, 133.4062, 133.4062, 133.3438, 133.3125, 133.2188, 133.2188,
        133.1875, 133.1875, 133.1562, 133.1562, 133.1562, 133.1562, 133.1562,
        133.1250, 133.1250, 133.1250, 133.1250, 133.1250, 133.0938, 133.0938,
        133.0938, 133.0625, 133.0625, 133.0625, 133.0625, 133.0625, 133.0625,
        133.0625, 133.0625, 133.0625, 133.0625, 133.0625, 133.0312, 133.0312,
        133.0312, 133.0312, 133.0312, 133.0312, 133.0312, 133.0312, 133.0312,
        133.0312, 133.0312, 133.0312, 133.0000, 133.0000, 133.0000, 133.0000,
        133.0000, 133.0000, 133.0000, 133.0000, 133.0000, 133.0000, 133.0000,
        133.0000, 133.0000, 133.0000, 133.0000, 133.0000, 133.0000, 133.0000,
        133.0000, 132.9688, 132.9688, 132.9688, 132.9688, 132.9688, 132.9688,
        132.9688, 132.9688, 132.9688, 132.9688, 132.9688, 132.9688, 132.9688,
        132.9688, 132.9688, 132.9688, 132.9688, 132.9688, 132.9688, 132.9688,
        132.9688, 132.9688, 132.9688, 132.9688, 132.9688, 132.9688, 132.9688,
        132.9688, 132.9688, 132.9375, 132.9375, 132.9375, 132.9375, 132.9375,
        132.9375, 132.9375, 132.9375, 132.9375, 132.9375, 132.9375, 132.9375,
        132.9375, 132.9375, 132.9375, 132.9375, 132.9375, 132.9375, 132.9375,
        132.9375, 132.9375, 132.9375, 132.9375, 132.9375, 132.9375, 132.9375,
        132.9375, 132.9375, 132.9375, 132.9375, 132.9375, 132.9375, 132.9375,
        132.9375, 132.9375, 132.9375, 132.9375, 132.9375, 132.9375, 132.9375,
        132.9375, 132.9375, 132.9375, 132.9375, 132.9375, 132.9375, 132.9375,
        132.9375, 132.9375, 132.9375, 132.9375, 132.9375, 132.9375, 132.9375,
        132.9375, 132.9375, 132.9375, 132.9375, 132.9375, 132.9062, 132.9062,
        132.9062, 132.9062, 132.9062, 132.9062, 132.9062, 132.9062, 132.9062,
        132.9062, 132.9062, 132.9062, 132.9062, 132.9062, 132.9062, 132.9062,
        132.9062, 132.9062, 132.9062, 132.9062, 132.9062, 132.9062, 132.9062,
        132.9062, 132.9062, 132.9062, 132.9062, 132.9062, 132.9062, 132.9062,
        132.9062, 132.9062, 132.8750, 132.8750, 132.8750, 132.8750, 132.8750,
        132.8750, 132.8750, 132.8750, 132.8750, 132.8750, 132.8750, 132.8750,
        132.8750, 132.8750, 132.8750, 132.8750, 132.8750, 132.8750, 132.8750,
        132.8750, 132.8750, 132.8750, 132.8750, 132.8750, 132.8750, 132.8750,
        132.8438, 132.8438, 132.8438, 132.8438, 132.8438, 132.8438, 132.8438,
        132.8438, 132.8438, 132.8438, 132.8438, 132.8438, 132.8438, 132.8438,
        132.8438, 132.8438, 132.8438, 132.8438, 132.8438, 132.8438, 132.8438,
        132.8438, 132.8438, 132.8438, 132.8125, 132.8125, 132.8125, 132.8125,
        132.8125, 132.8125, 132.8125, 132.8125, 132.8125, 132.8125, 132.7812])
