[2024-09-19 20:53:10,863][root][INFO] - self.cfg: 
 lr: 0.0001
c_in: 6
zfar: 'Infinity'
debug: null
n_view: 1
run_id: 3wy8qqex
use_BN: true
exp_name: 2024-01-11-20-02-45
n_epochs: 62
save_dir: /home/bowenw/debug/2024-01-11-20-02-45/
use_mask: false
loss_type: pairwise_valid
optimizer: adam
batch_size: 64
crop_ratio: 1.1
enable_amp: true
use_normal: false
max_num_key: null
warmup_step: -1
input_resize:
- 160
- 160
max_step_val: 1000
vis_interval: 1000
weight_decay: 0
normalize_xyz: true
resume_run_id: null
clip_grad_norm: 'Infinity'
lr_epoch_decay: 500
render_backend: nvdiffrast
train_num_pair: 5
lr_decay_epochs:
- 50
n_epochs_warmup: 1
make_pair_online: false
gradient_max_norm: 'Infinity'
max_step_per_epoch: 10000
n_rendering_workers: 1
save_epoch_interval: 100
n_dataloader_workers: 100
split_objects_across_gpus: true
ckpt_dir: FoundationPose/learning/training/../../weights/2024-01-11-20-02-45/model_best.pth

[2024-09-19 20:53:10,863][root][INFO] - self.h5_file:None
[2024-09-19 20:53:11,039][root][INFO] - Using pretrained model from FoundationPose/learning/training/../../weights/2024-01-11-20-02-45/model_best.pth
[2024-09-19 20:53:11,099][root][INFO] - init done
[2024-09-19 20:53:11,099][root][INFO] - welcome
[2024-09-19 20:53:11,102][root][INFO] - self.cfg: 
 lr: 0.0001
c_in: 6
zfar: .inf
debug: null
w_rot: 0.1
n_view: 1
run_id: null
use_BN: true
rot_rep: axis_angle
ckpt_dir: FoundationPose/learning/training/../../weights/2023-10-28-18-33-37/model_best.pth
exp_name: 2023-10-28-18-33-37
save_dir: /tmp/2023-10-28-18-33-37/
loss_type: l2
optimizer: adam
trans_rep: tracknet
batch_size: 64
crop_ratio: 1.2
use_normal: false
BN_momentum: 0.1
max_num_key: null
warmup_step: -1
input_resize:
- 160
- 160
max_step_val: 1000
normal_uint8: false
vis_interval: 1000
weight_decay: 0
n_max_objects: null
normalize_xyz: true
clip_grad_norm: 'Infinity'
rot_normalizer: 0.3490658503988659
trans_normalizer:
- 0.019999999552965164
- 0.019999999552965164
- 0.05000000074505806
max_step_per_epoch: 25000
val_epoch_interval: 10
n_dataloader_workers: 60
enable_amp: true
use_mask: false

[2024-09-19 20:53:11,102][root][INFO] - self.h5_file:
[2024-09-19 20:53:11,152][root][INFO] - Using pretrained model from FoundationPose/learning/training/../../weights/2023-10-28-18-33-37/model_best.pth
[2024-09-19 20:53:11,174][root][INFO] - init done
[2024-09-19 20:53:13,368][root][INFO] - self.diameter:0.1547457087075223, vox_size:0.007737285435376115
[2024-09-19 20:53:13,383][root][INFO] - self.pts:torch.Size([795, 3])
[2024-09-19 20:53:14,382][root][INFO] - reset done
[2024-09-19 20:53:14,383][root][INFO] - cam_in_obs:(42, 4, 4)
[2024-09-19 20:53:14,404][root][INFO] - rot_grid:(252, 4, 4)
[2024-09-19 20:53:14,406][root][INFO] - after cluster, rot_grid:(252, 4, 4)
[2024-09-19 20:53:14,406][root][INFO] - self.rot_grid: torch.Size([252, 4, 4])
[2024-09-19 20:53:24,738][root][INFO] - Welcome
[2024-09-19 20:53:24,752][root][INFO] - poses:(252, 4, 4)
[2024-09-19 20:53:24,764][root][INFO] - after viewpoint, add_errs min:-1.0
[2024-09-19 20:53:24,814][root][INFO] - ob_in_cams:(252, 4, 4)
[2024-09-19 20:53:24,814][root][INFO] - self.cfg.use_normal:False
[2024-09-19 20:53:24,815][root][INFO] - trans_normalizer:[0.019999999552965164, 0.019999999552965164, 0.05000000074505806], rot_normalizer:0.3490658503988659
[2024-09-19 20:53:24,847][root][INFO] - making cropped data
[2024-09-19 20:53:24,848][root][INFO] - Welcome make_crop_data_batch
[2024-09-19 20:53:24,851][root][INFO] - make tf_to_crops done
[2024-09-19 20:53:24,882][root][INFO] - render done
[2024-09-19 20:53:24,888][root][INFO] - warp done
[2024-09-19 20:53:24,892][root][INFO] - pose batch data done
[2024-09-19 20:53:24,893][root][INFO] - forward start
[2024-09-19 20:53:25,011][root][INFO] - forward done
[2024-09-19 20:53:25,023][root][INFO] - making cropped data
[2024-09-19 20:53:25,023][root][INFO] - Welcome make_crop_data_batch
[2024-09-19 20:53:25,024][root][INFO] - make tf_to_crops done
[2024-09-19 20:53:25,048][root][INFO] - render done
[2024-09-19 20:53:25,052][root][INFO] - warp done
[2024-09-19 20:53:25,055][root][INFO] - pose batch data done
[2024-09-19 20:53:25,055][root][INFO] - forward start
[2024-09-19 20:53:25,056][root][INFO] - forward done
[2024-09-19 20:53:25,056][root][INFO] - making cropped data
[2024-09-19 20:53:25,056][root][INFO] - Welcome make_crop_data_batch
[2024-09-19 20:53:25,157][root][INFO] - make tf_to_crops done
[2024-09-19 20:53:25,180][root][INFO] - render done
[2024-09-19 20:53:25,184][root][INFO] - warp done
[2024-09-19 20:53:25,186][root][INFO] - pose batch data done
[2024-09-19 20:53:25,186][root][INFO] - forward start
[2024-09-19 20:53:25,188][root][INFO] - forward done
[2024-09-19 20:53:25,188][root][INFO] - making cropped data
[2024-09-19 20:53:25,188][root][INFO] - Welcome make_crop_data_batch
[2024-09-19 20:53:25,289][root][INFO] - make tf_to_crops done
[2024-09-19 20:53:25,311][root][INFO] - render done
[2024-09-19 20:53:25,316][root][INFO] - warp done
[2024-09-19 20:53:25,318][root][INFO] - pose batch data done
[2024-09-19 20:53:25,318][root][INFO] - forward start
[2024-09-19 20:53:25,320][root][INFO] - forward done
[2024-09-19 20:53:25,320][root][INFO] - making cropped data
[2024-09-19 20:53:25,320][root][INFO] - Welcome make_crop_data_batch
[2024-09-19 20:53:25,420][root][INFO] - make tf_to_crops done
[2024-09-19 20:53:25,442][root][INFO] - render done
[2024-09-19 20:53:25,447][root][INFO] - warp done
[2024-09-19 20:53:25,450][root][INFO] - pose batch data done
[2024-09-19 20:53:25,450][root][INFO] - forward start
[2024-09-19 20:53:25,451][root][INFO] - forward done
[2024-09-19 20:53:25,567][root][INFO] - ob_in_cams:(252, 4, 4)
[2024-09-19 20:53:25,567][root][INFO] - self.cfg.use_normal:False
[2024-09-19 20:53:25,567][root][INFO] - making cropped data
[2024-09-19 20:53:25,578][root][INFO] - Welcome make_crop_data_batch
[2024-09-19 20:53:25,579][root][INFO] - make tf_to_crops done
[2024-09-19 20:53:25,599][root][INFO] - render done
[2024-09-19 20:53:25,728][root][INFO] - pose batch data done
[2024-09-19 20:53:25,728][root][INFO] - pose_data.rgbAs.shape[0]: 252
[2024-09-19 20:53:25,827][root][INFO] - forward done
[2024-09-19 20:53:25,845][root][INFO] - final, add_errs min:-1.0
[2024-09-19 20:53:25,854][root][INFO] - sort ids:tensor([  4,  34,  76, 202, 244,  10, 100, 106, 130, 136, 226,  46, 189, 163,
        127, 169,   7,  43,  73, 103, 133, 145,   1,  97,  12,  37,  91, 115,
        121, 205,  13,  17,  36,  41,  83,  85, 150, 161,  18,  25,  79,  82,
         84, 114, 119, 120, 125, 155, 185, 204, 216,  23,  28,  78,  89, 118,
        229, 231, 124,  19,  31,  53,  88,  94, 178,  16,  22, 142, 144, 177,
         21,  62, 212,  15,  59,  81,  92,  93, 122,   6,  14,  20,  26, 225,
        230, 236,  27,  80,  86, 131,  87, 197,  95, 109, 116, 132,   5,  32,
         72,  99, 105, 123, 162,   8, 221, 243,  75,  98, 104, 137, 188,   3,
         33,  42,  47,  74, 134, 152, 156, 170,  40, 126, 203,  68, 135, 233,
         77, 101, 237, 249, 227, 157, 107, 172,  30,  11,  55,   2, 149, 175,
        151,  49,  70, 129, 193, 239,  67, 187, 224, 108,   0, 222,   9,  45,
         69, 218, 138, 250,  35,  61, 141, 180, 248, 148, 184, 190,  39,  90,
         96, 168, 174, 206,  29, 140, 143, 111, 173, 191, 196, 207, 214,  24,
         38, 166, 181, 194, 211, 102, 147, 165, 183, 232, 235, 238, 241, 242,
         56,  58, 110, 146, 160, 113, 200, 213, 219, 223, 247,  44,  52,  65,
        128, 139, 154, 158, 201, 209,  48, 171, 176, 208, 210, 217, 246, 117,
        153, 159, 164, 179, 192, 198, 220, 234, 240,  50,  60,  64,  71, 186,
        215, 251,  57, 112, 195, 245,  51,  63,  66, 228, 167, 182,  54, 199])
[2024-09-19 20:53:25,858][root][INFO] - sorted scores:tensor([74.7344, 74.7344, 74.7344, 74.7344, 74.7344, 74.7188, 74.7188, 74.7188,
        74.7188, 74.7188, 74.7188, 74.6875, 74.6562, 74.4531, 74.4375, 74.4375,
        74.4219, 74.4219, 74.4219, 74.4219, 74.4219, 74.4219, 74.4062, 74.4062,
        74.1250, 74.1250, 74.1250, 74.1250, 74.1250, 74.1250, 74.1094, 74.1094,
        74.1094, 74.1094, 74.1094, 74.1094, 74.1094, 74.1094, 74.0938, 74.0938,
        74.0938, 74.0938, 74.0938, 74.0938, 74.0938, 74.0938, 74.0938, 74.0938,
        74.0938, 74.0938, 74.0938, 74.0781, 74.0781, 74.0781, 74.0781, 74.0781,
        74.0781, 74.0781, 74.0625, 74.0469, 74.0469, 74.0469, 74.0469, 74.0469,
        74.0469, 74.0312, 74.0312, 74.0312, 74.0312, 74.0312, 74.0000, 74.0000,
        74.0000, 73.9844, 73.9844, 73.9844, 73.9844, 73.9844, 73.9844, 73.9688,
        73.9688, 73.9688, 73.9688, 73.9688, 73.9688, 73.9688, 73.9531, 73.9531,
        73.9531, 73.9531, 73.9375, 73.9375, 73.9219, 73.9219, 73.9219, 73.9219,
        73.9062, 73.9062, 73.9062, 73.9062, 73.9062, 73.9062, 73.9062, 73.8906,
        73.8906, 73.8906, 73.8750, 73.8750, 73.8750, 73.8750, 73.8750, 73.8594,
        73.8594, 73.8594, 73.8594, 73.8594, 73.8594, 73.8594, 73.8594, 73.8594,
        73.8438, 73.8438, 73.8438, 73.8281, 73.8281, 73.8281, 73.8125, 73.8125,
        73.7656, 73.7344, 73.6875, 73.6562, 73.6406, 73.6094, 73.5781, 73.5625,
        73.5469, 73.5312, 73.5312, 73.5312, 73.5156, 73.5000, 73.5000, 73.5000,
        73.5000, 73.5000, 73.4688, 73.4688, 73.4531, 73.4375, 73.4219, 73.4219,
        73.4062, 73.4062, 73.4062, 73.4062, 73.3750, 73.3750, 73.3438, 73.3438,
        73.3438, 73.3438, 73.3438, 73.3281, 73.3281, 73.3281, 73.3125, 73.3125,
        73.3125, 73.3125, 73.3125, 73.3125, 73.2969, 73.2969, 73.2969, 73.2812,
        73.2812, 73.2812, 73.2812, 73.2812, 73.2812, 73.2656, 73.2656, 73.2656,
        73.2656, 73.2656, 73.2656, 73.2500, 73.2500, 73.2500, 73.2500, 73.2500,
        73.2500, 73.2500, 73.2500, 73.2500, 73.2344, 73.2344, 73.2344, 73.2344,
        73.2344, 73.2188, 73.2188, 73.2188, 73.2188, 73.2188, 73.2188, 73.2031,
        73.2031, 73.2031, 73.2031, 73.2031, 73.2031, 73.2031, 73.2031, 73.2031,
        73.1875, 73.1875, 73.1875, 73.1875, 73.1875, 73.1875, 73.1875, 73.1719,
        73.1719, 73.1719, 73.1719, 73.1719, 73.1719, 73.1719, 73.1719, 73.1719,
        73.1719, 73.1562, 73.1562, 73.1562, 73.1562, 73.1562, 73.1562, 73.1562,
        73.1406, 73.1406, 73.1406, 73.1406, 73.1250, 73.1250, 73.1250, 73.1250,
        73.0781, 73.0781, 73.0625, 73.0469])
[2024-09-19 20:53:38,395][websockets.server][INFO] - server listening on 0.0.0.0:8080
[2024-09-19 20:53:40,752][websockets.server][INFO] - connection open
[2024-09-19 20:53:46,310][root][INFO] - Succeeded to open port: /dev/ttyUSB0
[2024-09-19 20:53:46,311][root][INFO] - Succeeded to set baudrate to 3000000
[2024-09-19 20:54:18,389][websockets.server][INFO] - connection open
