[2024-09-25 15:48:20,335][root][INFO] - self.cfg: 
 lr: 0.0001
c_in: 6
zfar: 'Infinity'
debug: null
n_view: 1
run_id: 3wy8qqex
use_BN: true
exp_name: 2024-01-11-20-02-45
n_epochs: 62
save_dir: /home/bowenw/debug/2024-01-11-20-02-45/
use_mask: false
loss_type: pairwise_valid
optimizer: adam
batch_size: 64
crop_ratio: 1.1
enable_amp: true
use_normal: false
max_num_key: null
warmup_step: -1
input_resize:
- 160
- 160
max_step_val: 1000
vis_interval: 1000
weight_decay: 0
normalize_xyz: true
resume_run_id: null
clip_grad_norm: 'Infinity'
lr_epoch_decay: 500
render_backend: nvdiffrast
train_num_pair: 5
lr_decay_epochs:
- 50
n_epochs_warmup: 1
make_pair_online: false
gradient_max_norm: 'Infinity'
max_step_per_epoch: 10000
n_rendering_workers: 1
save_epoch_interval: 100
n_dataloader_workers: 100
split_objects_across_gpus: true
ckpt_dir: FoundationPose/learning/training/../../weights/2024-01-11-20-02-45/model_best.pth

[2024-09-25 15:48:20,335][root][INFO] - self.h5_file:None
[2024-09-25 15:48:20,510][root][INFO] - Using pretrained model from FoundationPose/learning/training/../../weights/2024-01-11-20-02-45/model_best.pth
[2024-09-25 15:48:20,564][root][INFO] - init done
[2024-09-25 15:48:20,564][root][INFO] - welcome
[2024-09-25 15:48:20,568][root][INFO] - self.cfg: 
 lr: 0.0001
c_in: 6
zfar: .inf
debug: null
w_rot: 0.1
n_view: 1
run_id: null
use_BN: true
rot_rep: axis_angle
ckpt_dir: FoundationPose/learning/training/../../weights/2023-10-28-18-33-37/model_best.pth
exp_name: 2023-10-28-18-33-37
save_dir: /tmp/2023-10-28-18-33-37/
loss_type: l2
optimizer: adam
trans_rep: tracknet
batch_size: 64
crop_ratio: 1.2
use_normal: false
BN_momentum: 0.1
max_num_key: null
warmup_step: -1
input_resize:
- 160
- 160
max_step_val: 1000
normal_uint8: false
vis_interval: 1000
weight_decay: 0
n_max_objects: null
normalize_xyz: true
clip_grad_norm: 'Infinity'
rot_normalizer: 0.3490658503988659
trans_normalizer:
- 0.019999999552965164
- 0.019999999552965164
- 0.05000000074505806
max_step_per_epoch: 25000
val_epoch_interval: 10
n_dataloader_workers: 60
enable_amp: true
use_mask: false

[2024-09-25 15:48:20,568][root][INFO] - self.h5_file:
[2024-09-25 15:48:20,614][root][INFO] - Using pretrained model from FoundationPose/learning/training/../../weights/2023-10-28-18-33-37/model_best.pth
[2024-09-25 15:48:20,630][root][INFO] - init done
[2024-09-25 15:48:22,786][root][INFO] - self.diameter:0.137712368854882, vox_size:0.0068856184427441
[2024-09-25 15:48:22,801][root][INFO] - self.pts:torch.Size([807, 3])
[2024-09-25 15:48:23,762][root][INFO] - reset done
[2024-09-25 15:48:23,763][root][INFO] - cam_in_obs:(42, 4, 4)
[2024-09-25 15:48:23,764][root][INFO] - rot_grid:(252, 4, 4)
[2024-09-25 15:48:23,765][root][INFO] - after cluster, rot_grid:(252, 4, 4)
[2024-09-25 15:48:23,765][root][INFO] - self.rot_grid: torch.Size([252, 4, 4])
[2024-09-25 15:48:31,969][root][INFO] - Welcome
[2024-09-25 15:48:31,984][root][INFO] - poses:(252, 4, 4)
[2024-09-25 15:48:31,993][root][INFO] - after viewpoint, add_errs min:-1.0
[2024-09-25 15:48:32,039][root][INFO] - ob_in_cams:(252, 4, 4)
[2024-09-25 15:48:32,046][root][INFO] - self.cfg.use_normal:False
[2024-09-25 15:48:32,046][root][INFO] - trans_normalizer:[0.019999999552965164, 0.019999999552965164, 0.05000000074505806], rot_normalizer:0.3490658503988659
[2024-09-25 15:48:32,070][root][INFO] - making cropped data
[2024-09-25 15:48:32,070][root][INFO] - Welcome make_crop_data_batch
[2024-09-25 15:48:32,073][root][INFO] - make tf_to_crops done
[2024-09-25 15:48:32,101][root][INFO] - render done
[2024-09-25 15:48:32,107][root][INFO] - warp done
[2024-09-25 15:48:32,112][root][INFO] - pose batch data done
[2024-09-25 15:48:32,112][root][INFO] - forward start
[2024-09-25 15:48:32,226][root][INFO] - forward done
[2024-09-25 15:48:32,236][root][INFO] - making cropped data
[2024-09-25 15:48:32,236][root][INFO] - Welcome make_crop_data_batch
[2024-09-25 15:48:32,237][root][INFO] - make tf_to_crops done
[2024-09-25 15:48:32,256][root][INFO] - render done
[2024-09-25 15:48:32,259][root][INFO] - warp done
[2024-09-25 15:48:32,262][root][INFO] - pose batch data done
[2024-09-25 15:48:32,262][root][INFO] - forward start
[2024-09-25 15:48:32,263][root][INFO] - forward done
[2024-09-25 15:48:32,264][root][INFO] - making cropped data
[2024-09-25 15:48:32,264][root][INFO] - Welcome make_crop_data_batch
[2024-09-25 15:48:32,360][root][INFO] - make tf_to_crops done
[2024-09-25 15:48:32,378][root][INFO] - render done
[2024-09-25 15:48:32,381][root][INFO] - warp done
[2024-09-25 15:48:32,384][root][INFO] - pose batch data done
[2024-09-25 15:48:32,384][root][INFO] - forward start
[2024-09-25 15:48:32,385][root][INFO] - forward done
[2024-09-25 15:48:32,385][root][INFO] - making cropped data
[2024-09-25 15:48:32,385][root][INFO] - Welcome make_crop_data_batch
[2024-09-25 15:48:32,480][root][INFO] - make tf_to_crops done
[2024-09-25 15:48:32,499][root][INFO] - render done
[2024-09-25 15:48:32,502][root][INFO] - warp done
[2024-09-25 15:48:32,505][root][INFO] - pose batch data done
[2024-09-25 15:48:32,505][root][INFO] - forward start
[2024-09-25 15:48:32,506][root][INFO] - forward done
[2024-09-25 15:48:32,506][root][INFO] - making cropped data
[2024-09-25 15:48:32,506][root][INFO] - Welcome make_crop_data_batch
[2024-09-25 15:48:32,601][root][INFO] - make tf_to_crops done
[2024-09-25 15:48:32,620][root][INFO] - render done
[2024-09-25 15:48:32,623][root][INFO] - warp done
[2024-09-25 15:48:32,626][root][INFO] - pose batch data done
[2024-09-25 15:48:32,626][root][INFO] - forward start
[2024-09-25 15:48:32,627][root][INFO] - forward done
[2024-09-25 15:48:32,737][root][INFO] - ob_in_cams:(252, 4, 4)
[2024-09-25 15:48:32,737][root][INFO] - self.cfg.use_normal:False
[2024-09-25 15:48:32,737][root][INFO] - making cropped data
[2024-09-25 15:48:32,744][root][INFO] - Welcome make_crop_data_batch
[2024-09-25 15:48:32,744][root][INFO] - make tf_to_crops done
[2024-09-25 15:48:32,761][root][INFO] - render done
[2024-09-25 15:48:32,883][root][INFO] - pose batch data done
[2024-09-25 15:48:32,884][root][INFO] - pose_data.rgbAs.shape[0]: 252
[2024-09-25 15:48:32,977][root][INFO] - forward done
[2024-09-25 15:48:32,994][root][INFO] - final, add_errs min:-1.0
[2024-09-25 15:48:33,004][root][INFO] - sort ids:tensor([  5,  65,  71, 131, 203, 221, 227, 233, 239, 244, 245, 251, 209, 250,
         64, 226,  70, 111, 167, 155,  53,  34, 215,  51, 202,  52,  62,  66,
        145, 146,  27,  49,  45, 173, 219, 170,   4,  59, 100, 201, 154, 178,
          0, 198, 110, 216, 248, 196, 129, 164, 200, 166, 242,  26, 112, 187,
        191,  22, 184, 132, 160, 161,   7, 230, 169, 183,  48, 224, 126, 218,
         31,  43,  55, 240,  86, 141, 235, 247,  69, 206, 211, 133, 149, 175,
        223,  56, 135,  68, 176, 113, 162, 237, 124, 197,   6,  47, 109, 151,
        249,  46, 108, 188, 168, 128, 148, 186,  33,  54,  57, 158, 192, 231,
        136,  21,  85, 144, 246, 193, 194, 208,  30, 125, 204, 229,  72,  13,
         23,  93, 115,  17,  83, 181,  87, 102, 165,  37,  79,  82, 120, 152,
        153, 214,  67,  98, 138,  19,  50, 163, 234,  42, 179,  25,  39,  94,
         12,  28,  44,  91, 142, 207, 236,  84,   2,  20,  24,  92, 121, 157,
        177, 180, 228,  38,  88, 118, 159, 243,  40,  80,  90, 150,  95, 122,
        182, 185, 210, 212, 119,  63, 137,  60, 241, 123,  58,  78, 117,   1,
         14,   3,  10,  81, 143, 205,  96, 174, 222,  61, 195,  29, 116,  15,
         16,  41,  18, 156, 213,  32,  89,  36, 232, 217, 105, 139,  97, 114,
        238, 189, 103, 104,  99, 171, 172,  75, 147, 140,   9, 220,   8,  74,
        199, 190, 101,  76, 106, 127, 134, 225,  73,  35,  77,  11, 107, 130])
[2024-09-25 15:48:33,007][root][INFO] - sorted scores:tensor([109.3359, 109.3359, 109.3359, 109.3359, 109.3359, 109.3359, 109.3359,
        109.3359, 109.3359, 109.3359, 109.3359, 109.3359, 109.3281, 109.3281,
        109.3203, 109.3203, 109.3047, 109.2031, 109.0312, 108.9844, 108.9766,
        108.9219, 108.8828, 108.8672, 108.8672, 108.8594, 108.8594, 108.8516,
        108.8438, 108.8438, 108.8281, 108.8203, 108.8125, 108.8047, 108.8047,
        108.7969, 108.7891, 108.7891, 108.7891, 108.7891, 108.7734, 108.7656,
        108.7500, 108.7500, 108.7266, 108.7266, 108.7266, 108.7188, 108.7109,
        108.7109, 108.7109, 108.7031, 108.6953, 108.6875, 108.6797, 108.6797,
        108.6797, 108.6641, 108.6484, 108.6328, 108.6328, 108.6328, 108.6250,
        108.6250, 108.6172, 108.6172, 108.6094, 108.6094, 108.6016, 108.6016,
        108.5859, 108.5859, 108.5859, 108.5859, 108.5703, 108.5703, 108.5703,
        108.5703, 108.5625, 108.5469, 108.5391, 108.5234, 108.5234, 108.5234,
        108.5234, 108.5156, 108.5156, 108.5078, 108.5078, 108.5000, 108.5000,
        108.5000, 108.4922, 108.4922, 108.4844, 108.4766, 108.4766, 108.4766,
        108.4766, 108.4609, 108.4609, 108.4531, 108.4453, 108.4219, 108.4141,
        108.4141, 108.4062, 108.4062, 108.4062, 108.4062, 108.4062, 108.4062,
        108.3984, 108.3906, 108.3906, 108.3906, 108.3906, 108.3750, 108.3750,
        108.3672, 108.3594, 108.3594, 108.3594, 108.3594, 108.3516, 108.3438,
        108.3438, 108.3438, 108.3438, 108.3359, 108.3359, 108.3359, 108.3281,
        108.3281, 108.3281, 108.3203, 108.3203, 108.3203, 108.3203, 108.3203,
        108.3203, 108.3203, 108.3125, 108.3125, 108.3125, 108.3047, 108.3047,
        108.3047, 108.3047, 108.2969, 108.2969, 108.2891, 108.2891, 108.2891,
        108.2812, 108.2812, 108.2812, 108.2812, 108.2812, 108.2734, 108.2734,
        108.2656, 108.2578, 108.2578, 108.2578, 108.2578, 108.2578, 108.2578,
        108.2578, 108.2578, 108.2578, 108.2500, 108.2500, 108.2500, 108.2500,
        108.2500, 108.2422, 108.2344, 108.2344, 108.2344, 108.2266, 108.2266,
        108.2266, 108.2266, 108.2266, 108.2266, 108.2188, 108.2109, 108.2109,
        108.2031, 108.2031, 108.1953, 108.1719, 108.1719, 108.1719, 108.1641,
        108.1641, 108.1484, 108.1484, 108.1484, 108.1406, 108.1406, 108.1328,
        108.1328, 108.1328, 108.1250, 108.1250, 108.1172, 108.1172, 108.1094,
        108.1094, 108.1094, 108.0938, 108.0938, 108.0938, 108.0859, 108.0859,
        108.0703, 108.0703, 108.0625, 108.0547, 108.0547, 108.0469, 108.0469,
        108.0469, 108.0234, 108.0156, 108.0156, 108.0078, 107.9961, 107.9961,
        107.9922, 107.9805, 107.9727, 107.9648, 107.9609, 107.9570, 107.9531,
        107.9531, 107.9492, 107.9297, 107.9258, 107.9219, 107.9219, 107.9062,
        107.9062, 107.9023, 107.8984, 107.8633, 107.8516, 107.8516, 107.8516])
