[2024-09-19 20:05:27,691][root][INFO] - self.cfg: 
 lr: 0.0001
c_in: 6
zfar: 'Infinity'
debug: null
n_view: 1
run_id: 3wy8qqex
use_BN: true
exp_name: 2024-01-11-20-02-45
n_epochs: 62
save_dir: /home/bowenw/debug/2024-01-11-20-02-45/
use_mask: false
loss_type: pairwise_valid
optimizer: adam
batch_size: 64
crop_ratio: 1.1
enable_amp: true
use_normal: false
max_num_key: null
warmup_step: -1
input_resize:
- 160
- 160
max_step_val: 1000
vis_interval: 1000
weight_decay: 0
normalize_xyz: true
resume_run_id: null
clip_grad_norm: 'Infinity'
lr_epoch_decay: 500
render_backend: nvdiffrast
train_num_pair: 5
lr_decay_epochs:
- 50
n_epochs_warmup: 1
make_pair_online: false
gradient_max_norm: 'Infinity'
max_step_per_epoch: 10000
n_rendering_workers: 1
save_epoch_interval: 100
n_dataloader_workers: 100
split_objects_across_gpus: true
ckpt_dir: FoundationPose/learning/training/../../weights/2024-01-11-20-02-45/model_best.pth

[2024-09-19 20:05:27,691][root][INFO] - self.h5_file:None
[2024-09-19 20:05:27,947][root][INFO] - Using pretrained model from FoundationPose/learning/training/../../weights/2024-01-11-20-02-45/model_best.pth
[2024-09-19 20:05:28,008][root][INFO] - init done
[2024-09-19 20:05:28,009][root][INFO] - welcome
[2024-09-19 20:05:28,012][root][INFO] - self.cfg: 
 lr: 0.0001
c_in: 6
zfar: .inf
debug: null
w_rot: 0.1
n_view: 1
run_id: null
use_BN: true
rot_rep: axis_angle
ckpt_dir: FoundationPose/learning/training/../../weights/2023-10-28-18-33-37/model_best.pth
exp_name: 2023-10-28-18-33-37
save_dir: /tmp/2023-10-28-18-33-37/
loss_type: l2
optimizer: adam
trans_rep: tracknet
batch_size: 64
crop_ratio: 1.2
use_normal: false
BN_momentum: 0.1
max_num_key: null
warmup_step: -1
input_resize:
- 160
- 160
max_step_val: 1000
normal_uint8: false
vis_interval: 1000
weight_decay: 0
n_max_objects: null
normalize_xyz: true
clip_grad_norm: 'Infinity'
rot_normalizer: 0.3490658503988659
trans_normalizer:
- 0.019999999552965164
- 0.019999999552965164
- 0.05000000074505806
max_step_per_epoch: 25000
val_epoch_interval: 10
n_dataloader_workers: 60
enable_amp: true
use_mask: false

[2024-09-19 20:05:28,012][root][INFO] - self.h5_file:
[2024-09-19 20:05:28,140][root][INFO] - Using pretrained model from FoundationPose/learning/training/../../weights/2023-10-28-18-33-37/model_best.pth
[2024-09-19 20:05:28,174][root][INFO] - init done
[2024-09-19 20:05:30,448][root][INFO] - self.diameter:0.21709152741543625, vox_size:0.010854576370771812
[2024-09-19 20:05:30,463][root][INFO] - self.pts:torch.Size([492, 3])
[2024-09-19 20:05:31,276][root][INFO] - reset done
[2024-09-19 20:05:31,277][root][INFO] - cam_in_obs:(42, 4, 4)
[2024-09-19 20:05:31,289][root][INFO] - rot_grid:(252, 4, 4)
[2024-09-19 20:05:31,290][root][INFO] - after cluster, rot_grid:(252, 4, 4)
[2024-09-19 20:05:31,290][root][INFO] - self.rot_grid: torch.Size([252, 4, 4])
[2024-09-19 20:05:39,051][root][INFO] - Welcome
[2024-09-19 20:05:39,065][root][INFO] - poses:(252, 4, 4)
[2024-09-19 20:05:39,075][root][INFO] - after viewpoint, add_errs min:-1.0
[2024-09-19 20:05:39,153][root][INFO] - ob_in_cams:(252, 4, 4)
[2024-09-19 20:05:39,153][root][INFO] - self.cfg.use_normal:False
[2024-09-19 20:05:39,153][root][INFO] - trans_normalizer:[0.019999999552965164, 0.019999999552965164, 0.05000000074505806], rot_normalizer:0.3490658503988659
[2024-09-19 20:05:39,163][root][INFO] - making cropped data
[2024-09-19 20:05:39,163][root][INFO] - Welcome make_crop_data_batch
[2024-09-19 20:05:39,167][root][INFO] - make tf_to_crops done
[2024-09-19 20:05:39,197][root][INFO] - render done
[2024-09-19 20:05:39,204][root][INFO] - warp done
[2024-09-19 20:05:39,209][root][INFO] - pose batch data done
[2024-09-19 20:05:39,209][root][INFO] - forward start
[2024-09-19 20:05:39,328][root][INFO] - forward done
[2024-09-19 20:05:39,338][root][INFO] - making cropped data
[2024-09-19 20:05:39,338][root][INFO] - Welcome make_crop_data_batch
[2024-09-19 20:05:39,339][root][INFO] - make tf_to_crops done
[2024-09-19 20:05:39,359][root][INFO] - render done
[2024-09-19 20:05:39,362][root][INFO] - warp done
[2024-09-19 20:05:39,364][root][INFO] - pose batch data done
[2024-09-19 20:05:39,364][root][INFO] - forward start
[2024-09-19 20:05:39,366][root][INFO] - forward done
[2024-09-19 20:05:39,366][root][INFO] - making cropped data
[2024-09-19 20:05:39,366][root][INFO] - Welcome make_crop_data_batch
[2024-09-19 20:05:39,465][root][INFO] - make tf_to_crops done
[2024-09-19 20:05:39,485][root][INFO] - render done
[2024-09-19 20:05:39,489][root][INFO] - warp done
[2024-09-19 20:05:39,492][root][INFO] - pose batch data done
[2024-09-19 20:05:39,492][root][INFO] - forward start
[2024-09-19 20:05:39,493][root][INFO] - forward done
[2024-09-19 20:05:39,493][root][INFO] - making cropped data
[2024-09-19 20:05:39,493][root][INFO] - Welcome make_crop_data_batch
[2024-09-19 20:05:39,592][root][INFO] - make tf_to_crops done
[2024-09-19 20:05:39,611][root][INFO] - render done
[2024-09-19 20:05:39,614][root][INFO] - warp done
[2024-09-19 20:05:39,617][root][INFO] - pose batch data done
[2024-09-19 20:05:39,617][root][INFO] - forward start
[2024-09-19 20:05:39,619][root][INFO] - forward done
[2024-09-19 20:05:39,619][root][INFO] - making cropped data
[2024-09-19 20:05:39,619][root][INFO] - Welcome make_crop_data_batch
[2024-09-19 20:05:39,717][root][INFO] - make tf_to_crops done
[2024-09-19 20:05:39,737][root][INFO] - render done
[2024-09-19 20:05:39,741][root][INFO] - warp done
[2024-09-19 20:05:39,743][root][INFO] - pose batch data done
[2024-09-19 20:05:39,744][root][INFO] - forward start
[2024-09-19 20:05:39,745][root][INFO] - forward done
[2024-09-19 20:05:39,860][root][INFO] - ob_in_cams:(252, 4, 4)
[2024-09-19 20:05:39,860][root][INFO] - self.cfg.use_normal:False
[2024-09-19 20:05:39,861][root][INFO] - making cropped data
[2024-09-19 20:05:39,874][root][INFO] - Welcome make_crop_data_batch
[2024-09-19 20:05:39,874][root][INFO] - make tf_to_crops done
[2024-09-19 20:05:39,892][root][INFO] - render done
[2024-09-19 20:05:40,017][root][INFO] - pose batch data done
[2024-09-19 20:05:40,017][root][INFO] - pose_data.rgbAs.shape[0]: 252
[2024-09-19 20:05:40,114][root][INFO] - forward done
[2024-09-19 20:05:40,132][root][INFO] - final, add_errs min:-1.0
[2024-09-19 20:05:40,142][root][INFO] - sort ids:tensor([143, 249,  60, 183, 215,  51,  69,  57,  63, 195, 246,  48,  66, 182,
        242, 162, 167, 189, 234, 139, 210, 157,  46, 217, 159, 110, 216, 113,
        165, 240, 142, 156, 190, 237,  26, 109, 192, 140, 186, 235, 238,  54,
         97, 180, 213, 112, 219, 243,  49, 117,   1,  37,  55,  17,  20, 127,
        118, 123, 136, 208,   2,  16,  35,  84,  91, 122, 128, 172, 175, 199,
        245,  30,  39,  40,  53, 181, 232,  10,  19,  62,  65, 135, 251,  25,
         89,  90, 168, 223,   0,  24,  45,  56,  68,  71, 166, 209, 211,  59,
        102, 107, 164, 173,  50,  96, 108, 194, 197, 200,  28, 103, 129, 148,
        151, 161, 174, 248,  11, 138, 119, 147, 176, 207, 222, 225,  29, 106,
        184, 191, 239,  43, 141, 150, 160, 204, 212,  15,  31,  38, 171, 177,
        198,  21,  27,  44, 149, 193, 224, 241,  18,  64,  73,  81,  85, 100,
        114,   8,  70,  93,  94,  98, 104, 121, 250,   7,  79,  80,  86,  87,
        124, 131, 145, 233,  12,  23,  78, 105, 146, 158, 170, 185, 214, 220,
        236,   3,   6,  13,  22,  34,  74,  76,  83,  88,  92,  95, 120, 130,
        133, 137, 152, 154, 203, 231,   5,  47, 111, 134, 144, 178, 187, 188,
        205, 229, 230, 244,  32,  36,  42,  58,  72,  99, 101, 115, 126, 132,
        155, 169, 202, 206, 228,   4,  14,  33,  41,  75,  77,  82, 125, 163,
        179, 201, 218, 221,   9,  61, 226, 227, 116, 153,  67, 196,  52, 247])
[2024-09-19 20:05:40,145][root][INFO] - sorted scores:tensor([129.0625, 128.7969, 128.7656, 128.7344, 128.7344, 128.6875, 128.6719,
        128.6406, 128.6406, 128.6406, 128.6406, 128.6250, 128.6094, 128.5625,
        128.5625, 128.5469, 128.5312, 128.5312, 128.5156, 128.5000, 128.5000,
        128.4844, 128.4688, 128.4531, 128.4375, 128.4062, 128.4062, 128.3906,
        128.3906, 128.3750, 128.3594, 128.3594, 128.3594, 128.3594, 128.3438,
        128.3438, 128.3438, 128.3281, 128.3281, 128.3281, 128.3281, 128.3125,
        128.3125, 128.3125, 128.3125, 128.2969, 128.2969, 128.2969, 128.2812,
        128.2812, 128.2656, 128.2656, 128.2656, 128.2500, 128.2500, 128.2500,
        128.2344, 128.2344, 128.2344, 128.2344, 128.2188, 128.2188, 128.2188,
        128.2188, 128.2188, 128.2188, 128.2188, 128.2188, 128.2188, 128.2188,
        128.2188, 128.2031, 128.2031, 128.2031, 128.2031, 128.2031, 128.2031,
        128.1875, 128.1875, 128.1875, 128.1875, 128.1875, 128.1875, 128.1719,
        128.1719, 128.1719, 128.1719, 128.1719, 128.1562, 128.1562, 128.1562,
        128.1562, 128.1562, 128.1562, 128.1562, 128.1562, 128.1562, 128.1406,
        128.1406, 128.1406, 128.1406, 128.1406, 128.1250, 128.1250, 128.1250,
        128.1250, 128.1250, 128.1250, 128.1094, 128.1094, 128.1094, 128.1094,
        128.1094, 128.1094, 128.1094, 128.1094, 128.0938, 128.0938, 128.0781,
        128.0781, 128.0781, 128.0781, 128.0781, 128.0781, 128.0625, 128.0625,
        128.0625, 128.0625, 128.0625, 128.0469, 128.0469, 128.0469, 128.0469,
        128.0469, 128.0469, 128.0312, 128.0312, 128.0312, 128.0312, 128.0312,
        128.0312, 128.0156, 128.0156, 128.0156, 128.0156, 128.0156, 128.0156,
        128.0156, 128.0000, 128.0000, 128.0000, 128.0000, 128.0000, 128.0000,
        128.0000, 127.9844, 127.9844, 127.9844, 127.9844, 127.9844, 127.9844,
        127.9844, 127.9844, 127.9688, 127.9688, 127.9688, 127.9688, 127.9688,
        127.9688, 127.9688, 127.9688, 127.9688, 127.9531, 127.9531, 127.9531,
        127.9531, 127.9531, 127.9531, 127.9531, 127.9531, 127.9531, 127.9531,
        127.9531, 127.9375, 127.9375, 127.9375, 127.9375, 127.9375, 127.9375,
        127.9375, 127.9375, 127.9375, 127.9375, 127.9375, 127.9375, 127.9375,
        127.9375, 127.9375, 127.9375, 127.9375, 127.9375, 127.9375, 127.9219,
        127.9219, 127.9219, 127.9219, 127.9219, 127.9219, 127.9219, 127.9219,
        127.9219, 127.9219, 127.9219, 127.9219, 127.9062, 127.9062, 127.9062,
        127.9062, 127.9062, 127.9062, 127.9062, 127.9062, 127.9062, 127.9062,
        127.9062, 127.9062, 127.9062, 127.9062, 127.9062, 127.8906, 127.8906,
        127.8906, 127.8906, 127.8906, 127.8906, 127.8906, 127.8906, 127.8906,
        127.8906, 127.8906, 127.8906, 127.8906, 127.8750, 127.8750, 127.8750,
        127.8750, 127.8594, 127.8594, 127.8281, 127.8125, 127.7812, 127.7812])
[2024-09-19 20:05:45,334][websockets.server][INFO] - server listening on 0.0.0.0:8080
