[2024-09-20 10:57:42,649][root][INFO] - self.cfg: 
 lr: 0.0001
c_in: 6
zfar: 'Infinity'
debug: null
n_view: 1
run_id: 3wy8qqex
use_BN: true
exp_name: 2024-01-11-20-02-45
n_epochs: 62
save_dir: /home/bowenw/debug/2024-01-11-20-02-45/
use_mask: false
loss_type: pairwise_valid
optimizer: adam
batch_size: 64
crop_ratio: 1.1
enable_amp: true
use_normal: false
max_num_key: null
warmup_step: -1
input_resize:
- 160
- 160
max_step_val: 1000
vis_interval: 1000
weight_decay: 0
normalize_xyz: true
resume_run_id: null
clip_grad_norm: 'Infinity'
lr_epoch_decay: 500
render_backend: nvdiffrast
train_num_pair: 5
lr_decay_epochs:
- 50
n_epochs_warmup: 1
make_pair_online: false
gradient_max_norm: 'Infinity'
max_step_per_epoch: 10000
n_rendering_workers: 1
save_epoch_interval: 100
n_dataloader_workers: 100
split_objects_across_gpus: true
ckpt_dir: FoundationPose/learning/training/../../weights/2024-01-11-20-02-45/model_best.pth

[2024-09-20 10:57:42,649][root][INFO] - self.h5_file:None
[2024-09-20 10:57:42,826][root][INFO] - Using pretrained model from FoundationPose/learning/training/../../weights/2024-01-11-20-02-45/model_best.pth
[2024-09-20 10:57:42,885][root][INFO] - init done
[2024-09-20 10:57:42,885][root][INFO] - welcome
[2024-09-20 10:57:42,888][root][INFO] - self.cfg: 
 lr: 0.0001
c_in: 6
zfar: .inf
debug: null
w_rot: 0.1
n_view: 1
run_id: null
use_BN: true
rot_rep: axis_angle
ckpt_dir: FoundationPose/learning/training/../../weights/2023-10-28-18-33-37/model_best.pth
exp_name: 2023-10-28-18-33-37
save_dir: /tmp/2023-10-28-18-33-37/
loss_type: l2
optimizer: adam
trans_rep: tracknet
batch_size: 64
crop_ratio: 1.2
use_normal: false
BN_momentum: 0.1
max_num_key: null
warmup_step: -1
input_resize:
- 160
- 160
max_step_val: 1000
normal_uint8: false
vis_interval: 1000
weight_decay: 0
n_max_objects: null
normalize_xyz: true
clip_grad_norm: 'Infinity'
rot_normalizer: 0.3490658503988659
trans_normalizer:
- 0.019999999552965164
- 0.019999999552965164
- 0.05000000074505806
max_step_per_epoch: 25000
val_epoch_interval: 10
n_dataloader_workers: 60
enable_amp: true
use_mask: false

[2024-09-20 10:57:42,888][root][INFO] - self.h5_file:
[2024-09-20 10:57:42,934][root][INFO] - Using pretrained model from FoundationPose/learning/training/../../weights/2023-10-28-18-33-37/model_best.pth
[2024-09-20 10:57:42,957][root][INFO] - init done
[2024-09-20 10:57:45,072][root][INFO] - self.diameter:0.2324774443430137, vox_size:0.011623872217150685
[2024-09-20 10:57:45,087][root][INFO] - self.pts:torch.Size([385, 3])
[2024-09-20 10:57:45,895][root][INFO] - reset done
[2024-09-20 10:57:45,896][root][INFO] - cam_in_obs:(42, 4, 4)
[2024-09-20 10:57:45,897][root][INFO] - rot_grid:(252, 4, 4)
[2024-09-20 10:57:45,899][root][INFO] - after cluster, rot_grid:(252, 4, 4)
[2024-09-20 10:57:45,899][root][INFO] - self.rot_grid: torch.Size([252, 4, 4])
[2024-09-20 10:57:57,893][root][INFO] - Welcome
[2024-09-20 10:57:57,922][root][INFO] - poses:(252, 4, 4)
[2024-09-20 10:57:57,932][root][INFO] - after viewpoint, add_errs min:-1.0
[2024-09-20 10:57:57,963][root][INFO] - ob_in_cams:(252, 4, 4)
[2024-09-20 10:57:57,963][root][INFO] - self.cfg.use_normal:False
[2024-09-20 10:57:57,964][root][INFO] - trans_normalizer:[0.019999999552965164, 0.019999999552965164, 0.05000000074505806], rot_normalizer:0.3490658503988659
[2024-09-20 10:57:57,994][root][INFO] - making cropped data
[2024-09-20 10:57:57,995][root][INFO] - Welcome make_crop_data_batch
[2024-09-20 10:57:57,999][root][INFO] - make tf_to_crops done
[2024-09-20 10:57:58,031][root][INFO] - render done
[2024-09-20 10:57:58,038][root][INFO] - warp done
[2024-09-20 10:57:58,043][root][INFO] - pose batch data done
[2024-09-20 10:57:58,043][root][INFO] - forward start
[2024-09-20 10:57:58,161][root][INFO] - forward done
[2024-09-20 10:57:58,172][root][INFO] - making cropped data
[2024-09-20 10:57:58,172][root][INFO] - Welcome make_crop_data_batch
[2024-09-20 10:57:58,173][root][INFO] - make tf_to_crops done
[2024-09-20 10:57:58,191][root][INFO] - render done
[2024-09-20 10:57:58,194][root][INFO] - warp done
[2024-09-20 10:57:58,197][root][INFO] - pose batch data done
[2024-09-20 10:57:58,197][root][INFO] - forward start
[2024-09-20 10:57:58,199][root][INFO] - forward done
[2024-09-20 10:57:58,199][root][INFO] - making cropped data
[2024-09-20 10:57:58,199][root][INFO] - Welcome make_crop_data_batch
[2024-09-20 10:57:58,298][root][INFO] - make tf_to_crops done
[2024-09-20 10:57:58,316][root][INFO] - render done
[2024-09-20 10:57:58,321][root][INFO] - warp done
[2024-09-20 10:57:58,324][root][INFO] - pose batch data done
[2024-09-20 10:57:58,324][root][INFO] - forward start
[2024-09-20 10:57:58,325][root][INFO] - forward done
[2024-09-20 10:57:58,325][root][INFO] - making cropped data
[2024-09-20 10:57:58,325][root][INFO] - Welcome make_crop_data_batch
[2024-09-20 10:57:58,425][root][INFO] - make tf_to_crops done
[2024-09-20 10:57:58,442][root][INFO] - render done
[2024-09-20 10:57:58,446][root][INFO] - warp done
[2024-09-20 10:57:58,448][root][INFO] - pose batch data done
[2024-09-20 10:57:58,448][root][INFO] - forward start
[2024-09-20 10:57:58,450][root][INFO] - forward done
[2024-09-20 10:57:58,450][root][INFO] - making cropped data
[2024-09-20 10:57:58,450][root][INFO] - Welcome make_crop_data_batch
[2024-09-20 10:57:58,550][root][INFO] - make tf_to_crops done
[2024-09-20 10:57:58,567][root][INFO] - render done
[2024-09-20 10:57:58,572][root][INFO] - warp done
[2024-09-20 10:57:58,575][root][INFO] - pose batch data done
[2024-09-20 10:57:58,575][root][INFO] - forward start
[2024-09-20 10:57:58,576][root][INFO] - forward done
[2024-09-20 10:57:58,691][root][INFO] - ob_in_cams:(252, 4, 4)
[2024-09-20 10:57:58,691][root][INFO] - self.cfg.use_normal:False
[2024-09-20 10:57:58,691][root][INFO] - making cropped data
[2024-09-20 10:57:58,699][root][INFO] - Welcome make_crop_data_batch
[2024-09-20 10:57:58,699][root][INFO] - make tf_to_crops done
[2024-09-20 10:57:58,715][root][INFO] - render done
[2024-09-20 10:57:58,844][root][INFO] - pose batch data done
[2024-09-20 10:57:58,844][root][INFO] - pose_data.rgbAs.shape[0]: 252
[2024-09-20 10:57:58,940][root][INFO] - forward done
[2024-09-20 10:57:58,958][root][INFO] - final, add_errs min:-1.0
[2024-09-20 10:57:58,968][root][INFO] - sort ids:tensor([  6,  72,  96, 107, 126, 131, 132, 137, 144, 221,   5,  11,  42,  47,
         77, 102, 138, 163, 198,   0,  65, 101, 168, 203, 227, 105, 189,   3,
          9,  33,  74,  75,  99, 104, 128, 170, 171, 188, 201, 225, 244,   2,
          8,  98, 129, 134, 135, 243,  45, 226, 106,  76, 199, 222,  35, 169,
        216, 220,  43, 147, 164,   7,  97, 103, 224, 146, 245,  32, 127,   1,
         31, 133,  10,  44,  73,   4, 100, 130, 149, 202, 242, 141, 145, 197,
        136,  59,  34,  46, 172,  62,  29, 223,  56, 156,  50, 111, 248, 187,
        208, 212, 180,  20, 151, 162, 184, 200,  52, 123, 174,  14,  61,  81,
         87, 117, 175, 186, 209, 215, 235, 237,  21,  41,  80, 230, 231,  27,
         93, 122, 148, 236,  25,  78,  86, 108, 116, 177, 196,  15,  26,  53,
         70, 155, 160, 161, 182, 218,  36,  39,  40,  68,  92, 125, 150, 152,
        167, 179, 239,  18, 114, 120, 173, 183, 207, 210,  12,  16,  95, 233,
        249,  48,  58,  82,  83,  88, 153, 154, 246,  22,  23,  49,  94, 124,
        176, 214, 228,  28,  84, 191, 206, 211,  17,  24,  89,  90, 119, 185,
        251,  38, 118, 204, 234,  71, 240, 178, 194,  19,  30,  37,  69,  91,
        121, 158, 205, 229, 241,  13,  79,  85, 115,  55, 181, 142,  60, 109,
         67, 139, 112, 157, 166,  66, 159, 192,  57, 213, 140, 195, 110, 217,
         63, 143, 165, 219,  51,  54, 190, 113,  64, 238, 247, 232, 250, 193])
[2024-09-20 10:57:58,971][root][INFO] - sorted scores:tensor([83.0312, 83.0312, 83.0312, 83.0312, 83.0312, 83.0312, 83.0312, 83.0312,
        83.0312, 83.0312, 83.0156, 83.0156, 83.0156, 83.0156, 83.0156, 83.0156,
        83.0156, 83.0156, 83.0156, 83.0000, 83.0000, 83.0000, 83.0000, 83.0000,
        82.9531, 82.7031, 82.7031, 82.6875, 82.6875, 82.6875, 82.6875, 82.6875,
        82.6875, 82.6875, 82.6875, 82.6875, 82.6875, 82.6875, 82.6875, 82.6875,
        82.6875, 82.6719, 82.6719, 82.6719, 82.6719, 82.6719, 82.6719, 82.6719,
        82.6562, 82.6406, 82.6250, 82.6094, 82.6094, 82.5938, 82.5781, 82.5781,
        82.5781, 82.5781, 82.5469, 82.5469, 82.5312, 82.5156, 82.5156, 82.5156,
        82.5156, 82.5000, 82.5000, 82.4844, 82.4844, 82.4688, 82.4531, 82.4531,
        82.4375, 82.4375, 82.4375, 82.4219, 82.4219, 82.4062, 82.4062, 82.3906,
        82.3906, 82.3750, 82.3281, 82.3281, 82.3125, 82.2812, 82.2188, 82.2031,
        82.2031, 82.1875, 82.1719, 82.1719, 82.1094, 82.1094, 82.0469, 82.0469,
        82.0469, 82.0312, 82.0156, 82.0000, 81.9844, 81.9688, 81.9688, 81.9688,
        81.9531, 81.9531, 81.9375, 81.9375, 81.9375, 81.9219, 81.9219, 81.9219,
        81.9219, 81.9219, 81.9219, 81.9219, 81.9219, 81.9219, 81.9219, 81.9219,
        81.9062, 81.9062, 81.9062, 81.9062, 81.9062, 81.8906, 81.8906, 81.8906,
        81.8906, 81.8906, 81.8750, 81.8750, 81.8750, 81.8750, 81.8750, 81.8750,
        81.8750, 81.8594, 81.8594, 81.8594, 81.8594, 81.8594, 81.8594, 81.8594,
        81.8594, 81.8594, 81.8438, 81.8438, 81.8438, 81.8438, 81.8438, 81.8438,
        81.8438, 81.8438, 81.8438, 81.8438, 81.8438, 81.8281, 81.8281, 81.8281,
        81.8281, 81.8281, 81.8281, 81.8281, 81.8125, 81.8125, 81.8125, 81.8125,
        81.8125, 81.7969, 81.7969, 81.7969, 81.7969, 81.7969, 81.7969, 81.7969,
        81.7969, 81.7812, 81.7812, 81.7812, 81.7812, 81.7812, 81.7812, 81.7812,
        81.7812, 81.7656, 81.7656, 81.7656, 81.7656, 81.7656, 81.7500, 81.7500,
        81.7500, 81.7500, 81.7500, 81.7500, 81.7500, 81.7344, 81.7344, 81.7344,
        81.7344, 81.7031, 81.7031, 81.6875, 81.6875, 81.6719, 81.6719, 81.6719,
        81.6719, 81.6719, 81.6719, 81.6719, 81.6719, 81.6719, 81.6719, 81.6562,
        81.6562, 81.6562, 81.6562, 81.6406, 81.6406, 81.6250, 81.5938, 81.5938,
        81.5781, 81.5625, 81.5469, 81.5469, 81.5469, 81.5312, 81.5312, 81.5312,
        81.5156, 81.4219, 81.4062, 81.4062, 81.3594, 81.3594, 81.3438, 81.3438,
        81.3438, 81.3438, 81.3125, 81.3125, 81.2969, 81.2812, 81.2344, 81.2344,
        81.2344, 81.2031, 81.2031, 81.1875])
[2024-09-20 10:58:10,223][websockets.server][INFO] - server listening on 0.0.0.0:8080
[2024-09-20 10:58:13,267][websockets.server][INFO] - connection open
[2024-09-20 10:58:16,143][root][INFO] - Succeeded to open port: /dev/ttyUSB0
[2024-09-20 10:58:16,144][root][INFO] - Succeeded to set baudrate to 3000000
[2024-09-20 10:58:33,809][websockets.server][INFO] - connection open
[2024-09-20 10:58:36,197][root][ERROR] - > read: [TxRxResult] Incorrect status packet!
[2024-09-20 10:58:36,233][root][ERROR] - > read: [TxRxResult] There is no status packet!
[2024-09-20 10:58:36,370][root][ERROR] - > read: [TxRxResult] There is no status packet!
[2024-09-20 10:58:36,405][root][ERROR] - > read: [TxRxResult] There is no status packet!
