[2024-09-21 18:49:13,755][root][INFO] - self.cfg: 
 lr: 0.0001
c_in: 6
zfar: 'Infinity'
debug: null
n_view: 1
run_id: 3wy8qqex
use_BN: true
exp_name: 2024-01-11-20-02-45
n_epochs: 62
save_dir: /home/bowenw/debug/2024-01-11-20-02-45/
use_mask: false
loss_type: pairwise_valid
optimizer: adam
batch_size: 64
crop_ratio: 1.1
enable_amp: true
use_normal: false
max_num_key: null
warmup_step: -1
input_resize:
- 160
- 160
max_step_val: 1000
vis_interval: 1000
weight_decay: 0
normalize_xyz: true
resume_run_id: null
clip_grad_norm: 'Infinity'
lr_epoch_decay: 500
render_backend: nvdiffrast
train_num_pair: 5
lr_decay_epochs:
- 50
n_epochs_warmup: 1
make_pair_online: false
gradient_max_norm: 'Infinity'
max_step_per_epoch: 10000
n_rendering_workers: 1
save_epoch_interval: 100
n_dataloader_workers: 100
split_objects_across_gpus: true
ckpt_dir: FoundationPose/learning/training/../../weights/2024-01-11-20-02-45/model_best.pth

[2024-09-21 18:49:13,755][root][INFO] - self.h5_file:None
[2024-09-21 18:49:13,944][root][INFO] - Using pretrained model from FoundationPose/learning/training/../../weights/2024-01-11-20-02-45/model_best.pth
[2024-09-21 18:49:14,005][root][INFO] - init done
[2024-09-21 18:49:14,005][root][INFO] - welcome
[2024-09-21 18:49:14,009][root][INFO] - self.cfg: 
 lr: 0.0001
c_in: 6
zfar: .inf
debug: null
w_rot: 0.1
n_view: 1
run_id: null
use_BN: true
rot_rep: axis_angle
ckpt_dir: FoundationPose/learning/training/../../weights/2023-10-28-18-33-37/model_best.pth
exp_name: 2023-10-28-18-33-37
save_dir: /tmp/2023-10-28-18-33-37/
loss_type: l2
optimizer: adam
trans_rep: tracknet
batch_size: 64
crop_ratio: 1.2
use_normal: false
BN_momentum: 0.1
max_num_key: null
warmup_step: -1
input_resize:
- 160
- 160
max_step_val: 1000
normal_uint8: false
vis_interval: 1000
weight_decay: 0
n_max_objects: null
normalize_xyz: true
clip_grad_norm: 'Infinity'
rot_normalizer: 0.3490658503988659
trans_normalizer:
- 0.019999999552965164
- 0.019999999552965164
- 0.05000000074505806
max_step_per_epoch: 25000
val_epoch_interval: 10
n_dataloader_workers: 60
enable_amp: true
use_mask: false

[2024-09-21 18:49:14,009][root][INFO] - self.h5_file:
[2024-09-21 18:49:14,057][root][INFO] - Using pretrained model from FoundationPose/learning/training/../../weights/2023-10-28-18-33-37/model_best.pth
[2024-09-21 18:49:14,076][root][INFO] - init done
[2024-09-21 18:49:16,243][root][INFO] - self.diameter:0.2324774443430137, vox_size:0.011623872217150685
[2024-09-21 18:49:16,259][root][INFO] - self.pts:torch.Size([385, 3])
[2024-09-21 18:49:17,063][root][INFO] - reset done
[2024-09-21 18:49:17,064][root][INFO] - cam_in_obs:(42, 4, 4)
[2024-09-21 18:49:17,066][root][INFO] - rot_grid:(252, 4, 4)
[2024-09-21 18:49:17,067][root][INFO] - after cluster, rot_grid:(252, 4, 4)
[2024-09-21 18:49:17,067][root][INFO] - self.rot_grid: torch.Size([252, 4, 4])
[2024-09-21 18:49:40,699][root][INFO] - Welcome
[2024-09-21 18:49:40,714][root][INFO] - poses:(252, 4, 4)
[2024-09-21 18:49:40,723][root][INFO] - after viewpoint, add_errs min:-1.0
[2024-09-21 18:49:40,782][root][INFO] - ob_in_cams:(252, 4, 4)
[2024-09-21 18:49:40,788][root][INFO] - self.cfg.use_normal:False
[2024-09-21 18:49:40,789][root][INFO] - trans_normalizer:[0.019999999552965164, 0.019999999552965164, 0.05000000074505806], rot_normalizer:0.3490658503988659
[2024-09-21 18:49:40,801][root][INFO] - making cropped data
[2024-09-21 18:49:40,801][root][INFO] - Welcome make_crop_data_batch
[2024-09-21 18:49:40,804][root][INFO] - make tf_to_crops done
[2024-09-21 18:49:40,831][root][INFO] - render done
[2024-09-21 18:49:40,837][root][INFO] - warp done
[2024-09-21 18:49:40,842][root][INFO] - pose batch data done
[2024-09-21 18:49:40,842][root][INFO] - forward start
[2024-09-21 18:49:40,961][root][INFO] - forward done
[2024-09-21 18:49:40,973][root][INFO] - making cropped data
[2024-09-21 18:49:40,973][root][INFO] - Welcome make_crop_data_batch
[2024-09-21 18:49:40,973][root][INFO] - make tf_to_crops done
[2024-09-21 18:49:40,992][root][INFO] - render done
[2024-09-21 18:49:40,996][root][INFO] - warp done
[2024-09-21 18:49:40,999][root][INFO] - pose batch data done
[2024-09-21 18:49:40,999][root][INFO] - forward start
[2024-09-21 18:49:41,000][root][INFO] - forward done
[2024-09-21 18:49:41,000][root][INFO] - making cropped data
[2024-09-21 18:49:41,000][root][INFO] - Welcome make_crop_data_batch
[2024-09-21 18:49:41,102][root][INFO] - make tf_to_crops done
[2024-09-21 18:49:41,119][root][INFO] - render done
[2024-09-21 18:49:41,122][root][INFO] - warp done
[2024-09-21 18:49:41,124][root][INFO] - pose batch data done
[2024-09-21 18:49:41,125][root][INFO] - forward start
[2024-09-21 18:49:41,126][root][INFO] - forward done
[2024-09-21 18:49:41,126][root][INFO] - making cropped data
[2024-09-21 18:49:41,126][root][INFO] - Welcome make_crop_data_batch
[2024-09-21 18:49:41,224][root][INFO] - make tf_to_crops done
[2024-09-21 18:49:41,240][root][INFO] - render done
[2024-09-21 18:49:41,245][root][INFO] - warp done
[2024-09-21 18:49:41,247][root][INFO] - pose batch data done
[2024-09-21 18:49:41,247][root][INFO] - forward start
[2024-09-21 18:49:41,249][root][INFO] - forward done
[2024-09-21 18:49:41,249][root][INFO] - making cropped data
[2024-09-21 18:49:41,249][root][INFO] - Welcome make_crop_data_batch
[2024-09-21 18:49:41,347][root][INFO] - make tf_to_crops done
[2024-09-21 18:49:41,363][root][INFO] - render done
[2024-09-21 18:49:41,367][root][INFO] - warp done
[2024-09-21 18:49:41,369][root][INFO] - pose batch data done
[2024-09-21 18:49:41,369][root][INFO] - forward start
[2024-09-21 18:49:41,371][root][INFO] - forward done
[2024-09-21 18:49:41,483][root][INFO] - ob_in_cams:(252, 4, 4)
[2024-09-21 18:49:41,483][root][INFO] - self.cfg.use_normal:False
[2024-09-21 18:49:41,483][root][INFO] - making cropped data
[2024-09-21 18:49:41,491][root][INFO] - Welcome make_crop_data_batch
[2024-09-21 18:49:41,491][root][INFO] - make tf_to_crops done
[2024-09-21 18:49:41,506][root][INFO] - render done
[2024-09-21 18:49:41,632][root][INFO] - pose batch data done
[2024-09-21 18:49:41,632][root][INFO] - pose_data.rgbAs.shape[0]: 252
[2024-09-21 18:49:41,727][root][INFO] - forward done
[2024-09-21 18:49:41,745][root][INFO] - final, add_errs min:-1.0
[2024-09-21 18:49:41,755][root][INFO] - sort ids:tensor([ 99, 171, 189, 226,   4,   9,  10,  33,  34,  75,  76, 100, 105, 106,
        130, 202, 227, 244, 245,   3, 137,   0,  42,  72, 101, 164,   7,  43,
         73, 103, 126, 127, 133, 145, 163, 216, 169, 198,   1, 146,  96,  97,
        220,   2,   8,  98, 104, 129, 134, 135,  74,  77, 170,   5,  47,  71,
        136, 203,  32, 131, 132, 221,   6, 107, 144, 243, 128, 188, 138, 187,
         11, 162, 222,  44,  59,  56, 147, 250,  50, 247,  62,  45,  52,  91,
         35, 225,  18,  53, 111, 113, 156,  68, 108, 197, 248, 141,  92, 218,
        194, 223,  15,  31, 193,  41, 236,  49,  46,  95, 117, 191, 207,  25,
        118, 174,  40,  64,  93, 122, 166, 204,  24,  67,  90, 142, 167,  70,
         89, 124, 199, 228,  21,  29, 150, 153, 175, 230, 235,  16,  39,  55,
         84, 155, 190, 196, 114, 161, 229,  12,  36, 102, 123, 182, 251,  14,
         85, 119, 120, 152,  19, 139,  17,  20,  37,  86, 116, 201, 212, 237,
         38, 231, 233, 241,  26, 110, 121, 151, 183, 232,  79,  80, 205, 211,
         65, 115, 125, 149, 160, 240,  13,  58,  61,  83,  88, 177, 224,  23,
         78, 159, 176, 185, 213, 219,  27, 200, 206, 210,  28,  81,  82,  87,
         94, 165, 179, 215,  22, 154, 168, 178, 181, 184, 109, 148, 173, 209,
        214, 238,  30, 158, 208, 239, 172, 234, 157, 242, 112, 217, 180, 246,
        140, 143,  60, 186,  48, 249,  51,  69,  66,  54,  63, 192, 195,  57])
[2024-09-21 18:49:41,758][root][INFO] - sorted scores:tensor([82.8125, 82.8125, 82.8125, 82.8125, 82.7969, 82.7969, 82.7969, 82.7969,
        82.7969, 82.7969, 82.7969, 82.7969, 82.7969, 82.7969, 82.7969, 82.7969,
        82.7969, 82.7969, 82.7969, 82.7812, 82.7500, 82.5938, 82.5938, 82.5938,
        82.5938, 82.5938, 82.5781, 82.5781, 82.5781, 82.5781, 82.5781, 82.5781,
        82.5781, 82.5781, 82.5781, 82.5781, 82.5625, 82.5625, 82.5469, 82.5312,
        82.5156, 82.5156, 82.4375, 82.4219, 82.4062, 82.4062, 82.4062, 82.4062,
        82.4062, 82.4062, 82.3906, 82.3906, 82.3906, 82.3750, 82.3750, 82.3750,
        82.3750, 82.3750, 82.3594, 82.3594, 82.3594, 82.3594, 82.3438, 82.3438,
        82.3438, 82.3438, 82.3281, 82.3281, 82.2969, 82.2969, 82.2500, 82.2500,
        82.2188, 82.1719, 82.1406, 82.1250, 82.1250, 82.1250, 82.1094, 82.0938,
        82.0781, 82.0625, 82.0625, 82.0469, 82.0312, 82.0156, 82.0000, 82.0000,
        82.0000, 82.0000, 82.0000, 81.9844, 81.9844, 81.9844, 81.9844, 81.9688,
        81.9531, 81.9531, 81.9375, 81.9375, 81.9219, 81.9219, 81.8906, 81.8750,
        81.8750, 81.8438, 81.8281, 81.8281, 81.8281, 81.8281, 81.8281, 81.8125,
        81.8125, 81.8125, 81.7969, 81.7969, 81.7969, 81.7969, 81.7969, 81.7969,
        81.7812, 81.7812, 81.7812, 81.7812, 81.7812, 81.7656, 81.7656, 81.7656,
        81.7656, 81.7656, 81.7500, 81.7500, 81.7500, 81.7500, 81.7500, 81.7500,
        81.7500, 81.7344, 81.7344, 81.7344, 81.7344, 81.7344, 81.7344, 81.7344,
        81.7188, 81.7188, 81.7188, 81.7031, 81.7031, 81.7031, 81.7031, 81.7031,
        81.7031, 81.6875, 81.6875, 81.6875, 81.6875, 81.6875, 81.6719, 81.6719,
        81.6562, 81.6562, 81.6562, 81.6562, 81.6562, 81.6562, 81.6562, 81.6562,
        81.6406, 81.6406, 81.6406, 81.6406, 81.6250, 81.6250, 81.6250, 81.6250,
        81.6250, 81.6250, 81.6094, 81.6094, 81.6094, 81.6094, 81.5938, 81.5938,
        81.5938, 81.5938, 81.5938, 81.5938, 81.5781, 81.5781, 81.5781, 81.5781,
        81.5781, 81.5781, 81.5781, 81.5625, 81.5625, 81.5625, 81.5625, 81.5625,
        81.5625, 81.5625, 81.5469, 81.5469, 81.5469, 81.5469, 81.5312, 81.5312,
        81.5312, 81.5312, 81.5312, 81.5312, 81.5312, 81.5312, 81.5156, 81.5156,
        81.5156, 81.5156, 81.5156, 81.5156, 81.5000, 81.4844, 81.4844, 81.4844,
        81.4844, 81.4844, 81.4688, 81.4688, 81.4688, 81.4688, 81.4531, 81.4531,
        81.4375, 81.4375, 81.4219, 81.4219, 81.4062, 81.3438, 81.3125, 81.2969,
        81.2812, 81.2812, 81.2344, 81.2344, 81.2188, 81.2188, 81.2031, 81.1719,
        81.1719, 81.1562, 81.1562, 81.1250])
[2024-09-21 18:49:53,063][websockets.server][INFO] - server listening on 0.0.0.0:8080
[2024-09-21 18:49:54,946][websockets.server][INFO] - connection open
[2024-09-21 18:49:56,477][root][INFO] - Succeeded to open port: /dev/ttyUSB0
[2024-09-21 18:49:56,478][root][INFO] - Succeeded to set baudrate to 3000000
