[2024-09-21 16:15:53,549][root][INFO] - self.cfg: 
 lr: 0.0001
c_in: 6
zfar: 'Infinity'
debug: null
n_view: 1
run_id: 3wy8qqex
use_BN: true
exp_name: 2024-01-11-20-02-45
n_epochs: 62
save_dir: /home/bowenw/debug/2024-01-11-20-02-45/
use_mask: false
loss_type: pairwise_valid
optimizer: adam
batch_size: 64
crop_ratio: 1.1
enable_amp: true
use_normal: false
max_num_key: null
warmup_step: -1
input_resize:
- 160
- 160
max_step_val: 1000
vis_interval: 1000
weight_decay: 0
normalize_xyz: true
resume_run_id: null
clip_grad_norm: 'Infinity'
lr_epoch_decay: 500
render_backend: nvdiffrast
train_num_pair: 5
lr_decay_epochs:
- 50
n_epochs_warmup: 1
make_pair_online: false
gradient_max_norm: 'Infinity'
max_step_per_epoch: 10000
n_rendering_workers: 1
save_epoch_interval: 100
n_dataloader_workers: 100
split_objects_across_gpus: true
ckpt_dir: FoundationPose/learning/training/../../weights/2024-01-11-20-02-45/model_best.pth

[2024-09-21 16:15:53,549][root][INFO] - self.h5_file:None
[2024-09-21 16:15:53,712][root][INFO] - Using pretrained model from FoundationPose/learning/training/../../weights/2024-01-11-20-02-45/model_best.pth
[2024-09-21 16:15:53,769][root][INFO] - init done
[2024-09-21 16:15:53,769][root][INFO] - welcome
[2024-09-21 16:15:53,773][root][INFO] - self.cfg: 
 lr: 0.0001
c_in: 6
zfar: .inf
debug: null
w_rot: 0.1
n_view: 1
run_id: null
use_BN: true
rot_rep: axis_angle
ckpt_dir: FoundationPose/learning/training/../../weights/2023-10-28-18-33-37/model_best.pth
exp_name: 2023-10-28-18-33-37
save_dir: /tmp/2023-10-28-18-33-37/
loss_type: l2
optimizer: adam
trans_rep: tracknet
batch_size: 64
crop_ratio: 1.2
use_normal: false
BN_momentum: 0.1
max_num_key: null
warmup_step: -1
input_resize:
- 160
- 160
max_step_val: 1000
normal_uint8: false
vis_interval: 1000
weight_decay: 0
n_max_objects: null
normalize_xyz: true
clip_grad_norm: 'Infinity'
rot_normalizer: 0.3490658503988659
trans_normalizer:
- 0.019999999552965164
- 0.019999999552965164
- 0.05000000074505806
max_step_per_epoch: 25000
val_epoch_interval: 10
n_dataloader_workers: 60
enable_amp: true
use_mask: false

[2024-09-21 16:15:53,773][root][INFO] - self.h5_file:
[2024-09-21 16:15:53,818][root][INFO] - Using pretrained model from FoundationPose/learning/training/../../weights/2023-10-28-18-33-37/model_best.pth
[2024-09-21 16:15:53,842][root][INFO] - init done
[2024-09-21 16:15:56,098][root][INFO] - self.diameter:0.16911805808118208, vox_size:0.008455902904059103
[2024-09-21 16:15:56,114][root][INFO] - self.pts:torch.Size([675, 3])
[2024-09-21 16:15:57,094][root][INFO] - reset done
[2024-09-21 16:15:57,095][root][INFO] - cam_in_obs:(42, 4, 4)
[2024-09-21 16:15:57,107][root][INFO] - rot_grid:(252, 4, 4)
[2024-09-21 16:15:57,108][root][INFO] - after cluster, rot_grid:(252, 4, 4)
[2024-09-21 16:15:57,108][root][INFO] - self.rot_grid: torch.Size([252, 4, 4])
[2024-09-21 16:16:06,874][root][INFO] - Welcome
[2024-09-21 16:16:06,888][root][INFO] - poses:(252, 4, 4)
[2024-09-21 16:16:06,898][root][INFO] - after viewpoint, add_errs min:-1.0
[2024-09-21 16:16:06,950][root][INFO] - ob_in_cams:(252, 4, 4)
[2024-09-21 16:16:06,950][root][INFO] - self.cfg.use_normal:False
[2024-09-21 16:16:06,950][root][INFO] - trans_normalizer:[0.019999999552965164, 0.019999999552965164, 0.05000000074505806], rot_normalizer:0.3490658503988659
[2024-09-21 16:16:06,974][root][INFO] - making cropped data
[2024-09-21 16:16:06,974][root][INFO] - Welcome make_crop_data_batch
[2024-09-21 16:16:06,978][root][INFO] - make tf_to_crops done
[2024-09-21 16:16:07,010][root][INFO] - render done
[2024-09-21 16:16:07,016][root][INFO] - warp done
[2024-09-21 16:16:07,021][root][INFO] - pose batch data done
[2024-09-21 16:16:07,022][root][INFO] - forward start
[2024-09-21 16:16:07,141][root][INFO] - forward done
[2024-09-21 16:16:07,152][root][INFO] - making cropped data
[2024-09-21 16:16:07,152][root][INFO] - Welcome make_crop_data_batch
[2024-09-21 16:16:07,153][root][INFO] - make tf_to_crops done
[2024-09-21 16:16:07,176][root][INFO] - render done
[2024-09-21 16:16:07,180][root][INFO] - warp done
[2024-09-21 16:16:07,183][root][INFO] - pose batch data done
[2024-09-21 16:16:07,183][root][INFO] - forward start
[2024-09-21 16:16:07,184][root][INFO] - forward done
[2024-09-21 16:16:07,184][root][INFO] - making cropped data
[2024-09-21 16:16:07,184][root][INFO] - Welcome make_crop_data_batch
[2024-09-21 16:16:07,283][root][INFO] - make tf_to_crops done
[2024-09-21 16:16:07,305][root][INFO] - render done
[2024-09-21 16:16:07,309][root][INFO] - warp done
[2024-09-21 16:16:07,311][root][INFO] - pose batch data done
[2024-09-21 16:16:07,312][root][INFO] - forward start
[2024-09-21 16:16:07,313][root][INFO] - forward done
[2024-09-21 16:16:07,313][root][INFO] - making cropped data
[2024-09-21 16:16:07,313][root][INFO] - Welcome make_crop_data_batch
[2024-09-21 16:16:07,411][root][INFO] - make tf_to_crops done
[2024-09-21 16:16:07,432][root][INFO] - render done
[2024-09-21 16:16:07,436][root][INFO] - warp done
[2024-09-21 16:16:07,439][root][INFO] - pose batch data done
[2024-09-21 16:16:07,439][root][INFO] - forward start
[2024-09-21 16:16:07,440][root][INFO] - forward done
[2024-09-21 16:16:07,441][root][INFO] - making cropped data
[2024-09-21 16:16:07,441][root][INFO] - Welcome make_crop_data_batch
[2024-09-21 16:16:07,540][root][INFO] - make tf_to_crops done
[2024-09-21 16:16:07,562][root][INFO] - render done
[2024-09-21 16:16:07,566][root][INFO] - warp done
[2024-09-21 16:16:07,568][root][INFO] - pose batch data done
[2024-09-21 16:16:07,568][root][INFO] - forward start
[2024-09-21 16:16:07,570][root][INFO] - forward done
[2024-09-21 16:16:07,683][root][INFO] - ob_in_cams:(252, 4, 4)
[2024-09-21 16:16:07,683][root][INFO] - self.cfg.use_normal:False
[2024-09-21 16:16:07,684][root][INFO] - making cropped data
[2024-09-21 16:16:07,690][root][INFO] - Welcome make_crop_data_batch
[2024-09-21 16:16:07,691][root][INFO] - make tf_to_crops done
[2024-09-21 16:16:07,710][root][INFO] - render done
[2024-09-21 16:16:07,836][root][INFO] - pose batch data done
[2024-09-21 16:16:07,836][root][INFO] - pose_data.rgbAs.shape[0]: 252
[2024-09-21 16:16:07,932][root][INFO] - forward done
[2024-09-21 16:16:07,949][root][INFO] - final, add_errs min:-1.0
[2024-09-21 16:16:07,959][root][INFO] - sort ids:tensor([ 72, 102, 144,   0,   1,   6,   7,  30,  42,  73,  96,  97, 103, 126,
        127, 132, 133, 145, 168, 198, 222,  31,  43, 216, 223, 191, 163, 169,
        218, 241,  49, 221, 187,  55, 251,  29,  65, 136, 230, 237, 239,  27,
         58, 233, 180, 203, 128, 135, 161, 178, 184, 193, 249,  53, 156,  36,
         47,  63,  71, 141, 154, 160, 177, 248, 131, 146, 148, 157, 207, 211,
        213,  38,  45,  94, 151,  61, 108, 166,  21,  62,  68, 142, 158,  56,
        183, 196, 227, 117, 219, 236, 134, 120, 153, 204, 205,  22,  87, 226,
          5, 109, 167,  39,  46,  57, 245,  51,  52,  69,  81,  82, 185, 232,
          3,  15, 231,  12,  14,  18,  28,  50,  59, 172,  60,  78, 179, 225,
         88,  90,  93, 186,   4,  10,  20,  74,  76, 106, 129, 174, 195, 201,
        224,  70,  79, 123, 147, 150, 155, 162, 164, 210,  19,  32,  54,  84,
        121, 137, 171, 173, 190,   8,  75, 104, 130, 139, 170,   2,   9,  33,
         34,  66, 100, 105, 111, 112, 114, 181, 182, 188, 189, 194, 197, 200,
        240, 242, 244,  24,  25,  98,  99, 115, 138, 149, 175, 228, 234, 246,
        250,  16,  35,  67,  91, 122, 124, 192, 206,  17,  23,  40,  85,  95,
        101, 116, 118, 119, 159, 209, 214, 215, 220, 243, 247,  11,  37,  44,
         77, 107, 110, 152, 208, 212,  48,  64,  80,  83,  86,  89, 125, 176,
        229, 235,  13,  26,  41, 165,  92, 143, 199, 238, 113, 140, 202, 217])
[2024-09-21 16:16:07,962][root][INFO] - sorted scores:tensor([47.7500, 47.7500, 47.7500, 47.7188, 47.7188, 47.7188, 47.7188, 47.7188,
        47.7188, 47.7188, 47.7188, 47.7188, 47.7188, 47.7188, 47.7188, 47.7188,
        47.7188, 47.7188, 47.7188, 47.7188, 47.7188, 47.6875, 47.6875, 47.6875,
        47.6875, 47.4375, 47.2188, 47.2188, 47.2188, 47.1875, 47.1562, 47.1562,
        47.1250, 47.0625, 47.0312, 47.0000, 46.9688, 46.9688, 46.9688, 46.9375,
        46.9375, 46.9062, 46.9062, 46.9062, 46.8750, 46.8750, 46.8438, 46.8438,
        46.8438, 46.8438, 46.8438, 46.8438, 46.8125, 46.7812, 46.7812, 46.7500,
        46.7500, 46.7500, 46.7500, 46.7500, 46.7500, 46.7500, 46.7500, 46.7188,
        46.6562, 46.6562, 46.6562, 46.6562, 46.6562, 46.6562, 46.6562, 46.6250,
        46.6250, 46.6250, 46.6250, 46.5938, 46.5625, 46.5625, 46.5312, 46.5312,
        46.5312, 46.5312, 46.5312, 46.5000, 46.5000, 46.5000, 46.5000, 46.4375,
        46.4375, 46.4375, 46.4062, 46.3750, 46.3750, 46.3750, 46.3750, 46.3438,
        46.3438, 46.3438, 46.3125, 46.3125, 46.3125, 46.2812, 46.2812, 46.2812,
        46.2812, 46.2500, 46.2500, 46.2500, 46.2500, 46.2500, 46.2500, 46.2500,
        46.2188, 46.2188, 46.2188, 46.1875, 46.1875, 46.1875, 46.1875, 46.1875,
        46.1875, 46.1875, 46.1562, 46.1562, 46.1562, 46.1562, 46.1250, 46.1250,
        46.1250, 46.1250, 46.0938, 46.0938, 46.0938, 46.0938, 46.0938, 46.0938,
        46.0938, 46.0938, 46.0938, 46.0938, 46.0938, 46.0625, 46.0625, 46.0625,
        46.0625, 46.0625, 46.0625, 46.0625, 46.0625, 46.0625, 46.0312, 46.0312,
        46.0312, 46.0312, 46.0312, 46.0312, 46.0312, 46.0312, 46.0312, 46.0000,
        46.0000, 46.0000, 46.0000, 46.0000, 46.0000, 45.9688, 45.9688, 45.9688,
        45.9688, 45.9688, 45.9688, 45.9688, 45.9688, 45.9688, 45.9688, 45.9688,
        45.9688, 45.9688, 45.9688, 45.9688, 45.9688, 45.9688, 45.9688, 45.9688,
        45.9688, 45.9375, 45.9375, 45.9375, 45.9375, 45.9375, 45.9375, 45.9375,
        45.9375, 45.9375, 45.9375, 45.9375, 45.9375, 45.9062, 45.9062, 45.9062,
        45.9062, 45.9062, 45.9062, 45.9062, 45.9062, 45.8750, 45.8750, 45.8750,
        45.8750, 45.8750, 45.8750, 45.8750, 45.8750, 45.8750, 45.8750, 45.8750,
        45.8750, 45.8750, 45.8750, 45.8750, 45.8750, 45.8438, 45.8438, 45.8438,
        45.8438, 45.8438, 45.8438, 45.8438, 45.8438, 45.8438, 45.8125, 45.8125,
        45.8125, 45.8125, 45.8125, 45.8125, 45.8125, 45.8125, 45.8125, 45.8125,
        45.7812, 45.7812, 45.7812, 45.7812, 45.7500, 45.7500, 45.7500, 45.7500,
        45.7188, 45.7188, 45.7188, 45.7188])
[2024-09-21 16:16:19,230][websockets.server][INFO] - server listening on 0.0.0.0:8080
[2024-09-21 16:16:22,918][websockets.server][INFO] - connection open
[2024-09-21 16:16:25,636][root][INFO] - Succeeded to open port: /dev/ttyUSB0
[2024-09-21 16:16:25,637][root][INFO] - Succeeded to set baudrate to 3000000
