[2024-09-21 00:29:57,434][root][INFO] - self.cfg: 
 lr: 0.0001
c_in: 6
zfar: 'Infinity'
debug: null
n_view: 1
run_id: 3wy8qqex
use_BN: true
exp_name: 2024-01-11-20-02-45
n_epochs: 62
save_dir: /home/bowenw/debug/2024-01-11-20-02-45/
use_mask: false
loss_type: pairwise_valid
optimizer: adam
batch_size: 64
crop_ratio: 1.1
enable_amp: true
use_normal: false
max_num_key: null
warmup_step: -1
input_resize:
- 160
- 160
max_step_val: 1000
vis_interval: 1000
weight_decay: 0
normalize_xyz: true
resume_run_id: null
clip_grad_norm: 'Infinity'
lr_epoch_decay: 500
render_backend: nvdiffrast
train_num_pair: 5
lr_decay_epochs:
- 50
n_epochs_warmup: 1
make_pair_online: false
gradient_max_norm: 'Infinity'
max_step_per_epoch: 10000
n_rendering_workers: 1
save_epoch_interval: 100
n_dataloader_workers: 100
split_objects_across_gpus: true
ckpt_dir: FoundationPose/learning/training/../../weights/2024-01-11-20-02-45/model_best.pth

[2024-09-21 00:29:57,434][root][INFO] - self.h5_file:None
[2024-09-21 00:29:57,593][root][INFO] - Using pretrained model from FoundationPose/learning/training/../../weights/2024-01-11-20-02-45/model_best.pth
[2024-09-21 00:29:57,655][root][INFO] - init done
[2024-09-21 00:29:57,655][root][INFO] - welcome
[2024-09-21 00:29:57,659][root][INFO] - self.cfg: 
 lr: 0.0001
c_in: 6
zfar: .inf
debug: null
w_rot: 0.1
n_view: 1
run_id: null
use_BN: true
rot_rep: axis_angle
ckpt_dir: FoundationPose/learning/training/../../weights/2023-10-28-18-33-37/model_best.pth
exp_name: 2023-10-28-18-33-37
save_dir: /tmp/2023-10-28-18-33-37/
loss_type: l2
optimizer: adam
trans_rep: tracknet
batch_size: 64
crop_ratio: 1.2
use_normal: false
BN_momentum: 0.1
max_num_key: null
warmup_step: -1
input_resize:
- 160
- 160
max_step_val: 1000
normal_uint8: false
vis_interval: 1000
weight_decay: 0
n_max_objects: null
normalize_xyz: true
clip_grad_norm: 'Infinity'
rot_normalizer: 0.3490658503988659
trans_normalizer:
- 0.019999999552965164
- 0.019999999552965164
- 0.05000000074505806
max_step_per_epoch: 25000
val_epoch_interval: 10
n_dataloader_workers: 60
enable_amp: true
use_mask: false

[2024-09-21 00:29:57,659][root][INFO] - self.h5_file:
[2024-09-21 00:29:57,729][root][INFO] - Using pretrained model from FoundationPose/learning/training/../../weights/2023-10-28-18-33-37/model_best.pth
[2024-09-21 00:29:57,753][root][INFO] - init done
[2024-09-21 00:29:59,919][root][INFO] - self.diameter:0.2324774443430137, vox_size:0.011623872217150685
[2024-09-21 00:29:59,934][root][INFO] - self.pts:torch.Size([385, 3])
[2024-09-21 00:30:00,757][root][INFO] - reset done
[2024-09-21 00:30:00,758][root][INFO] - cam_in_obs:(42, 4, 4)
[2024-09-21 00:30:00,760][root][INFO] - rot_grid:(252, 4, 4)
[2024-09-21 00:30:00,761][root][INFO] - after cluster, rot_grid:(252, 4, 4)
[2024-09-21 00:30:00,761][root][INFO] - self.rot_grid: torch.Size([252, 4, 4])
[2024-09-21 00:30:10,599][root][INFO] - Welcome
[2024-09-21 00:30:10,614][root][INFO] - poses:(252, 4, 4)
[2024-09-21 00:30:10,629][root][INFO] - after viewpoint, add_errs min:-1.0
[2024-09-21 00:30:10,676][root][INFO] - ob_in_cams:(252, 4, 4)
[2024-09-21 00:30:10,677][root][INFO] - self.cfg.use_normal:False
[2024-09-21 00:30:10,677][root][INFO] - trans_normalizer:[0.019999999552965164, 0.019999999552965164, 0.05000000074505806], rot_normalizer:0.3490658503988659
[2024-09-21 00:30:10,684][root][INFO] - making cropped data
[2024-09-21 00:30:10,684][root][INFO] - Welcome make_crop_data_batch
[2024-09-21 00:30:10,688][root][INFO] - make tf_to_crops done
[2024-09-21 00:30:10,717][root][INFO] - render done
[2024-09-21 00:30:10,723][root][INFO] - warp done
[2024-09-21 00:30:10,727][root][INFO] - pose batch data done
[2024-09-21 00:30:10,728][root][INFO] - forward start
[2024-09-21 00:30:10,845][root][INFO] - forward done
[2024-09-21 00:30:10,857][root][INFO] - making cropped data
[2024-09-21 00:30:10,857][root][INFO] - Welcome make_crop_data_batch
[2024-09-21 00:30:10,857][root][INFO] - make tf_to_crops done
[2024-09-21 00:30:10,875][root][INFO] - render done
[2024-09-21 00:30:10,879][root][INFO] - warp done
[2024-09-21 00:30:10,882][root][INFO] - pose batch data done
[2024-09-21 00:30:10,882][root][INFO] - forward start
[2024-09-21 00:30:10,884][root][INFO] - forward done
[2024-09-21 00:30:10,884][root][INFO] - making cropped data
[2024-09-21 00:30:10,884][root][INFO] - Welcome make_crop_data_batch
[2024-09-21 00:30:10,985][root][INFO] - make tf_to_crops done
[2024-09-21 00:30:11,003][root][INFO] - render done
[2024-09-21 00:30:11,006][root][INFO] - warp done
[2024-09-21 00:30:11,009][root][INFO] - pose batch data done
[2024-09-21 00:30:11,009][root][INFO] - forward start
[2024-09-21 00:30:11,010][root][INFO] - forward done
[2024-09-21 00:30:11,011][root][INFO] - making cropped data
[2024-09-21 00:30:11,011][root][INFO] - Welcome make_crop_data_batch
[2024-09-21 00:30:11,107][root][INFO] - make tf_to_crops done
[2024-09-21 00:30:11,124][root][INFO] - render done
[2024-09-21 00:30:11,127][root][INFO] - warp done
[2024-09-21 00:30:11,130][root][INFO] - pose batch data done
[2024-09-21 00:30:11,130][root][INFO] - forward start
[2024-09-21 00:30:11,131][root][INFO] - forward done
[2024-09-21 00:30:11,132][root][INFO] - making cropped data
[2024-09-21 00:30:11,132][root][INFO] - Welcome make_crop_data_batch
[2024-09-21 00:30:11,228][root][INFO] - make tf_to_crops done
[2024-09-21 00:30:11,245][root][INFO] - render done
[2024-09-21 00:30:11,250][root][INFO] - warp done
[2024-09-21 00:30:11,253][root][INFO] - pose batch data done
[2024-09-21 00:30:11,253][root][INFO] - forward start
[2024-09-21 00:30:11,254][root][INFO] - forward done
[2024-09-21 00:30:11,366][root][INFO] - ob_in_cams:(252, 4, 4)
[2024-09-21 00:30:11,366][root][INFO] - self.cfg.use_normal:False
[2024-09-21 00:30:11,366][root][INFO] - making cropped data
[2024-09-21 00:30:11,372][root][INFO] - Welcome make_crop_data_batch
[2024-09-21 00:30:11,372][root][INFO] - make tf_to_crops done
[2024-09-21 00:30:11,389][root][INFO] - render done
[2024-09-21 00:30:11,513][root][INFO] - pose batch data done
[2024-09-21 00:30:11,513][root][INFO] - pose_data.rgbAs.shape[0]: 252
[2024-09-21 00:30:11,608][root][INFO] - forward done
[2024-09-21 00:30:11,626][root][INFO] - final, add_errs min:-1.0
[2024-09-21 00:30:11,635][root][INFO] - sort ids:tensor([  0,  42,  43,  73,  97, 133, 163, 169,   1,   7,  72, 103, 126, 127,
        145, 164,   6, 146, 134, 187, 245, 100, 130,  34, 106, 227,   4,  10,
        202, 226,  76,  98, 148, 244,  74, 105, 136,   8, 104, 188,  44, 128,
        172,   2, 131, 203, 220,  32,  47,  50,   5,  11,  77,  99, 137, 221,
        223,  35,  46, 101, 107, 200, 243,  31, 189, 224, 132,   9,   3, 170,
        199,  33,  96, 129,  40,  25,  95, 118, 185, 225,  17,  22,  82,  88,
         94, 154, 179, 222,  16,  28, 124, 178, 184, 196, 216,  58,  62, 171,
        197, 102, 147, 209, 156, 206, 247,  59, 119, 248,  53,  84, 175,  45,
         61,  75,  89, 135, 176, 229, 231, 232, 237,  19,  67,  71, 122, 141,
        198,  91, 116, 138, 142, 155, 208,  23,  38,  83,  41,  52,  79,  90,
         18,  26,  36,  39, 115, 160, 212, 214,  13,  20, 121, 151, 205, 207,
        211, 250,  15,  37,  85,  87,  92, 150,  21,  27,  86, 123, 125,  14,
         81, 157, 230, 235, 236,  24,  29,  93, 108, 120, 180,  68,  80, 117,
        174, 177, 183, 233,  12, 161, 191,  78, 114, 144, 194, 213, 152, 193,
        251,  49, 149, 159, 168, 240,  56, 218, 110, 238, 166, 173, 215, 217,
        112, 241,  65, 139, 190, 182, 239,  60, 158, 181, 219, 246, 204, 153,
        167, 195, 228,  70, 111,  48,  57,  63, 109, 249,  30,  55,  66, 192,
         69, 143, 165,  51, 242,  54,  64, 113, 201, 162, 186, 234, 140, 210])
[2024-09-21 00:30:11,639][root][INFO] - sorted scores:tensor([83.7656, 83.7656, 83.7656, 83.7656, 83.7656, 83.7656, 83.7656, 83.7656,
        83.7500, 83.7500, 83.7500, 83.7500, 83.7500, 83.7500, 83.7500, 83.7500,
        83.7031, 83.7031, 83.5312, 83.5156, 83.4844, 83.4531, 83.4531, 83.4375,
        83.4375, 83.4375, 83.4219, 83.4219, 83.4219, 83.4219, 83.4062, 83.4062,
        83.4062, 83.4062, 83.3906, 83.3906, 83.3906, 83.3594, 83.3594, 83.3594,
        83.3438, 83.3438, 83.3438, 83.3281, 83.3281, 83.3125, 83.3125, 83.2969,
        83.2969, 83.2969, 83.2812, 83.2812, 83.2812, 83.2812, 83.2812, 83.2812,
        83.2656, 83.2500, 83.2344, 83.2344, 83.2344, 83.2344, 83.2188, 83.2031,
        83.2031, 83.2031, 83.1875, 83.1562, 83.1406, 83.1406, 83.1250, 83.1094,
        83.0938, 83.0938, 83.0625, 83.0312, 83.0312, 83.0312, 83.0312, 83.0312,
        83.0156, 83.0156, 83.0156, 83.0156, 83.0156, 83.0156, 83.0156, 83.0156,
        83.0000, 83.0000, 83.0000, 83.0000, 83.0000, 83.0000, 83.0000, 82.9844,
        82.9844, 82.9844, 82.9844, 82.9688, 82.9688, 82.9688, 82.9531, 82.9531,
        82.9531, 82.9375, 82.9375, 82.9375, 82.9219, 82.9219, 82.9219, 82.9062,
        82.9062, 82.9062, 82.9062, 82.9062, 82.9062, 82.9062, 82.9062, 82.9062,
        82.9062, 82.8906, 82.8906, 82.8906, 82.8906, 82.8906, 82.8906, 82.8750,
        82.8750, 82.8750, 82.8750, 82.8750, 82.8750, 82.8594, 82.8594, 82.8594,
        82.8438, 82.8438, 82.8438, 82.8438, 82.8281, 82.8281, 82.8281, 82.8281,
        82.8281, 82.8281, 82.8281, 82.8281, 82.8125, 82.8125, 82.8125, 82.8125,
        82.8125, 82.8125, 82.8125, 82.8125, 82.7969, 82.7969, 82.7969, 82.7969,
        82.7969, 82.7969, 82.7812, 82.7812, 82.7812, 82.7812, 82.7812, 82.7656,
        82.7656, 82.7656, 82.7656, 82.7656, 82.7656, 82.7500, 82.7500, 82.7500,
        82.7500, 82.7500, 82.7500, 82.7344, 82.7344, 82.7344, 82.7344, 82.7344,
        82.7344, 82.7344, 82.7188, 82.7188, 82.7188, 82.7031, 82.7031, 82.7031,
        82.6719, 82.6719, 82.6406, 82.6406, 82.6250, 82.6094, 82.6094, 82.6094,
        82.6094, 82.6094, 82.5938, 82.5938, 82.5781, 82.5781, 82.5625, 82.5625,
        82.5625, 82.5625, 82.5469, 82.5469, 82.5312, 82.5312, 82.5312, 82.5156,
        82.5156, 82.5000, 82.5000, 82.5000, 82.5000, 82.4688, 82.4531, 82.4375,
        82.4375, 82.4219, 82.4219, 82.3906, 82.3906, 82.3750, 82.3750, 82.3750,
        82.3750, 82.3750, 82.3594, 82.3594, 82.3594, 82.3594, 82.3438, 82.3438,
        82.3281, 82.2969, 82.2969, 82.2812, 82.2812, 82.2812, 82.2812, 82.2500,
        82.2500, 82.2344, 82.2188, 82.2188])
[2024-09-21 00:30:22,515][websockets.server][INFO] - server listening on 0.0.0.0:8080
[2024-09-21 00:30:23,532][websockets.server][INFO] - connection open
[2024-09-21 00:30:27,615][root][INFO] - Succeeded to open port: /dev/ttyUSB0
[2024-09-21 00:30:27,615][root][INFO] - Succeeded to set baudrate to 3000000
