[2024-09-22 23:36:34,126][root][INFO] - self.cfg: 
 lr: 0.0001
c_in: 6
zfar: 'Infinity'
debug: null
n_view: 1
run_id: 3wy8qqex
use_BN: true
exp_name: 2024-01-11-20-02-45
n_epochs: 62
save_dir: /home/bowenw/debug/2024-01-11-20-02-45/
use_mask: false
loss_type: pairwise_valid
optimizer: adam
batch_size: 64
crop_ratio: 1.1
enable_amp: true
use_normal: false
max_num_key: null
warmup_step: -1
input_resize:
- 160
- 160
max_step_val: 1000
vis_interval: 1000
weight_decay: 0
normalize_xyz: true
resume_run_id: null
clip_grad_norm: 'Infinity'
lr_epoch_decay: 500
render_backend: nvdiffrast
train_num_pair: 5
lr_decay_epochs:
- 50
n_epochs_warmup: 1
make_pair_online: false
gradient_max_norm: 'Infinity'
max_step_per_epoch: 10000
n_rendering_workers: 1
save_epoch_interval: 100
n_dataloader_workers: 100
split_objects_across_gpus: true
ckpt_dir: FoundationPose/learning/training/../../weights/2024-01-11-20-02-45/model_best.pth

[2024-09-22 23:36:34,126][root][INFO] - self.h5_file:None
[2024-09-22 23:36:34,305][root][INFO] - Using pretrained model from FoundationPose/learning/training/../../weights/2024-01-11-20-02-45/model_best.pth
[2024-09-22 23:36:34,370][root][INFO] - init done
[2024-09-22 23:36:34,371][root][INFO] - welcome
[2024-09-22 23:36:34,374][root][INFO] - self.cfg: 
 lr: 0.0001
c_in: 6
zfar: .inf
debug: null
w_rot: 0.1
n_view: 1
run_id: null
use_BN: true
rot_rep: axis_angle
ckpt_dir: FoundationPose/learning/training/../../weights/2023-10-28-18-33-37/model_best.pth
exp_name: 2023-10-28-18-33-37
save_dir: /tmp/2023-10-28-18-33-37/
loss_type: l2
optimizer: adam
trans_rep: tracknet
batch_size: 64
crop_ratio: 1.2
use_normal: false
BN_momentum: 0.1
max_num_key: null
warmup_step: -1
input_resize:
- 160
- 160
max_step_val: 1000
normal_uint8: false
vis_interval: 1000
weight_decay: 0
n_max_objects: null
normalize_xyz: true
clip_grad_norm: 'Infinity'
rot_normalizer: 0.3490658503988659
trans_normalizer:
- 0.019999999552965164
- 0.019999999552965164
- 0.05000000074505806
max_step_per_epoch: 25000
val_epoch_interval: 10
n_dataloader_workers: 60
enable_amp: true
use_mask: false

[2024-09-22 23:36:34,374][root][INFO] - self.h5_file:
[2024-09-22 23:36:34,425][root][INFO] - Using pretrained model from FoundationPose/learning/training/../../weights/2023-10-28-18-33-37/model_best.pth
[2024-09-22 23:36:34,448][root][INFO] - init done
[2024-09-22 23:36:36,614][root][INFO] - self.diameter:0.2324774443430137, vox_size:0.011623872217150685
[2024-09-22 23:36:36,628][root][INFO] - self.pts:torch.Size([385, 3])
[2024-09-22 23:36:37,451][root][INFO] - reset done
[2024-09-22 23:36:37,452][root][INFO] - cam_in_obs:(42, 4, 4)
[2024-09-22 23:36:37,454][root][INFO] - rot_grid:(252, 4, 4)
[2024-09-22 23:36:37,454][root][INFO] - after cluster, rot_grid:(252, 4, 4)
[2024-09-22 23:36:37,455][root][INFO] - self.rot_grid: torch.Size([252, 4, 4])
[2024-09-22 23:36:56,433][root][INFO] - Welcome
[2024-09-22 23:36:56,448][root][INFO] - poses:(252, 4, 4)
[2024-09-22 23:36:56,457][root][INFO] - after viewpoint, add_errs min:-1.0
[2024-09-22 23:36:56,517][root][INFO] - ob_in_cams:(252, 4, 4)
[2024-09-22 23:36:56,518][root][INFO] - self.cfg.use_normal:False
[2024-09-22 23:36:56,518][root][INFO] - trans_normalizer:[0.019999999552965164, 0.019999999552965164, 0.05000000074505806], rot_normalizer:0.3490658503988659
[2024-09-22 23:36:56,536][root][INFO] - making cropped data
[2024-09-22 23:36:56,536][root][INFO] - Welcome make_crop_data_batch
[2024-09-22 23:36:56,541][root][INFO] - make tf_to_crops done
[2024-09-22 23:36:56,570][root][INFO] - render done
[2024-09-22 23:36:56,576][root][INFO] - warp done
[2024-09-22 23:36:56,581][root][INFO] - pose batch data done
[2024-09-22 23:36:56,581][root][INFO] - forward start
[2024-09-22 23:36:56,701][root][INFO] - forward done
[2024-09-22 23:36:56,713][root][INFO] - making cropped data
[2024-09-22 23:36:56,713][root][INFO] - Welcome make_crop_data_batch
[2024-09-22 23:36:56,713][root][INFO] - make tf_to_crops done
[2024-09-22 23:36:56,731][root][INFO] - render done
[2024-09-22 23:36:56,736][root][INFO] - warp done
[2024-09-22 23:36:56,739][root][INFO] - pose batch data done
[2024-09-22 23:36:56,739][root][INFO] - forward start
[2024-09-22 23:36:56,740][root][INFO] - forward done
[2024-09-22 23:36:56,740][root][INFO] - making cropped data
[2024-09-22 23:36:56,741][root][INFO] - Welcome make_crop_data_batch
[2024-09-22 23:36:56,839][root][INFO] - make tf_to_crops done
[2024-09-22 23:36:56,856][root][INFO] - render done
[2024-09-22 23:36:56,859][root][INFO] - warp done
[2024-09-22 23:36:56,862][root][INFO] - pose batch data done
[2024-09-22 23:36:56,862][root][INFO] - forward start
[2024-09-22 23:36:56,864][root][INFO] - forward done
[2024-09-22 23:36:56,864][root][INFO] - making cropped data
[2024-09-22 23:36:56,864][root][INFO] - Welcome make_crop_data_batch
[2024-09-22 23:36:56,962][root][INFO] - make tf_to_crops done
[2024-09-22 23:36:56,979][root][INFO] - render done
[2024-09-22 23:36:56,982][root][INFO] - warp done
[2024-09-22 23:36:56,985][root][INFO] - pose batch data done
[2024-09-22 23:36:56,985][root][INFO] - forward start
[2024-09-22 23:36:56,987][root][INFO] - forward done
[2024-09-22 23:36:56,987][root][INFO] - making cropped data
[2024-09-22 23:36:56,987][root][INFO] - Welcome make_crop_data_batch
[2024-09-22 23:36:57,084][root][INFO] - make tf_to_crops done
[2024-09-22 23:36:57,101][root][INFO] - render done
[2024-09-22 23:36:57,104][root][INFO] - warp done
[2024-09-22 23:36:57,107][root][INFO] - pose batch data done
[2024-09-22 23:36:57,107][root][INFO] - forward start
[2024-09-22 23:36:57,108][root][INFO] - forward done
[2024-09-22 23:36:57,221][root][INFO] - ob_in_cams:(252, 4, 4)
[2024-09-22 23:36:57,221][root][INFO] - self.cfg.use_normal:False
[2024-09-22 23:36:57,221][root][INFO] - making cropped data
[2024-09-22 23:36:57,230][root][INFO] - Welcome make_crop_data_batch
[2024-09-22 23:36:57,231][root][INFO] - make tf_to_crops done
[2024-09-22 23:36:57,246][root][INFO] - render done
[2024-09-22 23:36:57,372][root][INFO] - pose batch data done
[2024-09-22 23:36:57,372][root][INFO] - pose_data.rgbAs.shape[0]: 252
[2024-09-22 23:36:57,468][root][INFO] - forward done
[2024-09-22 23:36:57,485][root][INFO] - final, add_errs min:-1.0
[2024-09-22 23:36:57,495][root][INFO] - sort ids:tensor([  3,  33,  34,  75,  76,  99, 100, 104, 106, 129, 130, 171, 188, 202,
        226, 244,   4,   9, 105, 135, 170,   8,   7,  73,  72,  96, 221,   6,
         42, 126, 145,   0, 163, 101,   5,  11,  77, 132, 133, 137, 198, 227,
        169,  98,  44, 102, 187,  47, 164, 131, 203,  32,  74, 146, 245, 199,
        237, 122, 123, 216, 107, 207, 225,  97,   1,  89, 222,  14, 103, 147,
        196, 236,  82, 108, 141,  20,  28,  43,  45,  92, 179,   2, 206, 230,
         41,  56, 156, 178,  58,  90,  95, 134, 184, 205, 211, 212, 218, 229,
         12,  22,  80,  94, 115, 150, 174,  13,  38, 118, 128, 168,  30,  78,
         83, 125, 127,  17,  36,  79, 120,  18,  84, 204, 208,  62, 151, 155,
         59, 114, 175, 231, 243,  61,  85,  87, 116, 117, 161, 194,  27,  15,
         67,  21,  81,  93,  50, 197, 223, 241,  26,  71,  91, 124, 185, 248,
         52,  86, 154, 119,  23, 235,  88, 153, 191,  53, 247, 148,  24, 157,
         16, 136, 138, 228,  19,  37, 121, 172,  65, 217, 232, 251, 111, 152,
        209, 250,  10,  68, 158, 176, 233,  39, 181, 214,  31, 166, 177, 239,
         70, 201, 149, 165, 224,  64, 193, 210, 144, 189,  55, 140, 183, 113,
        143, 160, 162, 200, 220, 238,  49,  51,  54,  57,  69, 110, 142, 190,
        195, 240, 249,  35,  48,  63,  66, 109, 167, 173, 192,  29,  60, 180,
        213, 215, 219, 242,  40,  46, 182, 186, 246, 139, 159,  25, 234, 112])
[2024-09-22 23:36:57,498][root][INFO] - sorted scores:tensor([73.9062, 73.9062, 73.9062, 73.9062, 73.9062, 73.9062, 73.9062, 73.9062,
        73.9062, 73.9062, 73.9062, 73.9062, 73.9062, 73.9062, 73.9062, 73.9062,
        73.8906, 73.8906, 73.8906, 73.8906, 73.8906, 73.7188, 73.6719, 73.6719,
        73.6562, 73.6562, 73.6562, 73.6406, 73.6406, 73.6406, 73.6406, 73.6250,
        73.6250, 73.6094, 73.5938, 73.5938, 73.5938, 73.5938, 73.5938, 73.5938,
        73.5938, 73.5938, 73.5625, 73.5469, 73.5156, 73.5156, 73.4844, 73.4375,
        73.4375, 73.3906, 73.3906, 73.3750, 73.3594, 73.3438, 73.3281, 73.3125,
        73.3125, 73.2656, 73.2344, 73.2344, 73.2188, 73.1875, 73.1875, 73.1719,
        73.1562, 73.0625, 73.0000, 72.9844, 72.9844, 72.9844, 72.9844, 72.9844,
        72.9531, 72.9531, 72.9375, 72.9219, 72.9219, 72.9219, 72.9219, 72.9219,
        72.9219, 72.9062, 72.9062, 72.9062, 72.8906, 72.8906, 72.8906, 72.8906,
        72.8750, 72.8750, 72.8750, 72.8750, 72.8750, 72.8750, 72.8750, 72.8750,
        72.8750, 72.8750, 72.8438, 72.8438, 72.8438, 72.8438, 72.8438, 72.8438,
        72.8438, 72.8281, 72.8281, 72.8281, 72.8281, 72.8281, 72.8125, 72.8125,
        72.8125, 72.8125, 72.8125, 72.7969, 72.7969, 72.7969, 72.7969, 72.7812,
        72.7812, 72.7812, 72.7812, 72.7656, 72.7656, 72.7656, 72.7500, 72.7500,
        72.7500, 72.7500, 72.7500, 72.7344, 72.7344, 72.7344, 72.7344, 72.7344,
        72.7344, 72.7344, 72.7188, 72.7031, 72.7031, 72.6875, 72.6875, 72.6875,
        72.6719, 72.6719, 72.6719, 72.6719, 72.6562, 72.6562, 72.6562, 72.6562,
        72.6562, 72.6406, 72.6250, 72.6250, 72.6250, 72.6094, 72.5938, 72.5938,
        72.5625, 72.5625, 72.5625, 72.5469, 72.5312, 72.5156, 72.5000, 72.5000,
        72.4844, 72.4844, 72.4844, 72.4844, 72.4688, 72.4688, 72.4688, 72.4688,
        72.4531, 72.4531, 72.4531, 72.4375, 72.4219, 72.4062, 72.4062, 72.4062,
        72.3906, 72.3906, 72.3906, 72.3906, 72.3906, 72.3750, 72.3750, 72.3750,
        72.3594, 72.3438, 72.3438, 72.3438, 72.3281, 72.3125, 72.2969, 72.2969,
        72.2969, 72.2656, 72.2656, 72.2656, 72.2500, 72.2500, 72.2344, 72.2344,
        72.2344, 72.2188, 72.2188, 72.2188, 72.2188, 72.2188, 72.2188, 72.2188,
        72.2031, 72.2031, 72.2031, 72.2031, 72.2031, 72.2031, 72.2031, 72.2031,
        72.2031, 72.2031, 72.2031, 72.1875, 72.1875, 72.1875, 72.1875, 72.1875,
        72.1875, 72.1875, 72.1875, 72.1719, 72.1719, 72.1719, 72.1719, 72.1719,
        72.1719, 72.1719, 72.1562, 72.1562, 72.1562, 72.1562, 72.1562, 72.1406,
        72.1406, 72.1250, 72.1250, 72.0938])
[2024-09-22 23:37:08,646][websockets.server][INFO] - server listening on 0.0.0.0:8080
[2024-09-22 23:37:08,812][websockets.server][INFO] - connection open
[2024-09-22 23:37:10,058][websockets.server][INFO] - connection open
[2024-09-22 23:37:11,560][root][INFO] - Succeeded to open port: /dev/ttyUSB0
[2024-09-22 23:37:11,561][root][INFO] - Succeeded to set baudrate to 3000000
