[2024-09-19 15:46:32,526][root][INFO] - self.cfg: 
 lr: 0.0001
c_in: 6
zfar: 'Infinity'
debug: null
n_view: 1
run_id: 3wy8qqex
use_BN: true
exp_name: 2024-01-11-20-02-45
n_epochs: 62
save_dir: /home/bowenw/debug/2024-01-11-20-02-45/
use_mask: false
loss_type: pairwise_valid
optimizer: adam
batch_size: 64
crop_ratio: 1.1
enable_amp: true
use_normal: false
max_num_key: null
warmup_step: -1
input_resize:
- 160
- 160
max_step_val: 1000
vis_interval: 1000
weight_decay: 0
normalize_xyz: true
resume_run_id: null
clip_grad_norm: 'Infinity'
lr_epoch_decay: 500
render_backend: nvdiffrast
train_num_pair: 5
lr_decay_epochs:
- 50
n_epochs_warmup: 1
make_pair_online: false
gradient_max_norm: 'Infinity'
max_step_per_epoch: 10000
n_rendering_workers: 1
save_epoch_interval: 100
n_dataloader_workers: 100
split_objects_across_gpus: true
ckpt_dir: FoundationPose/learning/training/../../weights/2024-01-11-20-02-45/model_best.pth

[2024-09-19 15:46:32,526][root][INFO] - self.h5_file:None
[2024-09-19 15:46:32,692][root][INFO] - Using pretrained model from FoundationPose/learning/training/../../weights/2024-01-11-20-02-45/model_best.pth
[2024-09-19 15:46:32,757][root][INFO] - init done
[2024-09-19 15:46:32,757][root][INFO] - welcome
[2024-09-19 15:46:32,760][root][INFO] - self.cfg: 
 lr: 0.0001
c_in: 6
zfar: .inf
debug: null
w_rot: 0.1
n_view: 1
run_id: null
use_BN: true
rot_rep: axis_angle
ckpt_dir: FoundationPose/learning/training/../../weights/2023-10-28-18-33-37/model_best.pth
exp_name: 2023-10-28-18-33-37
save_dir: /tmp/2023-10-28-18-33-37/
loss_type: l2
optimizer: adam
trans_rep: tracknet
batch_size: 64
crop_ratio: 1.2
use_normal: false
BN_momentum: 0.1
max_num_key: null
warmup_step: -1
input_resize:
- 160
- 160
max_step_val: 1000
normal_uint8: false
vis_interval: 1000
weight_decay: 0
n_max_objects: null
normalize_xyz: true
clip_grad_norm: 'Infinity'
rot_normalizer: 0.3490658503988659
trans_normalizer:
- 0.019999999552965164
- 0.019999999552965164
- 0.05000000074505806
max_step_per_epoch: 25000
val_epoch_interval: 10
n_dataloader_workers: 60
enable_amp: true
use_mask: false

[2024-09-19 15:46:32,760][root][INFO] - self.h5_file:
[2024-09-19 15:46:32,816][root][INFO] - Using pretrained model from FoundationPose/learning/training/../../weights/2023-10-28-18-33-37/model_best.pth
[2024-09-19 15:46:32,834][root][INFO] - init done
[2024-09-19 15:46:35,203][root][INFO] - self.diameter:0.14928191682314523, vox_size:0.0074640958411572615
[2024-09-19 15:46:35,219][root][INFO] - self.pts:torch.Size([912, 3])
[2024-09-19 15:46:36,102][root][INFO] - reset done
[2024-09-19 15:46:36,103][root][INFO] - cam_in_obs:(42, 4, 4)
[2024-09-19 15:46:36,105][root][INFO] - rot_grid:(252, 4, 4)
[2024-09-19 15:46:36,106][root][INFO] - after cluster, rot_grid:(252, 4, 4)
[2024-09-19 15:46:36,106][root][INFO] - self.rot_grid: torch.Size([252, 4, 4])
[2024-09-19 15:46:57,351][root][INFO] - Welcome
[2024-09-19 15:46:57,354][root][INFO] - poses:(252, 4, 4)
[2024-09-19 15:46:57,360][root][INFO] - after viewpoint, add_errs min:-1.0
[2024-09-19 15:46:57,410][root][INFO] - ob_in_cams:(252, 4, 4)
[2024-09-19 15:46:57,411][root][INFO] - self.cfg.use_normal:False
[2024-09-19 15:46:57,411][root][INFO] - trans_normalizer:[0.019999999552965164, 0.019999999552965164, 0.05000000074505806], rot_normalizer:0.3490658503988659
[2024-09-19 15:46:57,440][root][INFO] - making cropped data
[2024-09-19 15:46:57,441][root][INFO] - Welcome make_crop_data_batch
[2024-09-19 15:46:57,444][root][INFO] - make tf_to_crops done
[2024-09-19 15:46:57,478][root][INFO] - render done
[2024-09-19 15:46:57,485][root][INFO] - warp done
[2024-09-19 15:46:57,491][root][INFO] - pose batch data done
[2024-09-19 15:46:57,491][root][INFO] - forward start
[2024-09-19 15:46:57,625][root][INFO] - forward done
[2024-09-19 15:46:57,636][root][INFO] - making cropped data
[2024-09-19 15:46:57,637][root][INFO] - Welcome make_crop_data_batch
[2024-09-19 15:46:57,638][root][INFO] - make tf_to_crops done
[2024-09-19 15:46:57,662][root][INFO] - render done
[2024-09-19 15:46:57,666][root][INFO] - warp done
[2024-09-19 15:46:57,669][root][INFO] - pose batch data done
[2024-09-19 15:46:57,670][root][INFO] - forward start
[2024-09-19 15:46:57,671][root][INFO] - forward done
[2024-09-19 15:46:57,671][root][INFO] - making cropped data
[2024-09-19 15:46:57,671][root][INFO] - Welcome make_crop_data_batch
[2024-09-19 15:46:57,786][root][INFO] - make tf_to_crops done
[2024-09-19 15:46:57,810][root][INFO] - render done
[2024-09-19 15:46:57,814][root][INFO] - warp done
[2024-09-19 15:46:57,818][root][INFO] - pose batch data done
[2024-09-19 15:46:57,818][root][INFO] - forward start
[2024-09-19 15:46:57,819][root][INFO] - forward done
[2024-09-19 15:46:57,820][root][INFO] - making cropped data
[2024-09-19 15:46:57,820][root][INFO] - Welcome make_crop_data_batch
[2024-09-19 15:46:57,931][root][INFO] - make tf_to_crops done
[2024-09-19 15:46:57,956][root][INFO] - render done
[2024-09-19 15:46:57,960][root][INFO] - warp done
[2024-09-19 15:46:57,963][root][INFO] - pose batch data done
[2024-09-19 15:46:57,963][root][INFO] - forward start
[2024-09-19 15:46:57,964][root][INFO] - forward done
[2024-09-19 15:46:57,965][root][INFO] - making cropped data
[2024-09-19 15:46:57,965][root][INFO] - Welcome make_crop_data_batch
[2024-09-19 15:46:58,078][root][INFO] - make tf_to_crops done
[2024-09-19 15:46:58,104][root][INFO] - render done
[2024-09-19 15:46:58,108][root][INFO] - warp done
[2024-09-19 15:46:58,111][root][INFO] - pose batch data done
[2024-09-19 15:46:58,111][root][INFO] - forward start
[2024-09-19 15:46:58,112][root][INFO] - forward done
[2024-09-19 15:46:58,112][root][INFO] - making cropped data
[2024-09-19 15:46:58,112][root][INFO] - Welcome make_crop_data_batch
[2024-09-19 15:46:58,225][root][INFO] - make tf_to_crops done
[2024-09-19 15:46:58,249][root][INFO] - render done
[2024-09-19 15:46:58,255][root][INFO] - warp done
[2024-09-19 15:46:58,258][root][INFO] - pose batch data done
[2024-09-19 15:46:58,258][root][INFO] - forward start
[2024-09-19 15:46:58,259][root][INFO] - forward done
[2024-09-19 15:46:58,259][root][INFO] - making cropped data
[2024-09-19 15:46:58,259][root][INFO] - Welcome make_crop_data_batch
[2024-09-19 15:46:58,370][root][INFO] - make tf_to_crops done
[2024-09-19 15:46:58,393][root][INFO] - render done
[2024-09-19 15:46:58,397][root][INFO] - warp done
[2024-09-19 15:46:58,401][root][INFO] - pose batch data done
[2024-09-19 15:46:58,401][root][INFO] - forward start
[2024-09-19 15:46:58,402][root][INFO] - forward done
[2024-09-19 15:46:58,402][root][INFO] - making cropped data
[2024-09-19 15:46:58,402][root][INFO] - Welcome make_crop_data_batch
[2024-09-19 15:46:58,515][root][INFO] - make tf_to_crops done
[2024-09-19 15:46:58,539][root][INFO] - render done
[2024-09-19 15:46:58,543][root][INFO] - warp done
[2024-09-19 15:46:58,546][root][INFO] - pose batch data done
[2024-09-19 15:46:58,546][root][INFO] - forward start
[2024-09-19 15:46:58,547][root][INFO] - forward done
[2024-09-19 15:46:58,547][root][INFO] - making cropped data
[2024-09-19 15:46:58,547][root][INFO] - Welcome make_crop_data_batch
[2024-09-19 15:46:58,661][root][INFO] - make tf_to_crops done
[2024-09-19 15:46:58,686][root][INFO] - render done
[2024-09-19 15:46:58,691][root][INFO] - warp done
[2024-09-19 15:46:58,693][root][INFO] - pose batch data done
[2024-09-19 15:46:58,693][root][INFO] - forward start
[2024-09-19 15:46:58,695][root][INFO] - forward done
[2024-09-19 15:46:58,695][root][INFO] - making cropped data
[2024-09-19 15:46:58,695][root][INFO] - Welcome make_crop_data_batch
[2024-09-19 15:46:58,808][root][INFO] - make tf_to_crops done
[2024-09-19 15:46:58,832][root][INFO] - render done
[2024-09-19 15:46:58,838][root][INFO] - warp done
[2024-09-19 15:46:58,841][root][INFO] - pose batch data done
[2024-09-19 15:46:58,841][root][INFO] - forward start
[2024-09-19 15:46:58,842][root][INFO] - forward done
[2024-09-19 15:46:58,842][root][INFO] - making cropped data
[2024-09-19 15:46:58,842][root][INFO] - Welcome make_crop_data_batch
[2024-09-19 15:46:58,953][root][INFO] - make tf_to_crops done
[2024-09-19 15:46:58,976][root][INFO] - render done
[2024-09-19 15:46:58,980][root][INFO] - warp done
[2024-09-19 15:46:58,983][root][INFO] - pose batch data done
[2024-09-19 15:46:58,983][root][INFO] - forward start
[2024-09-19 15:46:58,984][root][INFO] - forward done
[2024-09-19 15:46:58,984][root][INFO] - making cropped data
[2024-09-19 15:46:58,984][root][INFO] - Welcome make_crop_data_batch
[2024-09-19 15:46:59,098][root][INFO] - make tf_to_crops done
[2024-09-19 15:46:59,123][root][INFO] - render done
[2024-09-19 15:46:59,127][root][INFO] - warp done
[2024-09-19 15:46:59,129][root][INFO] - pose batch data done
[2024-09-19 15:46:59,129][root][INFO] - forward start
[2024-09-19 15:46:59,131][root][INFO] - forward done
[2024-09-19 15:46:59,131][root][INFO] - making cropped data
[2024-09-19 15:46:59,131][root][INFO] - Welcome make_crop_data_batch
[2024-09-19 15:46:59,245][root][INFO] - make tf_to_crops done
[2024-09-19 15:46:59,270][root][INFO] - render done
[2024-09-19 15:46:59,274][root][INFO] - warp done
[2024-09-19 15:46:59,276][root][INFO] - pose batch data done
[2024-09-19 15:46:59,276][root][INFO] - forward start
[2024-09-19 15:46:59,278][root][INFO] - forward done
[2024-09-19 15:46:59,278][root][INFO] - making cropped data
[2024-09-19 15:46:59,278][root][INFO] - Welcome make_crop_data_batch
[2024-09-19 15:46:59,390][root][INFO] - make tf_to_crops done
[2024-09-19 15:46:59,413][root][INFO] - render done
[2024-09-19 15:46:59,418][root][INFO] - warp done
[2024-09-19 15:46:59,421][root][INFO] - pose batch data done
[2024-09-19 15:46:59,421][root][INFO] - forward start
[2024-09-19 15:46:59,422][root][INFO] - forward done
[2024-09-19 15:46:59,423][root][INFO] - making cropped data
[2024-09-19 15:46:59,423][root][INFO] - Welcome make_crop_data_batch
[2024-09-19 15:46:59,535][root][INFO] - make tf_to_crops done
[2024-09-19 15:46:59,559][root][INFO] - render done
[2024-09-19 15:46:59,562][root][INFO] - warp done
[2024-09-19 15:46:59,565][root][INFO] - pose batch data done
[2024-09-19 15:46:59,565][root][INFO] - forward start
[2024-09-19 15:46:59,566][root][INFO] - forward done
[2024-09-19 15:46:59,566][root][INFO] - making cropped data
[2024-09-19 15:46:59,567][root][INFO] - Welcome make_crop_data_batch
[2024-09-19 15:46:59,681][root][INFO] - make tf_to_crops done
[2024-09-19 15:46:59,707][root][INFO] - render done
[2024-09-19 15:46:59,710][root][INFO] - warp done
[2024-09-19 15:46:59,713][root][INFO] - pose batch data done
[2024-09-19 15:46:59,713][root][INFO] - forward start
[2024-09-19 15:46:59,714][root][INFO] - forward done
[2024-09-19 15:46:59,714][root][INFO] - making cropped data
[2024-09-19 15:46:59,714][root][INFO] - Welcome make_crop_data_batch
[2024-09-19 15:46:59,828][root][INFO] - make tf_to_crops done
[2024-09-19 15:46:59,853][root][INFO] - render done
[2024-09-19 15:46:59,857][root][INFO] - warp done
[2024-09-19 15:46:59,860][root][INFO] - pose batch data done
[2024-09-19 15:46:59,860][root][INFO] - forward start
[2024-09-19 15:46:59,861][root][INFO] - forward done
[2024-09-19 15:46:59,862][root][INFO] - making cropped data
[2024-09-19 15:46:59,862][root][INFO] - Welcome make_crop_data_batch
[2024-09-19 15:46:59,973][root][INFO] - make tf_to_crops done
[2024-09-19 15:46:59,996][root][INFO] - render done
[2024-09-19 15:47:00,002][root][INFO] - warp done
[2024-09-19 15:47:00,005][root][INFO] - pose batch data done
[2024-09-19 15:47:00,005][root][INFO] - forward start
[2024-09-19 15:47:00,006][root][INFO] - forward done
[2024-09-19 15:47:00,006][root][INFO] - making cropped data
[2024-09-19 15:47:00,007][root][INFO] - Welcome make_crop_data_batch
[2024-09-19 15:47:00,120][root][INFO] - make tf_to_crops done
[2024-09-19 15:47:00,144][root][INFO] - render done
[2024-09-19 15:47:00,148][root][INFO] - warp done
[2024-09-19 15:47:00,151][root][INFO] - pose batch data done
[2024-09-19 15:47:00,151][root][INFO] - forward start
[2024-09-19 15:47:00,153][root][INFO] - forward done
[2024-09-19 15:47:00,153][root][INFO] - making cropped data
[2024-09-19 15:47:00,153][root][INFO] - Welcome make_crop_data_batch
[2024-09-19 15:47:00,267][root][INFO] - make tf_to_crops done
[2024-09-19 15:47:00,292][root][INFO] - render done
[2024-09-19 15:47:00,295][root][INFO] - warp done
[2024-09-19 15:47:00,298][root][INFO] - pose batch data done
[2024-09-19 15:47:00,298][root][INFO] - forward start
[2024-09-19 15:47:00,300][root][INFO] - forward done
[2024-09-19 15:47:00,426][root][INFO] - ob_in_cams:(252, 4, 4)
[2024-09-19 15:47:00,426][root][INFO] - self.cfg.use_normal:False
[2024-09-19 15:47:00,426][root][INFO] - making cropped data
[2024-09-19 15:47:00,434][root][INFO] - Welcome make_crop_data_batch
[2024-09-19 15:47:00,435][root][INFO] - make tf_to_crops done
[2024-09-19 15:47:00,456][root][INFO] - render done
[2024-09-19 15:47:00,599][root][INFO] - pose batch data done
[2024-09-19 15:47:00,599][root][INFO] - pose_data.rgbAs.shape[0]: 252
[2024-09-19 15:47:00,711][root][INFO] - forward done
[2024-09-19 15:47:00,729][root][INFO] - final, add_errs min:-1.0
[2024-09-19 15:47:00,738][root][INFO] - sort ids:tensor([  6,  43,  72, 103, 163, 221,   0,  42,  73,  96, 126, 127, 133,   1,
          7, 102, 132, 145, 169, 206, 229, 235,   5, 105, 136, 154,   4,   8,
          9,  10,  13,  19,  33,  34,  36,  37,  74,  76,  79,  82,  84,  85,
         91,  98,  99, 100, 101, 106, 115, 121, 124, 125, 129, 130, 134, 135,
        146, 153, 178, 188, 202, 205, 211, 226, 228, 244,   3,  12,  15,  16,
         17,  18,  23,  28,  41,  75,  88,  89,  90,  93,  94,  97, 107, 118,
        120, 128, 155, 184, 227,   2,  11,  20,  21,  22,  27,  77,  78,  81,
         83, 114, 119, 122, 123, 131, 137, 161, 177, 179, 203, 204, 230, 236,
         14,  47,  80,  86,  87,  92,  95, 116, 117,  26,  32, 104, 170,  70,
        151, 250,  67,  49, 193, 207, 196, 110, 175, 217, 220,  55,  52,  71,
         68, 164, 168, 246,  58, 248, 249, 152, 159, 247, 141, 158, 219, 242,
         25,  40,  45,  59,  61,  65,  69, 111, 139, 142, 160, 186, 225, 241,
         31,  51,  53, 109, 144, 149, 162, 166, 167, 181, 197, 200, 201, 209,
        218, 224, 237, 251,  62, 191, 195, 198, 210, 223,  30, 172, 173, 216,
        239, 245,  35,  57,  63, 113, 165, 215,  50, 148, 171, 174, 192, 233,
         38, 138, 147, 176, 189, 208, 232, 234, 243,  24,  48,  56, 112, 143,
         29,  46,  64, 180, 182, 190, 213, 240,  44,  60,  66, 150, 156, 157,
        183, 194, 199,  54, 108, 140, 187, 212, 231, 238,  39, 214, 222, 185])
[2024-09-19 15:47:00,742][root][INFO] - sorted scores:tensor([66.9375, 66.9375, 66.9375, 66.9375, 66.9375, 66.9375, 66.9062, 66.9062,
        66.9062, 66.9062, 66.9062, 66.9062, 66.9062, 66.8750, 66.8750, 66.8750,
        66.8750, 66.8750, 66.8750, 66.6562, 66.6562, 66.6562, 66.6250, 66.6250,
        66.6250, 66.6250, 66.5938, 66.5938, 66.5938, 66.5938, 66.5938, 66.5938,
        66.5938, 66.5938, 66.5938, 66.5938, 66.5938, 66.5938, 66.5938, 66.5938,
        66.5938, 66.5938, 66.5938, 66.5938, 66.5938, 66.5938, 66.5938, 66.5938,
        66.5938, 66.5938, 66.5938, 66.5938, 66.5938, 66.5938, 66.5938, 66.5938,
        66.5938, 66.5938, 66.5938, 66.5938, 66.5938, 66.5938, 66.5938, 66.5938,
        66.5938, 66.5938, 66.5625, 66.5625, 66.5625, 66.5625, 66.5625, 66.5625,
        66.5625, 66.5625, 66.5625, 66.5625, 66.5625, 66.5625, 66.5625, 66.5625,
        66.5625, 66.5625, 66.5625, 66.5625, 66.5625, 66.5625, 66.5625, 66.5625,
        66.5625, 66.5312, 66.5312, 66.5312, 66.5312, 66.5312, 66.5312, 66.5312,
        66.5312, 66.5312, 66.5312, 66.5312, 66.5312, 66.5312, 66.5312, 66.5312,
        66.5312, 66.5312, 66.5312, 66.5312, 66.5312, 66.5312, 66.5312, 66.5312,
        66.5000, 66.5000, 66.5000, 66.5000, 66.5000, 66.5000, 66.5000, 66.5000,
        66.5000, 66.4688, 66.4688, 66.4688, 66.4688, 66.1562, 66.1562, 66.1562,
        66.0938, 66.0312, 66.0000, 65.9688, 65.9375, 65.9062, 65.9062, 65.8750,
        65.8750, 65.7812, 65.7500, 65.6875, 65.6250, 65.6250, 65.6250, 65.6250,
        65.5938, 65.5938, 65.5938, 65.5625, 65.5625, 65.5625, 65.5312, 65.5312,
        65.5312, 65.5312, 65.5000, 65.5000, 65.5000, 65.5000, 65.5000, 65.5000,
        65.5000, 65.5000, 65.5000, 65.5000, 65.5000, 65.5000, 65.5000, 65.5000,
        65.4688, 65.4688, 65.4688, 65.4688, 65.4688, 65.4688, 65.4688, 65.4688,
        65.4688, 65.4688, 65.4688, 65.4688, 65.4688, 65.4688, 65.4688, 65.4688,
        65.4688, 65.4688, 65.4375, 65.4375, 65.4375, 65.4375, 65.4375, 65.4375,
        65.4062, 65.4062, 65.4062, 65.4062, 65.4062, 65.4062, 65.3750, 65.3750,
        65.3750, 65.3750, 65.3750, 65.3750, 65.3438, 65.3438, 65.3438, 65.3438,
        65.3438, 65.3438, 65.3125, 65.3125, 65.3125, 65.3125, 65.3125, 65.3125,
        65.3125, 65.3125, 65.3125, 65.2812, 65.2812, 65.2812, 65.2812, 65.2812,
        65.2500, 65.2500, 65.2500, 65.2500, 65.2500, 65.2500, 65.2500, 65.2500,
        65.2188, 65.2188, 65.2188, 65.2188, 65.2188, 65.2188, 65.2188, 65.2188,
        65.2188, 65.1875, 65.1875, 65.1875, 65.1875, 65.1875, 65.1875, 65.1875,
        65.1562, 65.1562, 65.1562, 65.1250])
[2024-09-19 15:47:00,753][websockets.server][INFO] - server listening on 127.0.0.1:8080
[2024-09-19 15:47:04,310][websockets.server][INFO] - connection open
[2024-09-19 15:47:08,492][websockets.server][INFO] - connection open
