[2024-10-15 16:57:43,434][websockets.server][INFO] - server listening on 0.0.0.0:8080
[2024-10-15 16:57:43,585][root][INFO] - self.cfg: 
 lr: 0.0001
c_in: 6
zfar: 'Infinity'
debug: null
n_view: 1
run_id: 3wy8qqex
use_BN: true
exp_name: 2024-01-11-20-02-45
n_epochs: 62
save_dir: /home/bowenw/debug/2024-01-11-20-02-45/
use_mask: false
loss_type: pairwise_valid
optimizer: adam
batch_size: 64
crop_ratio: 1.1
enable_amp: true
use_normal: false
max_num_key: null
warmup_step: -1
input_resize:
- 160
- 160
max_step_val: 1000
vis_interval: 1000
weight_decay: 0
normalize_xyz: true
resume_run_id: null
clip_grad_norm: 'Infinity'
lr_epoch_decay: 500
render_backend: nvdiffrast
train_num_pair: 5
lr_decay_epochs:
- 50
n_epochs_warmup: 1
make_pair_online: false
gradient_max_norm: 'Infinity'
max_step_per_epoch: 10000
n_rendering_workers: 1
save_epoch_interval: 100
n_dataloader_workers: 100
split_objects_across_gpus: true
ckpt_dir: /home/shaol/gjx/rw/third_party/FoundationPose/learning/training/../../weights/2024-01-11-20-02-45/model_best.pth

[2024-10-15 16:57:43,585][root][INFO] - self.h5_file:None
[2024-10-15 16:57:43,962][root][INFO] - Using pretrained model from /home/shaol/gjx/rw/third_party/FoundationPose/learning/training/../../weights/2024-01-11-20-02-45/model_best.pth
[2024-10-15 16:57:44,030][root][INFO] - init done
[2024-10-15 16:57:44,030][root][INFO] - welcome
[2024-10-15 16:57:44,034][root][INFO] - self.cfg: 
 lr: 0.0001
c_in: 6
zfar: .inf
debug: null
w_rot: 0.1
n_view: 1
run_id: null
use_BN: true
rot_rep: axis_angle
ckpt_dir: /home/shaol/gjx/rw/third_party/FoundationPose/learning/training/../../weights/2023-10-28-18-33-37/model_best.pth
exp_name: 2023-10-28-18-33-37
save_dir: /tmp/2023-10-28-18-33-37/
loss_type: l2
optimizer: adam
trans_rep: tracknet
batch_size: 64
crop_ratio: 1.2
use_normal: false
BN_momentum: 0.1
max_num_key: null
warmup_step: -1
input_resize:
- 160
- 160
max_step_val: 1000
normal_uint8: false
vis_interval: 1000
weight_decay: 0
n_max_objects: null
normalize_xyz: true
clip_grad_norm: 'Infinity'
rot_normalizer: 0.3490658503988659
trans_normalizer:
- 0.019999999552965164
- 0.019999999552965164
- 0.05000000074505806
max_step_per_epoch: 25000
val_epoch_interval: 10
n_dataloader_workers: 60
enable_amp: true
use_mask: false

[2024-10-15 16:57:44,034][root][INFO] - self.h5_file:
[2024-10-15 16:57:44,102][websockets.server][INFO] - connection open
[2024-10-15 16:57:44,153][root][INFO] - Using pretrained model from /home/shaol/gjx/rw/third_party/FoundationPose/learning/training/../../weights/2023-10-28-18-33-37/model_best.pth
[2024-10-15 16:57:44,189][root][INFO] - init done
[2024-10-15 16:57:45,643][root][INFO] - self.diameter:0.20218917538522446, vox_size:0.010109458769261222
[2024-10-15 16:57:45,657][root][INFO] - self.pts:torch.Size([390, 3])
[2024-10-15 16:57:46,795][root][INFO] - reset done
[2024-10-15 16:57:46,796][root][INFO] - cam_in_obs:(42, 4, 4)
[2024-10-15 16:57:46,798][root][INFO] - rot_grid:(252, 4, 4)
[2024-10-15 16:57:46,799][root][INFO] - after cluster, rot_grid:(252, 4, 4)
[2024-10-15 16:57:46,799][root][INFO] - self.rot_grid: torch.Size([252, 4, 4])
[2024-10-15 16:57:56,161][root][INFO] - Welcome
[2024-10-15 16:57:56,181][root][INFO] - poses:(252, 4, 4)
[2024-10-15 16:57:56,203][root][INFO] - after viewpoint, add_errs min:-1.0
[2024-10-15 16:57:56,273][root][INFO] - ob_in_cams:(252, 4, 4)
[2024-10-15 16:57:56,273][root][INFO] - self.cfg.use_normal:False
[2024-10-15 16:57:56,273][root][INFO] - trans_normalizer:[0.019999999552965164, 0.019999999552965164, 0.05000000074505806], rot_normalizer:0.3490658503988659
[2024-10-15 16:57:56,288][root][INFO] - making cropped data
[2024-10-15 16:57:56,288][root][INFO] - Welcome make_crop_data_batch
[2024-10-15 16:57:56,293][root][INFO] - make tf_to_crops done
[2024-10-15 16:57:56,320][root][INFO] - render done
[2024-10-15 16:57:56,326][root][INFO] - warp done
[2024-10-15 16:57:56,331][root][INFO] - pose batch data done
[2024-10-15 16:57:56,331][root][INFO] - forward start
[2024-10-15 16:57:56,450][root][INFO] - forward done
[2024-10-15 16:57:56,461][root][INFO] - making cropped data
[2024-10-15 16:57:56,461][root][INFO] - Welcome make_crop_data_batch
[2024-10-15 16:57:56,461][root][INFO] - make tf_to_crops done
[2024-10-15 16:57:56,476][root][INFO] - render done
[2024-10-15 16:57:56,480][root][INFO] - warp done
[2024-10-15 16:57:56,482][root][INFO] - pose batch data done
[2024-10-15 16:57:56,483][root][INFO] - forward start
[2024-10-15 16:57:56,484][root][INFO] - forward done
[2024-10-15 16:57:56,484][root][INFO] - making cropped data
[2024-10-15 16:57:56,485][root][INFO] - Welcome make_crop_data_batch
[2024-10-15 16:57:56,577][root][INFO] - make tf_to_crops done
[2024-10-15 16:57:56,592][root][INFO] - render done
[2024-10-15 16:57:56,596][root][INFO] - warp done
[2024-10-15 16:57:56,599][root][INFO] - pose batch data done
[2024-10-15 16:57:56,599][root][INFO] - forward start
[2024-10-15 16:57:56,600][root][INFO] - forward done
[2024-10-15 16:57:56,601][root][INFO] - making cropped data
[2024-10-15 16:57:56,601][root][INFO] - Welcome make_crop_data_batch
[2024-10-15 16:57:56,690][root][INFO] - make tf_to_crops done
[2024-10-15 16:57:56,705][root][INFO] - render done
[2024-10-15 16:57:56,708][root][INFO] - warp done
[2024-10-15 16:57:56,711][root][INFO] - pose batch data done
[2024-10-15 16:57:56,711][root][INFO] - forward start
[2024-10-15 16:57:56,712][root][INFO] - forward done
[2024-10-15 16:57:56,713][root][INFO] - making cropped data
[2024-10-15 16:57:56,713][root][INFO] - Welcome make_crop_data_batch
[2024-10-15 16:57:56,803][root][INFO] - make tf_to_crops done
[2024-10-15 16:57:56,817][root][INFO] - render done
[2024-10-15 16:57:56,821][root][INFO] - warp done
[2024-10-15 16:57:56,823][root][INFO] - pose batch data done
[2024-10-15 16:57:56,823][root][INFO] - forward start
[2024-10-15 16:57:56,825][root][INFO] - forward done
[2024-10-15 16:57:56,930][root][INFO] - ob_in_cams:(252, 4, 4)
[2024-10-15 16:57:56,930][root][INFO] - self.cfg.use_normal:False
[2024-10-15 16:57:56,930][root][INFO] - making cropped data
[2024-10-15 16:57:56,939][root][INFO] - Welcome make_crop_data_batch
[2024-10-15 16:57:56,940][root][INFO] - make tf_to_crops done
[2024-10-15 16:57:56,953][root][INFO] - render done
[2024-10-15 16:57:57,071][root][INFO] - pose batch data done
[2024-10-15 16:57:57,071][root][INFO] - pose_data.rgbAs.shape[0]: 252
[2024-10-15 16:57:57,160][root][INFO] - forward done
[2024-10-15 16:57:57,178][root][INFO] - final, add_errs min:-1.0
[2024-10-15 16:57:57,188][root][INFO] - sort ids:tensor([114, 205, 210, 229, 204, 247,  60,  61, 199, 246, 217,  66,  67,   1,
        127, 222, 198, 223,   0, 216,  96, 241, 235, 240, 228, 126,  43,  72,
         30,  12,  13, 102,  85, 178, 177, 183,  58,  97, 190, 147, 196, 195,
          9, 172,  52, 154, 115, 166, 171, 163, 191,  36, 148, 165, 145, 213,
        135, 133,  51, 244,  93,  75,  78, 219,   4, 169, 153, 202, 250,  59,
        194,  70, 136, 193,  84, 208,  57, 118,  45, 106, 211,   7, 201,  63,
        162, 144,  10, 100,  95, 175, 226, 151,  79, 203,  91, 189, 249,  19,
         22,  34, 103, 117, 170, 232,  40, 105, 108, 248, 207,  31, 197, 225,
         49, 238,  48, 180, 129,  16,  21, 192,  46,  15,  54, 123,  94, 160,
        186, 104, 159, 174,  76,  82, 184, 141,   5,  56,  77, 116, 124, 130,
        122, 167, 224,  18, 231,   8, 113, 138, 146, 212,  35, 132, 230,  42,
        150, 173, 200, 227, 164, 206,  24,  88, 139, 161, 218, 125, 179,  27,
         62, 137, 149, 221,  26,  38,  64,  81, 209,  65,  99, 120, 156, 157,
        168, 236,  39,  41,  53,  73,  74,  98, 142, 185, 234,   2,  47, 121,
        131, 134, 140, 220,   3,  11, 214, 251,  37,  44,  90, 101,   6,  68,
        143, 245,  33,  55, 119, 243,  25,  89, 155, 158, 215,  23, 182,  28,
         17, 187, 242,  32,  87, 111, 152,  69, 109, 128, 181,  86, 188, 237,
         50, 110,  92, 107,  14,  83,  29, 239,  71, 112,  80, 233,  20, 176])
[2024-10-15 16:57:57,191][root][INFO] - sorted scores:tensor([112.2031, 111.8828, 111.8438, 111.8438, 111.8359, 111.8125, 111.7891,
        111.7891, 111.7891, 111.7891, 111.7812, 111.7734, 111.7734, 111.7656,
        111.7578, 111.7578, 111.7500, 111.7500, 111.7422, 111.7266, 111.6953,
        111.6953, 111.6719, 111.6641, 111.6562, 111.6406, 111.6094, 111.5234,
        111.5000, 111.4766, 111.3984, 111.3281, 111.2188, 111.1094, 111.0859,
        111.0625, 111.0469, 111.0391, 111.0234, 111.0078, 111.0078, 111.0000,
        110.9844, 110.9766, 110.9609, 110.9609, 110.9375, 110.8828, 110.8828,
        110.8750, 110.8672, 110.8281, 110.8281, 110.7578, 110.7344, 110.7266,
        110.6953, 110.6797, 110.6719, 110.6562, 110.6484, 110.6328, 110.6016,
        110.5938, 110.5859, 110.5781, 110.5703, 110.5625, 110.5391, 110.5234,
        110.5156, 110.4922, 110.4922, 110.4922, 110.4844, 110.4844, 110.4766,
        110.4766, 110.4688, 110.4688, 110.4688, 110.4609, 110.4609, 110.4531,
        110.4531, 110.4453, 110.4375, 110.4297, 110.4219, 110.4219, 110.4219,
        110.4141, 110.3984, 110.3984, 110.3906, 110.3828, 110.3828, 110.3750,
        110.3750, 110.3750, 110.3750, 110.3750, 110.3750, 110.3750, 110.3672,
        110.3672, 110.3672, 110.3594, 110.3516, 110.3438, 110.3438, 110.3438,
        110.3203, 110.3047, 110.2969, 110.2969, 110.2812, 110.2734, 110.2656,
        110.2656, 110.2578, 110.2422, 110.2266, 110.2266, 110.2188, 110.2188,
        110.2188, 110.2109, 110.2031, 110.1953, 110.1875, 110.1875, 110.1875,
        110.1797, 110.1719, 110.1719, 110.1719, 110.1719, 110.1719, 110.1719,
        110.1641, 110.1641, 110.1641, 110.1562, 110.1562, 110.1406, 110.1406,
        110.1406, 110.1406, 110.1406, 110.1328, 110.1250, 110.1172, 110.1094,
        110.1094, 110.1094, 110.1094, 110.1094, 110.1016, 110.1016, 110.0938,
        110.0938, 110.0938, 110.0938, 110.0938, 110.0859, 110.0859, 110.0781,
        110.0781, 110.0781, 110.0781, 110.0781, 110.0703, 110.0703, 110.0703,
        110.0703, 110.0703, 110.0625, 110.0625, 110.0625, 110.0625, 110.0625,
        110.0625, 110.0625, 110.0547, 110.0547, 110.0547, 110.0547, 110.0547,
        110.0547, 110.0547, 110.0547, 110.0547, 110.0469, 110.0469, 110.0469,
        110.0469, 110.0469, 110.0469, 110.0469, 110.0391, 110.0391, 110.0391,
        110.0391, 110.0312, 110.0312, 110.0312, 110.0312, 110.0234, 110.0234,
        110.0234, 110.0234, 110.0156, 110.0156, 110.0156, 110.0156, 110.0078,
        110.0078, 110.0078, 110.0078, 110.0078, 110.0000, 110.0000, 109.9922,
        109.9844, 109.9844, 109.9844, 109.9766, 109.9766, 109.9766, 109.9766,
        109.9688, 109.9688, 109.9688, 109.9688, 109.9609, 109.9609, 109.9531,
        109.9375, 109.9375, 109.9297, 109.9297, 109.9219, 109.9219, 109.9141,
        109.9141, 109.9062, 109.8750, 109.8672, 109.8672, 109.8516, 109.8359])
