[2024-09-21 15:02:04,518][root][INFO] - self.cfg: 
 lr: 0.0001
c_in: 6
zfar: 'Infinity'
debug: null
n_view: 1
run_id: 3wy8qqex
use_BN: true
exp_name: 2024-01-11-20-02-45
n_epochs: 62
save_dir: /home/bowenw/debug/2024-01-11-20-02-45/
use_mask: false
loss_type: pairwise_valid
optimizer: adam
batch_size: 64
crop_ratio: 1.1
enable_amp: true
use_normal: false
max_num_key: null
warmup_step: -1
input_resize:
- 160
- 160
max_step_val: 1000
vis_interval: 1000
weight_decay: 0
normalize_xyz: true
resume_run_id: null
clip_grad_norm: 'Infinity'
lr_epoch_decay: 500
render_backend: nvdiffrast
train_num_pair: 5
lr_decay_epochs:
- 50
n_epochs_warmup: 1
make_pair_online: false
gradient_max_norm: 'Infinity'
max_step_per_epoch: 10000
n_rendering_workers: 1
save_epoch_interval: 100
n_dataloader_workers: 100
split_objects_across_gpus: true
ckpt_dir: FoundationPose/learning/training/../../weights/2024-01-11-20-02-45/model_best.pth

[2024-09-21 15:02:04,518][root][INFO] - self.h5_file:None
[2024-09-21 15:02:04,702][root][INFO] - Using pretrained model from FoundationPose/learning/training/../../weights/2024-01-11-20-02-45/model_best.pth
[2024-09-21 15:02:04,765][root][INFO] - init done
[2024-09-21 15:02:04,765][root][INFO] - welcome
[2024-09-21 15:02:04,769][root][INFO] - self.cfg: 
 lr: 0.0001
c_in: 6
zfar: .inf
debug: null
w_rot: 0.1
n_view: 1
run_id: null
use_BN: true
rot_rep: axis_angle
ckpt_dir: FoundationPose/learning/training/../../weights/2023-10-28-18-33-37/model_best.pth
exp_name: 2023-10-28-18-33-37
save_dir: /tmp/2023-10-28-18-33-37/
loss_type: l2
optimizer: adam
trans_rep: tracknet
batch_size: 64
crop_ratio: 1.2
use_normal: false
BN_momentum: 0.1
max_num_key: null
warmup_step: -1
input_resize:
- 160
- 160
max_step_val: 1000
normal_uint8: false
vis_interval: 1000
weight_decay: 0
n_max_objects: null
normalize_xyz: true
clip_grad_norm: 'Infinity'
rot_normalizer: 0.3490658503988659
trans_normalizer:
- 0.019999999552965164
- 0.019999999552965164
- 0.05000000074505806
max_step_per_epoch: 25000
val_epoch_interval: 10
n_dataloader_workers: 60
enable_amp: true
use_mask: false

[2024-09-21 15:02:04,769][root][INFO] - self.h5_file:
[2024-09-21 15:02:04,812][root][INFO] - Using pretrained model from FoundationPose/learning/training/../../weights/2023-10-28-18-33-37/model_best.pth
[2024-09-21 15:02:04,829][root][INFO] - init done
[2024-09-21 15:02:07,025][root][INFO] - self.diameter:0.16895820717374796, vox_size:0.008447910358687399
[2024-09-21 15:02:07,040][root][INFO] - self.pts:torch.Size([676, 3])
[2024-09-21 15:02:08,014][root][INFO] - reset done
[2024-09-21 15:02:08,014][root][INFO] - cam_in_obs:(42, 4, 4)
[2024-09-21 15:02:08,016][root][INFO] - rot_grid:(252, 4, 4)
[2024-09-21 15:02:08,017][root][INFO] - after cluster, rot_grid:(252, 4, 4)
[2024-09-21 15:02:08,017][root][INFO] - self.rot_grid: torch.Size([252, 4, 4])
[2024-09-21 15:02:19,765][root][INFO] - Welcome
[2024-09-21 15:02:19,781][root][INFO] - poses:(252, 4, 4)
[2024-09-21 15:02:19,790][root][INFO] - after viewpoint, add_errs min:-1.0
[2024-09-21 15:02:19,823][root][INFO] - ob_in_cams:(252, 4, 4)
[2024-09-21 15:02:19,823][root][INFO] - self.cfg.use_normal:False
[2024-09-21 15:02:19,823][root][INFO] - trans_normalizer:[0.019999999552965164, 0.019999999552965164, 0.05000000074505806], rot_normalizer:0.3490658503988659
[2024-09-21 15:02:19,867][root][INFO] - making cropped data
[2024-09-21 15:02:19,867][root][INFO] - Welcome make_crop_data_batch
[2024-09-21 15:02:19,872][root][INFO] - make tf_to_crops done
[2024-09-21 15:02:19,905][root][INFO] - render done
[2024-09-21 15:02:19,911][root][INFO] - warp done
[2024-09-21 15:02:19,916][root][INFO] - pose batch data done
[2024-09-21 15:02:19,916][root][INFO] - forward start
[2024-09-21 15:02:20,032][root][INFO] - forward done
[2024-09-21 15:02:20,042][root][INFO] - making cropped data
[2024-09-21 15:02:20,042][root][INFO] - Welcome make_crop_data_batch
[2024-09-21 15:02:20,043][root][INFO] - make tf_to_crops done
[2024-09-21 15:02:20,064][root][INFO] - render done
[2024-09-21 15:02:20,068][root][INFO] - warp done
[2024-09-21 15:02:20,071][root][INFO] - pose batch data done
[2024-09-21 15:02:20,071][root][INFO] - forward start
[2024-09-21 15:02:20,072][root][INFO] - forward done
[2024-09-21 15:02:20,072][root][INFO] - making cropped data
[2024-09-21 15:02:20,073][root][INFO] - Welcome make_crop_data_batch
[2024-09-21 15:02:20,167][root][INFO] - make tf_to_crops done
[2024-09-21 15:02:20,188][root][INFO] - render done
[2024-09-21 15:02:20,191][root][INFO] - warp done
[2024-09-21 15:02:20,194][root][INFO] - pose batch data done
[2024-09-21 15:02:20,194][root][INFO] - forward start
[2024-09-21 15:02:20,196][root][INFO] - forward done
[2024-09-21 15:02:20,196][root][INFO] - making cropped data
[2024-09-21 15:02:20,196][root][INFO] - Welcome make_crop_data_batch
[2024-09-21 15:02:20,292][root][INFO] - make tf_to_crops done
[2024-09-21 15:02:20,314][root][INFO] - render done
[2024-09-21 15:02:20,318][root][INFO] - warp done
[2024-09-21 15:02:20,320][root][INFO] - pose batch data done
[2024-09-21 15:02:20,321][root][INFO] - forward start
[2024-09-21 15:02:20,322][root][INFO] - forward done
[2024-09-21 15:02:20,322][root][INFO] - making cropped data
[2024-09-21 15:02:20,322][root][INFO] - Welcome make_crop_data_batch
[2024-09-21 15:02:20,418][root][INFO] - make tf_to_crops done
[2024-09-21 15:02:20,439][root][INFO] - render done
[2024-09-21 15:02:20,443][root][INFO] - warp done
[2024-09-21 15:02:20,445][root][INFO] - pose batch data done
[2024-09-21 15:02:20,445][root][INFO] - forward start
[2024-09-21 15:02:20,447][root][INFO] - forward done
[2024-09-21 15:02:20,559][root][INFO] - ob_in_cams:(252, 4, 4)
[2024-09-21 15:02:20,559][root][INFO] - self.cfg.use_normal:False
[2024-09-21 15:02:20,559][root][INFO] - making cropped data
[2024-09-21 15:02:20,567][root][INFO] - Welcome make_crop_data_batch
[2024-09-21 15:02:20,567][root][INFO] - make tf_to_crops done
[2024-09-21 15:02:20,587][root][INFO] - render done
[2024-09-21 15:02:20,710][root][INFO] - pose batch data done
[2024-09-21 15:02:20,710][root][INFO] - pose_data.rgbAs.shape[0]: 252
[2024-09-21 15:02:20,804][root][INFO] - forward done
[2024-09-21 15:02:20,822][root][INFO] - final, add_errs min:-1.0
[2024-09-21 15:02:20,831][root][INFO] - sort ids:tensor([ 35,  96, 251,   0,   5,  11,  34,  72,  77, 100, 101, 107, 131, 203,
        222, 227, 240, 245, 126, 132,   6, 198, 190,  66,  71, 173, 137, 234,
        154, 178,  23,  41, 195, 110, 130,  54, 174, 179, 193, 160,  51,  67,
        220,  82, 124, 180, 228, 147,  61,  10,  70, 104, 116, 183,   2,  22,
        235,  93, 108, 170, 247, 144,  16,  83,  94, 102,  76, 125, 187,  60,
         80, 119, 169, 205, 210,  17, 217,  88,  18,  32,  42, 109, 115, 199,
        223,  58,  64, 155, 165, 215, 161, 168, 172,   8,  53,  55, 229, 162,
         26,  36, 145, 159, 236,  14,  73, 120, 140, 150, 156,  63, 181, 246,
        128, 135,  37,  78, 134, 197, 212, 226, 238,  44, 143, 230,  40,  47,
        146, 221, 237,  20,  57,  68, 114, 136, 186, 213,  52,  92, 113, 123,
        149, 177, 192, 225, 241,  21,  48, 106, 166, 202, 242, 248,  12,  27,
         28,  39,  46,  65,  74,  81,  85, 117, 118, 122, 141, 148, 153, 163,
        196, 219, 244,   1,  15,  29,  86, 111, 112, 121, 133, 142, 152, 188,
        200, 204, 206, 214,  24,  25,  50,  59,  62,  90,  95, 151, 158, 164,
        167, 191, 207, 209,   4,  43,  45,  89, 127, 129, 175, 185, 194, 243,
          7,   9,  38,  49,  56,  69,  79,  84,  87,  97,  98, 157, 171, 201,
        211, 218, 224, 233, 239,  13,  19,  75,  91, 103, 176, 216, 249,   3,
        138, 182, 184, 208, 231, 250,  31, 139, 189, 232,  30,  33,  99, 105])
[2024-09-21 15:02:20,835][root][INFO] - sorted scores:tensor([71.0625, 71.0625, 71.0625, 71.0469, 71.0469, 71.0469, 71.0469, 71.0469,
        71.0469, 71.0469, 71.0469, 71.0469, 71.0469, 71.0469, 71.0469, 71.0469,
        71.0469, 71.0469, 71.0312, 71.0312, 71.0156, 70.9688, 70.9375, 70.8906,
        70.8906, 70.6875, 70.5625, 70.5469, 70.4375, 70.3906, 70.3281, 70.2656,
        70.2500, 70.2344, 70.2031, 70.1875, 70.1875, 70.1719, 70.1406, 70.1250,
        70.1094, 70.0938, 70.0938, 69.9844, 69.9844, 69.9375, 69.9375, 69.9219,
        69.9062, 69.8906, 69.8906, 69.8906, 69.8750, 69.8750, 69.8594, 69.8594,
        69.8594, 69.8438, 69.8438, 69.8438, 69.8438, 69.8281, 69.8125, 69.8125,
        69.8125, 69.8125, 69.7969, 69.7969, 69.7812, 69.7500, 69.7500, 69.7344,
        69.7344, 69.7344, 69.7344, 69.7188, 69.7188, 69.7031, 69.6875, 69.6875,
        69.6875, 69.6875, 69.6875, 69.6875, 69.6875, 69.6719, 69.6719, 69.6719,
        69.6719, 69.6719, 69.6562, 69.6562, 69.6406, 69.6250, 69.6250, 69.6250,
        69.6250, 69.6094, 69.5938, 69.5938, 69.5938, 69.5938, 69.5938, 69.5781,
        69.5781, 69.5781, 69.5781, 69.5781, 69.5781, 69.5625, 69.5625, 69.5625,
        69.5469, 69.5469, 69.5312, 69.5312, 69.5312, 69.5312, 69.5312, 69.5312,
        69.5312, 69.5156, 69.5156, 69.5156, 69.5000, 69.5000, 69.5000, 69.5000,
        69.5000, 69.4844, 69.4844, 69.4844, 69.4844, 69.4844, 69.4844, 69.4844,
        69.4688, 69.4688, 69.4688, 69.4688, 69.4688, 69.4688, 69.4688, 69.4688,
        69.4688, 69.4531, 69.4531, 69.4531, 69.4531, 69.4531, 69.4531, 69.4531,
        69.4375, 69.4375, 69.4375, 69.4375, 69.4375, 69.4375, 69.4375, 69.4375,
        69.4375, 69.4375, 69.4375, 69.4375, 69.4375, 69.4375, 69.4375, 69.4375,
        69.4375, 69.4375, 69.4375, 69.4219, 69.4219, 69.4219, 69.4219, 69.4219,
        69.4219, 69.4219, 69.4219, 69.4219, 69.4219, 69.4219, 69.4219, 69.4219,
        69.4219, 69.4219, 69.4062, 69.4062, 69.4062, 69.4062, 69.4062, 69.4062,
        69.4062, 69.4062, 69.4062, 69.4062, 69.4062, 69.4062, 69.4062, 69.4062,
        69.3906, 69.3906, 69.3906, 69.3906, 69.3906, 69.3906, 69.3906, 69.3906,
        69.3906, 69.3906, 69.3750, 69.3750, 69.3750, 69.3750, 69.3750, 69.3750,
        69.3750, 69.3750, 69.3750, 69.3750, 69.3750, 69.3750, 69.3750, 69.3750,
        69.3750, 69.3750, 69.3750, 69.3750, 69.3750, 69.3594, 69.3594, 69.3594,
        69.3594, 69.3594, 69.3594, 69.3594, 69.3594, 69.3438, 69.3438, 69.3438,
        69.3438, 69.3438, 69.3438, 69.3438, 69.3281, 69.3281, 69.3281, 69.3281,
        69.3125, 69.3125, 69.3125, 69.3125])
[2024-09-21 15:02:31,725][websockets.server][INFO] - server listening on 0.0.0.0:8080
[2024-09-21 15:02:32,530][websockets.server][INFO] - connection open
[2024-09-21 15:02:38,648][root][INFO] - Succeeded to open port: /dev/ttyUSB0
[2024-09-21 15:02:38,649][root][INFO] - Succeeded to set baudrate to 3000000
[2024-09-21 15:03:00,464][root][ERROR] - > read: [TxRxResult] Incorrect status packet!
[2024-09-21 15:03:00,552][root][ERROR] - > read: [TxRxResult] Incorrect status packet!
[2024-09-21 15:03:00,588][root][ERROR] - > read: [TxRxResult] Incorrect status packet!
[2024-09-21 15:03:00,628][root][ERROR] - > read: [TxRxResult] Incorrect status packet!
[2024-09-21 15:03:00,664][root][ERROR] - > read: [TxRxResult] Incorrect status packet!
[2024-09-21 15:03:00,704][root][ERROR] - > read: [TxRxResult] Incorrect status packet!
[2024-09-21 15:03:00,740][root][ERROR] - > read: [TxRxResult] There is no status packet!
[2024-09-21 15:03:00,780][root][ERROR] - > read: [TxRxResult] There is no status packet!
[2024-09-21 15:03:00,816][root][ERROR] - > read: [TxRxResult] There is no status packet!
[2024-09-21 15:03:00,856][root][ERROR] - > read: [TxRxResult] There is no status packet!
[2024-09-21 15:03:00,892][root][ERROR] - > read: [TxRxResult] There is no status packet!
[2024-09-21 15:03:00,932][root][ERROR] - > read: [TxRxResult] There is no status packet!
[2024-09-21 15:03:00,968][root][ERROR] - > read: [TxRxResult] There is no status packet!
[2024-09-21 15:03:01,008][root][ERROR] - > read: [TxRxResult] There is no status packet!
