[2024-09-21 19:35:50,919][root][INFO] - self.cfg: 
 lr: 0.0001
c_in: 6
zfar: 'Infinity'
debug: null
n_view: 1
run_id: 3wy8qqex
use_BN: true
exp_name: 2024-01-11-20-02-45
n_epochs: 62
save_dir: /home/bowenw/debug/2024-01-11-20-02-45/
use_mask: false
loss_type: pairwise_valid
optimizer: adam
batch_size: 64
crop_ratio: 1.1
enable_amp: true
use_normal: false
max_num_key: null
warmup_step: -1
input_resize:
- 160
- 160
max_step_val: 1000
vis_interval: 1000
weight_decay: 0
normalize_xyz: true
resume_run_id: null
clip_grad_norm: 'Infinity'
lr_epoch_decay: 500
render_backend: nvdiffrast
train_num_pair: 5
lr_decay_epochs:
- 50
n_epochs_warmup: 1
make_pair_online: false
gradient_max_norm: 'Infinity'
max_step_per_epoch: 10000
n_rendering_workers: 1
save_epoch_interval: 100
n_dataloader_workers: 100
split_objects_across_gpus: true
ckpt_dir: FoundationPose/learning/training/../../weights/2024-01-11-20-02-45/model_best.pth

[2024-09-21 19:35:50,919][root][INFO] - self.h5_file:None
[2024-09-21 19:35:51,076][root][INFO] - Using pretrained model from FoundationPose/learning/training/../../weights/2024-01-11-20-02-45/model_best.pth
[2024-09-21 19:35:51,137][root][INFO] - init done
[2024-09-21 19:35:51,137][root][INFO] - welcome
[2024-09-21 19:35:51,141][root][INFO] - self.cfg: 
 lr: 0.0001
c_in: 6
zfar: .inf
debug: null
w_rot: 0.1
n_view: 1
run_id: null
use_BN: true
rot_rep: axis_angle
ckpt_dir: FoundationPose/learning/training/../../weights/2023-10-28-18-33-37/model_best.pth
exp_name: 2023-10-28-18-33-37
save_dir: /tmp/2023-10-28-18-33-37/
loss_type: l2
optimizer: adam
trans_rep: tracknet
batch_size: 64
crop_ratio: 1.2
use_normal: false
BN_momentum: 0.1
max_num_key: null
warmup_step: -1
input_resize:
- 160
- 160
max_step_val: 1000
normal_uint8: false
vis_interval: 1000
weight_decay: 0
n_max_objects: null
normalize_xyz: true
clip_grad_norm: 'Infinity'
rot_normalizer: 0.3490658503988659
trans_normalizer:
- 0.019999999552965164
- 0.019999999552965164
- 0.05000000074505806
max_step_per_epoch: 25000
val_epoch_interval: 10
n_dataloader_workers: 60
enable_amp: true
use_mask: false

[2024-09-21 19:35:51,141][root][INFO] - self.h5_file:
[2024-09-21 19:35:51,184][root][INFO] - Using pretrained model from FoundationPose/learning/training/../../weights/2023-10-28-18-33-37/model_best.pth
[2024-09-21 19:35:51,203][root][INFO] - init done
[2024-09-21 19:35:53,383][root][INFO] - self.diameter:0.15118380157922512, vox_size:0.007559190078961256
[2024-09-21 19:35:53,399][root][INFO] - self.pts:torch.Size([684, 3])
[2024-09-21 19:35:54,299][root][INFO] - reset done
[2024-09-21 19:35:54,300][root][INFO] - cam_in_obs:(42, 4, 4)
[2024-09-21 19:35:54,303][root][INFO] - rot_grid:(252, 4, 4)
[2024-09-21 19:35:54,304][root][INFO] - after cluster, rot_grid:(252, 4, 4)
[2024-09-21 19:35:54,304][root][INFO] - self.rot_grid: torch.Size([252, 4, 4])
[2024-09-21 19:36:13,265][root][INFO] - Welcome
[2024-09-21 19:36:13,281][root][INFO] - poses:(252, 4, 4)
[2024-09-21 19:36:13,291][root][INFO] - after viewpoint, add_errs min:-1.0
[2024-09-21 19:36:13,366][root][INFO] - ob_in_cams:(252, 4, 4)
[2024-09-21 19:36:13,367][root][INFO] - self.cfg.use_normal:False
[2024-09-21 19:36:13,367][root][INFO] - trans_normalizer:[0.019999999552965164, 0.019999999552965164, 0.05000000074505806], rot_normalizer:0.3490658503988659
[2024-09-21 19:36:13,369][root][INFO] - making cropped data
[2024-09-21 19:36:13,369][root][INFO] - Welcome make_crop_data_batch
[2024-09-21 19:36:13,373][root][INFO] - make tf_to_crops done
[2024-09-21 19:36:13,401][root][INFO] - render done
[2024-09-21 19:36:13,408][root][INFO] - warp done
[2024-09-21 19:36:13,412][root][INFO] - pose batch data done
[2024-09-21 19:36:13,412][root][INFO] - forward start
[2024-09-21 19:36:13,530][root][INFO] - forward done
[2024-09-21 19:36:13,541][root][INFO] - making cropped data
[2024-09-21 19:36:13,541][root][INFO] - Welcome make_crop_data_batch
[2024-09-21 19:36:13,542][root][INFO] - make tf_to_crops done
[2024-09-21 19:36:13,561][root][INFO] - render done
[2024-09-21 19:36:13,566][root][INFO] - warp done
[2024-09-21 19:36:13,568][root][INFO] - pose batch data done
[2024-09-21 19:36:13,568][root][INFO] - forward start
[2024-09-21 19:36:13,570][root][INFO] - forward done
[2024-09-21 19:36:13,570][root][INFO] - making cropped data
[2024-09-21 19:36:13,570][root][INFO] - Welcome make_crop_data_batch
[2024-09-21 19:36:13,668][root][INFO] - make tf_to_crops done
[2024-09-21 19:36:13,686][root][INFO] - render done
[2024-09-21 19:36:13,690][root][INFO] - warp done
[2024-09-21 19:36:13,693][root][INFO] - pose batch data done
[2024-09-21 19:36:13,693][root][INFO] - forward start
[2024-09-21 19:36:13,694][root][INFO] - forward done
[2024-09-21 19:36:13,695][root][INFO] - making cropped data
[2024-09-21 19:36:13,695][root][INFO] - Welcome make_crop_data_batch
[2024-09-21 19:36:13,791][root][INFO] - make tf_to_crops done
[2024-09-21 19:36:13,809][root][INFO] - render done
[2024-09-21 19:36:13,813][root][INFO] - warp done
[2024-09-21 19:36:13,816][root][INFO] - pose batch data done
[2024-09-21 19:36:13,816][root][INFO] - forward start
[2024-09-21 19:36:13,817][root][INFO] - forward done
[2024-09-21 19:36:13,818][root][INFO] - making cropped data
[2024-09-21 19:36:13,818][root][INFO] - Welcome make_crop_data_batch
[2024-09-21 19:36:13,913][root][INFO] - make tf_to_crops done
[2024-09-21 19:36:13,932][root][INFO] - render done
[2024-09-21 19:36:13,935][root][INFO] - warp done
[2024-09-21 19:36:13,938][root][INFO] - pose batch data done
[2024-09-21 19:36:13,938][root][INFO] - forward start
[2024-09-21 19:36:13,940][root][INFO] - forward done
[2024-09-21 19:36:14,052][root][INFO] - ob_in_cams:(252, 4, 4)
[2024-09-21 19:36:14,052][root][INFO] - self.cfg.use_normal:False
[2024-09-21 19:36:14,052][root][INFO] - making cropped data
[2024-09-21 19:36:14,060][root][INFO] - Welcome make_crop_data_batch
[2024-09-21 19:36:14,061][root][INFO] - make tf_to_crops done
[2024-09-21 19:36:14,077][root][INFO] - render done
[2024-09-21 19:36:14,200][root][INFO] - pose batch data done
[2024-09-21 19:36:14,200][root][INFO] - pose_data.rgbAs.shape[0]: 252
[2024-09-21 19:36:14,294][root][INFO] - forward done
[2024-09-21 19:36:14,312][root][INFO] - final, add_errs min:-1.0
[2024-09-21 19:36:14,321][root][INFO] - sort ids:tensor([167, 130, 142, 156, 249,  37,  46,  47,  63, 201, 212, 213, 219, 220,
         38, 116, 143, 157, 162, 207,  32,  54, 180,  29,  95, 109, 110, 174,
        185, 186, 187, 192, 238, 242,  28,  31, 168, 179, 237,  55,  42,  67,
        161, 183, 236, 150, 218,  64,  33,  36, 122, 247,  30,  52,  87, 152,
        166, 223,  27,  45,  97, 102, 191, 240, 129, 181, 215, 117, 141, 221,
        229,  59, 241,  15,  26,  68, 208,  21, 138, 175, 188,  81, 123, 108,
        118, 158, 169,  39,  50, 103, 206,  96, 128, 163, 107, 182, 222, 245,
         51, 171,  25, 113, 153, 190, 195, 214,   0,  18,  41,  43,  49, 159,
        173,  78,  90, 112, 164, 239, 244,  40, 111, 136, 139,  34, 233,  35,
         84, 189,  24,  62,  17,  89, 184, 228, 217,   9, 124, 194, 246,  71,
        140, 211, 132, 146, 210, 227, 234, 147, 200,   6,  75, 154, 165, 135,
         72,   3,  44,  83, 235,  91, 204, 120, 198, 160,  85, 144, 125, 126,
         66,  53,  70, 104,   7,  12, 148,  19,  57, 101, 105,  80,  82,  86,
        196,  56,  79, 177,  92, 134, 226, 243,  65,  93, 145,  10,  48,  88,
        114, 225, 231,  60, 193,  20,  69,  99, 251, 133, 209,  22, 115, 197,
        216,  73, 151,   8,  58, 170, 100, 121,   4, 202,  13, 203,  77,  98,
         14,  23,  76,  61,  16, 199, 230,  11,  94, 172, 205, 248,   1, 127,
        178,  74, 155,   5, 224, 250, 149, 232, 106, 119, 176, 131,   2, 137])
[2024-09-21 19:36:14,325][root][INFO] - sorted scores:tensor([81.2500, 81.2344, 81.2344, 81.2344, 81.2344, 81.2188, 81.2188, 81.2188,
        81.2188, 81.2188, 81.2188, 81.2188, 81.2188, 81.2188, 81.2031, 81.2031,
        81.2031, 81.2031, 81.2031, 81.1875, 80.9062, 80.9062, 80.9062, 80.8906,
        80.8906, 80.8906, 80.8906, 80.8906, 80.8906, 80.8906, 80.8906, 80.8906,
        80.8906, 80.8906, 80.8750, 80.8750, 80.8750, 80.8750, 80.8750, 80.8594,
        80.8125, 80.7969, 80.7812, 80.7656, 80.7500, 80.7344, 80.7344, 80.7188,
        80.7031, 80.7031, 80.6875, 80.6875, 80.6719, 80.6719, 80.6719, 80.6719,
        80.6719, 80.6719, 80.6562, 80.6562, 80.6562, 80.6562, 80.6562, 80.6562,
        80.6406, 80.6406, 80.6406, 80.6250, 80.6250, 80.6250, 80.6250, 80.6094,
        80.6094, 80.5938, 80.5938, 80.5938, 80.5938, 80.5781, 80.5781, 80.5781,
        80.5781, 80.5625, 80.5625, 80.5469, 80.5469, 80.5469, 80.5469, 80.5312,
        80.5312, 80.5312, 80.5312, 80.5000, 80.5000, 80.5000, 80.4844, 80.4844,
        80.4688, 80.4688, 80.4531, 80.4531, 80.4375, 80.4375, 80.4375, 80.4375,
        80.4375, 80.4375, 80.4219, 80.4219, 80.4062, 80.4062, 80.4062, 80.4062,
        80.4062, 80.3906, 80.3906, 80.3906, 80.3906, 80.3906, 80.3906, 80.3750,
        80.3750, 80.3750, 80.3750, 80.3594, 80.3594, 80.3438, 80.3438, 80.3438,
        80.3281, 80.3281, 80.3125, 80.3125, 80.3125, 80.3125, 80.2969, 80.2812,
        80.2812, 80.2656, 80.2500, 80.2344, 80.2188, 80.2031, 80.1875, 80.1875,
        80.1875, 80.1875, 80.1875, 80.1719, 80.1719, 80.1562, 80.1562, 80.1562,
        80.1406, 80.1250, 80.1094, 80.0625, 80.0625, 80.0625, 80.0625, 80.0156,
        80.0156, 79.9844, 79.9844, 79.9688, 79.9531, 79.9531, 79.9375, 79.9375,
        79.9219, 79.9062, 79.8906, 79.8750, 79.8594, 79.8594, 79.8594, 79.8281,
        79.8281, 79.8281, 79.8281, 79.7812, 79.7812, 79.7812, 79.7812, 79.7500,
        79.7500, 79.7500, 79.7344, 79.7344, 79.7344, 79.7344, 79.7188, 79.7031,
        79.7031, 79.6719, 79.6719, 79.6719, 79.6719, 79.6719, 79.6719, 79.6562,
        79.6562, 79.6406, 79.6250, 79.6250, 79.6250, 79.6094, 79.5938, 79.5781,
        79.5781, 79.5781, 79.5781, 79.5625, 79.5625, 79.5469, 79.5469, 79.5469,
        79.5312, 79.5312, 79.5000, 79.5000, 79.4688, 79.4688, 79.4531, 79.4531,
        79.4375, 79.4375, 79.4375, 79.4219, 79.4062, 79.3906, 79.3906, 79.3750,
        79.3594, 79.3594, 79.3594, 79.3594, 79.2969, 79.2969, 79.2969, 79.2812,
        79.2656, 79.2500, 79.2500, 79.2344, 79.2188, 79.2188, 79.2031, 79.2031,
        79.2031, 79.1719, 79.1250, 79.1250])
[2024-09-21 19:36:25,188][websockets.server][INFO] - server listening on 0.0.0.0:8080
[2024-09-21 19:36:25,376][websockets.server][INFO] - connection open
[2024-09-21 19:36:47,241][root][INFO] - Succeeded to open port: /dev/ttyUSB0
[2024-09-21 19:36:47,241][root][INFO] - Succeeded to set baudrate to 3000000
