[2024-10-14 18:36:52,303][websockets.server][INFO] - server listening on 0.0.0.0:8080
[2024-10-14 18:36:52,622][root][INFO] - self.cfg: 
 lr: 0.0001
c_in: 6
zfar: 'Infinity'
debug: null
n_view: 1
run_id: 3wy8qqex
use_BN: true
exp_name: 2024-01-11-20-02-45
n_epochs: 62
save_dir: /home/bowenw/debug/2024-01-11-20-02-45/
use_mask: false
loss_type: pairwise_valid
optimizer: adam
batch_size: 64
crop_ratio: 1.1
enable_amp: true
use_normal: false
max_num_key: null
warmup_step: -1
input_resize:
- 160
- 160
max_step_val: 1000
vis_interval: 1000
weight_decay: 0
normalize_xyz: true
resume_run_id: null
clip_grad_norm: 'Infinity'
lr_epoch_decay: 500
render_backend: nvdiffrast
train_num_pair: 5
lr_decay_epochs:
- 50
n_epochs_warmup: 1
make_pair_online: false
gradient_max_norm: 'Infinity'
max_step_per_epoch: 10000
n_rendering_workers: 1
save_epoch_interval: 100
n_dataloader_workers: 100
split_objects_across_gpus: true
ckpt_dir: /home/shaol/gjx/rw/third_party/FoundationPose/learning/training/../../weights/2024-01-11-20-02-45/model_best.pth

[2024-10-14 18:36:52,622][root][INFO] - self.h5_file:None
[2024-10-14 18:36:52,886][root][INFO] - Using pretrained model from /home/shaol/gjx/rw/third_party/FoundationPose/learning/training/../../weights/2024-01-11-20-02-45/model_best.pth
[2024-10-14 18:36:52,924][websockets.server][INFO] - connection open
[2024-10-14 18:36:52,989][root][INFO] - init done
[2024-10-14 18:36:52,989][root][INFO] - welcome
[2024-10-14 18:36:52,996][root][INFO] - self.cfg: 
 lr: 0.0001
c_in: 6
zfar: .inf
debug: null
w_rot: 0.1
n_view: 1
run_id: null
use_BN: true
rot_rep: axis_angle
ckpt_dir: /home/shaol/gjx/rw/third_party/FoundationPose/learning/training/../../weights/2023-10-28-18-33-37/model_best.pth
exp_name: 2023-10-28-18-33-37
save_dir: /tmp/2023-10-28-18-33-37/
loss_type: l2
optimizer: adam
trans_rep: tracknet
batch_size: 64
crop_ratio: 1.2
use_normal: false
BN_momentum: 0.1
max_num_key: null
warmup_step: -1
input_resize:
- 160
- 160
max_step_val: 1000
normal_uint8: false
vis_interval: 1000
weight_decay: 0
n_max_objects: null
normalize_xyz: true
clip_grad_norm: 'Infinity'
rot_normalizer: 0.3490658503988659
trans_normalizer:
- 0.019999999552965164
- 0.019999999552965164
- 0.05000000074505806
max_step_per_epoch: 25000
val_epoch_interval: 10
n_dataloader_workers: 60
enable_amp: true
use_mask: false

[2024-10-14 18:36:52,997][root][INFO] - self.h5_file:
[2024-10-14 18:36:53,269][root][INFO] - Using pretrained model from /home/shaol/gjx/rw/third_party/FoundationPose/learning/training/../../weights/2023-10-28-18-33-37/model_best.pth
[2024-10-14 18:36:53,293][root][INFO] - init done
[2024-10-14 18:36:53,427][websockets.server][INFO] - connection open
[2024-10-14 18:36:56,062][root][INFO] - self.diameter:0.21736649539996883, vox_size:0.010868324769998442
[2024-10-14 18:36:56,077][root][INFO] - self.pts:torch.Size([491, 3])
[2024-10-14 18:36:57,541][root][INFO] - reset done
[2024-10-14 18:36:57,542][root][INFO] - cam_in_obs:(42, 4, 4)
[2024-10-14 18:36:57,544][root][INFO] - rot_grid:(252, 4, 4)
[2024-10-14 18:36:57,545][root][INFO] - after cluster, rot_grid:(252, 4, 4)
[2024-10-14 18:36:57,546][root][INFO] - self.rot_grid: torch.Size([252, 4, 4])
[2024-10-14 18:37:08,786][root][INFO] - Welcome
[2024-10-14 18:37:08,813][root][INFO] - poses:(252, 4, 4)
[2024-10-14 18:37:08,826][root][INFO] - after viewpoint, add_errs min:-1.0
[2024-10-14 18:37:08,913][root][INFO] - ob_in_cams:(252, 4, 4)
[2024-10-14 18:37:08,914][root][INFO] - self.cfg.use_normal:False
[2024-10-14 18:37:08,914][root][INFO] - trans_normalizer:[0.019999999552965164, 0.019999999552965164, 0.05000000074505806], rot_normalizer:0.3490658503988659
[2024-10-14 18:37:08,937][root][INFO] - making cropped data
[2024-10-14 18:37:08,937][root][INFO] - Welcome make_crop_data_batch
[2024-10-14 18:37:08,948][root][INFO] - make tf_to_crops done
[2024-10-14 18:37:08,980][root][INFO] - render done
[2024-10-14 18:37:08,990][root][INFO] - warp done
[2024-10-14 18:37:08,997][root][INFO] - pose batch data done
[2024-10-14 18:37:08,997][root][INFO] - forward start
[2024-10-14 18:37:09,131][root][INFO] - forward done
[2024-10-14 18:37:09,141][root][INFO] - making cropped data
[2024-10-14 18:37:09,141][root][INFO] - Welcome make_crop_data_batch
[2024-10-14 18:37:09,142][root][INFO] - make tf_to_crops done
[2024-10-14 18:37:09,160][root][INFO] - render done
[2024-10-14 18:37:09,164][root][INFO] - warp done
[2024-10-14 18:37:09,167][root][INFO] - pose batch data done
[2024-10-14 18:37:09,167][root][INFO] - forward start
[2024-10-14 18:37:09,169][root][INFO] - forward done
[2024-10-14 18:37:09,170][root][INFO] - making cropped data
[2024-10-14 18:37:09,170][root][INFO] - Welcome make_crop_data_batch
[2024-10-14 18:37:09,258][root][INFO] - make tf_to_crops done
[2024-10-14 18:37:09,277][root][INFO] - render done
[2024-10-14 18:37:09,280][root][INFO] - warp done
[2024-10-14 18:37:09,283][root][INFO] - pose batch data done
[2024-10-14 18:37:09,283][root][INFO] - forward start
[2024-10-14 18:37:09,285][root][INFO] - forward done
[2024-10-14 18:37:09,286][root][INFO] - making cropped data
[2024-10-14 18:37:09,286][root][INFO] - Welcome make_crop_data_batch
[2024-10-14 18:37:09,375][root][INFO] - make tf_to_crops done
[2024-10-14 18:37:09,393][root][INFO] - render done
[2024-10-14 18:37:09,397][root][INFO] - warp done
[2024-10-14 18:37:09,400][root][INFO] - pose batch data done
[2024-10-14 18:37:09,400][root][INFO] - forward start
[2024-10-14 18:37:09,402][root][INFO] - forward done
[2024-10-14 18:37:09,403][root][INFO] - making cropped data
[2024-10-14 18:37:09,403][root][INFO] - Welcome make_crop_data_batch
[2024-10-14 18:37:09,492][root][INFO] - make tf_to_crops done
[2024-10-14 18:37:09,510][root][INFO] - render done
[2024-10-14 18:37:09,514][root][INFO] - warp done
[2024-10-14 18:37:09,516][root][INFO] - pose batch data done
[2024-10-14 18:37:09,517][root][INFO] - forward start
[2024-10-14 18:37:09,519][root][INFO] - forward done
[2024-10-14 18:37:09,623][root][INFO] - ob_in_cams:(252, 4, 4)
[2024-10-14 18:37:09,624][root][INFO] - self.cfg.use_normal:False
[2024-10-14 18:37:09,624][root][INFO] - making cropped data
[2024-10-14 18:37:09,644][root][INFO] - Welcome make_crop_data_batch
[2024-10-14 18:37:09,645][root][INFO] - make tf_to_crops done
[2024-10-14 18:37:09,662][root][INFO] - render done
[2024-10-14 18:37:09,781][root][INFO] - pose batch data done
[2024-10-14 18:37:09,781][root][INFO] - pose_data.rgbAs.shape[0]: 252
[2024-10-14 18:37:09,872][root][INFO] - forward done
[2024-10-14 18:37:09,890][root][INFO] - final, add_errs min:-1.0
[2024-10-14 18:37:09,901][root][INFO] - sort ids:tensor([ 33, 105, 189,  75,   3,  99, 135, 225,   9, 171, 188,  34,  70,   4,
        130, 227, 202, 245,  10, 226,   2, 163, 170, 244,  74, 193,   8,  32,
         49, 100, 104, 106, 133, 136, 145, 146, 147, 187, 250,  96,  98,   1,
         43,  73,  76, 103, 134, 169,   0,   5, 101, 127, 128, 220,   6,  77,
        126, 131, 137, 164, 216,   7,  42,  72, 132, 144, 198,  11, 102, 107,
        203, 221,  47, 162, 155,  83, 125,  23,  95, 243,  16,  94, 119, 123,
        154, 179, 185, 196,  21,  22,  27,  28,  37,  52,  82,  87,  88,  93,
         97, 108, 124, 177, 178, 184, 211,  15,  58,  81,  86,  90, 117, 231,
        235, 236,  12,  26,  36,  84,  91, 156, 160, 183, 204, 207, 230,  41,
        120, 129, 237,  78,  80,  89,  92, 114, 115, 122, 141, 150, 161,  18,
         79, 116, 121, 174, 205, 206,  14,  19,  85, 212, 229,  13, 138,  64,
         67, 111,  46,  45, 247, 200,  25,  61, 149,  71,  53, 143, 173, 251,
         55,  56,  65, 197, 222, 148, 224, 194, 175, 176,  59, 139,  24, 109,
         68, 210, 112, 142,  50, 152, 209, 248,  62, 233, 172, 228, 223, 232,
         39, 201,  17, 166, 195,  60, 217, 186,  51, 151,  30,  57, 191, 157,
        168, 208, 238,  20,  35, 153, 181, 218,  40, 118, 158, 182,  31, 167,
        190, 214, 234, 239, 246,  66, 199, 241, 242,  29,  38,  44, 159, 215,
        219, 165, 110, 180,  54, 113, 140, 240, 192, 249,  48,  63,  69, 213])
[2024-10-14 18:37:09,907][root][INFO] - sorted scores:tensor([70.7031, 70.7031, 70.7031, 70.6875, 70.6562, 70.6562, 70.6250, 70.6250,
        70.6094, 70.5625, 70.4688, 70.4531, 70.4531, 70.4375, 70.4375, 70.4375,
        70.4219, 70.4219, 70.4062, 70.4062, 70.3906, 70.3906, 70.3906, 70.3906,
        70.3594, 70.3594, 70.3438, 70.3438, 70.3438, 70.3438, 70.3438, 70.3438,
        70.3438, 70.3438, 70.3438, 70.3438, 70.3438, 70.3438, 70.3438, 70.3281,
        70.3281, 70.3125, 70.3125, 70.3125, 70.3125, 70.3125, 70.3125, 70.3125,
        70.2969, 70.2969, 70.2969, 70.2969, 70.2969, 70.2969, 70.2812, 70.2812,
        70.2812, 70.2812, 70.2812, 70.2812, 70.2812, 70.2656, 70.2656, 70.2656,
        70.2656, 70.2656, 70.2656, 70.2500, 70.2500, 70.2500, 70.2500, 70.2500,
        70.2344, 70.2031, 70.1875, 70.1719, 70.1719, 70.1562, 70.1562, 70.1562,
        70.1406, 70.1406, 70.1406, 70.1406, 70.1406, 70.1406, 70.1406, 70.1406,
        70.1250, 70.1250, 70.1250, 70.1250, 70.1250, 70.1250, 70.1250, 70.1250,
        70.1250, 70.1250, 70.1250, 70.1250, 70.1250, 70.1250, 70.1250, 70.1250,
        70.1250, 70.1094, 70.1094, 70.1094, 70.0938, 70.0938, 70.0938, 70.0938,
        70.0938, 70.0938, 70.0781, 70.0781, 70.0781, 70.0781, 70.0781, 70.0781,
        70.0781, 70.0781, 70.0781, 70.0781, 70.0781, 70.0625, 70.0625, 70.0625,
        70.0625, 70.0469, 70.0469, 70.0469, 70.0469, 70.0469, 70.0469, 70.0469,
        70.0469, 70.0469, 70.0469, 70.0312, 70.0312, 70.0312, 70.0312, 70.0312,
        70.0312, 70.0312, 70.0156, 70.0000, 70.0000, 70.0000, 70.0000, 69.9844,
        69.9688, 69.9531, 69.9375, 69.9219, 69.8750, 69.8438, 69.8281, 69.8125,
        69.7969, 69.7969, 69.7969, 69.7812, 69.7656, 69.7656, 69.7656, 69.7500,
        69.7344, 69.7344, 69.7344, 69.7344, 69.7344, 69.7188, 69.7188, 69.7031,
        69.6719, 69.6719, 69.6094, 69.6094, 69.5938, 69.5469, 69.5312, 69.5156,
        69.4688, 69.4688, 69.4531, 69.4375, 69.4375, 69.4219, 69.3750, 69.2656,
        69.2500, 69.2344, 69.2188, 69.1719, 69.1562, 69.1406, 69.1250, 69.1094,
        69.0625, 69.0469, 69.0312, 69.0156, 69.0000, 69.0000, 68.9844, 68.9844,
        68.9844, 68.9688, 68.9688, 68.9688, 68.9688, 68.9531, 68.9531, 68.9531,
        68.9531, 68.9531, 68.9375, 68.9375, 68.9375, 68.9375, 68.9219, 68.9219,
        68.9219, 68.9219, 68.9219, 68.9219, 68.9219, 68.9062, 68.9062, 68.9062,
        68.9062, 68.8906, 68.8906, 68.8906, 68.8906, 68.8906, 68.8906, 68.7812,
        68.7031, 68.6719, 68.6250, 68.6250, 68.5938, 68.5938, 68.5625, 68.5469,
        68.5312, 68.5312, 68.5312, 68.4219])
