[2024-10-10 22:51:56,712][root][INFO] - self.cfg: 
 lr: 0.0001
c_in: 6
zfar: 'Infinity'
debug: null
n_view: 1
run_id: 3wy8qqex
use_BN: true
exp_name: 2024-01-11-20-02-45
n_epochs: 62
save_dir: /home/bowenw/debug/2024-01-11-20-02-45/
use_mask: false
loss_type: pairwise_valid
optimizer: adam
batch_size: 64
crop_ratio: 1.1
enable_amp: true
use_normal: false
max_num_key: null
warmup_step: -1
input_resize:
- 160
- 160
max_step_val: 1000
vis_interval: 1000
weight_decay: 0
normalize_xyz: true
resume_run_id: null
clip_grad_norm: 'Infinity'
lr_epoch_decay: 500
render_backend: nvdiffrast
train_num_pair: 5
lr_decay_epochs:
- 50
n_epochs_warmup: 1
make_pair_online: false
gradient_max_norm: 'Infinity'
max_step_per_epoch: 10000
n_rendering_workers: 1
save_epoch_interval: 100
n_dataloader_workers: 100
split_objects_across_gpus: true
ckpt_dir: FoundationPose/learning/training/../../weights/2024-01-11-20-02-45/model_best.pth

[2024-10-10 22:51:56,712][root][INFO] - self.h5_file:None
[2024-10-10 22:51:56,881][root][INFO] - Using pretrained model from FoundationPose/learning/training/../../weights/2024-01-11-20-02-45/model_best.pth
[2024-10-10 22:51:56,939][root][INFO] - init done
[2024-10-10 22:51:56,940][root][INFO] - welcome
[2024-10-10 22:51:56,943][root][INFO] - self.cfg: 
 lr: 0.0001
c_in: 6
zfar: .inf
debug: null
w_rot: 0.1
n_view: 1
run_id: null
use_BN: true
rot_rep: axis_angle
ckpt_dir: FoundationPose/learning/training/../../weights/2023-10-28-18-33-37/model_best.pth
exp_name: 2023-10-28-18-33-37
save_dir: /tmp/2023-10-28-18-33-37/
loss_type: l2
optimizer: adam
trans_rep: tracknet
batch_size: 64
crop_ratio: 1.2
use_normal: false
BN_momentum: 0.1
max_num_key: null
warmup_step: -1
input_resize:
- 160
- 160
max_step_val: 1000
normal_uint8: false
vis_interval: 1000
weight_decay: 0
n_max_objects: null
normalize_xyz: true
clip_grad_norm: 'Infinity'
rot_normalizer: 0.3490658503988659
trans_normalizer:
- 0.019999999552965164
- 0.019999999552965164
- 0.05000000074505806
max_step_per_epoch: 25000
val_epoch_interval: 10
n_dataloader_workers: 60
enable_amp: true
use_mask: false

[2024-10-10 22:51:56,943][root][INFO] - self.h5_file:
[2024-10-10 22:51:56,988][root][INFO] - Using pretrained model from FoundationPose/learning/training/../../weights/2023-10-28-18-33-37/model_best.pth
[2024-10-10 22:51:57,009][root][INFO] - init done
[2024-10-10 22:51:59,390][root][INFO] - self.diameter:0.2324774443430137, vox_size:0.011623872217150685
[2024-10-10 22:51:59,405][root][INFO] - self.pts:torch.Size([385, 3])
[2024-10-10 22:52:00,207][root][INFO] - reset done
[2024-10-10 22:52:00,207][root][INFO] - cam_in_obs:(42, 4, 4)
[2024-10-10 22:52:00,209][root][INFO] - rot_grid:(252, 4, 4)
[2024-10-10 22:52:00,210][root][INFO] - after cluster, rot_grid:(252, 4, 4)
[2024-10-10 22:52:00,210][root][INFO] - self.rot_grid: torch.Size([252, 4, 4])
[2024-10-10 22:52:09,325][root][INFO] - Welcome
[2024-10-10 22:52:09,340][root][INFO] - poses:(252, 4, 4)
[2024-10-10 22:52:09,350][root][INFO] - after viewpoint, add_errs min:-1.0
[2024-10-10 22:52:09,406][root][INFO] - ob_in_cams:(252, 4, 4)
[2024-10-10 22:52:09,406][root][INFO] - self.cfg.use_normal:False
[2024-10-10 22:52:09,406][root][INFO] - trans_normalizer:[0.019999999552965164, 0.019999999552965164, 0.05000000074505806], rot_normalizer:0.3490658503988659
[2024-10-10 22:52:09,426][root][INFO] - making cropped data
[2024-10-10 22:52:09,426][root][INFO] - Welcome make_crop_data_batch
[2024-10-10 22:52:09,430][root][INFO] - make tf_to_crops done
[2024-10-10 22:52:09,458][root][INFO] - render done
[2024-10-10 22:52:09,463][root][INFO] - warp done
[2024-10-10 22:52:09,469][root][INFO] - pose batch data done
[2024-10-10 22:52:09,469][root][INFO] - forward start
[2024-10-10 22:52:09,585][root][INFO] - forward done
[2024-10-10 22:52:09,597][root][INFO] - making cropped data
[2024-10-10 22:52:09,597][root][INFO] - Welcome make_crop_data_batch
[2024-10-10 22:52:09,597][root][INFO] - make tf_to_crops done
[2024-10-10 22:52:09,615][root][INFO] - render done
[2024-10-10 22:52:09,620][root][INFO] - warp done
[2024-10-10 22:52:09,622][root][INFO] - pose batch data done
[2024-10-10 22:52:09,623][root][INFO] - forward start
[2024-10-10 22:52:09,624][root][INFO] - forward done
[2024-10-10 22:52:09,624][root][INFO] - making cropped data
[2024-10-10 22:52:09,624][root][INFO] - Welcome make_crop_data_batch
[2024-10-10 22:52:09,724][root][INFO] - make tf_to_crops done
[2024-10-10 22:52:09,741][root][INFO] - render done
[2024-10-10 22:52:09,745][root][INFO] - warp done
[2024-10-10 22:52:09,747][root][INFO] - pose batch data done
[2024-10-10 22:52:09,747][root][INFO] - forward start
[2024-10-10 22:52:09,749][root][INFO] - forward done
[2024-10-10 22:52:09,749][root][INFO] - making cropped data
[2024-10-10 22:52:09,749][root][INFO] - Welcome make_crop_data_batch
[2024-10-10 22:52:09,850][root][INFO] - make tf_to_crops done
[2024-10-10 22:52:09,867][root][INFO] - render done
[2024-10-10 22:52:09,871][root][INFO] - warp done
[2024-10-10 22:52:09,874][root][INFO] - pose batch data done
[2024-10-10 22:52:09,874][root][INFO] - forward start
[2024-10-10 22:52:09,875][root][INFO] - forward done
[2024-10-10 22:52:09,876][root][INFO] - making cropped data
[2024-10-10 22:52:09,876][root][INFO] - Welcome make_crop_data_batch
[2024-10-10 22:52:09,976][root][INFO] - make tf_to_crops done
[2024-10-10 22:52:09,993][root][INFO] - render done
[2024-10-10 22:52:09,996][root][INFO] - warp done
[2024-10-10 22:52:09,999][root][INFO] - pose batch data done
[2024-10-10 22:52:09,999][root][INFO] - forward start
[2024-10-10 22:52:10,001][root][INFO] - forward done
[2024-10-10 22:52:10,118][root][INFO] - ob_in_cams:(252, 4, 4)
[2024-10-10 22:52:10,119][root][INFO] - self.cfg.use_normal:False
[2024-10-10 22:52:10,119][root][INFO] - making cropped data
[2024-10-10 22:52:10,131][root][INFO] - Welcome make_crop_data_batch
[2024-10-10 22:52:10,131][root][INFO] - make tf_to_crops done
[2024-10-10 22:52:10,147][root][INFO] - render done
[2024-10-10 22:52:10,281][root][INFO] - pose batch data done
[2024-10-10 22:52:10,281][root][INFO] - pose_data.rgbAs.shape[0]: 252
[2024-10-10 22:52:10,382][root][INFO] - forward done
[2024-10-10 22:52:10,400][root][INFO] - final, add_errs min:-1.0
[2024-10-10 22:52:10,408][root][INFO] - sort ids:tensor([136,  34, 244,   4,   5,  10,  76, 100, 130, 202, 226, 245,  77, 101,
        106, 131, 227, 203, 220,  11, 137, 104,  50, 133, 146, 163,   1,   7,
          8,  43,  97,  32,  73, 103, 127, 145, 164, 134, 169, 187,  98,  47,
         64,  74,  96, 102, 170, 162, 107, 126, 200, 216,   0,   2,  42, 138,
        132,   6, 147, 221,  72,   9,  71, 154, 155, 185, 197,  94, 188,  56,
         59,  99, 129, 196,  23,  58, 105,  83, 125, 198,  75, 160,  22, 179,
        171,  33, 178,  41,   3,  80,  86, 230, 243,  14,  68, 122, 250,  82,
         52,  95, 235,  55,  28, 135, 248,  13,  67, 184, 189,  37,  85, 119,
        206, 224,  79,  92, 115, 121, 229,  53,  61,  62, 116, 205,  19,  25,
         70, 212,  26, 247,  91, 113, 223,  35, 191, 201, 110, 117, 124, 207,
        156, 186, 211, 251,  44, 236,  20, 111, 118, 123, 150, 174,  16,  17,
         90, 128,  84, 153, 161, 177, 225,  24,  40,  88, 194, 222,  12, 228,
        144,  39, 237, 182,  87,  21,  46, 204,  18,  93,  15,  27,  81, 141,
        210, 168,  78, 108, 199, 183, 120, 142, 114,  36,  89, 231, 151,  49,
         65, 193, 139, 190,  38, 214,  29,  45, 149,  30, 109, 208, 215, 217,
        213, 232,  31, 143, 175, 242, 181, 192, 238, 241,  48, 240, 165, 172,
        180, 218, 234, 148, 152, 166, 167, 157, 158, 173, 219, 112, 176, 140,
        209, 159, 239, 246, 233,  66, 195,  57,  60,  51,  63, 249,  54,  69])
[2024-10-10 22:52:10,412][root][INFO] - sorted scores:tensor([85.3984, 85.3906, 85.3906, 85.3828, 85.3828, 85.3828, 85.3828, 85.3828,
        85.3828, 85.3828, 85.3828, 85.3828, 85.3750, 85.3750, 85.3750, 85.3750,
        85.3750, 85.3594, 85.3594, 85.3438, 85.3047, 85.2031, 85.1875, 85.1875,
        85.1875, 85.1875, 85.1797, 85.1797, 85.1797, 85.1797, 85.1797, 85.1719,
        85.1719, 85.1719, 85.1719, 85.1719, 85.1719, 85.1641, 85.1641, 85.1641,
        85.1172, 85.0391, 84.9688, 84.9375, 84.9062, 84.8984, 84.8750, 84.8672,
        84.8516, 84.8516, 84.8516, 84.8438, 84.8359, 84.8281, 84.8281, 84.8281,
        84.8203, 84.8125, 84.8125, 84.8125, 84.8047, 84.7891, 84.7891, 84.7891,
        84.7891, 84.7891, 84.7891, 84.7812, 84.7812, 84.7734, 84.7734, 84.7734,
        84.7734, 84.7734, 84.7656, 84.7656, 84.7578, 84.7500, 84.7500, 84.7500,
        84.7422, 84.7422, 84.7344, 84.7344, 84.7031, 84.6953, 84.6953, 84.6875,
        84.6797, 84.6797, 84.6797, 84.6797, 84.6797, 84.6641, 84.6641, 84.6641,
        84.6641, 84.6562, 84.6484, 84.6406, 84.6328, 84.6250, 84.6172, 84.6172,
        84.6172, 84.6094, 84.6094, 84.6094, 84.6094, 84.6016, 84.6016, 84.6016,
        84.6016, 84.6016, 84.5938, 84.5938, 84.5938, 84.5938, 84.5938, 84.5859,
        84.5859, 84.5859, 84.5859, 84.5859, 84.5781, 84.5781, 84.5781, 84.5781,
        84.5703, 84.5703, 84.5547, 84.5391, 84.5156, 84.5078, 84.5078, 84.4922,
        84.4844, 84.4766, 84.4766, 84.4688, 84.4609, 84.4531, 84.4531, 84.4531,
        84.4453, 84.4453, 84.4375, 84.4375, 84.4375, 84.4297, 84.4297, 84.4219,
        84.4141, 84.4141, 84.4141, 84.4141, 84.4062, 84.4062, 84.4062, 84.4062,
        84.4062, 84.3984, 84.3984, 84.3984, 84.3984, 84.3984, 84.3906, 84.3906,
        84.3828, 84.3750, 84.3750, 84.3672, 84.3594, 84.3516, 84.3516, 84.3516,
        84.3281, 84.3203, 84.3125, 84.3125, 84.3125, 84.3125, 84.3047, 84.2969,
        84.2891, 84.2891, 84.2891, 84.2812, 84.2734, 84.2734, 84.2656, 84.2578,
        84.2578, 84.2578, 84.2422, 84.2344, 84.2344, 84.2344, 84.2188, 84.2188,
        84.2109, 84.2109, 84.2031, 84.1719, 84.1719, 84.1484, 84.1484, 84.1406,
        84.1406, 84.1250, 84.1172, 84.1172, 84.1094, 84.1094, 84.1094, 84.1094,
        84.0781, 84.0625, 84.0625, 84.0625, 84.0547, 84.0547, 84.0469, 84.0469,
        84.0391, 84.0391, 84.0312, 84.0234, 84.0000, 84.0000, 84.0000, 83.9844,
        83.9844, 83.9844, 83.9844, 83.9688, 83.9688, 83.9531, 83.9531, 83.9375,
        83.9375, 83.9375, 83.9219, 83.9062, 83.9062, 83.8594, 83.8594, 83.8281,
        83.7812, 83.7812, 83.7656, 83.7656])
[2024-10-10 22:52:10,474][websockets.server][INFO] - server listening on 0.0.0.0:8080
