[2024-09-21 16:20:54,089][root][INFO] - self.cfg: 
 lr: 0.0001
c_in: 6
zfar: 'Infinity'
debug: null
n_view: 1
run_id: 3wy8qqex
use_BN: true
exp_name: 2024-01-11-20-02-45
n_epochs: 62
save_dir: /home/bowenw/debug/2024-01-11-20-02-45/
use_mask: false
loss_type: pairwise_valid
optimizer: adam
batch_size: 64
crop_ratio: 1.1
enable_amp: true
use_normal: false
max_num_key: null
warmup_step: -1
input_resize:
- 160
- 160
max_step_val: 1000
vis_interval: 1000
weight_decay: 0
normalize_xyz: true
resume_run_id: null
clip_grad_norm: 'Infinity'
lr_epoch_decay: 500
render_backend: nvdiffrast
train_num_pair: 5
lr_decay_epochs:
- 50
n_epochs_warmup: 1
make_pair_online: false
gradient_max_norm: 'Infinity'
max_step_per_epoch: 10000
n_rendering_workers: 1
save_epoch_interval: 100
n_dataloader_workers: 100
split_objects_across_gpus: true
ckpt_dir: FoundationPose/learning/training/../../weights/2024-01-11-20-02-45/model_best.pth

[2024-09-21 16:20:54,089][root][INFO] - self.h5_file:None
[2024-09-21 16:20:54,277][root][INFO] - Using pretrained model from FoundationPose/learning/training/../../weights/2024-01-11-20-02-45/model_best.pth
[2024-09-21 16:20:54,330][root][INFO] - init done
[2024-09-21 16:20:54,330][root][INFO] - welcome
[2024-09-21 16:20:54,333][root][INFO] - self.cfg: 
 lr: 0.0001
c_in: 6
zfar: .inf
debug: null
w_rot: 0.1
n_view: 1
run_id: null
use_BN: true
rot_rep: axis_angle
ckpt_dir: FoundationPose/learning/training/../../weights/2023-10-28-18-33-37/model_best.pth
exp_name: 2023-10-28-18-33-37
save_dir: /tmp/2023-10-28-18-33-37/
loss_type: l2
optimizer: adam
trans_rep: tracknet
batch_size: 64
crop_ratio: 1.2
use_normal: false
BN_momentum: 0.1
max_num_key: null
warmup_step: -1
input_resize:
- 160
- 160
max_step_val: 1000
normal_uint8: false
vis_interval: 1000
weight_decay: 0
n_max_objects: null
normalize_xyz: true
clip_grad_norm: 'Infinity'
rot_normalizer: 0.3490658503988659
trans_normalizer:
- 0.019999999552965164
- 0.019999999552965164
- 0.05000000074505806
max_step_per_epoch: 25000
val_epoch_interval: 10
n_dataloader_workers: 60
enable_amp: true
use_mask: false

[2024-09-21 16:20:54,333][root][INFO] - self.h5_file:
[2024-09-21 16:20:54,386][root][INFO] - Using pretrained model from FoundationPose/learning/training/../../weights/2023-10-28-18-33-37/model_best.pth
[2024-09-21 16:20:54,409][root][INFO] - init done
[2024-09-21 16:20:56,660][root][INFO] - self.diameter:0.16911805808118208, vox_size:0.008455902904059103
[2024-09-21 16:20:56,676][root][INFO] - self.pts:torch.Size([675, 3])
[2024-09-21 16:20:57,659][root][INFO] - reset done
[2024-09-21 16:20:57,660][root][INFO] - cam_in_obs:(42, 4, 4)
[2024-09-21 16:20:57,671][root][INFO] - rot_grid:(252, 4, 4)
[2024-09-21 16:20:57,672][root][INFO] - after cluster, rot_grid:(252, 4, 4)
[2024-09-21 16:20:57,673][root][INFO] - self.rot_grid: torch.Size([252, 4, 4])
[2024-09-21 16:21:08,578][root][INFO] - Welcome
[2024-09-21 16:21:08,593][root][INFO] - poses:(252, 4, 4)
[2024-09-21 16:21:08,603][root][INFO] - after viewpoint, add_errs min:-1.0
[2024-09-21 16:21:08,634][root][INFO] - ob_in_cams:(252, 4, 4)
[2024-09-21 16:21:08,635][root][INFO] - self.cfg.use_normal:False
[2024-09-21 16:21:08,635][root][INFO] - trans_normalizer:[0.019999999552965164, 0.019999999552965164, 0.05000000074505806], rot_normalizer:0.3490658503988659
[2024-09-21 16:21:08,642][root][INFO] - making cropped data
[2024-09-21 16:21:08,642][root][INFO] - Welcome make_crop_data_batch
[2024-09-21 16:21:08,647][root][INFO] - make tf_to_crops done
[2024-09-21 16:21:08,680][root][INFO] - render done
[2024-09-21 16:21:08,686][root][INFO] - warp done
[2024-09-21 16:21:08,691][root][INFO] - pose batch data done
[2024-09-21 16:21:08,691][root][INFO] - forward start
[2024-09-21 16:21:08,808][root][INFO] - forward done
[2024-09-21 16:21:08,819][root][INFO] - making cropped data
[2024-09-21 16:21:08,827][root][INFO] - Welcome make_crop_data_batch
[2024-09-21 16:21:08,827][root][INFO] - make tf_to_crops done
[2024-09-21 16:21:08,850][root][INFO] - render done
[2024-09-21 16:21:08,853][root][INFO] - warp done
[2024-09-21 16:21:08,857][root][INFO] - pose batch data done
[2024-09-21 16:21:08,857][root][INFO] - forward start
[2024-09-21 16:21:08,858][root][INFO] - forward done
[2024-09-21 16:21:08,858][root][INFO] - making cropped data
[2024-09-21 16:21:08,858][root][INFO] - Welcome make_crop_data_batch
[2024-09-21 16:21:08,959][root][INFO] - make tf_to_crops done
[2024-09-21 16:21:08,980][root][INFO] - render done
[2024-09-21 16:21:08,983][root][INFO] - warp done
[2024-09-21 16:21:08,986][root][INFO] - pose batch data done
[2024-09-21 16:21:08,986][root][INFO] - forward start
[2024-09-21 16:21:08,987][root][INFO] - forward done
[2024-09-21 16:21:08,988][root][INFO] - making cropped data
[2024-09-21 16:21:08,988][root][INFO] - Welcome make_crop_data_batch
[2024-09-21 16:21:09,085][root][INFO] - make tf_to_crops done
[2024-09-21 16:21:09,107][root][INFO] - render done
[2024-09-21 16:21:09,111][root][INFO] - warp done
[2024-09-21 16:21:09,114][root][INFO] - pose batch data done
[2024-09-21 16:21:09,114][root][INFO] - forward start
[2024-09-21 16:21:09,115][root][INFO] - forward done
[2024-09-21 16:21:09,115][root][INFO] - making cropped data
[2024-09-21 16:21:09,116][root][INFO] - Welcome make_crop_data_batch
[2024-09-21 16:21:09,212][root][INFO] - make tf_to_crops done
[2024-09-21 16:21:09,233][root][INFO] - render done
[2024-09-21 16:21:09,237][root][INFO] - warp done
[2024-09-21 16:21:09,240][root][INFO] - pose batch data done
[2024-09-21 16:21:09,240][root][INFO] - forward start
[2024-09-21 16:21:09,241][root][INFO] - forward done
[2024-09-21 16:21:09,356][root][INFO] - ob_in_cams:(252, 4, 4)
[2024-09-21 16:21:09,356][root][INFO] - self.cfg.use_normal:False
[2024-09-21 16:21:09,356][root][INFO] - making cropped data
[2024-09-21 16:21:09,364][root][INFO] - Welcome make_crop_data_batch
[2024-09-21 16:21:09,364][root][INFO] - make tf_to_crops done
[2024-09-21 16:21:09,384][root][INFO] - render done
[2024-09-21 16:21:09,511][root][INFO] - pose batch data done
[2024-09-21 16:21:09,511][root][INFO] - pose_data.rgbAs.shape[0]: 252
[2024-09-21 16:21:09,607][root][INFO] - forward done
[2024-09-21 16:21:09,624][root][INFO] - final, add_errs min:-1.0
[2024-09-21 16:21:09,634][root][INFO] - sort ids:tensor([  0,   1,   6,   7,  30,  42,  43,  72,  73,  96,  97, 103, 126, 127,
        132, 133, 145, 169, 198, 216, 221, 222,  31, 102, 163,  49, 218, 161,
         45, 129, 178, 144, 148,  63, 135, 142,  89, 136, 187, 249,  29, 151,
        167, 203, 211, 212,  66,  37,  53,  62,  65,  69, 248,  28, 233, 108,
        157, 166, 194, 226,   3, 224,  36,  46,  59, 114, 156, 184, 219, 251,
         52,  55,  58, 139, 176, 185, 193, 201, 115,  71, 177,  68,  39, 131,
        138, 150, 225, 121, 239, 162, 200,   4,  50, 141, 154, 158, 183, 205,
        164, 172, 147, 227, 228, 120, 128, 213, 223, 245,  10,  23, 109, 234,
        241, 246,   5,  47, 232, 130, 174, 192,  41,  60, 180, 186,   2, 153,
        210,  14,  15,  21,  27, 106, 116, 146, 191, 196, 204, 231, 236,  20,
         70,  74,  75,  76,  93, 149, 159, 207, 250,  81,  95,   9,  24,  54,
         84,  87,  91, 123, 134, 160, 168, 179, 237,   8,  18,  19,  67, 110,
        117, 125, 152, 155, 202, 209, 230,  12,  17,  26,  32,  40,  51,  78,
         79,  85,  86,  90, 118, 170, 173, 182, 197, 206, 208, 229, 242,  13,
         25,  33,  56,  82,  98,  99, 104, 105, 107, 111, 112, 122, 171, 175,
        181, 214, 244, 247,  11,  16,  22,  34,  35,  61,  83,  88,  94, 100,
        124, 188, 189, 195, 215, 243,  92, 101, 119, 190, 240,  64,  77, 199,
        220, 235,  38,  44,  57,  80, 113, 137, 140, 165,  48, 143, 238, 217])
[2024-09-21 16:21:09,637][root][INFO] - sorted scores:tensor([53.0938, 53.0938, 53.0938, 53.0938, 53.0938, 53.0938, 53.0938, 53.0938,
        53.0938, 53.0938, 53.0938, 53.0938, 53.0938, 53.0938, 53.0938, 53.0938,
        53.0938, 53.0938, 53.0938, 53.0938, 53.0938, 53.0938, 53.0625, 53.0625,
        53.0625, 52.7500, 52.7500, 52.6250, 52.5938, 52.5938, 52.5938, 52.5312,
        52.4688, 52.4375, 52.4375, 52.4375, 52.4062, 52.4062, 52.4062, 52.4062,
        52.3750, 52.3750, 52.3438, 52.3438, 52.3438, 52.3438, 52.3125, 52.2812,
        52.2812, 52.2812, 52.2812, 52.2812, 52.2812, 52.2500, 52.2500, 52.2188,
        52.2188, 52.2188, 52.2188, 52.2188, 52.1875, 52.1875, 52.1562, 52.1562,
        52.1562, 52.1562, 52.1562, 52.1562, 52.1562, 52.1562, 52.1250, 52.1250,
        52.1250, 52.1250, 52.1250, 52.1250, 52.1250, 52.1250, 52.0938, 52.0625,
        52.0625, 52.0312, 52.0000, 52.0000, 52.0000, 52.0000, 52.0000, 51.9688,
        51.9688, 51.9375, 51.9375, 51.9062, 51.9062, 51.8750, 51.8750, 51.8750,
        51.8750, 51.8750, 51.8438, 51.8438, 51.8125, 51.8125, 51.7812, 51.7500,
        51.7500, 51.7500, 51.7500, 51.7500, 51.7188, 51.7188, 51.7188, 51.7188,
        51.7188, 51.7188, 51.6875, 51.6562, 51.6562, 51.6250, 51.6250, 51.6250,
        51.5938, 51.5938, 51.5938, 51.5938, 51.5625, 51.5625, 51.5625, 51.5312,
        51.5312, 51.5312, 51.5312, 51.5312, 51.5312, 51.5312, 51.5312, 51.5312,
        51.5312, 51.5312, 51.5312, 51.5000, 51.5000, 51.5000, 51.5000, 51.5000,
        51.5000, 51.5000, 51.5000, 51.5000, 51.5000, 51.4688, 51.4688, 51.4375,
        51.4375, 51.4375, 51.4375, 51.4375, 51.4375, 51.4375, 51.4375, 51.4375,
        51.4375, 51.4375, 51.4375, 51.4062, 51.4062, 51.4062, 51.4062, 51.4062,
        51.4062, 51.4062, 51.4062, 51.4062, 51.4062, 51.4062, 51.4062, 51.3750,
        51.3750, 51.3750, 51.3750, 51.3750, 51.3750, 51.3750, 51.3750, 51.3750,
        51.3750, 51.3750, 51.3750, 51.3750, 51.3750, 51.3750, 51.3750, 51.3750,
        51.3750, 51.3750, 51.3750, 51.3438, 51.3438, 51.3438, 51.3438, 51.3438,
        51.3438, 51.3438, 51.3438, 51.3438, 51.3438, 51.3438, 51.3438, 51.3438,
        51.3438, 51.3438, 51.3438, 51.3438, 51.3438, 51.3438, 51.3125, 51.3125,
        51.3125, 51.3125, 51.3125, 51.3125, 51.3125, 51.3125, 51.3125, 51.3125,
        51.3125, 51.3125, 51.3125, 51.3125, 51.3125, 51.3125, 51.2812, 51.2812,
        51.2812, 51.2812, 51.2812, 51.2500, 51.2500, 51.2500, 51.2500, 51.2500,
        51.2188, 51.2188, 51.2188, 51.2188, 51.2188, 51.2188, 51.2188, 51.2188,
        51.1875, 51.1875, 51.1875, 51.1250])
[2024-09-21 16:21:20,813][websockets.server][INFO] - server listening on 0.0.0.0:8080
[2024-09-21 16:21:21,633][websockets.server][INFO] - connection open
[2024-09-21 16:21:23,015][root][INFO] - Succeeded to open port: /dev/ttyUSB0
[2024-09-21 16:21:23,016][root][INFO] - Succeeded to set baudrate to 3000000
