[2024-12-23 11:23:37,990][websockets.server][INFO] - server listening on 0.0.0.0:8080
[2024-12-23 11:23:38,131][root][INFO] - self.cfg: 
 lr: 0.0001
c_in: 6
zfar: 'Infinity'
debug: null
n_view: 1
run_id: 3wy8qqex
use_BN: true
exp_name: 2024-01-11-20-02-45
n_epochs: 62
save_dir: /home/bowenw/debug/2024-01-11-20-02-45/
use_mask: false
loss_type: pairwise_valid
optimizer: adam
batch_size: 64
crop_ratio: 1.1
enable_amp: true
use_normal: false
max_num_key: null
warmup_step: -1
input_resize:
- 160
- 160
max_step_val: 1000
vis_interval: 1000
weight_decay: 0
normalize_xyz: true
resume_run_id: null
clip_grad_norm: 'Infinity'
lr_epoch_decay: 500
render_backend: nvdiffrast
train_num_pair: 5
lr_decay_epochs:
- 50
n_epochs_warmup: 1
make_pair_online: false
gradient_max_norm: 'Infinity'
max_step_per_epoch: 10000
n_rendering_workers: 1
save_epoch_interval: 100
n_dataloader_workers: 100
split_objects_across_gpus: true
ckpt_dir: /data/zjx/rw/third_party/FoundationPose/learning/training/../../weights/2024-01-11-20-02-45/model_best.pth

[2024-12-23 11:23:38,131][root][INFO] - self.h5_file:None
[2024-12-23 11:23:38,274][root][INFO] - Using pretrained model from /data/zjx/rw/third_party/FoundationPose/learning/training/../../weights/2024-01-11-20-02-45/model_best.pth
[2024-12-23 11:23:38,337][root][INFO] - init done
[2024-12-23 11:23:38,337][root][INFO] - welcome
[2024-12-23 11:23:38,341][root][INFO] - self.cfg: 
 lr: 0.0001
c_in: 6
zfar: .inf
debug: null
w_rot: 0.1
n_view: 1
run_id: null
use_BN: true
rot_rep: axis_angle
ckpt_dir: /data/zjx/rw/third_party/FoundationPose/learning/training/../../weights/2023-10-28-18-33-37/model_best.pth
exp_name: 2023-10-28-18-33-37
save_dir: /tmp/2023-10-28-18-33-37/
loss_type: l2
optimizer: adam
trans_rep: tracknet
batch_size: 64
crop_ratio: 1.2
use_normal: false
BN_momentum: 0.1
max_num_key: null
warmup_step: -1
input_resize:
- 160
- 160
max_step_val: 1000
normal_uint8: false
vis_interval: 1000
weight_decay: 0
n_max_objects: null
normalize_xyz: true
clip_grad_norm: 'Infinity'
rot_normalizer: 0.3490658503988659
trans_normalizer:
- 0.019999999552965164
- 0.019999999552965164
- 0.05000000074505806
max_step_per_epoch: 25000
val_epoch_interval: 10
n_dataloader_workers: 60
enable_amp: true
use_mask: false

[2024-12-23 11:23:38,341][root][INFO] - self.h5_file:
[2024-12-23 11:23:38,390][root][INFO] - Using pretrained model from /data/zjx/rw/third_party/FoundationPose/learning/training/../../weights/2023-10-28-18-33-37/model_best.pth
[2024-12-23 11:23:38,412][root][INFO] - init done
[2024-12-23 11:23:39,641][root][INFO] - self.diameter:0.2729166168820516, vox_size:0.01364583084410258
[2024-12-23 11:23:39,655][root][INFO] - self.pts:torch.Size([179, 3])
[2024-12-23 11:23:40,651][root][INFO] - reset done
[2024-12-23 11:23:40,652][root][INFO] - cam_in_obs:(42, 4, 4)
[2024-12-23 11:23:40,654][root][INFO] - rot_grid:(252, 4, 4)
[2024-12-23 11:23:40,656][root][INFO] - after cluster, rot_grid:(252, 4, 4)
[2024-12-23 11:23:40,656][root][INFO] - self.rot_grid: torch.Size([252, 4, 4])
[2024-12-23 11:23:42,442][websockets.server][INFO] - connection open
[2024-12-23 11:24:27,631][root][INFO] - Welcome
[2024-12-23 11:24:27,657][root][INFO] - poses:(252, 4, 4)
[2024-12-23 11:24:27,665][root][INFO] - after viewpoint, add_errs min:-1.0
[2024-12-23 11:24:27,687][root][INFO] - ob_in_cams:(252, 4, 4)
[2024-12-23 11:24:27,687][root][INFO] - self.cfg.use_normal:False
[2024-12-23 11:24:27,687][root][INFO] - trans_normalizer:[0.019999999552965164, 0.019999999552965164, 0.05000000074505806], rot_normalizer:0.3490658503988659
[2024-12-23 11:24:27,690][root][INFO] - making cropped data
[2024-12-23 11:24:27,690][root][INFO] - Welcome make_crop_data_batch
[2024-12-23 11:24:27,693][root][INFO] - make tf_to_crops done
[2024-12-23 11:24:27,717][root][INFO] - render done
[2024-12-23 11:24:27,723][root][INFO] - warp done
[2024-12-23 11:24:27,727][root][INFO] - pose batch data done
[2024-12-23 11:24:27,727][root][INFO] - forward start
[2024-12-23 11:24:27,856][root][INFO] - forward done
[2024-12-23 11:24:27,870][root][INFO] - making cropped data
[2024-12-23 11:24:27,870][root][INFO] - Welcome make_crop_data_batch
[2024-12-23 11:24:27,870][root][INFO] - make tf_to_crops done
[2024-12-23 11:24:27,886][root][INFO] - render done
[2024-12-23 11:24:27,890][root][INFO] - warp done
[2024-12-23 11:24:27,893][root][INFO] - pose batch data done
[2024-12-23 11:24:27,893][root][INFO] - forward start
[2024-12-23 11:24:27,895][root][INFO] - forward done
[2024-12-23 11:24:27,895][root][INFO] - making cropped data
[2024-12-23 11:24:27,895][root][INFO] - Welcome make_crop_data_batch
[2024-12-23 11:24:27,999][root][INFO] - make tf_to_crops done
[2024-12-23 11:24:28,015][root][INFO] - render done
[2024-12-23 11:24:28,019][root][INFO] - warp done
[2024-12-23 11:24:28,022][root][INFO] - pose batch data done
[2024-12-23 11:24:28,022][root][INFO] - forward start
[2024-12-23 11:24:28,023][root][INFO] - forward done
[2024-12-23 11:24:28,023][root][INFO] - making cropped data
[2024-12-23 11:24:28,024][root][INFO] - Welcome make_crop_data_batch
[2024-12-23 11:24:28,125][root][INFO] - make tf_to_crops done
[2024-12-23 11:24:28,141][root][INFO] - render done
[2024-12-23 11:24:28,144][root][INFO] - warp done
[2024-12-23 11:24:28,146][root][INFO] - pose batch data done
[2024-12-23 11:24:28,146][root][INFO] - forward start
[2024-12-23 11:24:28,148][root][INFO] - forward done
[2024-12-23 11:24:28,148][root][INFO] - making cropped data
[2024-12-23 11:24:28,148][root][INFO] - Welcome make_crop_data_batch
[2024-12-23 11:24:28,251][root][INFO] - make tf_to_crops done
[2024-12-23 11:24:28,265][root][INFO] - render done
[2024-12-23 11:24:28,270][root][INFO] - warp done
[2024-12-23 11:24:28,272][root][INFO] - pose batch data done
[2024-12-23 11:24:28,273][root][INFO] - forward start
[2024-12-23 11:24:28,274][root][INFO] - forward done
[2024-12-23 11:24:28,391][root][INFO] - ob_in_cams:(252, 4, 4)
[2024-12-23 11:24:28,391][root][INFO] - self.cfg.use_normal:False
[2024-12-23 11:24:28,391][root][INFO] - making cropped data
[2024-12-23 11:24:28,399][root][INFO] - Welcome make_crop_data_batch
[2024-12-23 11:24:28,399][root][INFO] - make tf_to_crops done
[2024-12-23 11:24:28,413][root][INFO] - render done
[2024-12-23 11:24:28,542][root][INFO] - pose batch data done
[2024-12-23 11:24:28,542][root][INFO] - pose_data.rgbAs.shape[0]: 252
[2024-12-23 11:24:28,638][root][INFO] - forward done
[2024-12-23 11:24:28,655][root][INFO] - final, add_errs min:-1.0
[2024-12-23 11:24:28,666][root][INFO] - sort ids:tensor([107, 227,  11,  77, 131, 173, 245,   5, 101, 106, 137, 149, 203, 251,
        222, 194,   7, 200,   2,  35, 104, 134, 146,   8,  74, 127, 128, 172,
          4,  98, 170, 225,  66, 164, 224, 240, 246, 103, 147, 190,  58, 169,
        144, 199, 195,  86, 130, 196, 247,  32,  51,  92, 113, 124, 220,  44,
         57, 235,  26,  41,  55,  64,  67,  89, 165, 183, 193, 202, 210, 230,
        243,  47,  52,  61,  85, 143, 162, 204, 217, 140, 154, 160, 229, 250,
         38,  49, 119, 155, 157, 185,  95, 177,  17,  23, 179, 207, 213,  63,
         83, 125, 187, 212, 238, 248,  14,  69, 110, 116, 191,  54,  80, 174,
        180,  29,  48, 192, 122, 206, 249,  20, 176, 197,  70, 121,  60,  93,
        152, 182, 151, 215, 232,  13,  90, 114, 209, 233,  88,  22, 117, 218,
         59,  99, 158, 135,  96, 221, 226,   3, 188, 145, 239,  12, 132,  21,
        161,   6, 105, 242, 102, 120, 126, 138, 181, 184, 214, 236,   0,   9,
         24,  36,  39,  42,  87, 129, 166, 211, 241,  15,  18,  27,  33,  50,
         53,  68,  72,  75,  78,  81,  84,  94, 108, 111, 123, 141, 163, 208,
        237, 244,  28,  30,  45, 150, 175, 223, 231,  56,  65,  71, 148, 167,
        171,  10,  73,  82,  91,  97, 100, 109, 115, 133, 136, 156, 198,   1,
         16,  31,  40, 118, 189, 216,  62, 186, 234,  19,  37,  46,  76,  79,
        139, 142, 219,  25,  34,  43, 112, 159, 178, 205, 153, 168, 201, 228])
[2024-12-23 11:24:28,670][root][INFO] - sorted scores:tensor([80.5781, 80.5625, 80.5469, 80.5469, 80.5469, 80.5469, 80.5469, 80.5312,
        80.5312, 80.5312, 80.5156, 80.5000, 80.5000, 80.5000, 80.4844, 80.4531,
        80.4219, 80.4219, 80.4062, 80.4062, 80.4062, 80.4062, 80.4062, 80.3906,
        80.3906, 80.3906, 80.3906, 80.3906, 80.3750, 80.3750, 80.3750, 80.3750,
        80.3594, 80.3594, 80.3594, 80.3438, 80.3438, 80.3281, 80.3125, 80.3125,
        80.2969, 80.2969, 80.2812, 80.2656, 80.2500, 80.2188, 80.2188, 80.2188,
        80.2188, 80.2031, 80.2031, 80.2031, 80.2031, 80.2031, 80.2031, 80.1875,
        80.1875, 80.1875, 80.1719, 80.1719, 80.1719, 80.1719, 80.1719, 80.1719,
        80.1719, 80.1719, 80.1719, 80.1719, 80.1719, 80.1719, 80.1719, 80.1562,
        80.1562, 80.1562, 80.1562, 80.1562, 80.1562, 80.1562, 80.1562, 80.1406,
        80.1406, 80.1406, 80.1406, 80.1406, 80.1250, 80.1250, 80.1250, 80.1250,
        80.1250, 80.1250, 80.1094, 80.1094, 80.0938, 80.0938, 80.0938, 80.0938,
        80.0938, 80.0781, 80.0781, 80.0781, 80.0781, 80.0625, 80.0625, 80.0625,
        80.0469, 80.0469, 80.0469, 80.0469, 80.0469, 80.0312, 80.0312, 80.0312,
        80.0312, 80.0156, 80.0156, 80.0156, 80.0000, 79.9844, 79.9531, 79.9219,
        79.9219, 79.9219, 79.9062, 79.9062, 79.8750, 79.8750, 79.7656, 79.7500,
        79.6719, 79.6719, 79.6406, 79.6250, 79.5938, 79.5938, 79.5938, 79.5938,
        79.5625, 79.5312, 79.5000, 79.4062, 79.3750, 79.3594, 79.2188, 78.9219,
        78.5312, 78.4531, 78.3594, 78.3438, 78.3438, 78.2500, 78.2344, 78.2188,
        78.2188, 78.2031, 78.1719, 78.1562, 78.1562, 78.1562, 78.1406, 78.1406,
        78.1406, 78.1406, 78.1406, 78.1406, 78.1406, 78.1406, 78.1250, 78.1250,
        78.1250, 78.1250, 78.1250, 78.1250, 78.1250, 78.1250, 78.1250, 78.1250,
        78.1250, 78.1094, 78.1094, 78.1094, 78.1094, 78.1094, 78.1094, 78.1094,
        78.1094, 78.1094, 78.1094, 78.1094, 78.1094, 78.1094, 78.1094, 78.1094,
        78.1094, 78.1094, 78.1094, 78.1094, 78.1094, 78.1094, 78.0938, 78.0938,
        78.0938, 78.0938, 78.0938, 78.0938, 78.0938, 78.0781, 78.0781, 78.0781,
        78.0781, 78.0781, 78.0781, 78.0625, 78.0625, 78.0625, 78.0625, 78.0625,
        78.0625, 78.0625, 78.0625, 78.0625, 78.0625, 78.0625, 78.0625, 78.0469,
        78.0469, 78.0469, 78.0469, 78.0469, 78.0469, 78.0469, 78.0312, 78.0312,
        78.0312, 78.0156, 78.0156, 78.0156, 78.0156, 78.0156, 78.0000, 78.0000,
        78.0000, 77.9844, 77.9844, 77.9844, 77.9844, 77.9844, 77.8281, 77.8281,
        77.7969, 77.7812, 77.7812, 77.7812])
