[2024-09-22 22:17:04,844][root][INFO] - self.cfg: 
 lr: 0.0001
c_in: 6
zfar: 'Infinity'
debug: null
n_view: 1
run_id: 3wy8qqex
use_BN: true
exp_name: 2024-01-11-20-02-45
n_epochs: 62
save_dir: /home/bowenw/debug/2024-01-11-20-02-45/
use_mask: false
loss_type: pairwise_valid
optimizer: adam
batch_size: 64
crop_ratio: 1.1
enable_amp: true
use_normal: false
max_num_key: null
warmup_step: -1
input_resize:
- 160
- 160
max_step_val: 1000
vis_interval: 1000
weight_decay: 0
normalize_xyz: true
resume_run_id: null
clip_grad_norm: 'Infinity'
lr_epoch_decay: 500
render_backend: nvdiffrast
train_num_pair: 5
lr_decay_epochs:
- 50
n_epochs_warmup: 1
make_pair_online: false
gradient_max_norm: 'Infinity'
max_step_per_epoch: 10000
n_rendering_workers: 1
save_epoch_interval: 100
n_dataloader_workers: 100
split_objects_across_gpus: true
ckpt_dir: FoundationPose/learning/training/../../weights/2024-01-11-20-02-45/model_best.pth

[2024-09-22 22:17:04,844][root][INFO] - self.h5_file:None
[2024-09-22 22:17:05,025][root][INFO] - Using pretrained model from FoundationPose/learning/training/../../weights/2024-01-11-20-02-45/model_best.pth
[2024-09-22 22:17:05,090][root][INFO] - init done
[2024-09-22 22:17:05,090][root][INFO] - welcome
[2024-09-22 22:17:05,094][root][INFO] - self.cfg: 
 lr: 0.0001
c_in: 6
zfar: .inf
debug: null
w_rot: 0.1
n_view: 1
run_id: null
use_BN: true
rot_rep: axis_angle
ckpt_dir: FoundationPose/learning/training/../../weights/2023-10-28-18-33-37/model_best.pth
exp_name: 2023-10-28-18-33-37
save_dir: /tmp/2023-10-28-18-33-37/
loss_type: l2
optimizer: adam
trans_rep: tracknet
batch_size: 64
crop_ratio: 1.2
use_normal: false
BN_momentum: 0.1
max_num_key: null
warmup_step: -1
input_resize:
- 160
- 160
max_step_val: 1000
normal_uint8: false
vis_interval: 1000
weight_decay: 0
n_max_objects: null
normalize_xyz: true
clip_grad_norm: 'Infinity'
rot_normalizer: 0.3490658503988659
trans_normalizer:
- 0.019999999552965164
- 0.019999999552965164
- 0.05000000074505806
max_step_per_epoch: 25000
val_epoch_interval: 10
n_dataloader_workers: 60
enable_amp: true
use_mask: false

[2024-09-22 22:17:05,094][root][INFO] - self.h5_file:
[2024-09-22 22:17:05,143][root][INFO] - Using pretrained model from FoundationPose/learning/training/../../weights/2023-10-28-18-33-37/model_best.pth
[2024-09-22 22:17:05,161][root][INFO] - init done
[2024-09-22 22:17:07,409][root][INFO] - self.diameter:0.14523516687604437, vox_size:0.007261758343802219
[2024-09-22 22:17:07,424][root][INFO] - self.pts:torch.Size([858, 3])
[2024-09-22 22:17:08,270][root][INFO] - reset done
[2024-09-22 22:17:08,271][root][INFO] - cam_in_obs:(42, 4, 4)
[2024-09-22 22:17:08,272][root][INFO] - rot_grid:(252, 4, 4)
[2024-09-22 22:17:08,273][root][INFO] - after cluster, rot_grid:(252, 4, 4)
[2024-09-22 22:17:08,273][root][INFO] - self.rot_grid: torch.Size([252, 4, 4])
[2024-09-22 22:17:17,542][root][INFO] - Welcome
[2024-09-22 22:17:17,557][root][INFO] - poses:(252, 4, 4)
[2024-09-22 22:17:17,566][root][INFO] - after viewpoint, add_errs min:-1.0
[2024-09-22 22:17:17,599][root][INFO] - ob_in_cams:(252, 4, 4)
[2024-09-22 22:17:17,599][root][INFO] - self.cfg.use_normal:False
[2024-09-22 22:17:17,599][root][INFO] - trans_normalizer:[0.019999999552965164, 0.019999999552965164, 0.05000000074505806], rot_normalizer:0.3490658503988659
[2024-09-22 22:17:17,632][root][INFO] - making cropped data
[2024-09-22 22:17:17,632][root][INFO] - Welcome make_crop_data_batch
[2024-09-22 22:17:17,637][root][INFO] - make tf_to_crops done
[2024-09-22 22:17:17,667][root][INFO] - render done
[2024-09-22 22:17:17,673][root][INFO] - warp done
[2024-09-22 22:17:17,678][root][INFO] - pose batch data done
[2024-09-22 22:17:17,678][root][INFO] - forward start
[2024-09-22 22:17:17,797][root][INFO] - forward done
[2024-09-22 22:17:17,808][root][INFO] - making cropped data
[2024-09-22 22:17:17,808][root][INFO] - Welcome make_crop_data_batch
[2024-09-22 22:17:17,809][root][INFO] - make tf_to_crops done
[2024-09-22 22:17:17,827][root][INFO] - render done
[2024-09-22 22:17:17,831][root][INFO] - warp done
[2024-09-22 22:17:17,833][root][INFO] - pose batch data done
[2024-09-22 22:17:17,833][root][INFO] - forward start
[2024-09-22 22:17:17,835][root][INFO] - forward done
[2024-09-22 22:17:17,835][root][INFO] - making cropped data
[2024-09-22 22:17:17,835][root][INFO] - Welcome make_crop_data_batch
[2024-09-22 22:17:17,933][root][INFO] - make tf_to_crops done
[2024-09-22 22:17:17,951][root][INFO] - render done
[2024-09-22 22:17:17,955][root][INFO] - warp done
[2024-09-22 22:17:17,957][root][INFO] - pose batch data done
[2024-09-22 22:17:17,958][root][INFO] - forward start
[2024-09-22 22:17:17,959][root][INFO] - forward done
[2024-09-22 22:17:17,959][root][INFO] - making cropped data
[2024-09-22 22:17:17,959][root][INFO] - Welcome make_crop_data_batch
[2024-09-22 22:17:18,056][root][INFO] - make tf_to_crops done
[2024-09-22 22:17:18,074][root][INFO] - render done
[2024-09-22 22:17:18,078][root][INFO] - warp done
[2024-09-22 22:17:18,080][root][INFO] - pose batch data done
[2024-09-22 22:17:18,081][root][INFO] - forward start
[2024-09-22 22:17:18,082][root][INFO] - forward done
[2024-09-22 22:17:18,082][root][INFO] - making cropped data
[2024-09-22 22:17:18,082][root][INFO] - Welcome make_crop_data_batch
[2024-09-22 22:17:18,181][root][INFO] - make tf_to_crops done
[2024-09-22 22:17:18,200][root][INFO] - render done
[2024-09-22 22:17:18,205][root][INFO] - warp done
[2024-09-22 22:17:18,208][root][INFO] - pose batch data done
[2024-09-22 22:17:18,208][root][INFO] - forward start
[2024-09-22 22:17:18,209][root][INFO] - forward done
[2024-09-22 22:17:18,324][root][INFO] - ob_in_cams:(252, 4, 4)
[2024-09-22 22:17:18,324][root][INFO] - self.cfg.use_normal:False
[2024-09-22 22:17:18,324][root][INFO] - making cropped data
[2024-09-22 22:17:18,333][root][INFO] - Welcome make_crop_data_batch
[2024-09-22 22:17:18,334][root][INFO] - make tf_to_crops done
[2024-09-22 22:17:18,351][root][INFO] - render done
[2024-09-22 22:17:18,483][root][INFO] - pose batch data done
[2024-09-22 22:17:18,483][root][INFO] - pose_data.rgbAs.shape[0]: 252
[2024-09-22 22:17:18,583][root][INFO] - forward done
[2024-09-22 22:17:18,601][root][INFO] - final, add_errs min:-1.0
[2024-09-22 22:17:18,610][root][INFO] - sort ids:tensor([250,  61,  16,  88, 232, 238, 211,  68, 114, 205,  77, 131, 224,   4,
         11,  47,  78,  98, 137, 226, 242, 244,   2,   5,   9,  12,  84, 203,
        215, 251, 229, 231,  20,  29,  65,  74,  79,  82,  90, 228, 230, 245,
         13,  14,  35,  64,  69,  71,  85,  92,  94, 152, 155, 176, 182, 186,
        197, 206, 209, 249,   6,  15,  38,  56,  60,  66,  67,  86, 106, 171,
        183, 189, 199, 202, 204, 217, 227, 233,  10,  34,  48,  57,  58,  59,
         83, 101, 103, 112, 116, 124, 128, 132, 139, 143, 149, 158, 175, 207,
        210, 222, 247,  19,  21,  31,  42,  49,  62,  63,  73,  81, 100, 104,
        107, 120, 121, 125, 126, 127, 145, 151, 159, 162, 172, 180, 185, 187,
        194, 201, 213, 216, 218, 220, 221, 225, 236, 243, 246, 248,   1,  23,
         25,  30,  32,  36,  41,  70,  72,  76,  91,  95, 105, 117, 118, 119,
        130, 141, 150, 156, 163, 166, 177, 179, 188, 190, 196, 200, 208, 223,
         33,  43,  45,  50,  53,  54,  75,  80,  87,  89, 102, 108, 115, 123,
        136, 142, 146, 148, 153, 154, 164, 165, 170, 178, 184, 192, 193, 214,
          0,   8,  17,  18,  22,  26,  39,  40,  44,  51,  55,  93,  97,  99,
        133, 134, 135, 138, 140, 157, 160, 161, 168, 169, 174, 198, 212, 234,
        235, 237, 240,   3,   7,  27,  28,  46,  52,  96, 113, 122, 129, 144,
        167, 173, 181, 195, 219, 241,  24,  37, 109, 147, 191, 239, 110, 111])
[2024-09-22 22:17:18,614][root][INFO] - sorted scores:tensor([138.7188, 138.5625, 138.5312, 138.5000, 138.5000, 138.5000, 138.4375,
        138.4062, 138.3125, 138.3125, 138.2812, 138.2500, 138.2500, 138.2188,
        138.2188, 138.2188, 138.2188, 138.2188, 138.2188, 138.2188, 138.2188,
        138.2188, 138.1875, 138.1875, 138.1875, 138.1875, 138.1875, 138.1875,
        138.1875, 138.1875, 138.1562, 138.1562, 138.1250, 138.1250, 138.1250,
        138.1250, 138.1250, 138.1250, 138.1250, 138.1250, 138.1250, 138.1250,
        138.0938, 138.0938, 138.0938, 138.0938, 138.0938, 138.0938, 138.0938,
        138.0938, 138.0938, 138.0938, 138.0938, 138.0938, 138.0938, 138.0938,
        138.0938, 138.0938, 138.0938, 138.0938, 138.0625, 138.0625, 138.0625,
        138.0625, 138.0625, 138.0625, 138.0625, 138.0625, 138.0625, 138.0625,
        138.0625, 138.0625, 138.0625, 138.0625, 138.0625, 138.0625, 138.0625,
        138.0625, 138.0312, 138.0312, 138.0312, 138.0312, 138.0312, 138.0312,
        138.0312, 138.0312, 138.0312, 138.0312, 138.0312, 138.0312, 138.0312,
        138.0312, 138.0312, 138.0312, 138.0312, 138.0312, 138.0312, 138.0312,
        138.0312, 138.0312, 138.0312, 138.0000, 138.0000, 138.0000, 138.0000,
        138.0000, 138.0000, 138.0000, 138.0000, 138.0000, 138.0000, 138.0000,
        138.0000, 138.0000, 138.0000, 138.0000, 138.0000, 138.0000, 138.0000,
        138.0000, 138.0000, 138.0000, 138.0000, 138.0000, 138.0000, 138.0000,
        138.0000, 138.0000, 138.0000, 138.0000, 138.0000, 138.0000, 138.0000,
        138.0000, 138.0000, 138.0000, 138.0000, 138.0000, 137.9688, 137.9688,
        137.9688, 137.9688, 137.9688, 137.9688, 137.9688, 137.9688, 137.9688,
        137.9688, 137.9688, 137.9688, 137.9688, 137.9688, 137.9688, 137.9688,
        137.9688, 137.9688, 137.9688, 137.9688, 137.9688, 137.9688, 137.9688,
        137.9688, 137.9688, 137.9688, 137.9688, 137.9688, 137.9688, 137.9688,
        137.9375, 137.9375, 137.9375, 137.9375, 137.9375, 137.9375, 137.9375,
        137.9375, 137.9375, 137.9375, 137.9375, 137.9375, 137.9375, 137.9375,
        137.9375, 137.9375, 137.9375, 137.9375, 137.9375, 137.9375, 137.9375,
        137.9375, 137.9375, 137.9375, 137.9375, 137.9375, 137.9375, 137.9375,
        137.9062, 137.9062, 137.9062, 137.9062, 137.9062, 137.9062, 137.9062,
        137.9062, 137.9062, 137.9062, 137.9062, 137.9062, 137.9062, 137.9062,
        137.9062, 137.9062, 137.9062, 137.9062, 137.9062, 137.9062, 137.9062,
        137.9062, 137.9062, 137.9062, 137.9062, 137.9062, 137.9062, 137.9062,
        137.9062, 137.9062, 137.9062, 137.8750, 137.8750, 137.8750, 137.8750,
        137.8750, 137.8750, 137.8750, 137.8750, 137.8750, 137.8750, 137.8750,
        137.8750, 137.8750, 137.8750, 137.8750, 137.8750, 137.8750, 137.8438,
        137.8438, 137.8438, 137.8438, 137.8438, 137.8438, 137.8125, 137.8125])
[2024-09-22 22:17:29,535][websockets.server][INFO] - server listening on 0.0.0.0:8080
[2024-09-22 22:17:30,830][websockets.server][INFO] - connection open
[2024-09-22 22:17:31,806][websockets.server][INFO] - connection open
