[2024-10-11 13:34:36,383][websockets.server][INFO] - server listening on 0.0.0.0:8080
[2024-10-11 13:34:36,633][root][INFO] - self.cfg: 
 lr: 0.0001
c_in: 6
zfar: 'Infinity'
debug: null
n_view: 1
run_id: 3wy8qqex
use_BN: true
exp_name: 2024-01-11-20-02-45
n_epochs: 62
save_dir: /home/bowenw/debug/2024-01-11-20-02-45/
use_mask: false
loss_type: pairwise_valid
optimizer: adam
batch_size: 64
crop_ratio: 1.1
enable_amp: true
use_normal: false
max_num_key: null
warmup_step: -1
input_resize:
- 160
- 160
max_step_val: 1000
vis_interval: 1000
weight_decay: 0
normalize_xyz: true
resume_run_id: null
clip_grad_norm: 'Infinity'
lr_epoch_decay: 500
render_backend: nvdiffrast
train_num_pair: 5
lr_decay_epochs:
- 50
n_epochs_warmup: 1
make_pair_online: false
gradient_max_norm: 'Infinity'
max_step_per_epoch: 10000
n_rendering_workers: 1
save_epoch_interval: 100
n_dataloader_workers: 100
split_objects_across_gpus: true
ckpt_dir: FoundationPose/learning/training/../../weights/2024-01-11-20-02-45/model_best.pth

[2024-10-11 13:34:36,633][root][INFO] - self.h5_file:None
[2024-10-11 13:34:36,862][websockets.server][INFO] - connection open
[2024-10-11 13:34:37,048][root][INFO] - Using pretrained model from FoundationPose/learning/training/../../weights/2024-01-11-20-02-45/model_best.pth
[2024-10-11 13:34:37,112][root][INFO] - init done
[2024-10-11 13:34:37,112][root][INFO] - welcome
[2024-10-11 13:34:37,116][root][INFO] - self.cfg: 
 lr: 0.0001
c_in: 6
zfar: .inf
debug: null
w_rot: 0.1
n_view: 1
run_id: null
use_BN: true
rot_rep: axis_angle
ckpt_dir: FoundationPose/learning/training/../../weights/2023-10-28-18-33-37/model_best.pth
exp_name: 2023-10-28-18-33-37
save_dir: /tmp/2023-10-28-18-33-37/
loss_type: l2
optimizer: adam
trans_rep: tracknet
batch_size: 64
crop_ratio: 1.2
use_normal: false
BN_momentum: 0.1
max_num_key: null
warmup_step: -1
input_resize:
- 160
- 160
max_step_val: 1000
normal_uint8: false
vis_interval: 1000
weight_decay: 0
n_max_objects: null
normalize_xyz: true
clip_grad_norm: 'Infinity'
rot_normalizer: 0.3490658503988659
trans_normalizer:
- 0.019999999552965164
- 0.019999999552965164
- 0.05000000074505806
max_step_per_epoch: 25000
val_epoch_interval: 10
n_dataloader_workers: 60
enable_amp: true
use_mask: false

[2024-10-11 13:34:37,116][root][INFO] - self.h5_file:
[2024-10-11 13:34:37,164][root][INFO] - Using pretrained model from FoundationPose/learning/training/../../weights/2023-10-28-18-33-37/model_best.pth
[2024-10-11 13:34:37,187][root][INFO] - init done
[2024-10-11 13:34:39,386][root][INFO] - self.diameter:0.16911805808118208, vox_size:0.008455902904059103
[2024-10-11 13:34:39,387][root][INFO] - self.pts:torch.Size([675, 3])
[2024-10-11 13:34:40,374][root][INFO] - reset done
[2024-10-11 13:34:40,375][root][INFO] - cam_in_obs:(42, 4, 4)
[2024-10-11 13:34:40,389][root][INFO] - rot_grid:(252, 4, 4)
[2024-10-11 13:34:40,390][root][INFO] - after cluster, rot_grid:(252, 4, 4)
[2024-10-11 13:34:40,391][root][INFO] - self.rot_grid: torch.Size([252, 4, 4])
[2024-10-11 13:34:50,674][root][INFO] - Welcome
[2024-10-11 13:34:50,690][root][INFO] - poses:(252, 4, 4)
[2024-10-11 13:34:50,693][root][INFO] - after viewpoint, add_errs min:-1.0
[2024-10-11 13:34:50,722][root][INFO] - ob_in_cams:(252, 4, 4)
[2024-10-11 13:34:50,722][root][INFO] - self.cfg.use_normal:False
[2024-10-11 13:34:50,722][root][INFO] - trans_normalizer:[0.019999999552965164, 0.019999999552965164, 0.05000000074505806], rot_normalizer:0.3490658503988659
[2024-10-11 13:34:50,776][root][INFO] - making cropped data
[2024-10-11 13:34:50,777][root][INFO] - Welcome make_crop_data_batch
[2024-10-11 13:34:50,778][root][INFO] - make tf_to_crops done
[2024-10-11 13:34:50,832][root][INFO] - render done
[2024-10-11 13:34:50,858][root][INFO] - warp done
[2024-10-11 13:34:50,861][root][INFO] - pose batch data done
[2024-10-11 13:34:50,861][root][INFO] - forward start
[2024-10-11 13:34:50,955][root][INFO] - forward done
[2024-10-11 13:34:50,955][root][INFO] - making cropped data
[2024-10-11 13:34:50,955][root][INFO] - Welcome make_crop_data_batch
[2024-10-11 13:34:50,976][root][INFO] - make tf_to_crops done
[2024-10-11 13:34:51,000][root][INFO] - render done
[2024-10-11 13:34:51,005][root][INFO] - warp done
[2024-10-11 13:34:51,007][root][INFO] - pose batch data done
[2024-10-11 13:34:51,007][root][INFO] - forward start
[2024-10-11 13:34:51,009][root][INFO] - forward done
[2024-10-11 13:34:51,009][root][INFO] - making cropped data
[2024-10-11 13:34:51,009][root][INFO] - Welcome make_crop_data_batch
[2024-10-11 13:34:51,113][root][INFO] - make tf_to_crops done
[2024-10-11 13:34:51,136][root][INFO] - render done
[2024-10-11 13:34:51,140][root][INFO] - warp done
[2024-10-11 13:34:51,142][root][INFO] - pose batch data done
[2024-10-11 13:34:51,143][root][INFO] - forward start
[2024-10-11 13:34:51,144][root][INFO] - forward done
[2024-10-11 13:34:51,144][root][INFO] - making cropped data
[2024-10-11 13:34:51,144][root][INFO] - Welcome make_crop_data_batch
[2024-10-11 13:34:51,248][root][INFO] - make tf_to_crops done
[2024-10-11 13:34:51,270][root][INFO] - render done
[2024-10-11 13:34:51,274][root][INFO] - warp done
[2024-10-11 13:34:51,277][root][INFO] - pose batch data done
[2024-10-11 13:34:51,277][root][INFO] - forward start
[2024-10-11 13:34:51,279][root][INFO] - forward done
[2024-10-11 13:34:51,279][root][INFO] - making cropped data
[2024-10-11 13:34:51,279][root][INFO] - Welcome make_crop_data_batch
[2024-10-11 13:34:51,382][root][INFO] - make tf_to_crops done
[2024-10-11 13:34:51,406][root][INFO] - render done
[2024-10-11 13:34:51,409][root][INFO] - warp done
[2024-10-11 13:34:51,412][root][INFO] - pose batch data done
[2024-10-11 13:34:51,412][root][INFO] - forward start
[2024-10-11 13:34:51,413][root][INFO] - forward done
[2024-10-11 13:34:51,532][root][INFO] - ob_in_cams:(252, 4, 4)
[2024-10-11 13:34:51,532][root][INFO] - self.cfg.use_normal:False
[2024-10-11 13:34:51,532][root][INFO] - making cropped data
[2024-10-11 13:34:51,541][root][INFO] - Welcome make_crop_data_batch
[2024-10-11 13:34:51,542][root][INFO] - make tf_to_crops done
[2024-10-11 13:34:51,563][root][INFO] - render done
[2024-10-11 13:34:51,698][root][INFO] - pose batch data done
[2024-10-11 13:34:51,698][root][INFO] - pose_data.rgbAs.shape[0]: 252
[2024-10-11 13:34:51,700][root][INFO] - forward done
[2024-10-11 13:34:51,811][root][INFO] - final, add_errs min:-1.0
[2024-10-11 13:34:51,813][root][INFO] - sort ids:tensor([  6,  11,  18,  48,  53,  54,  59, 102, 137, 144, 149, 150, 155, 156,
        162, 167, 168, 173, 174, 179, 185, 186, 192, 197,  47,  77,  95,  23,
        191, 142, 132,  37, 109, 180, 205,  67, 211,  61, 115, 222, 247, 199,
        246,  12, 204, 219,  60,  13, 130,  46, 198, 202, 213, 224, 152,  64,
        240, 223,  20, 250, 143, 201, 249,  63,  78, 129, 248, 147, 200, 212,
        160,   1,  90,  29, 206, 128,  43,  76,  62, 165, 175,  51, 127, 114,
        195,  38, 164, 207,  35,  93, 131, 217, 120, 134, 135,  80, 161,   4,
         74, 159, 193, 203,   9,  26, 145, 163,  92,   8,  14,  44,  50,  86,
        177, 216, 154, 158, 218, 227, 230,  88, 196, 210,  49, 225,  21,  68,
        170, 183,  52,  71,  89, 101, 171, 124, 220,   3,  30, 133,  41, 136,
        139, 242, 103,  31,  32,  69, 178, 184, 187, 241, 113,  79,  84,  91,
         40,  94,  96, 138,   5,  57,  66, 116, 122, 140, 176, 215, 235,  99,
        169, 194, 228, 245,  98, 125, 226, 229, 243,  22,  36,  70,  85,  97,
        112, 153,   7,  73, 123, 146, 172, 234,   2,  10,  34, 106, 107, 148,
        232, 238,  42,  58,  65,  81,  82, 110, 119, 208, 236, 239, 244,   0,
         19, 100, 117, 121, 157, 166, 181, 190, 214, 233, 237, 251,  15,  16,
         17,  25,  83, 126, 141, 209, 231,  28,  56, 151, 182, 221,  27,  45,
         72,  87, 118, 189,  33,  55, 104,  24, 105, 188,  39, 111, 108,  75])
[2024-10-11 13:34:51,815][root][INFO] - sorted scores:tensor([70.0781, 70.0781, 70.0781, 70.0781, 70.0781, 70.0781, 70.0781, 70.0781,
        70.0781, 70.0781, 70.0781, 70.0781, 70.0781, 70.0781, 70.0781, 70.0781,
        70.0781, 70.0781, 70.0781, 70.0781, 70.0781, 70.0781, 70.0781, 70.0781,
        70.0625, 70.0312, 70.0312, 70.0156, 70.0000, 69.9531, 69.8438, 69.8281,
        69.7969, 69.7812, 69.7656, 69.7344, 69.7344, 69.7188, 69.7188, 69.7188,
        69.7188, 69.6875, 69.6875, 69.6562, 69.6250, 69.6250, 69.6094, 69.5938,
        69.5938, 69.5781, 69.5781, 69.5469, 69.5312, 69.5312, 69.4844, 69.4531,
        69.4219, 69.3906, 69.3750, 69.3750, 69.3438, 69.2969, 69.2969, 69.2812,
        69.2812, 69.2656, 69.2500, 69.2344, 69.2188, 69.2031, 69.1875, 69.1719,
        69.1719, 69.1406, 69.1250, 69.1094, 69.0625, 69.0469, 69.0312, 69.0312,
        69.0312, 69.0156, 69.0156, 69.0000, 69.0000, 68.9688, 68.9688, 68.9688,
        68.9375, 68.9375, 68.9375, 68.9062, 68.8750, 68.8750, 68.8594, 68.8438,
        68.8438, 68.8281, 68.8281, 68.8281, 68.8281, 68.7812, 68.7656, 68.7656,
        68.7656, 68.7656, 68.7500, 68.7344, 68.7344, 68.7031, 68.7031, 68.7031,
        68.7031, 68.7031, 68.6875, 68.6875, 68.6875, 68.6719, 68.6719, 68.6562,
        68.6562, 68.6406, 68.6250, 68.6250, 68.6094, 68.6094, 68.6094, 68.5938,
        68.5625, 68.5469, 68.5469, 68.5469, 68.5469, 68.5312, 68.5312, 68.5156,
        68.5156, 68.5156, 68.5000, 68.5000, 68.5000, 68.5000, 68.4844, 68.4688,
        68.4688, 68.4688, 68.4688, 68.4688, 68.4688, 68.4688, 68.4531, 68.4375,
        68.4375, 68.4375, 68.4219, 68.4219, 68.4219, 68.4219, 68.4062, 68.4062,
        68.4062, 68.4062, 68.4062, 68.4062, 68.4062, 68.4062, 68.4062, 68.3906,
        68.3906, 68.3906, 68.3906, 68.3906, 68.3750, 68.3750, 68.3750, 68.3750,
        68.3750, 68.3594, 68.3594, 68.3594, 68.3594, 68.3594, 68.3594, 68.3594,
        68.3438, 68.3438, 68.3438, 68.3438, 68.3438, 68.3438, 68.3281, 68.3281,
        68.3281, 68.3281, 68.3281, 68.3281, 68.3281, 68.3281, 68.3125, 68.3125,
        68.3125, 68.3125, 68.3125, 68.3125, 68.3125, 68.3125, 68.3125, 68.3125,
        68.3125, 68.2969, 68.2969, 68.2969, 68.2969, 68.2969, 68.2969, 68.2969,
        68.2969, 68.2969, 68.2969, 68.2969, 68.2969, 68.2969, 68.2812, 68.2812,
        68.2812, 68.2812, 68.2812, 68.2812, 68.2812, 68.2812, 68.2812, 68.2656,
        68.2656, 68.2656, 68.2656, 68.2656, 68.2500, 68.2500, 68.2500, 68.2500,
        68.2500, 68.2500, 68.2344, 68.2344, 68.2344, 68.2188, 68.2188, 68.2188,
        68.2031, 68.2031, 68.1875, 68.1562])
