[2024-09-20 15:42:54,628][root][INFO] - self.cfg: 
 lr: 0.0001
c_in: 6
zfar: 'Infinity'
debug: null
n_view: 1
run_id: 3wy8qqex
use_BN: true
exp_name: 2024-01-11-20-02-45
n_epochs: 62
save_dir: /home/bowenw/debug/2024-01-11-20-02-45/
use_mask: false
loss_type: pairwise_valid
optimizer: adam
batch_size: 64
crop_ratio: 1.1
enable_amp: true
use_normal: false
max_num_key: null
warmup_step: -1
input_resize:
- 160
- 160
max_step_val: 1000
vis_interval: 1000
weight_decay: 0
normalize_xyz: true
resume_run_id: null
clip_grad_norm: 'Infinity'
lr_epoch_decay: 500
render_backend: nvdiffrast
train_num_pair: 5
lr_decay_epochs:
- 50
n_epochs_warmup: 1
make_pair_online: false
gradient_max_norm: 'Infinity'
max_step_per_epoch: 10000
n_rendering_workers: 1
save_epoch_interval: 100
n_dataloader_workers: 100
split_objects_across_gpus: true
ckpt_dir: FoundationPose/learning/training/../../weights/2024-01-11-20-02-45/model_best.pth

[2024-09-20 15:42:54,629][root][INFO] - self.h5_file:None
[2024-09-20 15:42:54,847][root][INFO] - Using pretrained model from FoundationPose/learning/training/../../weights/2024-01-11-20-02-45/model_best.pth
[2024-09-20 15:42:54,914][root][INFO] - init done
[2024-09-20 15:42:54,914][root][INFO] - welcome
[2024-09-20 15:42:54,917][root][INFO] - self.cfg: 
 lr: 0.0001
c_in: 6
zfar: .inf
debug: null
w_rot: 0.1
n_view: 1
run_id: null
use_BN: true
rot_rep: axis_angle
ckpt_dir: FoundationPose/learning/training/../../weights/2023-10-28-18-33-37/model_best.pth
exp_name: 2023-10-28-18-33-37
save_dir: /tmp/2023-10-28-18-33-37/
loss_type: l2
optimizer: adam
trans_rep: tracknet
batch_size: 64
crop_ratio: 1.2
use_normal: false
BN_momentum: 0.1
max_num_key: null
warmup_step: -1
input_resize:
- 160
- 160
max_step_val: 1000
normal_uint8: false
vis_interval: 1000
weight_decay: 0
n_max_objects: null
normalize_xyz: true
clip_grad_norm: 'Infinity'
rot_normalizer: 0.3490658503988659
trans_normalizer:
- 0.019999999552965164
- 0.019999999552965164
- 0.05000000074505806
max_step_per_epoch: 25000
val_epoch_interval: 10
n_dataloader_workers: 60
enable_amp: true
use_mask: false

[2024-09-20 15:42:54,917][root][INFO] - self.h5_file:
[2024-09-20 15:42:54,963][root][INFO] - Using pretrained model from FoundationPose/learning/training/../../weights/2023-10-28-18-33-37/model_best.pth
[2024-09-20 15:42:54,983][root][INFO] - init done
[2024-09-20 15:42:57,204][root][INFO] - self.diameter:0.16911805808118208, vox_size:0.008455902904059103
[2024-09-20 15:42:57,218][root][INFO] - self.pts:torch.Size([675, 3])
[2024-09-20 15:42:58,184][root][INFO] - reset done
[2024-09-20 15:42:58,185][root][INFO] - cam_in_obs:(42, 4, 4)
[2024-09-20 15:42:58,195][root][INFO] - rot_grid:(252, 4, 4)
[2024-09-20 15:42:58,196][root][INFO] - after cluster, rot_grid:(252, 4, 4)
[2024-09-20 15:42:58,197][root][INFO] - self.rot_grid: torch.Size([252, 4, 4])
[2024-09-20 15:43:10,099][root][INFO] - Welcome
[2024-09-20 15:43:10,115][root][INFO] - poses:(252, 4, 4)
[2024-09-20 15:43:10,125][root][INFO] - after viewpoint, add_errs min:-1.0
[2024-09-20 15:43:10,199][root][INFO] - ob_in_cams:(252, 4, 4)
[2024-09-20 15:43:10,199][root][INFO] - self.cfg.use_normal:False
[2024-09-20 15:43:10,199][root][INFO] - trans_normalizer:[0.019999999552965164, 0.019999999552965164, 0.05000000074505806], rot_normalizer:0.3490658503988659
[2024-09-20 15:43:10,206][root][INFO] - making cropped data
[2024-09-20 15:43:10,207][root][INFO] - Welcome make_crop_data_batch
[2024-09-20 15:43:10,211][root][INFO] - make tf_to_crops done
[2024-09-20 15:43:10,247][root][INFO] - render done
[2024-09-20 15:43:10,256][root][INFO] - warp done
[2024-09-20 15:43:10,261][root][INFO] - pose batch data done
[2024-09-20 15:43:10,261][root][INFO] - forward start
[2024-09-20 15:43:10,389][root][INFO] - forward done
[2024-09-20 15:43:10,401][root][INFO] - making cropped data
[2024-09-20 15:43:10,401][root][INFO] - Welcome make_crop_data_batch
[2024-09-20 15:43:10,402][root][INFO] - make tf_to_crops done
[2024-09-20 15:43:10,426][root][INFO] - render done
[2024-09-20 15:43:10,430][root][INFO] - warp done
[2024-09-20 15:43:10,433][root][INFO] - pose batch data done
[2024-09-20 15:43:10,433][root][INFO] - forward start
[2024-09-20 15:43:10,435][root][INFO] - forward done
[2024-09-20 15:43:10,435][root][INFO] - making cropped data
[2024-09-20 15:43:10,435][root][INFO] - Welcome make_crop_data_batch
[2024-09-20 15:43:10,546][root][INFO] - make tf_to_crops done
[2024-09-20 15:43:10,570][root][INFO] - render done
[2024-09-20 15:43:10,575][root][INFO] - warp done
[2024-09-20 15:43:10,577][root][INFO] - pose batch data done
[2024-09-20 15:43:10,578][root][INFO] - forward start
[2024-09-20 15:43:10,579][root][INFO] - forward done
[2024-09-20 15:43:10,579][root][INFO] - making cropped data
[2024-09-20 15:43:10,579][root][INFO] - Welcome make_crop_data_batch
[2024-09-20 15:43:10,690][root][INFO] - make tf_to_crops done
[2024-09-20 15:43:10,713][root][INFO] - render done
[2024-09-20 15:43:10,718][root][INFO] - warp done
[2024-09-20 15:43:10,721][root][INFO] - pose batch data done
[2024-09-20 15:43:10,721][root][INFO] - forward start
[2024-09-20 15:43:10,722][root][INFO] - forward done
[2024-09-20 15:43:10,723][root][INFO] - making cropped data
[2024-09-20 15:43:10,723][root][INFO] - Welcome make_crop_data_batch
[2024-09-20 15:43:10,833][root][INFO] - make tf_to_crops done
[2024-09-20 15:43:10,858][root][INFO] - render done
[2024-09-20 15:43:10,861][root][INFO] - warp done
[2024-09-20 15:43:10,864][root][INFO] - pose batch data done
[2024-09-20 15:43:10,864][root][INFO] - forward start
[2024-09-20 15:43:10,866][root][INFO] - forward done
[2024-09-20 15:43:10,992][root][INFO] - ob_in_cams:(252, 4, 4)
[2024-09-20 15:43:10,992][root][INFO] - self.cfg.use_normal:False
[2024-09-20 15:43:10,992][root][INFO] - making cropped data
[2024-09-20 15:43:11,000][root][INFO] - Welcome make_crop_data_batch
[2024-09-20 15:43:11,000][root][INFO] - make tf_to_crops done
[2024-09-20 15:43:11,023][root][INFO] - render done
[2024-09-20 15:43:11,165][root][INFO] - pose batch data done
[2024-09-20 15:43:11,165][root][INFO] - pose_data.rgbAs.shape[0]: 252
[2024-09-20 15:43:11,271][root][INFO] - forward done
[2024-09-20 15:43:11,289][root][INFO] - final, add_errs min:-1.0
[2024-09-20 15:43:11,299][root][INFO] - sort ids:tensor([146,  56, 134,   2,   9,  33,  74, 104, 105, 171, 189, 243, 244,   3,
          8,  32,  75,  98,  99, 111, 170, 188, 225, 147, 181, 187, 224, 112,
        128,  81, 207,  39, 123, 213, 231,  16,  38, 208,  15,  37,  50, 116,
        118, 122, 152,  63, 117,  20, 158, 250, 136,  87,  55, 129, 249,  19,
        201,  46, 153, 121, 200, 106, 150, 219, 236,  49,  68, 232,  10,  40,
         57,   1,  76, 159, 120, 144, 226, 148, 198,  27,  69,  21, 100, 140,
        156,  22,  25,  48,  79, 143, 151, 215, 242,  17,  61,  66,  82,  88,
        135, 164, 175,   7,  18,  45,  52, 133, 166, 174, 194, 209, 211,   4,
         34,  51,  54,  64,  72,  96,  97, 102, 127, 173, 186, 195, 218, 221,
        223,   0,   6,  11,  30,  47,  77,  85,  94, 124, 145, 149, 165, 172,
        176, 193, 199, 222, 230, 238, 241, 245,  13,  35,  43,  65,  93, 101,
        107, 126, 137, 138, 139, 157, 163, 169, 178, 179, 202, 214, 240,  42,
         83,  90, 109, 142, 160, 162, 168, 177, 182, 190, 197, 217, 227, 237,
        239,  12,  26,  31,  36,  41,  73,  78,  91, 103, 119, 125, 130, 155,
        161, 191, 204, 212, 229, 234, 235,   5,  14,  23,  28,  29,  62,  80,
         95, 141, 154, 167, 192, 196, 203, 210, 220, 246, 247, 248,  44,  53,
         58,  60,  67,  86,  92, 108, 114, 131, 132, 216,  71,  84,  89, 110,
        115, 180, 183, 184, 205, 233,  24, 113, 206,  59,  70, 228, 251, 185])
[2024-09-20 15:43:11,302][root][INFO] - sorted scores:tensor([67.1562, 67.0938, 67.0938, 67.0312, 67.0312, 67.0312, 67.0312, 67.0312,
        67.0312, 67.0312, 67.0312, 67.0312, 67.0312, 67.0000, 67.0000, 67.0000,
        67.0000, 67.0000, 67.0000, 67.0000, 67.0000, 67.0000, 67.0000, 66.8750,
        66.8125, 66.1250, 66.0312, 66.0000, 66.0000, 65.9062, 65.9062, 65.8750,
        65.8750, 65.8750, 65.8750, 65.7500, 65.7500, 65.7500, 65.7188, 65.7188,
        65.7188, 65.6875, 65.6875, 65.6875, 65.6875, 65.6250, 65.6250, 65.5625,
        65.5625, 65.5625, 65.5312, 65.4688, 65.4062, 65.3438, 65.3438, 65.3125,
        65.3125, 65.2500, 65.2188, 65.1875, 65.1875, 65.1562, 65.1562, 65.1250,
        65.1250, 65.0938, 65.0938, 65.0938, 65.0625, 65.0625, 65.0625, 65.0312,
        65.0312, 65.0312, 65.0000, 65.0000, 65.0000, 64.9688, 64.9375, 64.9062,
        64.9062, 64.8750, 64.8750, 64.8750, 64.8750, 64.8438, 64.8438, 64.8438,
        64.8438, 64.8438, 64.8438, 64.8438, 64.8438, 64.8125, 64.8125, 64.8125,
        64.8125, 64.8125, 64.8125, 64.8125, 64.8125, 64.7812, 64.7812, 64.7812,
        64.7812, 64.7812, 64.7812, 64.7812, 64.7812, 64.7812, 64.7812, 64.7500,
        64.7500, 64.7500, 64.7500, 64.7500, 64.7500, 64.7500, 64.7500, 64.7500,
        64.7500, 64.7500, 64.7500, 64.7500, 64.7500, 64.7500, 64.7500, 64.7188,
        64.7188, 64.7188, 64.7188, 64.7188, 64.7188, 64.7188, 64.7188, 64.7188,
        64.7188, 64.7188, 64.7188, 64.7188, 64.7188, 64.7188, 64.7188, 64.7188,
        64.7188, 64.7188, 64.7188, 64.7188, 64.6875, 64.6875, 64.6875, 64.6875,
        64.6875, 64.6875, 64.6875, 64.6875, 64.6875, 64.6875, 64.6875, 64.6875,
        64.6875, 64.6875, 64.6875, 64.6875, 64.6875, 64.6875, 64.6875, 64.6562,
        64.6562, 64.6562, 64.6562, 64.6562, 64.6562, 64.6562, 64.6562, 64.6562,
        64.6562, 64.6562, 64.6562, 64.6562, 64.6562, 64.6562, 64.6562, 64.6250,
        64.6250, 64.6250, 64.6250, 64.6250, 64.6250, 64.6250, 64.6250, 64.6250,
        64.6250, 64.6250, 64.6250, 64.6250, 64.6250, 64.6250, 64.6250, 64.6250,
        64.6250, 64.6250, 64.6250, 64.5938, 64.5938, 64.5938, 64.5938, 64.5938,
        64.5938, 64.5938, 64.5938, 64.5938, 64.5938, 64.5938, 64.5938, 64.5938,
        64.5938, 64.5938, 64.5938, 64.5938, 64.5938, 64.5938, 64.5625, 64.5625,
        64.5625, 64.5625, 64.5625, 64.5625, 64.5625, 64.5625, 64.5625, 64.5625,
        64.5625, 64.5625, 64.5312, 64.5312, 64.5312, 64.5312, 64.5312, 64.5312,
        64.5312, 64.5312, 64.5312, 64.5312, 64.5000, 64.5000, 64.5000, 64.4688,
        64.4688, 64.4688, 64.4688, 64.4375])
[2024-09-20 15:43:15,671][websockets.server][INFO] - server listening on 0.0.0.0:8080
[2024-09-20 15:43:18,538][websockets.server][INFO] - connection open
[2024-09-20 15:43:21,680][root][INFO] - Succeeded to open port: /dev/ttyUSB0
[2024-09-20 15:43:21,680][root][INFO] - Succeeded to set baudrate to 3000000
[2024-09-20 15:43:51,711][websockets.server][INFO] - connection open
[2024-09-20 15:43:59,613][root][ERROR] - > write_byte: [Motor ID: 0] [RxPacketError] Hardware error occurred. Check the error at Control Table (Hardware Error Status)!
[2024-09-20 15:43:59,629][root][ERROR] - > write_byte: [Motor ID: 1] [RxPacketError] Hardware error occurred. Check the error at Control Table (Hardware Error Status)!
[2024-09-20 15:43:59,693][root][ERROR] - > write_byte: [Motor ID: 5] [RxPacketError] Hardware error occurred. Check the error at Control Table (Hardware Error Status)!
[2024-09-20 15:43:59,709][root][ERROR] - > write_byte: [Motor ID: 6] [RxPacketError] Hardware error occurred. Check the error at Control Table (Hardware Error Status)!
[2024-09-20 15:43:59,725][root][ERROR] - > write_byte: [Motor ID: 7] [RxPacketError] Hardware error occurred. Check the error at Control Table (Hardware Error Status)!
[2024-09-20 15:43:59,757][root][ERROR] - > write_byte: [Motor ID: 9] [RxPacketError] Hardware error occurred. Check the error at Control Table (Hardware Error Status)!
[2024-09-20 15:43:59,789][root][ERROR] - > write_byte: [Motor ID: 11] [RxPacketError] Hardware error occurred. Check the error at Control Table (Hardware Error Status)!
[2024-09-20 15:43:59,805][root][ERROR] - > write_byte: [Motor ID: 12] [RxPacketError] Hardware error occurred. Check the error at Control Table (Hardware Error Status)!
[2024-09-20 15:43:59,821][root][ERROR] - > write_byte: [Motor ID: 13] [RxPacketError] Hardware error occurred. Check the error at Control Table (Hardware Error Status)!
[2024-09-20 15:43:59,837][root][ERROR] - > write_byte: [Motor ID: 14] [RxPacketError] Hardware error occurred. Check the error at Control Table (Hardware Error Status)!
[2024-09-20 15:43:59,853][root][ERROR] - > write_byte: [Motor ID: 15] [RxPacketError] Hardware error occurred. Check the error at Control Table (Hardware Error Status)!
[2024-09-20 15:43:59,853][root][ERROR] - Could not set torque disabled for IDs: [0, 1, 5, 6, 7, 9, 11, 12, 13, 14, 15]
