[2024-10-25 16:31:54,487][websockets.server][INFO] - server listening on 0.0.0.0:8080
[2024-10-25 16:31:54,694][root][INFO] - self.cfg: 
 lr: 0.0001
c_in: 6
zfar: 'Infinity'
debug: null
n_view: 1
run_id: 3wy8qqex
use_BN: true
exp_name: 2024-01-11-20-02-45
n_epochs: 62
save_dir: /home/bowenw/debug/2024-01-11-20-02-45/
use_mask: false
loss_type: pairwise_valid
optimizer: adam
batch_size: 64
crop_ratio: 1.1
enable_amp: true
use_normal: false
max_num_key: null
warmup_step: -1
input_resize:
- 160
- 160
max_step_val: 1000
vis_interval: 1000
weight_decay: 0
normalize_xyz: true
resume_run_id: null
clip_grad_norm: 'Infinity'
lr_epoch_decay: 500
render_backend: nvdiffrast
train_num_pair: 5
lr_decay_epochs:
- 50
n_epochs_warmup: 1
make_pair_online: false
gradient_max_norm: 'Infinity'
max_step_per_epoch: 10000
n_rendering_workers: 1
save_epoch_interval: 100
n_dataloader_workers: 100
split_objects_across_gpus: true
ckpt_dir: /home/shaol/gjx/rw/third_party/FoundationPose/learning/training/../../weights/2024-01-11-20-02-45/model_best.pth

[2024-10-25 16:31:54,694][root][INFO] - self.h5_file:None
[2024-10-25 16:31:54,854][root][INFO] - Using pretrained model from /home/shaol/gjx/rw/third_party/FoundationPose/learning/training/../../weights/2024-01-11-20-02-45/model_best.pth
[2024-10-25 16:31:54,918][root][INFO] - init done
[2024-10-25 16:31:54,918][root][INFO] - welcome
[2024-10-25 16:31:54,922][root][INFO] - self.cfg: 
 lr: 0.0001
c_in: 6
zfar: .inf
debug: null
w_rot: 0.1
n_view: 1
run_id: null
use_BN: true
rot_rep: axis_angle
ckpt_dir: /home/shaol/gjx/rw/third_party/FoundationPose/learning/training/../../weights/2023-10-28-18-33-37/model_best.pth
exp_name: 2023-10-28-18-33-37
save_dir: /tmp/2023-10-28-18-33-37/
loss_type: l2
optimizer: adam
trans_rep: tracknet
batch_size: 64
crop_ratio: 1.2
use_normal: false
BN_momentum: 0.1
max_num_key: null
warmup_step: -1
input_resize:
- 160
- 160
max_step_val: 1000
normal_uint8: false
vis_interval: 1000
weight_decay: 0
n_max_objects: null
normalize_xyz: true
clip_grad_norm: 'Infinity'
rot_normalizer: 0.3490658503988659
trans_normalizer:
- 0.019999999552965164
- 0.019999999552965164
- 0.05000000074505806
max_step_per_epoch: 25000
val_epoch_interval: 10
n_dataloader_workers: 60
enable_amp: true
use_mask: false

[2024-10-25 16:31:54,922][root][INFO] - self.h5_file:
[2024-10-25 16:31:54,989][root][INFO] - Using pretrained model from /home/shaol/gjx/rw/third_party/FoundationPose/learning/training/../../weights/2023-10-28-18-33-37/model_best.pth
[2024-10-25 16:31:55,006][root][INFO] - init done
[2024-10-25 16:31:55,522][websockets.server][INFO] - connection open
[2024-10-25 16:31:55,723][websockets.server][INFO] - connection open
[2024-10-25 16:31:57,193][root][INFO] - self.diameter:0.21734105851572014, vox_size:0.010867052925786007
[2024-10-25 16:31:57,206][root][INFO] - self.pts:torch.Size([491, 3])
[2024-10-25 16:31:58,278][root][INFO] - reset done
[2024-10-25 16:31:58,279][root][INFO] - cam_in_obs:(42, 4, 4)
[2024-10-25 16:31:58,287][root][INFO] - rot_grid:(252, 4, 4)
[2024-10-25 16:31:58,288][root][INFO] - after cluster, rot_grid:(252, 4, 4)
[2024-10-25 16:31:58,288][root][INFO] - self.rot_grid: torch.Size([252, 4, 4])
[2024-10-25 16:32:08,495][root][INFO] - Welcome
[2024-10-25 16:32:08,510][root][INFO] - poses:(252, 4, 4)
[2024-10-25 16:32:08,520][root][INFO] - after viewpoint, add_errs min:-1.0
[2024-10-25 16:32:08,595][root][INFO] - ob_in_cams:(252, 4, 4)
[2024-10-25 16:32:08,595][root][INFO] - self.cfg.use_normal:False
[2024-10-25 16:32:08,595][root][INFO] - trans_normalizer:[0.019999999552965164, 0.019999999552965164, 0.05000000074505806], rot_normalizer:0.3490658503988659
[2024-10-25 16:32:08,602][root][INFO] - making cropped data
[2024-10-25 16:32:08,602][root][INFO] - Welcome make_crop_data_batch
[2024-10-25 16:32:08,606][root][INFO] - make tf_to_crops done
[2024-10-25 16:32:08,634][root][INFO] - render done
[2024-10-25 16:32:08,639][root][INFO] - warp done
[2024-10-25 16:32:08,644][root][INFO] - pose batch data done
[2024-10-25 16:32:08,644][root][INFO] - forward start
[2024-10-25 16:32:08,773][root][INFO] - forward done
[2024-10-25 16:32:08,784][root][INFO] - making cropped data
[2024-10-25 16:32:08,785][root][INFO] - Welcome make_crop_data_batch
[2024-10-25 16:32:08,785][root][INFO] - make tf_to_crops done
[2024-10-25 16:32:08,806][root][INFO] - render done
[2024-10-25 16:32:08,809][root][INFO] - warp done
[2024-10-25 16:32:08,813][root][INFO] - pose batch data done
[2024-10-25 16:32:08,813][root][INFO] - forward start
[2024-10-25 16:32:08,814][root][INFO] - forward done
[2024-10-25 16:32:08,814][root][INFO] - making cropped data
[2024-10-25 16:32:08,815][root][INFO] - Welcome make_crop_data_batch
[2024-10-25 16:32:08,919][root][INFO] - make tf_to_crops done
[2024-10-25 16:32:08,939][root][INFO] - render done
[2024-10-25 16:32:08,942][root][INFO] - warp done
[2024-10-25 16:32:08,945][root][INFO] - pose batch data done
[2024-10-25 16:32:08,945][root][INFO] - forward start
[2024-10-25 16:32:08,947][root][INFO] - forward done
[2024-10-25 16:32:08,947][root][INFO] - making cropped data
[2024-10-25 16:32:08,947][root][INFO] - Welcome make_crop_data_batch
[2024-10-25 16:32:09,050][root][INFO] - make tf_to_crops done
[2024-10-25 16:32:09,070][root][INFO] - render done
[2024-10-25 16:32:09,073][root][INFO] - warp done
[2024-10-25 16:32:09,076][root][INFO] - pose batch data done
[2024-10-25 16:32:09,076][root][INFO] - forward start
[2024-10-25 16:32:09,077][root][INFO] - forward done
[2024-10-25 16:32:09,078][root][INFO] - making cropped data
[2024-10-25 16:32:09,078][root][INFO] - Welcome make_crop_data_batch
[2024-10-25 16:32:09,180][root][INFO] - make tf_to_crops done
[2024-10-25 16:32:09,201][root][INFO] - render done
[2024-10-25 16:32:09,205][root][INFO] - warp done
[2024-10-25 16:32:09,207][root][INFO] - pose batch data done
[2024-10-25 16:32:09,207][root][INFO] - forward start
[2024-10-25 16:32:09,209][root][INFO] - forward done
[2024-10-25 16:32:09,327][root][INFO] - ob_in_cams:(252, 4, 4)
[2024-10-25 16:32:09,327][root][INFO] - self.cfg.use_normal:False
[2024-10-25 16:32:09,327][root][INFO] - making cropped data
[2024-10-25 16:32:09,335][root][INFO] - Welcome make_crop_data_batch
[2024-10-25 16:32:09,335][root][INFO] - make tf_to_crops done
[2024-10-25 16:32:09,355][root][INFO] - render done
[2024-10-25 16:32:09,488][root][INFO] - pose batch data done
[2024-10-25 16:32:09,488][root][INFO] - pose_data.rgbAs.shape[0]: 252
[2024-10-25 16:32:09,587][root][INFO] - forward done
[2024-10-25 16:32:09,605][root][INFO] - final, add_errs min:-1.0
[2024-10-25 16:32:09,614][root][INFO] - sort ids:tensor([207,  15,  64,  63, 123, 202, 214,  99, 117, 130, 220, 221,  39, 244,
        213,  88, 201, 250, 181, 225, 226,  55, 138, 249,  69, 118, 174, 231,
        232,  16,  54,  84, 116, 131,  47, 143, 180, 187, 188,  29,  32,  38,
         90, 111, 238,  24,  70,  95,  42, 110,  18, 103, 137, 162, 208,   4,
         33, 243,  17,  89, 122, 168,  91, 150, 158, 192, 151, 239,  19,  49,
        175,   3, 121,  48, 145, 193,  98, 132, 144, 163,  20, 169, 133, 157,
        104,   6,  97, 223, 246, 152,   0,  45, 165, 247,  66, 161, 198,   7,
         30,  36,  67, 114, 160, 205, 217, 222, 240,   2, 108, 135, 136, 141,
        211, 229, 235, 241,  96, 113, 195,   1,  11,  26, 100, 101, 140, 148,
        171, 196, 210, 218,  35,  41, 107, 127, 128, 178, 134, 191, 236,  27,
         61, 204,  10,  44, 190, 155, 183, 184,   9,  51, 166, 172,  52,  60,
        124, 129, 147, 154, 173, 199,  85, 153,   5, 228,  57,  58, 177, 106,
        125,  22,  28,  86,  13, 200,  12,  93, 102, 119,   8, 230,  92, 115,
         23,  21,  75,  94, 233,  82,  14,  77,  78,  79, 203,  72, 120,  74,
         76,  83,  80,  73, 170, 216,  87,  81, 224, 149, 185, 219, 209, 164,
        176, 242, 206, 179,  59, 126,  37,  56,  68,  53,  65, 146, 194, 227,
        212, 105, 245,  71, 248, 251, 186,  50,  62, 197,  31, 142, 156,  34,
        109,  46,  25,  40, 167,  43, 112, 159, 234, 139, 215, 237, 182, 189])
[2024-10-25 16:32:09,618][root][INFO] - sorted scores:tensor([82.6875, 82.6719, 82.6562, 82.6406, 82.6250, 82.5781, 82.5469, 82.5312,
        82.4844, 82.4844, 82.4844, 82.4375, 82.4219, 82.4219, 82.4062, 82.3906,
        82.3906, 82.3906, 82.3750, 82.3750, 82.3750, 82.3594, 82.3594, 82.3594,
        82.3438, 82.3438, 82.3438, 82.3438, 82.3438, 82.3281, 82.3281, 82.3281,
        82.3125, 82.3125, 82.2969, 82.2969, 82.2969, 82.2969, 82.2969, 82.2812,
        82.2812, 82.2812, 82.2812, 82.2812, 82.2812, 82.2656, 82.2656, 82.2656,
        82.2500, 82.2500, 82.2188, 82.2188, 82.2188, 82.2188, 82.2188, 82.2031,
        82.2031, 82.2031, 82.1875, 82.1875, 82.1875, 82.1719, 82.1406, 82.1406,
        82.1406, 82.1406, 82.1250, 82.1250, 82.1094, 82.1094, 82.1094, 82.0938,
        82.0938, 82.0781, 82.0625, 82.0625, 82.0312, 82.0312, 82.0312, 82.0312,
        82.0156, 82.0000, 81.9844, 81.9844, 81.9688, 81.9375, 81.9219, 81.9219,
        81.9219, 81.9062, 81.8906, 81.8906, 81.8906, 81.8906, 81.8750, 81.8750,
        81.8750, 81.8594, 81.8594, 81.8594, 81.8594, 81.8594, 81.8594, 81.8594,
        81.8594, 81.8594, 81.8594, 81.8438, 81.8438, 81.8438, 81.8438, 81.8438,
        81.8438, 81.8438, 81.8438, 81.8438, 81.8281, 81.8281, 81.8281, 81.8125,
        81.8125, 81.8125, 81.8125, 81.8125, 81.8125, 81.8125, 81.8125, 81.8125,
        81.8125, 81.8125, 81.7969, 81.7969, 81.7969, 81.7969, 81.7969, 81.7969,
        81.7812, 81.7812, 81.7812, 81.7656, 81.7656, 81.7656, 81.7500, 81.7500,
        81.7500, 81.7344, 81.7188, 81.7188, 81.6875, 81.6875, 81.6875, 81.6875,
        81.6719, 81.6719, 81.6719, 81.6719, 81.6719, 81.6719, 81.6719, 81.6719,
        81.6562, 81.6250, 81.6094, 81.6094, 81.5938, 81.5938, 81.5938, 81.5781,
        81.5625, 81.5469, 81.5156, 81.5156, 81.5000, 81.4688, 81.4375, 81.4375,
        81.4375, 81.4219, 81.4062, 81.4062, 81.3906, 81.3594, 81.3438, 81.3125,
        81.3125, 81.3125, 81.2969, 81.2812, 81.2656, 81.2500, 81.2500, 81.2031,
        81.2031, 81.1875, 81.1875, 81.1719, 81.1719, 81.1719, 81.1562, 81.1406,
        81.1250, 81.0781, 81.0625, 80.9531, 80.8750, 80.6875, 80.6875, 80.6406,
        80.5781, 80.5469, 80.5000, 80.4844, 80.4688, 80.4531, 80.4375, 80.4375,
        80.4062, 80.4062, 80.4062, 80.3906, 80.3906, 80.3906, 80.3906, 80.3906,
        80.3750, 80.3594, 80.3594, 80.3438, 80.3438, 80.3438, 80.3281, 80.3125,
        80.2969, 80.2969, 80.2656, 80.2031, 80.2031, 80.1875, 80.1719, 80.1562,
        80.1406, 80.1406, 80.1406, 80.1250, 80.1250, 80.1250, 80.1250, 80.1094,
        80.1094, 80.1094, 80.0938, 80.0938])
