[2024-09-19 20:15:44,486][root][INFO] - self.cfg: 
 lr: 0.0001
c_in: 6
zfar: 'Infinity'
debug: null
n_view: 1
run_id: 3wy8qqex
use_BN: true
exp_name: 2024-01-11-20-02-45
n_epochs: 62
save_dir: /home/bowenw/debug/2024-01-11-20-02-45/
use_mask: false
loss_type: pairwise_valid
optimizer: adam
batch_size: 64
crop_ratio: 1.1
enable_amp: true
use_normal: false
max_num_key: null
warmup_step: -1
input_resize:
- 160
- 160
max_step_val: 1000
vis_interval: 1000
weight_decay: 0
normalize_xyz: true
resume_run_id: null
clip_grad_norm: 'Infinity'
lr_epoch_decay: 500
render_backend: nvdiffrast
train_num_pair: 5
lr_decay_epochs:
- 50
n_epochs_warmup: 1
make_pair_online: false
gradient_max_norm: 'Infinity'
max_step_per_epoch: 10000
n_rendering_workers: 1
save_epoch_interval: 100
n_dataloader_workers: 100
split_objects_across_gpus: true
ckpt_dir: FoundationPose/learning/training/../../weights/2024-01-11-20-02-45/model_best.pth

[2024-09-19 20:15:44,486][root][INFO] - self.h5_file:None
[2024-09-19 20:15:44,653][root][INFO] - Using pretrained model from FoundationPose/learning/training/../../weights/2024-01-11-20-02-45/model_best.pth
[2024-09-19 20:15:44,714][root][INFO] - init done
[2024-09-19 20:15:44,715][root][INFO] - welcome
[2024-09-19 20:15:44,718][root][INFO] - self.cfg: 
 lr: 0.0001
c_in: 6
zfar: .inf
debug: null
w_rot: 0.1
n_view: 1
run_id: null
use_BN: true
rot_rep: axis_angle
ckpt_dir: FoundationPose/learning/training/../../weights/2023-10-28-18-33-37/model_best.pth
exp_name: 2023-10-28-18-33-37
save_dir: /tmp/2023-10-28-18-33-37/
loss_type: l2
optimizer: adam
trans_rep: tracknet
batch_size: 64
crop_ratio: 1.2
use_normal: false
BN_momentum: 0.1
max_num_key: null
warmup_step: -1
input_resize:
- 160
- 160
max_step_val: 1000
normal_uint8: false
vis_interval: 1000
weight_decay: 0
n_max_objects: null
normalize_xyz: true
clip_grad_norm: 'Infinity'
rot_normalizer: 0.3490658503988659
trans_normalizer:
- 0.019999999552965164
- 0.019999999552965164
- 0.05000000074505806
max_step_per_epoch: 25000
val_epoch_interval: 10
n_dataloader_workers: 60
enable_amp: true
use_mask: false

[2024-09-19 20:15:44,718][root][INFO] - self.h5_file:
[2024-09-19 20:15:44,769][root][INFO] - Using pretrained model from FoundationPose/learning/training/../../weights/2023-10-28-18-33-37/model_best.pth
[2024-09-19 20:15:44,791][root][INFO] - init done
[2024-09-19 20:15:46,995][root][INFO] - self.diameter:0.1548224583430964, vox_size:0.00774112291715482
[2024-09-19 20:15:47,008][root][INFO] - self.pts:torch.Size([788, 3])
[2024-09-19 20:15:48,024][root][INFO] - reset done
[2024-09-19 20:15:48,024][root][INFO] - cam_in_obs:(42, 4, 4)
[2024-09-19 20:15:48,028][root][INFO] - rot_grid:(252, 4, 4)
[2024-09-19 20:15:48,029][root][INFO] - after cluster, rot_grid:(252, 4, 4)
[2024-09-19 20:15:48,030][root][INFO] - self.rot_grid: torch.Size([252, 4, 4])
[2024-09-19 20:15:57,963][root][INFO] - Welcome
[2024-09-19 20:15:57,982][root][INFO] - poses:(252, 4, 4)
[2024-09-19 20:15:57,991][root][INFO] - after viewpoint, add_errs min:-1.0
[2024-09-19 20:15:58,023][root][INFO] - ob_in_cams:(252, 4, 4)
[2024-09-19 20:15:58,023][root][INFO] - self.cfg.use_normal:False
[2024-09-19 20:15:58,023][root][INFO] - trans_normalizer:[0.019999999552965164, 0.019999999552965164, 0.05000000074505806], rot_normalizer:0.3490658503988659
[2024-09-19 20:15:58,040][root][INFO] - making cropped data
[2024-09-19 20:15:58,040][root][INFO] - Welcome make_crop_data_batch
[2024-09-19 20:15:58,044][root][INFO] - make tf_to_crops done
[2024-09-19 20:15:58,077][root][INFO] - render done
[2024-09-19 20:15:58,083][root][INFO] - warp done
[2024-09-19 20:15:58,088][root][INFO] - pose batch data done
[2024-09-19 20:15:58,088][root][INFO] - forward start
[2024-09-19 20:15:58,208][root][INFO] - forward done
[2024-09-19 20:15:58,220][root][INFO] - making cropped data
[2024-09-19 20:15:58,220][root][INFO] - Welcome make_crop_data_batch
[2024-09-19 20:15:58,221][root][INFO] - make tf_to_crops done
[2024-09-19 20:15:58,244][root][INFO] - render done
[2024-09-19 20:15:58,248][root][INFO] - warp done
[2024-09-19 20:15:58,251][root][INFO] - pose batch data done
[2024-09-19 20:15:58,251][root][INFO] - forward start
[2024-09-19 20:15:58,253][root][INFO] - forward done
[2024-09-19 20:15:58,253][root][INFO] - making cropped data
[2024-09-19 20:15:58,253][root][INFO] - Welcome make_crop_data_batch
[2024-09-19 20:15:58,357][root][INFO] - make tf_to_crops done
[2024-09-19 20:15:58,379][root][INFO] - render done
[2024-09-19 20:15:58,383][root][INFO] - warp done
[2024-09-19 20:15:58,385][root][INFO] - pose batch data done
[2024-09-19 20:15:58,385][root][INFO] - forward start
[2024-09-19 20:15:58,387][root][INFO] - forward done
[2024-09-19 20:15:58,387][root][INFO] - making cropped data
[2024-09-19 20:15:58,387][root][INFO] - Welcome make_crop_data_batch
[2024-09-19 20:15:58,490][root][INFO] - make tf_to_crops done
[2024-09-19 20:15:58,512][root][INFO] - render done
[2024-09-19 20:15:58,516][root][INFO] - warp done
[2024-09-19 20:15:58,519][root][INFO] - pose batch data done
[2024-09-19 20:15:58,519][root][INFO] - forward start
[2024-09-19 20:15:58,520][root][INFO] - forward done
[2024-09-19 20:15:58,520][root][INFO] - making cropped data
[2024-09-19 20:15:58,520][root][INFO] - Welcome make_crop_data_batch
[2024-09-19 20:15:58,623][root][INFO] - make tf_to_crops done
[2024-09-19 20:15:58,645][root][INFO] - render done
[2024-09-19 20:15:58,649][root][INFO] - warp done
[2024-09-19 20:15:58,651][root][INFO] - pose batch data done
[2024-09-19 20:15:58,652][root][INFO] - forward start
[2024-09-19 20:15:58,653][root][INFO] - forward done
[2024-09-19 20:15:58,771][root][INFO] - ob_in_cams:(252, 4, 4)
[2024-09-19 20:15:58,771][root][INFO] - self.cfg.use_normal:False
[2024-09-19 20:15:58,771][root][INFO] - making cropped data
[2024-09-19 20:15:58,779][root][INFO] - Welcome make_crop_data_batch
[2024-09-19 20:15:58,780][root][INFO] - make tf_to_crops done
[2024-09-19 20:15:58,800][root][INFO] - render done
[2024-09-19 20:15:58,932][root][INFO] - pose batch data done
[2024-09-19 20:15:58,932][root][INFO] - pose_data.rgbAs.shape[0]: 252
[2024-09-19 20:15:59,031][root][INFO] - forward done
[2024-09-19 20:15:59,049][root][INFO] - final, add_errs min:-1.0
[2024-09-19 20:15:59,058][root][INFO] - sort ids:tensor([  6,   0,  42,  72,  96, 102, 126, 132, 163, 198, 221,  33,  99, 244,
          9,  75, 105, 171,   3, 188, 225, 135, 243, 144, 162,  21,  27, 103,
        169,  12,  18,  36,  78,  81,  87,  93, 114, 133,   7,  15,  73, 117,
        120, 137, 145, 146,   8,  10,  74, 123, 134, 170, 226,  85,  91,  98,
        104, 119, 127, 164, 185, 203, 214,   5,  14,  16,  17,  23,  24,  39,
         80,  88,  89,  95, 115, 116, 121,   4,  13,  20,  22,  34,  44,  79,
         82,  83,  86,  92,  94, 118, 122, 151, 160, 179, 205, 227, 232, 239,
         35,  90, 101, 124, 125, 176, 178, 206, 229, 230,  19,  37,  76,  84,
        155, 245, 130, 131,  38, 129, 172,  62,  77, 108,  68, 148, 166, 187,
        220,  50, 100, 106, 138, 190, 199, 248, 251,   1,  52,  55,  71, 193,
         53, 154, 212, 218, 247,  11,  45,  56,  58, 141, 250,   2,  59,  63,
         97, 136, 194, 197,  30,  31,  46,  47, 157, 196,  28,  29,  49,  61,
        152, 161, 184, 211, 223, 236, 241,  65,  67, 111, 149, 175, 191, 201,
        202, 208, 224, 233,  32,  43, 107, 209, 217,  64, 158, 181,  70, 128,
        213, 249, 231,  57,  60,  69, 143, 177, 180, 207, 222, 238,  54, 142,
        192, 210,  48, 109, 174, 186, 216, 237,  26,  41, 150, 156, 168, 200,
        219, 204, 173,  66, 183, 195, 246, 139, 140, 153, 167, 215, 228, 110,
        113, 182, 235, 242,  25, 112, 147,  40,  51, 159, 165, 189, 234, 240])
[2024-09-19 20:15:59,062][root][INFO] - sorted scores:tensor([66.3438, 66.3125, 66.3125, 66.3125, 66.3125, 66.3125, 66.3125, 66.3125,
        66.3125, 66.3125, 66.3125, 65.9688, 65.9688, 65.9688, 65.9375, 65.9375,
        65.9375, 65.9375, 65.9062, 65.9062, 65.9062, 65.8750, 65.8438, 65.7500,
        65.6875, 65.5625, 65.5625, 65.5625, 65.5625, 65.5312, 65.5312, 65.5312,
        65.5312, 65.5312, 65.5312, 65.5312, 65.5312, 65.5312, 65.5000, 65.5000,
        65.5000, 65.5000, 65.5000, 65.5000, 65.5000, 65.5000, 65.4688, 65.4688,
        65.4688, 65.4688, 65.4688, 65.4688, 65.4688, 65.4375, 65.4375, 65.4375,
        65.4375, 65.4375, 65.4375, 65.4375, 65.4375, 65.4375, 65.4375, 65.4062,
        65.4062, 65.4062, 65.4062, 65.4062, 65.4062, 65.4062, 65.4062, 65.4062,
        65.4062, 65.4062, 65.4062, 65.4062, 65.4062, 65.3750, 65.3750, 65.3750,
        65.3750, 65.3750, 65.3750, 65.3750, 65.3750, 65.3750, 65.3750, 65.3750,
        65.3750, 65.3750, 65.3750, 65.3750, 65.3750, 65.3750, 65.3750, 65.3750,
        65.3750, 65.3750, 65.3438, 65.3438, 65.3438, 65.3438, 65.3438, 65.3438,
        65.3438, 65.3438, 65.3438, 65.3438, 65.3125, 65.3125, 65.3125, 65.3125,
        65.3125, 65.3125, 65.2812, 65.2812, 65.2500, 65.2500, 65.2500, 65.2188,
        65.2188, 65.2188, 65.1875, 65.1875, 65.1875, 65.1875, 65.1875, 65.1562,
        65.1562, 65.1562, 65.1562, 65.1562, 65.1562, 65.1562, 65.1562, 65.1250,
        65.1250, 65.1250, 65.1250, 65.1250, 65.0938, 65.0938, 65.0938, 65.0938,
        65.0938, 65.0625, 65.0625, 65.0625, 65.0625, 65.0625, 65.0625, 65.0312,
        65.0312, 65.0312, 65.0312, 65.0312, 65.0312, 65.0312, 65.0000, 65.0000,
        65.0000, 65.0000, 65.0000, 65.0000, 64.9688, 64.9688, 64.9688, 64.9688,
        64.9688, 64.9688, 64.9688, 64.9688, 64.9688, 64.9688, 64.9688, 64.9375,
        64.9375, 64.9375, 64.9375, 64.9375, 64.9375, 64.9375, 64.9375, 64.9375,
        64.9375, 64.9375, 64.9062, 64.9062, 64.9062, 64.9062, 64.9062, 64.8750,
        64.8750, 64.8750, 64.8438, 64.8125, 64.8125, 64.8125, 64.7500, 64.6875,
        64.6562, 64.6562, 64.6562, 64.6562, 64.6562, 64.6562, 64.6562, 64.6562,
        64.6250, 64.6250, 64.6250, 64.6250, 64.5938, 64.5938, 64.5938, 64.5938,
        64.5938, 64.5938, 64.5625, 64.5625, 64.5625, 64.5625, 64.5625, 64.5625,
        64.5625, 64.5312, 64.5000, 64.4688, 64.4688, 64.4688, 64.4688, 64.4375,
        64.4375, 64.4375, 64.4375, 64.4375, 64.4375, 64.4062, 64.4062, 64.4062,
        64.4062, 64.4062, 64.3750, 64.3750, 64.3750, 64.3438, 64.3438, 64.3438,
        64.3438, 64.3438, 64.3438, 64.3438])
[2024-09-19 20:16:04,833][websockets.server][INFO] - server listening on 0.0.0.0:8080
[2024-09-19 20:16:07,323][websockets.server][INFO] - connection open
[2024-09-19 20:16:12,000][root][INFO] - Succeeded to open port: /dev/ttyUSB0
[2024-09-19 20:16:12,001][root][INFO] - Succeeded to set baudrate to 3000000
