[2024-09-20 13:07:21,250][root][INFO] - self.cfg: 
 lr: 0.0001
c_in: 6
zfar: 'Infinity'
debug: null
n_view: 1
run_id: 3wy8qqex
use_BN: true
exp_name: 2024-01-11-20-02-45
n_epochs: 62
save_dir: /home/bowenw/debug/2024-01-11-20-02-45/
use_mask: false
loss_type: pairwise_valid
optimizer: adam
batch_size: 64
crop_ratio: 1.1
enable_amp: true
use_normal: false
max_num_key: null
warmup_step: -1
input_resize:
- 160
- 160
max_step_val: 1000
vis_interval: 1000
weight_decay: 0
normalize_xyz: true
resume_run_id: null
clip_grad_norm: 'Infinity'
lr_epoch_decay: 500
render_backend: nvdiffrast
train_num_pair: 5
lr_decay_epochs:
- 50
n_epochs_warmup: 1
make_pair_online: false
gradient_max_norm: 'Infinity'
max_step_per_epoch: 10000
n_rendering_workers: 1
save_epoch_interval: 100
n_dataloader_workers: 100
split_objects_across_gpus: true
ckpt_dir: FoundationPose/learning/training/../../weights/2024-01-11-20-02-45/model_best.pth

[2024-09-20 13:07:21,250][root][INFO] - self.h5_file:None
[2024-09-20 13:07:21,417][root][INFO] - Using pretrained model from FoundationPose/learning/training/../../weights/2024-01-11-20-02-45/model_best.pth
[2024-09-20 13:07:21,478][root][INFO] - init done
[2024-09-20 13:07:21,478][root][INFO] - welcome
[2024-09-20 13:07:21,482][root][INFO] - self.cfg: 
 lr: 0.0001
c_in: 6
zfar: .inf
debug: null
w_rot: 0.1
n_view: 1
run_id: null
use_BN: true
rot_rep: axis_angle
ckpt_dir: FoundationPose/learning/training/../../weights/2023-10-28-18-33-37/model_best.pth
exp_name: 2023-10-28-18-33-37
save_dir: /tmp/2023-10-28-18-33-37/
loss_type: l2
optimizer: adam
trans_rep: tracknet
batch_size: 64
crop_ratio: 1.2
use_normal: false
BN_momentum: 0.1
max_num_key: null
warmup_step: -1
input_resize:
- 160
- 160
max_step_val: 1000
normal_uint8: false
vis_interval: 1000
weight_decay: 0
n_max_objects: null
normalize_xyz: true
clip_grad_norm: 'Infinity'
rot_normalizer: 0.3490658503988659
trans_normalizer:
- 0.019999999552965164
- 0.019999999552965164
- 0.05000000074505806
max_step_per_epoch: 25000
val_epoch_interval: 10
n_dataloader_workers: 60
enable_amp: true
use_mask: false

[2024-09-20 13:07:21,482][root][INFO] - self.h5_file:
[2024-09-20 13:07:21,528][root][INFO] - Using pretrained model from FoundationPose/learning/training/../../weights/2023-10-28-18-33-37/model_best.pth
[2024-09-20 13:07:21,547][root][INFO] - init done
[2024-09-20 13:07:23,718][root][INFO] - self.diameter:0.2324774443430137, vox_size:0.011623872217150685
[2024-09-20 13:07:23,732][root][INFO] - self.pts:torch.Size([385, 3])
[2024-09-20 13:07:24,543][root][INFO] - reset done
[2024-09-20 13:07:24,543][root][INFO] - cam_in_obs:(42, 4, 4)
[2024-09-20 13:07:24,545][root][INFO] - rot_grid:(252, 4, 4)
[2024-09-20 13:07:24,546][root][INFO] - after cluster, rot_grid:(252, 4, 4)
[2024-09-20 13:07:24,546][root][INFO] - self.rot_grid: torch.Size([252, 4, 4])
[2024-09-20 13:07:32,924][root][INFO] - Welcome
[2024-09-20 13:07:32,938][root][INFO] - poses:(252, 4, 4)
[2024-09-20 13:07:32,947][root][INFO] - after viewpoint, add_errs min:-1.0
[2024-09-20 13:07:32,977][root][INFO] - ob_in_cams:(252, 4, 4)
[2024-09-20 13:07:32,977][root][INFO] - self.cfg.use_normal:False
[2024-09-20 13:07:32,978][root][INFO] - trans_normalizer:[0.019999999552965164, 0.019999999552965164, 0.05000000074505806], rot_normalizer:0.3490658503988659
[2024-09-20 13:07:32,998][root][INFO] - making cropped data
[2024-09-20 13:07:32,999][root][INFO] - Welcome make_crop_data_batch
[2024-09-20 13:07:33,003][root][INFO] - make tf_to_crops done
[2024-09-20 13:07:33,033][root][INFO] - render done
[2024-09-20 13:07:33,039][root][INFO] - warp done
[2024-09-20 13:07:33,044][root][INFO] - pose batch data done
[2024-09-20 13:07:33,044][root][INFO] - forward start
[2024-09-20 13:07:33,160][root][INFO] - forward done
[2024-09-20 13:07:33,170][root][INFO] - making cropped data
[2024-09-20 13:07:33,170][root][INFO] - Welcome make_crop_data_batch
[2024-09-20 13:07:33,171][root][INFO] - make tf_to_crops done
[2024-09-20 13:07:33,187][root][INFO] - render done
[2024-09-20 13:07:33,191][root][INFO] - warp done
[2024-09-20 13:07:33,194][root][INFO] - pose batch data done
[2024-09-20 13:07:33,194][root][INFO] - forward start
[2024-09-20 13:07:33,195][root][INFO] - forward done
[2024-09-20 13:07:33,196][root][INFO] - making cropped data
[2024-09-20 13:07:33,196][root][INFO] - Welcome make_crop_data_batch
[2024-09-20 13:07:33,293][root][INFO] - make tf_to_crops done
[2024-09-20 13:07:33,310][root][INFO] - render done
[2024-09-20 13:07:33,313][root][INFO] - warp done
[2024-09-20 13:07:33,316][root][INFO] - pose batch data done
[2024-09-20 13:07:33,316][root][INFO] - forward start
[2024-09-20 13:07:33,317][root][INFO] - forward done
[2024-09-20 13:07:33,317][root][INFO] - making cropped data
[2024-09-20 13:07:33,318][root][INFO] - Welcome make_crop_data_batch
[2024-09-20 13:07:33,414][root][INFO] - make tf_to_crops done
[2024-09-20 13:07:33,432][root][INFO] - render done
[2024-09-20 13:07:33,435][root][INFO] - warp done
[2024-09-20 13:07:33,438][root][INFO] - pose batch data done
[2024-09-20 13:07:33,438][root][INFO] - forward start
[2024-09-20 13:07:33,439][root][INFO] - forward done
[2024-09-20 13:07:33,440][root][INFO] - making cropped data
[2024-09-20 13:07:33,440][root][INFO] - Welcome make_crop_data_batch
[2024-09-20 13:07:33,537][root][INFO] - make tf_to_crops done
[2024-09-20 13:07:33,554][root][INFO] - render done
[2024-09-20 13:07:33,557][root][INFO] - warp done
[2024-09-20 13:07:33,560][root][INFO] - pose batch data done
[2024-09-20 13:07:33,560][root][INFO] - forward start
[2024-09-20 13:07:33,562][root][INFO] - forward done
[2024-09-20 13:07:33,675][root][INFO] - ob_in_cams:(252, 4, 4)
[2024-09-20 13:07:33,675][root][INFO] - self.cfg.use_normal:False
[2024-09-20 13:07:33,675][root][INFO] - making cropped data
[2024-09-20 13:07:33,683][root][INFO] - Welcome make_crop_data_batch
[2024-09-20 13:07:33,684][root][INFO] - make tf_to_crops done
[2024-09-20 13:07:33,699][root][INFO] - render done
[2024-09-20 13:07:33,826][root][INFO] - pose batch data done
[2024-09-20 13:07:33,827][root][INFO] - pose_data.rgbAs.shape[0]: 252
[2024-09-20 13:07:33,922][root][INFO] - forward done
[2024-09-20 13:07:33,940][root][INFO] - final, add_errs min:-1.0
[2024-09-20 13:07:33,950][root][INFO] - sort ids:tensor([  0,  11,  72, 221,  42, 126, 132,   5,  47,  77, 137, 101, 131, 202,
        203, 227, 100, 245,   4,  76,  71, 198, 226, 130,  10, 106,  34,   6,
        220,  64,  65, 244,  70, 250, 133,  56, 188,  43, 136, 164, 170, 104,
        134, 146,   7,   8,  32,  50,  73,  74, 145, 169, 194, 127, 187,  55,
         62, 116, 138,  14,  68,  86, 206, 212, 216, 229, 230, 235, 236,  13,
         26,  27,  37,  67,  80,  93, 115, 121, 193, 205, 248,  23,  87, 163,
         15,  79, 114, 125, 231,   2, 161,  83, 129, 207,  92, 155,   9,  18,
         49,  75,  99, 102,  33,  35,  94, 105, 171, 189,   3,  59,  95, 251,
        185, 179,  41,  96,  61, 196,  19,  81, 111, 120, 139,  57,  60,  85,
         89, 109, 119, 154, 243,  53,  88,  12,  22,  78, 160,  21,  52,  58,
         82, 156, 178, 247,  16,  20, 141,  29, 204,  28,  36,  38, 124, 197,
        211,  84, 103, 150, 184, 237,  17, 108, 228,  45,  90, 177,   1,  63,
        122, 147, 112,  91,  97,  98, 135, 142, 224,  51, 153, 240, 128, 180,
         69, 117, 118,  25, 225,  48, 249, 123, 222,  40, 208, 151,  31, 175,
        234, 241, 182, 158, 176, 209, 144, 152, 246, 215, 232, 233, 192, 200,
        239, 223, 168, 181,  30, 159, 214, 107, 173,  24,  54, 201, 218,  46,
        172, 213, 219, 242,  39, 148, 149, 157, 186, 199,  66, 166, 167, 191,
        165, 210, 174, 195, 140, 110,  44, 162, 190, 143, 183, 217, 238, 113])
[2024-09-20 13:07:33,953][root][INFO] - sorted scores:tensor([82.6094, 82.5938, 82.5938, 82.5938, 82.5781, 82.5781, 82.5781, 82.5625,
        82.5625, 82.5625, 82.5625, 82.5469, 82.5469, 82.5469, 82.5469, 82.5469,
        82.5312, 82.5312, 82.5156, 82.5156, 82.5000, 82.5000, 82.5000, 82.4688,
        82.4531, 82.4219, 82.4062, 82.3906, 82.2656, 82.2344, 82.2188, 82.1250,
        81.9844, 81.9844, 81.9531, 81.9219, 81.9219, 81.9062, 81.9062, 81.9062,
        81.9062, 81.8906, 81.8906, 81.8906, 81.8750, 81.8750, 81.8750, 81.8750,
        81.8750, 81.8750, 81.8750, 81.8750, 81.8750, 81.8594, 81.8594, 81.8438,
        81.7969, 81.7969, 81.7969, 81.7812, 81.7812, 81.7812, 81.7812, 81.7812,
        81.7812, 81.7812, 81.7812, 81.7812, 81.7812, 81.7656, 81.7656, 81.7656,
        81.7656, 81.7656, 81.7656, 81.7656, 81.7656, 81.7656, 81.7656, 81.7656,
        81.7656, 81.7500, 81.7500, 81.7500, 81.7344, 81.7344, 81.7031, 81.7031,
        81.7031, 81.6719, 81.6719, 81.6562, 81.6406, 81.6406, 81.6250, 81.6250,
        81.6094, 81.6094, 81.6094, 81.6094, 81.6094, 81.6094, 81.5938, 81.5938,
        81.5938, 81.5938, 81.5938, 81.5938, 81.5781, 81.5781, 81.5781, 81.5781,
        81.5625, 81.5469, 81.5312, 81.5312, 81.5156, 81.5156, 81.5000, 81.5000,
        81.5000, 81.5000, 81.5000, 81.4844, 81.4844, 81.4844, 81.4844, 81.4844,
        81.4844, 81.4844, 81.4844, 81.4688, 81.4688, 81.4531, 81.4531, 81.4531,
        81.4531, 81.4375, 81.4375, 81.4375, 81.4375, 81.4375, 81.4375, 81.4375,
        81.4219, 81.4219, 81.4219, 81.4062, 81.4062, 81.3906, 81.3906, 81.3906,
        81.3906, 81.3906, 81.3906, 81.3750, 81.3750, 81.3750, 81.3750, 81.3750,
        81.3594, 81.3594, 81.3594, 81.3438, 81.3438, 81.3438, 81.3281, 81.3281,
        81.3281, 81.3281, 81.3125, 81.2969, 81.2969, 81.2969, 81.2969, 81.2969,
        81.2969, 81.2812, 81.2812, 81.2812, 81.2656, 81.2656, 81.2500, 81.2500,
        81.2500, 81.2344, 81.2344, 81.2188, 81.2031, 81.1875, 81.1719, 81.1562,
        81.1562, 81.1406, 81.1250, 81.1250, 81.1094, 81.1094, 81.0938, 81.0781,
        81.0781, 81.0781, 81.0625, 81.0625, 81.0625, 81.0469, 81.0469, 81.0469,
        81.0312, 81.0312, 81.0312, 81.0156, 80.9844, 80.9844, 80.9688, 80.9688,
        80.9688, 80.9531, 80.9531, 80.9375, 80.9375, 80.9375, 80.9375, 80.9219,
        80.9219, 80.9219, 80.9219, 80.9219, 80.9062, 80.9062, 80.9062, 80.9062,
        80.9062, 80.9062, 80.8906, 80.8906, 80.8906, 80.8906, 80.8594, 80.8594,
        80.8438, 80.8281, 80.8125, 80.7500, 80.7344, 80.7344, 80.7188, 80.7031,
        80.6719, 80.6094, 80.5625, 80.5469])
[2024-09-20 13:07:45,245][websockets.server][INFO] - server listening on 0.0.0.0:8080
[2024-09-20 13:07:48,229][websockets.server][INFO] - connection open
[2024-09-20 13:07:50,246][root][INFO] - Succeeded to open port: /dev/ttyUSB0
[2024-09-20 13:07:50,247][root][INFO] - Succeeded to set baudrate to 3000000
[2024-09-20 13:07:51,159][websockets.server][INFO] - connection open
