[2024-10-11 10:43:00,806][websockets.server][INFO] - server listening on 0.0.0.0:8080
[2024-10-11 10:43:01,039][root][INFO] - self.cfg: 
 lr: 0.0001
c_in: 6
zfar: 'Infinity'
debug: null
n_view: 1
run_id: 3wy8qqex
use_BN: true
exp_name: 2024-01-11-20-02-45
n_epochs: 62
save_dir: /home/bowenw/debug/2024-01-11-20-02-45/
use_mask: false
loss_type: pairwise_valid
optimizer: adam
batch_size: 64
crop_ratio: 1.1
enable_amp: true
use_normal: false
max_num_key: null
warmup_step: -1
input_resize:
- 160
- 160
max_step_val: 1000
vis_interval: 1000
weight_decay: 0
normalize_xyz: true
resume_run_id: null
clip_grad_norm: 'Infinity'
lr_epoch_decay: 500
render_backend: nvdiffrast
train_num_pair: 5
lr_decay_epochs:
- 50
n_epochs_warmup: 1
make_pair_online: false
gradient_max_norm: 'Infinity'
max_step_per_epoch: 10000
n_rendering_workers: 1
save_epoch_interval: 100
n_dataloader_workers: 100
split_objects_across_gpus: true
ckpt_dir: FoundationPose/learning/training/../../weights/2024-01-11-20-02-45/model_best.pth

[2024-10-11 10:43:01,039][root][INFO] - self.h5_file:None
[2024-10-11 10:43:01,222][root][INFO] - Using pretrained model from FoundationPose/learning/training/../../weights/2024-01-11-20-02-45/model_best.pth
[2024-10-11 10:43:01,282][root][INFO] - init done
[2024-10-11 10:43:01,282][root][INFO] - welcome
[2024-10-11 10:43:01,286][root][INFO] - self.cfg: 
 lr: 0.0001
c_in: 6
zfar: .inf
debug: null
w_rot: 0.1
n_view: 1
run_id: null
use_BN: true
rot_rep: axis_angle
ckpt_dir: FoundationPose/learning/training/../../weights/2023-10-28-18-33-37/model_best.pth
exp_name: 2023-10-28-18-33-37
save_dir: /tmp/2023-10-28-18-33-37/
loss_type: l2
optimizer: adam
trans_rep: tracknet
batch_size: 64
crop_ratio: 1.2
use_normal: false
BN_momentum: 0.1
max_num_key: null
warmup_step: -1
input_resize:
- 160
- 160
max_step_val: 1000
normal_uint8: false
vis_interval: 1000
weight_decay: 0
n_max_objects: null
normalize_xyz: true
clip_grad_norm: 'Infinity'
rot_normalizer: 0.3490658503988659
trans_normalizer:
- 0.019999999552965164
- 0.019999999552965164
- 0.05000000074505806
max_step_per_epoch: 25000
val_epoch_interval: 10
n_dataloader_workers: 60
enable_amp: true
use_mask: false

[2024-10-11 10:43:01,286][root][INFO] - self.h5_file:
[2024-10-11 10:43:01,287][websockets.server][INFO] - connection open
[2024-10-11 10:43:01,349][root][INFO] - Using pretrained model from FoundationPose/learning/training/../../weights/2023-10-28-18-33-37/model_best.pth
[2024-10-11 10:43:01,367][root][INFO] - init done
[2024-10-11 10:43:03,581][root][INFO] - self.diameter:0.21486734592367746, vox_size:0.010743367296183873
[2024-10-11 10:43:03,596][root][INFO] - self.pts:torch.Size([510, 3])
[2024-10-11 10:43:04,491][root][INFO] - reset done
[2024-10-11 10:43:04,491][root][INFO] - cam_in_obs:(42, 4, 4)
[2024-10-11 10:43:04,504][root][INFO] - rot_grid:(252, 4, 4)
[2024-10-11 10:43:04,505][root][INFO] - after cluster, rot_grid:(252, 4, 4)
[2024-10-11 10:43:04,505][root][INFO] - self.rot_grid: torch.Size([252, 4, 4])
[2024-10-11 10:43:13,018][root][INFO] - Welcome
[2024-10-11 10:43:13,034][root][INFO] - poses:(252, 4, 4)
[2024-10-11 10:43:13,045][root][INFO] - after viewpoint, add_errs min:-1.0
[2024-10-11 10:43:13,105][root][INFO] - ob_in_cams:(252, 4, 4)
[2024-10-11 10:43:13,116][root][INFO] - self.cfg.use_normal:False
[2024-10-11 10:43:13,116][root][INFO] - trans_normalizer:[0.019999999552965164, 0.019999999552965164, 0.05000000074505806], rot_normalizer:0.3490658503988659
[2024-10-11 10:43:13,119][root][INFO] - making cropped data
[2024-10-11 10:43:13,119][root][INFO] - Welcome make_crop_data_batch
[2024-10-11 10:43:13,122][root][INFO] - make tf_to_crops done
[2024-10-11 10:43:13,151][root][INFO] - render done
[2024-10-11 10:43:13,156][root][INFO] - warp done
[2024-10-11 10:43:13,162][root][INFO] - pose batch data done
[2024-10-11 10:43:13,162][root][INFO] - forward start
[2024-10-11 10:43:13,280][root][INFO] - forward done
[2024-10-11 10:43:13,291][root][INFO] - making cropped data
[2024-10-11 10:43:13,291][root][INFO] - Welcome make_crop_data_batch
[2024-10-11 10:43:13,292][root][INFO] - make tf_to_crops done
[2024-10-11 10:43:13,312][root][INFO] - render done
[2024-10-11 10:43:13,316][root][INFO] - warp done
[2024-10-11 10:43:13,318][root][INFO] - pose batch data done
[2024-10-11 10:43:13,318][root][INFO] - forward start
[2024-10-11 10:43:13,319][root][INFO] - forward done
[2024-10-11 10:43:13,320][root][INFO] - making cropped data
[2024-10-11 10:43:13,320][root][INFO] - Welcome make_crop_data_batch
[2024-10-11 10:43:13,421][root][INFO] - make tf_to_crops done
[2024-10-11 10:43:13,442][root][INFO] - render done
[2024-10-11 10:43:13,446][root][INFO] - warp done
[2024-10-11 10:43:13,449][root][INFO] - pose batch data done
[2024-10-11 10:43:13,449][root][INFO] - forward start
[2024-10-11 10:43:13,450][root][INFO] - forward done
[2024-10-11 10:43:13,450][root][INFO] - making cropped data
[2024-10-11 10:43:13,450][root][INFO] - Welcome make_crop_data_batch
[2024-10-11 10:43:13,551][root][INFO] - make tf_to_crops done
[2024-10-11 10:43:13,572][root][INFO] - render done
[2024-10-11 10:43:13,576][root][INFO] - warp done
[2024-10-11 10:43:13,579][root][INFO] - pose batch data done
[2024-10-11 10:43:13,579][root][INFO] - forward start
[2024-10-11 10:43:13,580][root][INFO] - forward done
[2024-10-11 10:43:13,581][root][INFO] - making cropped data
[2024-10-11 10:43:13,581][root][INFO] - Welcome make_crop_data_batch
[2024-10-11 10:43:13,681][root][INFO] - make tf_to_crops done
[2024-10-11 10:43:13,702][root][INFO] - render done
[2024-10-11 10:43:13,705][root][INFO] - warp done
[2024-10-11 10:43:13,708][root][INFO] - pose batch data done
[2024-10-11 10:43:13,708][root][INFO] - forward start
[2024-10-11 10:43:13,709][root][INFO] - forward done
[2024-10-11 10:43:13,825][root][INFO] - ob_in_cams:(252, 4, 4)
[2024-10-11 10:43:13,825][root][INFO] - self.cfg.use_normal:False
[2024-10-11 10:43:13,825][root][INFO] - making cropped data
[2024-10-11 10:43:13,834][root][INFO] - Welcome make_crop_data_batch
[2024-10-11 10:43:13,835][root][INFO] - make tf_to_crops done
[2024-10-11 10:43:13,854][root][INFO] - render done
[2024-10-11 10:43:13,984][root][INFO] - pose batch data done
[2024-10-11 10:43:13,984][root][INFO] - pose_data.rgbAs.shape[0]: 252
[2024-10-11 10:43:14,081][root][INFO] - forward done
[2024-10-11 10:43:14,098][root][INFO] - final, add_errs min:-1.0
[2024-10-11 10:43:14,108][root][INFO] - sort ids:tensor([  6,  42,  73, 127, 131, 132, 162,   0,   5,   7,  47, 126, 133, 163,
        221,  72, 103, 144, 203,  43, 102,   1, 145, 216,  97,  96, 168, 198,
        169, 137, 138, 116, 220,  64,  20,  14,  85, 229,  80, 119,  18, 179,
        154,   4,  23, 130,  22,  94,  87, 155,  13, 120, 125,  21,  41,  92,
        121,  26, 160, 196,  36,  77, 124, 161,  52, 205,  12,  53,  78,  86,
        100, 250,  31, 114,  91, 211, 166, 202,  81, 201, 210, 244,  32, 115,
        165,  63,  70,  83, 235, 243, 183,  79,  51, 204, 249, 141,  59, 105,
         99, 225, 140, 197,  27, 242, 143, 226,   3,  69, 104,  98,  19,  33,
         74,  57, 177, 184,  49, 185, 195,  93,  58, 123,  75, 227, 146, 187,
        213, 238,   8, 134, 186, 178, 153, 251, 108, 170, 176,  65,  28,  71,
        109, 222, 209,  60, 122, 156, 158, 193, 164, 147, 192, 212, 215,  67,
        152,  37,  56, 247, 188, 232,   9, 149, 111, 207, 142,  62, 214, 236,
        239, 241, 230, 208,  68, 245, 248,  38, 171, 219, 110, 233, 139, 159,
        228,  24,  54, 206, 237, 107, 135,  25,  34, 190, 194, 223, 246, 240,
         29,  46, 148, 189,  10,  61,  82, 231, 234, 173, 191, 199,  50,  76,
         88, 113, 157, 200, 224,  30,  55, 101, 106, 112, 181,  11,  35, 172,
        180,  44,  48,  90, 167, 174,  66,  89,  95, 128, 136, 151,  16, 217,
          2, 218,  45, 129,  15,  17,  39, 175, 182, 118, 150, 117,  40,  84])
[2024-10-11 10:43:14,112][root][INFO] - sorted scores:tensor([87.3750, 87.3750, 87.3750, 87.3750, 87.3750, 87.3750, 87.3750, 87.3672,
        87.3672, 87.3672, 87.3672, 87.3672, 87.3672, 87.3672, 87.3672, 87.3594,
        87.3594, 87.3594, 87.3594, 87.3516, 87.3516, 87.3438, 87.3438, 87.3438,
        87.3359, 87.3203, 87.2812, 87.2812, 87.2578, 87.2031, 87.1406, 87.1016,
        87.0938, 87.0781, 87.0703, 86.9922, 86.9766, 86.9766, 86.9688, 86.9688,
        86.9453, 86.9453, 86.9297, 86.9219, 86.9219, 86.9141, 86.9062, 86.8984,
        86.8906, 86.8906, 86.8828, 86.8828, 86.8828, 86.8750, 86.8672, 86.8594,
        86.8594, 86.8359, 86.8359, 86.8359, 86.8281, 86.8281, 86.8281, 86.8281,
        86.8203, 86.8203, 86.8125, 86.8125, 86.8125, 86.8125, 86.8125, 86.8125,
        86.7734, 86.7734, 86.7656, 86.7656, 86.7578, 86.7500, 86.7422, 86.7422,
        86.7422, 86.7422, 86.7344, 86.7109, 86.7031, 86.6953, 86.6719, 86.6641,
        86.6641, 86.6562, 86.6328, 86.6250, 86.6172, 86.6172, 86.6172, 86.6094,
        86.5938, 86.5938, 86.5859, 86.5781, 86.5703, 86.5703, 86.5547, 86.5547,
        86.5469, 86.5391, 86.5234, 86.5234, 86.5156, 86.5078, 86.4922, 86.4766,
        86.4688, 86.4375, 86.4219, 86.4141, 86.3750, 86.3750, 86.3750, 86.3672,
        86.3594, 86.3594, 86.3516, 86.3359, 86.3281, 86.3281, 86.3203, 86.3047,
        86.2734, 86.2734, 86.2734, 86.2656, 86.2578, 86.2031, 86.1719, 86.1719,
        86.1719, 86.1562, 86.1406, 86.1406, 86.1328, 86.1328, 86.1172, 86.1094,
        86.1094, 86.1094, 86.1094, 86.1094, 86.0938, 86.0859, 86.0781, 86.0625,
        86.0625, 86.0547, 86.0469, 86.0312, 86.0312, 86.0234, 86.0078, 86.0078,
        85.9922, 85.9922, 85.9844, 85.9766, 85.9688, 85.9609, 85.9609, 85.9609,
        85.9609, 85.9609, 85.9531, 85.9453, 85.9375, 85.9375, 85.9297, 85.9219,
        85.9219, 85.9219, 85.9062, 85.9062, 85.8984, 85.8984, 85.8984, 85.8906,
        85.8906, 85.8906, 85.8906, 85.8828, 85.8828, 85.8750, 85.8750, 85.8672,
        85.8672, 85.8672, 85.8672, 85.8516, 85.8438, 85.8438, 85.8438, 85.8438,
        85.8359, 85.8359, 85.8359, 85.8359, 85.8359, 85.8281, 85.8281, 85.8281,
        85.8203, 85.8203, 85.8203, 85.8203, 85.8203, 85.8203, 85.8203, 85.8125,
        85.8125, 85.8125, 85.8125, 85.8125, 85.8125, 85.8047, 85.8047, 85.8047,
        85.8047, 85.7969, 85.7969, 85.7969, 85.7969, 85.7969, 85.7891, 85.7891,
        85.7891, 85.7891, 85.7891, 85.7891, 85.7812, 85.7812, 85.7734, 85.7734,
        85.7656, 85.7656, 85.7578, 85.7578, 85.7578, 85.7578, 85.7578, 85.7500,
        85.7500, 85.7422, 85.7344, 85.7344])
