[2024-09-21 00:34:30,586][root][INFO] - self.cfg: 
 lr: 0.0001
c_in: 6
zfar: 'Infinity'
debug: null
n_view: 1
run_id: 3wy8qqex
use_BN: true
exp_name: 2024-01-11-20-02-45
n_epochs: 62
save_dir: /home/bowenw/debug/2024-01-11-20-02-45/
use_mask: false
loss_type: pairwise_valid
optimizer: adam
batch_size: 64
crop_ratio: 1.1
enable_amp: true
use_normal: false
max_num_key: null
warmup_step: -1
input_resize:
- 160
- 160
max_step_val: 1000
vis_interval: 1000
weight_decay: 0
normalize_xyz: true
resume_run_id: null
clip_grad_norm: 'Infinity'
lr_epoch_decay: 500
render_backend: nvdiffrast
train_num_pair: 5
lr_decay_epochs:
- 50
n_epochs_warmup: 1
make_pair_online: false
gradient_max_norm: 'Infinity'
max_step_per_epoch: 10000
n_rendering_workers: 1
save_epoch_interval: 100
n_dataloader_workers: 100
split_objects_across_gpus: true
ckpt_dir: FoundationPose/learning/training/../../weights/2024-01-11-20-02-45/model_best.pth

[2024-09-21 00:34:30,586][root][INFO] - self.h5_file:None
[2024-09-21 00:34:30,752][root][INFO] - Using pretrained model from FoundationPose/learning/training/../../weights/2024-01-11-20-02-45/model_best.pth
[2024-09-21 00:34:30,813][root][INFO] - init done
[2024-09-21 00:34:30,813][root][INFO] - welcome
[2024-09-21 00:34:30,816][root][INFO] - self.cfg: 
 lr: 0.0001
c_in: 6
zfar: .inf
debug: null
w_rot: 0.1
n_view: 1
run_id: null
use_BN: true
rot_rep: axis_angle
ckpt_dir: FoundationPose/learning/training/../../weights/2023-10-28-18-33-37/model_best.pth
exp_name: 2023-10-28-18-33-37
save_dir: /tmp/2023-10-28-18-33-37/
loss_type: l2
optimizer: adam
trans_rep: tracknet
batch_size: 64
crop_ratio: 1.2
use_normal: false
BN_momentum: 0.1
max_num_key: null
warmup_step: -1
input_resize:
- 160
- 160
max_step_val: 1000
normal_uint8: false
vis_interval: 1000
weight_decay: 0
n_max_objects: null
normalize_xyz: true
clip_grad_norm: 'Infinity'
rot_normalizer: 0.3490658503988659
trans_normalizer:
- 0.019999999552965164
- 0.019999999552965164
- 0.05000000074505806
max_step_per_epoch: 25000
val_epoch_interval: 10
n_dataloader_workers: 60
enable_amp: true
use_mask: false

[2024-09-21 00:34:30,816][root][INFO] - self.h5_file:
[2024-09-21 00:34:30,860][root][INFO] - Using pretrained model from FoundationPose/learning/training/../../weights/2023-10-28-18-33-37/model_best.pth
[2024-09-21 00:34:30,878][root][INFO] - init done
[2024-09-21 00:34:33,114][root][INFO] - self.diameter:0.16911805808118208, vox_size:0.008455902904059103
[2024-09-21 00:34:33,130][root][INFO] - self.pts:torch.Size([675, 3])
[2024-09-21 00:34:34,119][root][INFO] - reset done
[2024-09-21 00:34:34,120][root][INFO] - cam_in_obs:(42, 4, 4)
[2024-09-21 00:34:34,131][root][INFO] - rot_grid:(252, 4, 4)
[2024-09-21 00:34:34,133][root][INFO] - after cluster, rot_grid:(252, 4, 4)
[2024-09-21 00:34:34,134][root][INFO] - self.rot_grid: torch.Size([252, 4, 4])
[2024-09-21 00:34:44,450][root][INFO] - Welcome
[2024-09-21 00:34:44,464][root][INFO] - poses:(252, 4, 4)
[2024-09-21 00:34:44,476][root][INFO] - after viewpoint, add_errs min:-1.0
[2024-09-21 00:34:44,514][root][INFO] - ob_in_cams:(252, 4, 4)
[2024-09-21 00:34:44,514][root][INFO] - self.cfg.use_normal:False
[2024-09-21 00:34:44,515][root][INFO] - trans_normalizer:[0.019999999552965164, 0.019999999552965164, 0.05000000074505806], rot_normalizer:0.3490658503988659
[2024-09-21 00:34:44,552][root][INFO] - making cropped data
[2024-09-21 00:34:44,552][root][INFO] - Welcome make_crop_data_batch
[2024-09-21 00:34:44,556][root][INFO] - make tf_to_crops done
[2024-09-21 00:34:44,590][root][INFO] - render done
[2024-09-21 00:34:44,595][root][INFO] - warp done
[2024-09-21 00:34:44,600][root][INFO] - pose batch data done
[2024-09-21 00:34:44,600][root][INFO] - forward start
[2024-09-21 00:34:44,716][root][INFO] - forward done
[2024-09-21 00:34:44,728][root][INFO] - making cropped data
[2024-09-21 00:34:44,728][root][INFO] - Welcome make_crop_data_batch
[2024-09-21 00:34:44,728][root][INFO] - make tf_to_crops done
[2024-09-21 00:34:44,750][root][INFO] - render done
[2024-09-21 00:34:44,754][root][INFO] - warp done
[2024-09-21 00:34:44,757][root][INFO] - pose batch data done
[2024-09-21 00:34:44,757][root][INFO] - forward start
[2024-09-21 00:34:44,758][root][INFO] - forward done
[2024-09-21 00:34:44,759][root][INFO] - making cropped data
[2024-09-21 00:34:44,759][root][INFO] - Welcome make_crop_data_batch
[2024-09-21 00:34:44,855][root][INFO] - make tf_to_crops done
[2024-09-21 00:34:44,876][root][INFO] - render done
[2024-09-21 00:34:44,879][root][INFO] - warp done
[2024-09-21 00:34:44,882][root][INFO] - pose batch data done
[2024-09-21 00:34:44,882][root][INFO] - forward start
[2024-09-21 00:34:44,883][root][INFO] - forward done
[2024-09-21 00:34:44,884][root][INFO] - making cropped data
[2024-09-21 00:34:44,884][root][INFO] - Welcome make_crop_data_batch
[2024-09-21 00:34:44,980][root][INFO] - make tf_to_crops done
[2024-09-21 00:34:45,003][root][INFO] - render done
[2024-09-21 00:34:45,006][root][INFO] - warp done
[2024-09-21 00:34:45,009][root][INFO] - pose batch data done
[2024-09-21 00:34:45,009][root][INFO] - forward start
[2024-09-21 00:34:45,010][root][INFO] - forward done
[2024-09-21 00:34:45,010][root][INFO] - making cropped data
[2024-09-21 00:34:45,010][root][INFO] - Welcome make_crop_data_batch
[2024-09-21 00:34:45,107][root][INFO] - make tf_to_crops done
[2024-09-21 00:34:45,128][root][INFO] - render done
[2024-09-21 00:34:45,132][root][INFO] - warp done
[2024-09-21 00:34:45,135][root][INFO] - pose batch data done
[2024-09-21 00:34:45,135][root][INFO] - forward start
[2024-09-21 00:34:45,136][root][INFO] - forward done
[2024-09-21 00:34:45,248][root][INFO] - ob_in_cams:(252, 4, 4)
[2024-09-21 00:34:45,248][root][INFO] - self.cfg.use_normal:False
[2024-09-21 00:34:45,248][root][INFO] - making cropped data
[2024-09-21 00:34:45,256][root][INFO] - Welcome make_crop_data_batch
[2024-09-21 00:34:45,257][root][INFO] - make tf_to_crops done
[2024-09-21 00:34:45,277][root][INFO] - render done
[2024-09-21 00:34:45,402][root][INFO] - pose batch data done
[2024-09-21 00:34:45,402][root][INFO] - pose_data.rgbAs.shape[0]: 252
[2024-09-21 00:34:45,496][root][INFO] - forward done
[2024-09-21 00:34:45,514][root][INFO] - final, add_errs min:-1.0
[2024-09-21 00:34:45,524][root][INFO] - sort ids:tensor([ 73,   1,   2,   7,   8,  31,  32,  33,  74,  97,  98,  99, 103, 104,
        133, 134, 146, 170, 188, 128, 243,  56, 224, 225,   3, 194, 223, 187,
        242, 213, 152, 207, 109,  34, 117, 238,  19, 157, 112,  92,  63, 189,
         37, 219, 127, 101,  38, 115, 164, 212,  95,   5,  82, 116, 121,  43,
         91, 142, 151, 249,  29,  79, 231,  89, 234, 106,  69,  39,  85,  88,
        169, 186, 232,  44, 137, 158, 198, 171, 120, 245,  83, 217,  54,  22,
         46,  10,  16,  75, 110, 122, 165,  25, 136, 179,  14,  18,  94, 168,
         13,  17, 102, 209,   0, 150, 199, 206, 222,  40,  50,  72, 111, 156,
        229, 118, 138, 185, 215,  48,  96, 149, 214,  23,  28,  57,  68, 235,
         59, 237,  77, 135, 167, 201, 246,  65, 107, 113, 131, 190,   6,  15,
         66, 155, 183, 192, 193, 220, 241, 248,  11,  51,  78,  87,  93, 105,
        226, 244,   9,  26,  49, 139, 153, 174, 195,  35,  45,  67,  70,  80,
        114, 126, 130, 147, 166, 173, 178, 182, 191, 208, 216, 240,  30,  47,
         61,  84, 141, 143, 172, 205, 211, 218, 247, 250,   4,  21,  81, 125,
        161, 202, 227,  36,  41,  60, 100, 132, 145, 148, 176, 200, 228, 239,
         24,  55,  58,  64,  76,  90, 119, 159, 180, 181, 203, 221,  27,  52,
        124, 140, 144, 154, 160, 177, 196,  12,  20,  86, 108, 162, 163, 204,
        210, 236,  42,  62, 175, 184, 197, 230, 233,  53,  71, 129, 123, 251])
[2024-09-21 00:34:45,527][root][INFO] - sorted scores:tensor([73.4062, 73.3906, 73.3906, 73.3906, 73.3906, 73.3906, 73.3906, 73.3906,
        73.3906, 73.3906, 73.3906, 73.3906, 73.3906, 73.3906, 73.3906, 73.3906,
        73.3906, 73.3906, 73.3906, 73.3750, 73.3750, 73.3594, 73.3281, 73.3125,
        73.2344, 73.1875, 73.1719, 73.1562, 73.0781, 73.0625, 72.9844, 72.9062,
        72.8438, 72.7969, 72.7656, 72.7344, 72.7031, 72.7031, 72.6875, 72.6719,
        72.6562, 72.6406, 72.6250, 72.6250, 72.6094, 72.5938, 72.5625, 72.5625,
        72.5625, 72.5625, 72.5312, 72.5000, 72.5000, 72.4844, 72.4844, 72.4531,
        72.4375, 72.4375, 72.4375, 72.4062, 72.3906, 72.3750, 72.3750, 72.3281,
        72.3281, 72.3125, 72.2969, 72.2812, 72.2656, 72.2656, 72.2500, 72.2500,
        72.2500, 72.2344, 72.1719, 72.1562, 72.1562, 72.1406, 72.0938, 72.0938,
        72.0781, 72.0781, 72.0625, 72.0469, 72.0469, 72.0312, 72.0312, 72.0312,
        72.0312, 72.0312, 72.0312, 72.0156, 72.0000, 71.9844, 71.9688, 71.9531,
        71.9531, 71.9531, 71.9375, 71.9375, 71.9375, 71.9375, 71.9219, 71.9219,
        71.9219, 71.9219, 71.9219, 71.9062, 71.9062, 71.9062, 71.9062, 71.9062,
        71.9062, 71.8906, 71.8906, 71.8906, 71.8906, 71.8750, 71.8750, 71.8750,
        71.8750, 71.8594, 71.8594, 71.8594, 71.8594, 71.8594, 71.8438, 71.8438,
        71.8281, 71.8281, 71.8281, 71.8281, 71.8281, 71.8125, 71.8125, 71.8125,
        71.8125, 71.8125, 71.7969, 71.7969, 71.7812, 71.7812, 71.7812, 71.7812,
        71.7812, 71.7812, 71.7812, 71.7812, 71.7656, 71.7656, 71.7656, 71.7656,
        71.7656, 71.7656, 71.7656, 71.7656, 71.7500, 71.7500, 71.7500, 71.7500,
        71.7500, 71.7500, 71.7500, 71.7344, 71.7344, 71.7344, 71.7344, 71.7344,
        71.7344, 71.7344, 71.7344, 71.7344, 71.7344, 71.7344, 71.7344, 71.7344,
        71.7344, 71.7344, 71.7344, 71.7344, 71.7188, 71.7188, 71.7188, 71.7188,
        71.7188, 71.7188, 71.7188, 71.7188, 71.7188, 71.7188, 71.7188, 71.7188,
        71.7031, 71.7031, 71.7031, 71.7031, 71.7031, 71.7031, 71.7031, 71.6875,
        71.6875, 71.6875, 71.6875, 71.6875, 71.6875, 71.6875, 71.6875, 71.6875,
        71.6875, 71.6875, 71.6719, 71.6719, 71.6719, 71.6719, 71.6719, 71.6719,
        71.6719, 71.6719, 71.6719, 71.6719, 71.6719, 71.6719, 71.6562, 71.6562,
        71.6562, 71.6562, 71.6562, 71.6562, 71.6562, 71.6562, 71.6562, 71.6406,
        71.6406, 71.6406, 71.6406, 71.6406, 71.6406, 71.6406, 71.6406, 71.6406,
        71.6250, 71.6250, 71.6250, 71.6250, 71.6250, 71.6250, 71.6250, 71.6094,
        71.6094, 71.6094, 71.5938, 71.5938])
[2024-09-21 00:34:49,457][websockets.server][INFO] - server listening on 0.0.0.0:8080
[2024-09-21 00:34:49,792][websockets.server][INFO] - connection open
[2024-09-21 00:34:52,151][root][INFO] - Succeeded to open port: /dev/ttyUSB0
[2024-09-21 00:34:52,152][root][INFO] - Succeeded to set baudrate to 3000000
[2024-09-21 00:34:52,187][root][ERROR] - > read: [TxRxResult] There is no status packet!
[2024-09-21 00:34:52,223][root][ERROR] - > read: [TxRxResult] There is no status packet!
[2024-09-21 00:34:52,263][root][ERROR] - > write_byte: [Motor ID: 0] [TxRxResult] There is no status packet!
[2024-09-21 00:34:52,298][root][ERROR] - > write_byte: [Motor ID: 1] [TxRxResult] There is no status packet!
[2024-09-21 00:34:52,332][root][ERROR] - > write_byte: [Motor ID: 2] [TxRxResult] There is no status packet!
[2024-09-21 00:34:52,367][root][ERROR] - > write_byte: [Motor ID: 3] [TxRxResult] There is no status packet!
[2024-09-21 00:34:52,401][root][ERROR] - > write_byte: [Motor ID: 4] [TxRxResult] There is no status packet!
[2024-09-21 00:34:52,435][root][ERROR] - > write_byte: [Motor ID: 5] [TxRxResult] There is no status packet!
[2024-09-21 00:34:52,469][root][ERROR] - > write_byte: [Motor ID: 6] [TxRxResult] There is no status packet!
[2024-09-21 00:34:52,504][root][ERROR] - > write_byte: [Motor ID: 7] [TxRxResult] There is no status packet!
[2024-09-21 00:34:52,538][root][ERROR] - > write_byte: [Motor ID: 8] [TxRxResult] There is no status packet!
[2024-09-21 00:34:52,572][root][ERROR] - > write_byte: [Motor ID: 9] [TxRxResult] There is no status packet!
[2024-09-21 00:34:52,606][root][ERROR] - > write_byte: [Motor ID: 10] [TxRxResult] There is no status packet!
[2024-09-21 00:34:52,640][root][ERROR] - > write_byte: [Motor ID: 11] [TxRxResult] There is no status packet!
[2024-09-21 00:34:52,675][root][ERROR] - > write_byte: [Motor ID: 12] [TxRxResult] There is no status packet!
[2024-09-21 00:34:52,709][root][ERROR] - > write_byte: [Motor ID: 13] [TxRxResult] There is no status packet!
[2024-09-21 00:34:52,743][root][ERROR] - > write_byte: [Motor ID: 14] [TxRxResult] There is no status packet!
[2024-09-21 00:34:52,777][root][ERROR] - > write_byte: [Motor ID: 15] [TxRxResult] There is no status packet!
[2024-09-21 00:34:52,777][root][ERROR] - Could not set torque enabled for IDs: [0, 1, 2, 3, 4, 5, 6, 7, 8, 9, 10, 11, 12, 13, 14, 15]
[2024-09-21 00:34:53,062][root][ERROR] - > write_byte: [Motor ID: 0] [TxRxResult] There is no status packet!
[2024-09-21 00:34:53,096][root][ERROR] - > write_byte: [Motor ID: 1] [TxRxResult] There is no status packet!
[2024-09-21 00:34:53,130][root][ERROR] - > write_byte: [Motor ID: 2] [TxRxResult] There is no status packet!
[2024-09-21 00:34:53,164][root][ERROR] - > write_byte: [Motor ID: 3] [TxRxResult] There is no status packet!
[2024-09-21 00:34:53,198][root][ERROR] - > write_byte: [Motor ID: 4] [TxRxResult] There is no status packet!
[2024-09-21 00:34:53,232][root][ERROR] - > write_byte: [Motor ID: 5] [TxRxResult] There is no status packet!
[2024-09-21 00:34:53,267][root][ERROR] - > write_byte: [Motor ID: 6] [TxRxResult] There is no status packet!
[2024-09-21 00:34:53,301][root][ERROR] - > write_byte: [Motor ID: 7] [TxRxResult] There is no status packet!
[2024-09-21 00:34:53,335][root][ERROR] - > write_byte: [Motor ID: 8] [TxRxResult] There is no status packet!
[2024-09-21 00:34:53,369][root][ERROR] - > write_byte: [Motor ID: 9] [TxRxResult] There is no status packet!
[2024-09-21 00:34:53,403][root][ERROR] - > write_byte: [Motor ID: 10] [TxRxResult] There is no status packet!
[2024-09-21 00:34:53,437][root][ERROR] - > write_byte: [Motor ID: 11] [TxRxResult] There is no status packet!
[2024-09-21 00:34:53,471][root][ERROR] - > write_byte: [Motor ID: 12] [TxRxResult] There is no status packet!
[2024-09-21 00:34:53,506][root][ERROR] - > write_byte: [Motor ID: 13] [TxRxResult] There is no status packet!
[2024-09-21 00:34:53,540][root][ERROR] - > write_byte: [Motor ID: 14] [TxRxResult] There is no status packet!
[2024-09-21 00:34:53,574][root][ERROR] - > write_byte: [Motor ID: 15] [TxRxResult] There is no status packet!
[2024-09-21 00:34:53,574][root][ERROR] - Could not set torque enabled for IDs: [0, 1, 2, 3, 4, 5, 6, 7, 8, 9, 10, 11, 12, 13, 14, 15]
[2024-09-21 00:34:53,859][root][ERROR] - > write_byte: [Motor ID: 0] [TxRxResult] There is no status packet!
[2024-09-21 00:34:53,893][root][ERROR] - > write_byte: [Motor ID: 1] [TxRxResult] There is no status packet!
[2024-09-21 00:34:53,927][root][ERROR] - > write_byte: [Motor ID: 2] [TxRxResult] There is no status packet!
[2024-09-21 00:34:53,962][root][ERROR] - > write_byte: [Motor ID: 3] [TxRxResult] There is no status packet!
[2024-09-21 00:34:53,996][root][ERROR] - > write_byte: [Motor ID: 4] [TxRxResult] There is no status packet!
[2024-09-21 00:34:54,030][root][ERROR] - > write_byte: [Motor ID: 5] [TxRxResult] There is no status packet!
[2024-09-21 00:34:54,064][root][ERROR] - > write_byte: [Motor ID: 6] [TxRxResult] There is no status packet!
[2024-09-21 00:34:54,098][root][ERROR] - > write_byte: [Motor ID: 7] [TxRxResult] There is no status packet!
[2024-09-21 00:34:54,133][root][ERROR] - > write_byte: [Motor ID: 8] [TxRxResult] There is no status packet!
[2024-09-21 00:34:54,167][root][ERROR] - > write_byte: [Motor ID: 9] [TxRxResult] There is no status packet!
[2024-09-21 00:34:54,201][root][ERROR] - > write_byte: [Motor ID: 10] [TxRxResult] There is no status packet!
[2024-09-21 00:34:54,235][root][ERROR] - > write_byte: [Motor ID: 11] [TxRxResult] There is no status packet!
[2024-09-21 00:34:54,269][root][ERROR] - > write_byte: [Motor ID: 12] [TxRxResult] There is no status packet!
[2024-09-21 00:34:54,303][root][ERROR] - > write_byte: [Motor ID: 13] [TxRxResult] There is no status packet!
[2024-09-21 00:34:54,337][root][ERROR] - > write_byte: [Motor ID: 14] [TxRxResult] There is no status packet!
[2024-09-21 00:34:54,372][root][ERROR] - > write_byte: [Motor ID: 15] [TxRxResult] There is no status packet!
[2024-09-21 00:34:54,372][root][ERROR] - Could not set torque enabled for IDs: [0, 1, 2, 3, 4, 5, 6, 7, 8, 9, 10, 11, 12, 13, 14, 15]
[2024-09-21 00:34:54,656][root][ERROR] - > write_byte: [Motor ID: 0] [TxRxResult] There is no status packet!
[2024-09-21 00:34:54,690][root][ERROR] - > write_byte: [Motor ID: 1] [TxRxResult] There is no status packet!
[2024-09-21 00:34:54,725][root][ERROR] - > write_byte: [Motor ID: 2] [TxRxResult] There is no status packet!
[2024-09-21 00:34:54,759][root][ERROR] - > write_byte: [Motor ID: 3] [TxRxResult] There is no status packet!
[2024-09-21 00:34:54,793][root][ERROR] - > write_byte: [Motor ID: 4] [TxRxResult] There is no status packet!
[2024-09-21 00:34:54,828][root][ERROR] - > write_byte: [Motor ID: 5] [TxRxResult] There is no status packet!
[2024-09-21 00:34:54,862][root][ERROR] - > write_byte: [Motor ID: 6] [TxRxResult] There is no status packet!
[2024-09-21 00:34:54,896][root][ERROR] - > write_byte: [Motor ID: 7] [TxRxResult] There is no status packet!
[2024-09-21 00:34:54,930][root][ERROR] - > write_byte: [Motor ID: 8] [TxRxResult] There is no status packet!
[2024-09-21 00:34:54,965][root][ERROR] - > write_byte: [Motor ID: 9] [TxRxResult] There is no status packet!
[2024-09-21 00:34:55,046][root][ERROR] - Could not set torque enabled for IDs: [0, 1, 2, 3, 4, 5, 6, 7, 8, 9]
[2024-09-21 00:34:55,788][root][ERROR] - > read: [TxRxResult] Incorrect status packet!
[2024-09-21 00:34:55,824][root][ERROR] - > read: [TxRxResult] There is no status packet!
[2024-09-21 00:34:55,859][root][ERROR] - > read: [TxRxResult] There is no status packet!
[2024-09-21 00:34:55,895][root][ERROR] - > read: [TxRxResult] There is no status packet!
[2024-09-21 00:34:55,936][root][ERROR] - > read: [TxRxResult] There is no status packet!
[2024-09-21 00:34:55,972][root][ERROR] - > read: [TxRxResult] There is no status packet!
[2024-09-21 00:34:56,012][root][ERROR] - > read: [TxRxResult] There is no status packet!
[2024-09-21 00:34:56,048][root][ERROR] - > read: [TxRxResult] There is no status packet!
[2024-09-21 00:34:56,088][root][ERROR] - > read: [TxRxResult] There is no status packet!
