[2024-12-26 21:23:31,476][websockets.server][INFO] - server listening on 0.0.0.0:8080
[2024-12-26 21:23:31,621][root][INFO] - self.cfg: 
 lr: 0.0001
c_in: 6
zfar: 'Infinity'
debug: null
n_view: 1
run_id: 3wy8qqex
use_BN: true
exp_name: 2024-01-11-20-02-45
n_epochs: 62
save_dir: /home/bowenw/debug/2024-01-11-20-02-45/
use_mask: false
loss_type: pairwise_valid
optimizer: adam
batch_size: 64
crop_ratio: 1.1
enable_amp: true
use_normal: false
max_num_key: null
warmup_step: -1
input_resize:
- 160
- 160
max_step_val: 1000
vis_interval: 1000
weight_decay: 0
normalize_xyz: true
resume_run_id: null
clip_grad_norm: 'Infinity'
lr_epoch_decay: 500
render_backend: nvdiffrast
train_num_pair: 5
lr_decay_epochs:
- 50
n_epochs_warmup: 1
make_pair_online: false
gradient_max_norm: 'Infinity'
max_step_per_epoch: 10000
n_rendering_workers: 1
save_epoch_interval: 100
n_dataloader_workers: 100
split_objects_across_gpus: true
ckpt_dir: /data/zjx/rw/third_party/FoundationPose/learning/training/../../weights/2024-01-11-20-02-45/model_best.pth

[2024-12-26 21:23:31,622][root][INFO] - self.h5_file:None
[2024-12-26 21:23:31,758][root][INFO] - Using pretrained model from /data/zjx/rw/third_party/FoundationPose/learning/training/../../weights/2024-01-11-20-02-45/model_best.pth
[2024-12-26 21:23:31,813][root][INFO] - init done
[2024-12-26 21:23:31,813][root][INFO] - welcome
[2024-12-26 21:23:31,817][root][INFO] - self.cfg: 
 lr: 0.0001
c_in: 6
zfar: .inf
debug: null
w_rot: 0.1
n_view: 1
run_id: null
use_BN: true
rot_rep: axis_angle
ckpt_dir: /data/zjx/rw/third_party/FoundationPose/learning/training/../../weights/2023-10-28-18-33-37/model_best.pth
exp_name: 2023-10-28-18-33-37
save_dir: /tmp/2023-10-28-18-33-37/
loss_type: l2
optimizer: adam
trans_rep: tracknet
batch_size: 64
crop_ratio: 1.2
use_normal: false
BN_momentum: 0.1
max_num_key: null
warmup_step: -1
input_resize:
- 160
- 160
max_step_val: 1000
normal_uint8: false
vis_interval: 1000
weight_decay: 0
n_max_objects: null
normalize_xyz: true
clip_grad_norm: 'Infinity'
rot_normalizer: 0.3490658503988659
trans_normalizer:
- 0.019999999552965164
- 0.019999999552965164
- 0.05000000074505806
max_step_per_epoch: 25000
val_epoch_interval: 10
n_dataloader_workers: 60
enable_amp: true
use_mask: false

[2024-12-26 21:23:31,817][root][INFO] - self.h5_file:
[2024-12-26 21:23:31,875][root][INFO] - Using pretrained model from /data/zjx/rw/third_party/FoundationPose/learning/training/../../weights/2023-10-28-18-33-37/model_best.pth
[2024-12-26 21:23:31,897][root][INFO] - init done
[2024-12-26 21:23:32,467][websockets.server][INFO] - connection open
[2024-12-26 21:23:33,114][root][INFO] - self.diameter:0.2729166168820516, vox_size:0.01364583084410258
[2024-12-26 21:23:33,127][root][INFO] - self.pts:torch.Size([179, 3])
[2024-12-26 21:23:34,082][root][INFO] - reset done
[2024-12-26 21:23:34,082][root][INFO] - cam_in_obs:(42, 4, 4)
[2024-12-26 21:23:34,083][root][INFO] - rot_grid:(252, 4, 4)
[2024-12-26 21:23:34,084][root][INFO] - after cluster, rot_grid:(252, 4, 4)
[2024-12-26 21:23:34,084][root][INFO] - self.rot_grid: torch.Size([252, 4, 4])
[2024-12-26 21:23:43,827][root][INFO] - Welcome
[2024-12-26 21:23:43,841][root][INFO] - poses:(252, 4, 4)
[2024-12-26 21:23:43,847][root][INFO] - after viewpoint, add_errs min:-1.0
[2024-12-26 21:23:43,869][root][INFO] - ob_in_cams:(252, 4, 4)
[2024-12-26 21:23:43,869][root][INFO] - self.cfg.use_normal:False
[2024-12-26 21:23:43,869][root][INFO] - trans_normalizer:[0.019999999552965164, 0.019999999552965164, 0.05000000074505806], rot_normalizer:0.3490658503988659
[2024-12-26 21:23:43,874][root][INFO] - making cropped data
[2024-12-26 21:23:43,874][root][INFO] - Welcome make_crop_data_batch
[2024-12-26 21:23:43,877][root][INFO] - make tf_to_crops done
[2024-12-26 21:23:43,901][root][INFO] - render done
[2024-12-26 21:23:43,907][root][INFO] - warp done
[2024-12-26 21:23:43,912][root][INFO] - pose batch data done
[2024-12-26 21:23:43,912][root][INFO] - forward start
[2024-12-26 21:23:44,038][root][INFO] - forward done
[2024-12-26 21:23:44,051][root][INFO] - making cropped data
[2024-12-26 21:23:44,051][root][INFO] - Welcome make_crop_data_batch
[2024-12-26 21:23:44,051][root][INFO] - make tf_to_crops done
[2024-12-26 21:23:44,068][root][INFO] - render done
[2024-12-26 21:23:44,073][root][INFO] - warp done
[2024-12-26 21:23:44,076][root][INFO] - pose batch data done
[2024-12-26 21:23:44,076][root][INFO] - forward start
[2024-12-26 21:23:44,077][root][INFO] - forward done
[2024-12-26 21:23:44,078][root][INFO] - making cropped data
[2024-12-26 21:23:44,078][root][INFO] - Welcome make_crop_data_batch
[2024-12-26 21:23:44,180][root][INFO] - make tf_to_crops done
[2024-12-26 21:23:44,196][root][INFO] - render done
[2024-12-26 21:23:44,199][root][INFO] - warp done
[2024-12-26 21:23:44,202][root][INFO] - pose batch data done
[2024-12-26 21:23:44,202][root][INFO] - forward start
[2024-12-26 21:23:44,203][root][INFO] - forward done
[2024-12-26 21:23:44,204][root][INFO] - making cropped data
[2024-12-26 21:23:44,204][root][INFO] - Welcome make_crop_data_batch
[2024-12-26 21:23:44,308][root][INFO] - make tf_to_crops done
[2024-12-26 21:23:44,323][root][INFO] - render done
[2024-12-26 21:23:44,327][root][INFO] - warp done
[2024-12-26 21:23:44,330][root][INFO] - pose batch data done
[2024-12-26 21:23:44,330][root][INFO] - forward start
[2024-12-26 21:23:44,331][root][INFO] - forward done
[2024-12-26 21:23:44,331][root][INFO] - making cropped data
[2024-12-26 21:23:44,331][root][INFO] - Welcome make_crop_data_batch
[2024-12-26 21:23:44,433][root][INFO] - make tf_to_crops done
[2024-12-26 21:23:44,449][root][INFO] - render done
[2024-12-26 21:23:44,453][root][INFO] - warp done
[2024-12-26 21:23:44,456][root][INFO] - pose batch data done
[2024-12-26 21:23:44,456][root][INFO] - forward start
[2024-12-26 21:23:44,458][root][INFO] - forward done
[2024-12-26 21:23:44,458][root][INFO] - making cropped data
[2024-12-26 21:23:44,458][root][INFO] - Welcome make_crop_data_batch
[2024-12-26 21:23:44,561][root][INFO] - make tf_to_crops done
[2024-12-26 21:23:44,577][root][INFO] - render done
[2024-12-26 21:23:44,581][root][INFO] - warp done
[2024-12-26 21:23:44,583][root][INFO] - pose batch data done
[2024-12-26 21:23:44,583][root][INFO] - forward start
[2024-12-26 21:23:44,585][root][INFO] - forward done
[2024-12-26 21:23:44,585][root][INFO] - making cropped data
[2024-12-26 21:23:44,585][root][INFO] - Welcome make_crop_data_batch
[2024-12-26 21:23:44,690][root][INFO] - make tf_to_crops done
[2024-12-26 21:23:44,705][root][INFO] - render done
[2024-12-26 21:23:44,709][root][INFO] - warp done
[2024-12-26 21:23:44,712][root][INFO] - pose batch data done
[2024-12-26 21:23:44,712][root][INFO] - forward start
[2024-12-26 21:23:44,713][root][INFO] - forward done
[2024-12-26 21:23:44,713][root][INFO] - making cropped data
[2024-12-26 21:23:44,713][root][INFO] - Welcome make_crop_data_batch
[2024-12-26 21:23:44,815][root][INFO] - make tf_to_crops done
[2024-12-26 21:23:44,832][root][INFO] - render done
[2024-12-26 21:23:44,835][root][INFO] - warp done
[2024-12-26 21:23:44,838][root][INFO] - pose batch data done
[2024-12-26 21:23:44,838][root][INFO] - forward start
[2024-12-26 21:23:44,840][root][INFO] - forward done
[2024-12-26 21:23:44,840][root][INFO] - making cropped data
[2024-12-26 21:23:44,840][root][INFO] - Welcome make_crop_data_batch
[2024-12-26 21:23:44,942][root][INFO] - make tf_to_crops done
[2024-12-26 21:23:44,958][root][INFO] - render done
[2024-12-26 21:23:44,962][root][INFO] - warp done
[2024-12-26 21:23:44,965][root][INFO] - pose batch data done
[2024-12-26 21:23:44,965][root][INFO] - forward start
[2024-12-26 21:23:44,966][root][INFO] - forward done
[2024-12-26 21:23:44,966][root][INFO] - making cropped data
[2024-12-26 21:23:44,966][root][INFO] - Welcome make_crop_data_batch
[2024-12-26 21:23:45,069][root][INFO] - make tf_to_crops done
[2024-12-26 21:23:45,085][root][INFO] - render done
[2024-12-26 21:23:45,089][root][INFO] - warp done
[2024-12-26 21:23:45,092][root][INFO] - pose batch data done
[2024-12-26 21:23:45,092][root][INFO] - forward start
[2024-12-26 21:23:45,094][root][INFO] - forward done
[2024-12-26 21:23:45,209][root][INFO] - ob_in_cams:(252, 4, 4)
[2024-12-26 21:23:45,209][root][INFO] - self.cfg.use_normal:False
[2024-12-26 21:23:45,209][root][INFO] - making cropped data
[2024-12-26 21:23:45,217][root][INFO] - Welcome make_crop_data_batch
[2024-12-26 21:23:45,217][root][INFO] - make tf_to_crops done
[2024-12-26 21:23:45,231][root][INFO] - render done
[2024-12-26 21:23:45,357][root][INFO] - pose batch data done
[2024-12-26 21:23:45,358][root][INFO] - pose_data.rgbAs.shape[0]: 252
[2024-12-26 21:23:45,453][root][INFO] - forward done
[2024-12-26 21:23:45,470][root][INFO] - final, add_errs min:-1.0
[2024-12-26 21:23:45,479][root][INFO] - sort ids:tensor([ 72, 245, 191, 197,  66, 149, 173,  35, 222,  96, 107,  30, 101, 227,
        251,   6,  11,  77,  75, 147, 135, 248,   5,  42, 132, 203, 137, 172,
        240, 200, 128, 224,   3, 108, 194, 221, 134, 144, 146, 190,   2,  33,
         98, 113, 131,  45,  48,  74, 183,  58,  67, 170, 235,   8,  99, 236,
        239,  26, 184, 229, 250,  57,  64,  69, 202, 232, 110, 114, 143, 188,
         27,  47, 125, 157, 177, 192, 220, 238,  44,  54, 104, 162, 164, 193,
        225, 243,  29,  49,  55,  70, 169, 180, 187, 195, 218, 119, 174, 199,
        217,  23,  32,  51, 141, 204,  12,  17,  61,  83,  93, 154, 155, 160,
        165, 246,  41,  52,  60,  86,  89,  90, 140, 161, 179, 196, 209, 210,
        233,  36,  95,  92, 211, 206, 230,  81,  14,  20,  38,  80, 122, 176,
        116,  21, 152, 207, 249, 151, 158, 213, 117, 138,  63, 247, 244, 163,
        111,  50,  78,  24,  39,   7,  15,   9,  82, 129,   0,   1,  84, 102,
        120, 156, 241,  18,  76,  79, 105, 126, 166, 181, 214, 228,  19,  25,
         37, 112, 123, 178,  13,  16,  22,  40,  87, 142, 153, 159, 198, 205,
        215, 219,  31,  34,  46,  73,   4,  53,  88,  97, 136, 139, 189, 223,
        231, 234,  10,  28,  68, 100, 109, 115, 133, 145, 148, 150, 186, 201,
        237, 168, 171, 208, 242,  43,  65,  91,  94, 103, 118, 130, 175, 216,
         56, 124, 167, 185,  71, 121, 212, 106, 127,  85, 182,  62,  59, 226])
[2024-12-26 21:23:45,482][root][INFO] - sorted scores:tensor([82.5156, 82.4688, 82.4219, 82.4219, 82.4062, 82.3750, 82.3750, 82.3594,
        82.3594, 82.3438, 82.3438, 82.3281, 82.3281, 82.3281, 82.3125, 82.2969,
        82.2969, 82.2969, 82.2500, 82.2500, 82.2344, 82.2188, 82.2031, 82.2031,
        82.1719, 82.1719, 82.1562, 82.1562, 82.1562, 82.1406, 82.1250, 82.1250,
        82.1094, 82.1094, 82.1094, 82.1094, 82.0938, 82.0938, 82.0938, 82.0938,
        82.0781, 82.0781, 82.0781, 82.0781, 82.0781, 82.0625, 82.0625, 82.0625,
        82.0625, 82.0469, 82.0469, 82.0469, 82.0469, 82.0312, 82.0156, 82.0156,
        82.0156, 82.0000, 82.0000, 82.0000, 82.0000, 81.9844, 81.9844, 81.9844,
        81.9844, 81.9844, 81.9688, 81.9688, 81.9688, 81.9688, 81.9531, 81.9531,
        81.9531, 81.9531, 81.9531, 81.9531, 81.9531, 81.9531, 81.9375, 81.9375,
        81.9375, 81.9375, 81.9375, 81.9375, 81.9375, 81.9375, 81.9219, 81.9219,
        81.9219, 81.9219, 81.9219, 81.9219, 81.9219, 81.9062, 81.9062, 81.8906,
        81.8906, 81.8906, 81.8906, 81.8750, 81.8750, 81.8750, 81.8750, 81.8750,
        81.8594, 81.8594, 81.8594, 81.8594, 81.8594, 81.8594, 81.8594, 81.8594,
        81.8594, 81.8594, 81.8438, 81.8438, 81.8438, 81.8438, 81.8438, 81.8438,
        81.8438, 81.8438, 81.8438, 81.8438, 81.8438, 81.8438, 81.8438, 81.8281,
        81.8281, 81.8125, 81.8125, 81.7969, 81.7969, 81.7812, 81.7656, 81.7656,
        81.7500, 81.7500, 81.7500, 81.7500, 81.7344, 81.7188, 81.7188, 81.7188,
        81.7188, 81.6875, 81.6875, 81.6875, 81.6562, 81.6562, 81.6406, 81.5781,
        81.4375, 81.2969, 81.2812, 81.2188, 81.1719, 81.1250, 81.1250, 79.9219,
        79.9219, 79.8750, 79.8750, 79.8594, 79.8438, 79.8438, 79.8438, 79.8438,
        79.8438, 79.8438, 79.8438, 79.8281, 79.8281, 79.8281, 79.8281, 79.8281,
        79.8281, 79.8281, 79.8281, 79.8281, 79.8125, 79.8125, 79.8125, 79.8125,
        79.8125, 79.8125, 79.7969, 79.7969, 79.7969, 79.7969, 79.7969, 79.7969,
        79.7969, 79.7969, 79.7969, 79.7969, 79.7969, 79.7969, 79.7812, 79.7812,
        79.7812, 79.7812, 79.7656, 79.7656, 79.7656, 79.7656, 79.7656, 79.7656,
        79.7656, 79.7656, 79.7656, 79.7656, 79.7500, 79.7500, 79.7500, 79.7500,
        79.7500, 79.7500, 79.7500, 79.7500, 79.7500, 79.7500, 79.7500, 79.7500,
        79.7500, 79.7344, 79.7344, 79.7344, 79.7344, 79.7188, 79.7188, 79.7188,
        79.7188, 79.7188, 79.7188, 79.7188, 79.7188, 79.7188, 79.7031, 79.7031,
        79.7031, 79.7031, 79.6875, 79.6875, 79.6875, 79.6719, 79.6562, 79.6406,
        79.6406, 79.6250, 79.5469, 79.5156])
