[2024-10-11 10:47:40,098][websockets.server][INFO] - server listening on 0.0.0.0:8080
[2024-10-11 10:47:40,380][root][INFO] - self.cfg: 
 lr: 0.0001
c_in: 6
zfar: 'Infinity'
debug: null
n_view: 1
run_id: 3wy8qqex
use_BN: true
exp_name: 2024-01-11-20-02-45
n_epochs: 62
save_dir: /home/bowenw/debug/2024-01-11-20-02-45/
use_mask: false
loss_type: pairwise_valid
optimizer: adam
batch_size: 64
crop_ratio: 1.1
enable_amp: true
use_normal: false
max_num_key: null
warmup_step: -1
input_resize:
- 160
- 160
max_step_val: 1000
vis_interval: 1000
weight_decay: 0
normalize_xyz: true
resume_run_id: null
clip_grad_norm: 'Infinity'
lr_epoch_decay: 500
render_backend: nvdiffrast
train_num_pair: 5
lr_decay_epochs:
- 50
n_epochs_warmup: 1
make_pair_online: false
gradient_max_norm: 'Infinity'
max_step_per_epoch: 10000
n_rendering_workers: 1
save_epoch_interval: 100
n_dataloader_workers: 100
split_objects_across_gpus: true
ckpt_dir: FoundationPose/learning/training/../../weights/2024-01-11-20-02-45/model_best.pth

[2024-10-11 10:47:40,380][root][INFO] - self.h5_file:None
[2024-10-11 10:47:40,548][root][INFO] - Using pretrained model from FoundationPose/learning/training/../../weights/2024-01-11-20-02-45/model_best.pth
[2024-10-11 10:47:40,609][root][INFO] - init done
[2024-10-11 10:47:40,609][root][INFO] - welcome
[2024-10-11 10:47:40,613][root][INFO] - self.cfg: 
 lr: 0.0001
c_in: 6
zfar: .inf
debug: null
w_rot: 0.1
n_view: 1
run_id: null
use_BN: true
rot_rep: axis_angle
ckpt_dir: FoundationPose/learning/training/../../weights/2023-10-28-18-33-37/model_best.pth
exp_name: 2023-10-28-18-33-37
save_dir: /tmp/2023-10-28-18-33-37/
loss_type: l2
optimizer: adam
trans_rep: tracknet
batch_size: 64
crop_ratio: 1.2
use_normal: false
BN_momentum: 0.1
max_num_key: null
warmup_step: -1
input_resize:
- 160
- 160
max_step_val: 1000
normal_uint8: false
vis_interval: 1000
weight_decay: 0
n_max_objects: null
normalize_xyz: true
clip_grad_norm: 'Infinity'
rot_normalizer: 0.3490658503988659
trans_normalizer:
- 0.019999999552965164
- 0.019999999552965164
- 0.05000000074505806
max_step_per_epoch: 25000
val_epoch_interval: 10
n_dataloader_workers: 60
enable_amp: true
use_mask: false

[2024-10-11 10:47:40,613][root][INFO] - self.h5_file:
[2024-10-11 10:47:40,660][root][INFO] - Using pretrained model from FoundationPose/learning/training/../../weights/2023-10-28-18-33-37/model_best.pth
[2024-10-11 10:47:40,680][root][INFO] - init done
[2024-10-11 10:47:42,900][root][INFO] - self.diameter:0.17928883853254896, vox_size:0.008964441926627448
[2024-10-11 10:47:42,913][root][INFO] - self.pts:torch.Size([629, 3])
[2024-10-11 10:47:44,037][root][INFO] - reset done
[2024-10-11 10:47:44,037][root][INFO] - cam_in_obs:(42, 4, 4)
[2024-10-11 10:47:44,039][root][INFO] - rot_grid:(252, 4, 4)
[2024-10-11 10:47:44,040][root][INFO] - after cluster, rot_grid:(252, 4, 4)
[2024-10-11 10:47:44,040][root][INFO] - self.rot_grid: torch.Size([252, 4, 4])
[2024-10-11 10:47:44,914][websockets.server][INFO] - connection open
[2024-10-11 10:47:52,066][root][INFO] - Welcome
[2024-10-11 10:47:52,081][root][INFO] - poses:(252, 4, 4)
[2024-10-11 10:47:52,090][root][INFO] - after viewpoint, add_errs min:-1.0
[2024-10-11 10:47:52,119][root][INFO] - ob_in_cams:(252, 4, 4)
[2024-10-11 10:47:52,120][root][INFO] - self.cfg.use_normal:False
[2024-10-11 10:47:52,120][root][INFO] - trans_normalizer:[0.019999999552965164, 0.019999999552965164, 0.05000000074505806], rot_normalizer:0.3490658503988659
[2024-10-11 10:47:52,166][root][INFO] - making cropped data
[2024-10-11 10:47:52,166][root][INFO] - Welcome make_crop_data_batch
[2024-10-11 10:47:52,171][root][INFO] - make tf_to_crops done
[2024-10-11 10:47:52,200][root][INFO] - render done
[2024-10-11 10:47:52,205][root][INFO] - warp done
[2024-10-11 10:47:52,210][root][INFO] - pose batch data done
[2024-10-11 10:47:52,210][root][INFO] - forward start
[2024-10-11 10:47:52,328][root][INFO] - forward done
[2024-10-11 10:47:52,338][root][INFO] - making cropped data
[2024-10-11 10:47:52,338][root][INFO] - Welcome make_crop_data_batch
[2024-10-11 10:47:52,339][root][INFO] - make tf_to_crops done
[2024-10-11 10:47:52,363][root][INFO] - render done
[2024-10-11 10:47:52,366][root][INFO] - warp done
[2024-10-11 10:47:52,369][root][INFO] - pose batch data done
[2024-10-11 10:47:52,369][root][INFO] - forward start
[2024-10-11 10:47:52,370][root][INFO] - forward done
[2024-10-11 10:47:52,370][root][INFO] - making cropped data
[2024-10-11 10:47:52,371][root][INFO] - Welcome make_crop_data_batch
[2024-10-11 10:47:52,470][root][INFO] - make tf_to_crops done
[2024-10-11 10:47:52,492][root][INFO] - render done
[2024-10-11 10:47:52,496][root][INFO] - warp done
[2024-10-11 10:47:52,499][root][INFO] - pose batch data done
[2024-10-11 10:47:52,499][root][INFO] - forward start
[2024-10-11 10:47:52,500][root][INFO] - forward done
[2024-10-11 10:47:52,501][root][INFO] - making cropped data
[2024-10-11 10:47:52,501][root][INFO] - Welcome make_crop_data_batch
[2024-10-11 10:47:52,600][root][INFO] - make tf_to_crops done
[2024-10-11 10:47:52,621][root][INFO] - render done
[2024-10-11 10:47:52,626][root][INFO] - warp done
[2024-10-11 10:47:52,628][root][INFO] - pose batch data done
[2024-10-11 10:47:52,628][root][INFO] - forward start
[2024-10-11 10:47:52,630][root][INFO] - forward done
[2024-10-11 10:47:52,630][root][INFO] - making cropped data
[2024-10-11 10:47:52,630][root][INFO] - Welcome make_crop_data_batch
[2024-10-11 10:47:52,730][root][INFO] - make tf_to_crops done
[2024-10-11 10:47:52,751][root][INFO] - render done
[2024-10-11 10:47:52,755][root][INFO] - warp done
[2024-10-11 10:47:52,758][root][INFO] - pose batch data done
[2024-10-11 10:47:52,758][root][INFO] - forward start
[2024-10-11 10:47:52,759][root][INFO] - forward done
[2024-10-11 10:47:52,875][root][INFO] - ob_in_cams:(252, 4, 4)
[2024-10-11 10:47:52,875][root][INFO] - self.cfg.use_normal:False
[2024-10-11 10:47:52,875][root][INFO] - making cropped data
[2024-10-11 10:47:52,881][root][INFO] - Welcome make_crop_data_batch
[2024-10-11 10:47:52,882][root][INFO] - make tf_to_crops done
[2024-10-11 10:47:52,902][root][INFO] - render done
[2024-10-11 10:47:53,032][root][INFO] - pose batch data done
[2024-10-11 10:47:53,033][root][INFO] - pose_data.rgbAs.shape[0]: 252
[2024-10-11 10:47:53,129][root][INFO] - forward done
[2024-10-11 10:47:53,147][root][INFO] - final, add_errs min:-1.0
[2024-10-11 10:47:53,157][root][INFO] - sort ids:tensor([ 99, 135, 129, 171, 188, 201, 244,  33,  75, 225,   3, 105, 147, 189,
        243,   9,  70, 100,  49,  42, 216, 221,   0,   6,  27,  72, 126, 162,
        168,  15, 102,  21,  81,  87,  93, 117, 177, 184,  94,  96, 132, 144,
        163, 185, 198, 125, 237,  12,  18,  22,  28,  36,  41,  78,  82,  83,
         88,  90,  95, 114, 119, 120, 124, 150, 154, 179, 204, 211,  23,  84,
        118, 155, 160, 161, 205,  17,  89,  43,  50,  67,  80, 116, 121, 187,
        228,  13,  14,  20,  86,  92,  98, 128, 133, 164, 169, 206, 230,   2,
          7,  26,  32,  37,  55,  73,  79,  85, 103, 104, 123, 127, 134, 145,
        146, 170, 229, 235,   8,  74,  91, 122, 212, 194, 231,  64, 226,   5,
         34,  77, 107, 130, 131, 137, 193, 202, 227,   4,  11, 203, 220,   1,
         76, 101, 106,  47, 207,  44, 245,  56, 165,  45, 178, 210,  30, 115,
         10, 183,  62,  68, 236,  65,  16,  40, 248,  52, 251,  71, 153, 156,
        250,  25, 247, 148, 173,  35, 141, 111, 222,  57, 196,  38,  46,  53,
         24, 208,  61, 108,  29, 138, 174,  59, 172, 242,  31,  97, 197, 200,
        232, 149, 240, 151,  19, 109, 136, 112, 180, 191, 213, 218, 158, 224,
        181, 195, 209, 217, 233,  58, 152, 176, 238, 166, 223, 239, 241, 199,
        214,  39, 175, 234, 190, 139,  60,  69, 192, 142, 186, 246,  51, 157,
        143, 219,  48,  63, 110, 249,  66, 113, 140, 159, 215, 167,  54, 182])
[2024-10-11 10:47:53,160][root][INFO] - sorted scores:tensor([69.1250, 69.1250, 69.1094, 69.1094, 69.1094, 69.1094, 69.1094, 69.0938,
        69.0938, 69.0938, 69.0781, 69.0781, 69.0781, 69.0781, 69.0781, 69.0469,
        69.0156, 68.9688, 68.8281, 68.8125, 68.8125, 68.8125, 68.7969, 68.7969,
        68.7969, 68.7969, 68.7969, 68.7969, 68.7969, 68.7812, 68.7812, 68.7656,
        68.7656, 68.7656, 68.7656, 68.7656, 68.7656, 68.7656, 68.7500, 68.7500,
        68.7500, 68.7500, 68.7500, 68.7500, 68.7500, 68.7344, 68.7344, 68.7188,
        68.7188, 68.7188, 68.7188, 68.7188, 68.7188, 68.7188, 68.7188, 68.7188,
        68.7188, 68.7188, 68.7188, 68.7188, 68.7188, 68.7188, 68.7188, 68.7188,
        68.7188, 68.7188, 68.7188, 68.7188, 68.7031, 68.7031, 68.7031, 68.7031,
        68.7031, 68.7031, 68.7031, 68.6875, 68.6719, 68.6562, 68.6562, 68.6562,
        68.6562, 68.6562, 68.6562, 68.6562, 68.6562, 68.6406, 68.6406, 68.6406,
        68.6406, 68.6406, 68.6406, 68.6406, 68.6406, 68.6406, 68.6406, 68.6406,
        68.6406, 68.6250, 68.6250, 68.6250, 68.6250, 68.6250, 68.6250, 68.6250,
        68.6250, 68.6250, 68.6250, 68.6250, 68.6250, 68.6250, 68.6250, 68.6250,
        68.6250, 68.6250, 68.6250, 68.6250, 68.6094, 68.6094, 68.6094, 68.6094,
        68.6094, 68.5625, 68.5625, 68.5312, 68.5156, 68.5000, 68.5000, 68.5000,
        68.5000, 68.5000, 68.5000, 68.5000, 68.5000, 68.5000, 68.5000, 68.4844,
        68.4844, 68.4844, 68.4844, 68.4688, 68.4688, 68.4688, 68.4688, 68.4531,
        68.4531, 68.3906, 68.3906, 68.3750, 68.3750, 68.3438, 68.3438, 68.3438,
        68.3281, 68.3281, 68.3125, 68.3125, 68.2812, 68.2812, 68.2812, 68.2656,
        68.2344, 68.2344, 68.2344, 68.2188, 68.2188, 68.2031, 68.2031, 68.2031,
        68.2031, 68.1875, 68.1719, 68.1562, 68.1562, 68.1406, 68.1406, 68.1250,
        68.1250, 68.1094, 68.1094, 68.0938, 68.0938, 68.0938, 68.0625, 68.0625,
        68.0469, 68.0469, 68.0312, 68.0156, 68.0156, 68.0000, 68.0000, 68.0000,
        67.9688, 67.9688, 67.9688, 67.9688, 67.9688, 67.9375, 67.9375, 67.8438,
        67.8125, 67.8125, 67.8125, 67.7812, 67.7500, 67.7500, 67.7188, 67.7188,
        67.6875, 67.6875, 67.6562, 67.6562, 67.6562, 67.6562, 67.6562, 67.6250,
        67.5938, 67.5938, 67.5938, 67.5625, 67.5625, 67.5625, 67.5625, 67.5312,
        67.5312, 67.5000, 67.5000, 67.5000, 67.4375, 67.3750, 67.2812, 67.2500,
        67.2188, 67.1562, 67.1562, 67.1562, 67.1250, 67.1250, 67.0938, 67.0938,
        67.0625, 67.0625, 67.0625, 67.0312, 67.0000, 67.0000, 67.0000, 67.0000,
        67.0000, 66.9688, 66.9062, 66.9062])
