[2024-10-11 12:04:39,127][websockets.server][INFO] - server listening on 0.0.0.0:8080
[2024-10-11 12:04:39,384][root][INFO] - self.cfg: 
 lr: 0.0001
c_in: 6
zfar: 'Infinity'
debug: null
n_view: 1
run_id: 3wy8qqex
use_BN: true
exp_name: 2024-01-11-20-02-45
n_epochs: 62
save_dir: /home/bowenw/debug/2024-01-11-20-02-45/
use_mask: false
loss_type: pairwise_valid
optimizer: adam
batch_size: 64
crop_ratio: 1.1
enable_amp: true
use_normal: false
max_num_key: null
warmup_step: -1
input_resize:
- 160
- 160
max_step_val: 1000
vis_interval: 1000
weight_decay: 0
normalize_xyz: true
resume_run_id: null
clip_grad_norm: 'Infinity'
lr_epoch_decay: 500
render_backend: nvdiffrast
train_num_pair: 5
lr_decay_epochs:
- 50
n_epochs_warmup: 1
make_pair_online: false
gradient_max_norm: 'Infinity'
max_step_per_epoch: 10000
n_rendering_workers: 1
save_epoch_interval: 100
n_dataloader_workers: 100
split_objects_across_gpus: true
ckpt_dir: FoundationPose/learning/training/../../weights/2024-01-11-20-02-45/model_best.pth

[2024-10-11 12:04:39,384][root][INFO] - self.h5_file:None
[2024-10-11 12:04:39,529][root][INFO] - Using pretrained model from FoundationPose/learning/training/../../weights/2024-01-11-20-02-45/model_best.pth
[2024-10-11 12:04:39,591][root][INFO] - init done
[2024-10-11 12:04:39,592][root][INFO] - welcome
[2024-10-11 12:04:39,595][root][INFO] - self.cfg: 
 lr: 0.0001
c_in: 6
zfar: .inf
debug: null
w_rot: 0.1
n_view: 1
run_id: null
use_BN: true
rot_rep: axis_angle
ckpt_dir: FoundationPose/learning/training/../../weights/2023-10-28-18-33-37/model_best.pth
exp_name: 2023-10-28-18-33-37
save_dir: /tmp/2023-10-28-18-33-37/
loss_type: l2
optimizer: adam
trans_rep: tracknet
batch_size: 64
crop_ratio: 1.2
use_normal: false
BN_momentum: 0.1
max_num_key: null
warmup_step: -1
input_resize:
- 160
- 160
max_step_val: 1000
normal_uint8: false
vis_interval: 1000
weight_decay: 0
n_max_objects: null
normalize_xyz: true
clip_grad_norm: 'Infinity'
rot_normalizer: 0.3490658503988659
trans_normalizer:
- 0.019999999552965164
- 0.019999999552965164
- 0.05000000074505806
max_step_per_epoch: 25000
val_epoch_interval: 10
n_dataloader_workers: 60
enable_amp: true
use_mask: false

[2024-10-11 12:04:39,595][root][INFO] - self.h5_file:
[2024-10-11 12:04:39,648][root][INFO] - Using pretrained model from FoundationPose/learning/training/../../weights/2023-10-28-18-33-37/model_best.pth
[2024-10-11 12:04:39,669][root][INFO] - init done
[2024-10-11 12:04:41,890][root][INFO] - self.diameter:0.16907099679909296, vox_size:0.008453549839954649
[2024-10-11 12:04:41,905][root][INFO] - self.pts:torch.Size([677, 3])
[2024-10-11 12:04:42,883][root][INFO] - reset done
[2024-10-11 12:04:42,884][root][INFO] - cam_in_obs:(42, 4, 4)
[2024-10-11 12:04:42,888][root][INFO] - rot_grid:(252, 4, 4)
[2024-10-11 12:04:42,889][root][INFO] - after cluster, rot_grid:(252, 4, 4)
[2024-10-11 12:04:42,889][root][INFO] - self.rot_grid: torch.Size([252, 4, 4])
[2024-10-11 12:04:43,108][websockets.server][INFO] - connection open
[2024-10-11 12:04:52,314][root][INFO] - Welcome
[2024-10-11 12:04:52,328][root][INFO] - poses:(252, 4, 4)
[2024-10-11 12:04:52,338][root][INFO] - after viewpoint, add_errs min:-1.0
[2024-10-11 12:04:52,371][root][INFO] - ob_in_cams:(252, 4, 4)
[2024-10-11 12:04:52,372][root][INFO] - self.cfg.use_normal:False
[2024-10-11 12:04:52,372][root][INFO] - trans_normalizer:[0.019999999552965164, 0.019999999552965164, 0.05000000074505806], rot_normalizer:0.3490658503988659
[2024-10-11 12:04:52,415][root][INFO] - making cropped data
[2024-10-11 12:04:52,415][root][INFO] - Welcome make_crop_data_batch
[2024-10-11 12:04:52,418][root][INFO] - make tf_to_crops done
[2024-10-11 12:04:52,449][root][INFO] - render done
[2024-10-11 12:04:52,456][root][INFO] - warp done
[2024-10-11 12:04:52,461][root][INFO] - pose batch data done
[2024-10-11 12:04:52,461][root][INFO] - forward start
[2024-10-11 12:04:52,580][root][INFO] - forward done
[2024-10-11 12:04:52,590][root][INFO] - making cropped data
[2024-10-11 12:04:52,591][root][INFO] - Welcome make_crop_data_batch
[2024-10-11 12:04:52,591][root][INFO] - make tf_to_crops done
[2024-10-11 12:04:52,613][root][INFO] - render done
[2024-10-11 12:04:52,617][root][INFO] - warp done
[2024-10-11 12:04:52,620][root][INFO] - pose batch data done
[2024-10-11 12:04:52,620][root][INFO] - forward start
[2024-10-11 12:04:52,621][root][INFO] - forward done
[2024-10-11 12:04:52,622][root][INFO] - making cropped data
[2024-10-11 12:04:52,622][root][INFO] - Welcome make_crop_data_batch
[2024-10-11 12:04:52,723][root][INFO] - make tf_to_crops done
[2024-10-11 12:04:52,746][root][INFO] - render done
[2024-10-11 12:04:52,749][root][INFO] - warp done
[2024-10-11 12:04:52,752][root][INFO] - pose batch data done
[2024-10-11 12:04:52,752][root][INFO] - forward start
[2024-10-11 12:04:52,753][root][INFO] - forward done
[2024-10-11 12:04:52,754][root][INFO] - making cropped data
[2024-10-11 12:04:52,754][root][INFO] - Welcome make_crop_data_batch
[2024-10-11 12:04:52,854][root][INFO] - make tf_to_crops done
[2024-10-11 12:04:52,876][root][INFO] - render done
[2024-10-11 12:04:52,880][root][INFO] - warp done
[2024-10-11 12:04:52,882][root][INFO] - pose batch data done
[2024-10-11 12:04:52,883][root][INFO] - forward start
[2024-10-11 12:04:52,884][root][INFO] - forward done
[2024-10-11 12:04:52,884][root][INFO] - making cropped data
[2024-10-11 12:04:52,884][root][INFO] - Welcome make_crop_data_batch
[2024-10-11 12:04:52,988][root][INFO] - make tf_to_crops done
[2024-10-11 12:04:53,011][root][INFO] - render done
[2024-10-11 12:04:53,014][root][INFO] - warp done
[2024-10-11 12:04:53,017][root][INFO] - pose batch data done
[2024-10-11 12:04:53,017][root][INFO] - forward start
[2024-10-11 12:04:53,019][root][INFO] - forward done
[2024-10-11 12:04:53,137][root][INFO] - ob_in_cams:(252, 4, 4)
[2024-10-11 12:04:53,138][root][INFO] - self.cfg.use_normal:False
[2024-10-11 12:04:53,138][root][INFO] - making cropped data
[2024-10-11 12:04:53,145][root][INFO] - Welcome make_crop_data_batch
[2024-10-11 12:04:53,146][root][INFO] - make tf_to_crops done
[2024-10-11 12:04:53,166][root][INFO] - render done
[2024-10-11 12:04:53,296][root][INFO] - pose batch data done
[2024-10-11 12:04:53,296][root][INFO] - pose_data.rgbAs.shape[0]: 252
[2024-10-11 12:04:53,393][root][INFO] - forward done
[2024-10-11 12:04:53,410][root][INFO] - final, add_errs min:-1.0
[2024-10-11 12:04:53,419][root][INFO] - sort ids:tensor([  0,   5,   6,  11,  35,  42,  72,  77,  96, 101, 102, 107, 126, 131,
        132, 137, 198, 203, 222, 144, 221, 227,  47, 240, 168, 162,  78,  54,
        206, 150, 180, 183, 230,  48, 119, 116, 110,  21,  41,  92, 165, 177,
        247, 130,  86, 145, 229,  20, 140,  61,  23, 141,  14,  26,  62, 153,
        199, 169, 211,  27,  36,  51,  68, 205,  80, 120, 193, 210, 236,  30,
        113, 217, 108,  52, 125, 223,  56,  93, 122, 143, 160, 228, 155, 166,
        186, 212,  85, 187, 243, 248,   7,  44,  49,  64, 124, 179, 238,  22,
        111, 128, 147, 181, 213,   1,   3,  32,  38,  55,  67,  74, 103, 114,
        157, 163, 173, 192, 235, 244,  15,  75,  99, 105, 133, 191, 225,  31,
         33,  45,  73, 136, 142, 175, 188, 189,   9,  82,  88,  95,  97, 104,
        117, 134, 135, 156, 171, 202, 204, 241,  18,  37,  53,  81,  89,  90,
         98, 118, 127, 138, 146, 149, 158, 170, 224,   8,  39,  63,  66,  70,
        129, 184, 214, 215, 250,   2,  17,  58,  83,  84,  87,  91, 123, 152,
        154, 161, 174, 178, 197, 231, 233, 251,   4,  12,  24,  29,  60,  65,
        106, 151, 159, 195, 196, 200, 208, 226, 237, 239, 245,  10,  16,  34,
         40,  71,  76,  94, 100, 109, 112, 115, 172, 207, 209, 218, 220, 242,
        246,  13,  19,  25,  28,  50,  59,  69,  79, 148, 167, 185, 190, 201,
        219, 232, 234, 249,  43,  46, 121, 164, 182, 216, 139, 194,  57, 176])
[2024-10-11 12:04:53,424][root][INFO] - sorted scores:tensor([56.0000, 56.0000, 56.0000, 56.0000, 56.0000, 56.0000, 56.0000, 56.0000,
        56.0000, 56.0000, 56.0000, 56.0000, 56.0000, 56.0000, 56.0000, 56.0000,
        56.0000, 56.0000, 56.0000, 55.9688, 55.9688, 55.9688, 55.9375, 55.9375,
        55.9062, 55.8125, 55.6250, 55.4688, 55.4062, 55.3750, 55.3750, 55.3125,
        55.2812, 55.2500, 55.2500, 55.2188, 55.1562, 55.1250, 55.1250, 55.1250,
        55.1250, 55.1250, 55.1250, 55.0938, 55.0625, 55.0625, 55.0625, 55.0312,
        55.0312, 55.0000, 54.9375, 54.9375, 54.9062, 54.9062, 54.9062, 54.9062,
        54.8438, 54.8125, 54.8125, 54.7812, 54.7812, 54.7812, 54.7812, 54.7812,
        54.7500, 54.7500, 54.7500, 54.7500, 54.7500, 54.6875, 54.6875, 54.6875,
        54.6562, 54.6250, 54.6250, 54.6250, 54.5938, 54.5938, 54.5938, 54.5938,
        54.5938, 54.5938, 54.5625, 54.5625, 54.5625, 54.5625, 54.5312, 54.5312,
        54.5312, 54.5312, 54.5000, 54.5000, 54.5000, 54.5000, 54.5000, 54.5000,
        54.5000, 54.4688, 54.4688, 54.4688, 54.4688, 54.4688, 54.4688, 54.4375,
        54.4375, 54.4375, 54.4375, 54.4375, 54.4375, 54.4375, 54.4375, 54.4375,
        54.4375, 54.4375, 54.4375, 54.4375, 54.4375, 54.4375, 54.4062, 54.4062,
        54.4062, 54.4062, 54.4062, 54.4062, 54.4062, 54.3750, 54.3750, 54.3750,
        54.3750, 54.3750, 54.3750, 54.3750, 54.3750, 54.3750, 54.3438, 54.3438,
        54.3438, 54.3438, 54.3438, 54.3438, 54.3438, 54.3438, 54.3438, 54.3438,
        54.3438, 54.3438, 54.3438, 54.3438, 54.3125, 54.3125, 54.3125, 54.3125,
        54.3125, 54.3125, 54.3125, 54.3125, 54.3125, 54.3125, 54.3125, 54.3125,
        54.3125, 54.3125, 54.3125, 54.2812, 54.2812, 54.2812, 54.2812, 54.2812,
        54.2812, 54.2812, 54.2812, 54.2812, 54.2812, 54.2500, 54.2500, 54.2500,
        54.2500, 54.2500, 54.2500, 54.2500, 54.2500, 54.2500, 54.2500, 54.2500,
        54.2500, 54.2500, 54.2500, 54.2500, 54.2500, 54.2500, 54.2188, 54.2188,
        54.2188, 54.2188, 54.2188, 54.2188, 54.2188, 54.2188, 54.2188, 54.2188,
        54.2188, 54.2188, 54.2188, 54.2188, 54.2188, 54.2188, 54.2188, 54.1875,
        54.1875, 54.1875, 54.1875, 54.1875, 54.1875, 54.1875, 54.1875, 54.1875,
        54.1875, 54.1875, 54.1875, 54.1875, 54.1875, 54.1875, 54.1875, 54.1875,
        54.1875, 54.1562, 54.1562, 54.1562, 54.1562, 54.1562, 54.1562, 54.1562,
        54.1562, 54.1562, 54.1562, 54.1562, 54.1562, 54.1562, 54.1562, 54.1562,
        54.1562, 54.1562, 54.1250, 54.1250, 54.1250, 54.1250, 54.1250, 54.1250,
        54.0938, 54.0938, 54.0625, 54.0312])
