[2024-10-15 10:19:52,883][websockets.server][INFO] - server listening on 0.0.0.0:8080
[2024-10-15 10:19:53,077][root][INFO] - self.cfg: 
 lr: 0.0001
c_in: 6
zfar: 'Infinity'
debug: null
n_view: 1
run_id: 3wy8qqex
use_BN: true
exp_name: 2024-01-11-20-02-45
n_epochs: 62
save_dir: /home/bowenw/debug/2024-01-11-20-02-45/
use_mask: false
loss_type: pairwise_valid
optimizer: adam
batch_size: 64
crop_ratio: 1.1
enable_amp: true
use_normal: false
max_num_key: null
warmup_step: -1
input_resize:
- 160
- 160
max_step_val: 1000
vis_interval: 1000
weight_decay: 0
normalize_xyz: true
resume_run_id: null
clip_grad_norm: 'Infinity'
lr_epoch_decay: 500
render_backend: nvdiffrast
train_num_pair: 5
lr_decay_epochs:
- 50
n_epochs_warmup: 1
make_pair_online: false
gradient_max_norm: 'Infinity'
max_step_per_epoch: 10000
n_rendering_workers: 1
save_epoch_interval: 100
n_dataloader_workers: 100
split_objects_across_gpus: true
ckpt_dir: /home/shaol/gjx/rw/third_party/FoundationPose/learning/training/../../weights/2024-01-11-20-02-45/model_best.pth

[2024-10-15 10:19:53,077][root][INFO] - self.h5_file:None
[2024-10-15 10:19:53,093][websockets.server][INFO] - connection open
[2024-10-15 10:19:53,326][root][INFO] - Using pretrained model from /home/shaol/gjx/rw/third_party/FoundationPose/learning/training/../../weights/2024-01-11-20-02-45/model_best.pth
[2024-10-15 10:19:53,388][root][INFO] - init done
[2024-10-15 10:19:53,388][root][INFO] - welcome
[2024-10-15 10:19:53,392][root][INFO] - self.cfg: 
 lr: 0.0001
c_in: 6
zfar: .inf
debug: null
w_rot: 0.1
n_view: 1
run_id: null
use_BN: true
rot_rep: axis_angle
ckpt_dir: /home/shaol/gjx/rw/third_party/FoundationPose/learning/training/../../weights/2023-10-28-18-33-37/model_best.pth
exp_name: 2023-10-28-18-33-37
save_dir: /tmp/2023-10-28-18-33-37/
loss_type: l2
optimizer: adam
trans_rep: tracknet
batch_size: 64
crop_ratio: 1.2
use_normal: false
BN_momentum: 0.1
max_num_key: null
warmup_step: -1
input_resize:
- 160
- 160
max_step_val: 1000
normal_uint8: false
vis_interval: 1000
weight_decay: 0
n_max_objects: null
normalize_xyz: true
clip_grad_norm: 'Infinity'
rot_normalizer: 0.3490658503988659
trans_normalizer:
- 0.019999999552965164
- 0.019999999552965164
- 0.05000000074505806
max_step_per_epoch: 25000
val_epoch_interval: 10
n_dataloader_workers: 60
enable_amp: true
use_mask: false

[2024-10-15 10:19:53,392][root][INFO] - self.h5_file:
[2024-10-15 10:19:53,441][root][INFO] - Using pretrained model from /home/shaol/gjx/rw/third_party/FoundationPose/learning/training/../../weights/2023-10-28-18-33-37/model_best.pth
[2024-10-15 10:19:53,463][root][INFO] - init done
[2024-10-15 10:19:55,652][root][INFO] - self.diameter:0.2324774443430137, vox_size:0.011623872217150685
[2024-10-15 10:19:55,666][root][INFO] - self.pts:torch.Size([385, 3])
[2024-10-15 10:19:56,719][root][INFO] - reset done
[2024-10-15 10:19:56,720][root][INFO] - cam_in_obs:(42, 4, 4)
[2024-10-15 10:19:56,726][root][INFO] - rot_grid:(252, 4, 4)
[2024-10-15 10:19:56,727][root][INFO] - after cluster, rot_grid:(252, 4, 4)
[2024-10-15 10:19:56,727][root][INFO] - self.rot_grid: torch.Size([252, 4, 4])
[2024-10-15 10:19:57,806][websockets.server][INFO] - connection open
[2024-10-15 10:20:06,871][root][INFO] - Welcome
[2024-10-15 10:20:06,890][root][INFO] - poses:(252, 4, 4)
[2024-10-15 10:20:06,903][root][INFO] - after viewpoint, add_errs min:-1.0
[2024-10-15 10:20:06,943][root][INFO] - ob_in_cams:(252, 4, 4)
[2024-10-15 10:20:06,944][root][INFO] - self.cfg.use_normal:False
[2024-10-15 10:20:06,944][root][INFO] - trans_normalizer:[0.019999999552965164, 0.019999999552965164, 0.05000000074505806], rot_normalizer:0.3490658503988659
[2024-10-15 10:20:06,963][root][INFO] - making cropped data
[2024-10-15 10:20:06,971][root][INFO] - Welcome make_crop_data_batch
[2024-10-15 10:20:06,977][root][INFO] - make tf_to_crops done
[2024-10-15 10:20:07,002][root][INFO] - render done
[2024-10-15 10:20:07,008][root][INFO] - warp done
[2024-10-15 10:20:07,013][root][INFO] - pose batch data done
[2024-10-15 10:20:07,013][root][INFO] - forward start
[2024-10-15 10:20:07,135][root][INFO] - forward done
[2024-10-15 10:20:07,145][root][INFO] - making cropped data
[2024-10-15 10:20:07,145][root][INFO] - Welcome make_crop_data_batch
[2024-10-15 10:20:07,146][root][INFO] - make tf_to_crops done
[2024-10-15 10:20:07,163][root][INFO] - render done
[2024-10-15 10:20:07,166][root][INFO] - warp done
[2024-10-15 10:20:07,169][root][INFO] - pose batch data done
[2024-10-15 10:20:07,169][root][INFO] - forward start
[2024-10-15 10:20:07,170][root][INFO] - forward done
[2024-10-15 10:20:07,171][root][INFO] - making cropped data
[2024-10-15 10:20:07,171][root][INFO] - Welcome make_crop_data_batch
[2024-10-15 10:20:07,263][root][INFO] - make tf_to_crops done
[2024-10-15 10:20:07,280][root][INFO] - render done
[2024-10-15 10:20:07,283][root][INFO] - warp done
[2024-10-15 10:20:07,286][root][INFO] - pose batch data done
[2024-10-15 10:20:07,286][root][INFO] - forward start
[2024-10-15 10:20:07,287][root][INFO] - forward done
[2024-10-15 10:20:07,288][root][INFO] - making cropped data
[2024-10-15 10:20:07,288][root][INFO] - Welcome make_crop_data_batch
[2024-10-15 10:20:07,377][root][INFO] - make tf_to_crops done
[2024-10-15 10:20:07,394][root][INFO] - render done
[2024-10-15 10:20:07,397][root][INFO] - warp done
[2024-10-15 10:20:07,400][root][INFO] - pose batch data done
[2024-10-15 10:20:07,400][root][INFO] - forward start
[2024-10-15 10:20:07,401][root][INFO] - forward done
[2024-10-15 10:20:07,402][root][INFO] - making cropped data
[2024-10-15 10:20:07,402][root][INFO] - Welcome make_crop_data_batch
[2024-10-15 10:20:07,491][root][INFO] - make tf_to_crops done
[2024-10-15 10:20:07,508][root][INFO] - render done
[2024-10-15 10:20:07,511][root][INFO] - warp done
[2024-10-15 10:20:07,514][root][INFO] - pose batch data done
[2024-10-15 10:20:07,514][root][INFO] - forward start
[2024-10-15 10:20:07,516][root][INFO] - forward done
[2024-10-15 10:20:07,621][root][INFO] - ob_in_cams:(252, 4, 4)
[2024-10-15 10:20:07,621][root][INFO] - self.cfg.use_normal:False
[2024-10-15 10:20:07,621][root][INFO] - making cropped data
[2024-10-15 10:20:07,630][root][INFO] - Welcome make_crop_data_batch
[2024-10-15 10:20:07,630][root][INFO] - make tf_to_crops done
[2024-10-15 10:20:07,646][root][INFO] - render done
[2024-10-15 10:20:07,763][root][INFO] - pose batch data done
[2024-10-15 10:20:07,763][root][INFO] - pose_data.rgbAs.shape[0]: 252
[2024-10-15 10:20:07,852][root][INFO] - forward done
[2024-10-15 10:20:07,869][root][INFO] - final, add_errs min:-1.0
[2024-10-15 10:20:07,879][root][INFO] - sort ids:tensor([ 32, 188, 169,   7, 128, 133, 145, 146,   2,   8,  50,  73,  74,  98,
         99, 103, 104, 170, 134, 164,  43,  75, 129,   5,  76, 101, 131, 137,
        203,   4,  77, 130, 202, 227,  11, 107,   3,  10,   9,  19, 135,   0,
         42,  72, 132,  34, 226, 100, 126, 221, 244, 105, 106,  33,   6,  21,
         41, 176,  26,  17,   1,  92,  47,  62, 123,  20, 122,  22,  23,  58,
         79, 115, 125, 154, 155, 161, 229,  95, 179, 248,  13,  82,  86,  89,
         94, 119, 197, 206,  14,  80,  84,  83, 116, 149, 163, 230, 236,  61,
         67, 111, 178, 228, 245,  16,  53, 121, 124, 127,  85,  81,  88,  96,
        138, 173,  52,  91,  97, 196,  59, 212, 118,  15, 114, 187,  12,  28,
        231,  18,  36, 108, 120, 141, 205, 223,  27,  37,  87,  93, 211,  68,
         78, 184,  55,  70, 152, 153, 233, 239,  49, 158, 198, 208, 247,  90,
         56, 117, 175, 204, 225,  25,  40, 214,  24, 144, 150, 181, 234, 209,
        186,  64, 148, 112, 194,  39, 177, 193,  65, 136, 159, 242,  31,  71,
        182, 200, 215, 224, 167, 219,  46, 139, 172, 241, 251, 171,  45, 166,
         30, 102, 191, 156, 189, 192, 218, 216,  48, 249, 151, 142, 237, 232,
        162, 185, 220,  69, 168, 250, 109,  60, 110, 243, 246,  29,  57, 143,
        210, 160, 180, 183, 201, 213,  38, 195, 199, 235, 113, 140, 190, 238,
         66, 217, 222,  51,  54,  63, 157, 165,  35, 240,  44, 147, 207, 174])
[2024-10-15 10:20:07,892][root][INFO] - sorted scores:tensor([80.6719, 80.6719, 80.6562, 80.6406, 80.6406, 80.6406, 80.6406, 80.6406,
        80.6250, 80.6250, 80.6250, 80.6250, 80.6250, 80.6250, 80.6250, 80.6250,
        80.6250, 80.6250, 80.6094, 80.6094, 80.5312, 80.4375, 80.2969, 80.2188,
        80.2188, 80.2188, 80.2188, 80.2188, 80.2188, 80.2031, 80.2031, 80.2031,
        80.2031, 80.2031, 80.1875, 80.1875, 80.1094, 80.0938, 80.0625, 80.0625,
        80.0625, 80.0469, 80.0469, 80.0469, 80.0469, 80.0312, 80.0312, 80.0156,
        80.0156, 80.0156, 80.0156, 80.0000, 80.0000, 79.9844, 79.9531, 79.9219,
        79.8906, 79.8906, 79.8750, 79.8594, 79.8438, 79.8438, 79.8281, 79.8281,
        79.8125, 79.7969, 79.7969, 79.7812, 79.7812, 79.7812, 79.7812, 79.7812,
        79.7812, 79.7812, 79.7812, 79.7812, 79.7812, 79.7656, 79.7656, 79.7656,
        79.7500, 79.7500, 79.7500, 79.7500, 79.7500, 79.7500, 79.7500, 79.7500,
        79.7344, 79.7344, 79.7344, 79.7188, 79.7188, 79.7188, 79.7188, 79.7188,
        79.7188, 79.7031, 79.7031, 79.7031, 79.7031, 79.7031, 79.7031, 79.6875,
        79.6875, 79.6875, 79.6875, 79.6875, 79.6719, 79.6562, 79.6562, 79.6562,
        79.6562, 79.6562, 79.6406, 79.6406, 79.6406, 79.6406, 79.6250, 79.6094,
        79.5938, 79.5781, 79.5781, 79.5781, 79.5625, 79.5625, 79.5625, 79.5469,
        79.5469, 79.5469, 79.5469, 79.5469, 79.5469, 79.5469, 79.5312, 79.5312,
        79.5312, 79.5312, 79.5312, 79.5156, 79.5156, 79.5156, 79.4844, 79.4531,
        79.4531, 79.4531, 79.4531, 79.4219, 79.3906, 79.3906, 79.3906, 79.3906,
        79.3906, 79.3750, 79.3594, 79.3438, 79.3281, 79.3281, 79.3281, 79.3125,
        79.3125, 79.3125, 79.2969, 79.2969, 79.2969, 79.2969, 79.2969, 79.2812,
        79.2500, 79.2344, 79.2344, 79.2188, 79.2188, 79.2031, 79.2031, 79.2031,
        79.1875, 79.1875, 79.1875, 79.1875, 79.1719, 79.1719, 79.1719, 79.1719,
        79.1719, 79.1562, 79.1406, 79.1406, 79.1250, 79.1250, 79.1250, 79.1250,
        79.1250, 79.1094, 79.0938, 79.0469, 79.0156, 79.0000, 79.0000, 78.9844,
        78.9844, 78.9844, 78.9844, 78.9688, 78.9531, 78.9531, 78.9219, 78.9062,
        78.9062, 78.8906, 78.8594, 78.8594, 78.8438, 78.8281, 78.8281, 78.8281,
        78.8125, 78.7969, 78.7969, 78.7969, 78.7969, 78.7812, 78.7812, 78.7812,
        78.7812, 78.7656, 78.7656, 78.7656, 78.7656, 78.7656, 78.7500, 78.7500,
        78.7500, 78.7500, 78.7344, 78.7344, 78.7344, 78.7344, 78.7188, 78.7188,
        78.7188, 78.7031, 78.7031, 78.7031, 78.7031, 78.6875, 78.6719, 78.6719,
        78.6562, 78.6250, 78.5938, 78.5781])
