[2024-10-14 18:27:10,259][websockets.server][INFO] - server listening on 0.0.0.0:8080
[2024-10-14 18:27:10,571][root][INFO] - self.cfg: 
 lr: 0.0001
c_in: 6
zfar: 'Infinity'
debug: null
n_view: 1
run_id: 3wy8qqex
use_BN: true
exp_name: 2024-01-11-20-02-45
n_epochs: 62
save_dir: /home/bowenw/debug/2024-01-11-20-02-45/
use_mask: false
loss_type: pairwise_valid
optimizer: adam
batch_size: 64
crop_ratio: 1.1
enable_amp: true
use_normal: false
max_num_key: null
warmup_step: -1
input_resize:
- 160
- 160
max_step_val: 1000
vis_interval: 1000
weight_decay: 0
normalize_xyz: true
resume_run_id: null
clip_grad_norm: 'Infinity'
lr_epoch_decay: 500
render_backend: nvdiffrast
train_num_pair: 5
lr_decay_epochs:
- 50
n_epochs_warmup: 1
make_pair_online: false
gradient_max_norm: 'Infinity'
max_step_per_epoch: 10000
n_rendering_workers: 1
save_epoch_interval: 100
n_dataloader_workers: 100
split_objects_across_gpus: true
ckpt_dir: /home/shaol/gjx/rw/third_party/FoundationPose/learning/training/../../weights/2024-01-11-20-02-45/model_best.pth

[2024-10-14 18:27:10,571][root][INFO] - self.h5_file:None
[2024-10-14 18:27:10,944][root][INFO] - Using pretrained model from /home/shaol/gjx/rw/third_party/FoundationPose/learning/training/../../weights/2024-01-11-20-02-45/model_best.pth
[2024-10-14 18:27:11,027][root][INFO] - init done
[2024-10-14 18:27:11,028][root][INFO] - welcome
[2024-10-14 18:27:11,033][root][INFO] - self.cfg: 
 lr: 0.0001
c_in: 6
zfar: .inf
debug: null
w_rot: 0.1
n_view: 1
run_id: null
use_BN: true
rot_rep: axis_angle
ckpt_dir: /home/shaol/gjx/rw/third_party/FoundationPose/learning/training/../../weights/2023-10-28-18-33-37/model_best.pth
exp_name: 2023-10-28-18-33-37
save_dir: /tmp/2023-10-28-18-33-37/
loss_type: l2
optimizer: adam
trans_rep: tracknet
batch_size: 64
crop_ratio: 1.2
use_normal: false
BN_momentum: 0.1
max_num_key: null
warmup_step: -1
input_resize:
- 160
- 160
max_step_val: 1000
normal_uint8: false
vis_interval: 1000
weight_decay: 0
n_max_objects: null
normalize_xyz: true
clip_grad_norm: 'Infinity'
rot_normalizer: 0.3490658503988659
trans_normalizer:
- 0.019999999552965164
- 0.019999999552965164
- 0.05000000074505806
max_step_per_epoch: 25000
val_epoch_interval: 10
n_dataloader_workers: 60
enable_amp: true
use_mask: false

[2024-10-14 18:27:11,034][root][INFO] - self.h5_file:
[2024-10-14 18:27:11,120][websockets.server][INFO] - connection open
[2024-10-14 18:27:11,151][websockets.server][INFO] - connection open
[2024-10-14 18:27:11,172][root][INFO] - Using pretrained model from /home/shaol/gjx/rw/third_party/FoundationPose/learning/training/../../weights/2023-10-28-18-33-37/model_best.pth
[2024-10-14 18:27:11,204][root][INFO] - init done
[2024-10-14 18:27:14,015][root][INFO] - self.diameter:0.137712368854882, vox_size:0.0068856184427441
[2024-10-14 18:27:14,032][root][INFO] - self.pts:torch.Size([807, 3])
[2024-10-14 18:27:15,847][root][INFO] - reset done
[2024-10-14 18:27:15,848][root][INFO] - cam_in_obs:(42, 4, 4)
[2024-10-14 18:27:15,867][root][INFO] - rot_grid:(252, 4, 4)
[2024-10-14 18:27:15,871][root][INFO] - after cluster, rot_grid:(252, 4, 4)
[2024-10-14 18:27:15,872][root][INFO] - self.rot_grid: torch.Size([252, 4, 4])
[2024-10-14 18:27:27,939][root][INFO] - Welcome
[2024-10-14 18:27:27,959][root][INFO] - poses:(252, 4, 4)
[2024-10-14 18:27:27,971][root][INFO] - after viewpoint, add_errs min:-1.0
[2024-10-14 18:27:28,032][root][INFO] - ob_in_cams:(252, 4, 4)
[2024-10-14 18:27:28,042][root][INFO] - self.cfg.use_normal:False
[2024-10-14 18:27:28,043][root][INFO] - trans_normalizer:[0.019999999552965164, 0.019999999552965164, 0.05000000074505806], rot_normalizer:0.3490658503988659
[2024-10-14 18:27:28,052][root][INFO] - making cropped data
[2024-10-14 18:27:28,055][root][INFO] - Welcome make_crop_data_batch
[2024-10-14 18:27:28,059][root][INFO] - make tf_to_crops done
[2024-10-14 18:27:28,087][root][INFO] - render done
[2024-10-14 18:27:28,096][root][INFO] - warp done
[2024-10-14 18:27:28,102][root][INFO] - pose batch data done
[2024-10-14 18:27:28,102][root][INFO] - forward start
[2024-10-14 18:27:28,234][root][INFO] - forward done
[2024-10-14 18:27:28,245][root][INFO] - making cropped data
[2024-10-14 18:27:28,245][root][INFO] - Welcome make_crop_data_batch
[2024-10-14 18:27:28,246][root][INFO] - make tf_to_crops done
[2024-10-14 18:27:28,265][root][INFO] - render done
[2024-10-14 18:27:28,269][root][INFO] - warp done
[2024-10-14 18:27:28,271][root][INFO] - pose batch data done
[2024-10-14 18:27:28,271][root][INFO] - forward start
[2024-10-14 18:27:28,273][root][INFO] - forward done
[2024-10-14 18:27:28,274][root][INFO] - making cropped data
[2024-10-14 18:27:28,274][root][INFO] - Welcome make_crop_data_batch
[2024-10-14 18:27:28,363][root][INFO] - make tf_to_crops done
[2024-10-14 18:27:28,382][root][INFO] - render done
[2024-10-14 18:27:28,386][root][INFO] - warp done
[2024-10-14 18:27:28,388][root][INFO] - pose batch data done
[2024-10-14 18:27:28,388][root][INFO] - forward start
[2024-10-14 18:27:28,391][root][INFO] - forward done
[2024-10-14 18:27:28,391][root][INFO] - making cropped data
[2024-10-14 18:27:28,391][root][INFO] - Welcome make_crop_data_batch
[2024-10-14 18:27:28,480][root][INFO] - make tf_to_crops done
[2024-10-14 18:27:28,499][root][INFO] - render done
[2024-10-14 18:27:28,502][root][INFO] - warp done
[2024-10-14 18:27:28,505][root][INFO] - pose batch data done
[2024-10-14 18:27:28,505][root][INFO] - forward start
[2024-10-14 18:27:28,507][root][INFO] - forward done
[2024-10-14 18:27:28,508][root][INFO] - making cropped data
[2024-10-14 18:27:28,508][root][INFO] - Welcome make_crop_data_batch
[2024-10-14 18:27:28,597][root][INFO] - make tf_to_crops done
[2024-10-14 18:27:28,615][root][INFO] - render done
[2024-10-14 18:27:28,619][root][INFO] - warp done
[2024-10-14 18:27:28,622][root][INFO] - pose batch data done
[2024-10-14 18:27:28,622][root][INFO] - forward start
[2024-10-14 18:27:28,624][root][INFO] - forward done
[2024-10-14 18:27:28,729][root][INFO] - ob_in_cams:(252, 4, 4)
[2024-10-14 18:27:28,729][root][INFO] - self.cfg.use_normal:False
[2024-10-14 18:27:28,729][root][INFO] - making cropped data
[2024-10-14 18:27:28,753][root][INFO] - Welcome make_crop_data_batch
[2024-10-14 18:27:28,754][root][INFO] - make tf_to_crops done
[2024-10-14 18:27:28,771][root][INFO] - render done
[2024-10-14 18:27:28,890][root][INFO] - pose batch data done
[2024-10-14 18:27:28,890][root][INFO] - pose_data.rgbAs.shape[0]: 252
[2024-10-14 18:27:28,981][root][INFO] - forward done
[2024-10-14 18:27:28,999][root][INFO] - final, add_errs min:-1.0
[2024-10-14 18:27:29,011][root][INFO] - sort ids:tensor([165,  44,  51, 134, 147, 153, 159, 164, 124,  26, 113, 183, 190,  35,
        171, 235, 240, 189, 195,  57,  60,  66,  88, 140, 160, 177, 216, 222,
         43, 146, 161, 210, 217,  22,  41,  86,  92,  96, 157,  15,  18,  21,
         23,  52,  53,  68,  78,  90, 107, 127, 139, 154, 166, 232, 246, 248,
         10,  11,  27,  61,  76,  93,  95, 106, 117, 136, 173, 186, 191, 211,
        223,  12,  13,  14,  34,  36,  62,  81,  85,  94, 116, 141, 172, 178,
        199, 204, 205, 247,   2,  16,  58,  73,  74,  75,  77,  80,  82,  83,
         87,  97, 102, 114, 115, 120, 123, 125, 128, 148, 155, 185, 198, 200,
        206, 208, 224, 226, 227, 230, 236, 250,   0,   1,   4,   6,   8,   9,
         25,  45,  49,  64,  79, 101, 118, 121, 122, 135, 144, 152, 184, 193,
        197, 202, 220, 228, 229,   3,   5,   7,  17,  20,  31,  38,  40,  55,
         59,  89,  98, 100, 108, 119, 151, 169, 215, 218, 234,  19,  24,  28,
         37,  42,  47,  50,  65,  72,  84,  99, 103, 104, 105, 111, 112, 132,
        143, 145, 149, 150, 163, 168, 174, 176, 179, 181, 182, 194, 196, 203,
        209, 219, 239, 241, 242, 244, 251,  29,  32,  39,  71,  91, 110, 126,
        129, 131, 133, 138, 175, 180, 188, 201, 214, 221, 233, 245,  30,  33,
         46,  54,  56,  67,  70, 130, 158, 170, 192, 225, 243, 137, 187, 207,
        212, 238, 249,  48,  63,  69, 109, 156, 167, 231, 162, 237, 142, 213])
[2024-10-14 18:27:29,016][root][INFO] - sorted scores:tensor([133.8438, 133.8125, 133.8125, 133.8125, 133.8125, 133.8125, 133.8125,
        133.8125, 133.4688, 133.4062, 133.4062, 133.4062, 133.4062, 133.3750,
        133.3750, 133.3750, 133.3750, 133.3438, 133.3438, 133.3125, 133.3125,
        133.3125, 133.3125, 133.3125, 133.3125, 133.3125, 133.3125, 133.3125,
        133.2812, 133.2812, 133.2812, 133.2812, 133.2812, 133.2500, 133.2500,
        133.2500, 133.2500, 133.2500, 133.2500, 133.2188, 133.2188, 133.2188,
        133.2188, 133.2188, 133.2188, 133.2188, 133.2188, 133.2188, 133.2188,
        133.2188, 133.2188, 133.2188, 133.2188, 133.2188, 133.2188, 133.2188,
        133.1875, 133.1875, 133.1875, 133.1875, 133.1875, 133.1875, 133.1875,
        133.1875, 133.1875, 133.1875, 133.1875, 133.1875, 133.1875, 133.1875,
        133.1875, 133.1562, 133.1562, 133.1562, 133.1562, 133.1562, 133.1562,
        133.1562, 133.1562, 133.1562, 133.1562, 133.1562, 133.1562, 133.1562,
        133.1562, 133.1562, 133.1562, 133.1562, 133.1250, 133.1250, 133.1250,
        133.1250, 133.1250, 133.1250, 133.1250, 133.1250, 133.1250, 133.1250,
        133.1250, 133.1250, 133.1250, 133.1250, 133.1250, 133.1250, 133.1250,
        133.1250, 133.1250, 133.1250, 133.1250, 133.1250, 133.1250, 133.1250,
        133.1250, 133.1250, 133.1250, 133.1250, 133.1250, 133.1250, 133.1250,
        133.1250, 133.0938, 133.0938, 133.0938, 133.0938, 133.0938, 133.0938,
        133.0938, 133.0938, 133.0938, 133.0938, 133.0938, 133.0938, 133.0938,
        133.0938, 133.0938, 133.0938, 133.0938, 133.0938, 133.0938, 133.0938,
        133.0938, 133.0938, 133.0938, 133.0938, 133.0938, 133.0625, 133.0625,
        133.0625, 133.0625, 133.0625, 133.0625, 133.0625, 133.0625, 133.0625,
        133.0625, 133.0625, 133.0625, 133.0625, 133.0625, 133.0625, 133.0625,
        133.0625, 133.0625, 133.0625, 133.0625, 133.0312, 133.0312, 133.0312,
        133.0312, 133.0312, 133.0312, 133.0312, 133.0312, 133.0312, 133.0312,
        133.0312, 133.0312, 133.0312, 133.0312, 133.0312, 133.0312, 133.0312,
        133.0312, 133.0312, 133.0312, 133.0312, 133.0312, 133.0312, 133.0312,
        133.0312, 133.0312, 133.0312, 133.0312, 133.0312, 133.0312, 133.0312,
        133.0312, 133.0312, 133.0312, 133.0312, 133.0312, 133.0312, 133.0312,
        133.0000, 133.0000, 133.0000, 133.0000, 133.0000, 133.0000, 133.0000,
        133.0000, 133.0000, 133.0000, 133.0000, 133.0000, 133.0000, 133.0000,
        133.0000, 133.0000, 133.0000, 133.0000, 133.0000, 132.9688, 132.9688,
        132.9688, 132.9688, 132.9688, 132.9688, 132.9688, 132.9688, 132.9688,
        132.9688, 132.9688, 132.9688, 132.9688, 132.9375, 132.9375, 132.9375,
        132.9375, 132.9375, 132.9375, 132.9062, 132.9062, 132.9062, 132.9062,
        132.9062, 132.9062, 132.9062, 132.8750, 132.8750, 132.8438, 132.8438])
