[2024-09-19 21:44:06,422][root][INFO] - self.cfg: 
 lr: 0.0001
c_in: 6
zfar: 'Infinity'
debug: null
n_view: 1
run_id: 3wy8qqex
use_BN: true
exp_name: 2024-01-11-20-02-45
n_epochs: 62
save_dir: /home/bowenw/debug/2024-01-11-20-02-45/
use_mask: false
loss_type: pairwise_valid
optimizer: adam
batch_size: 64
crop_ratio: 1.1
enable_amp: true
use_normal: false
max_num_key: null
warmup_step: -1
input_resize:
- 160
- 160
max_step_val: 1000
vis_interval: 1000
weight_decay: 0
normalize_xyz: true
resume_run_id: null
clip_grad_norm: 'Infinity'
lr_epoch_decay: 500
render_backend: nvdiffrast
train_num_pair: 5
lr_decay_epochs:
- 50
n_epochs_warmup: 1
make_pair_online: false
gradient_max_norm: 'Infinity'
max_step_per_epoch: 10000
n_rendering_workers: 1
save_epoch_interval: 100
n_dataloader_workers: 100
split_objects_across_gpus: true
ckpt_dir: FoundationPose/learning/training/../../weights/2024-01-11-20-02-45/model_best.pth

[2024-09-19 21:44:06,422][root][INFO] - self.h5_file:None
[2024-09-19 21:44:06,589][root][INFO] - Using pretrained model from FoundationPose/learning/training/../../weights/2024-01-11-20-02-45/model_best.pth
[2024-09-19 21:44:06,648][root][INFO] - init done
[2024-09-19 21:44:06,648][root][INFO] - welcome
[2024-09-19 21:44:06,652][root][INFO] - self.cfg: 
 lr: 0.0001
c_in: 6
zfar: .inf
debug: null
w_rot: 0.1
n_view: 1
run_id: null
use_BN: true
rot_rep: axis_angle
ckpt_dir: FoundationPose/learning/training/../../weights/2023-10-28-18-33-37/model_best.pth
exp_name: 2023-10-28-18-33-37
save_dir: /tmp/2023-10-28-18-33-37/
loss_type: l2
optimizer: adam
trans_rep: tracknet
batch_size: 64
crop_ratio: 1.2
use_normal: false
BN_momentum: 0.1
max_num_key: null
warmup_step: -1
input_resize:
- 160
- 160
max_step_val: 1000
normal_uint8: false
vis_interval: 1000
weight_decay: 0
n_max_objects: null
normalize_xyz: true
clip_grad_norm: 'Infinity'
rot_normalizer: 0.3490658503988659
trans_normalizer:
- 0.019999999552965164
- 0.019999999552965164
- 0.05000000074505806
max_step_per_epoch: 25000
val_epoch_interval: 10
n_dataloader_workers: 60
enable_amp: true
use_mask: false

[2024-09-19 21:44:06,652][root][INFO] - self.h5_file:
[2024-09-19 21:44:06,703][root][INFO] - Using pretrained model from FoundationPose/learning/training/../../weights/2023-10-28-18-33-37/model_best.pth
[2024-09-19 21:44:06,722][root][INFO] - init done
[2024-09-19 21:44:08,914][root][INFO] - self.diameter:0.16911805808118208, vox_size:0.008455902904059103
[2024-09-19 21:44:08,927][root][INFO] - self.pts:torch.Size([675, 3])
[2024-09-19 21:44:09,914][root][INFO] - reset done
[2024-09-19 21:44:09,915][root][INFO] - cam_in_obs:(42, 4, 4)
[2024-09-19 21:44:09,917][root][INFO] - rot_grid:(252, 4, 4)
[2024-09-19 21:44:09,918][root][INFO] - after cluster, rot_grid:(252, 4, 4)
[2024-09-19 21:44:09,918][root][INFO] - self.rot_grid: torch.Size([252, 4, 4])
[2024-09-19 21:44:19,448][root][INFO] - Welcome
[2024-09-19 21:44:19,465][root][INFO] - poses:(252, 4, 4)
[2024-09-19 21:44:19,474][root][INFO] - after viewpoint, add_errs min:-1.0
[2024-09-19 21:44:19,505][root][INFO] - ob_in_cams:(252, 4, 4)
[2024-09-19 21:44:19,505][root][INFO] - self.cfg.use_normal:False
[2024-09-19 21:44:19,505][root][INFO] - trans_normalizer:[0.019999999552965164, 0.019999999552965164, 0.05000000074505806], rot_normalizer:0.3490658503988659
[2024-09-19 21:44:19,551][root][INFO] - making cropped data
[2024-09-19 21:44:19,551][root][INFO] - Welcome make_crop_data_batch
[2024-09-19 21:44:19,555][root][INFO] - make tf_to_crops done
[2024-09-19 21:44:19,587][root][INFO] - render done
[2024-09-19 21:44:19,593][root][INFO] - warp done
[2024-09-19 21:44:19,597][root][INFO] - pose batch data done
[2024-09-19 21:44:19,597][root][INFO] - forward start
[2024-09-19 21:44:19,714][root][INFO] - forward done
[2024-09-19 21:44:19,725][root][INFO] - making cropped data
[2024-09-19 21:44:19,725][root][INFO] - Welcome make_crop_data_batch
[2024-09-19 21:44:19,725][root][INFO] - make tf_to_crops done
[2024-09-19 21:44:19,747][root][INFO] - render done
[2024-09-19 21:44:19,751][root][INFO] - warp done
[2024-09-19 21:44:19,754][root][INFO] - pose batch data done
[2024-09-19 21:44:19,754][root][INFO] - forward start
[2024-09-19 21:44:19,755][root][INFO] - forward done
[2024-09-19 21:44:19,756][root][INFO] - making cropped data
[2024-09-19 21:44:19,756][root][INFO] - Welcome make_crop_data_batch
[2024-09-19 21:44:19,856][root][INFO] - make tf_to_crops done
[2024-09-19 21:44:19,878][root][INFO] - render done
[2024-09-19 21:44:19,882][root][INFO] - warp done
[2024-09-19 21:44:19,884][root][INFO] - pose batch data done
[2024-09-19 21:44:19,884][root][INFO] - forward start
[2024-09-19 21:44:19,886][root][INFO] - forward done
[2024-09-19 21:44:19,886][root][INFO] - making cropped data
[2024-09-19 21:44:19,886][root][INFO] - Welcome make_crop_data_batch
[2024-09-19 21:44:19,986][root][INFO] - make tf_to_crops done
[2024-09-19 21:44:20,009][root][INFO] - render done
[2024-09-19 21:44:20,012][root][INFO] - warp done
[2024-09-19 21:44:20,015][root][INFO] - pose batch data done
[2024-09-19 21:44:20,015][root][INFO] - forward start
[2024-09-19 21:44:20,016][root][INFO] - forward done
[2024-09-19 21:44:20,017][root][INFO] - making cropped data
[2024-09-19 21:44:20,017][root][INFO] - Welcome make_crop_data_batch
[2024-09-19 21:44:20,117][root][INFO] - make tf_to_crops done
[2024-09-19 21:44:20,140][root][INFO] - render done
[2024-09-19 21:44:20,144][root][INFO] - warp done
[2024-09-19 21:44:20,146][root][INFO] - pose batch data done
[2024-09-19 21:44:20,147][root][INFO] - forward start
[2024-09-19 21:44:20,148][root][INFO] - forward done
[2024-09-19 21:44:20,263][root][INFO] - ob_in_cams:(252, 4, 4)
[2024-09-19 21:44:20,264][root][INFO] - self.cfg.use_normal:False
[2024-09-19 21:44:20,264][root][INFO] - making cropped data
[2024-09-19 21:44:20,272][root][INFO] - Welcome make_crop_data_batch
[2024-09-19 21:44:20,273][root][INFO] - make tf_to_crops done
[2024-09-19 21:44:20,293][root][INFO] - render done
[2024-09-19 21:44:20,422][root][INFO] - pose batch data done
[2024-09-19 21:44:20,422][root][INFO] - pose_data.rgbAs.shape[0]: 252
[2024-09-19 21:44:20,519][root][INFO] - forward done
[2024-09-19 21:44:20,537][root][INFO] - final, add_errs min:-1.0
[2024-09-19 21:44:20,547][root][INFO] - sort ids:tensor([ 47, 107,   0,   5,  42,  72,  77, 126, 131, 132, 137, 168, 221, 222,
        227,   6,  35,  96, 101, 102, 144, 162, 198, 203, 240,  30,  66, 230,
        133,  11,  61,  68, 110, 140, 231,  75,  54, 150, 169, 207, 199, 247,
        134,  80, 116, 141, 183, 196,  71, 204, 224, 251,  45, 163, 173, 209,
        218, 223,  60, 145, 233, 246, 248, 213,  97, 119, 142, 166, 186,  69,
        146, 160, 161, 217, 220, 235,   7,  24, 103, 109, 120, 177, 206, 210,
          1,  52,  73,  78, 192, 211, 238,  41,  44,  83, 114, 229,  31,  57,
         84, 113, 174, 175, 187, 190,  17,  23,  27,  49,  62,  92,  93, 125,
        143, 155, 180, 184,  12,  18,  26,  29,  48,  67,  89, 136, 200, 236,
        239,  36,  51,  76,  90, 108,   8,  21,  46,  53,  63,  81, 127, 135,
        147, 148, 158, 167, 189, 241,  14,  22,  34,  55,  70,  82,  86,  95,
        117, 165, 191, 202, 228, 245,   3,  10,  15,  32,  56,  74,  99, 100,
        104, 111, 124, 156, 179, 185, 195, 215, 232, 243, 250,   4,  19,  20,
         28,  37,  59,  65,  87, 105, 112, 128, 129, 138, 149, 154, 178, 188,
        193, 212, 216, 234, 244,   2,  33,  39,  64,  94,  98, 151, 170, 181,
        182, 201, 225,   9,  25,  88, 106, 122, 123, 130, 171, 197, 226, 242,
         40,  50,  58,  91, 121, 159, 205, 214, 237,  13,  16,  38,  43,  85,
        115, 152, 157, 172, 176, 219, 249,  79, 139, 153, 118, 194, 208, 164])
[2024-09-19 21:44:20,550][root][INFO] - sorted scores:tensor([48.8438, 48.8438, 48.7812, 48.7812, 48.7812, 48.7812, 48.7812, 48.7812,
        48.7812, 48.7812, 48.7812, 48.7812, 48.7812, 48.7812, 48.7812, 48.7500,
        48.7500, 48.7500, 48.7500, 48.7500, 48.7500, 48.7500, 48.7500, 48.7500,
        48.7500, 47.9062, 47.6562, 47.4688, 47.3750, 47.3438, 47.2188, 47.1250,
        47.1250, 47.1250, 47.0938, 47.0625, 47.0312, 47.0312, 47.0312, 47.0312,
        47.0000, 47.0000, 46.9688, 46.9375, 46.9375, 46.9375, 46.9375, 46.9375,
        46.9062, 46.9062, 46.8750, 46.8750, 46.8438, 46.8438, 46.8438, 46.8438,
        46.8438, 46.8438, 46.7812, 46.7812, 46.7812, 46.7812, 46.7812, 46.7500,
        46.7188, 46.7188, 46.7188, 46.7188, 46.7188, 46.6875, 46.6875, 46.6875,
        46.6875, 46.6875, 46.6875, 46.6875, 46.6562, 46.6562, 46.6562, 46.6562,
        46.6562, 46.6562, 46.6562, 46.6562, 46.6250, 46.6250, 46.6250, 46.6250,
        46.6250, 46.6250, 46.6250, 46.5938, 46.5938, 46.5938, 46.5938, 46.5938,
        46.5625, 46.5625, 46.5625, 46.5625, 46.5625, 46.5625, 46.5625, 46.5625,
        46.5312, 46.5312, 46.5312, 46.5312, 46.5312, 46.5312, 46.5312, 46.5312,
        46.5312, 46.5312, 46.5312, 46.5312, 46.5000, 46.5000, 46.5000, 46.5000,
        46.5000, 46.5000, 46.5000, 46.5000, 46.5000, 46.5000, 46.5000, 46.4688,
        46.4688, 46.4688, 46.4688, 46.4688, 46.4375, 46.4375, 46.4375, 46.4375,
        46.4375, 46.4375, 46.4375, 46.4375, 46.4375, 46.4375, 46.4375, 46.4375,
        46.4375, 46.4375, 46.4062, 46.4062, 46.4062, 46.4062, 46.4062, 46.4062,
        46.4062, 46.4062, 46.4062, 46.4062, 46.4062, 46.4062, 46.4062, 46.4062,
        46.3750, 46.3750, 46.3750, 46.3750, 46.3750, 46.3750, 46.3750, 46.3750,
        46.3750, 46.3750, 46.3750, 46.3750, 46.3750, 46.3750, 46.3750, 46.3750,
        46.3750, 46.3750, 46.3750, 46.3438, 46.3438, 46.3438, 46.3438, 46.3438,
        46.3438, 46.3438, 46.3438, 46.3438, 46.3438, 46.3438, 46.3438, 46.3438,
        46.3438, 46.3438, 46.3438, 46.3438, 46.3438, 46.3438, 46.3438, 46.3438,
        46.3438, 46.3125, 46.3125, 46.3125, 46.3125, 46.3125, 46.3125, 46.3125,
        46.3125, 46.3125, 46.3125, 46.3125, 46.3125, 46.2812, 46.2812, 46.2812,
        46.2812, 46.2812, 46.2812, 46.2812, 46.2812, 46.2812, 46.2812, 46.2812,
        46.2500, 46.2500, 46.2500, 46.2500, 46.2500, 46.2500, 46.2500, 46.2500,
        46.2500, 46.2188, 46.2188, 46.2188, 46.2188, 46.2188, 46.2188, 46.2188,
        46.2188, 46.2188, 46.2188, 46.2188, 46.2188, 46.1875, 46.1875, 46.1875,
        46.1562, 46.1562, 46.1562, 46.1250])
[2024-09-19 21:44:27,070][websockets.server][INFO] - server listening on 0.0.0.0:8080
[2024-09-19 21:44:29,730][websockets.server][INFO] - connection open
[2024-09-19 21:44:34,545][root][INFO] - Succeeded to open port: /dev/ttyUSB0
[2024-09-19 21:44:34,546][root][INFO] - Succeeded to set baudrate to 3000000
[2024-09-19 21:44:58,757][root][ERROR] - > read: [TxRxResult] Incorrect status packet!
