[2024-09-20 15:14:43,401][root][INFO] - self.cfg: 
 lr: 0.0001
c_in: 6
zfar: 'Infinity'
debug: null
n_view: 1
run_id: 3wy8qqex
use_BN: true
exp_name: 2024-01-11-20-02-45
n_epochs: 62
save_dir: /home/bowenw/debug/2024-01-11-20-02-45/
use_mask: false
loss_type: pairwise_valid
optimizer: adam
batch_size: 64
crop_ratio: 1.1
enable_amp: true
use_normal: false
max_num_key: null
warmup_step: -1
input_resize:
- 160
- 160
max_step_val: 1000
vis_interval: 1000
weight_decay: 0
normalize_xyz: true
resume_run_id: null
clip_grad_norm: 'Infinity'
lr_epoch_decay: 500
render_backend: nvdiffrast
train_num_pair: 5
lr_decay_epochs:
- 50
n_epochs_warmup: 1
make_pair_online: false
gradient_max_norm: 'Infinity'
max_step_per_epoch: 10000
n_rendering_workers: 1
save_epoch_interval: 100
n_dataloader_workers: 100
split_objects_across_gpus: true
ckpt_dir: FoundationPose/learning/training/../../weights/2024-01-11-20-02-45/model_best.pth

[2024-09-20 15:14:43,402][root][INFO] - self.h5_file:None
[2024-09-20 15:14:43,574][root][INFO] - Using pretrained model from FoundationPose/learning/training/../../weights/2024-01-11-20-02-45/model_best.pth
[2024-09-20 15:14:43,640][root][INFO] - init done
[2024-09-20 15:14:43,640][root][INFO] - welcome
[2024-09-20 15:14:43,643][root][INFO] - self.cfg: 
 lr: 0.0001
c_in: 6
zfar: .inf
debug: null
w_rot: 0.1
n_view: 1
run_id: null
use_BN: true
rot_rep: axis_angle
ckpt_dir: FoundationPose/learning/training/../../weights/2023-10-28-18-33-37/model_best.pth
exp_name: 2023-10-28-18-33-37
save_dir: /tmp/2023-10-28-18-33-37/
loss_type: l2
optimizer: adam
trans_rep: tracknet
batch_size: 64
crop_ratio: 1.2
use_normal: false
BN_momentum: 0.1
max_num_key: null
warmup_step: -1
input_resize:
- 160
- 160
max_step_val: 1000
normal_uint8: false
vis_interval: 1000
weight_decay: 0
n_max_objects: null
normalize_xyz: true
clip_grad_norm: 'Infinity'
rot_normalizer: 0.3490658503988659
trans_normalizer:
- 0.019999999552965164
- 0.019999999552965164
- 0.05000000074505806
max_step_per_epoch: 25000
val_epoch_interval: 10
n_dataloader_workers: 60
enable_amp: true
use_mask: false

[2024-09-20 15:14:43,643][root][INFO] - self.h5_file:
[2024-09-20 15:14:43,691][root][INFO] - Using pretrained model from FoundationPose/learning/training/../../weights/2023-10-28-18-33-37/model_best.pth
[2024-09-20 15:14:43,715][root][INFO] - init done
[2024-09-20 15:14:45,921][root][INFO] - self.diameter:0.137712368854882, vox_size:0.0068856184427441
[2024-09-20 15:14:45,936][root][INFO] - self.pts:torch.Size([807, 3])
[2024-09-20 15:14:46,927][root][INFO] - reset done
[2024-09-20 15:14:46,928][root][INFO] - cam_in_obs:(42, 4, 4)
[2024-09-20 15:14:46,929][root][INFO] - rot_grid:(252, 4, 4)
[2024-09-20 15:14:46,930][root][INFO] - after cluster, rot_grid:(252, 4, 4)
[2024-09-20 15:14:46,930][root][INFO] - self.rot_grid: torch.Size([252, 4, 4])
[2024-09-20 15:14:59,171][root][INFO] - Welcome
[2024-09-20 15:14:59,197][root][INFO] - poses:(252, 4, 4)
[2024-09-20 15:14:59,210][root][INFO] - after viewpoint, add_errs min:-1.0
[2024-09-20 15:14:59,269][root][INFO] - ob_in_cams:(252, 4, 4)
[2024-09-20 15:14:59,270][root][INFO] - self.cfg.use_normal:False
[2024-09-20 15:14:59,270][root][INFO] - trans_normalizer:[0.019999999552965164, 0.019999999552965164, 0.05000000074505806], rot_normalizer:0.3490658503988659
[2024-09-20 15:14:59,291][root][INFO] - making cropped data
[2024-09-20 15:14:59,292][root][INFO] - Welcome make_crop_data_batch
[2024-09-20 15:14:59,295][root][INFO] - make tf_to_crops done
[2024-09-20 15:14:59,325][root][INFO] - render done
[2024-09-20 15:14:59,331][root][INFO] - warp done
[2024-09-20 15:14:59,337][root][INFO] - pose batch data done
[2024-09-20 15:14:59,337][root][INFO] - forward start
[2024-09-20 15:14:59,462][root][INFO] - forward done
[2024-09-20 15:14:59,475][root][INFO] - making cropped data
[2024-09-20 15:14:59,476][root][INFO] - Welcome make_crop_data_batch
[2024-09-20 15:14:59,476][root][INFO] - make tf_to_crops done
[2024-09-20 15:14:59,498][root][INFO] - render done
[2024-09-20 15:14:59,504][root][INFO] - warp done
[2024-09-20 15:14:59,507][root][INFO] - pose batch data done
[2024-09-20 15:14:59,507][root][INFO] - forward start
[2024-09-20 15:14:59,508][root][INFO] - forward done
[2024-09-20 15:14:59,509][root][INFO] - making cropped data
[2024-09-20 15:14:59,509][root][INFO] - Welcome make_crop_data_batch
[2024-09-20 15:14:59,617][root][INFO] - make tf_to_crops done
[2024-09-20 15:14:59,639][root][INFO] - render done
[2024-09-20 15:14:59,643][root][INFO] - warp done
[2024-09-20 15:14:59,645][root][INFO] - pose batch data done
[2024-09-20 15:14:59,645][root][INFO] - forward start
[2024-09-20 15:14:59,647][root][INFO] - forward done
[2024-09-20 15:14:59,647][root][INFO] - making cropped data
[2024-09-20 15:14:59,647][root][INFO] - Welcome make_crop_data_batch
[2024-09-20 15:14:59,757][root][INFO] - make tf_to_crops done
[2024-09-20 15:14:59,777][root][INFO] - render done
[2024-09-20 15:14:59,781][root][INFO] - warp done
[2024-09-20 15:14:59,784][root][INFO] - pose batch data done
[2024-09-20 15:14:59,784][root][INFO] - forward start
[2024-09-20 15:14:59,785][root][INFO] - forward done
[2024-09-20 15:14:59,785][root][INFO] - making cropped data
[2024-09-20 15:14:59,785][root][INFO] - Welcome make_crop_data_batch
[2024-09-20 15:14:59,895][root][INFO] - make tf_to_crops done
[2024-09-20 15:14:59,916][root][INFO] - render done
[2024-09-20 15:14:59,921][root][INFO] - warp done
[2024-09-20 15:14:59,924][root][INFO] - pose batch data done
[2024-09-20 15:14:59,924][root][INFO] - forward start
[2024-09-20 15:14:59,926][root][INFO] - forward done
[2024-09-20 15:15:00,049][root][INFO] - ob_in_cams:(252, 4, 4)
[2024-09-20 15:15:00,049][root][INFO] - self.cfg.use_normal:False
[2024-09-20 15:15:00,049][root][INFO] - making cropped data
[2024-09-20 15:15:00,057][root][INFO] - Welcome make_crop_data_batch
[2024-09-20 15:15:00,058][root][INFO] - make tf_to_crops done
[2024-09-20 15:15:00,077][root][INFO] - render done
[2024-09-20 15:15:00,219][root][INFO] - pose batch data done
[2024-09-20 15:15:00,219][root][INFO] - pose_data.rgbAs.shape[0]: 252
[2024-09-20 15:15:00,322][root][INFO] - forward done
[2024-09-20 15:15:00,340][root][INFO] - final, add_errs min:-1.0
[2024-09-20 15:15:00,350][root][INFO] - sort ids:tensor([  4,   5,  11,  47, 130, 137, 162, 203,  77, 101, 131, 132, 144, 202,
        220,  72, 102,   6,  76,  33,  99,   7,   3, 103, 225, 168, 169, 188,
        139,  98,  42, 145,  40, 136, 143, 193,   0,  61, 170, 159, 214, 164,
        104, 100, 134, 221,  64, 138, 187,  55, 126,  32,   8,  54, 181,  74,
        226, 118, 157,  70, 215, 180, 189, 228, 192,  44, 165, 163, 211,  93,
        217, 150, 160, 198, 234,  34,  67,  15,  39,  49,  87, 117, 207, 209,
         68, 231,  29,  81, 119,  25,  79, 158, 218, 249, 208,  17,  38, 147,
        230,  63, 149, 251,  20, 122, 232,  52,  84,  85,  91, 112, 124,  16,
         19, 128, 233,  66, 116, 176, 182, 248,  14,  80,  88, 135, 213,   9,
         62, 105, 148, 154, 206,  28, 111, 236, 246,   2,  12, 129, 171,  21,
         75, 121, 123, 140, 237, 244,  31, 235, 250,  43,  78,  83,  89, 151,
        177, 197,  37,  45,  57,  58,  90, 152, 179,  13,  18,  23,  41,  53,
        127, 155, 200,  24, 120, 156, 172, 183, 185, 204, 239,  92, 108, 166,
        190, 205, 210, 240,  30,  60, 106, 173, 212, 227,  10,  51,  65,  95,
        125, 141, 161,  56,  82, 153, 195,  26, 115, 174,  36, 186, 222, 247,
         27,  69, 114, 184, 242, 175, 196,  71,  86, 113,  35,  94, 133, 191,
        224, 245,  97, 241,   1,  22,  59, 107, 229,  73,  96, 194, 178, 199,
        216,  48, 223, 109, 146, 167, 142, 219, 201,  50, 110,  46, 243, 238])
[2024-09-20 15:15:00,355][root][INFO] - sorted scores:tensor([90.8281, 90.8281, 90.8281, 90.8281, 90.8281, 90.8281, 90.8281, 90.8281,
        90.8203, 90.8203, 90.8203, 90.8203, 90.8203, 90.8203, 90.8125, 90.7656,
        90.6250, 90.6172, 90.5859, 90.5703, 90.5703, 90.5391, 90.4922, 90.4844,
        90.4844, 90.4531, 90.3984, 90.3984, 90.3672, 90.3594, 90.3281, 90.3047,
        90.2891, 90.2891, 90.2812, 90.2812, 90.2500, 90.2500, 90.2344, 90.2188,
        90.1953, 90.1719, 90.1172, 90.1094, 90.0859, 90.0859, 90.0781, 90.0312,
        90.0312, 89.9922, 89.9844, 89.9766, 89.9609, 89.9609, 89.9062, 89.8594,
        89.8594, 89.8516, 89.8125, 89.7969, 89.7969, 89.7578, 89.7578, 89.7578,
        89.7422, 89.7109, 89.6953, 89.6875, 89.6641, 89.6484, 89.6484, 89.6328,
        89.6328, 89.6250, 89.6250, 89.6172, 89.6172, 89.6094, 89.6094, 89.6094,
        89.6094, 89.6094, 89.6094, 89.6094, 89.6016, 89.6016, 89.5938, 89.5938,
        89.5938, 89.5859, 89.5781, 89.5781, 89.5781, 89.5781, 89.5703, 89.5625,
        89.5625, 89.5625, 89.5625, 89.5547, 89.5547, 89.5547, 89.5469, 89.5469,
        89.5469, 89.5391, 89.5391, 89.5391, 89.5391, 89.5391, 89.5391, 89.5312,
        89.5312, 89.5312, 89.5312, 89.5234, 89.5234, 89.5234, 89.5234, 89.5234,
        89.5156, 89.5156, 89.5156, 89.5156, 89.5156, 89.5078, 89.5078, 89.5078,
        89.5078, 89.5078, 89.5078, 89.5000, 89.5000, 89.5000, 89.5000, 89.4922,
        89.4922, 89.4922, 89.4922, 89.4844, 89.4844, 89.4844, 89.4844, 89.4844,
        89.4844, 89.4844, 89.4766, 89.4766, 89.4766, 89.4688, 89.4688, 89.4688,
        89.4688, 89.4688, 89.4688, 89.4688, 89.4609, 89.4609, 89.4609, 89.4609,
        89.4609, 89.4609, 89.4609, 89.4531, 89.4531, 89.4531, 89.4531, 89.4531,
        89.4531, 89.4531, 89.4531, 89.4453, 89.4453, 89.4453, 89.4453, 89.4453,
        89.4453, 89.4453, 89.4453, 89.4375, 89.4375, 89.4375, 89.4375, 89.4375,
        89.4375, 89.4375, 89.4297, 89.4297, 89.4297, 89.4297, 89.4297, 89.4297,
        89.4219, 89.4219, 89.4219, 89.4219, 89.4219, 89.4219, 89.4219, 89.4141,
        89.4141, 89.4141, 89.4141, 89.4062, 89.4062, 89.4062, 89.3984, 89.3984,
        89.3984, 89.3984, 89.3906, 89.3906, 89.3906, 89.3906, 89.3906, 89.3828,
        89.3828, 89.3750, 89.3750, 89.3750, 89.3672, 89.3672, 89.3672, 89.3672,
        89.3672, 89.3672, 89.3594, 89.3594, 89.3516, 89.3516, 89.3516, 89.3516,
        89.3516, 89.3438, 89.3438, 89.3438, 89.3359, 89.3359, 89.3359, 89.3281,
        89.3281, 89.3203, 89.3125, 89.3125, 89.3047, 89.2891, 89.2812, 89.2734,
        89.2734, 89.2656, 89.2578, 89.2266])
[2024-09-20 15:15:12,604][websockets.server][INFO] - server listening on 0.0.0.0:8080
[2024-09-20 15:15:14,276][websockets.server][INFO] - connection open
[2024-09-20 15:15:19,237][websockets.server][INFO] - connection open
[2024-09-20 15:15:20,476][root][INFO] - Succeeded to open port: /dev/ttyUSB0
[2024-09-20 15:15:20,477][root][INFO] - Succeeded to set baudrate to 3000000
[2024-09-20 15:15:42,707][root][ERROR] - > read: [TxRxResult] Incorrect status packet!
[2024-09-20 15:15:42,742][root][ERROR] - > read: [TxRxResult] Incorrect status packet!
[2024-09-20 15:15:42,881][root][ERROR] - > read: [TxRxResult] There is no status packet!
[2024-09-20 15:15:42,916][root][ERROR] - > read: [TxRxResult] There is no status packet!
[2024-09-20 15:15:43,055][root][ERROR] - > read: [TxRxResult] There is no status packet!
[2024-09-20 15:15:43,090][root][ERROR] - > read: [TxRxResult] There is no status packet!
