[2024-10-25 11:01:40,941][websockets.server][INFO] - server listening on 0.0.0.0:8080
[2024-10-25 11:01:41,142][root][INFO] - self.cfg: 
 lr: 0.0001
c_in: 6
zfar: 'Infinity'
debug: null
n_view: 1
run_id: 3wy8qqex
use_BN: true
exp_name: 2024-01-11-20-02-45
n_epochs: 62
save_dir: /home/bowenw/debug/2024-01-11-20-02-45/
use_mask: false
loss_type: pairwise_valid
optimizer: adam
batch_size: 64
crop_ratio: 1.1
enable_amp: true
use_normal: false
max_num_key: null
warmup_step: -1
input_resize:
- 160
- 160
max_step_val: 1000
vis_interval: 1000
weight_decay: 0
normalize_xyz: true
resume_run_id: null
clip_grad_norm: 'Infinity'
lr_epoch_decay: 500
render_backend: nvdiffrast
train_num_pair: 5
lr_decay_epochs:
- 50
n_epochs_warmup: 1
make_pair_online: false
gradient_max_norm: 'Infinity'
max_step_per_epoch: 10000
n_rendering_workers: 1
save_epoch_interval: 100
n_dataloader_workers: 100
split_objects_across_gpus: true
ckpt_dir: /home/shaol/gjx/rw/third_party/FoundationPose/learning/training/../../weights/2024-01-11-20-02-45/model_best.pth

[2024-10-25 11:01:41,142][root][INFO] - self.h5_file:None
[2024-10-25 11:01:41,296][root][INFO] - Using pretrained model from /home/shaol/gjx/rw/third_party/FoundationPose/learning/training/../../weights/2024-01-11-20-02-45/model_best.pth
[2024-10-25 11:01:41,359][root][INFO] - init done
[2024-10-25 11:01:41,359][root][INFO] - welcome
[2024-10-25 11:01:41,363][root][INFO] - self.cfg: 
 lr: 0.0001
c_in: 6
zfar: .inf
debug: null
w_rot: 0.1
n_view: 1
run_id: null
use_BN: true
rot_rep: axis_angle
ckpt_dir: /home/shaol/gjx/rw/third_party/FoundationPose/learning/training/../../weights/2023-10-28-18-33-37/model_best.pth
exp_name: 2023-10-28-18-33-37
save_dir: /tmp/2023-10-28-18-33-37/
loss_type: l2
optimizer: adam
trans_rep: tracknet
batch_size: 64
crop_ratio: 1.2
use_normal: false
BN_momentum: 0.1
max_num_key: null
warmup_step: -1
input_resize:
- 160
- 160
max_step_val: 1000
normal_uint8: false
vis_interval: 1000
weight_decay: 0
n_max_objects: null
normalize_xyz: true
clip_grad_norm: 'Infinity'
rot_normalizer: 0.3490658503988659
trans_normalizer:
- 0.019999999552965164
- 0.019999999552965164
- 0.05000000074505806
max_step_per_epoch: 25000
val_epoch_interval: 10
n_dataloader_workers: 60
enable_amp: true
use_mask: false

[2024-10-25 11:01:41,363][root][INFO] - self.h5_file:
[2024-10-25 11:01:41,411][root][INFO] - Using pretrained model from /home/shaol/gjx/rw/third_party/FoundationPose/learning/training/../../weights/2023-10-28-18-33-37/model_best.pth
[2024-10-25 11:01:41,432][root][INFO] - init done
[2024-10-25 11:01:42,719][websockets.server][INFO] - connection open
[2024-10-25 11:01:43,609][root][INFO] - self.diameter:0.137712368854882, vox_size:0.0068856184427441
[2024-10-25 11:01:43,624][root][INFO] - self.pts:torch.Size([807, 3])
[2024-10-25 11:01:44,980][root][INFO] - reset done
[2024-10-25 11:01:44,980][root][INFO] - cam_in_obs:(42, 4, 4)
[2024-10-25 11:01:45,001][root][INFO] - rot_grid:(252, 4, 4)
[2024-10-25 11:01:45,002][root][INFO] - after cluster, rot_grid:(252, 4, 4)
[2024-10-25 11:01:45,002][root][INFO] - self.rot_grid: torch.Size([252, 4, 4])
[2024-10-25 11:01:54,656][root][INFO] - Welcome
[2024-10-25 11:01:54,670][root][INFO] - poses:(252, 4, 4)
[2024-10-25 11:01:54,686][root][INFO] - after viewpoint, add_errs min:-1.0
[2024-10-25 11:01:54,718][root][INFO] - ob_in_cams:(252, 4, 4)
[2024-10-25 11:01:54,719][root][INFO] - self.cfg.use_normal:False
[2024-10-25 11:01:54,719][root][INFO] - trans_normalizer:[0.019999999552965164, 0.019999999552965164, 0.05000000074505806], rot_normalizer:0.3490658503988659
[2024-10-25 11:01:54,756][root][INFO] - making cropped data
[2024-10-25 11:01:54,756][root][INFO] - Welcome make_crop_data_batch
[2024-10-25 11:01:54,759][root][INFO] - make tf_to_crops done
[2024-10-25 11:01:54,787][root][INFO] - render done
[2024-10-25 11:01:54,793][root][INFO] - warp done
[2024-10-25 11:01:54,798][root][INFO] - pose batch data done
[2024-10-25 11:01:54,798][root][INFO] - forward start
[2024-10-25 11:01:54,925][root][INFO] - forward done
[2024-10-25 11:01:54,935][root][INFO] - making cropped data
[2024-10-25 11:01:54,935][root][INFO] - Welcome make_crop_data_batch
[2024-10-25 11:01:54,936][root][INFO] - make tf_to_crops done
[2024-10-25 11:01:54,955][root][INFO] - render done
[2024-10-25 11:01:54,959][root][INFO] - warp done
[2024-10-25 11:01:54,962][root][INFO] - pose batch data done
[2024-10-25 11:01:54,962][root][INFO] - forward start
[2024-10-25 11:01:54,963][root][INFO] - forward done
[2024-10-25 11:01:54,964][root][INFO] - making cropped data
[2024-10-25 11:01:54,964][root][INFO] - Welcome make_crop_data_batch
[2024-10-25 11:01:55,061][root][INFO] - make tf_to_crops done
[2024-10-25 11:01:55,080][root][INFO] - render done
[2024-10-25 11:01:55,084][root][INFO] - warp done
[2024-10-25 11:01:55,087][root][INFO] - pose batch data done
[2024-10-25 11:01:55,087][root][INFO] - forward start
[2024-10-25 11:01:55,088][root][INFO] - forward done
[2024-10-25 11:01:55,088][root][INFO] - making cropped data
[2024-10-25 11:01:55,088][root][INFO] - Welcome make_crop_data_batch
[2024-10-25 11:01:55,186][root][INFO] - make tf_to_crops done
[2024-10-25 11:01:55,205][root][INFO] - render done
[2024-10-25 11:01:55,209][root][INFO] - warp done
[2024-10-25 11:01:55,212][root][INFO] - pose batch data done
[2024-10-25 11:01:55,212][root][INFO] - forward start
[2024-10-25 11:01:55,213][root][INFO] - forward done
[2024-10-25 11:01:55,213][root][INFO] - making cropped data
[2024-10-25 11:01:55,214][root][INFO] - Welcome make_crop_data_batch
[2024-10-25 11:01:55,311][root][INFO] - make tf_to_crops done
[2024-10-25 11:01:55,330][root][INFO] - render done
[2024-10-25 11:01:55,333][root][INFO] - warp done
[2024-10-25 11:01:55,336][root][INFO] - pose batch data done
[2024-10-25 11:01:55,336][root][INFO] - forward start
[2024-10-25 11:01:55,338][root][INFO] - forward done
[2024-10-25 11:01:55,450][root][INFO] - ob_in_cams:(252, 4, 4)
[2024-10-25 11:01:55,450][root][INFO] - self.cfg.use_normal:False
[2024-10-25 11:01:55,450][root][INFO] - making cropped data
[2024-10-25 11:01:55,458][root][INFO] - Welcome make_crop_data_batch
[2024-10-25 11:01:55,459][root][INFO] - make tf_to_crops done
[2024-10-25 11:01:55,476][root][INFO] - render done
[2024-10-25 11:01:55,603][root][INFO] - pose batch data done
[2024-10-25 11:01:55,603][root][INFO] - pose_data.rgbAs.shape[0]: 252
[2024-10-25 11:01:55,697][root][INFO] - forward done
[2024-10-25 11:01:55,715][root][INFO] - final, add_errs min:-1.0
[2024-10-25 11:01:55,723][root][INFO] - sort ids:tensor([ 10,  11,  46,  53,  59, 136, 148, 149, 161, 167, 173, 197, 178, 179,
        191, 155, 166, 184,   3,   2,  98, 225, 200, 141,  99, 129, 137, 142,
        201, 215, 218,  37,  32,  75, 150,  48,  65, 120, 133,  76, 123, 128,
        224,  36,  45, 156, 203, 219,   0, 138,  50,  58, 163, 209, 223, 243,
         30,  39,  42, 130, 196, 227, 241, 102, 126, 146, 176,  19,  97, 109,
        175, 221,  31,  56,  67,  73, 157, 168, 170, 211, 251,  64,  88, 101,
        103, 194, 208, 214, 237, 242,   1,  20,  28,  47,  71, 105, 135, 151,
        233, 244,  52, 104, 107, 131, 132, 158, 229, 248,   5,  41,  49,  68,
         96, 121, 152, 186, 192, 212, 222, 231,  27,  35,  44,  62, 108, 114,
        119, 143, 165, 239, 240, 249,   6,  17,  63, 125, 154, 205, 210,   9,
         15,  23,  24,  61,  69,  74,  87,  91,  95, 140, 181, 188, 228, 230,
        235,   8,  38,  72,  78,  80,  84,  86,  90,  94, 111, 116, 134, 147,
        162, 185, 198, 207, 213, 217, 226,   7,  14,  77,  81,  85, 145, 169,
        172, 206, 246,  13,  18,  33,  55,  60,  82,  93, 115, 160, 180, 190,
        236, 245,   4,  22,  54, 106, 127, 171, 174, 193, 220,  70, 100, 199,
        204, 247,  12,  57, 122, 144,  29,  79,  89, 117, 124, 216,  21,  40,
         43,  83, 164, 232,  16,  25,  92, 118, 139, 187, 189, 202, 250, 112,
        177, 234, 238, 113, 159, 182, 195, 110,  51,  66, 183,  26,  34, 153])
[2024-10-25 11:01:55,727][root][INFO] - sorted scores:tensor([125.4062, 125.4062, 125.4062, 125.4062, 125.4062, 125.4062, 125.4062,
        125.4062, 125.4062, 125.4062, 125.4062, 125.4062, 125.3594, 125.3594,
        125.3281, 125.2969, 125.1406, 125.1094, 125.0781, 125.0625, 125.0625,
        125.0000, 124.9844, 124.9688, 124.9531, 124.9531, 124.9531, 124.9531,
        124.9531, 124.9375, 124.9375, 124.9219, 124.9062, 124.9062, 124.9062,
        124.8750, 124.8750, 124.8750, 124.8750, 124.8594, 124.8594, 124.8594,
        124.8594, 124.8438, 124.8438, 124.8438, 124.8438, 124.8438, 124.8281,
        124.8281, 124.8125, 124.8125, 124.8125, 124.8125, 124.8125, 124.8125,
        124.7969, 124.7969, 124.7969, 124.7969, 124.7969, 124.7969, 124.7969,
        124.7812, 124.7812, 124.7812, 124.7812, 124.7656, 124.7656, 124.7656,
        124.7656, 124.7656, 124.7500, 124.7500, 124.7500, 124.7500, 124.7500,
        124.7500, 124.7500, 124.7500, 124.7500, 124.7344, 124.7344, 124.7344,
        124.7344, 124.7344, 124.7344, 124.7344, 124.7344, 124.7344, 124.7188,
        124.7188, 124.7188, 124.7188, 124.7188, 124.7188, 124.7188, 124.7188,
        124.7188, 124.7188, 124.7031, 124.7031, 124.7031, 124.7031, 124.7031,
        124.7031, 124.7031, 124.7031, 124.6875, 124.6875, 124.6875, 124.6875,
        124.6875, 124.6875, 124.6875, 124.6875, 124.6875, 124.6875, 124.6875,
        124.6875, 124.6719, 124.6719, 124.6719, 124.6719, 124.6719, 124.6719,
        124.6719, 124.6719, 124.6719, 124.6719, 124.6719, 124.6719, 124.6562,
        124.6562, 124.6562, 124.6562, 124.6562, 124.6562, 124.6562, 124.6406,
        124.6406, 124.6406, 124.6406, 124.6406, 124.6406, 124.6406, 124.6406,
        124.6406, 124.6406, 124.6406, 124.6406, 124.6406, 124.6406, 124.6406,
        124.6406, 124.6250, 124.6250, 124.6250, 124.6250, 124.6250, 124.6250,
        124.6250, 124.6250, 124.6250, 124.6250, 124.6250, 124.6250, 124.6250,
        124.6250, 124.6250, 124.6250, 124.6250, 124.6250, 124.6250, 124.6250,
        124.6094, 124.6094, 124.6094, 124.6094, 124.6094, 124.6094, 124.6094,
        124.6094, 124.6094, 124.6094, 124.5938, 124.5938, 124.5938, 124.5938,
        124.5938, 124.5938, 124.5938, 124.5938, 124.5938, 124.5938, 124.5938,
        124.5938, 124.5938, 124.5781, 124.5781, 124.5781, 124.5781, 124.5781,
        124.5781, 124.5781, 124.5781, 124.5781, 124.5625, 124.5625, 124.5625,
        124.5625, 124.5625, 124.5469, 124.5469, 124.5469, 124.5469, 124.5312,
        124.5312, 124.5312, 124.5312, 124.5312, 124.5312, 124.5156, 124.5156,
        124.5156, 124.5156, 124.5156, 124.5156, 124.5000, 124.5000, 124.5000,
        124.5000, 124.5000, 124.5000, 124.5000, 124.5000, 124.5000, 124.4844,
        124.4844, 124.4844, 124.4844, 124.4688, 124.4688, 124.4688, 124.4688,
        124.4531, 124.4375, 124.4375, 124.4375, 124.4219, 124.4062, 124.4062])
