[2024-09-19 20:57:42,603][root][INFO] - self.cfg: 
 lr: 0.0001
c_in: 6
zfar: 'Infinity'
debug: null
n_view: 1
run_id: 3wy8qqex
use_BN: true
exp_name: 2024-01-11-20-02-45
n_epochs: 62
save_dir: /home/bowenw/debug/2024-01-11-20-02-45/
use_mask: false
loss_type: pairwise_valid
optimizer: adam
batch_size: 64
crop_ratio: 1.1
enable_amp: true
use_normal: false
max_num_key: null
warmup_step: -1
input_resize:
- 160
- 160
max_step_val: 1000
vis_interval: 1000
weight_decay: 0
normalize_xyz: true
resume_run_id: null
clip_grad_norm: 'Infinity'
lr_epoch_decay: 500
render_backend: nvdiffrast
train_num_pair: 5
lr_decay_epochs:
- 50
n_epochs_warmup: 1
make_pair_online: false
gradient_max_norm: 'Infinity'
max_step_per_epoch: 10000
n_rendering_workers: 1
save_epoch_interval: 100
n_dataloader_workers: 100
split_objects_across_gpus: true
ckpt_dir: FoundationPose/learning/training/../../weights/2024-01-11-20-02-45/model_best.pth

[2024-09-19 20:57:42,603][root][INFO] - self.h5_file:None
[2024-09-19 20:57:42,768][root][INFO] - Using pretrained model from FoundationPose/learning/training/../../weights/2024-01-11-20-02-45/model_best.pth
[2024-09-19 20:57:42,828][root][INFO] - init done
[2024-09-19 20:57:42,828][root][INFO] - welcome
[2024-09-19 20:57:42,832][root][INFO] - self.cfg: 
 lr: 0.0001
c_in: 6
zfar: .inf
debug: null
w_rot: 0.1
n_view: 1
run_id: null
use_BN: true
rot_rep: axis_angle
ckpt_dir: FoundationPose/learning/training/../../weights/2023-10-28-18-33-37/model_best.pth
exp_name: 2023-10-28-18-33-37
save_dir: /tmp/2023-10-28-18-33-37/
loss_type: l2
optimizer: adam
trans_rep: tracknet
batch_size: 64
crop_ratio: 1.2
use_normal: false
BN_momentum: 0.1
max_num_key: null
warmup_step: -1
input_resize:
- 160
- 160
max_step_val: 1000
normal_uint8: false
vis_interval: 1000
weight_decay: 0
n_max_objects: null
normalize_xyz: true
clip_grad_norm: 'Infinity'
rot_normalizer: 0.3490658503988659
trans_normalizer:
- 0.019999999552965164
- 0.019999999552965164
- 0.05000000074505806
max_step_per_epoch: 25000
val_epoch_interval: 10
n_dataloader_workers: 60
enable_amp: true
use_mask: false

[2024-09-19 20:57:42,832][root][INFO] - self.h5_file:
[2024-09-19 20:57:42,882][root][INFO] - Using pretrained model from FoundationPose/learning/training/../../weights/2023-10-28-18-33-37/model_best.pth
[2024-09-19 20:57:42,903][root][INFO] - init done
[2024-09-19 20:57:45,095][root][INFO] - self.diameter:0.1548224583430964, vox_size:0.00774112291715482
[2024-09-19 20:57:45,107][root][INFO] - self.pts:torch.Size([788, 3])
[2024-09-19 20:57:46,119][root][INFO] - reset done
[2024-09-19 20:57:46,120][root][INFO] - cam_in_obs:(42, 4, 4)
[2024-09-19 20:57:46,130][root][INFO] - rot_grid:(252, 4, 4)
[2024-09-19 20:57:46,131][root][INFO] - after cluster, rot_grid:(252, 4, 4)
[2024-09-19 20:57:46,131][root][INFO] - self.rot_grid: torch.Size([252, 4, 4])
[2024-09-19 20:57:56,936][root][INFO] - Welcome
[2024-09-19 20:57:56,958][root][INFO] - poses:(252, 4, 4)
[2024-09-19 20:57:56,968][root][INFO] - after viewpoint, add_errs min:-1.0
[2024-09-19 20:57:57,041][root][INFO] - ob_in_cams:(252, 4, 4)
[2024-09-19 20:57:57,042][root][INFO] - self.cfg.use_normal:False
[2024-09-19 20:57:57,042][root][INFO] - trans_normalizer:[0.019999999552965164, 0.019999999552965164, 0.05000000074505806], rot_normalizer:0.3490658503988659
[2024-09-19 20:57:57,048][root][INFO] - making cropped data
[2024-09-19 20:57:57,048][root][INFO] - Welcome make_crop_data_batch
[2024-09-19 20:57:57,053][root][INFO] - make tf_to_crops done
[2024-09-19 20:57:57,086][root][INFO] - render done
[2024-09-19 20:57:57,091][root][INFO] - warp done
[2024-09-19 20:57:57,097][root][INFO] - pose batch data done
[2024-09-19 20:57:57,097][root][INFO] - forward start
[2024-09-19 20:57:57,215][root][INFO] - forward done
[2024-09-19 20:57:57,226][root][INFO] - making cropped data
[2024-09-19 20:57:57,233][root][INFO] - Welcome make_crop_data_batch
[2024-09-19 20:57:57,233][root][INFO] - make tf_to_crops done
[2024-09-19 20:57:57,255][root][INFO] - render done
[2024-09-19 20:57:57,259][root][INFO] - warp done
[2024-09-19 20:57:57,261][root][INFO] - pose batch data done
[2024-09-19 20:57:57,262][root][INFO] - forward start
[2024-09-19 20:57:57,263][root][INFO] - forward done
[2024-09-19 20:57:57,263][root][INFO] - making cropped data
[2024-09-19 20:57:57,263][root][INFO] - Welcome make_crop_data_batch
[2024-09-19 20:57:57,365][root][INFO] - make tf_to_crops done
[2024-09-19 20:57:57,388][root][INFO] - render done
[2024-09-19 20:57:57,392][root][INFO] - warp done
[2024-09-19 20:57:57,394][root][INFO] - pose batch data done
[2024-09-19 20:57:57,394][root][INFO] - forward start
[2024-09-19 20:57:57,396][root][INFO] - forward done
[2024-09-19 20:57:57,396][root][INFO] - making cropped data
[2024-09-19 20:57:57,396][root][INFO] - Welcome make_crop_data_batch
[2024-09-19 20:57:57,497][root][INFO] - make tf_to_crops done
[2024-09-19 20:57:57,520][root][INFO] - render done
[2024-09-19 20:57:57,524][root][INFO] - warp done
[2024-09-19 20:57:57,527][root][INFO] - pose batch data done
[2024-09-19 20:57:57,527][root][INFO] - forward start
[2024-09-19 20:57:57,528][root][INFO] - forward done
[2024-09-19 20:57:57,528][root][INFO] - making cropped data
[2024-09-19 20:57:57,528][root][INFO] - Welcome make_crop_data_batch
[2024-09-19 20:57:57,631][root][INFO] - make tf_to_crops done
[2024-09-19 20:57:57,653][root][INFO] - render done
[2024-09-19 20:57:57,657][root][INFO] - warp done
[2024-09-19 20:57:57,660][root][INFO] - pose batch data done
[2024-09-19 20:57:57,660][root][INFO] - forward start
[2024-09-19 20:57:57,661][root][INFO] - forward done
[2024-09-19 20:57:57,779][root][INFO] - ob_in_cams:(252, 4, 4)
[2024-09-19 20:57:57,779][root][INFO] - self.cfg.use_normal:False
[2024-09-19 20:57:57,779][root][INFO] - making cropped data
[2024-09-19 20:57:57,789][root][INFO] - Welcome make_crop_data_batch
[2024-09-19 20:57:57,790][root][INFO] - make tf_to_crops done
[2024-09-19 20:57:57,810][root][INFO] - render done
[2024-09-19 20:57:57,941][root][INFO] - pose batch data done
[2024-09-19 20:57:57,941][root][INFO] - pose_data.rgbAs.shape[0]: 252
[2024-09-19 20:57:58,039][root][INFO] - forward done
[2024-09-19 20:57:58,057][root][INFO] - final, add_errs min:-1.0
[2024-09-19 20:57:58,066][root][INFO] - sort ids:tensor([  7,   8,  43,  73,  74,  98, 103, 104, 127, 133, 134, 146, 170, 169,
        128,  34,   4,   5,  76, 101, 106, 227,  77, 131, 137, 203,  41,  83,
         95, 119, 124, 125, 154, 160, 179, 185,   1,  22,  23,  26,  82,  91,
        122, 155, 212, 235,   0,  13,  14,  38,  80,  85,  86,  92, 116, 117,
        121, 156, 163, 171, 178, 183, 204, 205, 206, 229,  12,  15,  18,  21,
         27,  28,  29,  36,  37,  42,  49,  78,  79,  81,  87,  88,  93,  94,
         99, 114, 115, 120, 132, 150, 177, 198, 218, 221, 230, 231, 237,   3,
         35,  67,  72,  75, 105, 126, 138, 145, 166, 248, 226,   6,  33,  71,
        186, 244, 251, 111, 161, 189, 197, 216, 236,   9,  25,  55,  70, 100,
        107, 188, 191, 194, 196, 241,  40,  50,  90, 109, 228, 142, 184, 211,
         20,  45, 108, 153, 247,  17,  56,  65, 110, 182, 209,  89, 123, 141,
        172, 174,  44, 151, 176, 233,  16,  24,  39, 202,   2,  58, 207, 239,
         84, 199,  11,  19, 136, 201, 225, 181,  68, 168, 193, 232,  61, 149,
         10,  62,  64, 148, 167, 175, 200, 217, 243,  52, 162, 173, 222, 249,
        250,  59, 102, 118, 129, 130, 135, 164, 208, 224, 242,  96, 158, 238,
        245,  30,  53,  97, 147, 190, 214, 215, 223, 152,  31,  47, 234,  46,
         48,  57, 195, 219, 220,  66,  69, 165, 187, 210,  32,  51,  54,  60,
         63, 159, 180, 192, 246, 112, 139, 213, 240, 113, 140, 143, 144, 157])
[2024-09-19 20:57:58,070][root][INFO] - sorted scores:tensor([67.9688, 67.9688, 67.9688, 67.9688, 67.9688, 67.9688, 67.9688, 67.9688,
        67.9688, 67.9688, 67.9688, 67.9688, 67.9688, 67.9062, 67.7812, 67.3125,
        67.2812, 67.2812, 67.2812, 67.2812, 67.2812, 67.2812, 67.2500, 67.2500,
        67.2500, 67.2500, 67.2188, 67.1875, 67.1875, 67.1875, 67.1875, 67.1875,
        67.1875, 67.1875, 67.1875, 67.1875, 67.1562, 67.1562, 67.1562, 67.1562,
        67.1562, 67.1562, 67.1562, 67.1562, 67.1562, 67.1562, 67.1250, 67.1250,
        67.1250, 67.1250, 67.1250, 67.1250, 67.1250, 67.1250, 67.1250, 67.1250,
        67.1250, 67.1250, 67.1250, 67.1250, 67.1250, 67.1250, 67.1250, 67.1250,
        67.1250, 67.1250, 67.0938, 67.0938, 67.0938, 67.0938, 67.0938, 67.0938,
        67.0938, 67.0938, 67.0938, 67.0938, 67.0938, 67.0938, 67.0938, 67.0938,
        67.0938, 67.0938, 67.0938, 67.0938, 67.0938, 67.0938, 67.0938, 67.0938,
        67.0938, 67.0938, 67.0938, 67.0938, 67.0938, 67.0938, 67.0938, 67.0938,
        67.0938, 67.0625, 67.0625, 67.0625, 67.0625, 67.0625, 67.0625, 67.0625,
        67.0625, 67.0625, 67.0625, 67.0625, 67.0312, 67.0000, 67.0000, 67.0000,
        67.0000, 67.0000, 67.0000, 66.9688, 66.9688, 66.9688, 66.9688, 66.9688,
        66.9688, 66.9375, 66.9375, 66.9375, 66.9375, 66.9375, 66.9375, 66.9375,
        66.9375, 66.9375, 66.9375, 66.9375, 66.9062, 66.9062, 66.9062, 66.9062,
        66.9062, 66.8750, 66.8750, 66.8750, 66.8438, 66.8438, 66.8438, 66.8438,
        66.8438, 66.8125, 66.8125, 66.8125, 66.8125, 66.8125, 66.8125, 66.7812,
        66.7812, 66.7812, 66.7812, 66.7812, 66.7500, 66.7500, 66.7500, 66.7500,
        66.7188, 66.7188, 66.7188, 66.7188, 66.6875, 66.6875, 66.6875, 66.6875,
        66.6562, 66.6562, 66.6250, 66.6250, 66.6250, 66.6250, 66.6250, 66.5938,
        66.5625, 66.5625, 66.5625, 66.5625, 66.5312, 66.5312, 66.5000, 66.5000,
        66.5000, 66.5000, 66.5000, 66.5000, 66.5000, 66.5000, 66.5000, 66.4375,
        66.4375, 66.4375, 66.4375, 66.4375, 66.4375, 66.4062, 66.4062, 66.4062,
        66.4062, 66.4062, 66.4062, 66.4062, 66.4062, 66.4062, 66.4062, 66.3750,
        66.3750, 66.3750, 66.3750, 66.3438, 66.3438, 66.3438, 66.3438, 66.3438,
        66.3438, 66.3438, 66.3438, 66.3125, 66.2500, 66.2500, 66.2500, 66.2188,
        66.2188, 66.2188, 66.2188, 66.2188, 66.2188, 66.1875, 66.1875, 66.1875,
        66.1875, 66.1875, 66.1562, 66.1562, 66.1562, 66.1562, 66.1562, 66.1562,
        66.1562, 66.1562, 66.1562, 66.1250, 66.1250, 66.1250, 66.1250, 66.0938,
        66.0938, 66.0938, 66.0938, 66.0625])
[2024-09-19 20:58:04,055][websockets.server][INFO] - server listening on 0.0.0.0:8080
[2024-09-19 20:58:04,606][websockets.server][INFO] - connection open
[2024-09-19 20:58:13,451][root][INFO] - Succeeded to open port: /dev/ttyUSB0
[2024-09-19 20:58:13,451][root][INFO] - Succeeded to set baudrate to 3000000
[2024-09-19 20:58:38,467][websockets.server][INFO] - connection open
