[2024-10-25 16:31:30,891][websockets.server][INFO] - server listening on 0.0.0.0:8080
[2024-10-25 16:31:30,938][websockets.server][INFO] - connection open
[2024-10-25 16:31:31,027][root][INFO] - self.cfg: 
 lr: 0.0001
c_in: 6
zfar: 'Infinity'
debug: null
n_view: 1
run_id: 3wy8qqex
use_BN: true
exp_name: 2024-01-11-20-02-45
n_epochs: 62
save_dir: /home/bowenw/debug/2024-01-11-20-02-45/
use_mask: false
loss_type: pairwise_valid
optimizer: adam
batch_size: 64
crop_ratio: 1.1
enable_amp: true
use_normal: false
max_num_key: null
warmup_step: -1
input_resize:
- 160
- 160
max_step_val: 1000
vis_interval: 1000
weight_decay: 0
normalize_xyz: true
resume_run_id: null
clip_grad_norm: 'Infinity'
lr_epoch_decay: 500
render_backend: nvdiffrast
train_num_pair: 5
lr_decay_epochs:
- 50
n_epochs_warmup: 1
make_pair_online: false
gradient_max_norm: 'Infinity'
max_step_per_epoch: 10000
n_rendering_workers: 1
save_epoch_interval: 100
n_dataloader_workers: 100
split_objects_across_gpus: true
ckpt_dir: /home/shaol/gjx/rw/third_party/FoundationPose/learning/training/../../weights/2024-01-11-20-02-45/model_best.pth

[2024-10-25 16:31:31,027][root][INFO] - self.h5_file:None
[2024-10-25 16:31:31,167][root][INFO] - Using pretrained model from /home/shaol/gjx/rw/third_party/FoundationPose/learning/training/../../weights/2024-01-11-20-02-45/model_best.pth
[2024-10-25 16:31:31,229][root][INFO] - init done
[2024-10-25 16:31:31,229][root][INFO] - welcome
[2024-10-25 16:31:31,232][root][INFO] - self.cfg: 
 lr: 0.0001
c_in: 6
zfar: .inf
debug: null
w_rot: 0.1
n_view: 1
run_id: null
use_BN: true
rot_rep: axis_angle
ckpt_dir: /home/shaol/gjx/rw/third_party/FoundationPose/learning/training/../../weights/2023-10-28-18-33-37/model_best.pth
exp_name: 2023-10-28-18-33-37
save_dir: /tmp/2023-10-28-18-33-37/
loss_type: l2
optimizer: adam
trans_rep: tracknet
batch_size: 64
crop_ratio: 1.2
use_normal: false
BN_momentum: 0.1
max_num_key: null
warmup_step: -1
input_resize:
- 160
- 160
max_step_val: 1000
normal_uint8: false
vis_interval: 1000
weight_decay: 0
n_max_objects: null
normalize_xyz: true
clip_grad_norm: 'Infinity'
rot_normalizer: 0.3490658503988659
trans_normalizer:
- 0.019999999552965164
- 0.019999999552965164
- 0.05000000074505806
max_step_per_epoch: 25000
val_epoch_interval: 10
n_dataloader_workers: 60
enable_amp: true
use_mask: false

[2024-10-25 16:31:31,232][root][INFO] - self.h5_file:
[2024-10-25 16:31:31,281][root][INFO] - Using pretrained model from /home/shaol/gjx/rw/third_party/FoundationPose/learning/training/../../weights/2023-10-28-18-33-37/model_best.pth
[2024-10-25 16:31:31,302][root][INFO] - init done
[2024-10-25 16:31:31,644][websockets.server][INFO] - connection open
[2024-10-25 16:31:32,567][root][INFO] - self.diameter:0.22612456594069064, vox_size:0.011306228297034532
[2024-10-25 16:31:32,581][root][INFO] - self.pts:torch.Size([334, 3])
[2024-10-25 16:31:33,796][root][INFO] - reset done
[2024-10-25 16:31:33,796][root][INFO] - cam_in_obs:(42, 4, 4)
[2024-10-25 16:31:33,798][root][INFO] - rot_grid:(252, 4, 4)
[2024-10-25 16:31:33,799][root][INFO] - after cluster, rot_grid:(252, 4, 4)
[2024-10-25 16:31:33,799][root][INFO] - self.rot_grid: torch.Size([252, 4, 4])
