[2024-10-25 11:14:24,927][websockets.server][INFO] - server listening on 0.0.0.0:8080
[2024-10-25 11:14:25,064][root][INFO] - self.cfg: 
 lr: 0.0001
c_in: 6
zfar: 'Infinity'
debug: null
n_view: 1
run_id: 3wy8qqex
use_BN: true
exp_name: 2024-01-11-20-02-45
n_epochs: 62
save_dir: /home/bowenw/debug/2024-01-11-20-02-45/
use_mask: false
loss_type: pairwise_valid
optimizer: adam
batch_size: 64
crop_ratio: 1.1
enable_amp: true
use_normal: false
max_num_key: null
warmup_step: -1
input_resize:
- 160
- 160
max_step_val: 1000
vis_interval: 1000
weight_decay: 0
normalize_xyz: true
resume_run_id: null
clip_grad_norm: 'Infinity'
lr_epoch_decay: 500
render_backend: nvdiffrast
train_num_pair: 5
lr_decay_epochs:
- 50
n_epochs_warmup: 1
make_pair_online: false
gradient_max_norm: 'Infinity'
max_step_per_epoch: 10000
n_rendering_workers: 1
save_epoch_interval: 100
n_dataloader_workers: 100
split_objects_across_gpus: true
ckpt_dir: /home/shaol/gjx/rw/third_party/FoundationPose/learning/training/../../weights/2024-01-11-20-02-45/model_best.pth

[2024-10-25 11:14:25,064][root][INFO] - self.h5_file:None
[2024-10-25 11:14:25,229][root][INFO] - Using pretrained model from /home/shaol/gjx/rw/third_party/FoundationPose/learning/training/../../weights/2024-01-11-20-02-45/model_best.pth
[2024-10-25 11:14:25,295][root][INFO] - init done
[2024-10-25 11:14:25,295][root][INFO] - welcome
[2024-10-25 11:14:25,298][root][INFO] - self.cfg: 
 lr: 0.0001
c_in: 6
zfar: .inf
debug: null
w_rot: 0.1
n_view: 1
run_id: null
use_BN: true
rot_rep: axis_angle
ckpt_dir: /home/shaol/gjx/rw/third_party/FoundationPose/learning/training/../../weights/2023-10-28-18-33-37/model_best.pth
exp_name: 2023-10-28-18-33-37
save_dir: /tmp/2023-10-28-18-33-37/
loss_type: l2
optimizer: adam
trans_rep: tracknet
batch_size: 64
crop_ratio: 1.2
use_normal: false
BN_momentum: 0.1
max_num_key: null
warmup_step: -1
input_resize:
- 160
- 160
max_step_val: 1000
normal_uint8: false
vis_interval: 1000
weight_decay: 0
n_max_objects: null
normalize_xyz: true
clip_grad_norm: 'Infinity'
rot_normalizer: 0.3490658503988659
trans_normalizer:
- 0.019999999552965164
- 0.019999999552965164
- 0.05000000074505806
max_step_per_epoch: 25000
val_epoch_interval: 10
n_dataloader_workers: 60
enable_amp: true
use_mask: false

[2024-10-25 11:14:25,298][root][INFO] - self.h5_file:
[2024-10-25 11:14:25,344][root][INFO] - Using pretrained model from /home/shaol/gjx/rw/third_party/FoundationPose/learning/training/../../weights/2023-10-28-18-33-37/model_best.pth
[2024-10-25 11:14:25,364][root][INFO] - init done
[2024-10-25 11:14:26,825][root][INFO] - self.diameter:0.20218917538522446, vox_size:0.010109458769261222
[2024-10-25 11:14:26,840][root][INFO] - self.pts:torch.Size([390, 3])
[2024-10-25 11:14:27,028][websockets.server][INFO] - connection open
[2024-10-25 11:14:27,973][root][INFO] - reset done
[2024-10-25 11:14:27,973][root][INFO] - cam_in_obs:(42, 4, 4)
[2024-10-25 11:14:27,975][root][INFO] - rot_grid:(252, 4, 4)
[2024-10-25 11:14:27,976][root][INFO] - after cluster, rot_grid:(252, 4, 4)
[2024-10-25 11:14:27,976][root][INFO] - self.rot_grid: torch.Size([252, 4, 4])
[2024-10-25 11:14:37,005][root][INFO] - Welcome
[2024-10-25 11:14:37,030][root][INFO] - poses:(252, 4, 4)
[2024-10-25 11:14:37,042][root][INFO] - after viewpoint, add_errs min:-1.0
[2024-10-25 11:14:37,091][root][INFO] - ob_in_cams:(252, 4, 4)
[2024-10-25 11:14:37,091][root][INFO] - self.cfg.use_normal:False
[2024-10-25 11:14:37,091][root][INFO] - trans_normalizer:[0.019999999552965164, 0.019999999552965164, 0.05000000074505806], rot_normalizer:0.3490658503988659
[2024-10-25 11:14:37,115][root][INFO] - making cropped data
[2024-10-25 11:14:37,115][root][INFO] - Welcome make_crop_data_batch
[2024-10-25 11:14:37,120][root][INFO] - make tf_to_crops done
[2024-10-25 11:14:37,143][root][INFO] - render done
[2024-10-25 11:14:37,149][root][INFO] - warp done
[2024-10-25 11:14:37,154][root][INFO] - pose batch data done
[2024-10-25 11:14:37,154][root][INFO] - forward start
[2024-10-25 11:14:37,275][root][INFO] - forward done
[2024-10-25 11:14:37,286][root][INFO] - making cropped data
[2024-10-25 11:14:37,286][root][INFO] - Welcome make_crop_data_batch
[2024-10-25 11:14:37,286][root][INFO] - make tf_to_crops done
[2024-10-25 11:14:37,302][root][INFO] - render done
[2024-10-25 11:14:37,305][root][INFO] - warp done
[2024-10-25 11:14:37,308][root][INFO] - pose batch data done
[2024-10-25 11:14:37,308][root][INFO] - forward start
[2024-10-25 11:14:37,310][root][INFO] - forward done
[2024-10-25 11:14:37,310][root][INFO] - making cropped data
[2024-10-25 11:14:37,310][root][INFO] - Welcome make_crop_data_batch
[2024-10-25 11:14:37,405][root][INFO] - make tf_to_crops done
[2024-10-25 11:14:37,420][root][INFO] - render done
[2024-10-25 11:14:37,423][root][INFO] - warp done
[2024-10-25 11:14:37,425][root][INFO] - pose batch data done
[2024-10-25 11:14:37,426][root][INFO] - forward start
[2024-10-25 11:14:37,427][root][INFO] - forward done
[2024-10-25 11:14:37,427][root][INFO] - making cropped data
[2024-10-25 11:14:37,427][root][INFO] - Welcome make_crop_data_batch
[2024-10-25 11:14:37,522][root][INFO] - make tf_to_crops done
[2024-10-25 11:14:37,537][root][INFO] - render done
[2024-10-25 11:14:37,541][root][INFO] - warp done
[2024-10-25 11:14:37,543][root][INFO] - pose batch data done
[2024-10-25 11:14:37,543][root][INFO] - forward start
[2024-10-25 11:14:37,545][root][INFO] - forward done
[2024-10-25 11:14:37,545][root][INFO] - making cropped data
[2024-10-25 11:14:37,545][root][INFO] - Welcome make_crop_data_batch
[2024-10-25 11:14:37,641][root][INFO] - make tf_to_crops done
[2024-10-25 11:14:37,656][root][INFO] - render done
[2024-10-25 11:14:37,660][root][INFO] - warp done
[2024-10-25 11:14:37,662][root][INFO] - pose batch data done
[2024-10-25 11:14:37,662][root][INFO] - forward start
[2024-10-25 11:14:37,664][root][INFO] - forward done
[2024-10-25 11:14:37,776][root][INFO] - ob_in_cams:(252, 4, 4)
[2024-10-25 11:14:37,776][root][INFO] - self.cfg.use_normal:False
[2024-10-25 11:14:37,776][root][INFO] - making cropped data
[2024-10-25 11:14:37,782][root][INFO] - Welcome make_crop_data_batch
[2024-10-25 11:14:37,782][root][INFO] - make tf_to_crops done
[2024-10-25 11:14:37,795][root][INFO] - render done
[2024-10-25 11:14:37,919][root][INFO] - pose batch data done
[2024-10-25 11:14:37,920][root][INFO] - pose_data.rgbAs.shape[0]: 252
[2024-10-25 11:14:38,011][root][INFO] - forward done
[2024-10-25 11:14:38,029][root][INFO] - final, add_errs min:-1.0
[2024-10-25 11:14:38,037][root][INFO] - sort ids:tensor([231, 237, 249,  62,  74, 128, 225, 230, 241, 242, 248,   2,  14,  31,
         68,  69,  98, 200, 206, 218, 224, 236, 144,  48,   3, 192,  59, 149,
        197, 167, 168,  75,  53,  45, 212, 119,  60,  80,  11,  71, 198,  86,
        116, 215, 251, 227,   6,  94, 185,  36,  37, 126, 216, 243, 173, 179,
        194, 209, 246,  54, 155, 176, 210,  41, 125, 137, 222,  57, 195,   0,
         50,  65,  83,  95, 153, 159, 164, 228,  23,  92, 105, 161, 204,  20,
         32,  51,  66, 129, 134, 171, 177, 234,   9,  30,  72, 123, 146, 245,
        102, 108,   8, 135, 113, 223, 107, 147, 165, 184,   5,  21,  35,  77,
         93, 152, 189, 191,  96, 114, 183,  17,  85,   1,  84, 101, 240,  26,
         89,  90, 122, 187, 201,  63,  78, 217, 233,  81, 103, 110, 199,  10,
         12, 239,  27,  44, 172,  73, 145, 148, 166, 174, 193, 203,  49,  56,
         76,  79,  91, 100, 112, 211,   7,  67,  70,  88, 132, 136, 182, 186,
         87,  97, 106, 115, 121, 127, 170, 175, 181, 188,  18,  19,  34,  39,
        104, 130, 141, 157, 158, 205, 207, 219, 232, 244,   4,  61,  64, 124,
        178, 190, 196, 235,  16,  28,  29,  82, 109, 118, 139, 140, 151, 154,
        169, 208, 214, 220, 221, 247,  43,  47, 111, 131, 142, 160, 163, 180,
        226, 250,  13,  22,  24,  40, 143, 202, 238,  38,  42,  55, 117, 133,
        213, 229,  15,  25,  52,  58,  46, 138, 156,  33, 150, 162, 120,  99])
[2024-10-25 11:14:38,041][root][INFO] - sorted scores:tensor([117.6250, 117.6250, 117.6250, 117.6094, 117.6094, 117.6094, 117.6094,
        117.6094, 117.6094, 117.6094, 117.6094, 117.5938, 117.5938, 117.5938,
        117.5938, 117.5938, 117.5938, 117.5938, 117.5938, 117.5938, 117.5938,
        117.5938, 117.3594, 117.3125, 117.2969, 117.2656, 117.2344, 117.2188,
        117.2188, 117.2031, 117.2031, 117.1875, 117.1406, 117.0938, 117.0938,
        117.0469, 116.9688, 116.9688, 116.9375, 116.9375, 116.9375, 116.9219,
        116.9219, 116.9219, 116.9219, 116.9062, 116.8906, 116.8906, 116.8906,
        116.8750, 116.8750, 116.8750, 116.8750, 116.8594, 116.8438, 116.8438,
        116.8438, 116.8438, 116.8438, 116.8281, 116.8281, 116.8281, 116.8281,
        116.8125, 116.8125, 116.8125, 116.8125, 116.7969, 116.7969, 116.7812,
        116.7812, 116.7812, 116.7812, 116.7812, 116.7812, 116.7812, 116.7812,
        116.7812, 116.7656, 116.7656, 116.7656, 116.7656, 116.7656, 116.7500,
        116.7500, 116.7500, 116.7500, 116.7500, 116.7500, 116.7500, 116.7500,
        116.7500, 116.7344, 116.7344, 116.7344, 116.7344, 116.7344, 116.7344,
        116.7188, 116.7188, 116.7031, 116.7031, 116.6875, 116.6875, 116.6719,
        116.6719, 116.6719, 116.6719, 116.6562, 116.6562, 116.6562, 116.6562,
        116.6562, 116.6562, 116.6562, 116.6562, 116.6406, 116.6406, 116.6406,
        116.6250, 116.6250, 116.6094, 116.6094, 116.6094, 116.6094, 116.5938,
        116.5938, 116.5938, 116.5938, 116.5938, 116.5938, 116.5781, 116.5781,
        116.5781, 116.5781, 116.5625, 116.5625, 116.5625, 116.5625, 116.5469,
        116.5469, 116.5469, 116.5312, 116.5312, 116.5312, 116.5156, 116.5156,
        116.5156, 116.5156, 116.5156, 116.5156, 116.5156, 116.5000, 116.4844,
        116.4844, 116.4844, 116.4844, 116.4844, 116.4844, 116.4844, 116.4688,
        116.4688, 116.4688, 116.4688, 116.4688, 116.4688, 116.4688, 116.4688,
        116.4531, 116.4531, 116.4531, 116.4531, 116.4531, 116.4531, 116.4531,
        116.4531, 116.4531, 116.4531, 116.4375, 116.4375, 116.4375, 116.4375,
        116.4375, 116.4375, 116.4375, 116.4375, 116.4375, 116.4375, 116.4375,
        116.4375, 116.4375, 116.4375, 116.4219, 116.4219, 116.4219, 116.4219,
        116.4219, 116.4219, 116.4219, 116.4219, 116.4062, 116.4062, 116.4062,
        116.4062, 116.4062, 116.4062, 116.4062, 116.4062, 116.4062, 116.4062,
        116.4062, 116.4062, 116.4062, 116.4062, 116.4062, 116.4062, 116.3906,
        116.3906, 116.3906, 116.3906, 116.3906, 116.3906, 116.3906, 116.3906,
        116.3906, 116.3906, 116.3750, 116.3750, 116.3750, 116.3750, 116.3750,
        116.3750, 116.3750, 116.3594, 116.3594, 116.3594, 116.3594, 116.3594,
        116.3594, 116.3594, 116.3438, 116.3438, 116.3438, 116.3438, 116.3281,
        116.3281, 116.3281, 116.3125, 116.2969, 116.2969, 116.2656, 116.2500])
