[2024-10-11 12:28:50,721][websockets.server][INFO] - server listening on 0.0.0.0:8080
[2024-10-11 12:28:50,901][root][INFO] - self.cfg: 
 lr: 0.0001
c_in: 6
zfar: 'Infinity'
debug: null
n_view: 1
run_id: 3wy8qqex
use_BN: true
exp_name: 2024-01-11-20-02-45
n_epochs: 62
save_dir: /home/bowenw/debug/2024-01-11-20-02-45/
use_mask: false
loss_type: pairwise_valid
optimizer: adam
batch_size: 64
crop_ratio: 1.1
enable_amp: true
use_normal: false
max_num_key: null
warmup_step: -1
input_resize:
- 160
- 160
max_step_val: 1000
vis_interval: 1000
weight_decay: 0
normalize_xyz: true
resume_run_id: null
clip_grad_norm: 'Infinity'
lr_epoch_decay: 500
render_backend: nvdiffrast
train_num_pair: 5
lr_decay_epochs:
- 50
n_epochs_warmup: 1
make_pair_online: false
gradient_max_norm: 'Infinity'
max_step_per_epoch: 10000
n_rendering_workers: 1
save_epoch_interval: 100
n_dataloader_workers: 100
split_objects_across_gpus: true
ckpt_dir: FoundationPose/learning/training/../../weights/2024-01-11-20-02-45/model_best.pth

[2024-10-11 12:28:50,901][root][INFO] - self.h5_file:None
[2024-10-11 12:28:51,080][root][INFO] - Using pretrained model from FoundationPose/learning/training/../../weights/2024-01-11-20-02-45/model_best.pth
[2024-10-11 12:28:51,140][root][INFO] - init done
[2024-10-11 12:28:51,141][root][INFO] - welcome
[2024-10-11 12:28:51,144][root][INFO] - self.cfg: 
 lr: 0.0001
c_in: 6
zfar: .inf
debug: null
w_rot: 0.1
n_view: 1
run_id: null
use_BN: true
rot_rep: axis_angle
ckpt_dir: FoundationPose/learning/training/../../weights/2023-10-28-18-33-37/model_best.pth
exp_name: 2023-10-28-18-33-37
save_dir: /tmp/2023-10-28-18-33-37/
loss_type: l2
optimizer: adam
trans_rep: tracknet
batch_size: 64
crop_ratio: 1.2
use_normal: false
BN_momentum: 0.1
max_num_key: null
warmup_step: -1
input_resize:
- 160
- 160
max_step_val: 1000
normal_uint8: false
vis_interval: 1000
weight_decay: 0
n_max_objects: null
normalize_xyz: true
clip_grad_norm: 'Infinity'
rot_normalizer: 0.3490658503988659
trans_normalizer:
- 0.019999999552965164
- 0.019999999552965164
- 0.05000000074505806
max_step_per_epoch: 25000
val_epoch_interval: 10
n_dataloader_workers: 60
enable_amp: true
use_mask: false

[2024-10-11 12:28:51,144][root][INFO] - self.h5_file:
[2024-10-11 12:28:51,195][root][INFO] - Using pretrained model from FoundationPose/learning/training/../../weights/2023-10-28-18-33-37/model_best.pth
[2024-10-11 12:28:51,217][root][INFO] - init done
[2024-10-11 12:28:53,357][root][INFO] - self.diameter:0.2324774443430137, vox_size:0.011623872217150685
[2024-10-11 12:28:53,372][root][INFO] - self.pts:torch.Size([385, 3])
[2024-10-11 12:28:54,175][root][INFO] - reset done
[2024-10-11 12:28:54,176][root][INFO] - cam_in_obs:(42, 4, 4)
[2024-10-11 12:28:54,177][root][INFO] - rot_grid:(252, 4, 4)
[2024-10-11 12:28:54,178][root][INFO] - after cluster, rot_grid:(252, 4, 4)
[2024-10-11 12:28:54,178][root][INFO] - self.rot_grid: torch.Size([252, 4, 4])
[2024-10-11 12:28:54,961][websockets.server][INFO] - connection open
[2024-10-11 12:29:01,994][root][INFO] - Welcome
[2024-10-11 12:29:02,009][root][INFO] - poses:(252, 4, 4)
[2024-10-11 12:29:02,018][root][INFO] - after viewpoint, add_errs min:-1.0
[2024-10-11 12:29:02,068][root][INFO] - ob_in_cams:(252, 4, 4)
[2024-10-11 12:29:02,068][root][INFO] - self.cfg.use_normal:False
[2024-10-11 12:29:02,069][root][INFO] - trans_normalizer:[0.019999999552965164, 0.019999999552965164, 0.05000000074505806], rot_normalizer:0.3490658503988659
[2024-10-11 12:29:02,094][root][INFO] - making cropped data
[2024-10-11 12:29:02,095][root][INFO] - Welcome make_crop_data_batch
[2024-10-11 12:29:02,099][root][INFO] - make tf_to_crops done
[2024-10-11 12:29:02,124][root][INFO] - render done
[2024-10-11 12:29:02,130][root][INFO] - warp done
[2024-10-11 12:29:02,135][root][INFO] - pose batch data done
[2024-10-11 12:29:02,135][root][INFO] - forward start
[2024-10-11 12:29:02,252][root][INFO] - forward done
[2024-10-11 12:29:02,263][root][INFO] - making cropped data
[2024-10-11 12:29:02,263][root][INFO] - Welcome make_crop_data_batch
[2024-10-11 12:29:02,264][root][INFO] - make tf_to_crops done
[2024-10-11 12:29:02,280][root][INFO] - render done
[2024-10-11 12:29:02,284][root][INFO] - warp done
[2024-10-11 12:29:02,287][root][INFO] - pose batch data done
[2024-10-11 12:29:02,287][root][INFO] - forward start
[2024-10-11 12:29:02,288][root][INFO] - forward done
[2024-10-11 12:29:02,289][root][INFO] - making cropped data
[2024-10-11 12:29:02,289][root][INFO] - Welcome make_crop_data_batch
[2024-10-11 12:29:02,389][root][INFO] - make tf_to_crops done
[2024-10-11 12:29:02,407][root][INFO] - render done
[2024-10-11 12:29:02,410][root][INFO] - warp done
[2024-10-11 12:29:02,413][root][INFO] - pose batch data done
[2024-10-11 12:29:02,413][root][INFO] - forward start
[2024-10-11 12:29:02,415][root][INFO] - forward done
[2024-10-11 12:29:02,415][root][INFO] - making cropped data
[2024-10-11 12:29:02,415][root][INFO] - Welcome make_crop_data_batch
[2024-10-11 12:29:02,515][root][INFO] - make tf_to_crops done
[2024-10-11 12:29:02,533][root][INFO] - render done
[2024-10-11 12:29:02,537][root][INFO] - warp done
[2024-10-11 12:29:02,540][root][INFO] - pose batch data done
[2024-10-11 12:29:02,540][root][INFO] - forward start
[2024-10-11 12:29:02,541][root][INFO] - forward done
[2024-10-11 12:29:02,541][root][INFO] - making cropped data
[2024-10-11 12:29:02,541][root][INFO] - Welcome make_crop_data_batch
[2024-10-11 12:29:02,642][root][INFO] - make tf_to_crops done
[2024-10-11 12:29:02,660][root][INFO] - render done
[2024-10-11 12:29:02,664][root][INFO] - warp done
[2024-10-11 12:29:02,667][root][INFO] - pose batch data done
[2024-10-11 12:29:02,667][root][INFO] - forward start
[2024-10-11 12:29:02,668][root][INFO] - forward done
[2024-10-11 12:29:02,784][root][INFO] - ob_in_cams:(252, 4, 4)
[2024-10-11 12:29:02,785][root][INFO] - self.cfg.use_normal:False
[2024-10-11 12:29:02,785][root][INFO] - making cropped data
[2024-10-11 12:29:02,793][root][INFO] - Welcome make_crop_data_batch
[2024-10-11 12:29:02,794][root][INFO] - make tf_to_crops done
[2024-10-11 12:29:02,810][root][INFO] - render done
[2024-10-11 12:29:02,942][root][INFO] - pose batch data done
[2024-10-11 12:29:02,942][root][INFO] - pose_data.rgbAs.shape[0]: 252
[2024-10-11 12:29:03,043][root][INFO] - forward done
[2024-10-11 12:29:03,060][root][INFO] - final, add_errs min:-1.0
[2024-10-11 12:29:03,070][root][INFO] - sort ids:tensor([ 11, 100,  76, 107, 226,   5,  10,  47,  77, 101, 106, 131, 137, 202,
        203, 220, 227, 245,   4, 130, 136,  34,  97,  50, 244,   2,   7,  43,
         73,  74, 104, 145, 251,   8,  32,  55, 103, 127, 133, 134, 146, 164,
        169, 170, 187,  64, 194,   1,  23,  52,  59,  82,  95,  96, 125, 155,
        161, 178, 196,  53, 102, 154, 179, 185, 197, 216, 126, 163,  41, 132,
        138, 162, 198,   6,   0,  42,  72,  83,  33, 221, 160, 189,  13,  14,
         22,  26,  62,  79,  80,  85,  86, 105, 116, 205, 206, 230, 235, 248,
          9,  67,  68,  75,  99, 115, 147, 171, 212, 229, 236, 121,  71, 250,
         56, 188,  44,  21, 247, 144, 224,  81,  94,  35, 210, 111, 237,   3,
         18,  58, 243,  37, 156, 200,  16,  17,  70, 108, 135, 201, 207,  15,
        119, 128, 231,  98, 118, 129, 150,  36,  89, 114, 141,  27,  78, 139,
        191,  93, 112, 124, 168,  29, 120, 184, 211, 225,  87, 142, 193,  28,
         45, 183,  19,  20,  38,  61, 109, 223,  88, 199,  91, 122, 177, 222,
         31,  49, 238,  92,  12,  46,  84, 204, 228,  25,  39,  90, 117, 123,
        153, 209,  40, 208, 232, 157,  24, 151, 152, 175, 176, 233, 234,  48,
         60, 148, 174, 180, 158,  65, 186, 246, 159, 166, 181, 182, 214, 215,
        239, 149, 219, 110, 173, 213, 241, 242, 172,  30,  51, 167, 218, 190,
        240, 143, 192,  57, 217, 165, 195, 140, 113,  69, 249,  66,  63,  54])
[2024-10-11 12:29:03,073][root][INFO] - sorted scores:tensor([84.2031, 84.2031, 84.1953, 84.1953, 84.1953, 84.1875, 84.1875, 84.1875,
        84.1875, 84.1875, 84.1875, 84.1875, 84.1875, 84.1875, 84.1875, 84.1875,
        84.1875, 84.1875, 84.1797, 84.1797, 84.1484, 84.1250, 84.0312, 84.0078,
        84.0078, 84.0000, 84.0000, 84.0000, 84.0000, 84.0000, 84.0000, 84.0000,
        84.0000, 83.9844, 83.9844, 83.9844, 83.9844, 83.9844, 83.9844, 83.9844,
        83.9844, 83.9844, 83.9844, 83.9844, 83.9844, 83.9688, 83.9688, 83.8906,
        83.7812, 83.7812, 83.7812, 83.7812, 83.7812, 83.7812, 83.7812, 83.7812,
        83.7812, 83.7812, 83.7812, 83.7656, 83.7656, 83.7656, 83.7656, 83.7656,
        83.7656, 83.7656, 83.7500, 83.7500, 83.7344, 83.7344, 83.7344, 83.7344,
        83.7344, 83.7188, 83.7031, 83.7031, 83.7031, 83.7031, 83.6719, 83.6719,
        83.6562, 83.6562, 83.6406, 83.6406, 83.6406, 83.6406, 83.6406, 83.6406,
        83.6406, 83.6406, 83.6406, 83.6406, 83.6406, 83.6406, 83.6406, 83.6406,
        83.6406, 83.6406, 83.6250, 83.6250, 83.6250, 83.6250, 83.6250, 83.6250,
        83.6250, 83.6250, 83.6250, 83.6250, 83.6250, 83.6094, 83.5781, 83.5781,
        83.5625, 83.5625, 83.5469, 83.5312, 83.5312, 83.5156, 83.5156, 83.5000,
        83.5000, 83.4844, 83.4844, 83.4688, 83.4688, 83.4531, 83.4531, 83.4531,
        83.4531, 83.4375, 83.4375, 83.4375, 83.4219, 83.4219, 83.4219, 83.4219,
        83.4219, 83.4219, 83.4219, 83.4062, 83.4062, 83.4062, 83.4062, 83.3906,
        83.3906, 83.3906, 83.3906, 83.3750, 83.3750, 83.3750, 83.3750, 83.3594,
        83.3594, 83.3594, 83.3594, 83.3438, 83.3438, 83.3438, 83.3438, 83.3281,
        83.3281, 83.3281, 83.3281, 83.3281, 83.3125, 83.3125, 83.3125, 83.2969,
        83.2969, 83.2969, 83.2812, 83.2812, 83.2812, 83.2812, 83.2812, 83.2812,
        83.2656, 83.2656, 83.2500, 83.2500, 83.2500, 83.2344, 83.2188, 83.2188,
        83.2188, 83.2031, 83.1875, 83.1875, 83.1875, 83.1875, 83.1875, 83.1719,
        83.1719, 83.1719, 83.1719, 83.1719, 83.1719, 83.1719, 83.1562, 83.1562,
        83.1562, 83.1406, 83.1250, 83.1250, 83.1094, 83.1094, 83.1094, 83.1094,
        83.1094, 83.0938, 83.0938, 83.0938, 83.0938, 83.0938, 83.0469, 83.0312,
        83.0156, 83.0156, 83.0000, 83.0000, 83.0000, 83.0000, 83.0000, 83.0000,
        83.0000, 82.9844, 82.9844, 82.9531, 82.9531, 82.9531, 82.9531, 82.9531,
        82.9375, 82.9219, 82.9062, 82.9062, 82.9062, 82.8750, 82.8438, 82.7969,
        82.7969, 82.7812, 82.7812, 82.7500, 82.7500, 82.7031, 82.6875, 82.6719,
        82.6719, 82.6562, 82.5938, 82.5469])
