[2024-09-23 00:26:32,776][root][INFO] - self.cfg: 
 lr: 0.0001
c_in: 6
zfar: 'Infinity'
debug: null
n_view: 1
run_id: 3wy8qqex
use_BN: true
exp_name: 2024-01-11-20-02-45
n_epochs: 62
save_dir: /home/bowenw/debug/2024-01-11-20-02-45/
use_mask: false
loss_type: pairwise_valid
optimizer: adam
batch_size: 64
crop_ratio: 1.1
enable_amp: true
use_normal: false
max_num_key: null
warmup_step: -1
input_resize:
- 160
- 160
max_step_val: 1000
vis_interval: 1000
weight_decay: 0
normalize_xyz: true
resume_run_id: null
clip_grad_norm: 'Infinity'
lr_epoch_decay: 500
render_backend: nvdiffrast
train_num_pair: 5
lr_decay_epochs:
- 50
n_epochs_warmup: 1
make_pair_online: false
gradient_max_norm: 'Infinity'
max_step_per_epoch: 10000
n_rendering_workers: 1
save_epoch_interval: 100
n_dataloader_workers: 100
split_objects_across_gpus: true
ckpt_dir: FoundationPose/learning/training/../../weights/2024-01-11-20-02-45/model_best.pth

[2024-09-23 00:26:32,776][root][INFO] - self.h5_file:None
[2024-09-23 00:26:32,937][root][INFO] - Using pretrained model from FoundationPose/learning/training/../../weights/2024-01-11-20-02-45/model_best.pth
[2024-09-23 00:26:32,998][root][INFO] - init done
[2024-09-23 00:26:32,998][root][INFO] - welcome
[2024-09-23 00:26:33,001][root][INFO] - self.cfg: 
 lr: 0.0001
c_in: 6
zfar: .inf
debug: null
w_rot: 0.1
n_view: 1
run_id: null
use_BN: true
rot_rep: axis_angle
ckpt_dir: FoundationPose/learning/training/../../weights/2023-10-28-18-33-37/model_best.pth
exp_name: 2023-10-28-18-33-37
save_dir: /tmp/2023-10-28-18-33-37/
loss_type: l2
optimizer: adam
trans_rep: tracknet
batch_size: 64
crop_ratio: 1.2
use_normal: false
BN_momentum: 0.1
max_num_key: null
warmup_step: -1
input_resize:
- 160
- 160
max_step_val: 1000
normal_uint8: false
vis_interval: 1000
weight_decay: 0
n_max_objects: null
normalize_xyz: true
clip_grad_norm: 'Infinity'
rot_normalizer: 0.3490658503988659
trans_normalizer:
- 0.019999999552965164
- 0.019999999552965164
- 0.05000000074505806
max_step_per_epoch: 25000
val_epoch_interval: 10
n_dataloader_workers: 60
enable_amp: true
use_mask: false

[2024-09-23 00:26:33,001][root][INFO] - self.h5_file:
[2024-09-23 00:26:33,052][root][INFO] - Using pretrained model from FoundationPose/learning/training/../../weights/2023-10-28-18-33-37/model_best.pth
[2024-09-23 00:26:33,075][root][INFO] - init done
[2024-09-23 00:26:34,796][root][INFO] - self.diameter:0.08397155096556706, vox_size:0.0041985775482783535
[2024-09-23 00:26:34,811][root][INFO] - self.pts:torch.Size([1273, 3])
[2024-09-23 00:26:35,598][root][INFO] - reset done
[2024-09-23 00:26:35,599][root][INFO] - cam_in_obs:(42, 4, 4)
[2024-09-23 00:26:35,600][root][INFO] - rot_grid:(252, 4, 4)
[2024-09-23 00:26:35,601][root][INFO] - after cluster, rot_grid:(252, 4, 4)
[2024-09-23 00:26:35,601][root][INFO] - self.rot_grid: torch.Size([252, 4, 4])
[2024-09-23 00:26:44,959][root][INFO] - Welcome
[2024-09-23 00:26:44,974][root][INFO] - poses:(252, 4, 4)
[2024-09-23 00:26:44,983][root][INFO] - after viewpoint, add_errs min:-1.0
[2024-09-23 00:26:45,014][root][INFO] - ob_in_cams:(252, 4, 4)
[2024-09-23 00:26:45,015][root][INFO] - self.cfg.use_normal:False
[2024-09-23 00:26:45,015][root][INFO] - trans_normalizer:[0.019999999552965164, 0.019999999552965164, 0.05000000074505806], rot_normalizer:0.3490658503988659
[2024-09-23 00:26:45,038][root][INFO] - making cropped data
[2024-09-23 00:26:45,038][root][INFO] - Welcome make_crop_data_batch
[2024-09-23 00:26:45,047][root][INFO] - make tf_to_crops done
[2024-09-23 00:26:45,078][root][INFO] - render done
[2024-09-23 00:26:45,084][root][INFO] - warp done
[2024-09-23 00:26:45,089][root][INFO] - pose batch data done
[2024-09-23 00:26:45,090][root][INFO] - forward start
[2024-09-23 00:26:45,207][root][INFO] - forward done
[2024-09-23 00:26:45,219][root][INFO] - making cropped data
[2024-09-23 00:26:45,219][root][INFO] - Welcome make_crop_data_batch
[2024-09-23 00:26:45,219][root][INFO] - make tf_to_crops done
[2024-09-23 00:26:45,237][root][INFO] - render done
[2024-09-23 00:26:45,241][root][INFO] - warp done
[2024-09-23 00:26:45,243][root][INFO] - pose batch data done
[2024-09-23 00:26:45,243][root][INFO] - forward start
[2024-09-23 00:26:45,245][root][INFO] - forward done
[2024-09-23 00:26:45,245][root][INFO] - making cropped data
[2024-09-23 00:26:45,245][root][INFO] - Welcome make_crop_data_batch
[2024-09-23 00:26:45,344][root][INFO] - make tf_to_crops done
[2024-09-23 00:26:45,360][root][INFO] - render done
[2024-09-23 00:26:45,364][root][INFO] - warp done
[2024-09-23 00:26:45,367][root][INFO] - pose batch data done
[2024-09-23 00:26:45,367][root][INFO] - forward start
[2024-09-23 00:26:45,369][root][INFO] - forward done
[2024-09-23 00:26:45,369][root][INFO] - making cropped data
[2024-09-23 00:26:45,369][root][INFO] - Welcome make_crop_data_batch
[2024-09-23 00:26:45,469][root][INFO] - make tf_to_crops done
[2024-09-23 00:26:45,486][root][INFO] - render done
[2024-09-23 00:26:45,490][root][INFO] - warp done
[2024-09-23 00:26:45,492][root][INFO] - pose batch data done
[2024-09-23 00:26:45,493][root][INFO] - forward start
[2024-09-23 00:26:45,494][root][INFO] - forward done
[2024-09-23 00:26:45,494][root][INFO] - making cropped data
[2024-09-23 00:26:45,494][root][INFO] - Welcome make_crop_data_batch
[2024-09-23 00:26:45,593][root][INFO] - make tf_to_crops done
[2024-09-23 00:26:45,610][root][INFO] - render done
[2024-09-23 00:26:45,614][root][INFO] - warp done
[2024-09-23 00:26:45,617][root][INFO] - pose batch data done
[2024-09-23 00:26:45,617][root][INFO] - forward start
[2024-09-23 00:26:45,619][root][INFO] - forward done
[2024-09-23 00:26:45,732][root][INFO] - ob_in_cams:(252, 4, 4)
[2024-09-23 00:26:45,732][root][INFO] - self.cfg.use_normal:False
[2024-09-23 00:26:45,732][root][INFO] - making cropped data
[2024-09-23 00:26:45,742][root][INFO] - Welcome make_crop_data_batch
[2024-09-23 00:26:45,742][root][INFO] - make tf_to_crops done
[2024-09-23 00:26:45,758][root][INFO] - render done
[2024-09-23 00:26:45,886][root][INFO] - pose batch data done
[2024-09-23 00:26:45,886][root][INFO] - pose_data.rgbAs.shape[0]: 252
[2024-09-23 00:26:45,981][root][INFO] - forward done
[2024-09-23 00:26:45,999][root][INFO] - final, add_errs min:-1.0
[2024-09-23 00:26:46,008][root][INFO] - sort ids:tensor([  8, 134,   7,  73,  74, 145,  83, 104,  80,  23,  86,  14, 195, 179,
         32,  57,  43, 236,  36, 127, 125, 177, 161, 205,   0, 133, 192, 126,
        203, 221,  12, 131,  13,  79,   4,  54, 120, 168,  78, 171,  82,  76,
        112, 115, 202,  95, 100,  81, 230,   6, 211, 132,  42, 182,  19,  51,
         72, 147,  85, 208,  21,  75, 114, 229, 130,   3,   5,  15, 105, 118,
        226, 119, 220,  87, 116, 188, 216,  40, 123,  41, 178, 214, 225,  27,
         99, 121, 124, 138, 153,  48,  91, 159, 162,  22, 206, 175, 184,  39,
         93, 154, 233, 117, 144,  16,  26,  84,  92, 248, 181, 246, 152,  49,
         89, 239,   9,  20, 167,  24, 186, 231,  66, 139, 200, 201, 209,  33,
         69, 129, 146, 155, 158, 170, 228,  59, 109, 242,  31,  65,  88, 111,
        176, 210, 218, 219, 232, 141, 251,  45, 194,  18,  90,  94, 234, 243,
         25,  55,  60,  96, 122, 128,  47, 193, 215, 249, 238, 136,  56, 207,
         17, 142, 166,  68, 190, 110, 185, 189, 223, 244,  70, 196, 204, 241,
         50,  52,  63, 103, 172,  11,  58,  97, 222, 250, 108, 148, 187, 150,
        160, 173, 197,   1, 102, 107, 212,  29,  67, 140, 149, 151, 224, 237,
         34, 169, 191,  28,  30,  37, 174,  38,  61, 164,  53, 227, 101, 213,
        247,   2,  35, 199, 245, 157, 183, 113,  46,  10, 156,  62,  64, 235,
        163, 240, 135, 180,  77,  71, 165, 198, 137, 106, 143,  44,  98, 217])
[2024-09-23 00:26:46,012][root][INFO] - sorted scores:tensor([97.1992, 97.1836, 97.1719, 97.1699, 97.1699, 97.1328, 96.9648, 96.9629,
        96.9238, 96.9102, 96.8867, 96.8652, 96.8574, 96.8555, 96.8496, 96.8457,
        96.8398, 96.8398, 96.8379, 96.8379, 96.8301, 96.8301, 96.8281, 96.8262,
        96.8223, 96.8164, 96.8164, 96.8125, 96.8105, 96.8105, 96.8066, 96.8066,
        96.8027, 96.8027, 96.8008, 96.7988, 96.7969, 96.7969, 96.7949, 96.7949,
        96.7930, 96.7910, 96.7910, 96.7910, 96.7910, 96.7891, 96.7891, 96.7871,
        96.7871, 96.7852, 96.7852, 96.7812, 96.7793, 96.7793, 96.7773, 96.7715,
        96.7715, 96.7676, 96.7637, 96.7637, 96.7617, 96.7617, 96.7617, 96.7617,
        96.7598, 96.7578, 96.7578, 96.7578, 96.7578, 96.7578, 96.7578, 96.7559,
        96.7559, 96.7539, 96.7539, 96.7539, 96.7539, 96.7520, 96.7520, 96.7500,
        96.7500, 96.7500, 96.7480, 96.7461, 96.7461, 96.7441, 96.7422, 96.7402,
        96.7402, 96.7383, 96.7383, 96.7383, 96.7383, 96.7344, 96.7344, 96.7324,
        96.7324, 96.7305, 96.7305, 96.7305, 96.7305, 96.7285, 96.7285, 96.7266,
        96.7266, 96.7266, 96.7266, 96.7266, 96.7246, 96.7246, 96.7227, 96.7207,
        96.7207, 96.7188, 96.7168, 96.7168, 96.7168, 96.7148, 96.7148, 96.7109,
        96.7090, 96.7070, 96.7070, 96.7070, 96.7070, 96.7051, 96.7031, 96.7031,
        96.7031, 96.7031, 96.7031, 96.7012, 96.7012, 96.6992, 96.6992, 96.6992,
        96.6973, 96.6973, 96.6973, 96.6973, 96.6973, 96.6973, 96.6973, 96.6973,
        96.6973, 96.6953, 96.6953, 96.6934, 96.6934, 96.6914, 96.6895, 96.6895,
        96.6895, 96.6895, 96.6875, 96.6875, 96.6855, 96.6855, 96.6855, 96.6855,
        96.6816, 96.6816, 96.6816, 96.6816, 96.6797, 96.6777, 96.6758, 96.6758,
        96.6738, 96.6738, 96.6738, 96.6719, 96.6719, 96.6699, 96.6699, 96.6699,
        96.6660, 96.6660, 96.6641, 96.6621, 96.6621, 96.6621, 96.6602, 96.6602,
        96.6602, 96.6602, 96.6602, 96.6582, 96.6582, 96.6582, 96.6582, 96.6562,
        96.6543, 96.6543, 96.6543, 96.6523, 96.6523, 96.6523, 96.6523, 96.6504,
        96.6504, 96.6504, 96.6504, 96.6484, 96.6484, 96.6484, 96.6465, 96.6465,
        96.6465, 96.6465, 96.6445, 96.6445, 96.6445, 96.6426, 96.6426, 96.6406,
        96.6387, 96.6367, 96.6367, 96.6367, 96.6348, 96.6348, 96.6328, 96.6328,
        96.6328, 96.6309, 96.6309, 96.6309, 96.6309, 96.6289, 96.6270, 96.6250,
        96.6211, 96.6191, 96.6191, 96.6172, 96.6172, 96.6133, 96.6113, 96.6113,
        96.6094, 96.6055, 96.6016, 96.5957, 96.5957, 96.5918, 96.5840, 96.5820,
        96.5820, 96.5684, 96.5645, 96.5586])
[2024-09-23 00:26:51,065][websockets.server][INFO] - server listening on 0.0.0.0:8080
[2024-09-23 00:26:53,918][websockets.server][INFO] - connection open
[2024-09-23 00:26:55,053][websockets.server][INFO] - connection open
