[2024-09-19 23:19:54,124][root][INFO] - self.cfg: 
 lr: 0.0001
c_in: 6
zfar: 'Infinity'
debug: null
n_view: 1
run_id: 3wy8qqex
use_BN: true
exp_name: 2024-01-11-20-02-45
n_epochs: 62
save_dir: /home/bowenw/debug/2024-01-11-20-02-45/
use_mask: false
loss_type: pairwise_valid
optimizer: adam
batch_size: 64
crop_ratio: 1.1
enable_amp: true
use_normal: false
max_num_key: null
warmup_step: -1
input_resize:
- 160
- 160
max_step_val: 1000
vis_interval: 1000
weight_decay: 0
normalize_xyz: true
resume_run_id: null
clip_grad_norm: 'Infinity'
lr_epoch_decay: 500
render_backend: nvdiffrast
train_num_pair: 5
lr_decay_epochs:
- 50
n_epochs_warmup: 1
make_pair_online: false
gradient_max_norm: 'Infinity'
max_step_per_epoch: 10000
n_rendering_workers: 1
save_epoch_interval: 100
n_dataloader_workers: 100
split_objects_across_gpus: true
ckpt_dir: FoundationPose/learning/training/../../weights/2024-01-11-20-02-45/model_best.pth

[2024-09-19 23:19:54,124][root][INFO] - self.h5_file:None
[2024-09-19 23:19:54,315][root][INFO] - Using pretrained model from FoundationPose/learning/training/../../weights/2024-01-11-20-02-45/model_best.pth
[2024-09-19 23:19:54,379][root][INFO] - init done
[2024-09-19 23:19:54,379][root][INFO] - welcome
[2024-09-19 23:19:54,383][root][INFO] - self.cfg: 
 lr: 0.0001
c_in: 6
zfar: .inf
debug: null
w_rot: 0.1
n_view: 1
run_id: null
use_BN: true
rot_rep: axis_angle
ckpt_dir: FoundationPose/learning/training/../../weights/2023-10-28-18-33-37/model_best.pth
exp_name: 2023-10-28-18-33-37
save_dir: /tmp/2023-10-28-18-33-37/
loss_type: l2
optimizer: adam
trans_rep: tracknet
batch_size: 64
crop_ratio: 1.2
use_normal: false
BN_momentum: 0.1
max_num_key: null
warmup_step: -1
input_resize:
- 160
- 160
max_step_val: 1000
normal_uint8: false
vis_interval: 1000
weight_decay: 0
n_max_objects: null
normalize_xyz: true
clip_grad_norm: 'Infinity'
rot_normalizer: 0.3490658503988659
trans_normalizer:
- 0.019999999552965164
- 0.019999999552965164
- 0.05000000074505806
max_step_per_epoch: 25000
val_epoch_interval: 10
n_dataloader_workers: 60
enable_amp: true
use_mask: false

[2024-09-19 23:19:54,383][root][INFO] - self.h5_file:
[2024-09-19 23:19:54,432][root][INFO] - Using pretrained model from FoundationPose/learning/training/../../weights/2023-10-28-18-33-37/model_best.pth
[2024-09-19 23:19:54,455][root][INFO] - init done
[2024-09-19 23:19:56,661][root][INFO] - self.diameter:0.16495794476473338, vox_size:0.008247897238236669
[2024-09-19 23:19:56,676][root][INFO] - self.pts:torch.Size([947, 3])
[2024-09-19 23:19:57,592][root][INFO] - reset done
[2024-09-19 23:19:57,593][root][INFO] - cam_in_obs:(42, 4, 4)
[2024-09-19 23:19:57,594][root][INFO] - rot_grid:(252, 4, 4)
[2024-09-19 23:19:57,595][root][INFO] - after cluster, rot_grid:(252, 4, 4)
[2024-09-19 23:19:57,595][root][INFO] - self.rot_grid: torch.Size([252, 4, 4])
[2024-09-19 23:20:08,501][root][INFO] - Welcome
[2024-09-19 23:20:08,521][root][INFO] - poses:(252, 4, 4)
[2024-09-19 23:20:08,531][root][INFO] - after viewpoint, add_errs min:-1.0
[2024-09-19 23:20:08,582][root][INFO] - ob_in_cams:(252, 4, 4)
[2024-09-19 23:20:08,583][root][INFO] - self.cfg.use_normal:False
[2024-09-19 23:20:08,583][root][INFO] - trans_normalizer:[0.019999999552965164, 0.019999999552965164, 0.05000000074505806], rot_normalizer:0.3490658503988659
[2024-09-19 23:20:08,616][root][INFO] - making cropped data
[2024-09-19 23:20:08,616][root][INFO] - Welcome make_crop_data_batch
[2024-09-19 23:20:08,619][root][INFO] - make tf_to_crops done
[2024-09-19 23:20:08,649][root][INFO] - render done
[2024-09-19 23:20:08,655][root][INFO] - warp done
[2024-09-19 23:20:08,660][root][INFO] - pose batch data done
[2024-09-19 23:20:08,660][root][INFO] - forward start
[2024-09-19 23:20:08,779][root][INFO] - forward done
[2024-09-19 23:20:08,791][root][INFO] - making cropped data
[2024-09-19 23:20:08,791][root][INFO] - Welcome make_crop_data_batch
[2024-09-19 23:20:08,792][root][INFO] - make tf_to_crops done
[2024-09-19 23:20:08,815][root][INFO] - render done
[2024-09-19 23:20:08,819][root][INFO] - warp done
[2024-09-19 23:20:08,822][root][INFO] - pose batch data done
[2024-09-19 23:20:08,822][root][INFO] - forward start
[2024-09-19 23:20:08,823][root][INFO] - forward done
[2024-09-19 23:20:08,823][root][INFO] - making cropped data
[2024-09-19 23:20:08,823][root][INFO] - Welcome make_crop_data_batch
[2024-09-19 23:20:08,924][root][INFO] - make tf_to_crops done
[2024-09-19 23:20:08,947][root][INFO] - render done
[2024-09-19 23:20:08,951][root][INFO] - warp done
[2024-09-19 23:20:08,954][root][INFO] - pose batch data done
[2024-09-19 23:20:08,954][root][INFO] - forward start
[2024-09-19 23:20:08,955][root][INFO] - forward done
[2024-09-19 23:20:08,955][root][INFO] - making cropped data
[2024-09-19 23:20:08,955][root][INFO] - Welcome make_crop_data_batch
[2024-09-19 23:20:09,056][root][INFO] - make tf_to_crops done
[2024-09-19 23:20:09,078][root][INFO] - render done
[2024-09-19 23:20:09,082][root][INFO] - warp done
[2024-09-19 23:20:09,085][root][INFO] - pose batch data done
[2024-09-19 23:20:09,085][root][INFO] - forward start
[2024-09-19 23:20:09,087][root][INFO] - forward done
[2024-09-19 23:20:09,087][root][INFO] - making cropped data
[2024-09-19 23:20:09,087][root][INFO] - Welcome make_crop_data_batch
[2024-09-19 23:20:09,188][root][INFO] - make tf_to_crops done
[2024-09-19 23:20:09,210][root][INFO] - render done
[2024-09-19 23:20:09,214][root][INFO] - warp done
[2024-09-19 23:20:09,216][root][INFO] - pose batch data done
[2024-09-19 23:20:09,216][root][INFO] - forward start
[2024-09-19 23:20:09,218][root][INFO] - forward done
[2024-09-19 23:20:09,336][root][INFO] - ob_in_cams:(252, 4, 4)
[2024-09-19 23:20:09,336][root][INFO] - self.cfg.use_normal:False
[2024-09-19 23:20:09,336][root][INFO] - making cropped data
[2024-09-19 23:20:09,345][root][INFO] - Welcome make_crop_data_batch
[2024-09-19 23:20:09,345][root][INFO] - make tf_to_crops done
[2024-09-19 23:20:09,364][root][INFO] - render done
[2024-09-19 23:20:09,496][root][INFO] - pose batch data done
[2024-09-19 23:20:09,496][root][INFO] - pose_data.rgbAs.shape[0]: 252
[2024-09-19 23:20:09,595][root][INFO] - forward done
[2024-09-19 23:20:09,612][root][INFO] - final, add_errs min:-1.0
[2024-09-19 23:20:09,622][root][INFO] - sort ids:tensor([ 72,   0,  43,  97, 145, 216, 103, 132, 163,  42,  73, 126, 127, 133,
        168,   1,   6,  49, 164, 198,   7, 144, 169, 193, 187,  50,  55, 130,
         99, 146,   2,   8,  33,  74,  11, 102, 128, 135,   9,  47,  75, 202,
        120,   5,  12,  36,  41, 203,  84, 114, 115, 137,  13,  24,  37,  98,
        105,  18,  78, 155, 124, 131, 156, 211, 225, 227, 228,  77, 122, 201,
        205, 136, 138, 234, 104, 129, 161, 221,  23,  89, 100, 170,  16, 244,
          3,  90, 101, 226, 134, 220,  83, 162,  32,  40,  61, 185,  85, 108,
        121, 219,  19,  22,  26,  31,  34,  91, 150,  17,  95, 154, 210,  10,
         45, 119, 179, 229,  27, 148,  39,  63,  79,  64,  76,  82, 116, 125,
        171, 183, 188, 250,  28,  70,  87, 184,  88, 204, 231, 235,  29,  46,
         94, 153,   4, 143,  15, 117, 139, 177, 178, 181, 206,  20,  92, 118,
        142,  25,  69,  80,  81, 106,  21,  86, 212, 230, 236,  14, 190, 240,
        107,  53,  62,  66,  96, 197, 140, 147, 113, 123, 233, 237, 160, 165,
        208, 209, 238,  30,  58, 167, 195, 232, 241, 194,  35,  52,  68,  93,
        166, 191,  48, 196, 213,  60, 149, 158, 159, 175, 222, 141, 192, 224,
        249,  59, 152, 157, 173, 176, 200, 239, 182, 214, 218, 112, 243,  51,
        217, 248, 111, 151, 172, 180, 199, 246, 251,  57,  71, 109, 189, 247,
         38,  54,  67, 174, 223,  65,  56, 110, 242, 207,  44, 215, 186, 245])
[2024-09-19 23:20:09,625][root][INFO] - sorted scores:tensor([82.9688, 82.9531, 82.9375, 82.9375, 82.9375, 82.9375, 82.9219, 82.9219,
        82.9219, 82.9062, 82.9062, 82.9062, 82.9062, 82.9062, 82.9062, 82.8906,
        82.8906, 82.8906, 82.8906, 82.8906, 82.8750, 82.8750, 82.8750, 82.8750,
        82.7969, 82.7812, 82.6875, 82.3594, 82.3438, 82.3281, 82.2969, 82.2969,
        82.2969, 82.2969, 82.2656, 82.2656, 82.2656, 82.2656, 82.2500, 82.2500,
        82.2500, 82.2500, 82.2344, 82.2188, 82.2188, 82.2188, 82.2188, 82.2188,
        82.2031, 82.2031, 82.2031, 82.2031, 82.1875, 82.1875, 82.1875, 82.1875,
        82.1875, 82.1719, 82.1719, 82.1719, 82.1562, 82.1562, 82.1562, 82.1562,
        82.1562, 82.1562, 82.1562, 82.1406, 82.1406, 82.1406, 82.1406, 82.1250,
        82.1250, 82.1250, 82.1094, 82.1094, 82.1094, 82.1094, 82.0938, 82.0938,
        82.0938, 82.0938, 82.0781, 82.0781, 82.0625, 82.0625, 82.0625, 82.0625,
        82.0469, 82.0469, 82.0312, 82.0312, 82.0156, 82.0156, 82.0156, 82.0156,
        82.0000, 82.0000, 82.0000, 81.9844, 81.9688, 81.9688, 81.9688, 81.9688,
        81.9688, 81.9688, 81.9688, 81.9375, 81.9375, 81.9375, 81.9375, 81.9219,
        81.9219, 81.9219, 81.9219, 81.9219, 81.9062, 81.9062, 81.8906, 81.8906,
        81.8906, 81.8594, 81.8594, 81.8594, 81.8594, 81.8594, 81.8594, 81.8594,
        81.8594, 81.8594, 81.8438, 81.8438, 81.8438, 81.8438, 81.8281, 81.8281,
        81.8125, 81.8125, 81.7969, 81.7969, 81.7969, 81.7969, 81.7812, 81.7812,
        81.7656, 81.7656, 81.7656, 81.7656, 81.7656, 81.7656, 81.7656, 81.7500,
        81.7500, 81.7500, 81.7500, 81.7344, 81.7188, 81.7188, 81.7188, 81.7188,
        81.7031, 81.7031, 81.7031, 81.7031, 81.7031, 81.6719, 81.6719, 81.6719,
        81.6562, 81.6406, 81.6406, 81.6406, 81.6406, 81.6406, 81.6250, 81.6250,
        81.6094, 81.6094, 81.6094, 81.6094, 81.5938, 81.5938, 81.5938, 81.5938,
        81.5938, 81.5781, 81.5781, 81.5781, 81.5781, 81.5781, 81.5781, 81.5469,
        81.5312, 81.5312, 81.5312, 81.5312, 81.5312, 81.5312, 81.5156, 81.5156,
        81.5156, 81.4844, 81.4844, 81.4844, 81.4844, 81.4844, 81.4844, 81.4688,
        81.4688, 81.4688, 81.4688, 81.4531, 81.4531, 81.4531, 81.4531, 81.4531,
        81.4531, 81.4531, 81.4375, 81.4375, 81.4375, 81.4219, 81.4219, 81.4062,
        81.4062, 81.4062, 81.3906, 81.3906, 81.3906, 81.3906, 81.3906, 81.3906,
        81.3906, 81.3750, 81.3750, 81.3750, 81.3750, 81.3750, 81.3594, 81.3594,
        81.3594, 81.3594, 81.3594, 81.3438, 81.3281, 81.3125, 81.3125, 81.2969,
        81.2812, 81.2656, 81.2344, 81.2188])
[2024-09-19 23:20:15,338][websockets.server][INFO] - server listening on 0.0.0.0:8080
[2024-09-19 23:20:16,413][websockets.server][INFO] - connection open
[2024-09-19 23:20:28,485][websockets.server][INFO] - connection open
[2024-09-19 23:20:40,157][root][INFO] - Succeeded to open port: /dev/ttyUSB0
[2024-09-19 23:20:40,158][root][INFO] - Succeeded to set baudrate to 3000000
[2024-09-19 23:20:59,860][root][ERROR] - > read: [TxRxResult] Incorrect status packet!
