[2024-09-19 22:34:33,964][root][INFO] - self.cfg: 
 lr: 0.0001
c_in: 6
zfar: 'Infinity'
debug: null
n_view: 1
run_id: 3wy8qqex
use_BN: true
exp_name: 2024-01-11-20-02-45
n_epochs: 62
save_dir: /home/bowenw/debug/2024-01-11-20-02-45/
use_mask: false
loss_type: pairwise_valid
optimizer: adam
batch_size: 64
crop_ratio: 1.1
enable_amp: true
use_normal: false
max_num_key: null
warmup_step: -1
input_resize:
- 160
- 160
max_step_val: 1000
vis_interval: 1000
weight_decay: 0
normalize_xyz: true
resume_run_id: null
clip_grad_norm: 'Infinity'
lr_epoch_decay: 500
render_backend: nvdiffrast
train_num_pair: 5
lr_decay_epochs:
- 50
n_epochs_warmup: 1
make_pair_online: false
gradient_max_norm: 'Infinity'
max_step_per_epoch: 10000
n_rendering_workers: 1
save_epoch_interval: 100
n_dataloader_workers: 100
split_objects_across_gpus: true
ckpt_dir: FoundationPose/learning/training/../../weights/2024-01-11-20-02-45/model_best.pth

[2024-09-19 22:34:33,964][root][INFO] - self.h5_file:None
[2024-09-19 22:34:34,158][root][INFO] - Using pretrained model from FoundationPose/learning/training/../../weights/2024-01-11-20-02-45/model_best.pth
[2024-09-19 22:34:34,218][root][INFO] - init done
[2024-09-19 22:34:34,218][root][INFO] - welcome
[2024-09-19 22:34:34,221][root][INFO] - self.cfg: 
 lr: 0.0001
c_in: 6
zfar: .inf
debug: null
w_rot: 0.1
n_view: 1
run_id: null
use_BN: true
rot_rep: axis_angle
ckpt_dir: FoundationPose/learning/training/../../weights/2023-10-28-18-33-37/model_best.pth
exp_name: 2023-10-28-18-33-37
save_dir: /tmp/2023-10-28-18-33-37/
loss_type: l2
optimizer: adam
trans_rep: tracknet
batch_size: 64
crop_ratio: 1.2
use_normal: false
BN_momentum: 0.1
max_num_key: null
warmup_step: -1
input_resize:
- 160
- 160
max_step_val: 1000
normal_uint8: false
vis_interval: 1000
weight_decay: 0
n_max_objects: null
normalize_xyz: true
clip_grad_norm: 'Infinity'
rot_normalizer: 0.3490658503988659
trans_normalizer:
- 0.019999999552965164
- 0.019999999552965164
- 0.05000000074505806
max_step_per_epoch: 25000
val_epoch_interval: 10
n_dataloader_workers: 60
enable_amp: true
use_mask: false

[2024-09-19 22:34:34,221][root][INFO] - self.h5_file:
[2024-09-19 22:34:34,274][root][INFO] - Using pretrained model from FoundationPose/learning/training/../../weights/2023-10-28-18-33-37/model_best.pth
[2024-09-19 22:34:34,296][root][INFO] - init done
[2024-09-19 22:34:36,486][root][INFO] - self.diameter:0.1689814690475985, vox_size:0.008449073452379925
[2024-09-19 22:34:36,500][root][INFO] - self.pts:torch.Size([674, 3])
[2024-09-19 22:34:37,478][root][INFO] - reset done
[2024-09-19 22:34:37,489][root][INFO] - cam_in_obs:(42, 4, 4)
[2024-09-19 22:34:37,491][root][INFO] - rot_grid:(252, 4, 4)
[2024-09-19 22:34:37,492][root][INFO] - after cluster, rot_grid:(252, 4, 4)
[2024-09-19 22:34:37,492][root][INFO] - self.rot_grid: torch.Size([252, 4, 4])
[2024-09-19 22:34:46,365][root][INFO] - Welcome
[2024-09-19 22:34:46,382][root][INFO] - poses:(252, 4, 4)
[2024-09-19 22:34:46,391][root][INFO] - after viewpoint, add_errs min:-1.0
[2024-09-19 22:34:46,430][root][INFO] - ob_in_cams:(252, 4, 4)
[2024-09-19 22:34:46,430][root][INFO] - self.cfg.use_normal:False
[2024-09-19 22:34:46,430][root][INFO] - trans_normalizer:[0.019999999552965164, 0.019999999552965164, 0.05000000074505806], rot_normalizer:0.3490658503988659
[2024-09-19 22:34:46,471][root][INFO] - making cropped data
[2024-09-19 22:34:46,471][root][INFO] - Welcome make_crop_data_batch
[2024-09-19 22:34:46,475][root][INFO] - make tf_to_crops done
[2024-09-19 22:34:46,508][root][INFO] - render done
[2024-09-19 22:34:46,514][root][INFO] - warp done
[2024-09-19 22:34:46,519][root][INFO] - pose batch data done
[2024-09-19 22:34:46,519][root][INFO] - forward start
[2024-09-19 22:34:46,639][root][INFO] - forward done
[2024-09-19 22:34:46,651][root][INFO] - making cropped data
[2024-09-19 22:34:46,651][root][INFO] - Welcome make_crop_data_batch
[2024-09-19 22:34:46,651][root][INFO] - make tf_to_crops done
[2024-09-19 22:34:46,676][root][INFO] - render done
[2024-09-19 22:34:46,680][root][INFO] - warp done
[2024-09-19 22:34:46,683][root][INFO] - pose batch data done
[2024-09-19 22:34:46,683][root][INFO] - forward start
[2024-09-19 22:34:46,684][root][INFO] - forward done
[2024-09-19 22:34:46,684][root][INFO] - making cropped data
[2024-09-19 22:34:46,684][root][INFO] - Welcome make_crop_data_batch
[2024-09-19 22:34:46,785][root][INFO] - make tf_to_crops done
[2024-09-19 22:34:46,807][root][INFO] - render done
[2024-09-19 22:34:46,811][root][INFO] - warp done
[2024-09-19 22:34:46,814][root][INFO] - pose batch data done
[2024-09-19 22:34:46,814][root][INFO] - forward start
[2024-09-19 22:34:46,816][root][INFO] - forward done
[2024-09-19 22:34:46,816][root][INFO] - making cropped data
[2024-09-19 22:34:46,816][root][INFO] - Welcome make_crop_data_batch
[2024-09-19 22:34:46,916][root][INFO] - make tf_to_crops done
[2024-09-19 22:34:46,938][root][INFO] - render done
[2024-09-19 22:34:46,942][root][INFO] - warp done
[2024-09-19 22:34:46,945][root][INFO] - pose batch data done
[2024-09-19 22:34:46,945][root][INFO] - forward start
[2024-09-19 22:34:46,946][root][INFO] - forward done
[2024-09-19 22:34:46,947][root][INFO] - making cropped data
[2024-09-19 22:34:46,947][root][INFO] - Welcome make_crop_data_batch
[2024-09-19 22:34:47,046][root][INFO] - make tf_to_crops done
[2024-09-19 22:34:47,069][root][INFO] - render done
[2024-09-19 22:34:47,073][root][INFO] - warp done
[2024-09-19 22:34:47,076][root][INFO] - pose batch data done
[2024-09-19 22:34:47,076][root][INFO] - forward start
[2024-09-19 22:34:47,077][root][INFO] - forward done
[2024-09-19 22:34:47,193][root][INFO] - ob_in_cams:(252, 4, 4)
[2024-09-19 22:34:47,193][root][INFO] - self.cfg.use_normal:False
[2024-09-19 22:34:47,193][root][INFO] - making cropped data
[2024-09-19 22:34:47,199][root][INFO] - Welcome make_crop_data_batch
[2024-09-19 22:34:47,200][root][INFO] - make tf_to_crops done
[2024-09-19 22:34:47,221][root][INFO] - render done
[2024-09-19 22:34:47,350][root][INFO] - pose batch data done
[2024-09-19 22:34:47,350][root][INFO] - pose_data.rgbAs.shape[0]: 252
[2024-09-19 22:34:47,446][root][INFO] - forward done
[2024-09-19 22:34:47,464][root][INFO] - final, add_errs min:-1.0
[2024-09-19 22:34:47,474][root][INFO] - sort ids:tensor([  0,  34,  35,  96, 126,   5,   6,  11,  71,  72,  77, 101, 107, 131,
        132, 137, 203, 227, 245, 251,   4, 100, 106, 221, 240, 222, 190, 112,
        173, 130,  70, 125, 154,   7,  13, 103, 115, 198,  22,  85, 147,  51,
        116, 187, 217,  44,  54, 155, 160, 169,  73,  82,  94, 165, 168, 110,
        124, 178, 235,  41, 140,  47, 186,  55, 162, 145, 180, 243,  25,  26,
         80, 102,  66, 206, 226, 161,  14,  27,  67,  86, 210,  92, 144, 150,
        183, 234, 236,  10, 141, 149, 159, 194, 195, 219,  20, 108, 111, 151,
        181, 241, 248,   9,  32,  36,  75, 105, 113, 185, 189, 204, 213,  33,
         59,  64, 114, 117, 128, 171, 199, 211, 218, 223,  62, 143, 170, 176,
        192, 193, 205, 220, 242,   1,   3,  21,  23,  37,  60,  74,  84,  99,
        119, 120, 157, 172, 179, 197, 202, 207, 208, 225, 229, 244,   8,  12,
         31,  48,  52,  68, 153, 166, 174, 184, 230,  15,  24,  30,  40,  45,
         49,  58,  83,  95,  98, 134, 148, 212, 214, 215, 233,   2,  17,  18,
         29,  38,  39,  46,  56,  76,  88,  89,  93, 104, 118, 127, 135, 146,
        158, 164, 167, 177, 182, 191, 209, 216, 239, 247, 250,  28,  42,  50,
         63,  79,  87, 122, 142, 152, 188, 196, 200, 201, 224, 232, 246,  53,
         61,  65,  69,  78,  81,  90,  97, 121, 123, 129, 136, 138, 156, 175,
         16,  19,  57, 133, 139, 231, 237, 238, 249,  43,  91, 109, 163, 228])
[2024-09-19 22:34:47,478][root][INFO] - sorted scores:tensor([61.3438, 61.3438, 61.3438, 61.3438, 61.3438, 61.3125, 61.3125, 61.3125,
        61.3125, 61.3125, 61.3125, 61.3125, 61.3125, 61.3125, 61.3125, 61.3125,
        61.3125, 61.3125, 61.3125, 61.3125, 61.2500, 61.2188, 61.2188, 61.2188,
        60.9688, 60.9375, 60.8125, 60.7500, 60.7188, 60.6250, 60.4688, 60.4375,
        60.4375, 60.3750, 60.3750, 60.3438, 60.3125, 60.3125, 60.2812, 60.2812,
        60.2812, 60.2500, 60.2188, 60.2188, 60.2188, 60.1875, 60.1875, 60.1875,
        60.1562, 60.1562, 60.1250, 60.0938, 60.0938, 60.0938, 60.0938, 60.0312,
        60.0312, 60.0000, 60.0000, 59.9688, 59.9688, 59.9375, 59.9375, 59.9062,
        59.9062, 59.8750, 59.8750, 59.8750, 59.8438, 59.8438, 59.8438, 59.8438,
        59.8125, 59.8125, 59.8125, 59.7812, 59.7500, 59.7500, 59.7500, 59.7500,
        59.7500, 59.7188, 59.7188, 59.7188, 59.7188, 59.7188, 59.7188, 59.6875,
        59.6875, 59.6875, 59.6875, 59.6875, 59.6875, 59.6875, 59.6562, 59.6562,
        59.6562, 59.6562, 59.6562, 59.6562, 59.6562, 59.6250, 59.6250, 59.6250,
        59.6250, 59.6250, 59.6250, 59.6250, 59.6250, 59.6250, 59.6250, 59.5938,
        59.5938, 59.5938, 59.5938, 59.5938, 59.5938, 59.5938, 59.5938, 59.5938,
        59.5938, 59.5938, 59.5625, 59.5625, 59.5625, 59.5625, 59.5625, 59.5625,
        59.5625, 59.5625, 59.5625, 59.5312, 59.5312, 59.5312, 59.5312, 59.5312,
        59.5312, 59.5312, 59.5312, 59.5312, 59.5312, 59.5312, 59.5312, 59.5312,
        59.5312, 59.5312, 59.5312, 59.5312, 59.5312, 59.5312, 59.5312, 59.5312,
        59.5000, 59.5000, 59.5000, 59.5000, 59.5000, 59.5000, 59.5000, 59.5000,
        59.5000, 59.5000, 59.5000, 59.4688, 59.4688, 59.4688, 59.4688, 59.4688,
        59.4688, 59.4688, 59.4688, 59.4688, 59.4688, 59.4688, 59.4688, 59.4688,
        59.4688, 59.4688, 59.4688, 59.4375, 59.4375, 59.4375, 59.4375, 59.4375,
        59.4375, 59.4375, 59.4375, 59.4375, 59.4375, 59.4375, 59.4375, 59.4375,
        59.4375, 59.4375, 59.4375, 59.4375, 59.4375, 59.4375, 59.4375, 59.4375,
        59.4375, 59.4375, 59.4375, 59.4375, 59.4375, 59.4375, 59.4375, 59.4062,
        59.4062, 59.4062, 59.4062, 59.4062, 59.4062, 59.4062, 59.4062, 59.4062,
        59.4062, 59.4062, 59.4062, 59.4062, 59.4062, 59.4062, 59.4062, 59.3750,
        59.3750, 59.3750, 59.3750, 59.3750, 59.3750, 59.3750, 59.3750, 59.3750,
        59.3750, 59.3750, 59.3750, 59.3750, 59.3750, 59.3750, 59.3438, 59.3438,
        59.3438, 59.3438, 59.3438, 59.3438, 59.3438, 59.3438, 59.3438, 59.3125,
        59.3125, 59.3125, 59.3125, 59.3125])
[2024-09-19 22:34:59,019][websockets.server][INFO] - server listening on 0.0.0.0:8080
[2024-09-19 22:35:00,990][websockets.server][INFO] - connection open
[2024-09-19 22:35:03,421][root][INFO] - Succeeded to open port: /dev/ttyUSB0
[2024-09-19 22:35:03,421][root][INFO] - Succeeded to set baudrate to 3000000
[2024-09-19 22:35:27,221][root][ERROR] - > read: [TxRxResult] There is no status packet!
[2024-09-19 22:35:27,257][root][ERROR] - > read: [TxRxResult] There is no status packet!
[2024-09-19 22:35:27,395][root][ERROR] - > read: [TxRxResult] There is no status packet!
[2024-09-19 22:35:27,430][root][ERROR] - > read: [TxRxResult] There is no status packet!
[2024-09-19 22:35:29,731][websockets.server][INFO] - connection open
