[2024-10-15 09:56:48,579][websockets.server][INFO] - server listening on 0.0.0.0:8080
[2024-10-15 09:56:48,729][root][INFO] - self.cfg: 
 lr: 0.0001
c_in: 6
zfar: 'Infinity'
debug: null
n_view: 1
run_id: 3wy8qqex
use_BN: true
exp_name: 2024-01-11-20-02-45
n_epochs: 62
save_dir: /home/bowenw/debug/2024-01-11-20-02-45/
use_mask: false
loss_type: pairwise_valid
optimizer: adam
batch_size: 64
crop_ratio: 1.1
enable_amp: true
use_normal: false
max_num_key: null
warmup_step: -1
input_resize:
- 160
- 160
max_step_val: 1000
vis_interval: 1000
weight_decay: 0
normalize_xyz: true
resume_run_id: null
clip_grad_norm: 'Infinity'
lr_epoch_decay: 500
render_backend: nvdiffrast
train_num_pair: 5
lr_decay_epochs:
- 50
n_epochs_warmup: 1
make_pair_online: false
gradient_max_norm: 'Infinity'
max_step_per_epoch: 10000
n_rendering_workers: 1
save_epoch_interval: 100
n_dataloader_workers: 100
split_objects_across_gpus: true
ckpt_dir: /home/shaol/gjx/rw/third_party/FoundationPose/learning/training/../../weights/2024-01-11-20-02-45/model_best.pth

[2024-10-15 09:56:48,729][root][INFO] - self.h5_file:None
[2024-10-15 09:56:49,009][root][INFO] - Using pretrained model from /home/shaol/gjx/rw/third_party/FoundationPose/learning/training/../../weights/2024-01-11-20-02-45/model_best.pth
[2024-10-15 09:56:49,074][root][INFO] - init done
[2024-10-15 09:56:49,074][root][INFO] - welcome
[2024-10-15 09:56:49,078][root][INFO] - self.cfg: 
 lr: 0.0001
c_in: 6
zfar: .inf
debug: null
w_rot: 0.1
n_view: 1
run_id: null
use_BN: true
rot_rep: axis_angle
ckpt_dir: /home/shaol/gjx/rw/third_party/FoundationPose/learning/training/../../weights/2023-10-28-18-33-37/model_best.pth
exp_name: 2023-10-28-18-33-37
save_dir: /tmp/2023-10-28-18-33-37/
loss_type: l2
optimizer: adam
trans_rep: tracknet
batch_size: 64
crop_ratio: 1.2
use_normal: false
BN_momentum: 0.1
max_num_key: null
warmup_step: -1
input_resize:
- 160
- 160
max_step_val: 1000
normal_uint8: false
vis_interval: 1000
weight_decay: 0
n_max_objects: null
normalize_xyz: true
clip_grad_norm: 'Infinity'
rot_normalizer: 0.3490658503988659
trans_normalizer:
- 0.019999999552965164
- 0.019999999552965164
- 0.05000000074505806
max_step_per_epoch: 25000
val_epoch_interval: 10
n_dataloader_workers: 60
enable_amp: true
use_mask: false

[2024-10-15 09:56:49,078][root][INFO] - self.h5_file:
[2024-10-15 09:56:49,140][root][INFO] - Using pretrained model from /home/shaol/gjx/rw/third_party/FoundationPose/learning/training/../../weights/2023-10-28-18-33-37/model_best.pth
[2024-10-15 09:56:49,160][root][INFO] - init done
[2024-10-15 09:56:49,252][websockets.server][INFO] - connection open
[2024-10-15 09:56:50,312][root][INFO] - self.diameter:0.15243421826573095, vox_size:0.007621710913286547
[2024-10-15 09:56:50,327][root][INFO] - self.pts:torch.Size([464, 3])
[2024-10-15 09:56:51,374][root][INFO] - reset done
[2024-10-15 09:56:51,374][root][INFO] - cam_in_obs:(42, 4, 4)
[2024-10-15 09:56:51,376][root][INFO] - rot_grid:(252, 4, 4)
[2024-10-15 09:56:51,377][root][INFO] - after cluster, rot_grid:(252, 4, 4)
[2024-10-15 09:56:51,378][root][INFO] - self.rot_grid: torch.Size([252, 4, 4])
[2024-10-15 09:56:52,419][websockets.server][INFO] - connection open
[2024-10-15 09:56:59,791][root][INFO] - Welcome
[2024-10-15 09:56:59,808][root][INFO] - poses:(252, 4, 4)
[2024-10-15 09:56:59,819][root][INFO] - after viewpoint, add_errs min:-1.0
[2024-10-15 09:56:59,892][root][INFO] - ob_in_cams:(252, 4, 4)
[2024-10-15 09:56:59,892][root][INFO] - self.cfg.use_normal:False
[2024-10-15 09:56:59,893][root][INFO] - trans_normalizer:[0.019999999552965164, 0.019999999552965164, 0.05000000074505806], rot_normalizer:0.3490658503988659
[2024-10-15 09:56:59,902][root][INFO] - making cropped data
[2024-10-15 09:56:59,902][root][INFO] - Welcome make_crop_data_batch
[2024-10-15 09:56:59,905][root][INFO] - make tf_to_crops done
[2024-10-15 09:56:59,930][root][INFO] - render done
[2024-10-15 09:56:59,936][root][INFO] - warp done
[2024-10-15 09:56:59,942][root][INFO] - pose batch data done
[2024-10-15 09:56:59,942][root][INFO] - forward start
[2024-10-15 09:57:00,062][root][INFO] - forward done
[2024-10-15 09:57:00,072][root][INFO] - making cropped data
[2024-10-15 09:57:00,072][root][INFO] - Welcome make_crop_data_batch
[2024-10-15 09:57:00,073][root][INFO] - make tf_to_crops done
[2024-10-15 09:57:00,086][root][INFO] - render done
[2024-10-15 09:57:00,090][root][INFO] - warp done
[2024-10-15 09:57:00,092][root][INFO] - pose batch data done
[2024-10-15 09:57:00,092][root][INFO] - forward start
[2024-10-15 09:57:00,094][root][INFO] - forward done
[2024-10-15 09:57:00,094][root][INFO] - making cropped data
[2024-10-15 09:57:00,094][root][INFO] - Welcome make_crop_data_batch
[2024-10-15 09:57:00,184][root][INFO] - make tf_to_crops done
[2024-10-15 09:57:00,197][root][INFO] - render done
[2024-10-15 09:57:00,201][root][INFO] - warp done
[2024-10-15 09:57:00,203][root][INFO] - pose batch data done
[2024-10-15 09:57:00,203][root][INFO] - forward start
[2024-10-15 09:57:00,205][root][INFO] - forward done
[2024-10-15 09:57:00,205][root][INFO] - making cropped data
[2024-10-15 09:57:00,205][root][INFO] - Welcome make_crop_data_batch
[2024-10-15 09:57:00,295][root][INFO] - make tf_to_crops done
[2024-10-15 09:57:00,309][root][INFO] - render done
[2024-10-15 09:57:00,312][root][INFO] - warp done
[2024-10-15 09:57:00,315][root][INFO] - pose batch data done
[2024-10-15 09:57:00,315][root][INFO] - forward start
[2024-10-15 09:57:00,316][root][INFO] - forward done
[2024-10-15 09:57:00,317][root][INFO] - making cropped data
[2024-10-15 09:57:00,317][root][INFO] - Welcome make_crop_data_batch
[2024-10-15 09:57:00,406][root][INFO] - make tf_to_crops done
[2024-10-15 09:57:00,420][root][INFO] - render done
[2024-10-15 09:57:00,423][root][INFO] - warp done
[2024-10-15 09:57:00,426][root][INFO] - pose batch data done
[2024-10-15 09:57:00,426][root][INFO] - forward start
[2024-10-15 09:57:00,428][root][INFO] - forward done
[2024-10-15 09:57:00,533][root][INFO] - ob_in_cams:(252, 4, 4)
[2024-10-15 09:57:00,533][root][INFO] - self.cfg.use_normal:False
[2024-10-15 09:57:00,533][root][INFO] - making cropped data
[2024-10-15 09:57:00,545][root][INFO] - Welcome make_crop_data_batch
[2024-10-15 09:57:00,546][root][INFO] - make tf_to_crops done
[2024-10-15 09:57:00,558][root][INFO] - render done
[2024-10-15 09:57:00,676][root][INFO] - pose batch data done
[2024-10-15 09:57:00,676][root][INFO] - pose_data.rgbAs.shape[0]: 252
[2024-10-15 09:57:00,764][root][INFO] - forward done
[2024-10-15 09:57:00,782][root][INFO] - final, add_errs min:-1.0
[2024-10-15 09:57:00,792][root][INFO] - sort ids:tensor([  7,   8,  73,  74, 103, 133, 134, 145, 146, 169,  97,  98, 127, 164,
        170,   1, 104,  43, 129, 135, 198,   0,   9,  33,  75,  99, 105, 132,
        171, 188,  42,   3,  10,  32,  72,  76, 101, 130, 216, 221, 227,   4,
          6,  50,  96, 106, 126, 128, 136, 202, 245,  34,  47,  77, 100, 102,
        131, 163, 226, 244, 187, 189, 194, 203, 225,   5, 107, 137,   2, 220,
         71, 251, 224,  65,  36,  58,  90,  12,  78,  88,  94, 114, 141, 205,
        223,  18,  22,  28,  59,  82,  86,  93, 120, 124, 178, 211,  16,  19,
         26,  27,  62,  79,  81,  84, 121, 122, 154, 184, 185,  52,  61,  85,
         87, 117, 118, 123, 152, 209, 229,  14,  20,  53,  67, 108, 115, 162,
        230, 236,  13,  21,  37,  55,  80, 160, 161, 235,  15,  23,  91,  92,
         95, 125, 179, 206, 247,  17,  41,  89, 116, 150, 119,  83,  56, 155,
        183, 222, 237, 196, 248, 149, 156, 193, 197, 231, 138, 147, 176, 243,
         70,  49, 109, 212, 250, 142, 112, 218, 233, 111, 191,  68,  11,  46,
         29, 181,  64, 139, 148, 151, 173, 232, 158, 241,  38, 242, 186, 214,
        215,  30, 239, 157, 166, 238,  35,  45, 159, 199, 200, 175, 172, 113,
        182, 217,  31, 110, 219,  24, 167, 207, 208,  25,  39,  40,  44, 140,
        180, 165, 204, 174, 144, 240, 234, 190, 210, 177,  48,  54,  63, 143,
        192, 213, 249, 153, 201,  69,  51,  57, 168, 228, 246,  60,  66, 195])
[2024-10-15 09:57:00,797][root][INFO] - sorted scores:tensor([74.0156, 74.0156, 74.0156, 74.0156, 74.0156, 74.0156, 74.0156, 74.0156,
        74.0156, 74.0156, 74.0000, 74.0000, 74.0000, 74.0000, 74.0000, 73.9375,
        73.9062, 73.8906, 73.8438, 73.8281, 73.8281, 73.8125, 73.8125, 73.8125,
        73.8125, 73.8125, 73.8125, 73.8125, 73.8125, 73.8125, 73.7969, 73.7812,
        73.7812, 73.7812, 73.7812, 73.7812, 73.7812, 73.7812, 73.7812, 73.7812,
        73.7812, 73.7656, 73.7656, 73.7656, 73.7656, 73.7656, 73.7656, 73.7656,
        73.7656, 73.7656, 73.7656, 73.7500, 73.7500, 73.7500, 73.7500, 73.7500,
        73.7500, 73.7500, 73.7500, 73.7500, 73.7344, 73.7344, 73.7344, 73.7344,
        73.7344, 73.7188, 73.7188, 73.7031, 73.6875, 73.6719, 73.6406, 73.5938,
        73.5469, 73.5312, 73.4844, 73.4844, 73.4844, 73.4688, 73.4688, 73.4688,
        73.4688, 73.4688, 73.4688, 73.4688, 73.4688, 73.4531, 73.4531, 73.4531,
        73.4531, 73.4531, 73.4531, 73.4531, 73.4531, 73.4531, 73.4531, 73.4531,
        73.4375, 73.4375, 73.4375, 73.4375, 73.4375, 73.4375, 73.4375, 73.4375,
        73.4375, 73.4375, 73.4375, 73.4375, 73.4375, 73.4219, 73.4219, 73.4219,
        73.4219, 73.4219, 73.4219, 73.4219, 73.4219, 73.4219, 73.4219, 73.4062,
        73.4062, 73.4062, 73.4062, 73.4062, 73.4062, 73.4062, 73.4062, 73.4062,
        73.3906, 73.3906, 73.3906, 73.3906, 73.3906, 73.3906, 73.3906, 73.3906,
        73.3750, 73.3750, 73.3750, 73.3750, 73.3750, 73.3750, 73.3750, 73.3750,
        73.3750, 73.3594, 73.3594, 73.3594, 73.3594, 73.3594, 73.3438, 73.3281,
        73.3125, 73.3125, 73.3125, 73.3125, 73.3125, 73.2812, 73.2656, 73.2500,
        73.2500, 73.2500, 73.2500, 73.2500, 73.2188, 73.2188, 73.2188, 73.2188,
        73.2031, 73.1719, 73.1719, 73.1719, 73.1562, 73.1406, 73.1250, 73.1094,
        73.0781, 73.0312, 73.0312, 73.0156, 72.9844, 72.9688, 72.8438, 72.8438,
        72.8281, 72.8281, 72.8125, 72.8125, 72.8125, 72.7969, 72.7812, 72.7656,
        72.7188, 72.7031, 72.6875, 72.6875, 72.6875, 72.6719, 72.6719, 72.6406,
        72.6250, 72.6250, 72.6094, 72.6094, 72.6094, 72.6094, 72.6094, 72.5938,
        72.5625, 72.5469, 72.5469, 72.5469, 72.5156, 72.5000, 72.5000, 72.4844,
        72.4844, 72.4844, 72.4844, 72.4688, 72.4688, 72.4688, 72.4688, 72.4688,
        72.4688, 72.4062, 72.4062, 72.3906, 72.2344, 72.2188, 72.2031, 72.1875,
        72.1875, 72.1719, 72.1562, 72.1562, 72.1562, 72.1562, 72.1562, 72.1562,
        72.1562, 72.1406, 72.1406, 72.1250, 72.1094, 72.1094, 72.1094, 72.1094,
        72.1094, 72.0938, 72.0938, 72.0938])
