[2024-09-21 17:35:01,898][root][INFO] - self.cfg: 
 lr: 0.0001
c_in: 6
zfar: 'Infinity'
debug: null
n_view: 1
run_id: 3wy8qqex
use_BN: true
exp_name: 2024-01-11-20-02-45
n_epochs: 62
save_dir: /home/bowenw/debug/2024-01-11-20-02-45/
use_mask: false
loss_type: pairwise_valid
optimizer: adam
batch_size: 64
crop_ratio: 1.1
enable_amp: true
use_normal: false
max_num_key: null
warmup_step: -1
input_resize:
- 160
- 160
max_step_val: 1000
vis_interval: 1000
weight_decay: 0
normalize_xyz: true
resume_run_id: null
clip_grad_norm: 'Infinity'
lr_epoch_decay: 500
render_backend: nvdiffrast
train_num_pair: 5
lr_decay_epochs:
- 50
n_epochs_warmup: 1
make_pair_online: false
gradient_max_norm: 'Infinity'
max_step_per_epoch: 10000
n_rendering_workers: 1
save_epoch_interval: 100
n_dataloader_workers: 100
split_objects_across_gpus: true
ckpt_dir: FoundationPose/learning/training/../../weights/2024-01-11-20-02-45/model_best.pth

[2024-09-21 17:35:01,898][root][INFO] - self.h5_file:None
[2024-09-21 17:35:02,070][root][INFO] - Using pretrained model from FoundationPose/learning/training/../../weights/2024-01-11-20-02-45/model_best.pth
[2024-09-21 17:35:02,132][root][INFO] - init done
[2024-09-21 17:35:02,132][root][INFO] - welcome
[2024-09-21 17:35:02,136][root][INFO] - self.cfg: 
 lr: 0.0001
c_in: 6
zfar: .inf
debug: null
w_rot: 0.1
n_view: 1
run_id: null
use_BN: true
rot_rep: axis_angle
ckpt_dir: FoundationPose/learning/training/../../weights/2023-10-28-18-33-37/model_best.pth
exp_name: 2023-10-28-18-33-37
save_dir: /tmp/2023-10-28-18-33-37/
loss_type: l2
optimizer: adam
trans_rep: tracknet
batch_size: 64
crop_ratio: 1.2
use_normal: false
BN_momentum: 0.1
max_num_key: null
warmup_step: -1
input_resize:
- 160
- 160
max_step_val: 1000
normal_uint8: false
vis_interval: 1000
weight_decay: 0
n_max_objects: null
normalize_xyz: true
clip_grad_norm: 'Infinity'
rot_normalizer: 0.3490658503988659
trans_normalizer:
- 0.019999999552965164
- 0.019999999552965164
- 0.05000000074505806
max_step_per_epoch: 25000
val_epoch_interval: 10
n_dataloader_workers: 60
enable_amp: true
use_mask: false

[2024-09-21 17:35:02,136][root][INFO] - self.h5_file:
[2024-09-21 17:35:02,182][root][INFO] - Using pretrained model from FoundationPose/learning/training/../../weights/2023-10-28-18-33-37/model_best.pth
[2024-09-21 17:35:02,202][root][INFO] - init done
[2024-09-21 17:35:04,383][root][INFO] - self.diameter:0.16907099679909296, vox_size:0.008453549839954649
[2024-09-21 17:35:04,397][root][INFO] - self.pts:torch.Size([677, 3])
[2024-09-21 17:35:05,380][root][INFO] - reset done
[2024-09-21 17:35:05,381][root][INFO] - cam_in_obs:(42, 4, 4)
[2024-09-21 17:35:05,390][root][INFO] - rot_grid:(252, 4, 4)
[2024-09-21 17:35:05,391][root][INFO] - after cluster, rot_grid:(252, 4, 4)
[2024-09-21 17:35:05,391][root][INFO] - self.rot_grid: torch.Size([252, 4, 4])
[2024-09-21 17:35:14,961][root][INFO] - Welcome
[2024-09-21 17:35:14,976][root][INFO] - poses:(252, 4, 4)
[2024-09-21 17:35:14,985][root][INFO] - after viewpoint, add_errs min:-1.0
[2024-09-21 17:35:15,064][root][INFO] - ob_in_cams:(252, 4, 4)
[2024-09-21 17:35:15,064][root][INFO] - self.cfg.use_normal:False
[2024-09-21 17:35:15,064][root][INFO] - trans_normalizer:[0.019999999552965164, 0.019999999552965164, 0.05000000074505806], rot_normalizer:0.3490658503988659
[2024-09-21 17:35:15,067][root][INFO] - making cropped data
[2024-09-21 17:35:15,067][root][INFO] - Welcome make_crop_data_batch
[2024-09-21 17:35:15,071][root][INFO] - make tf_to_crops done
[2024-09-21 17:35:15,103][root][INFO] - render done
[2024-09-21 17:35:15,109][root][INFO] - warp done
[2024-09-21 17:35:15,114][root][INFO] - pose batch data done
[2024-09-21 17:35:15,114][root][INFO] - forward start
[2024-09-21 17:35:15,233][root][INFO] - forward done
[2024-09-21 17:35:15,244][root][INFO] - making cropped data
[2024-09-21 17:35:15,244][root][INFO] - Welcome make_crop_data_batch
[2024-09-21 17:35:15,245][root][INFO] - make tf_to_crops done
[2024-09-21 17:35:15,268][root][INFO] - render done
[2024-09-21 17:35:15,272][root][INFO] - warp done
[2024-09-21 17:35:15,274][root][INFO] - pose batch data done
[2024-09-21 17:35:15,274][root][INFO] - forward start
[2024-09-21 17:35:15,276][root][INFO] - forward done
[2024-09-21 17:35:15,276][root][INFO] - making cropped data
[2024-09-21 17:35:15,276][root][INFO] - Welcome make_crop_data_batch
[2024-09-21 17:35:15,375][root][INFO] - make tf_to_crops done
[2024-09-21 17:35:15,397][root][INFO] - render done
[2024-09-21 17:35:15,401][root][INFO] - warp done
[2024-09-21 17:35:15,404][root][INFO] - pose batch data done
[2024-09-21 17:35:15,404][root][INFO] - forward start
[2024-09-21 17:35:15,405][root][INFO] - forward done
[2024-09-21 17:35:15,406][root][INFO] - making cropped data
[2024-09-21 17:35:15,406][root][INFO] - Welcome make_crop_data_batch
[2024-09-21 17:35:15,502][root][INFO] - make tf_to_crops done
[2024-09-21 17:35:15,524][root][INFO] - render done
[2024-09-21 17:35:15,528][root][INFO] - warp done
[2024-09-21 17:35:15,531][root][INFO] - pose batch data done
[2024-09-21 17:35:15,531][root][INFO] - forward start
[2024-09-21 17:35:15,532][root][INFO] - forward done
[2024-09-21 17:35:15,532][root][INFO] - making cropped data
[2024-09-21 17:35:15,532][root][INFO] - Welcome make_crop_data_batch
[2024-09-21 17:35:15,631][root][INFO] - make tf_to_crops done
[2024-09-21 17:35:15,654][root][INFO] - render done
[2024-09-21 17:35:15,657][root][INFO] - warp done
[2024-09-21 17:35:15,660][root][INFO] - pose batch data done
[2024-09-21 17:35:15,660][root][INFO] - forward start
[2024-09-21 17:35:15,661][root][INFO] - forward done
[2024-09-21 17:35:15,775][root][INFO] - ob_in_cams:(252, 4, 4)
[2024-09-21 17:35:15,775][root][INFO] - self.cfg.use_normal:False
[2024-09-21 17:35:15,775][root][INFO] - making cropped data
[2024-09-21 17:35:15,783][root][INFO] - Welcome make_crop_data_batch
[2024-09-21 17:35:15,784][root][INFO] - make tf_to_crops done
[2024-09-21 17:35:15,804][root][INFO] - render done
[2024-09-21 17:35:15,930][root][INFO] - pose batch data done
[2024-09-21 17:35:15,930][root][INFO] - pose_data.rgbAs.shape[0]: 252
[2024-09-21 17:35:16,025][root][INFO] - forward done
[2024-09-21 17:35:16,043][root][INFO] - final, add_errs min:-1.0
[2024-09-21 17:35:16,053][root][INFO] - sort ids:tensor([ 34, 226,   4, 131,  11,  76,  77, 149, 202, 106, 130, 137, 203,   5,
         47, 100, 107, 220, 173, 101, 167, 227,  40,  64,  46, 159,  51, 143,
         14, 160,  35, 164, 215,  69,  13, 182,  25, 109, 119, 242, 118,  92,
        165,  50,  82, 235,  26,  48,  91, 206,  29,  94, 125, 229,  86, 102,
        183,  80, 186,  10,  31, 169, 209, 219,  22, 187, 116,  32, 180,  79,
         83, 144, 110,   7,  37,  52, 154,  12,  55, 195, 211, 245,  36,  98,
        192, 225,  95, 103, 124, 155, 179, 243,  89, 157, 161, 201,  54, 115,
        156, 113, 178,  19,  43,  73,  99, 189,   6,  33,  58,  78,  88, 104,
        132, 151, 190, 196, 212, 224, 244,  20,  28,  30,  56, 122, 185, 222,
        239, 247,  16,  23,  72, 120, 126, 128, 230,   0,   1,  96,  97, 172,
        181, 188, 240,   3,  17,  39,  61, 111, 136, 141, 153, 158, 162, 174,
        193, 232, 238,   9,  38,  44, 117, 146, 152, 168, 170, 177, 241,   8,
         15,  21,  41,  49,  57,  59,  63,  65,  67,  70,  74,  75,  85,  87,
         90, 105, 108, 121, 135, 138, 140, 142, 145, 163, 166, 207, 210, 213,
        214, 231, 233, 236, 237,   2,  27,  42,  45,  53,  60,  68, 127, 150,
        197, 198, 199, 204, 208, 217, 221, 223, 228, 246, 249,  18,  24,  81,
         84,  93, 114, 123, 133, 134, 147, 148, 176, 234, 248, 250,  62, 112,
        129, 175, 184, 191, 194, 205, 218, 171, 200,  66, 139, 216, 251,  71])
[2024-09-21 17:35:16,056][root][INFO] - sorted scores:tensor([60.1562, 60.0000, 59.9375, 59.9375, 59.9062, 59.9062, 59.9062, 59.9062,
        59.9062, 59.8750, 59.8750, 59.8750, 59.8750, 59.8438, 59.8438, 59.8438,
        59.8438, 59.8438, 59.7188, 59.5625, 59.5625, 59.5312, 59.3125, 59.3125,
        59.2812, 59.2812, 59.2500, 59.2500, 59.2188, 59.1875, 59.1250, 59.1250,
        59.1250, 59.0938, 59.0312, 59.0312, 59.0000, 59.0000, 59.0000, 59.0000,
        58.9688, 58.9375, 58.9375, 58.9062, 58.9062, 58.8750, 58.8438, 58.8438,
        58.8438, 58.8438, 58.8125, 58.8125, 58.7812, 58.7812, 58.7500, 58.7500,
        58.7500, 58.7188, 58.7188, 58.6875, 58.6875, 58.6875, 58.6875, 58.6875,
        58.6562, 58.6562, 58.5938, 58.5625, 58.5625, 58.5312, 58.5312, 58.5312,
        58.5000, 58.4688, 58.4688, 58.4688, 58.4688, 58.4375, 58.4375, 58.4375,
        58.4375, 58.4375, 58.4062, 58.4062, 58.4062, 58.4062, 58.3750, 58.3750,
        58.3750, 58.3750, 58.3750, 58.3750, 58.3438, 58.3438, 58.3438, 58.3438,
        58.3125, 58.3125, 58.3125, 58.2812, 58.2812, 58.2500, 58.2500, 58.2500,
        58.2500, 58.2500, 58.2188, 58.2188, 58.2188, 58.2188, 58.2188, 58.2188,
        58.2188, 58.2188, 58.2188, 58.2188, 58.2188, 58.2188, 58.2188, 58.1875,
        58.1875, 58.1875, 58.1875, 58.1875, 58.1875, 58.1875, 58.1875, 58.1875,
        58.1562, 58.1562, 58.1562, 58.1562, 58.1562, 58.1562, 58.1562, 58.1250,
        58.1250, 58.1250, 58.1250, 58.1250, 58.1250, 58.1250, 58.1250, 58.0938,
        58.0938, 58.0938, 58.0938, 58.0938, 58.0938, 58.0938, 58.0938, 58.0938,
        58.0938, 58.0938, 58.0938, 58.0938, 58.0938, 58.0625, 58.0625, 58.0625,
        58.0625, 58.0625, 58.0625, 58.0625, 58.0625, 58.0625, 58.0625, 58.0312,
        58.0312, 58.0312, 58.0312, 58.0312, 58.0312, 58.0312, 58.0312, 58.0312,
        58.0312, 58.0312, 58.0312, 58.0312, 58.0312, 58.0312, 58.0312, 58.0312,
        58.0312, 58.0312, 58.0312, 58.0312, 58.0312, 58.0312, 58.0312, 58.0312,
        58.0312, 58.0312, 58.0312, 58.0312, 58.0312, 58.0312, 58.0312, 58.0312,
        58.0312, 58.0000, 58.0000, 58.0000, 58.0000, 58.0000, 58.0000, 58.0000,
        58.0000, 58.0000, 58.0000, 58.0000, 58.0000, 58.0000, 58.0000, 58.0000,
        58.0000, 58.0000, 58.0000, 58.0000, 58.0000, 57.9688, 57.9688, 57.9688,
        57.9688, 57.9688, 57.9688, 57.9688, 57.9688, 57.9688, 57.9688, 57.9688,
        57.9688, 57.9688, 57.9688, 57.9688, 57.9375, 57.9375, 57.9375, 57.9375,
        57.9375, 57.9375, 57.9375, 57.9375, 57.9375, 57.9062, 57.9062, 57.8750,
        57.8438, 57.8438, 57.8438, 57.8125])
[2024-09-21 17:35:27,132][websockets.server][INFO] - server listening on 0.0.0.0:8080
[2024-09-21 17:35:29,160][websockets.server][INFO] - connection open
[2024-09-21 17:35:30,931][root][INFO] - Succeeded to open port: /dev/ttyUSB0
[2024-09-21 17:35:30,931][root][INFO] - Succeeded to set baudrate to 3000000
