[2024-09-21 00:27:59,251][root][INFO] - self.cfg: 
 lr: 0.0001
c_in: 6
zfar: 'Infinity'
debug: null
n_view: 1
run_id: 3wy8qqex
use_BN: true
exp_name: 2024-01-11-20-02-45
n_epochs: 62
save_dir: /home/bowenw/debug/2024-01-11-20-02-45/
use_mask: false
loss_type: pairwise_valid
optimizer: adam
batch_size: 64
crop_ratio: 1.1
enable_amp: true
use_normal: false
max_num_key: null
warmup_step: -1
input_resize:
- 160
- 160
max_step_val: 1000
vis_interval: 1000
weight_decay: 0
normalize_xyz: true
resume_run_id: null
clip_grad_norm: 'Infinity'
lr_epoch_decay: 500
render_backend: nvdiffrast
train_num_pair: 5
lr_decay_epochs:
- 50
n_epochs_warmup: 1
make_pair_online: false
gradient_max_norm: 'Infinity'
max_step_per_epoch: 10000
n_rendering_workers: 1
save_epoch_interval: 100
n_dataloader_workers: 100
split_objects_across_gpus: true
ckpt_dir: FoundationPose/learning/training/../../weights/2024-01-11-20-02-45/model_best.pth

[2024-09-21 00:27:59,251][root][INFO] - self.h5_file:None
[2024-09-21 00:27:59,428][root][INFO] - Using pretrained model from FoundationPose/learning/training/../../weights/2024-01-11-20-02-45/model_best.pth
[2024-09-21 00:27:59,490][root][INFO] - init done
[2024-09-21 00:27:59,490][root][INFO] - welcome
[2024-09-21 00:27:59,494][root][INFO] - self.cfg: 
 lr: 0.0001
c_in: 6
zfar: .inf
debug: null
w_rot: 0.1
n_view: 1
run_id: null
use_BN: true
rot_rep: axis_angle
ckpt_dir: FoundationPose/learning/training/../../weights/2023-10-28-18-33-37/model_best.pth
exp_name: 2023-10-28-18-33-37
save_dir: /tmp/2023-10-28-18-33-37/
loss_type: l2
optimizer: adam
trans_rep: tracknet
batch_size: 64
crop_ratio: 1.2
use_normal: false
BN_momentum: 0.1
max_num_key: null
warmup_step: -1
input_resize:
- 160
- 160
max_step_val: 1000
normal_uint8: false
vis_interval: 1000
weight_decay: 0
n_max_objects: null
normalize_xyz: true
clip_grad_norm: 'Infinity'
rot_normalizer: 0.3490658503988659
trans_normalizer:
- 0.019999999552965164
- 0.019999999552965164
- 0.05000000074505806
max_step_per_epoch: 25000
val_epoch_interval: 10
n_dataloader_workers: 60
enable_amp: true
use_mask: false

[2024-09-21 00:27:59,494][root][INFO] - self.h5_file:
[2024-09-21 00:27:59,557][root][INFO] - Using pretrained model from FoundationPose/learning/training/../../weights/2023-10-28-18-33-37/model_best.pth
[2024-09-21 00:27:59,575][root][INFO] - init done
[2024-09-21 00:28:01,797][root][INFO] - self.diameter:0.2324774443430137, vox_size:0.011623872217150685
[2024-09-21 00:28:01,813][root][INFO] - self.pts:torch.Size([385, 3])
[2024-09-21 00:28:02,635][root][INFO] - reset done
[2024-09-21 00:28:02,636][root][INFO] - cam_in_obs:(42, 4, 4)
[2024-09-21 00:28:02,638][root][INFO] - rot_grid:(252, 4, 4)
[2024-09-21 00:28:02,639][root][INFO] - after cluster, rot_grid:(252, 4, 4)
[2024-09-21 00:28:02,639][root][INFO] - self.rot_grid: torch.Size([252, 4, 4])
[2024-09-21 00:28:11,942][root][INFO] - Welcome
[2024-09-21 00:28:11,958][root][INFO] - poses:(252, 4, 4)
[2024-09-21 00:28:11,968][root][INFO] - after viewpoint, add_errs min:-1.0
[2024-09-21 00:28:12,025][root][INFO] - ob_in_cams:(252, 4, 4)
[2024-09-21 00:28:12,025][root][INFO] - self.cfg.use_normal:False
[2024-09-21 00:28:12,026][root][INFO] - trans_normalizer:[0.019999999552965164, 0.019999999552965164, 0.05000000074505806], rot_normalizer:0.3490658503988659
[2024-09-21 00:28:12,046][root][INFO] - making cropped data
[2024-09-21 00:28:12,046][root][INFO] - Welcome make_crop_data_batch
[2024-09-21 00:28:12,051][root][INFO] - make tf_to_crops done
[2024-09-21 00:28:12,078][root][INFO] - render done
[2024-09-21 00:28:12,084][root][INFO] - warp done
[2024-09-21 00:28:12,089][root][INFO] - pose batch data done
[2024-09-21 00:28:12,089][root][INFO] - forward start
[2024-09-21 00:28:12,207][root][INFO] - forward done
[2024-09-21 00:28:12,218][root][INFO] - making cropped data
[2024-09-21 00:28:12,218][root][INFO] - Welcome make_crop_data_batch
[2024-09-21 00:28:12,219][root][INFO] - make tf_to_crops done
[2024-09-21 00:28:12,236][root][INFO] - render done
[2024-09-21 00:28:12,239][root][INFO] - warp done
[2024-09-21 00:28:12,242][root][INFO] - pose batch data done
[2024-09-21 00:28:12,242][root][INFO] - forward start
[2024-09-21 00:28:12,243][root][INFO] - forward done
[2024-09-21 00:28:12,243][root][INFO] - making cropped data
[2024-09-21 00:28:12,243][root][INFO] - Welcome make_crop_data_batch
[2024-09-21 00:28:12,343][root][INFO] - make tf_to_crops done
[2024-09-21 00:28:12,360][root][INFO] - render done
[2024-09-21 00:28:12,365][root][INFO] - warp done
[2024-09-21 00:28:12,367][root][INFO] - pose batch data done
[2024-09-21 00:28:12,368][root][INFO] - forward start
[2024-09-21 00:28:12,369][root][INFO] - forward done
[2024-09-21 00:28:12,369][root][INFO] - making cropped data
[2024-09-21 00:28:12,369][root][INFO] - Welcome make_crop_data_batch
[2024-09-21 00:28:12,469][root][INFO] - make tf_to_crops done
[2024-09-21 00:28:12,486][root][INFO] - render done
[2024-09-21 00:28:12,489][root][INFO] - warp done
[2024-09-21 00:28:12,492][root][INFO] - pose batch data done
[2024-09-21 00:28:12,492][root][INFO] - forward start
[2024-09-21 00:28:12,493][root][INFO] - forward done
[2024-09-21 00:28:12,494][root][INFO] - making cropped data
[2024-09-21 00:28:12,494][root][INFO] - Welcome make_crop_data_batch
[2024-09-21 00:28:12,594][root][INFO] - make tf_to_crops done
[2024-09-21 00:28:12,611][root][INFO] - render done
[2024-09-21 00:28:12,616][root][INFO] - warp done
[2024-09-21 00:28:12,618][root][INFO] - pose batch data done
[2024-09-21 00:28:12,618][root][INFO] - forward start
[2024-09-21 00:28:12,620][root][INFO] - forward done
[2024-09-21 00:28:12,735][root][INFO] - ob_in_cams:(252, 4, 4)
[2024-09-21 00:28:12,735][root][INFO] - self.cfg.use_normal:False
[2024-09-21 00:28:12,735][root][INFO] - making cropped data
[2024-09-21 00:28:12,741][root][INFO] - Welcome make_crop_data_batch
[2024-09-21 00:28:12,741][root][INFO] - make tf_to_crops done
[2024-09-21 00:28:12,756][root][INFO] - render done
[2024-09-21 00:28:12,886][root][INFO] - pose batch data done
[2024-09-21 00:28:12,886][root][INFO] - pose_data.rgbAs.shape[0]: 252
[2024-09-21 00:28:12,983][root][INFO] - forward done
[2024-09-21 00:28:13,001][root][INFO] - final, add_errs min:-1.0
[2024-09-21 00:28:13,011][root][INFO] - sort ids:tensor([ 67, 109, 223, 242,   1,  27,  28,  30,  31,  59,  68,  87,  94,  96,
        102, 107, 108, 173, 184, 185, 186, 230, 236, 241,  97, 191, 237,  11,
         58, 224, 197, 149, 247, 248,  93, 113,  86, 178,  22, 183,  35, 235,
        190, 168,  33, 179, 199, 221,  53,  14,  32,  42, 155, 240,   2,  52,
        167,  61, 140, 189, 226, 243, 132, 188,  45, 154,  43, 148, 160, 210,
        216,  62,  65, 150,  26,  34, 142, 145, 156, 169,  10,  37,  98, 196,
        202, 229, 245,   9,  41,  44, 125, 141, 206, 217, 218, 101, 146,  23,
        135, 137, 163, 219, 231,  47, 166, 181, 208, 220,  13, 115, 128, 164,
        172, 198, 200, 211,  40,  70, 129, 133, 136, 139, 162, 227,  17,  46,
         48, 120, 203, 111, 112, 165, 170, 187, 250, 244,  95,  55, 114, 214,
         25, 131, 161, 209,  36, 138,  16, 118, 193, 212, 232,  19, 175,  24,
         51, 201, 205,  64, 100, 143, 195,  71, 159,  49,  66, 119,  81,  82,
        158,  83, 239, 251,  15,  89, 234,  80,  92, 110, 122, 124, 153,  50,
         91, 151, 176, 215,   7,  20,  56,  79,  90, 182, 233,  85,  88,   0,
         38, 157, 194,  78,  12,  39,  73, 127,  29,  72,  77,  84, 180, 228,
          3,  74,  75, 103, 117, 152, 116, 123, 238,   4,  76, 105,   5,   8,
         18, 106, 121, 130,   6,  21, 246,  99, 134, 171, 104, 126,  60,  57,
        225, 144, 192, 249,  69,  63, 147, 204, 222,  54, 177, 174, 207, 213])
[2024-09-21 00:28:13,015][root][INFO] - sorted scores:tensor([83.9375, 83.9375, 83.9375, 83.9375, 83.9219, 83.9219, 83.9219, 83.9219,
        83.9219, 83.9219, 83.9219, 83.9219, 83.9219, 83.9219, 83.9219, 83.9219,
        83.9219, 83.9219, 83.9219, 83.9219, 83.9219, 83.9219, 83.9219, 83.9219,
        83.9062, 83.9062, 83.9062, 83.8594, 83.8438, 83.8281, 83.7969, 83.7188,
        83.7188, 83.7031, 83.6562, 83.4219, 83.4062, 83.3906, 83.3594, 83.3594,
        83.3125, 83.3125, 83.2812, 83.2500, 83.2344, 83.2188, 83.2031, 83.1875,
        83.1406, 83.1250, 83.1250, 83.1250, 83.1250, 83.1250, 83.1094, 83.1094,
        83.1094, 83.0938, 83.0938, 83.0938, 83.0938, 83.0938, 83.0781, 83.0781,
        83.0625, 83.0625, 83.0469, 83.0469, 83.0469, 83.0469, 83.0469, 83.0312,
        83.0312, 83.0312, 83.0156, 83.0156, 83.0156, 83.0156, 83.0156, 83.0156,
        83.0000, 83.0000, 83.0000, 83.0000, 83.0000, 82.9844, 82.9844, 82.9688,
        82.9688, 82.9688, 82.9688, 82.9688, 82.9688, 82.9688, 82.9688, 82.9531,
        82.9531, 82.9375, 82.9375, 82.9375, 82.9375, 82.9375, 82.9375, 82.9219,
        82.9219, 82.9219, 82.9219, 82.9219, 82.9062, 82.9062, 82.9062, 82.9062,
        82.9062, 82.9062, 82.9062, 82.9062, 82.8906, 82.8906, 82.8906, 82.8906,
        82.8906, 82.8906, 82.8906, 82.8906, 82.8750, 82.8750, 82.8750, 82.8750,
        82.8750, 82.8594, 82.8594, 82.8594, 82.8594, 82.8594, 82.8594, 82.8438,
        82.8281, 82.8125, 82.8125, 82.7969, 82.7812, 82.7812, 82.7656, 82.7656,
        82.7500, 82.7500, 82.7344, 82.7344, 82.7344, 82.7344, 82.7344, 82.7188,
        82.7188, 82.7031, 82.7031, 82.7031, 82.6875, 82.6719, 82.6719, 82.6719,
        82.6719, 82.6562, 82.6562, 82.6406, 82.6406, 82.6406, 82.6094, 82.6094,
        82.6094, 82.5938, 82.5938, 82.5781, 82.5625, 82.5625, 82.5625, 82.5312,
        82.5312, 82.5312, 82.5312, 82.5312, 82.5312, 82.5156, 82.5156, 82.5156,
        82.5156, 82.5156, 82.5000, 82.5000, 82.5000, 82.5000, 82.5000, 82.5000,
        82.5000, 82.4844, 82.4844, 82.4688, 82.4688, 82.4688, 82.4688, 82.4531,
        82.4375, 82.4375, 82.4375, 82.4375, 82.4219, 82.4219, 82.4219, 82.4219,
        82.4219, 82.4062, 82.3906, 82.3906, 82.3906, 82.3906, 82.3906, 82.3906,
        82.3750, 82.3750, 82.3750, 82.3594, 82.3594, 82.3594, 82.3438, 82.3438,
        82.3438, 82.3438, 82.3438, 82.3438, 82.3281, 82.3281, 82.3281, 82.2969,
        82.2969, 82.2969, 82.2812, 82.2812, 82.2656, 82.2500, 82.2500, 82.2344,
        82.2344, 82.2344, 82.2188, 82.2031, 82.1875, 82.1719, 82.1719, 82.1562,
        82.1562, 82.1406, 82.1406, 82.1250])
[2024-09-21 00:28:17,229][websockets.server][INFO] - server listening on 0.0.0.0:8080
[2024-09-21 00:28:20,198][websockets.server][INFO] - connection open
[2024-09-21 00:28:24,355][root][INFO] - Succeeded to open port: /dev/ttyUSB0
[2024-09-21 00:28:24,356][root][INFO] - Succeeded to set baudrate to 3000000
[2024-09-21 00:28:38,873][root][ERROR] - > read: [TxRxResult] Incorrect status packet!
[2024-09-21 00:28:49,360][root][ERROR] - > read: [TxRxResult] Incorrect status packet!
[2024-09-21 00:28:49,396][root][ERROR] - > read: [TxRxResult] Incorrect status packet!
[2024-09-21 00:28:49,436][root][ERROR] - > read: [TxRxResult] Incorrect status packet!
[2024-09-21 00:28:49,472][root][ERROR] - > read: [TxRxResult] Incorrect status packet!
[2024-09-21 00:28:49,544][root][ERROR] - > read: [TxRxResult] There is no status packet!
[2024-09-21 00:28:49,580][root][ERROR] - > read: [TxRxResult] There is no status packet!
[2024-09-21 00:28:49,620][root][ERROR] - > read: [TxRxResult] There is no status packet!
[2024-09-21 00:28:49,656][root][ERROR] - > read: [TxRxResult] There is no status packet!
[2024-09-21 00:28:49,696][root][ERROR] - > read: [TxRxResult] There is no status packet!
[2024-09-21 00:28:49,732][root][ERROR] - > read: [TxRxResult] There is no status packet!
[2024-09-21 00:28:49,773][root][ERROR] - > read: [TxRxResult] There is no status packet!
[2024-09-21 00:28:49,808][root][ERROR] - > read: [TxRxResult] There is no status packet!
[2024-09-21 00:28:49,848][root][ERROR] - > read: [TxRxResult] There is no status packet!
