[2024-09-25 15:58:24,107][root][INFO] - self.cfg: 
 lr: 0.0001
c_in: 6
zfar: 'Infinity'
debug: null
n_view: 1
run_id: 3wy8qqex
use_BN: true
exp_name: 2024-01-11-20-02-45
n_epochs: 62
save_dir: /home/bowenw/debug/2024-01-11-20-02-45/
use_mask: false
loss_type: pairwise_valid
optimizer: adam
batch_size: 64
crop_ratio: 1.1
enable_amp: true
use_normal: false
max_num_key: null
warmup_step: -1
input_resize:
- 160
- 160
max_step_val: 1000
vis_interval: 1000
weight_decay: 0
normalize_xyz: true
resume_run_id: null
clip_grad_norm: 'Infinity'
lr_epoch_decay: 500
render_backend: nvdiffrast
train_num_pair: 5
lr_decay_epochs:
- 50
n_epochs_warmup: 1
make_pair_online: false
gradient_max_norm: 'Infinity'
max_step_per_epoch: 10000
n_rendering_workers: 1
save_epoch_interval: 100
n_dataloader_workers: 100
split_objects_across_gpus: true
ckpt_dir: FoundationPose/learning/training/../../weights/2024-01-11-20-02-45/model_best.pth

[2024-09-25 15:58:24,107][root][INFO] - self.h5_file:None
[2024-09-25 15:58:24,287][root][INFO] - Using pretrained model from FoundationPose/learning/training/../../weights/2024-01-11-20-02-45/model_best.pth
[2024-09-25 15:58:24,347][root][INFO] - init done
[2024-09-25 15:58:24,347][root][INFO] - welcome
[2024-09-25 15:58:24,351][root][INFO] - self.cfg: 
 lr: 0.0001
c_in: 6
zfar: .inf
debug: null
w_rot: 0.1
n_view: 1
run_id: null
use_BN: true
rot_rep: axis_angle
ckpt_dir: FoundationPose/learning/training/../../weights/2023-10-28-18-33-37/model_best.pth
exp_name: 2023-10-28-18-33-37
save_dir: /tmp/2023-10-28-18-33-37/
loss_type: l2
optimizer: adam
trans_rep: tracknet
batch_size: 64
crop_ratio: 1.2
use_normal: false
BN_momentum: 0.1
max_num_key: null
warmup_step: -1
input_resize:
- 160
- 160
max_step_val: 1000
normal_uint8: false
vis_interval: 1000
weight_decay: 0
n_max_objects: null
normalize_xyz: true
clip_grad_norm: 'Infinity'
rot_normalizer: 0.3490658503988659
trans_normalizer:
- 0.019999999552965164
- 0.019999999552965164
- 0.05000000074505806
max_step_per_epoch: 25000
val_epoch_interval: 10
n_dataloader_workers: 60
enable_amp: true
use_mask: false

[2024-09-25 15:58:24,351][root][INFO] - self.h5_file:
[2024-09-25 15:58:24,398][root][INFO] - Using pretrained model from FoundationPose/learning/training/../../weights/2023-10-28-18-33-37/model_best.pth
[2024-09-25 15:58:24,415][root][INFO] - init done
[2024-09-25 15:58:26,551][root][INFO] - self.diameter:0.137712368854882, vox_size:0.0068856184427441
[2024-09-25 15:58:26,565][root][INFO] - self.pts:torch.Size([807, 3])
[2024-09-25 15:58:27,507][root][INFO] - reset done
[2024-09-25 15:58:27,508][root][INFO] - cam_in_obs:(42, 4, 4)
[2024-09-25 15:58:27,510][root][INFO] - rot_grid:(252, 4, 4)
[2024-09-25 15:58:27,511][root][INFO] - after cluster, rot_grid:(252, 4, 4)
[2024-09-25 15:58:27,511][root][INFO] - self.rot_grid: torch.Size([252, 4, 4])
[2024-09-25 15:58:37,968][root][INFO] - Welcome
[2024-09-25 15:58:37,982][root][INFO] - poses:(252, 4, 4)
[2024-09-25 15:58:37,993][root][INFO] - after viewpoint, add_errs min:-1.0
[2024-09-25 15:58:38,043][root][INFO] - ob_in_cams:(252, 4, 4)
[2024-09-25 15:58:38,047][root][INFO] - self.cfg.use_normal:False
[2024-09-25 15:58:38,048][root][INFO] - trans_normalizer:[0.019999999552965164, 0.019999999552965164, 0.05000000074505806], rot_normalizer:0.3490658503988659
[2024-09-25 15:58:38,068][root][INFO] - making cropped data
[2024-09-25 15:58:38,068][root][INFO] - Welcome make_crop_data_batch
[2024-09-25 15:58:38,071][root][INFO] - make tf_to_crops done
[2024-09-25 15:58:38,099][root][INFO] - render done
[2024-09-25 15:58:38,104][root][INFO] - warp done
[2024-09-25 15:58:38,110][root][INFO] - pose batch data done
[2024-09-25 15:58:38,110][root][INFO] - forward start
[2024-09-25 15:58:38,221][root][INFO] - forward done
[2024-09-25 15:58:38,232][root][INFO] - making cropped data
[2024-09-25 15:58:38,233][root][INFO] - Welcome make_crop_data_batch
[2024-09-25 15:58:38,233][root][INFO] - make tf_to_crops done
[2024-09-25 15:58:38,252][root][INFO] - render done
[2024-09-25 15:58:38,256][root][INFO] - warp done
[2024-09-25 15:58:38,259][root][INFO] - pose batch data done
[2024-09-25 15:58:38,259][root][INFO] - forward start
[2024-09-25 15:58:38,260][root][INFO] - forward done
[2024-09-25 15:58:38,260][root][INFO] - making cropped data
[2024-09-25 15:58:38,260][root][INFO] - Welcome make_crop_data_batch
[2024-09-25 15:58:38,356][root][INFO] - make tf_to_crops done
[2024-09-25 15:58:38,374][root][INFO] - render done
[2024-09-25 15:58:38,377][root][INFO] - warp done
[2024-09-25 15:58:38,380][root][INFO] - pose batch data done
[2024-09-25 15:58:38,380][root][INFO] - forward start
[2024-09-25 15:58:38,381][root][INFO] - forward done
[2024-09-25 15:58:38,382][root][INFO] - making cropped data
[2024-09-25 15:58:38,382][root][INFO] - Welcome make_crop_data_batch
[2024-09-25 15:58:38,477][root][INFO] - make tf_to_crops done
[2024-09-25 15:58:38,495][root][INFO] - render done
[2024-09-25 15:58:38,498][root][INFO] - warp done
[2024-09-25 15:58:38,500][root][INFO] - pose batch data done
[2024-09-25 15:58:38,500][root][INFO] - forward start
[2024-09-25 15:58:38,502][root][INFO] - forward done
[2024-09-25 15:58:38,502][root][INFO] - making cropped data
[2024-09-25 15:58:38,502][root][INFO] - Welcome make_crop_data_batch
[2024-09-25 15:58:38,597][root][INFO] - make tf_to_crops done
[2024-09-25 15:58:38,615][root][INFO] - render done
[2024-09-25 15:58:38,618][root][INFO] - warp done
[2024-09-25 15:58:38,621][root][INFO] - pose batch data done
[2024-09-25 15:58:38,621][root][INFO] - forward start
[2024-09-25 15:58:38,622][root][INFO] - forward done
[2024-09-25 15:58:38,733][root][INFO] - ob_in_cams:(252, 4, 4)
[2024-09-25 15:58:38,733][root][INFO] - self.cfg.use_normal:False
[2024-09-25 15:58:38,733][root][INFO] - making cropped data
[2024-09-25 15:58:38,741][root][INFO] - Welcome make_crop_data_batch
[2024-09-25 15:58:38,741][root][INFO] - make tf_to_crops done
[2024-09-25 15:58:38,758][root][INFO] - render done
[2024-09-25 15:58:38,881][root][INFO] - pose batch data done
[2024-09-25 15:58:38,881][root][INFO] - pose_data.rgbAs.shape[0]: 252
[2024-09-25 15:58:38,974][root][INFO] - forward done
[2024-09-25 15:58:38,991][root][INFO] - final, add_errs min:-1.0
[2024-09-25 15:58:39,001][root][INFO] - sort ids:tensor([  4,   5,  71, 100, 226, 227, 239, 244, 245, 251,  65,  70, 203, 221,
        233, 250, 131, 101,  34, 111, 214,  42,  33, 202, 166, 167,  64, 148,
         27,  62,  45, 141, 160,  36, 161, 211,   0,  53, 241, 154, 230,  94,
        142, 219,  47, 178,  67,  72, 218,  51,  68, 155, 197, 206, 115, 200,
         13,  22, 194, 208, 236, 188, 247, 242, 191, 132,  59, 126, 193,  31,
         52, 130, 184, 240, 162, 224, 248, 156,  46, 177, 196, 209, 105, 170,
        144, 249,  54,  55, 145, 146, 173,  44, 133, 108, 113, 169, 175, 187,
        223,  87, 165, 235, 243, 120, 192, 129, 135,  49,  32,  97,   7,  61,
        136, 149,  82,  84, 210,  57,  69,  91, 158,  58, 112, 231,  93, 128,
        246,  66, 152, 164,  24,   6,  48, 134,  56,  92,  41,  50, 189,  81,
        124, 109, 119, 138, 234,  26, 229,  20,  30, 186, 237, 195, 183,  18,
         39,  43,  60, 151, 163,  37,  15, 199,  86, 217, 153,   1,  95, 123,
         79,  90,  19, 150, 228,  29,  21, 121,  77,  89, 122, 157, 201,  38,
        147, 174, 181,  23, 125,  16, 185, 179, 110, 216, 117, 143,  14,  28,
         88,  98, 212,  12,  25, 118, 190,   9,  63,  85, 137, 180, 204, 139,
          3,  96, 116, 225, 232, 205,  17,  80,  83, 159, 182, 238, 172, 213,
        140, 207, 220, 222,  74, 114,   8,  75,  78, 102, 127, 168, 104,  10,
         35,  76, 176,   2,  11, 171, 215,  40,  99, 198, 106, 107, 103,  73])
[2024-09-25 15:58:39,004][root][INFO] - sorted scores:tensor([109.3281, 109.3281, 109.3281, 109.3281, 109.3281, 109.3281, 109.3281,
        109.3281, 109.3281, 109.3281, 109.3203, 109.3203, 109.3203, 109.3203,
        109.3203, 109.3203, 109.3125, 109.3047, 109.2734, 109.2500, 109.2500,
        109.1797, 109.0312, 109.0312, 108.9688, 108.9453, 108.9375, 108.9375,
        108.9219, 108.9219, 108.8750, 108.8672, 108.8594, 108.8516, 108.8516,
        108.8516, 108.8281, 108.8281, 108.8281, 108.8203, 108.8203, 108.8125,
        108.8125, 108.8125, 108.7969, 108.7891, 108.7734, 108.7734, 108.7656,
        108.7578, 108.7422, 108.7422, 108.7344, 108.7344, 108.7188, 108.7188,
        108.7109, 108.7109, 108.7109, 108.7109, 108.7109, 108.7031, 108.7031,
        108.6953, 108.6875, 108.6797, 108.6719, 108.6641, 108.6641, 108.6484,
        108.6484, 108.6484, 108.6484, 108.6484, 108.6328, 108.6172, 108.6172,
        108.6094, 108.6016, 108.5938, 108.5938, 108.5938, 108.5859, 108.5781,
        108.5703, 108.5703, 108.5625, 108.5625, 108.5625, 108.5625, 108.5625,
        108.5547, 108.5469, 108.5391, 108.5391, 108.5391, 108.5391, 108.5391,
        108.5391, 108.5312, 108.5312, 108.5312, 108.5312, 108.5234, 108.5234,
        108.5078, 108.5078, 108.5000, 108.4922, 108.4922, 108.4844, 108.4844,
        108.4844, 108.4688, 108.4609, 108.4609, 108.4609, 108.4531, 108.4531,
        108.4531, 108.4531, 108.4453, 108.4375, 108.4375, 108.4297, 108.4297,
        108.4297, 108.4219, 108.4219, 108.4219, 108.4141, 108.4062, 108.4062,
        108.4062, 108.3984, 108.3984, 108.3906, 108.3906, 108.3906, 108.3828,
        108.3828, 108.3750, 108.3750, 108.3750, 108.3750, 108.3672, 108.3672,
        108.3594, 108.3594, 108.3594, 108.3594, 108.3438, 108.3359, 108.3281,
        108.3281, 108.3203, 108.3203, 108.3203, 108.3203, 108.3125, 108.3047,
        108.3047, 108.2969, 108.2969, 108.2891, 108.2734, 108.2734, 108.2734,
        108.2656, 108.2656, 108.2578, 108.2578, 108.2578, 108.2500, 108.2422,
        108.2422, 108.2344, 108.2344, 108.2344, 108.2344, 108.2344, 108.2266,
        108.2266, 108.2266, 108.2266, 108.2188, 108.2188, 108.2109, 108.2109,
        108.2031, 108.1953, 108.1953, 108.1875, 108.1875, 108.1797, 108.1797,
        108.1797, 108.1797, 108.1797, 108.1719, 108.1719, 108.1719, 108.1719,
        108.1641, 108.1641, 108.1641, 108.1641, 108.1641, 108.1641, 108.1562,
        108.1484, 108.1484, 108.1484, 108.1484, 108.1484, 108.1406, 108.1328,
        108.1328, 108.1328, 108.1328, 108.1328, 108.1328, 108.1172, 108.1172,
        108.1094, 108.1094, 108.1094, 108.1016, 108.0938, 108.0938, 108.0859,
        108.0859, 108.0859, 108.0781, 108.0781, 108.0781, 108.0703, 108.0625,
        108.0625, 108.0547, 108.0547, 108.0469, 108.0469, 108.0469, 108.0469,
        108.0391, 108.0391, 108.0312, 108.0156, 108.0156, 108.0000, 107.9961])
[2024-09-25 15:58:50,371][websockets.server][INFO] - server listening on 0.0.0.0:8080
[2024-09-25 15:58:51,667][websockets.server][INFO] - connection open
[2024-09-25 15:58:55,362][root][INFO] - Succeeded to open port: /dev/ttyUSB0
[2024-09-25 15:58:55,362][root][INFO] - Succeeded to set baudrate to 3000000
