[2024-10-25 16:39:07,399][websockets.server][INFO] - server listening on 0.0.0.0:8080
[2024-10-25 16:39:07,532][root][INFO] - self.cfg: 
 lr: 0.0001
c_in: 6
zfar: 'Infinity'
debug: null
n_view: 1
run_id: 3wy8qqex
use_BN: true
exp_name: 2024-01-11-20-02-45
n_epochs: 62
save_dir: /home/bowenw/debug/2024-01-11-20-02-45/
use_mask: false
loss_type: pairwise_valid
optimizer: adam
batch_size: 64
crop_ratio: 1.1
enable_amp: true
use_normal: false
max_num_key: null
warmup_step: -1
input_resize:
- 160
- 160
max_step_val: 1000
vis_interval: 1000
weight_decay: 0
normalize_xyz: true
resume_run_id: null
clip_grad_norm: 'Infinity'
lr_epoch_decay: 500
render_backend: nvdiffrast
train_num_pair: 5
lr_decay_epochs:
- 50
n_epochs_warmup: 1
make_pair_online: false
gradient_max_norm: 'Infinity'
max_step_per_epoch: 10000
n_rendering_workers: 1
save_epoch_interval: 100
n_dataloader_workers: 100
split_objects_across_gpus: true
ckpt_dir: /home/shaol/gjx/rw/third_party/FoundationPose/learning/training/../../weights/2024-01-11-20-02-45/model_best.pth

[2024-10-25 16:39:07,532][root][INFO] - self.h5_file:None
[2024-10-25 16:39:07,677][root][INFO] - Using pretrained model from /home/shaol/gjx/rw/third_party/FoundationPose/learning/training/../../weights/2024-01-11-20-02-45/model_best.pth
[2024-10-25 16:39:07,739][root][INFO] - init done
[2024-10-25 16:39:07,739][root][INFO] - welcome
[2024-10-25 16:39:07,742][root][INFO] - self.cfg: 
 lr: 0.0001
c_in: 6
zfar: .inf
debug: null
w_rot: 0.1
n_view: 1
run_id: null
use_BN: true
rot_rep: axis_angle
ckpt_dir: /home/shaol/gjx/rw/third_party/FoundationPose/learning/training/../../weights/2023-10-28-18-33-37/model_best.pth
exp_name: 2023-10-28-18-33-37
save_dir: /tmp/2023-10-28-18-33-37/
loss_type: l2
optimizer: adam
trans_rep: tracknet
batch_size: 64
crop_ratio: 1.2
use_normal: false
BN_momentum: 0.1
max_num_key: null
warmup_step: -1
input_resize:
- 160
- 160
max_step_val: 1000
normal_uint8: false
vis_interval: 1000
weight_decay: 0
n_max_objects: null
normalize_xyz: true
clip_grad_norm: 'Infinity'
rot_normalizer: 0.3490658503988659
trans_normalizer:
- 0.019999999552965164
- 0.019999999552965164
- 0.05000000074505806
max_step_per_epoch: 25000
val_epoch_interval: 10
n_dataloader_workers: 60
enable_amp: true
use_mask: false

[2024-10-25 16:39:07,742][root][INFO] - self.h5_file:
[2024-10-25 16:39:07,793][root][INFO] - Using pretrained model from /home/shaol/gjx/rw/third_party/FoundationPose/learning/training/../../weights/2023-10-28-18-33-37/model_best.pth
[2024-10-25 16:39:07,800][websockets.server][INFO] - connection open
[2024-10-25 16:39:07,815][root][INFO] - init done
[2024-10-25 16:39:07,823][websockets.server][INFO] - connection open
[2024-10-25 16:39:09,095][root][INFO] - self.diameter:0.22612456594069064, vox_size:0.011306228297034532
[2024-10-25 16:39:09,108][root][INFO] - self.pts:torch.Size([334, 3])
[2024-10-25 16:39:10,313][root][INFO] - reset done
[2024-10-25 16:39:10,314][root][INFO] - cam_in_obs:(42, 4, 4)
[2024-10-25 16:39:10,315][root][INFO] - rot_grid:(252, 4, 4)
[2024-10-25 16:39:10,316][root][INFO] - after cluster, rot_grid:(252, 4, 4)
[2024-10-25 16:39:10,316][root][INFO] - self.rot_grid: torch.Size([252, 4, 4])
[2024-10-25 16:39:20,205][root][INFO] - Welcome
[2024-10-25 16:39:20,220][root][INFO] - poses:(252, 4, 4)
[2024-10-25 16:39:20,230][root][INFO] - after viewpoint, add_errs min:-1.0
[2024-10-25 16:39:20,261][root][INFO] - ob_in_cams:(252, 4, 4)
[2024-10-25 16:39:20,262][root][INFO] - self.cfg.use_normal:False
[2024-10-25 16:39:20,262][root][INFO] - trans_normalizer:[0.019999999552965164, 0.019999999552965164, 0.05000000074505806], rot_normalizer:0.3490658503988659
[2024-10-25 16:39:20,310][root][INFO] - making cropped data
[2024-10-25 16:39:20,310][root][INFO] - Welcome make_crop_data_batch
[2024-10-25 16:39:20,313][root][INFO] - make tf_to_crops done
[2024-10-25 16:39:20,337][root][INFO] - render done
[2024-10-25 16:39:20,344][root][INFO] - warp done
[2024-10-25 16:39:20,349][root][INFO] - pose batch data done
[2024-10-25 16:39:20,349][root][INFO] - forward start
[2024-10-25 16:39:20,478][root][INFO] - forward done
[2024-10-25 16:39:20,489][root][INFO] - making cropped data
[2024-10-25 16:39:20,489][root][INFO] - Welcome make_crop_data_batch
[2024-10-25 16:39:20,490][root][INFO] - make tf_to_crops done
[2024-10-25 16:39:20,506][root][INFO] - render done
[2024-10-25 16:39:20,511][root][INFO] - warp done
[2024-10-25 16:39:20,514][root][INFO] - pose batch data done
[2024-10-25 16:39:20,514][root][INFO] - forward start
[2024-10-25 16:39:20,516][root][INFO] - forward done
[2024-10-25 16:39:20,516][root][INFO] - making cropped data
[2024-10-25 16:39:20,516][root][INFO] - Welcome make_crop_data_batch
[2024-10-25 16:39:20,619][root][INFO] - make tf_to_crops done
[2024-10-25 16:39:20,634][root][INFO] - render done
[2024-10-25 16:39:20,637][root][INFO] - warp done
[2024-10-25 16:39:20,640][root][INFO] - pose batch data done
[2024-10-25 16:39:20,640][root][INFO] - forward start
[2024-10-25 16:39:20,641][root][INFO] - forward done
[2024-10-25 16:39:20,642][root][INFO] - making cropped data
[2024-10-25 16:39:20,642][root][INFO] - Welcome make_crop_data_batch
[2024-10-25 16:39:20,744][root][INFO] - make tf_to_crops done
[2024-10-25 16:39:20,759][root][INFO] - render done
[2024-10-25 16:39:20,764][root][INFO] - warp done
[2024-10-25 16:39:20,766][root][INFO] - pose batch data done
[2024-10-25 16:39:20,766][root][INFO] - forward start
[2024-10-25 16:39:20,768][root][INFO] - forward done
[2024-10-25 16:39:20,768][root][INFO] - making cropped data
[2024-10-25 16:39:20,768][root][INFO] - Welcome make_crop_data_batch
[2024-10-25 16:39:20,869][root][INFO] - make tf_to_crops done
[2024-10-25 16:39:20,885][root][INFO] - render done
[2024-10-25 16:39:20,888][root][INFO] - warp done
[2024-10-25 16:39:20,890][root][INFO] - pose batch data done
[2024-10-25 16:39:20,891][root][INFO] - forward start
[2024-10-25 16:39:20,892][root][INFO] - forward done
[2024-10-25 16:39:21,011][root][INFO] - ob_in_cams:(252, 4, 4)
[2024-10-25 16:39:21,011][root][INFO] - self.cfg.use_normal:False
[2024-10-25 16:39:21,011][root][INFO] - making cropped data
[2024-10-25 16:39:21,019][root][INFO] - Welcome make_crop_data_batch
[2024-10-25 16:39:21,020][root][INFO] - make tf_to_crops done
[2024-10-25 16:39:21,034][root][INFO] - render done
[2024-10-25 16:39:21,165][root][INFO] - pose batch data done
[2024-10-25 16:39:21,166][root][INFO] - pose_data.rgbAs.shape[0]: 252
[2024-10-25 16:39:21,264][root][INFO] - forward done
[2024-10-25 16:39:21,281][root][INFO] - final, add_errs min:-1.0
[2024-10-25 16:39:21,290][root][INFO] - sort ids:tensor([244, 112,  35,  76, 245,  10,   5, 190, 106, 130, 101, 100,   4, 202,
        227, 189, 203, 226, 136, 131,  46, 172, 107,  64,  71,  34,  77, 171,
         11, 148, 105, 220, 137,  47, 149, 167, 251, 113,  57, 250, 173, 240,
         53,  63, 243, 140, 182,  40, 183,  87, 122,  41, 210, 215,  20, 166,
        119,   1,  95, 219,  80,  69, 216, 139,  28,  26, 162, 230,  94, 224,
         98, 213, 235, 199,  62, 128, 241,  97, 181,  38,  92, 238,  91, 125,
          2,  25, 143, 205,  88,  84, 246,   9,  74,  29, 217,  66, 152, 209,
        115,  17,  86, 201, 156, 110, 237,  13, 228,  85,  52,  48, 129, 118,
        142, 150, 164, 123,  44, 176, 204,  67, 234,  89, 229, 206, 124,  31,
        212, 211, 116, 218,  18,  19,  12, 233,  79,  37, 231, 121,  14, 157,
        120, 127, 109, 248,   8,  78,  32, 222, 242,  83, 192,  82,  43,  16,
        134, 104, 175, 165,  21, 195,  73, 180, 160,  15, 208, 232, 169,  50,
        197, 153,   7,  55, 145, 146, 170, 193, 198,  22,  54,  51, 214, 103,
        133, 194,  59, 178, 151, 168, 154, 159, 155, 249, 179, 184, 185, 147,
        186, 187,  23, 196,  60,  56, 223,  65, 207, 225, 221, 174,  49,  58,
        163,  39,  68, 177, 200,  61,  70, 247, 144,  96, 236, 126,  99, 191,
        141, 108,  33,  36,  27,  93, 161,   3,  45, 132,  30,  75, 111, 114,
        102, 188, 138, 239,   6,  42, 135,  72,  90, 117, 158,  81,  24,   0])
[2024-10-25 16:39:21,295][root][INFO] - sorted scores:tensor([99.1396, 99.0889, 99.0869, 99.0776, 99.0732, 99.0693, 99.0625, 99.0581,
        99.0527, 99.0522, 99.0518, 99.0513, 99.0449, 99.0283, 99.0254, 99.0249,
        99.0234, 99.0186, 99.0000, 98.9961, 98.9951, 98.9951, 98.9922, 98.9834,
        98.9727, 98.9678, 98.9658, 98.9590, 98.9463, 98.9355, 98.9316, 98.9229,
        98.9150, 98.7412, 98.7197, 98.7158, 98.6191, 98.5176, 98.5039, 98.4980,
        98.4678, 98.4590, 98.4336, 98.3750, 98.3379, 98.3311, 98.3174, 98.3145,
        98.3135, 98.3096, 98.3096, 98.3057, 98.3008, 98.2998, 98.2988, 98.2930,
        98.2910, 98.2881, 98.2744, 98.2725, 98.2686, 98.2666, 98.2617, 98.2607,
        98.2578, 98.2520, 98.2461, 98.2441, 98.2432, 98.2344, 98.2305, 98.2275,
        98.2266, 98.2256, 98.2236, 98.2236, 98.2119, 98.2061, 98.2002, 98.1973,
        98.1875, 98.1865, 98.1855, 98.1836, 98.1826, 98.1826, 98.1758, 98.1680,
        98.1670, 98.1641, 98.1631, 98.1572, 98.1514, 98.1494, 98.1475, 98.1465,
        98.1465, 98.1445, 98.1426, 98.1328, 98.1250, 98.1240, 98.1230, 98.1211,
        98.1191, 98.1172, 98.1133, 98.1113, 98.1074, 98.1006, 98.0977, 98.0908,
        98.0791, 98.0781, 98.0771, 98.0762, 98.0615, 98.0615, 98.0576, 98.0488,
        98.0479, 98.0342, 98.0342, 98.0332, 98.0117, 98.0098, 98.0088, 98.0049,
        98.0000, 97.9922, 97.9883, 97.9883, 97.9863, 97.9863, 97.9805, 97.9766,
        97.9766, 97.9746, 97.9727, 97.9668, 97.9648, 97.9570, 97.9512, 97.9512,
        97.9414, 97.9375, 97.9219, 97.9160, 97.9141, 97.9043, 97.8965, 97.8809,
        97.8613, 97.8574, 97.8535, 97.8477, 97.8477, 97.8418, 97.8203, 97.7773,
        97.7754, 97.7754, 97.7676, 97.7480, 97.7363, 97.7344, 97.7207, 97.7168,
        97.7168, 97.6992, 97.6973, 97.6934, 97.6934, 97.6934, 97.6934, 97.6914,
        97.6875, 97.6836, 97.6816, 97.6719, 97.6699, 97.6543, 97.6543, 97.6504,
        97.6387, 97.6367, 97.6348, 97.6328, 97.6289, 97.6211, 97.6152, 97.5977,
        97.5898, 97.5879, 97.5781, 97.5684, 97.5645, 97.5605, 97.5547, 97.5273,
        97.4980, 97.4805, 97.4805, 97.4453, 97.3516, 97.3320, 97.3066, 97.2930,
        97.2461, 97.2441, 97.2188, 97.1816, 97.1777, 97.1758, 97.1543, 97.1328,
        97.1309, 97.1250, 97.0625, 97.0254, 97.0039, 96.9961, 96.9902, 96.9766,
        96.9668, 96.9648, 96.9590, 96.9590, 96.9531, 96.9512, 96.9492, 96.9414,
        96.9414, 96.9395, 96.9375, 96.9355, 96.9355, 96.9336, 96.9316, 96.9316,
        96.9238, 96.9238, 96.9199, 96.9141, 96.9141, 96.9121, 96.9102, 96.9082,
        96.9043, 96.9023, 96.8965, 96.8770])
