[2024-09-20 15:07:18,715][root][INFO] - self.cfg: 
 lr: 0.0001
c_in: 6
zfar: 'Infinity'
debug: null
n_view: 1
run_id: 3wy8qqex
use_BN: true
exp_name: 2024-01-11-20-02-45
n_epochs: 62
save_dir: /home/bowenw/debug/2024-01-11-20-02-45/
use_mask: false
loss_type: pairwise_valid
optimizer: adam
batch_size: 64
crop_ratio: 1.1
enable_amp: true
use_normal: false
max_num_key: null
warmup_step: -1
input_resize:
- 160
- 160
max_step_val: 1000
vis_interval: 1000
weight_decay: 0
normalize_xyz: true
resume_run_id: null
clip_grad_norm: 'Infinity'
lr_epoch_decay: 500
render_backend: nvdiffrast
train_num_pair: 5
lr_decay_epochs:
- 50
n_epochs_warmup: 1
make_pair_online: false
gradient_max_norm: 'Infinity'
max_step_per_epoch: 10000
n_rendering_workers: 1
save_epoch_interval: 100
n_dataloader_workers: 100
split_objects_across_gpus: true
ckpt_dir: FoundationPose/learning/training/../../weights/2024-01-11-20-02-45/model_best.pth

[2024-09-20 15:07:18,715][root][INFO] - self.h5_file:None
[2024-09-20 15:07:18,912][root][INFO] - Using pretrained model from FoundationPose/learning/training/../../weights/2024-01-11-20-02-45/model_best.pth
[2024-09-20 15:07:18,976][root][INFO] - init done
[2024-09-20 15:07:18,976][root][INFO] - welcome
[2024-09-20 15:07:18,979][root][INFO] - self.cfg: 
 lr: 0.0001
c_in: 6
zfar: .inf
debug: null
w_rot: 0.1
n_view: 1
run_id: null
use_BN: true
rot_rep: axis_angle
ckpt_dir: FoundationPose/learning/training/../../weights/2023-10-28-18-33-37/model_best.pth
exp_name: 2023-10-28-18-33-37
save_dir: /tmp/2023-10-28-18-33-37/
loss_type: l2
optimizer: adam
trans_rep: tracknet
batch_size: 64
crop_ratio: 1.2
use_normal: false
BN_momentum: 0.1
max_num_key: null
warmup_step: -1
input_resize:
- 160
- 160
max_step_val: 1000
normal_uint8: false
vis_interval: 1000
weight_decay: 0
n_max_objects: null
normalize_xyz: true
clip_grad_norm: 'Infinity'
rot_normalizer: 0.3490658503988659
trans_normalizer:
- 0.019999999552965164
- 0.019999999552965164
- 0.05000000074505806
max_step_per_epoch: 25000
val_epoch_interval: 10
n_dataloader_workers: 60
enable_amp: true
use_mask: false

[2024-09-20 15:07:18,980][root][INFO] - self.h5_file:
[2024-09-20 15:07:19,037][root][INFO] - Using pretrained model from FoundationPose/learning/training/../../weights/2023-10-28-18-33-37/model_best.pth
[2024-09-20 15:07:19,060][root][INFO] - init done
[2024-09-20 15:07:21,286][root][INFO] - self.diameter:0.137712368854882, vox_size:0.0068856184427441
[2024-09-20 15:07:21,301][root][INFO] - self.pts:torch.Size([807, 3])
[2024-09-20 15:07:22,289][root][INFO] - reset done
[2024-09-20 15:07:22,290][root][INFO] - cam_in_obs:(42, 4, 4)
[2024-09-20 15:07:22,291][root][INFO] - rot_grid:(252, 4, 4)
[2024-09-20 15:07:22,292][root][INFO] - after cluster, rot_grid:(252, 4, 4)
[2024-09-20 15:07:22,292][root][INFO] - self.rot_grid: torch.Size([252, 4, 4])
[2024-09-20 15:07:30,931][root][INFO] - Welcome
[2024-09-20 15:07:30,947][root][INFO] - poses:(252, 4, 4)
[2024-09-20 15:07:30,957][root][INFO] - after viewpoint, add_errs min:-1.0
[2024-09-20 15:07:31,019][root][INFO] - ob_in_cams:(252, 4, 4)
[2024-09-20 15:07:31,019][root][INFO] - self.cfg.use_normal:False
[2024-09-20 15:07:31,019][root][INFO] - trans_normalizer:[0.019999999552965164, 0.019999999552965164, 0.05000000074505806], rot_normalizer:0.3490658503988659
[2024-09-20 15:07:31,034][root][INFO] - making cropped data
[2024-09-20 15:07:31,034][root][INFO] - Welcome make_crop_data_batch
[2024-09-20 15:07:31,039][root][INFO] - make tf_to_crops done
[2024-09-20 15:07:31,073][root][INFO] - render done
[2024-09-20 15:07:31,080][root][INFO] - warp done
[2024-09-20 15:07:31,086][root][INFO] - pose batch data done
[2024-09-20 15:07:31,086][root][INFO] - forward start
[2024-09-20 15:07:31,212][root][INFO] - forward done
[2024-09-20 15:07:31,225][root][INFO] - making cropped data
[2024-09-20 15:07:31,225][root][INFO] - Welcome make_crop_data_batch
[2024-09-20 15:07:31,226][root][INFO] - make tf_to_crops done
[2024-09-20 15:07:31,247][root][INFO] - render done
[2024-09-20 15:07:31,253][root][INFO] - warp done
[2024-09-20 15:07:31,256][root][INFO] - pose batch data done
[2024-09-20 15:07:31,256][root][INFO] - forward start
[2024-09-20 15:07:31,257][root][INFO] - forward done
[2024-09-20 15:07:31,258][root][INFO] - making cropped data
[2024-09-20 15:07:31,258][root][INFO] - Welcome make_crop_data_batch
[2024-09-20 15:07:31,365][root][INFO] - make tf_to_crops done
[2024-09-20 15:07:31,388][root][INFO] - render done
[2024-09-20 15:07:31,391][root][INFO] - warp done
[2024-09-20 15:07:31,394][root][INFO] - pose batch data done
[2024-09-20 15:07:31,394][root][INFO] - forward start
[2024-09-20 15:07:31,395][root][INFO] - forward done
[2024-09-20 15:07:31,396][root][INFO] - making cropped data
[2024-09-20 15:07:31,396][root][INFO] - Welcome make_crop_data_batch
[2024-09-20 15:07:31,505][root][INFO] - make tf_to_crops done
[2024-09-20 15:07:31,525][root][INFO] - render done
[2024-09-20 15:07:31,529][root][INFO] - warp done
[2024-09-20 15:07:31,531][root][INFO] - pose batch data done
[2024-09-20 15:07:31,531][root][INFO] - forward start
[2024-09-20 15:07:31,533][root][INFO] - forward done
[2024-09-20 15:07:31,533][root][INFO] - making cropped data
[2024-09-20 15:07:31,533][root][INFO] - Welcome make_crop_data_batch
[2024-09-20 15:07:31,642][root][INFO] - make tf_to_crops done
[2024-09-20 15:07:31,663][root][INFO] - render done
[2024-09-20 15:07:31,669][root][INFO] - warp done
[2024-09-20 15:07:31,672][root][INFO] - pose batch data done
[2024-09-20 15:07:31,672][root][INFO] - forward start
[2024-09-20 15:07:31,673][root][INFO] - forward done
[2024-09-20 15:07:31,796][root][INFO] - ob_in_cams:(252, 4, 4)
[2024-09-20 15:07:31,796][root][INFO] - self.cfg.use_normal:False
[2024-09-20 15:07:31,796][root][INFO] - making cropped data
[2024-09-20 15:07:31,809][root][INFO] - Welcome make_crop_data_batch
[2024-09-20 15:07:31,810][root][INFO] - make tf_to_crops done
[2024-09-20 15:07:31,829][root][INFO] - render done
[2024-09-20 15:07:31,969][root][INFO] - pose batch data done
[2024-09-20 15:07:31,969][root][INFO] - pose_data.rgbAs.shape[0]: 252
[2024-09-20 15:07:32,072][root][INFO] - forward done
[2024-09-20 15:07:32,090][root][INFO] - final, add_errs min:-1.0
[2024-09-20 15:07:32,099][root][INFO] - sort ids:tensor([143, 151, 138, 213,  38, 117,  47, 157, 162, 220, 132, 193,  49, 145,
         48, 158,  64, 221, 110, 122, 144, 192, 203, 209, 211, 214,  24,  34,
         89, 101, 181, 200, 238, 247,  18,  27,  29,  70, 174, 180, 187, 230,
         17,  55,  82,  90, 111, 131, 202, 205, 229, 239,  22,  36,  58,  88,
        114, 118, 190, 208, 210, 232,   1,  12,  14,  35,  41,  79, 121, 175,
        199, 233, 251,   2,  37,  39,  45,  66,  76,  87, 116, 119, 128, 173,
        182, 196, 223, 245,   9,  15,  44,  61,  83,  84, 107, 124, 125, 140,
        191, 206, 246, 248, 250,  25,  40,  52,  54,  74,  94, 154, 218, 227,
         13,  16,  21,  30,  31,  67,  68,  69,  77,  81,  96, 120, 179, 189,
        204, 212, 222, 226, 249,   6,  73,  78,  80,  85,  98, 103, 106, 112,
        115, 127, 135, 147, 165, 172, 177, 198, 215, 217, 231, 234,   7,  10,
         51,  65,  97, 104, 134, 136, 141, 148, 160, 166, 168, 188, 236,   8,
         19,  59, 137, 169, 176, 178, 184, 186,   0,  26,  50,  56,  57,  75,
         86,  91,  92,  93, 126, 161, 170, 185, 228, 241,   5,  11,  20,  23,
         95,  99, 100, 102, 123, 139, 146, 153, 171, 224,  33, 105, 108, 149,
        152, 155,  60,  62,  72, 150, 183, 194,  32,  71, 235,   3, 133, 197,
        207,   4,  63, 164, 195, 216, 240, 244,  42, 109, 113, 129, 142, 159,
        219, 163, 201, 242,  28,  43,  53, 130, 237,  46, 167, 243, 156, 225])
[2024-09-20 15:07:32,103][root][INFO] - sorted scores:tensor([138.9688, 138.9688, 138.9375, 138.9375, 138.9062, 138.9062, 138.8750,
        138.8750, 138.8750, 138.8125, 138.7812, 138.7500, 138.6875, 138.6562,
        138.5938, 138.5000, 138.4688, 138.4688, 138.4375, 138.4375, 138.4375,
        138.4375, 138.4375, 138.4375, 138.4375, 138.4375, 138.4062, 138.4062,
        138.4062, 138.4062, 138.4062, 138.4062, 138.4062, 138.4062, 138.3750,
        138.3750, 138.3750, 138.3750, 138.3750, 138.3750, 138.3750, 138.3750,
        138.3438, 138.3438, 138.3438, 138.3438, 138.3438, 138.3438, 138.3438,
        138.3438, 138.3438, 138.3438, 138.3125, 138.3125, 138.3125, 138.3125,
        138.3125, 138.3125, 138.3125, 138.3125, 138.3125, 138.3125, 138.2812,
        138.2812, 138.2812, 138.2812, 138.2812, 138.2812, 138.2812, 138.2812,
        138.2812, 138.2812, 138.2812, 138.2500, 138.2500, 138.2500, 138.2500,
        138.2500, 138.2500, 138.2500, 138.2500, 138.2500, 138.2500, 138.2500,
        138.2500, 138.2500, 138.2500, 138.2500, 138.2188, 138.2188, 138.2188,
        138.2188, 138.2188, 138.2188, 138.2188, 138.2188, 138.2188, 138.2188,
        138.2188, 138.2188, 138.2188, 138.2188, 138.2188, 138.1875, 138.1875,
        138.1875, 138.1875, 138.1875, 138.1875, 138.1875, 138.1875, 138.1875,
        138.1562, 138.1562, 138.1562, 138.1562, 138.1562, 138.1562, 138.1562,
        138.1562, 138.1562, 138.1562, 138.1562, 138.1562, 138.1562, 138.1562,
        138.1562, 138.1562, 138.1562, 138.1562, 138.1562, 138.1250, 138.1250,
        138.1250, 138.1250, 138.1250, 138.1250, 138.1250, 138.1250, 138.1250,
        138.1250, 138.1250, 138.1250, 138.1250, 138.1250, 138.1250, 138.1250,
        138.1250, 138.1250, 138.1250, 138.1250, 138.1250, 138.0938, 138.0938,
        138.0938, 138.0938, 138.0938, 138.0938, 138.0938, 138.0938, 138.0938,
        138.0938, 138.0938, 138.0938, 138.0938, 138.0938, 138.0938, 138.0625,
        138.0625, 138.0625, 138.0625, 138.0625, 138.0625, 138.0625, 138.0625,
        138.0625, 138.0312, 138.0312, 138.0312, 138.0312, 138.0312, 138.0312,
        138.0312, 138.0312, 138.0312, 138.0312, 138.0312, 138.0312, 138.0312,
        138.0312, 138.0312, 138.0312, 138.0000, 138.0000, 138.0000, 138.0000,
        138.0000, 138.0000, 138.0000, 138.0000, 138.0000, 138.0000, 138.0000,
        138.0000, 138.0000, 138.0000, 137.9688, 137.9688, 137.9688, 137.9688,
        137.9688, 137.9688, 137.9375, 137.9375, 137.9375, 137.9375, 137.9375,
        137.9375, 137.9062, 137.9062, 137.9062, 137.8750, 137.8750, 137.8750,
        137.8750, 137.8438, 137.8438, 137.8438, 137.8438, 137.8438, 137.8438,
        137.8438, 137.8125, 137.8125, 137.8125, 137.8125, 137.8125, 137.8125,
        137.8125, 137.7812, 137.7812, 137.7812, 137.7500, 137.7500, 137.7500,
        137.7500, 137.7500, 137.7188, 137.7188, 137.7188, 137.6875, 137.6562])
[2024-09-20 15:07:36,465][websockets.server][INFO] - server listening on 0.0.0.0:8080
[2024-09-20 15:07:36,711][websockets.server][INFO] - connection open
[2024-09-20 15:07:42,267][websockets.server][INFO] - connection open
[2024-09-20 15:07:44,577][root][INFO] - Succeeded to open port: /dev/ttyUSB0
[2024-09-20 15:07:44,578][root][INFO] - Succeeded to set baudrate to 3000000
