[2024-09-20 12:20:22,535][root][INFO] - self.cfg: 
 lr: 0.0001
c_in: 6
zfar: 'Infinity'
debug: null
n_view: 1
run_id: 3wy8qqex
use_BN: true
exp_name: 2024-01-11-20-02-45
n_epochs: 62
save_dir: /home/bowenw/debug/2024-01-11-20-02-45/
use_mask: false
loss_type: pairwise_valid
optimizer: adam
batch_size: 64
crop_ratio: 1.1
enable_amp: true
use_normal: false
max_num_key: null
warmup_step: -1
input_resize:
- 160
- 160
max_step_val: 1000
vis_interval: 1000
weight_decay: 0
normalize_xyz: true
resume_run_id: null
clip_grad_norm: 'Infinity'
lr_epoch_decay: 500
render_backend: nvdiffrast
train_num_pair: 5
lr_decay_epochs:
- 50
n_epochs_warmup: 1
make_pair_online: false
gradient_max_norm: 'Infinity'
max_step_per_epoch: 10000
n_rendering_workers: 1
save_epoch_interval: 100
n_dataloader_workers: 100
split_objects_across_gpus: true
ckpt_dir: FoundationPose/learning/training/../../weights/2024-01-11-20-02-45/model_best.pth

[2024-09-20 12:20:22,535][root][INFO] - self.h5_file:None
[2024-09-20 12:20:22,752][root][INFO] - Using pretrained model from FoundationPose/learning/training/../../weights/2024-01-11-20-02-45/model_best.pth
[2024-09-20 12:20:22,811][root][INFO] - init done
[2024-09-20 12:20:22,811][root][INFO] - welcome
[2024-09-20 12:20:22,815][root][INFO] - self.cfg: 
 lr: 0.0001
c_in: 6
zfar: .inf
debug: null
w_rot: 0.1
n_view: 1
run_id: null
use_BN: true
rot_rep: axis_angle
ckpt_dir: FoundationPose/learning/training/../../weights/2023-10-28-18-33-37/model_best.pth
exp_name: 2023-10-28-18-33-37
save_dir: /tmp/2023-10-28-18-33-37/
loss_type: l2
optimizer: adam
trans_rep: tracknet
batch_size: 64
crop_ratio: 1.2
use_normal: false
BN_momentum: 0.1
max_num_key: null
warmup_step: -1
input_resize:
- 160
- 160
max_step_val: 1000
normal_uint8: false
vis_interval: 1000
weight_decay: 0
n_max_objects: null
normalize_xyz: true
clip_grad_norm: 'Infinity'
rot_normalizer: 0.3490658503988659
trans_normalizer:
- 0.019999999552965164
- 0.019999999552965164
- 0.05000000074505806
max_step_per_epoch: 25000
val_epoch_interval: 10
n_dataloader_workers: 60
enable_amp: true
use_mask: false

[2024-09-20 12:20:22,815][root][INFO] - self.h5_file:
[2024-09-20 12:20:22,869][root][INFO] - Using pretrained model from FoundationPose/learning/training/../../weights/2023-10-28-18-33-37/model_best.pth
[2024-09-20 12:20:22,891][root][INFO] - init done
[2024-09-20 12:20:23,809][root][INFO] - self.diameter:0.11834483055076726, vox_size:0.005917241527538363
[2024-09-20 12:20:23,824][root][INFO] - self.pts:torch.Size([1023, 3])
[2024-09-20 12:20:24,353][root][INFO] - reset done
[2024-09-20 12:20:24,354][root][INFO] - cam_in_obs:(42, 4, 4)
[2024-09-20 12:20:24,356][root][INFO] - rot_grid:(252, 4, 4)
[2024-09-20 12:20:24,357][root][INFO] - after cluster, rot_grid:(252, 4, 4)
[2024-09-20 12:20:24,357][root][INFO] - self.rot_grid: torch.Size([252, 4, 4])
[2024-09-20 12:20:31,834][root][INFO] - Welcome
[2024-09-20 12:20:31,849][root][INFO] - poses:(252, 4, 4)
[2024-09-20 12:20:31,858][root][INFO] - after viewpoint, add_errs min:-1.0
[2024-09-20 12:20:31,888][root][INFO] - ob_in_cams:(252, 4, 4)
[2024-09-20 12:20:31,889][root][INFO] - self.cfg.use_normal:False
[2024-09-20 12:20:31,889][root][INFO] - trans_normalizer:[0.019999999552965164, 0.019999999552965164, 0.05000000074505806], rot_normalizer:0.3490658503988659
[2024-09-20 12:20:31,913][root][INFO] - making cropped data
[2024-09-20 12:20:31,913][root][INFO] - Welcome make_crop_data_batch
[2024-09-20 12:20:31,917][root][INFO] - make tf_to_crops done
[2024-09-20 12:20:31,950][root][INFO] - render done
[2024-09-20 12:20:31,956][root][INFO] - warp done
[2024-09-20 12:20:31,961][root][INFO] - pose batch data done
[2024-09-20 12:20:31,961][root][INFO] - forward start
[2024-09-20 12:20:32,075][root][INFO] - forward done
[2024-09-20 12:20:32,086][root][INFO] - making cropped data
[2024-09-20 12:20:32,086][root][INFO] - Welcome make_crop_data_batch
[2024-09-20 12:20:32,086][root][INFO] - make tf_to_crops done
[2024-09-20 12:20:32,099][root][INFO] - render done
[2024-09-20 12:20:32,104][root][INFO] - warp done
[2024-09-20 12:20:32,107][root][INFO] - pose batch data done
[2024-09-20 12:20:32,107][root][INFO] - forward start
[2024-09-20 12:20:32,108][root][INFO] - forward done
[2024-09-20 12:20:32,108][root][INFO] - making cropped data
[2024-09-20 12:20:32,109][root][INFO] - Welcome make_crop_data_batch
[2024-09-20 12:20:32,210][root][INFO] - make tf_to_crops done
[2024-09-20 12:20:32,223][root][INFO] - render done
[2024-09-20 12:20:32,227][root][INFO] - warp done
[2024-09-20 12:20:32,230][root][INFO] - pose batch data done
[2024-09-20 12:20:32,230][root][INFO] - forward start
[2024-09-20 12:20:32,231][root][INFO] - forward done
[2024-09-20 12:20:32,231][root][INFO] - making cropped data
[2024-09-20 12:20:32,231][root][INFO] - Welcome make_crop_data_batch
[2024-09-20 12:20:32,330][root][INFO] - make tf_to_crops done
[2024-09-20 12:20:32,344][root][INFO] - render done
[2024-09-20 12:20:32,347][root][INFO] - warp done
[2024-09-20 12:20:32,350][root][INFO] - pose batch data done
[2024-09-20 12:20:32,350][root][INFO] - forward start
[2024-09-20 12:20:32,351][root][INFO] - forward done
[2024-09-20 12:20:32,351][root][INFO] - making cropped data
[2024-09-20 12:20:32,351][root][INFO] - Welcome make_crop_data_batch
[2024-09-20 12:20:32,450][root][INFO] - make tf_to_crops done
[2024-09-20 12:20:32,464][root][INFO] - render done
[2024-09-20 12:20:32,468][root][INFO] - warp done
[2024-09-20 12:20:32,470][root][INFO] - pose batch data done
[2024-09-20 12:20:32,470][root][INFO] - forward start
[2024-09-20 12:20:32,472][root][INFO] - forward done
[2024-09-20 12:20:32,586][root][INFO] - ob_in_cams:(252, 4, 4)
[2024-09-20 12:20:32,587][root][INFO] - self.cfg.use_normal:False
[2024-09-20 12:20:32,587][root][INFO] - making cropped data
[2024-09-20 12:20:32,594][root][INFO] - Welcome make_crop_data_batch
[2024-09-20 12:20:32,595][root][INFO] - make tf_to_crops done
[2024-09-20 12:20:32,607][root][INFO] - render done
[2024-09-20 12:20:32,736][root][INFO] - pose batch data done
[2024-09-20 12:20:32,736][root][INFO] - pose_data.rgbAs.shape[0]: 252
[2024-09-20 12:20:32,832][root][INFO] - forward done
[2024-09-20 12:20:32,850][root][INFO] - final, add_errs min:-1.0
[2024-09-20 12:20:32,860][root][INFO] - sort ids:tensor([ 92,  32,  68, 191,   5,  11,  27,  75, 107,  99, 105, 136, 149, 170,
          7,   8,  33,  81, 104, 145, 148, 166, 167, 169, 173, 223,  10,  35,
         46,  47,  76,  94, 146, 172, 200, 225,   6,   9,  42, 126, 130, 132,
        133, 162, 203, 207, 224, 226,   0,  49,  93, 101, 118, 131, 137, 202,
        243,   4,  34,  77,  80,  96, 106,  16,  30,  66,  78, 124, 158, 161,
        208, 217, 242,   2,  23,  60, 100, 102, 138, 160, 163, 177, 186, 218,
        227, 248,  40,  45,  50,  55,  72, 110, 119, 168, 176, 201,  15,  18,
         22,  43,  56,  70,  74, 109, 121, 127, 129, 156, 175, 214, 219, 221,
        232, 236,  44,  62,  63,  88, 150, 153, 180, 190, 199, 241,  57,  69,
         89,  97,  98, 114, 140, 152, 154, 184, 187, 205, 216, 246, 247,   1,
          3,  51,  71,  79,  82, 111, 123, 155, 182, 183, 204, 209, 210, 213,
        229, 231, 249,  12,  31,  36,  37,  38,  39,  73, 103, 141, 164, 193,
        230, 237,  13,  14,  26,  28,  64,  67,  83,  87, 135, 139, 174, 194,
        195, 206, 215, 222, 228, 238, 250,  21,  24,  29,  41,  48,  54,  90,
        113, 115, 120, 134, 144, 157, 165, 185, 188, 212, 234, 235, 239,  53,
         95, 112, 116, 122, 128, 147, 151, 171, 179, 181, 189, 192, 197, 211,
        220, 240,  17,  20,  52,  85,  86, 108, 125, 143, 196, 198, 233,  19,
         25,  58,  61,  65,  91, 117, 159,  59, 142, 178, 245,  84, 244, 251])
[2024-09-20 12:20:32,863][root][INFO] - sorted scores:tensor([141.9375, 141.9062, 141.9062, 141.8750, 141.8438, 141.8438, 141.8438,
        141.8438, 141.8438, 141.8125, 141.8125, 141.8125, 141.8125, 141.8125,
        141.7812, 141.7812, 141.7812, 141.7812, 141.7812, 141.7812, 141.7812,
        141.7812, 141.7812, 141.7812, 141.7812, 141.7812, 141.7500, 141.7500,
        141.7500, 141.7500, 141.7500, 141.7500, 141.7500, 141.7500, 141.7500,
        141.7500, 141.7188, 141.7188, 141.7188, 141.7188, 141.7188, 141.7188,
        141.7188, 141.7188, 141.7188, 141.7188, 141.7188, 141.7188, 141.6875,
        141.6875, 141.6875, 141.6875, 141.6875, 141.6875, 141.6875, 141.6875,
        141.6875, 141.6562, 141.6562, 141.6562, 141.6562, 141.6562, 141.6562,
        141.6250, 141.6250, 141.6250, 141.6250, 141.6250, 141.6250, 141.6250,
        141.6250, 141.6250, 141.6250, 141.5938, 141.5938, 141.5938, 141.5938,
        141.5938, 141.5938, 141.5938, 141.5938, 141.5938, 141.5938, 141.5938,
        141.5938, 141.5938, 141.5625, 141.5625, 141.5625, 141.5625, 141.5625,
        141.5625, 141.5625, 141.5625, 141.5625, 141.5625, 141.5312, 141.5312,
        141.5312, 141.5312, 141.5312, 141.5312, 141.5312, 141.5312, 141.5312,
        141.5312, 141.5312, 141.5312, 141.5312, 141.5312, 141.5312, 141.5312,
        141.5312, 141.5312, 141.5000, 141.5000, 141.5000, 141.5000, 141.5000,
        141.5000, 141.5000, 141.5000, 141.5000, 141.5000, 141.4688, 141.4688,
        141.4688, 141.4688, 141.4688, 141.4688, 141.4688, 141.4688, 141.4688,
        141.4688, 141.4688, 141.4688, 141.4688, 141.4688, 141.4688, 141.4375,
        141.4375, 141.4375, 141.4375, 141.4375, 141.4375, 141.4375, 141.4375,
        141.4375, 141.4375, 141.4375, 141.4375, 141.4375, 141.4375, 141.4375,
        141.4375, 141.4375, 141.4375, 141.4062, 141.4062, 141.4062, 141.4062,
        141.4062, 141.4062, 141.4062, 141.4062, 141.4062, 141.4062, 141.4062,
        141.4062, 141.4062, 141.3750, 141.3750, 141.3750, 141.3750, 141.3750,
        141.3750, 141.3750, 141.3750, 141.3750, 141.3750, 141.3750, 141.3750,
        141.3750, 141.3750, 141.3750, 141.3750, 141.3750, 141.3750, 141.3750,
        141.3438, 141.3438, 141.3438, 141.3438, 141.3438, 141.3438, 141.3438,
        141.3438, 141.3438, 141.3438, 141.3438, 141.3438, 141.3438, 141.3438,
        141.3438, 141.3438, 141.3438, 141.3438, 141.3438, 141.3438, 141.3125,
        141.3125, 141.3125, 141.3125, 141.3125, 141.3125, 141.3125, 141.3125,
        141.3125, 141.3125, 141.3125, 141.3125, 141.3125, 141.3125, 141.3125,
        141.3125, 141.3125, 141.2812, 141.2812, 141.2812, 141.2812, 141.2812,
        141.2812, 141.2812, 141.2812, 141.2812, 141.2812, 141.2812, 141.2500,
        141.2500, 141.2500, 141.2500, 141.2500, 141.2500, 141.2500, 141.2500,
        141.2188, 141.2188, 141.2188, 141.2188, 141.1562, 141.1562, 141.1562])
[2024-09-20 12:20:37,503][websockets.server][INFO] - server listening on 0.0.0.0:8080
[2024-09-20 12:20:40,174][websockets.server][INFO] - connection open
[2024-09-20 12:20:48,456][websockets.server][INFO] - connection open
[2024-09-20 12:20:49,474][root][INFO] - Succeeded to open port: /dev/ttyUSB0
[2024-09-20 12:20:49,475][root][INFO] - Succeeded to set baudrate to 3000000
