[2024-09-21 19:32:29,647][root][INFO] - self.cfg: 
 lr: 0.0001
c_in: 6
zfar: 'Infinity'
debug: null
n_view: 1
run_id: 3wy8qqex
use_BN: true
exp_name: 2024-01-11-20-02-45
n_epochs: 62
save_dir: /home/bowenw/debug/2024-01-11-20-02-45/
use_mask: false
loss_type: pairwise_valid
optimizer: adam
batch_size: 64
crop_ratio: 1.1
enable_amp: true
use_normal: false
max_num_key: null
warmup_step: -1
input_resize:
- 160
- 160
max_step_val: 1000
vis_interval: 1000
weight_decay: 0
normalize_xyz: true
resume_run_id: null
clip_grad_norm: 'Infinity'
lr_epoch_decay: 500
render_backend: nvdiffrast
train_num_pair: 5
lr_decay_epochs:
- 50
n_epochs_warmup: 1
make_pair_online: false
gradient_max_norm: 'Infinity'
max_step_per_epoch: 10000
n_rendering_workers: 1
save_epoch_interval: 100
n_dataloader_workers: 100
split_objects_across_gpus: true
ckpt_dir: FoundationPose/learning/training/../../weights/2024-01-11-20-02-45/model_best.pth

[2024-09-21 19:32:29,647][root][INFO] - self.h5_file:None
[2024-09-21 19:32:29,825][root][INFO] - Using pretrained model from FoundationPose/learning/training/../../weights/2024-01-11-20-02-45/model_best.pth
[2024-09-21 19:32:29,888][root][INFO] - init done
[2024-09-21 19:32:29,888][root][INFO] - welcome
[2024-09-21 19:32:29,891][root][INFO] - self.cfg: 
 lr: 0.0001
c_in: 6
zfar: .inf
debug: null
w_rot: 0.1
n_view: 1
run_id: null
use_BN: true
rot_rep: axis_angle
ckpt_dir: FoundationPose/learning/training/../../weights/2023-10-28-18-33-37/model_best.pth
exp_name: 2023-10-28-18-33-37
save_dir: /tmp/2023-10-28-18-33-37/
loss_type: l2
optimizer: adam
trans_rep: tracknet
batch_size: 64
crop_ratio: 1.2
use_normal: false
BN_momentum: 0.1
max_num_key: null
warmup_step: -1
input_resize:
- 160
- 160
max_step_val: 1000
normal_uint8: false
vis_interval: 1000
weight_decay: 0
n_max_objects: null
normalize_xyz: true
clip_grad_norm: 'Infinity'
rot_normalizer: 0.3490658503988659
trans_normalizer:
- 0.019999999552965164
- 0.019999999552965164
- 0.05000000074505806
max_step_per_epoch: 25000
val_epoch_interval: 10
n_dataloader_workers: 60
enable_amp: true
use_mask: false

[2024-09-21 19:32:29,892][root][INFO] - self.h5_file:
[2024-09-21 19:32:29,938][root][INFO] - Using pretrained model from FoundationPose/learning/training/../../weights/2023-10-28-18-33-37/model_best.pth
[2024-09-21 19:32:29,962][root][INFO] - init done
[2024-09-21 19:32:31,010][root][INFO] - self.diameter:0.09129442543218583, vox_size:0.004564721271609291
[2024-09-21 19:32:31,025][root][INFO] - self.pts:torch.Size([825, 3])
[2024-09-21 19:32:31,759][root][INFO] - reset done
[2024-09-21 19:32:31,760][root][INFO] - cam_in_obs:(42, 4, 4)
[2024-09-21 19:32:31,762][root][INFO] - rot_grid:(252, 4, 4)
[2024-09-21 19:32:31,763][root][INFO] - after cluster, rot_grid:(252, 4, 4)
[2024-09-21 19:32:31,763][root][INFO] - self.rot_grid: torch.Size([252, 4, 4])
[2024-09-21 19:32:56,402][root][INFO] - Welcome
[2024-09-21 19:32:56,416][root][INFO] - poses:(252, 4, 4)
[2024-09-21 19:32:56,427][root][INFO] - after viewpoint, add_errs min:-1.0
[2024-09-21 19:32:56,494][root][INFO] - ob_in_cams:(252, 4, 4)
[2024-09-21 19:32:56,494][root][INFO] - self.cfg.use_normal:False
[2024-09-21 19:32:56,494][root][INFO] - trans_normalizer:[0.019999999552965164, 0.019999999552965164, 0.05000000074505806], rot_normalizer:0.3490658503988659
[2024-09-21 19:32:56,498][root][INFO] - making cropped data
[2024-09-21 19:32:56,498][root][INFO] - Welcome make_crop_data_batch
[2024-09-21 19:32:56,503][root][INFO] - make tf_to_crops done
[2024-09-21 19:32:56,528][root][INFO] - render done
[2024-09-21 19:32:56,535][root][INFO] - warp done
[2024-09-21 19:32:56,540][root][INFO] - pose batch data done
[2024-09-21 19:32:56,540][root][INFO] - forward start
[2024-09-21 19:32:56,656][root][INFO] - forward done
[2024-09-21 19:32:56,666][root][INFO] - making cropped data
[2024-09-21 19:32:56,666][root][INFO] - Welcome make_crop_data_batch
[2024-09-21 19:32:56,666][root][INFO] - make tf_to_crops done
[2024-09-21 19:32:56,680][root][INFO] - render done
[2024-09-21 19:32:56,685][root][INFO] - warp done
[2024-09-21 19:32:56,687][root][INFO] - pose batch data done
[2024-09-21 19:32:56,687][root][INFO] - forward start
[2024-09-21 19:32:56,689][root][INFO] - forward done
[2024-09-21 19:32:56,689][root][INFO] - making cropped data
[2024-09-21 19:32:56,689][root][INFO] - Welcome make_crop_data_batch
[2024-09-21 19:32:56,783][root][INFO] - make tf_to_crops done
[2024-09-21 19:32:56,797][root][INFO] - render done
[2024-09-21 19:32:56,801][root][INFO] - warp done
[2024-09-21 19:32:56,804][root][INFO] - pose batch data done
[2024-09-21 19:32:56,804][root][INFO] - forward start
[2024-09-21 19:32:56,805][root][INFO] - forward done
[2024-09-21 19:32:56,806][root][INFO] - making cropped data
[2024-09-21 19:32:56,806][root][INFO] - Welcome make_crop_data_batch
[2024-09-21 19:32:56,900][root][INFO] - make tf_to_crops done
[2024-09-21 19:32:56,914][root][INFO] - render done
[2024-09-21 19:32:56,918][root][INFO] - warp done
[2024-09-21 19:32:56,920][root][INFO] - pose batch data done
[2024-09-21 19:32:56,920][root][INFO] - forward start
[2024-09-21 19:32:56,922][root][INFO] - forward done
[2024-09-21 19:32:56,922][root][INFO] - making cropped data
[2024-09-21 19:32:56,922][root][INFO] - Welcome make_crop_data_batch
[2024-09-21 19:32:57,017][root][INFO] - make tf_to_crops done
[2024-09-21 19:32:57,031][root][INFO] - render done
[2024-09-21 19:32:57,035][root][INFO] - warp done
[2024-09-21 19:32:57,038][root][INFO] - pose batch data done
[2024-09-21 19:32:57,038][root][INFO] - forward start
[2024-09-21 19:32:57,039][root][INFO] - forward done
[2024-09-21 19:32:57,149][root][INFO] - ob_in_cams:(252, 4, 4)
[2024-09-21 19:32:57,149][root][INFO] - self.cfg.use_normal:False
[2024-09-21 19:32:57,149][root][INFO] - making cropped data
[2024-09-21 19:32:57,155][root][INFO] - Welcome make_crop_data_batch
[2024-09-21 19:32:57,155][root][INFO] - make tf_to_crops done
[2024-09-21 19:32:57,168][root][INFO] - render done
[2024-09-21 19:32:57,292][root][INFO] - pose batch data done
[2024-09-21 19:32:57,292][root][INFO] - pose_data.rgbAs.shape[0]: 252
[2024-09-21 19:32:57,385][root][INFO] - forward done
[2024-09-21 19:32:57,402][root][INFO] - final, add_errs min:-1.0
[2024-09-21 19:32:57,412][root][INFO] - sort ids:tensor([100,   8,  13,  25,  44,  65,  79,  86,  90, 104, 234,   5,  14,  29,
         40,  56,  61,  94,  96, 131, 149, 159, 176, 186, 209,  35,  38,  49,
         53, 105, 115, 125, 151, 165, 172, 180, 232, 240,   3,  23,  31,  46,
         68, 120, 224,   6, 135, 213, 217, 219,  82, 193,  22,  64, 106, 110,
        117, 133, 178, 196, 207,   4,  24,  57,  58,  70,  73,  76, 113, 121,
        138, 150, 154, 156, 161, 168, 175, 183, 197, 205, 223, 247,   1,  16,
         19,  26,  32,  36,  42,  47,  48,  52,  54,  83,  87,  88,  92,  95,
         98, 111, 112, 122, 127, 143, 146, 148, 155, 157, 162, 185, 188, 189,
        190, 192, 199, 201, 203, 208, 210, 212, 221, 238, 239, 243, 244, 245,
        250, 251,  10,  12,  17,  27,  28,  33,  39,  41,  45,  51,  55,  59,
         60,  63,  66,  67,  69,  71,  78,  85,  89,  91,  97, 101, 107, 109,
        114, 119, 124, 126, 128, 129, 134, 136, 137, 140, 141, 142, 145, 153,
        158, 164, 169, 170, 179, 191, 194, 195, 198, 202, 206, 216, 226, 228,
        229, 230, 231, 235, 236, 237, 246, 248,   7,  21,  30,  34,  37,  50,
         62,  74,  75,  77,  80,  93,  99, 102, 103, 108, 116, 118, 130, 132,
        152, 171, 173, 181, 182, 187, 204, 211, 214, 218, 225, 227, 249,   2,
          9,  11,  18,  20,  43,  72,  81,  84, 123, 144, 147, 160, 163, 166,
        177, 184, 200, 220, 233, 241, 242,   0,  15, 139, 167, 215, 222, 174])
[2024-09-21 19:32:57,416][root][INFO] - sorted scores:tensor([139.1875, 139.1250, 139.1250, 139.1250, 139.1250, 139.1250, 139.1250,
        139.1250, 139.1250, 139.1250, 139.1250, 139.0938, 139.0938, 139.0938,
        139.0938, 139.0938, 139.0938, 139.0938, 139.0938, 139.0938, 139.0938,
        139.0938, 139.0938, 139.0938, 139.0938, 139.0625, 139.0625, 139.0625,
        139.0625, 139.0625, 139.0625, 139.0625, 139.0625, 139.0625, 139.0625,
        139.0625, 139.0625, 139.0625, 139.0312, 139.0312, 139.0312, 139.0312,
        139.0312, 139.0312, 139.0312, 139.0000, 139.0000, 139.0000, 138.9688,
        138.9688, 138.9375, 138.9375, 138.9062, 138.9062, 138.9062, 138.9062,
        138.9062, 138.9062, 138.9062, 138.9062, 138.9062, 138.8750, 138.8750,
        138.8750, 138.8750, 138.8750, 138.8750, 138.8750, 138.8750, 138.8750,
        138.8750, 138.8750, 138.8750, 138.8750, 138.8750, 138.8750, 138.8750,
        138.8750, 138.8750, 138.8750, 138.8750, 138.8750, 138.8438, 138.8438,
        138.8438, 138.8438, 138.8438, 138.8438, 138.8438, 138.8438, 138.8438,
        138.8438, 138.8438, 138.8438, 138.8438, 138.8438, 138.8438, 138.8438,
        138.8438, 138.8438, 138.8438, 138.8438, 138.8438, 138.8438, 138.8438,
        138.8438, 138.8438, 138.8438, 138.8438, 138.8438, 138.8438, 138.8438,
        138.8438, 138.8438, 138.8438, 138.8438, 138.8438, 138.8438, 138.8438,
        138.8438, 138.8438, 138.8438, 138.8438, 138.8438, 138.8438, 138.8438,
        138.8438, 138.8438, 138.8125, 138.8125, 138.8125, 138.8125, 138.8125,
        138.8125, 138.8125, 138.8125, 138.8125, 138.8125, 138.8125, 138.8125,
        138.8125, 138.8125, 138.8125, 138.8125, 138.8125, 138.8125, 138.8125,
        138.8125, 138.8125, 138.8125, 138.8125, 138.8125, 138.8125, 138.8125,
        138.8125, 138.8125, 138.8125, 138.8125, 138.8125, 138.8125, 138.8125,
        138.8125, 138.8125, 138.8125, 138.8125, 138.8125, 138.8125, 138.8125,
        138.8125, 138.8125, 138.8125, 138.8125, 138.8125, 138.8125, 138.8125,
        138.8125, 138.8125, 138.8125, 138.8125, 138.8125, 138.8125, 138.8125,
        138.8125, 138.8125, 138.8125, 138.8125, 138.8125, 138.8125, 138.8125,
        138.8125, 138.7812, 138.7812, 138.7812, 138.7812, 138.7812, 138.7812,
        138.7812, 138.7812, 138.7812, 138.7812, 138.7812, 138.7812, 138.7812,
        138.7812, 138.7812, 138.7812, 138.7812, 138.7812, 138.7812, 138.7812,
        138.7812, 138.7812, 138.7812, 138.7812, 138.7812, 138.7812, 138.7812,
        138.7812, 138.7812, 138.7812, 138.7812, 138.7812, 138.7812, 138.7500,
        138.7500, 138.7500, 138.7500, 138.7500, 138.7500, 138.7500, 138.7500,
        138.7500, 138.7500, 138.7500, 138.7500, 138.7500, 138.7500, 138.7500,
        138.7500, 138.7500, 138.7500, 138.7500, 138.7500, 138.7500, 138.7500,
        138.7188, 138.7188, 138.7188, 138.7188, 138.7188, 138.7188, 138.6875])
[2024-09-21 19:33:08,462][websockets.server][INFO] - server listening on 0.0.0.0:8080
[2024-09-21 19:33:12,072][websockets.server][INFO] - connection open
[2024-09-21 19:33:15,467][root][INFO] - Succeeded to open port: /dev/ttyUSB0
[2024-09-21 19:33:15,468][root][INFO] - Succeeded to set baudrate to 3000000
