[2024-10-14 18:35:24,997][websockets.server][INFO] - server listening on 0.0.0.0:8080
[2024-10-14 18:35:25,288][root][INFO] - self.cfg: 
 lr: 0.0001
c_in: 6
zfar: 'Infinity'
debug: null
n_view: 1
run_id: 3wy8qqex
use_BN: true
exp_name: 2024-01-11-20-02-45
n_epochs: 62
save_dir: /home/bowenw/debug/2024-01-11-20-02-45/
use_mask: false
loss_type: pairwise_valid
optimizer: adam
batch_size: 64
crop_ratio: 1.1
enable_amp: true
use_normal: false
max_num_key: null
warmup_step: -1
input_resize:
- 160
- 160
max_step_val: 1000
vis_interval: 1000
weight_decay: 0
normalize_xyz: true
resume_run_id: null
clip_grad_norm: 'Infinity'
lr_epoch_decay: 500
render_backend: nvdiffrast
train_num_pair: 5
lr_decay_epochs:
- 50
n_epochs_warmup: 1
make_pair_online: false
gradient_max_norm: 'Infinity'
max_step_per_epoch: 10000
n_rendering_workers: 1
save_epoch_interval: 100
n_dataloader_workers: 100
split_objects_across_gpus: true
ckpt_dir: /home/shaol/gjx/rw/third_party/FoundationPose/learning/training/../../weights/2024-01-11-20-02-45/model_best.pth

[2024-10-14 18:35:25,288][root][INFO] - self.h5_file:None
[2024-10-14 18:35:25,562][root][INFO] - Using pretrained model from /home/shaol/gjx/rw/third_party/FoundationPose/learning/training/../../weights/2024-01-11-20-02-45/model_best.pth
[2024-10-14 18:35:25,590][websockets.server][INFO] - connection open
[2024-10-14 18:35:25,658][root][INFO] - init done
[2024-10-14 18:35:25,659][root][INFO] - welcome
[2024-10-14 18:35:25,665][root][INFO] - self.cfg: 
 lr: 0.0001
c_in: 6
zfar: .inf
debug: null
w_rot: 0.1
n_view: 1
run_id: null
use_BN: true
rot_rep: axis_angle
ckpt_dir: /home/shaol/gjx/rw/third_party/FoundationPose/learning/training/../../weights/2023-10-28-18-33-37/model_best.pth
exp_name: 2023-10-28-18-33-37
save_dir: /tmp/2023-10-28-18-33-37/
loss_type: l2
optimizer: adam
trans_rep: tracknet
batch_size: 64
crop_ratio: 1.2
use_normal: false
BN_momentum: 0.1
max_num_key: null
warmup_step: -1
input_resize:
- 160
- 160
max_step_val: 1000
normal_uint8: false
vis_interval: 1000
weight_decay: 0
n_max_objects: null
normalize_xyz: true
clip_grad_norm: 'Infinity'
rot_normalizer: 0.3490658503988659
trans_normalizer:
- 0.019999999552965164
- 0.019999999552965164
- 0.05000000074505806
max_step_per_epoch: 25000
val_epoch_interval: 10
n_dataloader_workers: 60
enable_amp: true
use_mask: false

[2024-10-14 18:35:25,665][root][INFO] - self.h5_file:
[2024-10-14 18:35:25,891][root][INFO] - Using pretrained model from /home/shaol/gjx/rw/third_party/FoundationPose/learning/training/../../weights/2023-10-28-18-33-37/model_best.pth
[2024-10-14 18:35:25,919][root][INFO] - init done
[2024-10-14 18:35:25,997][websockets.server][INFO] - connection open
[2024-10-14 18:35:28,645][root][INFO] - self.diameter:0.2324774443430137, vox_size:0.011623872217150685
[2024-10-14 18:35:28,663][root][INFO] - self.pts:torch.Size([385, 3])
[2024-10-14 18:35:30,099][root][INFO] - reset done
[2024-10-14 18:35:30,100][root][INFO] - cam_in_obs:(42, 4, 4)
[2024-10-14 18:35:30,112][root][INFO] - rot_grid:(252, 4, 4)
[2024-10-14 18:35:30,116][root][INFO] - after cluster, rot_grid:(252, 4, 4)
[2024-10-14 18:35:30,116][root][INFO] - self.rot_grid: torch.Size([252, 4, 4])
[2024-10-14 18:35:41,867][root][INFO] - Welcome
[2024-10-14 18:35:41,895][root][INFO] - poses:(252, 4, 4)
[2024-10-14 18:35:41,906][root][INFO] - after viewpoint, add_errs min:-1.0
[2024-10-14 18:35:41,979][root][INFO] - ob_in_cams:(252, 4, 4)
[2024-10-14 18:35:41,979][root][INFO] - self.cfg.use_normal:False
[2024-10-14 18:35:41,979][root][INFO] - trans_normalizer:[0.019999999552965164, 0.019999999552965164, 0.05000000074505806], rot_normalizer:0.3490658503988659
[2024-10-14 18:35:41,991][root][INFO] - making cropped data
[2024-10-14 18:35:41,992][root][INFO] - Welcome make_crop_data_batch
[2024-10-14 18:35:41,996][root][INFO] - make tf_to_crops done
[2024-10-14 18:35:42,023][root][INFO] - render done
[2024-10-14 18:35:42,031][root][INFO] - warp done
[2024-10-14 18:35:42,036][root][INFO] - pose batch data done
[2024-10-14 18:35:42,037][root][INFO] - forward start
[2024-10-14 18:35:42,171][root][INFO] - forward done
[2024-10-14 18:35:42,181][root][INFO] - making cropped data
[2024-10-14 18:35:42,181][root][INFO] - Welcome make_crop_data_batch
[2024-10-14 18:35:42,182][root][INFO] - make tf_to_crops done
[2024-10-14 18:35:42,198][root][INFO] - render done
[2024-10-14 18:35:42,202][root][INFO] - warp done
[2024-10-14 18:35:42,205][root][INFO] - pose batch data done
[2024-10-14 18:35:42,205][root][INFO] - forward start
[2024-10-14 18:35:42,207][root][INFO] - forward done
[2024-10-14 18:35:42,208][root][INFO] - making cropped data
[2024-10-14 18:35:42,208][root][INFO] - Welcome make_crop_data_batch
[2024-10-14 18:35:42,297][root][INFO] - make tf_to_crops done
[2024-10-14 18:35:42,314][root][INFO] - render done
[2024-10-14 18:35:42,318][root][INFO] - warp done
[2024-10-14 18:35:42,320][root][INFO] - pose batch data done
[2024-10-14 18:35:42,321][root][INFO] - forward start
[2024-10-14 18:35:42,323][root][INFO] - forward done
[2024-10-14 18:35:42,323][root][INFO] - making cropped data
[2024-10-14 18:35:42,323][root][INFO] - Welcome make_crop_data_batch
[2024-10-14 18:35:42,412][root][INFO] - make tf_to_crops done
[2024-10-14 18:35:42,429][root][INFO] - render done
[2024-10-14 18:35:42,433][root][INFO] - warp done
[2024-10-14 18:35:42,435][root][INFO] - pose batch data done
[2024-10-14 18:35:42,436][root][INFO] - forward start
[2024-10-14 18:35:42,438][root][INFO] - forward done
[2024-10-14 18:35:42,438][root][INFO] - making cropped data
[2024-10-14 18:35:42,438][root][INFO] - Welcome make_crop_data_batch
[2024-10-14 18:35:42,527][root][INFO] - make tf_to_crops done
[2024-10-14 18:35:42,544][root][INFO] - render done
[2024-10-14 18:35:42,548][root][INFO] - warp done
[2024-10-14 18:35:42,551][root][INFO] - pose batch data done
[2024-10-14 18:35:42,551][root][INFO] - forward start
[2024-10-14 18:35:42,553][root][INFO] - forward done
[2024-10-14 18:35:42,657][root][INFO] - ob_in_cams:(252, 4, 4)
[2024-10-14 18:35:42,658][root][INFO] - self.cfg.use_normal:False
[2024-10-14 18:35:42,658][root][INFO] - making cropped data
[2024-10-14 18:35:42,678][root][INFO] - Welcome make_crop_data_batch
[2024-10-14 18:35:42,679][root][INFO] - make tf_to_crops done
[2024-10-14 18:35:42,694][root][INFO] - render done
[2024-10-14 18:35:42,813][root][INFO] - pose batch data done
[2024-10-14 18:35:42,813][root][INFO] - pose_data.rgbAs.shape[0]: 252
[2024-10-14 18:35:42,904][root][INFO] - forward done
[2024-10-14 18:35:42,922][root][INFO] - final, add_errs min:-1.0
[2024-10-14 18:35:42,933][root][INFO] - sort ids:tensor([176,  86, 106,  57,  92, 190,  20, 189, 183, 182,  25,  34, 112, 113,
         26,  56,  35, 101, 177, 204, 216, 195,  60, 114, 210,  43,  91, 107,
         17, 209, 245, 171, 100, 235, 217, 119,  40, 215, 140, 240,  58,  41,
        164, 139,  44, 125, 124, 134,  96, 118, 127,  12,  21,  85, 234,  93,
         61,  67, 199, 246, 228, 222,  66, 154, 201, 229,  84,  52,  76, 165,
        153, 160, 172,   9, 147, 159,  10, 167, 105, 146, 156,  47,  13, 148,
        137,  88, 196, 198, 143, 162, 157, 121, 194, 174, 225,   0, 224,  49,
        192, 128,  28,  55, 151, 247, 142, 149, 238, 178,  98, 180, 243,  32,
        185, 187, 207, 242,  65, 226, 104, 144,  51, 109, 110,  29, 123, 212,
         50, 186, 237,  48,  71,  38,  54,  70, 232, 205, 116, 129, 249,   2,
         64, 231,  31, 169, 223,  95,   3, 150, 168, 227, 135, 220, 145,   1,
        136,  63, 130,  69, 213, 193, 202, 219,  46,  11, 102,  89,   6, 103,
        122, 179, 250, 208, 138, 163,  97,  37,  45, 175, 206, 251, 166, 132,
          7, 126,   4, 141, 218,  79,  15,  94,  99, 131,  59, 244,  19,  78,
         90,  18,  22, 197, 117, 120,  68, 211,  23, 158,  62, 115, 214,  80,
         77,  83,  82,  16,  33,  87,  73,  14,   8,  81,  72,   5, 108,  53,
        133, 191,  36, 184, 248,  27,  75,  74, 233,  42, 170, 188, 230, 236,
        155, 161, 221, 203, 200, 152, 111, 173,  39, 239, 181,  24,  30, 241])
[2024-10-14 18:35:42,939][root][INFO] - sorted scores:tensor([107.8594, 107.8008, 107.7500, 107.7305, 107.7266, 107.7188, 107.7031,
        107.7031, 107.6992, 107.6953, 107.6914, 107.6836, 107.6836, 107.6836,
        107.6523, 107.6484, 107.6406, 107.6094, 107.6094, 107.5547, 107.5547,
        107.5508, 107.5430, 107.5391, 107.5391, 107.5352, 107.5273, 107.5273,
        107.5117, 107.5117, 107.5117, 107.5039, 107.5000, 107.5000, 107.4844,
        107.4688, 107.4570, 107.4453, 107.4336, 107.4336, 107.4023, 107.3945,
        107.3945, 107.3828, 107.3672, 107.3164, 107.3047, 107.2930, 107.2891,
        107.2461, 107.2344, 107.2305, 107.2305, 107.2305, 107.2266, 107.2188,
        107.2148, 107.2109, 107.2070, 107.2031, 107.1836, 107.1602, 107.1523,
        107.1484, 107.1445, 107.1445, 107.1328, 107.1250, 107.1250, 107.1250,
        107.1211, 107.1133, 107.1094, 107.0859, 107.0859, 107.0820, 107.0781,
        107.0781, 107.0664, 107.0586, 107.0586, 107.0469, 107.0430, 107.0273,
        107.0234, 107.0195, 107.0078, 107.0078, 107.0039, 107.0039, 107.0000,
        106.9961, 106.9961, 106.9805, 106.9805, 106.9766, 106.9766, 106.9727,
        106.9727, 106.9688, 106.9531, 106.9531, 106.9531, 106.9531, 106.9492,
        106.9492, 106.9492, 106.9375, 106.9336, 106.9336, 106.9336, 106.9297,
        106.9297, 106.9297, 106.9297, 106.9297, 106.9258, 106.9258, 106.9180,
        106.9180, 106.9141, 106.9141, 106.9141, 106.9102, 106.9102, 106.9102,
        106.9062, 106.9062, 106.8984, 106.8945, 106.8945, 106.8867, 106.8867,
        106.8750, 106.8711, 106.8672, 106.8555, 106.8555, 106.8555, 106.8477,
        106.8477, 106.8477, 106.8398, 106.8359, 106.8359, 106.8281, 106.8164,
        106.8164, 106.8164, 106.8164, 106.8086, 106.8086, 106.8008, 106.7969,
        106.7969, 106.7930, 106.7930, 106.7891, 106.7891, 106.7852, 106.7852,
        106.7852, 106.7812, 106.7773, 106.7734, 106.7695, 106.7461, 106.7422,
        106.7422, 106.7422, 106.7305, 106.6680, 106.6602, 106.6406, 106.6172,
        106.5625, 106.5508, 106.5391, 106.5391, 106.5352, 106.5117, 106.3945,
        106.3594, 106.3242, 106.3164, 106.3047, 106.3047, 106.3008, 106.2969,
        106.2969, 106.2930, 106.2930, 106.2773, 106.2734, 106.2695, 106.2695,
        106.2656, 106.2578, 106.2500, 106.2500, 106.2461, 106.2344, 106.2188,
        106.2031, 106.1836, 106.1719, 106.1602, 106.1484, 106.1406, 106.1328,
        106.1289, 106.1250, 106.1094, 106.1055, 106.0977, 106.0977, 106.0781,
        106.0625, 106.0586, 106.0586, 106.0508, 106.0391, 106.0391, 106.0352,
        106.0078, 106.0000, 105.9883, 105.9883, 105.9883, 105.9844, 105.9844,
        105.9766, 105.9609, 105.9492, 105.9375, 105.9102, 105.8984, 105.8945,
        105.8867, 105.8789, 105.8750, 105.8320, 105.8164, 105.8086, 105.7969,
        105.7852, 105.7773, 105.7656, 105.7578, 105.7461, 105.7422, 105.7344])
