[2024-09-21 19:43:39,535][root][INFO] - self.cfg: 
 lr: 0.0001
c_in: 6
zfar: 'Infinity'
debug: null
n_view: 1
run_id: 3wy8qqex
use_BN: true
exp_name: 2024-01-11-20-02-45
n_epochs: 62
save_dir: /home/bowenw/debug/2024-01-11-20-02-45/
use_mask: false
loss_type: pairwise_valid
optimizer: adam
batch_size: 64
crop_ratio: 1.1
enable_amp: true
use_normal: false
max_num_key: null
warmup_step: -1
input_resize:
- 160
- 160
max_step_val: 1000
vis_interval: 1000
weight_decay: 0
normalize_xyz: true
resume_run_id: null
clip_grad_norm: 'Infinity'
lr_epoch_decay: 500
render_backend: nvdiffrast
train_num_pair: 5
lr_decay_epochs:
- 50
n_epochs_warmup: 1
make_pair_online: false
gradient_max_norm: 'Infinity'
max_step_per_epoch: 10000
n_rendering_workers: 1
save_epoch_interval: 100
n_dataloader_workers: 100
split_objects_across_gpus: true
ckpt_dir: FoundationPose/learning/training/../../weights/2024-01-11-20-02-45/model_best.pth

[2024-09-21 19:43:39,535][root][INFO] - self.h5_file:None
[2024-09-21 19:43:39,717][root][INFO] - Using pretrained model from FoundationPose/learning/training/../../weights/2024-01-11-20-02-45/model_best.pth
[2024-09-21 19:43:39,779][root][INFO] - init done
[2024-09-21 19:43:39,779][root][INFO] - welcome
[2024-09-21 19:43:39,782][root][INFO] - self.cfg: 
 lr: 0.0001
c_in: 6
zfar: .inf
debug: null
w_rot: 0.1
n_view: 1
run_id: null
use_BN: true
rot_rep: axis_angle
ckpt_dir: FoundationPose/learning/training/../../weights/2023-10-28-18-33-37/model_best.pth
exp_name: 2023-10-28-18-33-37
save_dir: /tmp/2023-10-28-18-33-37/
loss_type: l2
optimizer: adam
trans_rep: tracknet
batch_size: 64
crop_ratio: 1.2
use_normal: false
BN_momentum: 0.1
max_num_key: null
warmup_step: -1
input_resize:
- 160
- 160
max_step_val: 1000
normal_uint8: false
vis_interval: 1000
weight_decay: 0
n_max_objects: null
normalize_xyz: true
clip_grad_norm: 'Infinity'
rot_normalizer: 0.3490658503988659
trans_normalizer:
- 0.019999999552965164
- 0.019999999552965164
- 0.05000000074505806
max_step_per_epoch: 25000
val_epoch_interval: 10
n_dataloader_workers: 60
enable_amp: true
use_mask: false

[2024-09-21 19:43:39,782][root][INFO] - self.h5_file:
[2024-09-21 19:43:39,829][root][INFO] - Using pretrained model from FoundationPose/learning/training/../../weights/2023-10-28-18-33-37/model_best.pth
[2024-09-21 19:43:39,848][root][INFO] - init done
[2024-09-21 19:43:42,022][root][INFO] - self.diameter:0.1795758822407556, vox_size:0.00897879411203778
[2024-09-21 19:43:42,035][root][INFO] - self.pts:torch.Size([687, 3])
[2024-09-21 19:43:42,874][root][INFO] - reset done
[2024-09-21 19:43:42,875][root][INFO] - cam_in_obs:(42, 4, 4)
[2024-09-21 19:43:42,877][root][INFO] - rot_grid:(252, 4, 4)
[2024-09-21 19:43:42,878][root][INFO] - after cluster, rot_grid:(252, 4, 4)
[2024-09-21 19:43:42,878][root][INFO] - self.rot_grid: torch.Size([252, 4, 4])
[2024-09-21 19:43:51,881][root][INFO] - Welcome
[2024-09-21 19:43:51,896][root][INFO] - poses:(252, 4, 4)
[2024-09-21 19:43:51,906][root][INFO] - after viewpoint, add_errs min:-1.0
[2024-09-21 19:43:51,960][root][INFO] - ob_in_cams:(252, 4, 4)
[2024-09-21 19:43:51,965][root][INFO] - self.cfg.use_normal:False
[2024-09-21 19:43:51,966][root][INFO] - trans_normalizer:[0.019999999552965164, 0.019999999552965164, 0.05000000074505806], rot_normalizer:0.3490658503988659
[2024-09-21 19:43:51,969][root][INFO] - making cropped data
[2024-09-21 19:43:51,973][root][INFO] - Welcome make_crop_data_batch
[2024-09-21 19:43:51,977][root][INFO] - make tf_to_crops done
[2024-09-21 19:43:52,011][root][INFO] - render done
[2024-09-21 19:43:52,017][root][INFO] - warp done
[2024-09-21 19:43:52,022][root][INFO] - pose batch data done
[2024-09-21 19:43:52,022][root][INFO] - forward start
[2024-09-21 19:43:52,138][root][INFO] - forward done
[2024-09-21 19:43:52,149][root][INFO] - making cropped data
[2024-09-21 19:43:52,149][root][INFO] - Welcome make_crop_data_batch
[2024-09-21 19:43:52,149][root][INFO] - make tf_to_crops done
[2024-09-21 19:43:52,170][root][INFO] - render done
[2024-09-21 19:43:52,174][root][INFO] - warp done
[2024-09-21 19:43:52,177][root][INFO] - pose batch data done
[2024-09-21 19:43:52,177][root][INFO] - forward start
[2024-09-21 19:43:52,178][root][INFO] - forward done
[2024-09-21 19:43:52,178][root][INFO] - making cropped data
[2024-09-21 19:43:52,178][root][INFO] - Welcome make_crop_data_batch
[2024-09-21 19:43:52,277][root][INFO] - make tf_to_crops done
[2024-09-21 19:43:52,298][root][INFO] - render done
[2024-09-21 19:43:52,302][root][INFO] - warp done
[2024-09-21 19:43:52,304][root][INFO] - pose batch data done
[2024-09-21 19:43:52,305][root][INFO] - forward start
[2024-09-21 19:43:52,306][root][INFO] - forward done
[2024-09-21 19:43:52,306][root][INFO] - making cropped data
[2024-09-21 19:43:52,306][root][INFO] - Welcome make_crop_data_batch
[2024-09-21 19:43:52,401][root][INFO] - make tf_to_crops done
[2024-09-21 19:43:52,422][root][INFO] - render done
[2024-09-21 19:43:52,426][root][INFO] - warp done
[2024-09-21 19:43:52,428][root][INFO] - pose batch data done
[2024-09-21 19:43:52,428][root][INFO] - forward start
[2024-09-21 19:43:52,430][root][INFO] - forward done
[2024-09-21 19:43:52,430][root][INFO] - making cropped data
[2024-09-21 19:43:52,430][root][INFO] - Welcome make_crop_data_batch
[2024-09-21 19:43:52,525][root][INFO] - make tf_to_crops done
[2024-09-21 19:43:52,546][root][INFO] - render done
[2024-09-21 19:43:52,550][root][INFO] - warp done
[2024-09-21 19:43:52,553][root][INFO] - pose batch data done
[2024-09-21 19:43:52,553][root][INFO] - forward start
[2024-09-21 19:43:52,554][root][INFO] - forward done
[2024-09-21 19:43:52,665][root][INFO] - ob_in_cams:(252, 4, 4)
[2024-09-21 19:43:52,665][root][INFO] - self.cfg.use_normal:False
[2024-09-21 19:43:52,665][root][INFO] - making cropped data
[2024-09-21 19:43:52,673][root][INFO] - Welcome make_crop_data_batch
[2024-09-21 19:43:52,673][root][INFO] - make tf_to_crops done
[2024-09-21 19:43:52,693][root][INFO] - render done
[2024-09-21 19:43:52,817][root][INFO] - pose batch data done
[2024-09-21 19:43:52,817][root][INFO] - pose_data.rgbAs.shape[0]: 252
[2024-09-21 19:43:52,912][root][INFO] - forward done
[2024-09-21 19:43:52,929][root][INFO] - final, add_errs min:-1.0
[2024-09-21 19:43:52,939][root][INFO] - sort ids:tensor([122,  13,  14,  20,  26,  37,  79,  80,  85,  86,  92, 116, 206, 230,
        235, 229,  19,  73,   2,  44, 127,  43, 128, 169,   8,  32,  74,  98,
        103, 104, 134, 146,   1,  23,  89,  28,  29,  83,  95, 119, 125,  41,
         82, 124, 154, 155, 160, 179,  76,  88, 131, 203,   5,  97, 130, 227,
        220,  16,  47,  77, 101, 107, 137, 202,  34, 121,  49, 187,  58,  64,
        106, 185, 245,  10,  11,  40,  70,  71,  35,  55,  91,   6,  21, 164,
        178, 191, 205,   7,  38, 212,   4,  67, 211, 216, 250, 237,  52,  94,
        163, 209,   9,  15,  59, 156, 200, 215, 233, 251,   0,  17,  75, 199,
        208, 223, 232,  22,  27,  62,  65,  99, 184, 224,  78, 105, 196,  18,
         93, 108, 115, 118, 133, 149, 226, 236, 100, 176, 194,  36, 120, 182,
        244,  56, 114, 136, 170, 173, 193,   3,  31,  33, 132, 138, 167, 175,
        247,  42, 189, 242,  50, 152, 161,  61,  68, 241,  25, 221,  45, 145,
        148, 166, 218,  12,  87, 111, 112, 248,  81, 102, 109, 126, 129, 135,
         72, 172, 188, 197, 239,  46,  53, 214,  24,  30,  96, 141, 181, 219,
        123,  39, 142, 234,  84,  90, 139, 158, 151, 117, 222, 113, 110, 143,
        140, 144, 150, 153, 177, 186, 213, 225,  48,  60,  69, 157, 162, 165,
        171, 180, 183, 190, 192, 198, 204, 210, 217, 231, 238, 240, 243, 246,
         57, 159, 195, 207, 249, 147, 174,  51,  54,  63,  66, 168, 201, 228])
[2024-09-21 19:43:52,942][root][INFO] - sorted scores:tensor([60.5938, 60.5625, 60.5625, 60.5625, 60.5625, 60.5625, 60.5625, 60.5625,
        60.5625, 60.5625, 60.5625, 60.5625, 60.5625, 60.5625, 60.5625, 60.5312,
        60.5000, 60.2812, 60.2500, 60.2500, 60.2500, 60.2188, 60.2188, 60.2188,
        60.1875, 60.1875, 60.1875, 60.1875, 60.1875, 60.1875, 60.1562, 60.1562,
        60.1250, 60.0938, 60.0938, 60.0625, 60.0625, 60.0625, 60.0625, 60.0625,
        60.0625, 60.0312, 60.0312, 60.0312, 60.0312, 60.0312, 60.0312, 60.0312,
        60.0000, 60.0000, 60.0000, 60.0000, 59.9688, 59.9688, 59.9688, 59.9688,
        59.9375, 59.9062, 59.9062, 59.9062, 59.9062, 59.9062, 59.9062, 59.9062,
        59.8750, 59.8750, 59.8438, 59.8438, 59.8125, 59.8125, 59.8125, 59.8125,
        59.8125, 59.7812, 59.7812, 59.7812, 59.7812, 59.7812, 59.7500, 59.7500,
        59.7188, 59.6875, 59.6875, 59.6875, 59.6875, 59.6875, 59.6875, 59.6562,
        59.6562, 59.6562, 59.6250, 59.6250, 59.6250, 59.6250, 59.6250, 59.5938,
        59.5625, 59.5625, 59.5625, 59.5625, 59.5312, 59.5312, 59.5312, 59.5312,
        59.5312, 59.5312, 59.5312, 59.5312, 59.5000, 59.5000, 59.5000, 59.5000,
        59.5000, 59.5000, 59.5000, 59.4688, 59.4688, 59.4688, 59.4688, 59.4688,
        59.4688, 59.4688, 59.4375, 59.4375, 59.4375, 59.4062, 59.4062, 59.4062,
        59.4062, 59.4062, 59.4062, 59.4062, 59.4062, 59.4062, 59.3750, 59.3750,
        59.3750, 59.3438, 59.3438, 59.3438, 59.3438, 59.3125, 59.3125, 59.3125,
        59.3125, 59.3125, 59.3125, 59.2812, 59.2812, 59.2812, 59.2812, 59.2812,
        59.2812, 59.2812, 59.2812, 59.2500, 59.2500, 59.2500, 59.2188, 59.2188,
        59.2188, 59.1875, 59.1875, 59.1562, 59.1250, 59.1250, 59.0938, 59.0938,
        59.0938, 59.0938, 59.0938, 59.0625, 59.0625, 59.0625, 59.0625, 59.0625,
        59.0312, 59.0312, 59.0312, 59.0312, 59.0312, 59.0312, 59.0000, 59.0000,
        59.0000, 58.9688, 58.9688, 58.9375, 58.9375, 58.9375, 58.8750, 58.8750,
        58.8750, 58.8750, 58.8750, 58.8750, 58.8438, 58.8125, 58.8125, 58.8125,
        58.7812, 58.7812, 58.7812, 58.7500, 58.6562, 58.6250, 58.5938, 58.5625,
        58.5312, 58.5312, 58.5000, 58.5000, 58.5000, 58.5000, 58.5000, 58.5000,
        58.5000, 58.5000, 58.4688, 58.4688, 58.4688, 58.4688, 58.4688, 58.4688,
        58.4688, 58.4688, 58.4688, 58.4688, 58.4688, 58.4688, 58.4688, 58.4688,
        58.4688, 58.4688, 58.4688, 58.4688, 58.4688, 58.4688, 58.4375, 58.4375,
        58.4375, 58.4375, 58.4375, 58.4062, 58.4062, 58.3750, 58.3750, 58.3750,
        58.3750, 58.3750, 58.3750, 58.3438])
[2024-09-21 19:44:03,502][websockets.server][INFO] - server listening on 0.0.0.0:8080
[2024-09-21 19:44:04,098][websockets.server][INFO] - connection open
[2024-09-21 19:44:10,611][root][INFO] - Succeeded to open port: /dev/ttyUSB0
[2024-09-21 19:44:10,612][root][INFO] - Succeeded to set baudrate to 3000000
[2024-09-21 19:44:21,327][root][ERROR] - > read: [TxRxResult] Incorrect status packet!
[2024-09-21 19:44:21,385][root][ERROR] - > read: [TxRxResult] There is no status packet!
[2024-09-21 19:44:21,445][root][ERROR] - > read: [TxRxResult] There is no status packet!
[2024-09-21 19:44:21,480][root][ERROR] - > read: [TxRxResult] There is no status packet!
[2024-09-21 19:44:21,555][root][ERROR] - > read: [TxRxResult] There is no status packet!
[2024-09-21 19:44:21,591][root][ERROR] - > read: [TxRxResult] There is no status packet!
[2024-09-21 19:44:21,632][root][ERROR] - > read: [TxRxResult] There is no status packet!
[2024-09-21 19:44:21,670][root][ERROR] - > read: [TxRxResult] Incorrect status packet!
[2024-09-21 19:44:21,705][root][ERROR] - > read: [TxRxResult] Incorrect status packet!
[2024-09-21 19:44:37,733][root][ERROR] - > write_byte: [Motor ID: 5] [RxPacketError] Hardware error occurred. Check the error at Control Table (Hardware Error Status)!
[2024-09-21 19:44:37,749][root][ERROR] - > write_byte: [Motor ID: 6] [RxPacketError] Hardware error occurred. Check the error at Control Table (Hardware Error Status)!
[2024-09-21 19:44:37,797][root][ERROR] - > write_byte: [Motor ID: 9] [RxPacketError] Hardware error occurred. Check the error at Control Table (Hardware Error Status)!
[2024-09-21 19:44:37,829][root][ERROR] - > write_byte: [Motor ID: 11] [RxPacketError] Hardware error occurred. Check the error at Control Table (Hardware Error Status)!
[2024-09-21 19:44:37,845][root][ERROR] - > write_byte: [Motor ID: 12] [RxPacketError] Hardware error occurred. Check the error at Control Table (Hardware Error Status)!
[2024-09-21 19:44:37,893][root][ERROR] - > write_byte: [Motor ID: 15] [RxPacketError] Hardware error occurred. Check the error at Control Table (Hardware Error Status)!
[2024-09-21 19:44:37,893][root][ERROR] - Could not set torque disabled for IDs: [5, 6, 9, 11, 12, 15]
