[2024-09-21 16:11:52,521][root][INFO] - self.cfg: 
 lr: 0.0001
c_in: 6
zfar: 'Infinity'
debug: null
n_view: 1
run_id: 3wy8qqex
use_BN: true
exp_name: 2024-01-11-20-02-45
n_epochs: 62
save_dir: /home/bowenw/debug/2024-01-11-20-02-45/
use_mask: false
loss_type: pairwise_valid
optimizer: adam
batch_size: 64
crop_ratio: 1.1
enable_amp: true
use_normal: false
max_num_key: null
warmup_step: -1
input_resize:
- 160
- 160
max_step_val: 1000
vis_interval: 1000
weight_decay: 0
normalize_xyz: true
resume_run_id: null
clip_grad_norm: 'Infinity'
lr_epoch_decay: 500
render_backend: nvdiffrast
train_num_pair: 5
lr_decay_epochs:
- 50
n_epochs_warmup: 1
make_pair_online: false
gradient_max_norm: 'Infinity'
max_step_per_epoch: 10000
n_rendering_workers: 1
save_epoch_interval: 100
n_dataloader_workers: 100
split_objects_across_gpus: true
ckpt_dir: FoundationPose/learning/training/../../weights/2024-01-11-20-02-45/model_best.pth

[2024-09-21 16:11:52,521][root][INFO] - self.h5_file:None
[2024-09-21 16:11:52,686][root][INFO] - Using pretrained model from FoundationPose/learning/training/../../weights/2024-01-11-20-02-45/model_best.pth
[2024-09-21 16:11:52,749][root][INFO] - init done
[2024-09-21 16:11:52,749][root][INFO] - welcome
[2024-09-21 16:11:52,752][root][INFO] - self.cfg: 
 lr: 0.0001
c_in: 6
zfar: .inf
debug: null
w_rot: 0.1
n_view: 1
run_id: null
use_BN: true
rot_rep: axis_angle
ckpt_dir: FoundationPose/learning/training/../../weights/2023-10-28-18-33-37/model_best.pth
exp_name: 2023-10-28-18-33-37
save_dir: /tmp/2023-10-28-18-33-37/
loss_type: l2
optimizer: adam
trans_rep: tracknet
batch_size: 64
crop_ratio: 1.2
use_normal: false
BN_momentum: 0.1
max_num_key: null
warmup_step: -1
input_resize:
- 160
- 160
max_step_val: 1000
normal_uint8: false
vis_interval: 1000
weight_decay: 0
n_max_objects: null
normalize_xyz: true
clip_grad_norm: 'Infinity'
rot_normalizer: 0.3490658503988659
trans_normalizer:
- 0.019999999552965164
- 0.019999999552965164
- 0.05000000074505806
max_step_per_epoch: 25000
val_epoch_interval: 10
n_dataloader_workers: 60
enable_amp: true
use_mask: false

[2024-09-21 16:11:52,752][root][INFO] - self.h5_file:
[2024-09-21 16:11:52,808][root][INFO] - Using pretrained model from FoundationPose/learning/training/../../weights/2023-10-28-18-33-37/model_best.pth
[2024-09-21 16:11:52,829][root][INFO] - init done
[2024-09-21 16:11:55,045][root][INFO] - self.diameter:0.1688705789871166, vox_size:0.00844352894935583
[2024-09-21 16:11:55,061][root][INFO] - self.pts:torch.Size([674, 3])
[2024-09-21 16:11:56,065][root][INFO] - reset done
[2024-09-21 16:11:56,066][root][INFO] - cam_in_obs:(42, 4, 4)
[2024-09-21 16:11:56,068][root][INFO] - rot_grid:(252, 4, 4)
[2024-09-21 16:11:56,069][root][INFO] - after cluster, rot_grid:(252, 4, 4)
[2024-09-21 16:11:56,069][root][INFO] - self.rot_grid: torch.Size([252, 4, 4])
[2024-09-21 16:12:06,138][root][INFO] - Welcome
[2024-09-21 16:12:06,152][root][INFO] - poses:(252, 4, 4)
[2024-09-21 16:12:06,162][root][INFO] - after viewpoint, add_errs min:-1.0
[2024-09-21 16:12:06,204][root][INFO] - ob_in_cams:(252, 4, 4)
[2024-09-21 16:12:06,213][root][INFO] - self.cfg.use_normal:False
[2024-09-21 16:12:06,214][root][INFO] - trans_normalizer:[0.019999999552965164, 0.019999999552965164, 0.05000000074505806], rot_normalizer:0.3490658503988659
[2024-09-21 16:12:06,241][root][INFO] - making cropped data
[2024-09-21 16:12:06,241][root][INFO] - Welcome make_crop_data_batch
[2024-09-21 16:12:06,247][root][INFO] - make tf_to_crops done
[2024-09-21 16:12:06,282][root][INFO] - render done
[2024-09-21 16:12:06,289][root][INFO] - warp done
[2024-09-21 16:12:06,294][root][INFO] - pose batch data done
[2024-09-21 16:12:06,294][root][INFO] - forward start
[2024-09-21 16:12:06,414][root][INFO] - forward done
[2024-09-21 16:12:06,424][root][INFO] - making cropped data
[2024-09-21 16:12:06,424][root][INFO] - Welcome make_crop_data_batch
[2024-09-21 16:12:06,425][root][INFO] - make tf_to_crops done
[2024-09-21 16:12:06,447][root][INFO] - render done
[2024-09-21 16:12:06,451][root][INFO] - warp done
[2024-09-21 16:12:06,453][root][INFO] - pose batch data done
[2024-09-21 16:12:06,453][root][INFO] - forward start
[2024-09-21 16:12:06,455][root][INFO] - forward done
[2024-09-21 16:12:06,455][root][INFO] - making cropped data
[2024-09-21 16:12:06,455][root][INFO] - Welcome make_crop_data_batch
[2024-09-21 16:12:06,553][root][INFO] - make tf_to_crops done
[2024-09-21 16:12:06,575][root][INFO] - render done
[2024-09-21 16:12:06,578][root][INFO] - warp done
[2024-09-21 16:12:06,580][root][INFO] - pose batch data done
[2024-09-21 16:12:06,581][root][INFO] - forward start
[2024-09-21 16:12:06,582][root][INFO] - forward done
[2024-09-21 16:12:06,582][root][INFO] - making cropped data
[2024-09-21 16:12:06,582][root][INFO] - Welcome make_crop_data_batch
[2024-09-21 16:12:06,681][root][INFO] - make tf_to_crops done
[2024-09-21 16:12:06,703][root][INFO] - render done
[2024-09-21 16:12:06,707][root][INFO] - warp done
[2024-09-21 16:12:06,710][root][INFO] - pose batch data done
[2024-09-21 16:12:06,710][root][INFO] - forward start
[2024-09-21 16:12:06,712][root][INFO] - forward done
[2024-09-21 16:12:06,712][root][INFO] - making cropped data
[2024-09-21 16:12:06,712][root][INFO] - Welcome make_crop_data_batch
[2024-09-21 16:12:06,811][root][INFO] - make tf_to_crops done
[2024-09-21 16:12:06,833][root][INFO] - render done
[2024-09-21 16:12:06,836][root][INFO] - warp done
[2024-09-21 16:12:06,839][root][INFO] - pose batch data done
[2024-09-21 16:12:06,839][root][INFO] - forward start
[2024-09-21 16:12:06,841][root][INFO] - forward done
[2024-09-21 16:12:06,956][root][INFO] - ob_in_cams:(252, 4, 4)
[2024-09-21 16:12:06,957][root][INFO] - self.cfg.use_normal:False
[2024-09-21 16:12:06,957][root][INFO] - making cropped data
[2024-09-21 16:12:06,963][root][INFO] - Welcome make_crop_data_batch
[2024-09-21 16:12:06,964][root][INFO] - make tf_to_crops done
[2024-09-21 16:12:06,984][root][INFO] - render done
[2024-09-21 16:12:07,113][root][INFO] - pose batch data done
[2024-09-21 16:12:07,113][root][INFO] - pose_data.rgbAs.shape[0]: 252
[2024-09-21 16:12:07,209][root][INFO] - forward done
[2024-09-21 16:12:07,227][root][INFO] - final, add_errs min:-1.0
[2024-09-21 16:12:07,236][root][INFO] - sort ids:tensor([138, 142, 213, 143,  46,  49, 157,  47, 162, 220,  38, 130, 137, 208,
        202, 250, 203, 214,  64, 131, 221,   5, 219, 167,  63, 156, 132, 232,
         52, 200,   6, 165,  16,  51, 159, 177,  44, 140, 171,   4,  93, 141,
        225,  40, 163, 166,  69, 160, 154,  41, 124, 209,  21, 147, 196, 195,
        215, 251,   3, 128,  42,  75, 105,   9, 144, 168, 192,  65, 226,  45,
         48, 151,  58, 218, 145,  43, 119, 148, 153, 135,  76,  10,  19,  34,
        224,  97, 150, 204,   2,   8,  20,  73,  74,  98, 216,   7,  28,  60,
         80, 127, 136, 199,   1,  35, 193, 211,  79, 116, 133, 134, 210, 247,
        104, 146, 172, 169, 186, 217,  91, 114, 139, 170, 106, 121,  54,  61,
        188, 190,  88,  22,  31,  59,  96, 101, 102, 149, 174,  57, 103, 175,
        233,  11, 223,  56,  72, 164,  30,  77, 173, 191, 242, 113, 181, 205,
        222,  26,  70, 107, 112, 183, 198, 240,  25,  66,  23, 120, 129, 248,
         36, 155, 201, 249,  62,  85,  94, 100, 152, 158, 206,  13,  99, 125,
        161, 234,  83,  84, 111, 184, 189, 237,   0,  78,  82, 180, 185,  17,
         29,  33, 110, 187, 244,  24,  39,  55,  92, 123, 245,  37,  50, 108,
        182,  18,  32, 122, 178, 212, 238, 243,  89,  90, 115, 235,  14,  95,
        118, 207, 239,  15,  81, 126, 230,  27,  68,  87, 109, 227, 229, 236,
         12,  67, 117, 228, 241,  86,  53, 179, 197, 246, 231, 194,  71, 176])
[2024-09-21 16:12:07,240][root][INFO] - sorted scores:tensor([110.4453, 110.4297, 110.4297, 110.4219, 110.4141, 110.4141, 110.4141,
        110.4062, 110.4062, 110.4062, 110.3828, 110.3359, 110.3281, 110.3203,
        110.3125, 110.3125, 110.3047, 110.3047, 110.2969, 110.2969, 110.2969,
        110.2734, 110.0469, 109.9922, 109.9609, 109.8672, 109.8438, 109.8047,
        109.7656, 109.7422, 109.7344, 109.7344, 109.7031, 109.7031, 109.6953,
        109.6797, 109.6719, 109.6719, 109.6719, 109.6562, 109.6562, 109.6484,
        109.6484, 109.6406, 109.6406, 109.6406, 109.6328, 109.6328, 109.6250,
        109.6172, 109.6094, 109.6016, 109.5859, 109.5859, 109.5781, 109.5703,
        109.5703, 109.5625, 109.5469, 109.5312, 109.5234, 109.5234, 109.5234,
        109.5078, 109.4922, 109.4844, 109.4844, 109.4766, 109.4766, 109.4688,
        109.4609, 109.4609, 109.4375, 109.4375, 109.4062, 109.3984, 109.3984,
        109.3984, 109.3828, 109.3750, 109.3594, 109.3516, 109.3516, 109.3438,
        109.3359, 109.3203, 109.3203, 109.3203, 109.3125, 109.3125, 109.3125,
        109.3125, 109.3125, 109.3125, 109.3125, 109.3047, 109.3047, 109.3047,
        109.3047, 109.3047, 109.3047, 109.3047, 109.2969, 109.2969, 109.2969,
        109.2969, 109.2891, 109.2891, 109.2891, 109.2891, 109.2891, 109.2891,
        109.2812, 109.2812, 109.2812, 109.2734, 109.2734, 109.2734, 109.2656,
        109.2656, 109.2656, 109.2656, 109.2578, 109.2578, 109.2500, 109.2500,
        109.2500, 109.2500, 109.2422, 109.2344, 109.2344, 109.2344, 109.2344,
        109.2344, 109.2344, 109.2344, 109.2344, 109.2266, 109.2266, 109.2266,
        109.2266, 109.2188, 109.2188, 109.2109, 109.2109, 109.2109, 109.2031,
        109.2031, 109.2031, 109.2031, 109.2031, 109.1953, 109.1953, 109.1953,
        109.1953, 109.1875, 109.1875, 109.1875, 109.1875, 109.1875, 109.1875,
        109.1875, 109.1797, 109.1797, 109.1719, 109.1719, 109.1719, 109.1719,
        109.1641, 109.1641, 109.1641, 109.1562, 109.1484, 109.1484, 109.1484,
        109.1484, 109.1484, 109.1484, 109.1484, 109.1406, 109.1406, 109.1406,
        109.1406, 109.1406, 109.1328, 109.1328, 109.1328, 109.1328, 109.1328,
        109.1328, 109.1250, 109.1250, 109.1250, 109.1250, 109.1250, 109.1172,
        109.1172, 109.1172, 109.1172, 109.1172, 109.1172, 109.1094, 109.1094,
        109.1094, 109.1094, 109.1094, 109.1094, 109.1016, 109.1016, 109.1016,
        109.1016, 109.0938, 109.0938, 109.0938, 109.0938, 109.0938, 109.0938,
        109.0938, 109.0859, 109.0859, 109.0859, 109.0781, 109.0703, 109.0703,
        109.0703, 109.0703, 109.0703, 109.0625, 109.0625, 109.0625, 109.0625,
        109.0547, 109.0547, 109.0547, 109.0547, 109.0547, 109.0547, 109.0547,
        109.0469, 109.0469, 109.0469, 109.0469, 109.0469, 109.0391, 109.0312,
        109.0312, 109.0312, 109.0234, 109.0156, 108.9922, 108.9766, 108.9688])
[2024-09-21 16:12:18,312][websockets.server][INFO] - server listening on 0.0.0.0:8080
[2024-09-21 16:12:19,282][websockets.server][INFO] - connection open
[2024-09-21 16:12:22,117][root][INFO] - Succeeded to open port: /dev/ttyUSB0
[2024-09-21 16:12:22,118][root][INFO] - Succeeded to set baudrate to 3000000
[2024-09-21 16:12:32,315][root][ERROR] - > read: [TxRxResult] There is no status packet!
[2024-09-21 16:12:32,351][root][ERROR] - > read: [TxRxResult] There is no status packet!
[2024-09-21 16:12:32,392][root][ERROR] - > read: [TxRxResult] Incorrect status packet!
[2024-09-21 16:12:32,398][root][ERROR] - > read: [TxRxResult] Incorrect status packet!
[2024-09-21 16:12:32,440][root][ERROR] - > read: [TxRxResult] There is no status packet!
[2024-09-21 16:12:32,476][root][ERROR] - > read: [TxRxResult] There is no status packet!
[2024-09-21 16:12:32,516][root][ERROR] - > read: [TxRxResult] There is no status packet!
[2024-09-21 16:12:32,552][root][ERROR] - > read: [TxRxResult] There is no status packet!
[2024-09-21 16:12:32,563][root][ERROR] - > read: [TxRxResult] Incorrect status packet!
[2024-09-21 16:12:32,598][root][ERROR] - > read: [TxRxResult] There is no status packet!
[2024-09-21 16:12:32,640][root][ERROR] - > read: [TxRxResult] There is no status packet!
[2024-09-21 16:12:32,696][root][ERROR] - > read: [TxRxResult] There is no status packet!
[2024-09-21 16:12:50,006][root][ERROR] - > write_byte: [Motor ID: 5] [RxPacketError] Hardware error occurred. Check the error at Control Table (Hardware Error Status)!
[2024-09-21 16:12:50,086][root][ERROR] - > write_byte: [Motor ID: 10] [RxPacketError] Hardware error occurred. Check the error at Control Table (Hardware Error Status)!
[2024-09-21 16:12:50,102][root][ERROR] - > write_byte: [Motor ID: 11] [RxPacketError] Hardware error occurred. Check the error at Control Table (Hardware Error Status)!
[2024-09-21 16:12:50,118][root][ERROR] - > write_byte: [Motor ID: 12] [RxPacketError] Hardware error occurred. Check the error at Control Table (Hardware Error Status)!
[2024-09-21 16:12:50,134][root][ERROR] - > write_byte: [Motor ID: 13] [RxPacketError] Hardware error occurred. Check the error at Control Table (Hardware Error Status)!
[2024-09-21 16:12:50,150][root][ERROR] - > write_byte: [Motor ID: 14] [RxPacketError] Hardware error occurred. Check the error at Control Table (Hardware Error Status)!
[2024-09-21 16:12:50,166][root][ERROR] - > write_byte: [Motor ID: 15] [RxPacketError] Hardware error occurred. Check the error at Control Table (Hardware Error Status)!
[2024-09-21 16:12:50,166][root][ERROR] - Could not set torque disabled for IDs: [5, 10, 11, 12, 13, 14, 15]
