[2024-09-22 23:27:03,857][root][INFO] - self.cfg: 
 lr: 0.0001
c_in: 6
zfar: 'Infinity'
debug: null
n_view: 1
run_id: 3wy8qqex
use_BN: true
exp_name: 2024-01-11-20-02-45
n_epochs: 62
save_dir: /home/bowenw/debug/2024-01-11-20-02-45/
use_mask: false
loss_type: pairwise_valid
optimizer: adam
batch_size: 64
crop_ratio: 1.1
enable_amp: true
use_normal: false
max_num_key: null
warmup_step: -1
input_resize:
- 160
- 160
max_step_val: 1000
vis_interval: 1000
weight_decay: 0
normalize_xyz: true
resume_run_id: null
clip_grad_norm: 'Infinity'
lr_epoch_decay: 500
render_backend: nvdiffrast
train_num_pair: 5
lr_decay_epochs:
- 50
n_epochs_warmup: 1
make_pair_online: false
gradient_max_norm: 'Infinity'
max_step_per_epoch: 10000
n_rendering_workers: 1
save_epoch_interval: 100
n_dataloader_workers: 100
split_objects_across_gpus: true
ckpt_dir: FoundationPose/learning/training/../../weights/2024-01-11-20-02-45/model_best.pth

[2024-09-22 23:27:03,857][root][INFO] - self.h5_file:None
[2024-09-22 23:27:04,044][root][INFO] - Using pretrained model from FoundationPose/learning/training/../../weights/2024-01-11-20-02-45/model_best.pth
[2024-09-22 23:27:04,100][root][INFO] - init done
[2024-09-22 23:27:04,100][root][INFO] - welcome
[2024-09-22 23:27:04,104][root][INFO] - self.cfg: 
 lr: 0.0001
c_in: 6
zfar: .inf
debug: null
w_rot: 0.1
n_view: 1
run_id: null
use_BN: true
rot_rep: axis_angle
ckpt_dir: FoundationPose/learning/training/../../weights/2023-10-28-18-33-37/model_best.pth
exp_name: 2023-10-28-18-33-37
save_dir: /tmp/2023-10-28-18-33-37/
loss_type: l2
optimizer: adam
trans_rep: tracknet
batch_size: 64
crop_ratio: 1.2
use_normal: false
BN_momentum: 0.1
max_num_key: null
warmup_step: -1
input_resize:
- 160
- 160
max_step_val: 1000
normal_uint8: false
vis_interval: 1000
weight_decay: 0
n_max_objects: null
normalize_xyz: true
clip_grad_norm: 'Infinity'
rot_normalizer: 0.3490658503988659
trans_normalizer:
- 0.019999999552965164
- 0.019999999552965164
- 0.05000000074505806
max_step_per_epoch: 25000
val_epoch_interval: 10
n_dataloader_workers: 60
enable_amp: true
use_mask: false

[2024-09-22 23:27:04,104][root][INFO] - self.h5_file:
[2024-09-22 23:27:04,151][root][INFO] - Using pretrained model from FoundationPose/learning/training/../../weights/2023-10-28-18-33-37/model_best.pth
[2024-09-22 23:27:04,170][root][INFO] - init done
[2024-09-22 23:27:06,416][root][INFO] - self.diameter:0.17931863506728118, vox_size:0.008965931753364059
[2024-09-22 23:27:06,430][root][INFO] - self.pts:torch.Size([630, 3])
[2024-09-22 23:27:07,506][root][INFO] - reset done
[2024-09-22 23:27:07,507][root][INFO] - cam_in_obs:(42, 4, 4)
[2024-09-22 23:27:07,508][root][INFO] - rot_grid:(252, 4, 4)
[2024-09-22 23:27:07,510][root][INFO] - after cluster, rot_grid:(252, 4, 4)
[2024-09-22 23:27:07,510][root][INFO] - self.rot_grid: torch.Size([252, 4, 4])
[2024-09-22 23:27:16,015][root][INFO] - Welcome
[2024-09-22 23:27:16,030][root][INFO] - poses:(252, 4, 4)
[2024-09-22 23:27:16,041][root][INFO] - after viewpoint, add_errs min:-1.0
[2024-09-22 23:27:16,072][root][INFO] - ob_in_cams:(252, 4, 4)
[2024-09-22 23:27:16,073][root][INFO] - self.cfg.use_normal:False
[2024-09-22 23:27:16,073][root][INFO] - trans_normalizer:[0.019999999552965164, 0.019999999552965164, 0.05000000074505806], rot_normalizer:0.3490658503988659
[2024-09-22 23:27:16,106][root][INFO] - making cropped data
[2024-09-22 23:27:16,106][root][INFO] - Welcome make_crop_data_batch
[2024-09-22 23:27:16,111][root][INFO] - make tf_to_crops done
[2024-09-22 23:27:16,146][root][INFO] - render done
[2024-09-22 23:27:16,151][root][INFO] - warp done
[2024-09-22 23:27:16,157][root][INFO] - pose batch data done
[2024-09-22 23:27:16,157][root][INFO] - forward start
[2024-09-22 23:27:16,275][root][INFO] - forward done
[2024-09-22 23:27:16,286][root][INFO] - making cropped data
[2024-09-22 23:27:16,287][root][INFO] - Welcome make_crop_data_batch
[2024-09-22 23:27:16,287][root][INFO] - make tf_to_crops done
[2024-09-22 23:27:16,310][root][INFO] - render done
[2024-09-22 23:27:16,314][root][INFO] - warp done
[2024-09-22 23:27:16,317][root][INFO] - pose batch data done
[2024-09-22 23:27:16,317][root][INFO] - forward start
[2024-09-22 23:27:16,318][root][INFO] - forward done
[2024-09-22 23:27:16,318][root][INFO] - making cropped data
[2024-09-22 23:27:16,319][root][INFO] - Welcome make_crop_data_batch
[2024-09-22 23:27:16,418][root][INFO] - make tf_to_crops done
[2024-09-22 23:27:16,439][root][INFO] - render done
[2024-09-22 23:27:16,443][root][INFO] - warp done
[2024-09-22 23:27:16,445][root][INFO] - pose batch data done
[2024-09-22 23:27:16,446][root][INFO] - forward start
[2024-09-22 23:27:16,447][root][INFO] - forward done
[2024-09-22 23:27:16,447][root][INFO] - making cropped data
[2024-09-22 23:27:16,447][root][INFO] - Welcome make_crop_data_batch
[2024-09-22 23:27:16,545][root][INFO] - make tf_to_crops done
[2024-09-22 23:27:16,565][root][INFO] - render done
[2024-09-22 23:27:16,569][root][INFO] - warp done
[2024-09-22 23:27:16,571][root][INFO] - pose batch data done
[2024-09-22 23:27:16,571][root][INFO] - forward start
[2024-09-22 23:27:16,573][root][INFO] - forward done
[2024-09-22 23:27:16,573][root][INFO] - making cropped data
[2024-09-22 23:27:16,573][root][INFO] - Welcome make_crop_data_batch
[2024-09-22 23:27:16,672][root][INFO] - make tf_to_crops done
[2024-09-22 23:27:16,695][root][INFO] - render done
[2024-09-22 23:27:16,698][root][INFO] - warp done
[2024-09-22 23:27:16,701][root][INFO] - pose batch data done
[2024-09-22 23:27:16,701][root][INFO] - forward start
[2024-09-22 23:27:16,703][root][INFO] - forward done
[2024-09-22 23:27:16,818][root][INFO] - ob_in_cams:(252, 4, 4)
[2024-09-22 23:27:16,819][root][INFO] - self.cfg.use_normal:False
[2024-09-22 23:27:16,819][root][INFO] - making cropped data
[2024-09-22 23:27:16,826][root][INFO] - Welcome make_crop_data_batch
[2024-09-22 23:27:16,827][root][INFO] - make tf_to_crops done
[2024-09-22 23:27:16,846][root][INFO] - render done
[2024-09-22 23:27:16,977][root][INFO] - pose batch data done
[2024-09-22 23:27:16,977][root][INFO] - pose_data.rgbAs.shape[0]: 252
[2024-09-22 23:27:17,074][root][INFO] - forward done
[2024-09-22 23:27:17,092][root][INFO] - final, add_errs min:-1.0
[2024-09-22 23:27:17,101][root][INFO] - sort ids:tensor([ 18,  12,  90, 120, 141,  36, 114, 211,  84, 204,  78, 161, 150,  29,
         41, 185, 154, 155, 179,  16,  17,  94, 119, 124, 125,  15,  82,  83,
         95, 118, 178, 231,  89,  22,  28,  88, 237,  21,  23, 108, 236,  81,
         87,  27,  93, 184, 123, 156, 207,  55,  79,  92,  19,  86,  99, 205,
         14,  26,  75,  85,   3,  13,  80, 145, 171, 206, 243,   1,  33,  37,
        105, 116, 229,   9,  97, 121, 135, 147, 188, 189, 225, 230, 244, 115,
        129, 164,  43,  98, 127, 134,  74, 103, 104, 133, 146, 169, 170,   8,
         73,   7, 122,   2, 128, 216,   0,  72,  96, 163, 221, 107, 126, 132,
          6,  42, 144, 198,  59, 136, 174,  47,  77, 106, 202,   4,   5,  10,
         11,  76, 100, 131, 137, 203, 226,  34, 101, 130, 212, 227, 245, 102,
        168, 201,  38,  91, 162, 187, 220, 222, 247,  32,  50,  64,  68,  20,
         67, 248,  70,  71, 232, 250,  65, 180,  61,  62, 149, 172, 251,  49,
         60, 209,  53,  56,  57, 111, 138, 148, 196,  44,  52, 197, 158,  58,
        194, 193,  45, 165, 199,  35, 223, 166, 195, 200, 208, 218, 241,  39,
        173, 191, 224, 175, 152, 239, 176,  24, 246,  30, 117, 214, 240, 181,
        242, 109, 139, 233, 112, 219, 151,  69, 110, 215, 182, 143, 167, 142,
         51, 177,  31, 186, 113, 153, 192,  46, 190, 140, 234, 249,  25,  40,
         48, 159, 210, 213,  54, 160, 228, 235,  63,  66, 183, 217, 238, 157])
[2024-09-22 23:27:17,105][root][INFO] - sorted scores:tensor([70.5469, 70.4844, 70.4844, 70.4844, 70.4844, 70.4688, 70.4688, 70.4688,
        70.4531, 70.4531, 70.4375, 70.4219, 70.4062, 70.3438, 70.3438, 70.3438,
        70.3281, 70.3281, 70.3281, 70.3125, 70.3125, 70.3125, 70.3125, 70.3125,
        70.3125, 70.2969, 70.2969, 70.2969, 70.2969, 70.2969, 70.2969, 70.2969,
        70.2812, 70.2656, 70.2656, 70.2656, 70.2656, 70.2500, 70.2500, 70.2500,
        70.2500, 70.2344, 70.2344, 70.2188, 70.2188, 70.2188, 70.2031, 70.2031,
        69.9844, 69.9062, 69.8750, 69.8750, 69.8594, 69.8594, 69.8594, 69.8594,
        69.8438, 69.8438, 69.8438, 69.8438, 69.8281, 69.8281, 69.8281, 69.8281,
        69.8281, 69.8281, 69.8281, 69.8125, 69.8125, 69.8125, 69.8125, 69.8125,
        69.8125, 69.7969, 69.7969, 69.7969, 69.7969, 69.7969, 69.7969, 69.7969,
        69.7969, 69.7969, 69.7969, 69.7812, 69.7812, 69.7812, 69.7656, 69.7656,
        69.7656, 69.7656, 69.7500, 69.7500, 69.7500, 69.7500, 69.7500, 69.7500,
        69.7500, 69.7344, 69.7344, 69.7188, 69.7188, 69.6875, 69.6875, 69.6875,
        69.6719, 69.6719, 69.6719, 69.6719, 69.6719, 69.6562, 69.6562, 69.6562,
        69.6406, 69.6406, 69.6250, 69.6094, 69.5781, 69.5156, 69.5156, 69.4844,
        69.4844, 69.4844, 69.4844, 69.4688, 69.4688, 69.4688, 69.4688, 69.4688,
        69.4688, 69.4688, 69.4688, 69.4688, 69.4688, 69.4531, 69.4531, 69.4531,
        69.4531, 69.4531, 69.4531, 69.4375, 69.4375, 69.4375, 69.4062, 69.3906,
        69.3906, 69.3906, 69.3906, 69.3906, 69.3906, 69.3750, 69.3750, 69.3750,
        69.3750, 69.3594, 69.3594, 69.3438, 69.3281, 69.3281, 69.3281, 69.3281,
        69.3125, 69.3125, 69.2969, 69.2969, 69.2969, 69.2969, 69.2812, 69.2656,
        69.2656, 69.2656, 69.2500, 69.2188, 69.2188, 69.2188, 69.2188, 69.2188,
        69.2188, 69.2031, 69.2031, 69.2031, 69.1875, 69.1719, 69.1562, 69.1250,
        69.1094, 69.1094, 69.0781, 69.0625, 69.0469, 68.9844, 68.9844, 68.9844,
        68.9688, 68.9688, 68.9688, 68.9375, 68.9219, 68.8906, 68.8594, 68.8438,
        68.8281, 68.8281, 68.7812, 68.7656, 68.7656, 68.7500, 68.7344, 68.7188,
        68.7031, 68.6250, 68.6094, 68.5781, 68.5625, 68.5625, 68.5312, 68.5000,
        68.4844, 68.3438, 68.2969, 68.2188, 68.2031, 68.1875, 68.1875, 68.1719,
        68.1406, 68.1250, 68.1094, 68.0938, 68.0625, 68.0625, 68.0469, 68.0312,
        68.0312, 67.9688, 67.9688, 67.9688, 67.9375, 67.9375, 67.9375, 67.9375,
        67.9375, 67.9375, 67.9062, 67.9062, 67.9062, 67.9062, 67.8750, 67.8750,
        67.8750, 67.8750, 67.8750, 67.8438])
[2024-09-22 23:27:29,087][websockets.server][INFO] - server listening on 0.0.0.0:8080
[2024-09-22 23:27:31,333][websockets.server][INFO] - connection open
[2024-09-22 23:27:31,639][websockets.server][INFO] - connection open
[2024-09-22 23:27:34,193][root][INFO] - Succeeded to open port: /dev/ttyUSB0
[2024-09-22 23:27:34,193][root][INFO] - Succeeded to set baudrate to 3000000
