[2024-09-19 15:32:52,338][root][INFO] - self.cfg: 
 lr: 0.0001
c_in: 6
zfar: 'Infinity'
debug: null
n_view: 1
run_id: 3wy8qqex
use_BN: true
exp_name: 2024-01-11-20-02-45
n_epochs: 62
save_dir: /home/bowenw/debug/2024-01-11-20-02-45/
use_mask: false
loss_type: pairwise_valid
optimizer: adam
batch_size: 64
crop_ratio: 1.1
enable_amp: true
use_normal: false
max_num_key: null
warmup_step: -1
input_resize:
- 160
- 160
max_step_val: 1000
vis_interval: 1000
weight_decay: 0
normalize_xyz: true
resume_run_id: null
clip_grad_norm: 'Infinity'
lr_epoch_decay: 500
render_backend: nvdiffrast
train_num_pair: 5
lr_decay_epochs:
- 50
n_epochs_warmup: 1
make_pair_online: false
gradient_max_norm: 'Infinity'
max_step_per_epoch: 10000
n_rendering_workers: 1
save_epoch_interval: 100
n_dataloader_workers: 100
split_objects_across_gpus: true
ckpt_dir: FoundationPose/learning/training/../../weights/2024-01-11-20-02-45/model_best.pth

[2024-09-19 15:32:52,338][root][INFO] - self.h5_file:None
[2024-09-19 15:32:52,523][root][INFO] - Using pretrained model from FoundationPose/learning/training/../../weights/2024-01-11-20-02-45/model_best.pth
[2024-09-19 15:32:52,582][root][INFO] - init done
[2024-09-19 15:32:52,583][root][INFO] - welcome
[2024-09-19 15:32:52,586][root][INFO] - self.cfg: 
 lr: 0.0001
c_in: 6
zfar: .inf
debug: null
w_rot: 0.1
n_view: 1
run_id: null
use_BN: true
rot_rep: axis_angle
ckpt_dir: FoundationPose/learning/training/../../weights/2023-10-28-18-33-37/model_best.pth
exp_name: 2023-10-28-18-33-37
save_dir: /tmp/2023-10-28-18-33-37/
loss_type: l2
optimizer: adam
trans_rep: tracknet
batch_size: 64
crop_ratio: 1.2
use_normal: false
BN_momentum: 0.1
max_num_key: null
warmup_step: -1
input_resize:
- 160
- 160
max_step_val: 1000
normal_uint8: false
vis_interval: 1000
weight_decay: 0
n_max_objects: null
normalize_xyz: true
clip_grad_norm: 'Infinity'
rot_normalizer: 0.3490658503988659
trans_normalizer:
- 0.019999999552965164
- 0.019999999552965164
- 0.05000000074505806
max_step_per_epoch: 25000
val_epoch_interval: 10
n_dataloader_workers: 60
enable_amp: true
use_mask: false

[2024-09-19 15:32:52,586][root][INFO] - self.h5_file:
[2024-09-19 15:32:52,634][root][INFO] - Using pretrained model from FoundationPose/learning/training/../../weights/2023-10-28-18-33-37/model_best.pth
[2024-09-19 15:32:52,651][root][INFO] - init done
[2024-09-19 15:32:54,849][root][INFO] - self.diameter:0.1548224583430964, vox_size:0.00774112291715482
[2024-09-19 15:32:54,864][root][INFO] - self.pts:torch.Size([788, 3])
[2024-09-19 15:32:55,861][root][INFO] - reset done
[2024-09-19 15:32:55,862][root][INFO] - cam_in_obs:(42, 4, 4)
[2024-09-19 15:32:55,864][root][INFO] - rot_grid:(252, 4, 4)
[2024-09-19 15:32:55,865][root][INFO] - after cluster, rot_grid:(252, 4, 4)
[2024-09-19 15:32:55,865][root][INFO] - self.rot_grid: torch.Size([252, 4, 4])
[2024-09-19 15:33:03,593][root][INFO] - Welcome
[2024-09-19 15:33:03,597][root][INFO] - poses:(252, 4, 4)
[2024-09-19 15:33:03,604][root][INFO] - after viewpoint, add_errs min:-1.0
[2024-09-19 15:33:03,636][root][INFO] - ob_in_cams:(252, 4, 4)
[2024-09-19 15:33:03,636][root][INFO] - self.cfg.use_normal:False
[2024-09-19 15:33:03,637][root][INFO] - trans_normalizer:[0.019999999552965164, 0.019999999552965164, 0.05000000074505806], rot_normalizer:0.3490658503988659
[2024-09-19 15:33:03,639][root][INFO] - making cropped data
[2024-09-19 15:33:03,639][root][INFO] - Welcome make_crop_data_batch
[2024-09-19 15:33:03,645][root][INFO] - make tf_to_crops done
[2024-09-19 15:33:03,682][root][INFO] - render done
[2024-09-19 15:33:03,688][root][INFO] - warp done
[2024-09-19 15:33:03,693][root][INFO] - pose batch data done
[2024-09-19 15:33:03,693][root][INFO] - forward start
[2024-09-19 15:33:03,810][root][INFO] - forward done
[2024-09-19 15:33:03,821][root][INFO] - making cropped data
[2024-09-19 15:33:03,821][root][INFO] - Welcome make_crop_data_batch
[2024-09-19 15:33:03,821][root][INFO] - make tf_to_crops done
[2024-09-19 15:33:03,843][root][INFO] - render done
[2024-09-19 15:33:03,848][root][INFO] - warp done
[2024-09-19 15:33:03,851][root][INFO] - pose batch data done
[2024-09-19 15:33:03,851][root][INFO] - forward start
[2024-09-19 15:33:03,852][root][INFO] - forward done
[2024-09-19 15:33:03,852][root][INFO] - making cropped data
[2024-09-19 15:33:03,853][root][INFO] - Welcome make_crop_data_batch
[2024-09-19 15:33:03,955][root][INFO] - make tf_to_crops done
[2024-09-19 15:33:03,976][root][INFO] - render done
[2024-09-19 15:33:03,980][root][INFO] - warp done
[2024-09-19 15:33:03,982][root][INFO] - pose batch data done
[2024-09-19 15:33:03,983][root][INFO] - forward start
[2024-09-19 15:33:03,984][root][INFO] - forward done
[2024-09-19 15:33:03,984][root][INFO] - making cropped data
[2024-09-19 15:33:03,984][root][INFO] - Welcome make_crop_data_batch
[2024-09-19 15:33:04,083][root][INFO] - make tf_to_crops done
[2024-09-19 15:33:04,104][root][INFO] - render done
[2024-09-19 15:33:04,108][root][INFO] - warp done
[2024-09-19 15:33:04,110][root][INFO] - pose batch data done
[2024-09-19 15:33:04,110][root][INFO] - forward start
[2024-09-19 15:33:04,112][root][INFO] - forward done
[2024-09-19 15:33:04,112][root][INFO] - making cropped data
[2024-09-19 15:33:04,112][root][INFO] - Welcome make_crop_data_batch
[2024-09-19 15:33:04,212][root][INFO] - make tf_to_crops done
[2024-09-19 15:33:04,233][root][INFO] - render done
[2024-09-19 15:33:04,237][root][INFO] - warp done
[2024-09-19 15:33:04,239][root][INFO] - pose batch data done
[2024-09-19 15:33:04,239][root][INFO] - forward start
[2024-09-19 15:33:04,241][root][INFO] - forward done
[2024-09-19 15:33:04,241][root][INFO] - making cropped data
[2024-09-19 15:33:04,241][root][INFO] - Welcome make_crop_data_batch
[2024-09-19 15:33:04,341][root][INFO] - make tf_to_crops done
[2024-09-19 15:33:04,361][root][INFO] - render done
[2024-09-19 15:33:04,366][root][INFO] - warp done
[2024-09-19 15:33:04,368][root][INFO] - pose batch data done
[2024-09-19 15:33:04,368][root][INFO] - forward start
[2024-09-19 15:33:04,370][root][INFO] - forward done
[2024-09-19 15:33:04,370][root][INFO] - making cropped data
[2024-09-19 15:33:04,370][root][INFO] - Welcome make_crop_data_batch
[2024-09-19 15:33:04,471][root][INFO] - make tf_to_crops done
[2024-09-19 15:33:04,491][root][INFO] - render done
[2024-09-19 15:33:04,495][root][INFO] - warp done
[2024-09-19 15:33:04,498][root][INFO] - pose batch data done
[2024-09-19 15:33:04,498][root][INFO] - forward start
[2024-09-19 15:33:04,499][root][INFO] - forward done
[2024-09-19 15:33:04,499][root][INFO] - making cropped data
[2024-09-19 15:33:04,499][root][INFO] - Welcome make_crop_data_batch
[2024-09-19 15:33:04,600][root][INFO] - make tf_to_crops done
[2024-09-19 15:33:04,621][root][INFO] - render done
[2024-09-19 15:33:04,625][root][INFO] - warp done
[2024-09-19 15:33:04,627][root][INFO] - pose batch data done
[2024-09-19 15:33:04,627][root][INFO] - forward start
[2024-09-19 15:33:04,629][root][INFO] - forward done
[2024-09-19 15:33:04,629][root][INFO] - making cropped data
[2024-09-19 15:33:04,629][root][INFO] - Welcome make_crop_data_batch
[2024-09-19 15:33:04,730][root][INFO] - make tf_to_crops done
[2024-09-19 15:33:04,751][root][INFO] - render done
[2024-09-19 15:33:04,754][root][INFO] - warp done
[2024-09-19 15:33:04,757][root][INFO] - pose batch data done
[2024-09-19 15:33:04,757][root][INFO] - forward start
[2024-09-19 15:33:04,759][root][INFO] - forward done
[2024-09-19 15:33:04,759][root][INFO] - making cropped data
[2024-09-19 15:33:04,759][root][INFO] - Welcome make_crop_data_batch
[2024-09-19 15:33:04,859][root][INFO] - make tf_to_crops done
[2024-09-19 15:33:04,880][root][INFO] - render done
[2024-09-19 15:33:04,884][root][INFO] - warp done
[2024-09-19 15:33:04,886][root][INFO] - pose batch data done
[2024-09-19 15:33:04,887][root][INFO] - forward start
[2024-09-19 15:33:04,888][root][INFO] - forward done
[2024-09-19 15:33:04,888][root][INFO] - making cropped data
[2024-09-19 15:33:04,888][root][INFO] - Welcome make_crop_data_batch
[2024-09-19 15:33:04,988][root][INFO] - make tf_to_crops done
[2024-09-19 15:33:05,009][root][INFO] - render done
[2024-09-19 15:33:05,014][root][INFO] - warp done
[2024-09-19 15:33:05,016][root][INFO] - pose batch data done
[2024-09-19 15:33:05,016][root][INFO] - forward start
[2024-09-19 15:33:05,018][root][INFO] - forward done
[2024-09-19 15:33:05,018][root][INFO] - making cropped data
[2024-09-19 15:33:05,018][root][INFO] - Welcome make_crop_data_batch
[2024-09-19 15:33:05,118][root][INFO] - make tf_to_crops done
[2024-09-19 15:33:05,139][root][INFO] - render done
[2024-09-19 15:33:05,143][root][INFO] - warp done
[2024-09-19 15:33:05,145][root][INFO] - pose batch data done
[2024-09-19 15:33:05,145][root][INFO] - forward start
[2024-09-19 15:33:05,146][root][INFO] - forward done
[2024-09-19 15:33:05,147][root][INFO] - making cropped data
[2024-09-19 15:33:05,147][root][INFO] - Welcome make_crop_data_batch
[2024-09-19 15:33:05,247][root][INFO] - make tf_to_crops done
[2024-09-19 15:33:05,268][root][INFO] - render done
[2024-09-19 15:33:05,271][root][INFO] - warp done
[2024-09-19 15:33:05,274][root][INFO] - pose batch data done
[2024-09-19 15:33:05,274][root][INFO] - forward start
[2024-09-19 15:33:05,276][root][INFO] - forward done
[2024-09-19 15:33:05,276][root][INFO] - making cropped data
[2024-09-19 15:33:05,276][root][INFO] - Welcome make_crop_data_batch
[2024-09-19 15:33:05,376][root][INFO] - make tf_to_crops done
[2024-09-19 15:33:05,397][root][INFO] - render done
[2024-09-19 15:33:05,400][root][INFO] - warp done
[2024-09-19 15:33:05,403][root][INFO] - pose batch data done
[2024-09-19 15:33:05,403][root][INFO] - forward start
[2024-09-19 15:33:05,404][root][INFO] - forward done
[2024-09-19 15:33:05,405][root][INFO] - making cropped data
[2024-09-19 15:33:05,405][root][INFO] - Welcome make_crop_data_batch
[2024-09-19 15:33:05,505][root][INFO] - make tf_to_crops done
[2024-09-19 15:33:05,526][root][INFO] - render done
[2024-09-19 15:33:05,530][root][INFO] - warp done
[2024-09-19 15:33:05,532][root][INFO] - pose batch data done
[2024-09-19 15:33:05,532][root][INFO] - forward start
[2024-09-19 15:33:05,534][root][INFO] - forward done
[2024-09-19 15:33:05,534][root][INFO] - making cropped data
[2024-09-19 15:33:05,534][root][INFO] - Welcome make_crop_data_batch
[2024-09-19 15:33:05,634][root][INFO] - make tf_to_crops done
[2024-09-19 15:33:05,655][root][INFO] - render done
[2024-09-19 15:33:05,658][root][INFO] - warp done
[2024-09-19 15:33:05,661][root][INFO] - pose batch data done
[2024-09-19 15:33:05,661][root][INFO] - forward start
[2024-09-19 15:33:05,662][root][INFO] - forward done
[2024-09-19 15:33:05,663][root][INFO] - making cropped data
[2024-09-19 15:33:05,663][root][INFO] - Welcome make_crop_data_batch
[2024-09-19 15:33:05,763][root][INFO] - make tf_to_crops done
[2024-09-19 15:33:05,784][root][INFO] - render done
[2024-09-19 15:33:05,788][root][INFO] - warp done
[2024-09-19 15:33:05,791][root][INFO] - pose batch data done
[2024-09-19 15:33:05,791][root][INFO] - forward start
[2024-09-19 15:33:05,792][root][INFO] - forward done
[2024-09-19 15:33:05,793][root][INFO] - making cropped data
[2024-09-19 15:33:05,793][root][INFO] - Welcome make_crop_data_batch
[2024-09-19 15:33:05,892][root][INFO] - make tf_to_crops done
[2024-09-19 15:33:05,913][root][INFO] - render done
[2024-09-19 15:33:05,917][root][INFO] - warp done
[2024-09-19 15:33:05,920][root][INFO] - pose batch data done
[2024-09-19 15:33:05,920][root][INFO] - forward start
[2024-09-19 15:33:05,921][root][INFO] - forward done
[2024-09-19 15:33:05,922][root][INFO] - making cropped data
[2024-09-19 15:33:05,922][root][INFO] - Welcome make_crop_data_batch
[2024-09-19 15:33:06,022][root][INFO] - make tf_to_crops done
[2024-09-19 15:33:06,042][root][INFO] - render done
[2024-09-19 15:33:06,047][root][INFO] - warp done
[2024-09-19 15:33:06,049][root][INFO] - pose batch data done
[2024-09-19 15:33:06,049][root][INFO] - forward start
[2024-09-19 15:33:06,051][root][INFO] - forward done
[2024-09-19 15:33:06,051][root][INFO] - making cropped data
[2024-09-19 15:33:06,051][root][INFO] - Welcome make_crop_data_batch
[2024-09-19 15:33:06,150][root][INFO] - make tf_to_crops done
[2024-09-19 15:33:06,171][root][INFO] - render done
[2024-09-19 15:33:06,175][root][INFO] - warp done
[2024-09-19 15:33:06,177][root][INFO] - pose batch data done
[2024-09-19 15:33:06,178][root][INFO] - forward start
[2024-09-19 15:33:06,179][root][INFO] - forward done
[2024-09-19 15:33:06,292][root][INFO] - ob_in_cams:(252, 4, 4)
[2024-09-19 15:33:06,293][root][INFO] - self.cfg.use_normal:False
[2024-09-19 15:33:06,293][root][INFO] - making cropped data
[2024-09-19 15:33:06,300][root][INFO] - Welcome make_crop_data_batch
[2024-09-19 15:33:06,301][root][INFO] - make tf_to_crops done
[2024-09-19 15:33:06,320][root][INFO] - render done
[2024-09-19 15:33:06,449][root][INFO] - pose batch data done
[2024-09-19 15:33:06,449][root][INFO] - pose_data.rgbAs.shape[0]: 252
[2024-09-19 15:33:06,546][root][INFO] - forward done
[2024-09-19 15:33:06,563][root][INFO] - final, add_errs min:-1.0
[2024-09-19 15:33:06,573][root][INFO] - sort ids:tensor([  0,   1,   2,   3,   4,   5,   6,   7,   8,   9,  10,  11,  12,  13,
         14,  15,  16,  17,  18,  19,  20,  21,  22,  23,  24,  25,  26,  27,
         28,  29,  30,  31,  32,  33,  34,  35,  36,  37,  38,  39,  40,  41,
         42,  43,  44,  45,  46,  47,  48,  49,  50,  51,  52,  53,  54,  55,
         56,  57,  58,  59,  60,  61,  62,  63,  64,  65,  66,  67,  68,  69,
         70,  71,  72,  73,  74,  75,  76,  77,  78,  79,  80,  81,  82,  83,
         84,  85,  86,  87,  88,  89,  90,  91,  92,  93,  94,  95,  96,  97,
         98,  99, 100, 101, 102, 103, 104, 105, 106, 107, 108, 109, 110, 111,
        112, 113, 114, 115, 116, 117, 118, 119, 120, 121, 122, 123, 124, 125,
        126, 127, 128, 129, 130, 131, 132, 133, 134, 135, 136, 137, 138, 139,
        140, 141, 142, 143, 144, 145, 146, 147, 148, 149, 150, 151, 152, 153,
        154, 155, 156, 157, 158, 159, 160, 161, 162, 163, 164, 165, 166, 167,
        168, 169, 170, 171, 172, 173, 174, 175, 176, 177, 178, 179, 180, 181,
        182, 183, 184, 185, 186, 187, 188, 189, 190, 191, 192, 193, 194, 195,
        196, 197, 198, 199, 200, 201, 202, 203, 204, 205, 206, 207, 208, 209,
        210, 211, 212, 213, 214, 215, 216, 217, 218, 219, 220, 221, 222, 223,
        224, 225, 226, 227, 228, 229, 230, 231, 232, 233, 234, 235, 236, 237,
        238, 239, 240, 241, 242, 243, 244, 245, 246, 247, 248, 249, 250, 251])
[2024-09-19 15:33:06,576][root][INFO] - sorted scores:tensor([145.3125, 145.3125, 145.3125, 145.3125, 145.3125, 145.3125, 145.3125,
        145.3125, 145.3125, 145.3125, 145.3125, 145.3125, 145.3125, 145.3125,
        145.3125, 145.3125, 145.3125, 145.3125, 145.3125, 145.3125, 145.3125,
        145.3125, 145.3125, 145.3125, 145.3125, 145.3125, 145.3125, 145.3125,
        145.3125, 145.3125, 145.3125, 145.3125, 145.3125, 145.3125, 145.3125,
        145.3125, 145.3125, 145.3125, 145.3125, 145.3125, 145.3125, 145.3125,
        145.3125, 145.3125, 145.3125, 145.3125, 145.3125, 145.3125, 145.3125,
        145.3125, 145.3125, 145.3125, 145.3125, 145.3125, 145.3125, 145.3125,
        145.3125, 145.3125, 145.3125, 145.3125, 145.3125, 145.3125, 145.3125,
        145.3125, 145.3125, 145.3125, 145.3125, 145.3125, 145.3125, 145.3125,
        145.3125, 145.3125, 145.3125, 145.3125, 145.3125, 145.3125, 145.3125,
        145.3125, 145.3125, 145.3125, 145.3125, 145.3125, 145.3125, 145.3125,
        145.3125, 145.3125, 145.3125, 145.3125, 145.3125, 145.3125, 145.3125,
        145.3125, 145.3125, 145.3125, 145.3125, 145.3125, 145.3125, 145.3125,
        145.3125, 145.3125, 145.3125, 145.3125, 145.3125, 145.3125, 145.3125,
        145.3125, 145.3125, 145.3125, 145.3125, 145.3125, 145.3125, 145.3125,
        145.3125, 145.3125, 145.3125, 145.3125, 145.3125, 145.3125, 145.3125,
        145.3125, 145.3125, 145.3125, 145.3125, 145.3125, 145.3125, 145.3125,
        145.3125, 145.3125, 145.3125, 145.3125, 145.3125, 145.3125, 145.3125,
        145.3125, 145.3125, 145.3125, 145.3125, 145.3125, 145.3125, 145.3125,
        145.3125, 145.3125, 145.3125, 145.3125, 145.3125, 145.3125, 145.3125,
        145.3125, 145.3125, 145.3125, 145.3125, 145.3125, 145.3125, 145.3125,
        145.3125, 145.3125, 145.3125, 145.3125, 145.3125, 145.3125, 145.3125,
        145.3125, 145.3125, 145.3125, 145.3125, 145.3125, 145.3125, 145.3125,
        145.3125, 145.3125, 145.3125, 145.3125, 145.3125, 145.3125, 145.3125,
        145.3125, 145.3125, 145.3125, 145.3125, 145.3125, 145.3125, 145.3125,
        145.3125, 145.3125, 145.3125, 145.3125, 145.3125, 145.3125, 145.3125,
        145.3125, 145.3125, 145.3125, 145.3125, 145.3125, 145.3125, 145.3125,
        145.3125, 145.3125, 145.3125, 145.3125, 145.3125, 145.3125, 145.3125,
        145.3125, 145.3125, 145.3125, 145.3125, 145.3125, 145.3125, 145.3125,
        145.3125, 145.3125, 145.3125, 145.3125, 145.3125, 145.3125, 145.3125,
        145.3125, 145.3125, 145.3125, 145.3125, 145.3125, 145.3125, 145.3125,
        145.3125, 145.3125, 145.3125, 145.3125, 145.3125, 145.3125, 145.3125,
        145.3125, 145.3125, 145.3125, 145.3125, 145.3125, 145.3125, 145.3125,
        145.3125, 145.3125, 145.3125, 145.3125, 145.3125, 145.3125, 145.3125,
        145.3125, 145.3125, 145.3125, 145.3125, 145.3125, 145.3125, 145.3125])
[2024-09-19 15:33:06,586][websockets.server][INFO] - server listening on 127.0.0.1:8080
[2024-09-19 15:33:07,755][websockets.server][INFO] - connection open
[2024-09-19 15:33:08,301][websockets.server][INFO] - connection open
[2024-09-19 15:33:08,840][websockets.server][INFO] - connection closed
[2024-09-19 15:33:09,051][websockets.server][INFO] - connection open
