[2024-09-19 22:33:02,489][root][INFO] - self.cfg: 
 lr: 0.0001
c_in: 6
zfar: 'Infinity'
debug: null
n_view: 1
run_id: 3wy8qqex
use_BN: true
exp_name: 2024-01-11-20-02-45
n_epochs: 62
save_dir: /home/bowenw/debug/2024-01-11-20-02-45/
use_mask: false
loss_type: pairwise_valid
optimizer: adam
batch_size: 64
crop_ratio: 1.1
enable_amp: true
use_normal: false
max_num_key: null
warmup_step: -1
input_resize:
- 160
- 160
max_step_val: 1000
vis_interval: 1000
weight_decay: 0
normalize_xyz: true
resume_run_id: null
clip_grad_norm: 'Infinity'
lr_epoch_decay: 500
render_backend: nvdiffrast
train_num_pair: 5
lr_decay_epochs:
- 50
n_epochs_warmup: 1
make_pair_online: false
gradient_max_norm: 'Infinity'
max_step_per_epoch: 10000
n_rendering_workers: 1
save_epoch_interval: 100
n_dataloader_workers: 100
split_objects_across_gpus: true
ckpt_dir: FoundationPose/learning/training/../../weights/2024-01-11-20-02-45/model_best.pth

[2024-09-19 22:33:02,489][root][INFO] - self.h5_file:None
[2024-09-19 22:33:02,688][root][INFO] - Using pretrained model from FoundationPose/learning/training/../../weights/2024-01-11-20-02-45/model_best.pth
[2024-09-19 22:33:02,745][root][INFO] - init done
[2024-09-19 22:33:02,745][root][INFO] - welcome
[2024-09-19 22:33:02,748][root][INFO] - self.cfg: 
 lr: 0.0001
c_in: 6
zfar: .inf
debug: null
w_rot: 0.1
n_view: 1
run_id: null
use_BN: true
rot_rep: axis_angle
ckpt_dir: FoundationPose/learning/training/../../weights/2023-10-28-18-33-37/model_best.pth
exp_name: 2023-10-28-18-33-37
save_dir: /tmp/2023-10-28-18-33-37/
loss_type: l2
optimizer: adam
trans_rep: tracknet
batch_size: 64
crop_ratio: 1.2
use_normal: false
BN_momentum: 0.1
max_num_key: null
warmup_step: -1
input_resize:
- 160
- 160
max_step_val: 1000
normal_uint8: false
vis_interval: 1000
weight_decay: 0
n_max_objects: null
normalize_xyz: true
clip_grad_norm: 'Infinity'
rot_normalizer: 0.3490658503988659
trans_normalizer:
- 0.019999999552965164
- 0.019999999552965164
- 0.05000000074505806
max_step_per_epoch: 25000
val_epoch_interval: 10
n_dataloader_workers: 60
enable_amp: true
use_mask: false

[2024-09-19 22:33:02,748][root][INFO] - self.h5_file:
[2024-09-19 22:33:02,799][root][INFO] - Using pretrained model from FoundationPose/learning/training/../../weights/2023-10-28-18-33-37/model_best.pth
[2024-09-19 22:33:02,817][root][INFO] - init done
[2024-09-19 22:33:05,028][root][INFO] - self.diameter:0.1687081691320692, vox_size:0.00843540845660346
[2024-09-19 22:33:05,043][root][INFO] - self.pts:torch.Size([678, 3])
[2024-09-19 22:33:06,006][root][INFO] - reset done
[2024-09-19 22:33:06,017][root][INFO] - cam_in_obs:(42, 4, 4)
[2024-09-19 22:33:06,019][root][INFO] - rot_grid:(252, 4, 4)
[2024-09-19 22:33:06,019][root][INFO] - after cluster, rot_grid:(252, 4, 4)
[2024-09-19 22:33:06,020][root][INFO] - self.rot_grid: torch.Size([252, 4, 4])
[2024-09-19 22:33:44,677][root][INFO] - Welcome
[2024-09-19 22:33:44,692][root][INFO] - poses:(252, 4, 4)
[2024-09-19 22:33:44,701][root][INFO] - after viewpoint, add_errs min:-1.0
[2024-09-19 22:33:44,733][root][INFO] - ob_in_cams:(252, 4, 4)
[2024-09-19 22:33:44,734][root][INFO] - self.cfg.use_normal:False
[2024-09-19 22:33:44,734][root][INFO] - trans_normalizer:[0.019999999552965164, 0.019999999552965164, 0.05000000074505806], rot_normalizer:0.3490658503988659
[2024-09-19 22:33:44,775][root][INFO] - making cropped data
[2024-09-19 22:33:44,776][root][INFO] - Welcome make_crop_data_batch
[2024-09-19 22:33:44,779][root][INFO] - make tf_to_crops done
[2024-09-19 22:33:44,826][root][INFO] - render done
[2024-09-19 22:33:44,832][root][INFO] - warp done
[2024-09-19 22:33:44,836][root][INFO] - pose batch data done
[2024-09-19 22:33:44,836][root][INFO] - forward start
[2024-09-19 22:33:44,956][root][INFO] - forward done
[2024-09-19 22:33:44,967][root][INFO] - making cropped data
[2024-09-19 22:33:44,968][root][INFO] - Welcome make_crop_data_batch
[2024-09-19 22:33:44,968][root][INFO] - make tf_to_crops done
[2024-09-19 22:33:44,990][root][INFO] - render done
[2024-09-19 22:33:44,995][root][INFO] - warp done
[2024-09-19 22:33:44,997][root][INFO] - pose batch data done
[2024-09-19 22:33:44,998][root][INFO] - forward start
[2024-09-19 22:33:44,999][root][INFO] - forward done
[2024-09-19 22:33:44,999][root][INFO] - making cropped data
[2024-09-19 22:33:44,999][root][INFO] - Welcome make_crop_data_batch
[2024-09-19 22:33:45,099][root][INFO] - make tf_to_crops done
[2024-09-19 22:33:45,122][root][INFO] - render done
[2024-09-19 22:33:45,126][root][INFO] - warp done
[2024-09-19 22:33:45,129][root][INFO] - pose batch data done
[2024-09-19 22:33:45,129][root][INFO] - forward start
[2024-09-19 22:33:45,130][root][INFO] - forward done
[2024-09-19 22:33:45,130][root][INFO] - making cropped data
[2024-09-19 22:33:45,131][root][INFO] - Welcome make_crop_data_batch
[2024-09-19 22:33:45,231][root][INFO] - make tf_to_crops done
[2024-09-19 22:33:45,253][root][INFO] - render done
[2024-09-19 22:33:45,258][root][INFO] - warp done
[2024-09-19 22:33:45,260][root][INFO] - pose batch data done
[2024-09-19 22:33:45,260][root][INFO] - forward start
[2024-09-19 22:33:45,262][root][INFO] - forward done
[2024-09-19 22:33:45,262][root][INFO] - making cropped data
[2024-09-19 22:33:45,262][root][INFO] - Welcome make_crop_data_batch
[2024-09-19 22:33:45,363][root][INFO] - make tf_to_crops done
[2024-09-19 22:33:45,385][root][INFO] - render done
[2024-09-19 22:33:45,388][root][INFO] - warp done
[2024-09-19 22:33:45,391][root][INFO] - pose batch data done
[2024-09-19 22:33:45,391][root][INFO] - forward start
[2024-09-19 22:33:45,392][root][INFO] - forward done
[2024-09-19 22:33:45,509][root][INFO] - ob_in_cams:(252, 4, 4)
[2024-09-19 22:33:45,509][root][INFO] - self.cfg.use_normal:False
[2024-09-19 22:33:45,509][root][INFO] - making cropped data
[2024-09-19 22:33:45,517][root][INFO] - Welcome make_crop_data_batch
[2024-09-19 22:33:45,518][root][INFO] - make tf_to_crops done
[2024-09-19 22:33:45,538][root][INFO] - render done
[2024-09-19 22:33:45,668][root][INFO] - pose batch data done
[2024-09-19 22:33:45,668][root][INFO] - pose_data.rgbAs.shape[0]: 252
[2024-09-19 22:33:45,765][root][INFO] - forward done
[2024-09-19 22:33:45,783][root][INFO] - final, add_errs min:-1.0
[2024-09-19 22:33:45,792][root][INFO] - sort ids:tensor([ 34,  35,  96, 126, 132, 221, 245,   5,   6,  11,  71,  72,  77, 101,
        106, 107, 131, 137, 203, 227, 251,   0,  47, 222, 240,   4, 173, 112,
        190, 154,  85, 165,  13,   7, 147, 187, 115, 116,  54,  82,  51,  73,
         94, 100, 178, 103, 155, 169, 110, 146,  41, 125, 144, 160, 186, 217,
        226,  32, 124, 118, 140, 149, 180,  22, 102, 168,  92, 145, 141,  26,
        130,  14,  20, 243,  25, 223,  80,  88, 108, 179, 185, 204,  86, 111,
        113, 206, 210,  66,  70, 150, 181, 234, 235, 242, 248,  36,  44,  60,
        162, 202,  10,  56,  59,  67,  76, 153, 194,  12,  27,  31,  52,  55,
         99, 151, 161, 171, 183, 205, 236,   1,   9,  21,  23,  42,  58,  74,
         75,  84, 105, 188, 199, 215,   3,   8,  33,  45, 114, 119, 134, 167,
        170, 177, 192, 212, 229, 241, 244,  64,  93,  97, 117, 127, 157, 172,
        174, 207, 214, 225, 230,  15,  24,  30,  37,  39,  48,  49,  62,  65,
         68,  98, 104, 135, 143, 164, 166, 176, 182, 189, 195, 213, 220, 228,
        247,  16,  17,  18,  50,  53,  89, 120, 123, 128, 142, 148, 152, 158,
        159, 191, 193, 196, 197, 208, 216, 218, 219, 237,   2,  29,  40,  46,
         63,  81,  83,  87,  95, 122, 133, 138, 156, 200, 209, 224, 233, 239,
         19,  28,  38,  43,  61,  78,  91, 121, 129, 136, 139, 238, 250,  69,
         79,  90, 163, 184, 198, 201, 211, 231, 232, 246, 249,  57, 109, 175])
[2024-09-19 22:33:45,796][root][INFO] - sorted scores:tensor([60.8125, 60.8125, 60.7812, 60.7812, 60.7812, 60.7812, 60.7812, 60.7500,
        60.7500, 60.7500, 60.7500, 60.7500, 60.7500, 60.7500, 60.7500, 60.7500,
        60.7500, 60.7500, 60.7500, 60.7500, 60.7500, 60.6875, 60.5312, 60.4062,
        60.4062, 60.2812, 60.2812, 60.0938, 60.0938, 60.0312, 59.8438, 59.8125,
        59.7812, 59.7188, 59.7188, 59.6875, 59.6562, 59.6562, 59.6250, 59.6250,
        59.5938, 59.5625, 59.5625, 59.5625, 59.5625, 59.5312, 59.5312, 59.5312,
        59.5000, 59.5000, 59.4688, 59.4688, 59.4688, 59.4688, 59.4688, 59.4688,
        59.4688, 59.4375, 59.4375, 59.4062, 59.4062, 59.3750, 59.3750, 59.3125,
        59.3125, 59.3125, 59.2812, 59.2812, 59.2500, 59.2188, 59.2188, 59.1875,
        59.1562, 59.1562, 59.1250, 59.1250, 59.0938, 59.0938, 59.0938, 59.0938,
        59.0938, 59.0938, 59.0625, 59.0625, 59.0625, 59.0625, 59.0625, 59.0312,
        59.0312, 59.0312, 59.0312, 59.0312, 59.0312, 59.0312, 59.0312, 59.0000,
        59.0000, 59.0000, 59.0000, 59.0000, 58.9688, 58.9688, 58.9688, 58.9688,
        58.9688, 58.9688, 58.9688, 58.9375, 58.9375, 58.9375, 58.9375, 58.9375,
        58.9375, 58.9375, 58.9375, 58.9375, 58.9375, 58.9375, 58.9375, 58.9062,
        58.9062, 58.9062, 58.9062, 58.9062, 58.9062, 58.9062, 58.9062, 58.9062,
        58.9062, 58.9062, 58.9062, 58.9062, 58.8750, 58.8750, 58.8750, 58.8750,
        58.8750, 58.8750, 58.8750, 58.8750, 58.8750, 58.8750, 58.8750, 58.8750,
        58.8750, 58.8750, 58.8750, 58.8438, 58.8438, 58.8438, 58.8438, 58.8438,
        58.8438, 58.8438, 58.8438, 58.8438, 58.8438, 58.8438, 58.8438, 58.8125,
        58.8125, 58.8125, 58.8125, 58.8125, 58.8125, 58.8125, 58.8125, 58.8125,
        58.8125, 58.8125, 58.8125, 58.8125, 58.8125, 58.8125, 58.8125, 58.8125,
        58.8125, 58.8125, 58.8125, 58.8125, 58.8125, 58.8125, 58.8125, 58.7812,
        58.7812, 58.7812, 58.7812, 58.7812, 58.7812, 58.7812, 58.7812, 58.7812,
        58.7812, 58.7812, 58.7812, 58.7812, 58.7812, 58.7812, 58.7812, 58.7812,
        58.7812, 58.7812, 58.7812, 58.7812, 58.7812, 58.7812, 58.7500, 58.7500,
        58.7500, 58.7500, 58.7500, 58.7500, 58.7500, 58.7500, 58.7500, 58.7500,
        58.7500, 58.7500, 58.7500, 58.7500, 58.7500, 58.7500, 58.7500, 58.7500,
        58.7188, 58.7188, 58.7188, 58.7188, 58.7188, 58.7188, 58.7188, 58.7188,
        58.7188, 58.7188, 58.7188, 58.7188, 58.7188, 58.6875, 58.6875, 58.6875,
        58.6875, 58.6875, 58.6875, 58.6875, 58.6875, 58.6875, 58.6875, 58.6875,
        58.6875, 58.6562, 58.6562, 58.6562])
[2024-09-19 22:33:57,627][websockets.server][INFO] - server listening on 0.0.0.0:8080
[2024-09-19 22:34:00,318][websockets.server][INFO] - connection open
[2024-09-19 22:34:03,093][root][INFO] - Succeeded to open port: /dev/ttyUSB0
[2024-09-19 22:34:03,094][root][INFO] - Succeeded to set baudrate to 3000000
[2024-09-19 22:34:03,124][root][ERROR] - > write_byte: [Motor ID: 0] [RxPacketError] Hardware error occurred. Check the error at Control Table (Hardware Error Status)!
[2024-09-19 22:34:03,140][root][ERROR] - > write_byte: [Motor ID: 1] [RxPacketError] Hardware error occurred. Check the error at Control Table (Hardware Error Status)!
[2024-09-19 22:34:03,172][root][ERROR] - > write_byte: [Motor ID: 3] [RxPacketError] Hardware error occurred. Check the error at Control Table (Hardware Error Status)!
[2024-09-19 22:34:03,188][root][ERROR] - > write_byte: [Motor ID: 4] [RxPacketError] Hardware error occurred. Check the error at Control Table (Hardware Error Status)!
[2024-09-19 22:34:03,204][root][ERROR] - > write_byte: [Motor ID: 5] [RxPacketError] Hardware error occurred. Check the error at Control Table (Hardware Error Status)!
[2024-09-19 22:34:03,220][root][ERROR] - > write_byte: [Motor ID: 6] [RxPacketError] Hardware error occurred. Check the error at Control Table (Hardware Error Status)!
[2024-09-19 22:34:03,236][root][ERROR] - > write_byte: [Motor ID: 7] [RxPacketError] Hardware error occurred. Check the error at Control Table (Hardware Error Status)!
[2024-09-19 22:34:03,252][root][ERROR] - > write_byte: [Motor ID: 8] [RxPacketError] Hardware error occurred. Check the error at Control Table (Hardware Error Status)!
[2024-09-19 22:34:03,268][root][ERROR] - > write_byte: [Motor ID: 9] [RxPacketError] Hardware error occurred. Check the error at Control Table (Hardware Error Status)!
[2024-09-19 22:34:03,284][root][ERROR] - > write_byte: [Motor ID: 10] [RxPacketError] Hardware error occurred. Check the error at Control Table (Hardware Error Status)!
[2024-09-19 22:34:03,300][root][ERROR] - > write_byte: [Motor ID: 11] [RxPacketError] Hardware error occurred. Check the error at Control Table (Hardware Error Status)!
[2024-09-19 22:34:03,316][root][ERROR] - > write_byte: [Motor ID: 12] [RxPacketError] Hardware error occurred. Check the error at Control Table (Hardware Error Status)!
[2024-09-19 22:34:03,332][root][ERROR] - > write_byte: [Motor ID: 13] [RxPacketError] Hardware error occurred. Check the error at Control Table (Hardware Error Status)!
[2024-09-19 22:34:03,348][root][ERROR] - > write_byte: [Motor ID: 14] [RxPacketError] Hardware error occurred. Check the error at Control Table (Hardware Error Status)!
[2024-09-19 22:34:03,364][root][ERROR] - > write_byte: [Motor ID: 15] [RxPacketError] Hardware error occurred. Check the error at Control Table (Hardware Error Status)!
[2024-09-19 22:34:03,364][root][ERROR] - Could not set torque enabled for IDs: [0, 1, 3, 4, 5, 6, 7, 8, 9, 10, 11, 12, 13, 14, 15]
[2024-09-19 22:34:03,620][root][ERROR] - > write_byte: [Motor ID: 0] [RxPacketError] Hardware error occurred. Check the error at Control Table (Hardware Error Status)!
[2024-09-19 22:34:03,636][root][ERROR] - > write_byte: [Motor ID: 1] [RxPacketError] Hardware error occurred. Check the error at Control Table (Hardware Error Status)!
[2024-09-19 22:34:03,652][root][ERROR] - > write_byte: [Motor ID: 3] [RxPacketError] Hardware error occurred. Check the error at Control Table (Hardware Error Status)!
[2024-09-19 22:34:03,668][root][ERROR] - > write_byte: [Motor ID: 4] [RxPacketError] Hardware error occurred. Check the error at Control Table (Hardware Error Status)!
[2024-09-19 22:34:03,684][root][ERROR] - > write_byte: [Motor ID: 5] [RxPacketError] Hardware error occurred. Check the error at Control Table (Hardware Error Status)!
[2024-09-19 22:34:03,700][root][ERROR] - > write_byte: [Motor ID: 6] [RxPacketError] Hardware error occurred. Check the error at Control Table (Hardware Error Status)!
[2024-09-19 22:34:03,716][root][ERROR] - > write_byte: [Motor ID: 7] [RxPacketError] Hardware error occurred. Check the error at Control Table (Hardware Error Status)!
[2024-09-19 22:34:03,732][root][ERROR] - > write_byte: [Motor ID: 8] [RxPacketError] Hardware error occurred. Check the error at Control Table (Hardware Error Status)!
[2024-09-19 22:34:03,748][root][ERROR] - > write_byte: [Motor ID: 9] [RxPacketError] Hardware error occurred. Check the error at Control Table (Hardware Error Status)!
[2024-09-19 22:34:03,764][root][ERROR] - > write_byte: [Motor ID: 10] [RxPacketError] Hardware error occurred. Check the error at Control Table (Hardware Error Status)!
[2024-09-19 22:34:03,780][root][ERROR] - > write_byte: [Motor ID: 11] [RxPacketError] Hardware error occurred. Check the error at Control Table (Hardware Error Status)!
[2024-09-19 22:34:03,796][root][ERROR] - > write_byte: [Motor ID: 12] [RxPacketError] Hardware error occurred. Check the error at Control Table (Hardware Error Status)!
[2024-09-19 22:34:03,812][root][ERROR] - > write_byte: [Motor ID: 13] [RxPacketError] Hardware error occurred. Check the error at Control Table (Hardware Error Status)!
[2024-09-19 22:34:03,828][root][ERROR] - > write_byte: [Motor ID: 14] [RxPacketError] Hardware error occurred. Check the error at Control Table (Hardware Error Status)!
[2024-09-19 22:34:03,844][root][ERROR] - > write_byte: [Motor ID: 15] [RxPacketError] Hardware error occurred. Check the error at Control Table (Hardware Error Status)!
[2024-09-19 22:34:03,844][root][ERROR] - Could not set torque enabled for IDs: [0, 1, 3, 4, 5, 6, 7, 8, 9, 10, 11, 12, 13, 14, 15]
[2024-09-19 22:34:04,100][root][ERROR] - > write_byte: [Motor ID: 0] [RxPacketError] Hardware error occurred. Check the error at Control Table (Hardware Error Status)!
[2024-09-19 22:34:04,116][root][ERROR] - > write_byte: [Motor ID: 1] [RxPacketError] Hardware error occurred. Check the error at Control Table (Hardware Error Status)!
[2024-09-19 22:34:04,132][root][ERROR] - > write_byte: [Motor ID: 3] [RxPacketError] Hardware error occurred. Check the error at Control Table (Hardware Error Status)!
[2024-09-19 22:34:04,148][root][ERROR] - > write_byte: [Motor ID: 4] [RxPacketError] Hardware error occurred. Check the error at Control Table (Hardware Error Status)!
[2024-09-19 22:34:04,164][root][ERROR] - > write_byte: [Motor ID: 5] [RxPacketError] Hardware error occurred. Check the error at Control Table (Hardware Error Status)!
[2024-09-19 22:34:04,180][root][ERROR] - > write_byte: [Motor ID: 6] [RxPacketError] Hardware error occurred. Check the error at Control Table (Hardware Error Status)!
[2024-09-19 22:34:04,196][root][ERROR] - > write_byte: [Motor ID: 7] [RxPacketError] Hardware error occurred. Check the error at Control Table (Hardware Error Status)!
[2024-09-19 22:34:04,212][root][ERROR] - > write_byte: [Motor ID: 8] [RxPacketError] Hardware error occurred. Check the error at Control Table (Hardware Error Status)!
[2024-09-19 22:34:04,228][root][ERROR] - > write_byte: [Motor ID: 9] [RxPacketError] Hardware error occurred. Check the error at Control Table (Hardware Error Status)!
[2024-09-19 22:34:04,244][root][ERROR] - > write_byte: [Motor ID: 10] [RxPacketError] Hardware error occurred. Check the error at Control Table (Hardware Error Status)!
[2024-09-19 22:34:04,260][root][ERROR] - > write_byte: [Motor ID: 11] [RxPacketError] Hardware error occurred. Check the error at Control Table (Hardware Error Status)!
[2024-09-19 22:34:04,276][root][ERROR] - > write_byte: [Motor ID: 12] [RxPacketError] Hardware error occurred. Check the error at Control Table (Hardware Error Status)!
[2024-09-19 22:34:04,292][root][ERROR] - > write_byte: [Motor ID: 13] [RxPacketError] Hardware error occurred. Check the error at Control Table (Hardware Error Status)!
[2024-09-19 22:34:04,308][root][ERROR] - > write_byte: [Motor ID: 14] [RxPacketError] Hardware error occurred. Check the error at Control Table (Hardware Error Status)!
[2024-09-19 22:34:04,324][root][ERROR] - > write_byte: [Motor ID: 15] [RxPacketError] Hardware error occurred. Check the error at Control Table (Hardware Error Status)!
[2024-09-19 22:34:04,324][root][ERROR] - Could not set torque enabled for IDs: [0, 1, 3, 4, 5, 6, 7, 8, 9, 10, 11, 12, 13, 14, 15]
[2024-09-19 22:34:04,580][root][ERROR] - > write_byte: [Motor ID: 0] [RxPacketError] Hardware error occurred. Check the error at Control Table (Hardware Error Status)!
[2024-09-19 22:34:04,596][root][ERROR] - > write_byte: [Motor ID: 1] [RxPacketError] Hardware error occurred. Check the error at Control Table (Hardware Error Status)!
[2024-09-19 22:34:04,612][root][ERROR] - > write_byte: [Motor ID: 3] [RxPacketError] Hardware error occurred. Check the error at Control Table (Hardware Error Status)!
[2024-09-19 22:34:04,628][root][ERROR] - > write_byte: [Motor ID: 4] [RxPacketError] Hardware error occurred. Check the error at Control Table (Hardware Error Status)!
[2024-09-19 22:34:04,644][root][ERROR] - > write_byte: [Motor ID: 5] [RxPacketError] Hardware error occurred. Check the error at Control Table (Hardware Error Status)!
[2024-09-19 22:34:04,660][root][ERROR] - > write_byte: [Motor ID: 6] [RxPacketError] Hardware error occurred. Check the error at Control Table (Hardware Error Status)!
[2024-09-19 22:34:04,676][root][ERROR] - > write_byte: [Motor ID: 7] [RxPacketError] Hardware error occurred. Check the error at Control Table (Hardware Error Status)!
[2024-09-19 22:34:04,692][root][ERROR] - > write_byte: [Motor ID: 8] [RxPacketError] Hardware error occurred. Check the error at Control Table (Hardware Error Status)!
[2024-09-19 22:34:04,708][root][ERROR] - > write_byte: [Motor ID: 9] [RxPacketError] Hardware error occurred. Check the error at Control Table (Hardware Error Status)!
[2024-09-19 22:34:04,724][root][ERROR] - > write_byte: [Motor ID: 10] [RxPacketError] Hardware error occurred. Check the error at Control Table (Hardware Error Status)!
[2024-09-19 22:34:04,740][root][ERROR] - > write_byte: [Motor ID: 11] [RxPacketError] Hardware error occurred. Check the error at Control Table (Hardware Error Status)!
[2024-09-19 22:34:04,756][root][ERROR] - > write_byte: [Motor ID: 12] [RxPacketError] Hardware error occurred. Check the error at Control Table (Hardware Error Status)!
[2024-09-19 22:34:04,772][root][ERROR] - > write_byte: [Motor ID: 13] [RxPacketError] Hardware error occurred. Check the error at Control Table (Hardware Error Status)!
[2024-09-19 22:34:04,788][root][ERROR] - > write_byte: [Motor ID: 14] [RxPacketError] Hardware error occurred. Check the error at Control Table (Hardware Error Status)!
[2024-09-19 22:34:04,804][root][ERROR] - > write_byte: [Motor ID: 15] [RxPacketError] Hardware error occurred. Check the error at Control Table (Hardware Error Status)!
[2024-09-19 22:34:04,804][root][ERROR] - Could not set torque enabled for IDs: [0, 1, 3, 4, 5, 6, 7, 8, 9, 10, 11, 12, 13, 14, 15]
[2024-09-19 22:34:05,060][root][ERROR] - > write_byte: [Motor ID: 0] [RxPacketError] Hardware error occurred. Check the error at Control Table (Hardware Error Status)!
[2024-09-19 22:34:05,076][root][ERROR] - > write_byte: [Motor ID: 1] [RxPacketError] Hardware error occurred. Check the error at Control Table (Hardware Error Status)!
[2024-09-19 22:34:05,092][root][ERROR] - > write_byte: [Motor ID: 3] [RxPacketError] Hardware error occurred. Check the error at Control Table (Hardware Error Status)!
[2024-09-19 22:34:05,108][root][ERROR] - > write_byte: [Motor ID: 4] [RxPacketError] Hardware error occurred. Check the error at Control Table (Hardware Error Status)!
[2024-09-19 22:34:05,124][root][ERROR] - > write_byte: [Motor ID: 5] [RxPacketError] Hardware error occurred. Check the error at Control Table (Hardware Error Status)!
[2024-09-19 22:34:05,140][root][ERROR] - > write_byte: [Motor ID: 6] [RxPacketError] Hardware error occurred. Check the error at Control Table (Hardware Error Status)!
[2024-09-19 22:34:05,156][root][ERROR] - > write_byte: [Motor ID: 7] [RxPacketError] Hardware error occurred. Check the error at Control Table (Hardware Error Status)!
[2024-09-19 22:34:05,172][root][ERROR] - > write_byte: [Motor ID: 8] [RxPacketError] Hardware error occurred. Check the error at Control Table (Hardware Error Status)!
[2024-09-19 22:34:05,188][root][ERROR] - > write_byte: [Motor ID: 9] [RxPacketError] Hardware error occurred. Check the error at Control Table (Hardware Error Status)!
[2024-09-19 22:34:05,204][root][ERROR] - > write_byte: [Motor ID: 10] [RxPacketError] Hardware error occurred. Check the error at Control Table (Hardware Error Status)!
[2024-09-19 22:34:05,220][root][ERROR] - > write_byte: [Motor ID: 11] [RxPacketError] Hardware error occurred. Check the error at Control Table (Hardware Error Status)!
[2024-09-19 22:34:05,236][root][ERROR] - > write_byte: [Motor ID: 12] [RxPacketError] Hardware error occurred. Check the error at Control Table (Hardware Error Status)!
[2024-09-19 22:34:05,252][root][ERROR] - > write_byte: [Motor ID: 13] [RxPacketError] Hardware error occurred. Check the error at Control Table (Hardware Error Status)!
[2024-09-19 22:34:05,268][root][ERROR] - > write_byte: [Motor ID: 14] [RxPacketError] Hardware error occurred. Check the error at Control Table (Hardware Error Status)!
[2024-09-19 22:34:05,284][root][ERROR] - > write_byte: [Motor ID: 15] [RxPacketError] Hardware error occurred. Check the error at Control Table (Hardware Error Status)!
[2024-09-19 22:34:05,284][root][ERROR] - Could not set torque enabled for IDs: [0, 1, 3, 4, 5, 6, 7, 8, 9, 10, 11, 12, 13, 14, 15]
[2024-09-19 22:34:05,540][root][ERROR] - > write_byte: [Motor ID: 0] [RxPacketError] Hardware error occurred. Check the error at Control Table (Hardware Error Status)!
[2024-09-19 22:34:05,556][root][ERROR] - > write_byte: [Motor ID: 1] [RxPacketError] Hardware error occurred. Check the error at Control Table (Hardware Error Status)!
[2024-09-19 22:34:05,572][root][ERROR] - > write_byte: [Motor ID: 3] [RxPacketError] Hardware error occurred. Check the error at Control Table (Hardware Error Status)!
[2024-09-19 22:34:05,588][root][ERROR] - > write_byte: [Motor ID: 4] [RxPacketError] Hardware error occurred. Check the error at Control Table (Hardware Error Status)!
[2024-09-19 22:34:05,604][root][ERROR] - > write_byte: [Motor ID: 5] [RxPacketError] Hardware error occurred. Check the error at Control Table (Hardware Error Status)!
[2024-09-19 22:34:05,620][root][ERROR] - > write_byte: [Motor ID: 6] [RxPacketError] Hardware error occurred. Check the error at Control Table (Hardware Error Status)!
[2024-09-19 22:34:05,636][root][ERROR] - > write_byte: [Motor ID: 7] [RxPacketError] Hardware error occurred. Check the error at Control Table (Hardware Error Status)!
[2024-09-19 22:34:05,652][root][ERROR] - > write_byte: [Motor ID: 8] [RxPacketError] Hardware error occurred. Check the error at Control Table (Hardware Error Status)!
[2024-09-19 22:34:05,668][root][ERROR] - > write_byte: [Motor ID: 9] [RxPacketError] Hardware error occurred. Check the error at Control Table (Hardware Error Status)!
[2024-09-19 22:34:05,684][root][ERROR] - > write_byte: [Motor ID: 10] [RxPacketError] Hardware error occurred. Check the error at Control Table (Hardware Error Status)!
[2024-09-19 22:34:05,700][root][ERROR] - > write_byte: [Motor ID: 11] [RxPacketError] Hardware error occurred. Check the error at Control Table (Hardware Error Status)!
[2024-09-19 22:34:05,716][root][ERROR] - > write_byte: [Motor ID: 12] [RxPacketError] Hardware error occurred. Check the error at Control Table (Hardware Error Status)!
[2024-09-19 22:34:05,732][root][ERROR] - > write_byte: [Motor ID: 13] [RxPacketError] Hardware error occurred. Check the error at Control Table (Hardware Error Status)!
[2024-09-19 22:34:05,748][root][ERROR] - > write_byte: [Motor ID: 14] [RxPacketError] Hardware error occurred. Check the error at Control Table (Hardware Error Status)!
[2024-09-19 22:34:05,764][root][ERROR] - > write_byte: [Motor ID: 15] [RxPacketError] Hardware error occurred. Check the error at Control Table (Hardware Error Status)!
[2024-09-19 22:34:05,764][root][ERROR] - Could not set torque enabled for IDs: [0, 1, 3, 4, 5, 6, 7, 8, 9, 10, 11, 12, 13, 14, 15]
[2024-09-19 22:34:06,019][root][ERROR] - > write_byte: [Motor ID: 0] [RxPacketError] Hardware error occurred. Check the error at Control Table (Hardware Error Status)!
[2024-09-19 22:34:06,035][root][ERROR] - > write_byte: [Motor ID: 1] [RxPacketError] Hardware error occurred. Check the error at Control Table (Hardware Error Status)!
[2024-09-19 22:34:06,051][root][ERROR] - > write_byte: [Motor ID: 3] [RxPacketError] Hardware error occurred. Check the error at Control Table (Hardware Error Status)!
[2024-09-19 22:34:06,067][root][ERROR] - > write_byte: [Motor ID: 4] [RxPacketError] Hardware error occurred. Check the error at Control Table (Hardware Error Status)!
[2024-09-19 22:34:06,083][root][ERROR] - > write_byte: [Motor ID: 5] [RxPacketError] Hardware error occurred. Check the error at Control Table (Hardware Error Status)!
[2024-09-19 22:34:06,099][root][ERROR] - > write_byte: [Motor ID: 6] [RxPacketError] Hardware error occurred. Check the error at Control Table (Hardware Error Status)!
[2024-09-19 22:34:06,115][root][ERROR] - > write_byte: [Motor ID: 7] [RxPacketError] Hardware error occurred. Check the error at Control Table (Hardware Error Status)!
[2024-09-19 22:34:06,131][root][ERROR] - > write_byte: [Motor ID: 8] [RxPacketError] Hardware error occurred. Check the error at Control Table (Hardware Error Status)!
[2024-09-19 22:34:06,147][root][ERROR] - > write_byte: [Motor ID: 9] [RxPacketError] Hardware error occurred. Check the error at Control Table (Hardware Error Status)!
[2024-09-19 22:34:06,163][root][ERROR] - > write_byte: [Motor ID: 10] [RxPacketError] Hardware error occurred. Check the error at Control Table (Hardware Error Status)!
[2024-09-19 22:34:06,179][root][ERROR] - > write_byte: [Motor ID: 11] [RxPacketError] Hardware error occurred. Check the error at Control Table (Hardware Error Status)!
[2024-09-19 22:34:06,195][root][ERROR] - > write_byte: [Motor ID: 12] [RxPacketError] Hardware error occurred. Check the error at Control Table (Hardware Error Status)!
[2024-09-19 22:34:06,211][root][ERROR] - > write_byte: [Motor ID: 13] [RxPacketError] Hardware error occurred. Check the error at Control Table (Hardware Error Status)!
[2024-09-19 22:34:06,227][root][ERROR] - > write_byte: [Motor ID: 14] [RxPacketError] Hardware error occurred. Check the error at Control Table (Hardware Error Status)!
[2024-09-19 22:34:06,243][root][ERROR] - > write_byte: [Motor ID: 15] [RxPacketError] Hardware error occurred. Check the error at Control Table (Hardware Error Status)!
[2024-09-19 22:34:06,244][root][ERROR] - Could not set torque enabled for IDs: [0, 1, 3, 4, 5, 6, 7, 8, 9, 10, 11, 12, 13, 14, 15]
[2024-09-19 22:34:06,499][root][ERROR] - > write_byte: [Motor ID: 0] [RxPacketError] Hardware error occurred. Check the error at Control Table (Hardware Error Status)!
[2024-09-19 22:34:06,515][root][ERROR] - > write_byte: [Motor ID: 1] [RxPacketError] Hardware error occurred. Check the error at Control Table (Hardware Error Status)!
[2024-09-19 22:34:06,531][root][ERROR] - > write_byte: [Motor ID: 3] [RxPacketError] Hardware error occurred. Check the error at Control Table (Hardware Error Status)!
[2024-09-19 22:34:06,547][root][ERROR] - > write_byte: [Motor ID: 4] [RxPacketError] Hardware error occurred. Check the error at Control Table (Hardware Error Status)!
[2024-09-19 22:34:06,564][root][ERROR] - > write_byte: [Motor ID: 5] [RxPacketError] Hardware error occurred. Check the error at Control Table (Hardware Error Status)!
[2024-09-19 22:34:06,580][root][ERROR] - > write_byte: [Motor ID: 6] [RxPacketError] Hardware error occurred. Check the error at Control Table (Hardware Error Status)!
[2024-09-19 22:34:06,596][root][ERROR] - > write_byte: [Motor ID: 7] [RxPacketError] Hardware error occurred. Check the error at Control Table (Hardware Error Status)!
[2024-09-19 22:34:06,611][root][ERROR] - > write_byte: [Motor ID: 8] [RxPacketError] Hardware error occurred. Check the error at Control Table (Hardware Error Status)!
[2024-09-19 22:34:06,627][root][ERROR] - > write_byte: [Motor ID: 9] [RxPacketError] Hardware error occurred. Check the error at Control Table (Hardware Error Status)!
[2024-09-19 22:34:06,643][root][ERROR] - > write_byte: [Motor ID: 10] [RxPacketError] Hardware error occurred. Check the error at Control Table (Hardware Error Status)!
[2024-09-19 22:34:06,659][root][ERROR] - > write_byte: [Motor ID: 11] [RxPacketError] Hardware error occurred. Check the error at Control Table (Hardware Error Status)!
[2024-09-19 22:34:06,675][root][ERROR] - > write_byte: [Motor ID: 12] [RxPacketError] Hardware error occurred. Check the error at Control Table (Hardware Error Status)!
[2024-09-19 22:34:06,691][root][ERROR] - > write_byte: [Motor ID: 13] [RxPacketError] Hardware error occurred. Check the error at Control Table (Hardware Error Status)!
[2024-09-19 22:34:06,707][root][ERROR] - > write_byte: [Motor ID: 14] [RxPacketError] Hardware error occurred. Check the error at Control Table (Hardware Error Status)!
[2024-09-19 22:34:06,723][root][ERROR] - > write_byte: [Motor ID: 15] [RxPacketError] Hardware error occurred. Check the error at Control Table (Hardware Error Status)!
[2024-09-19 22:34:06,723][root][ERROR] - Could not set torque enabled for IDs: [0, 1, 3, 4, 5, 6, 7, 8, 9, 10, 11, 12, 13, 14, 15]
[2024-09-19 22:34:06,980][root][ERROR] - > write_byte: [Motor ID: 0] [RxPacketError] Hardware error occurred. Check the error at Control Table (Hardware Error Status)!
[2024-09-19 22:34:06,996][root][ERROR] - > write_byte: [Motor ID: 1] [RxPacketError] Hardware error occurred. Check the error at Control Table (Hardware Error Status)!
[2024-09-19 22:34:07,012][root][ERROR] - > write_byte: [Motor ID: 3] [RxPacketError] Hardware error occurred. Check the error at Control Table (Hardware Error Status)!
[2024-09-19 22:34:07,027][root][ERROR] - > write_byte: [Motor ID: 4] [RxPacketError] Hardware error occurred. Check the error at Control Table (Hardware Error Status)!
[2024-09-19 22:34:07,043][root][ERROR] - > write_byte: [Motor ID: 5] [RxPacketError] Hardware error occurred. Check the error at Control Table (Hardware Error Status)!
[2024-09-19 22:34:07,059][root][ERROR] - > write_byte: [Motor ID: 6] [RxPacketError] Hardware error occurred. Check the error at Control Table (Hardware Error Status)!
[2024-09-19 22:34:07,075][root][ERROR] - > write_byte: [Motor ID: 7] [RxPacketError] Hardware error occurred. Check the error at Control Table (Hardware Error Status)!
[2024-09-19 22:34:07,091][root][ERROR] - > write_byte: [Motor ID: 8] [RxPacketError] Hardware error occurred. Check the error at Control Table (Hardware Error Status)!
[2024-09-19 22:34:07,107][root][ERROR] - > write_byte: [Motor ID: 9] [RxPacketError] Hardware error occurred. Check the error at Control Table (Hardware Error Status)!
[2024-09-19 22:34:07,123][root][ERROR] - > write_byte: [Motor ID: 10] [RxPacketError] Hardware error occurred. Check the error at Control Table (Hardware Error Status)!
[2024-09-19 22:34:07,139][root][ERROR] - > write_byte: [Motor ID: 11] [RxPacketError] Hardware error occurred. Check the error at Control Table (Hardware Error Status)!
[2024-09-19 22:34:07,155][root][ERROR] - > write_byte: [Motor ID: 12] [RxPacketError] Hardware error occurred. Check the error at Control Table (Hardware Error Status)!
[2024-09-19 22:34:07,171][root][ERROR] - > write_byte: [Motor ID: 13] [RxPacketError] Hardware error occurred. Check the error at Control Table (Hardware Error Status)!
[2024-09-19 22:34:07,187][root][ERROR] - > write_byte: [Motor ID: 14] [RxPacketError] Hardware error occurred. Check the error at Control Table (Hardware Error Status)!
[2024-09-19 22:34:07,203][root][ERROR] - > write_byte: [Motor ID: 15] [RxPacketError] Hardware error occurred. Check the error at Control Table (Hardware Error Status)!
[2024-09-19 22:34:07,203][root][ERROR] - Could not set torque enabled for IDs: [0, 1, 3, 4, 5, 6, 7, 8, 9, 10, 11, 12, 13, 14, 15]
[2024-09-19 22:34:07,459][root][ERROR] - > write_byte: [Motor ID: 0] [RxPacketError] Hardware error occurred. Check the error at Control Table (Hardware Error Status)!
[2024-09-19 22:34:07,475][root][ERROR] - > write_byte: [Motor ID: 1] [RxPacketError] Hardware error occurred. Check the error at Control Table (Hardware Error Status)!
[2024-09-19 22:34:07,491][root][ERROR] - > write_byte: [Motor ID: 3] [RxPacketError] Hardware error occurred. Check the error at Control Table (Hardware Error Status)!
[2024-09-19 22:34:07,507][root][ERROR] - > write_byte: [Motor ID: 4] [RxPacketError] Hardware error occurred. Check the error at Control Table (Hardware Error Status)!
[2024-09-19 22:34:07,523][root][ERROR] - > write_byte: [Motor ID: 5] [RxPacketError] Hardware error occurred. Check the error at Control Table (Hardware Error Status)!
[2024-09-19 22:34:07,540][root][ERROR] - > write_byte: [Motor ID: 6] [RxPacketError] Hardware error occurred. Check the error at Control Table (Hardware Error Status)!
[2024-09-19 22:34:07,555][root][ERROR] - > write_byte: [Motor ID: 7] [RxPacketError] Hardware error occurred. Check the error at Control Table (Hardware Error Status)!
[2024-09-19 22:34:07,571][root][ERROR] - > write_byte: [Motor ID: 8] [RxPacketError] Hardware error occurred. Check the error at Control Table (Hardware Error Status)!
[2024-09-19 22:34:07,587][root][ERROR] - > write_byte: [Motor ID: 9] [RxPacketError] Hardware error occurred. Check the error at Control Table (Hardware Error Status)!
[2024-09-19 22:34:07,603][root][ERROR] - > write_byte: [Motor ID: 10] [RxPacketError] Hardware error occurred. Check the error at Control Table (Hardware Error Status)!
[2024-09-19 22:34:07,619][root][ERROR] - > write_byte: [Motor ID: 11] [RxPacketError] Hardware error occurred. Check the error at Control Table (Hardware Error Status)!
[2024-09-19 22:34:07,635][root][ERROR] - > write_byte: [Motor ID: 12] [RxPacketError] Hardware error occurred. Check the error at Control Table (Hardware Error Status)!
[2024-09-19 22:34:07,651][root][ERROR] - > write_byte: [Motor ID: 13] [RxPacketError] Hardware error occurred. Check the error at Control Table (Hardware Error Status)!
[2024-09-19 22:34:07,667][root][ERROR] - > write_byte: [Motor ID: 14] [RxPacketError] Hardware error occurred. Check the error at Control Table (Hardware Error Status)!
[2024-09-19 22:34:07,683][root][ERROR] - > write_byte: [Motor ID: 15] [RxPacketError] Hardware error occurred. Check the error at Control Table (Hardware Error Status)!
[2024-09-19 22:34:07,683][root][ERROR] - Could not set torque enabled for IDs: [0, 1, 3, 4, 5, 6, 7, 8, 9, 10, 11, 12, 13, 14, 15]
[2024-09-19 22:34:07,939][root][ERROR] - > write_byte: [Motor ID: 0] [RxPacketError] Hardware error occurred. Check the error at Control Table (Hardware Error Status)!
[2024-09-19 22:34:07,956][root][ERROR] - > write_byte: [Motor ID: 1] [RxPacketError] Hardware error occurred. Check the error at Control Table (Hardware Error Status)!
[2024-09-19 22:34:07,972][root][ERROR] - > write_byte: [Motor ID: 3] [RxPacketError] Hardware error occurred. Check the error at Control Table (Hardware Error Status)!
[2024-09-19 22:34:07,988][root][ERROR] - > write_byte: [Motor ID: 4] [RxPacketError] Hardware error occurred. Check the error at Control Table (Hardware Error Status)!
[2024-09-19 22:34:08,003][root][ERROR] - > write_byte: [Motor ID: 5] [RxPacketError] Hardware error occurred. Check the error at Control Table (Hardware Error Status)!
[2024-09-19 22:34:08,019][root][ERROR] - > write_byte: [Motor ID: 6] [RxPacketError] Hardware error occurred. Check the error at Control Table (Hardware Error Status)!
[2024-09-19 22:34:08,035][root][ERROR] - > write_byte: [Motor ID: 7] [RxPacketError] Hardware error occurred. Check the error at Control Table (Hardware Error Status)!
[2024-09-19 22:34:08,052][root][ERROR] - > write_byte: [Motor ID: 8] [RxPacketError] Hardware error occurred. Check the error at Control Table (Hardware Error Status)!
[2024-09-19 22:34:08,068][root][ERROR] - > write_byte: [Motor ID: 9] [RxPacketError] Hardware error occurred. Check the error at Control Table (Hardware Error Status)!
[2024-09-19 22:34:08,084][root][ERROR] - > write_byte: [Motor ID: 10] [RxPacketError] Hardware error occurred. Check the error at Control Table (Hardware Error Status)!
[2024-09-19 22:34:08,100][root][ERROR] - > write_byte: [Motor ID: 11] [RxPacketError] Hardware error occurred. Check the error at Control Table (Hardware Error Status)!
[2024-09-19 22:34:08,116][root][ERROR] - > write_byte: [Motor ID: 12] [RxPacketError] Hardware error occurred. Check the error at Control Table (Hardware Error Status)!
[2024-09-19 22:34:08,131][root][ERROR] - > write_byte: [Motor ID: 13] [RxPacketError] Hardware error occurred. Check the error at Control Table (Hardware Error Status)!
[2024-09-19 22:34:08,148][root][ERROR] - > write_byte: [Motor ID: 14] [RxPacketError] Hardware error occurred. Check the error at Control Table (Hardware Error Status)!
[2024-09-19 22:34:08,163][root][ERROR] - > write_byte: [Motor ID: 15] [RxPacketError] Hardware error occurred. Check the error at Control Table (Hardware Error Status)!
[2024-09-19 22:34:08,163][root][ERROR] - Could not set torque enabled for IDs: [0, 1, 3, 4, 5, 6, 7, 8, 9, 10, 11, 12, 13, 14, 15]
[2024-09-19 22:34:08,419][root][ERROR] - > write_byte: [Motor ID: 0] [RxPacketError] Hardware error occurred. Check the error at Control Table (Hardware Error Status)!
[2024-09-19 22:34:08,436][root][ERROR] - > write_byte: [Motor ID: 1] [RxPacketError] Hardware error occurred. Check the error at Control Table (Hardware Error Status)!
[2024-09-19 22:34:08,452][root][ERROR] - > write_byte: [Motor ID: 3] [RxPacketError] Hardware error occurred. Check the error at Control Table (Hardware Error Status)!
[2024-09-19 22:34:08,467][root][ERROR] - > write_byte: [Motor ID: 4] [RxPacketError] Hardware error occurred. Check the error at Control Table (Hardware Error Status)!
[2024-09-19 22:34:08,483][root][ERROR] - > write_byte: [Motor ID: 5] [RxPacketError] Hardware error occurred. Check the error at Control Table (Hardware Error Status)!
[2024-09-19 22:34:08,500][root][ERROR] - > write_byte: [Motor ID: 6] [RxPacketError] Hardware error occurred. Check the error at Control Table (Hardware Error Status)!
[2024-09-19 22:34:08,516][root][ERROR] - > write_byte: [Motor ID: 7] [RxPacketError] Hardware error occurred. Check the error at Control Table (Hardware Error Status)!
[2024-09-19 22:34:08,532][root][ERROR] - > write_byte: [Motor ID: 8] [RxPacketError] Hardware error occurred. Check the error at Control Table (Hardware Error Status)!
[2024-09-19 22:34:08,547][root][ERROR] - > write_byte: [Motor ID: 9] [RxPacketError] Hardware error occurred. Check the error at Control Table (Hardware Error Status)!
[2024-09-19 22:34:08,563][root][ERROR] - > write_byte: [Motor ID: 10] [RxPacketError] Hardware error occurred. Check the error at Control Table (Hardware Error Status)!
[2024-09-19 22:34:08,580][root][ERROR] - > write_byte: [Motor ID: 11] [RxPacketError] Hardware error occurred. Check the error at Control Table (Hardware Error Status)!
[2024-09-19 22:34:08,595][root][ERROR] - > write_byte: [Motor ID: 12] [RxPacketError] Hardware error occurred. Check the error at Control Table (Hardware Error Status)!
[2024-09-19 22:34:08,611][root][ERROR] - > write_byte: [Motor ID: 13] [RxPacketError] Hardware error occurred. Check the error at Control Table (Hardware Error Status)!
[2024-09-19 22:34:08,628][root][ERROR] - > write_byte: [Motor ID: 14] [RxPacketError] Hardware error occurred. Check the error at Control Table (Hardware Error Status)!
[2024-09-19 22:34:08,643][root][ERROR] - > write_byte: [Motor ID: 15] [RxPacketError] Hardware error occurred. Check the error at Control Table (Hardware Error Status)!
[2024-09-19 22:34:08,644][root][ERROR] - Could not set torque enabled for IDs: [0, 1, 3, 4, 5, 6, 7, 8, 9, 10, 11, 12, 13, 14, 15]
[2024-09-19 22:34:08,899][root][ERROR] - > write_byte: [Motor ID: 0] [RxPacketError] Hardware error occurred. Check the error at Control Table (Hardware Error Status)!
[2024-09-19 22:34:08,915][root][ERROR] - > write_byte: [Motor ID: 1] [RxPacketError] Hardware error occurred. Check the error at Control Table (Hardware Error Status)!
[2024-09-19 22:34:08,931][root][ERROR] - > write_byte: [Motor ID: 3] [RxPacketError] Hardware error occurred. Check the error at Control Table (Hardware Error Status)!
[2024-09-19 22:34:08,947][root][ERROR] - > write_byte: [Motor ID: 4] [RxPacketError] Hardware error occurred. Check the error at Control Table (Hardware Error Status)!
[2024-09-19 22:34:08,963][root][ERROR] - > write_byte: [Motor ID: 5] [RxPacketError] Hardware error occurred. Check the error at Control Table (Hardware Error Status)!
[2024-09-19 22:34:08,979][root][ERROR] - > write_byte: [Motor ID: 6] [RxPacketError] Hardware error occurred. Check the error at Control Table (Hardware Error Status)!
[2024-09-19 22:34:08,995][root][ERROR] - > write_byte: [Motor ID: 7] [RxPacketError] Hardware error occurred. Check the error at Control Table (Hardware Error Status)!
[2024-09-19 22:34:09,011][root][ERROR] - > write_byte: [Motor ID: 8] [RxPacketError] Hardware error occurred. Check the error at Control Table (Hardware Error Status)!
[2024-09-19 22:34:09,027][root][ERROR] - > write_byte: [Motor ID: 9] [RxPacketError] Hardware error occurred. Check the error at Control Table (Hardware Error Status)!
[2024-09-19 22:34:09,043][root][ERROR] - > write_byte: [Motor ID: 10] [RxPacketError] Hardware error occurred. Check the error at Control Table (Hardware Error Status)!
[2024-09-19 22:34:09,059][root][ERROR] - > write_byte: [Motor ID: 11] [RxPacketError] Hardware error occurred. Check the error at Control Table (Hardware Error Status)!
[2024-09-19 22:34:09,075][root][ERROR] - > write_byte: [Motor ID: 12] [RxPacketError] Hardware error occurred. Check the error at Control Table (Hardware Error Status)!
[2024-09-19 22:34:09,091][root][ERROR] - > write_byte: [Motor ID: 13] [RxPacketError] Hardware error occurred. Check the error at Control Table (Hardware Error Status)!
[2024-09-19 22:34:09,107][root][ERROR] - > write_byte: [Motor ID: 14] [RxPacketError] Hardware error occurred. Check the error at Control Table (Hardware Error Status)!
[2024-09-19 22:34:09,123][root][ERROR] - > write_byte: [Motor ID: 15] [RxPacketError] Hardware error occurred. Check the error at Control Table (Hardware Error Status)!
[2024-09-19 22:34:09,123][root][ERROR] - Could not set torque enabled for IDs: [0, 1, 3, 4, 5, 6, 7, 8, 9, 10, 11, 12, 13, 14, 15]
[2024-09-19 22:34:09,379][root][ERROR] - > write_byte: [Motor ID: 0] [RxPacketError] Hardware error occurred. Check the error at Control Table (Hardware Error Status)!
[2024-09-19 22:34:09,395][root][ERROR] - > write_byte: [Motor ID: 1] [RxPacketError] Hardware error occurred. Check the error at Control Table (Hardware Error Status)!
[2024-09-19 22:34:09,411][root][ERROR] - > write_byte: [Motor ID: 3] [RxPacketError] Hardware error occurred. Check the error at Control Table (Hardware Error Status)!
[2024-09-19 22:34:09,427][root][ERROR] - > write_byte: [Motor ID: 4] [RxPacketError] Hardware error occurred. Check the error at Control Table (Hardware Error Status)!
[2024-09-19 22:34:09,443][root][ERROR] - > write_byte: [Motor ID: 5] [RxPacketError] Hardware error occurred. Check the error at Control Table (Hardware Error Status)!
[2024-09-19 22:34:09,459][root][ERROR] - > write_byte: [Motor ID: 6] [RxPacketError] Hardware error occurred. Check the error at Control Table (Hardware Error Status)!
[2024-09-19 22:34:09,475][root][ERROR] - > write_byte: [Motor ID: 7] [RxPacketError] Hardware error occurred. Check the error at Control Table (Hardware Error Status)!
[2024-09-19 22:34:09,491][root][ERROR] - > write_byte: [Motor ID: 8] [RxPacketError] Hardware error occurred. Check the error at Control Table (Hardware Error Status)!
[2024-09-19 22:34:09,507][root][ERROR] - > write_byte: [Motor ID: 9] [RxPacketError] Hardware error occurred. Check the error at Control Table (Hardware Error Status)!
[2024-09-19 22:34:09,523][root][ERROR] - > write_byte: [Motor ID: 10] [RxPacketError] Hardware error occurred. Check the error at Control Table (Hardware Error Status)!
[2024-09-19 22:34:09,539][root][ERROR] - > write_byte: [Motor ID: 11] [RxPacketError] Hardware error occurred. Check the error at Control Table (Hardware Error Status)!
[2024-09-19 22:34:09,555][root][ERROR] - > write_byte: [Motor ID: 12] [RxPacketError] Hardware error occurred. Check the error at Control Table (Hardware Error Status)!
[2024-09-19 22:34:09,571][root][ERROR] - > write_byte: [Motor ID: 13] [RxPacketError] Hardware error occurred. Check the error at Control Table (Hardware Error Status)!
[2024-09-19 22:34:09,587][root][ERROR] - > write_byte: [Motor ID: 14] [RxPacketError] Hardware error occurred. Check the error at Control Table (Hardware Error Status)!
[2024-09-19 22:34:09,603][root][ERROR] - > write_byte: [Motor ID: 15] [RxPacketError] Hardware error occurred. Check the error at Control Table (Hardware Error Status)!
[2024-09-19 22:34:09,603][root][ERROR] - Could not set torque enabled for IDs: [0, 1, 3, 4, 5, 6, 7, 8, 9, 10, 11, 12, 13, 14, 15]
[2024-09-19 22:34:09,859][root][ERROR] - > write_byte: [Motor ID: 0] [RxPacketError] Hardware error occurred. Check the error at Control Table (Hardware Error Status)!
[2024-09-19 22:34:09,875][root][ERROR] - > write_byte: [Motor ID: 1] [RxPacketError] Hardware error occurred. Check the error at Control Table (Hardware Error Status)!
[2024-09-19 22:34:09,891][root][ERROR] - > write_byte: [Motor ID: 3] [RxPacketError] Hardware error occurred. Check the error at Control Table (Hardware Error Status)!
[2024-09-19 22:34:09,907][root][ERROR] - > write_byte: [Motor ID: 4] [RxPacketError] Hardware error occurred. Check the error at Control Table (Hardware Error Status)!
[2024-09-19 22:34:09,923][root][ERROR] - > write_byte: [Motor ID: 5] [RxPacketError] Hardware error occurred. Check the error at Control Table (Hardware Error Status)!
[2024-09-19 22:34:09,939][root][ERROR] - > write_byte: [Motor ID: 6] [RxPacketError] Hardware error occurred. Check the error at Control Table (Hardware Error Status)!
[2024-09-19 22:34:09,955][root][ERROR] - > write_byte: [Motor ID: 7] [RxPacketError] Hardware error occurred. Check the error at Control Table (Hardware Error Status)!
[2024-09-19 22:34:09,971][root][ERROR] - > write_byte: [Motor ID: 8] [RxPacketError] Hardware error occurred. Check the error at Control Table (Hardware Error Status)!
[2024-09-19 22:34:09,987][root][ERROR] - > write_byte: [Motor ID: 9] [RxPacketError] Hardware error occurred. Check the error at Control Table (Hardware Error Status)!
[2024-09-19 22:34:10,003][root][ERROR] - > write_byte: [Motor ID: 10] [RxPacketError] Hardware error occurred. Check the error at Control Table (Hardware Error Status)!
[2024-09-19 22:34:10,019][root][ERROR] - > write_byte: [Motor ID: 11] [RxPacketError] Hardware error occurred. Check the error at Control Table (Hardware Error Status)!
[2024-09-19 22:34:10,035][root][ERROR] - > write_byte: [Motor ID: 12] [RxPacketError] Hardware error occurred. Check the error at Control Table (Hardware Error Status)!
[2024-09-19 22:34:10,051][root][ERROR] - > write_byte: [Motor ID: 13] [RxPacketError] Hardware error occurred. Check the error at Control Table (Hardware Error Status)!
[2024-09-19 22:34:10,067][root][ERROR] - > write_byte: [Motor ID: 14] [RxPacketError] Hardware error occurred. Check the error at Control Table (Hardware Error Status)!
[2024-09-19 22:34:10,083][root][ERROR] - > write_byte: [Motor ID: 15] [RxPacketError] Hardware error occurred. Check the error at Control Table (Hardware Error Status)!
[2024-09-19 22:34:10,083][root][ERROR] - Could not set torque enabled for IDs: [0, 1, 3, 4, 5, 6, 7, 8, 9, 10, 11, 12, 13, 14, 15]
[2024-09-19 22:34:10,339][root][ERROR] - > write_byte: [Motor ID: 0] [RxPacketError] Hardware error occurred. Check the error at Control Table (Hardware Error Status)!
[2024-09-19 22:34:10,355][root][ERROR] - > write_byte: [Motor ID: 1] [RxPacketError] Hardware error occurred. Check the error at Control Table (Hardware Error Status)!
[2024-09-19 22:34:10,371][root][ERROR] - > write_byte: [Motor ID: 3] [RxPacketError] Hardware error occurred. Check the error at Control Table (Hardware Error Status)!
[2024-09-19 22:34:10,387][root][ERROR] - > write_byte: [Motor ID: 4] [RxPacketError] Hardware error occurred. Check the error at Control Table (Hardware Error Status)!
[2024-09-19 22:34:10,403][root][ERROR] - > write_byte: [Motor ID: 5] [RxPacketError] Hardware error occurred. Check the error at Control Table (Hardware Error Status)!
[2024-09-19 22:34:10,419][root][ERROR] - > write_byte: [Motor ID: 6] [RxPacketError] Hardware error occurred. Check the error at Control Table (Hardware Error Status)!
[2024-09-19 22:34:10,435][root][ERROR] - > write_byte: [Motor ID: 7] [RxPacketError] Hardware error occurred. Check the error at Control Table (Hardware Error Status)!
[2024-09-19 22:34:10,451][root][ERROR] - > write_byte: [Motor ID: 8] [RxPacketError] Hardware error occurred. Check the error at Control Table (Hardware Error Status)!
[2024-09-19 22:34:10,467][root][ERROR] - > write_byte: [Motor ID: 9] [RxPacketError] Hardware error occurred. Check the error at Control Table (Hardware Error Status)!
[2024-09-19 22:34:10,483][root][ERROR] - > write_byte: [Motor ID: 10] [RxPacketError] Hardware error occurred. Check the error at Control Table (Hardware Error Status)!
[2024-09-19 22:34:10,499][root][ERROR] - > write_byte: [Motor ID: 11] [RxPacketError] Hardware error occurred. Check the error at Control Table (Hardware Error Status)!
[2024-09-19 22:34:10,515][root][ERROR] - > write_byte: [Motor ID: 12] [RxPacketError] Hardware error occurred. Check the error at Control Table (Hardware Error Status)!
[2024-09-19 22:34:10,531][root][ERROR] - > write_byte: [Motor ID: 13] [RxPacketError] Hardware error occurred. Check the error at Control Table (Hardware Error Status)!
[2024-09-19 22:34:10,547][root][ERROR] - > write_byte: [Motor ID: 14] [RxPacketError] Hardware error occurred. Check the error at Control Table (Hardware Error Status)!
[2024-09-19 22:34:10,563][root][ERROR] - > write_byte: [Motor ID: 15] [RxPacketError] Hardware error occurred. Check the error at Control Table (Hardware Error Status)!
[2024-09-19 22:34:10,563][root][ERROR] - Could not set torque enabled for IDs: [0, 1, 3, 4, 5, 6, 7, 8, 9, 10, 11, 12, 13, 14, 15]
[2024-09-19 22:34:10,819][root][ERROR] - > write_byte: [Motor ID: 0] [RxPacketError] Hardware error occurred. Check the error at Control Table (Hardware Error Status)!
[2024-09-19 22:34:10,835][root][ERROR] - > write_byte: [Motor ID: 1] [RxPacketError] Hardware error occurred. Check the error at Control Table (Hardware Error Status)!
[2024-09-19 22:34:10,851][root][ERROR] - > write_byte: [Motor ID: 3] [RxPacketError] Hardware error occurred. Check the error at Control Table (Hardware Error Status)!
[2024-09-19 22:34:10,867][root][ERROR] - > write_byte: [Motor ID: 4] [RxPacketError] Hardware error occurred. Check the error at Control Table (Hardware Error Status)!
[2024-09-19 22:34:10,883][root][ERROR] - > write_byte: [Motor ID: 5] [RxPacketError] Hardware error occurred. Check the error at Control Table (Hardware Error Status)!
[2024-09-19 22:34:10,899][root][ERROR] - > write_byte: [Motor ID: 6] [RxPacketError] Hardware error occurred. Check the error at Control Table (Hardware Error Status)!
[2024-09-19 22:34:10,915][root][ERROR] - > write_byte: [Motor ID: 7] [RxPacketError] Hardware error occurred. Check the error at Control Table (Hardware Error Status)!
[2024-09-19 22:34:10,931][root][ERROR] - > write_byte: [Motor ID: 8] [RxPacketError] Hardware error occurred. Check the error at Control Table (Hardware Error Status)!
[2024-09-19 22:34:10,947][root][ERROR] - > write_byte: [Motor ID: 9] [RxPacketError] Hardware error occurred. Check the error at Control Table (Hardware Error Status)!
[2024-09-19 22:34:10,963][root][ERROR] - > write_byte: [Motor ID: 10] [RxPacketError] Hardware error occurred. Check the error at Control Table (Hardware Error Status)!
[2024-09-19 22:34:10,979][root][ERROR] - > write_byte: [Motor ID: 11] [RxPacketError] Hardware error occurred. Check the error at Control Table (Hardware Error Status)!
[2024-09-19 22:34:10,995][root][ERROR] - > write_byte: [Motor ID: 12] [RxPacketError] Hardware error occurred. Check the error at Control Table (Hardware Error Status)!
[2024-09-19 22:34:11,011][root][ERROR] - > write_byte: [Motor ID: 13] [RxPacketError] Hardware error occurred. Check the error at Control Table (Hardware Error Status)!
[2024-09-19 22:34:11,027][root][ERROR] - > write_byte: [Motor ID: 14] [RxPacketError] Hardware error occurred. Check the error at Control Table (Hardware Error Status)!
[2024-09-19 22:34:11,043][root][ERROR] - > write_byte: [Motor ID: 15] [RxPacketError] Hardware error occurred. Check the error at Control Table (Hardware Error Status)!
[2024-09-19 22:34:11,043][root][ERROR] - Could not set torque enabled for IDs: [0, 1, 3, 4, 5, 6, 7, 8, 9, 10, 11, 12, 13, 14, 15]
[2024-09-19 22:34:11,299][root][ERROR] - > write_byte: [Motor ID: 0] [RxPacketError] Hardware error occurred. Check the error at Control Table (Hardware Error Status)!
[2024-09-19 22:34:11,315][root][ERROR] - > write_byte: [Motor ID: 1] [RxPacketError] Hardware error occurred. Check the error at Control Table (Hardware Error Status)!
[2024-09-19 22:34:11,331][root][ERROR] - > write_byte: [Motor ID: 3] [RxPacketError] Hardware error occurred. Check the error at Control Table (Hardware Error Status)!
[2024-09-19 22:34:11,347][root][ERROR] - > write_byte: [Motor ID: 4] [RxPacketError] Hardware error occurred. Check the error at Control Table (Hardware Error Status)!
[2024-09-19 22:34:11,363][root][ERROR] - > write_byte: [Motor ID: 5] [RxPacketError] Hardware error occurred. Check the error at Control Table (Hardware Error Status)!
[2024-09-19 22:34:11,379][root][ERROR] - > write_byte: [Motor ID: 6] [RxPacketError] Hardware error occurred. Check the error at Control Table (Hardware Error Status)!
[2024-09-19 22:34:11,395][root][ERROR] - > write_byte: [Motor ID: 7] [RxPacketError] Hardware error occurred. Check the error at Control Table (Hardware Error Status)!
[2024-09-19 22:34:11,411][root][ERROR] - > write_byte: [Motor ID: 8] [RxPacketError] Hardware error occurred. Check the error at Control Table (Hardware Error Status)!
[2024-09-19 22:34:11,427][root][ERROR] - > write_byte: [Motor ID: 9] [RxPacketError] Hardware error occurred. Check the error at Control Table (Hardware Error Status)!
[2024-09-19 22:34:11,443][root][ERROR] - > write_byte: [Motor ID: 10] [RxPacketError] Hardware error occurred. Check the error at Control Table (Hardware Error Status)!
[2024-09-19 22:34:11,459][root][ERROR] - > write_byte: [Motor ID: 11] [RxPacketError] Hardware error occurred. Check the error at Control Table (Hardware Error Status)!
[2024-09-19 22:34:11,475][root][ERROR] - > write_byte: [Motor ID: 12] [RxPacketError] Hardware error occurred. Check the error at Control Table (Hardware Error Status)!
[2024-09-19 22:34:11,491][root][ERROR] - > write_byte: [Motor ID: 13] [RxPacketError] Hardware error occurred. Check the error at Control Table (Hardware Error Status)!
[2024-09-19 22:34:11,507][root][ERROR] - > write_byte: [Motor ID: 14] [RxPacketError] Hardware error occurred. Check the error at Control Table (Hardware Error Status)!
[2024-09-19 22:34:11,523][root][ERROR] - > write_byte: [Motor ID: 15] [RxPacketError] Hardware error occurred. Check the error at Control Table (Hardware Error Status)!
[2024-09-19 22:34:11,523][root][ERROR] - Could not set torque enabled for IDs: [0, 1, 3, 4, 5, 6, 7, 8, 9, 10, 11, 12, 13, 14, 15]
[2024-09-19 22:34:11,779][root][ERROR] - > write_byte: [Motor ID: 0] [RxPacketError] Hardware error occurred. Check the error at Control Table (Hardware Error Status)!
[2024-09-19 22:34:11,795][root][ERROR] - > write_byte: [Motor ID: 1] [RxPacketError] Hardware error occurred. Check the error at Control Table (Hardware Error Status)!
[2024-09-19 22:34:11,811][root][ERROR] - > write_byte: [Motor ID: 3] [RxPacketError] Hardware error occurred. Check the error at Control Table (Hardware Error Status)!
[2024-09-19 22:34:11,827][root][ERROR] - > write_byte: [Motor ID: 4] [RxPacketError] Hardware error occurred. Check the error at Control Table (Hardware Error Status)!
[2024-09-19 22:34:11,843][root][ERROR] - > write_byte: [Motor ID: 5] [RxPacketError] Hardware error occurred. Check the error at Control Table (Hardware Error Status)!
[2024-09-19 22:34:11,859][root][ERROR] - > write_byte: [Motor ID: 6] [RxPacketError] Hardware error occurred. Check the error at Control Table (Hardware Error Status)!
[2024-09-19 22:34:11,875][root][ERROR] - > write_byte: [Motor ID: 7] [RxPacketError] Hardware error occurred. Check the error at Control Table (Hardware Error Status)!
[2024-09-19 22:34:11,891][root][ERROR] - > write_byte: [Motor ID: 8] [RxPacketError] Hardware error occurred. Check the error at Control Table (Hardware Error Status)!
[2024-09-19 22:34:11,907][root][ERROR] - > write_byte: [Motor ID: 9] [RxPacketError] Hardware error occurred. Check the error at Control Table (Hardware Error Status)!
[2024-09-19 22:34:11,923][root][ERROR] - > write_byte: [Motor ID: 10] [RxPacketError] Hardware error occurred. Check the error at Control Table (Hardware Error Status)!
[2024-09-19 22:34:11,939][root][ERROR] - > write_byte: [Motor ID: 11] [RxPacketError] Hardware error occurred. Check the error at Control Table (Hardware Error Status)!
[2024-09-19 22:34:11,955][root][ERROR] - > write_byte: [Motor ID: 12] [RxPacketError] Hardware error occurred. Check the error at Control Table (Hardware Error Status)!
[2024-09-19 22:34:11,971][root][ERROR] - > write_byte: [Motor ID: 13] [RxPacketError] Hardware error occurred. Check the error at Control Table (Hardware Error Status)!
[2024-09-19 22:34:11,987][root][ERROR] - > write_byte: [Motor ID: 14] [RxPacketError] Hardware error occurred. Check the error at Control Table (Hardware Error Status)!
[2024-09-19 22:34:12,003][root][ERROR] - > write_byte: [Motor ID: 15] [RxPacketError] Hardware error occurred. Check the error at Control Table (Hardware Error Status)!
[2024-09-19 22:34:12,003][root][ERROR] - Could not set torque enabled for IDs: [0, 1, 3, 4, 5, 6, 7, 8, 9, 10, 11, 12, 13, 14, 15]
[2024-09-19 22:34:12,288][root][ERROR] - > write_byte: [Motor ID: 0] [TxRxResult] There is no status packet!
[2024-09-19 22:34:12,322][root][ERROR] - > write_byte: [Motor ID: 1] [TxRxResult] There is no status packet!
[2024-09-19 22:34:12,356][root][ERROR] - > write_byte: [Motor ID: 3] [TxRxResult] There is no status packet!
[2024-09-19 22:34:12,391][root][ERROR] - > write_byte: [Motor ID: 4] [TxRxResult] There is no status packet!
[2024-09-19 22:34:12,425][root][ERROR] - > write_byte: [Motor ID: 5] [TxRxResult] There is no status packet!
[2024-09-19 22:34:12,459][root][ERROR] - > write_byte: [Motor ID: 6] [TxRxResult] There is no status packet!
[2024-09-19 22:34:12,493][root][ERROR] - > write_byte: [Motor ID: 7] [TxRxResult] There is no status packet!
[2024-09-19 22:34:12,527][root][ERROR] - > write_byte: [Motor ID: 8] [TxRxResult] There is no status packet!
[2024-09-19 22:34:12,561][root][ERROR] - > write_byte: [Motor ID: 9] [TxRxResult] There is no status packet!
[2024-09-19 22:34:12,595][root][ERROR] - > write_byte: [Motor ID: 10] [TxRxResult] There is no status packet!
[2024-09-19 22:34:12,629][root][ERROR] - > write_byte: [Motor ID: 11] [TxRxResult] There is no status packet!
[2024-09-19 22:34:12,664][root][ERROR] - > write_byte: [Motor ID: 12] [TxRxResult] There is no status packet!
[2024-09-19 22:34:12,698][root][ERROR] - > write_byte: [Motor ID: 13] [TxRxResult] There is no status packet!
[2024-09-19 22:34:12,732][root][ERROR] - > write_byte: [Motor ID: 14] [TxRxResult] There is no status packet!
[2024-09-19 22:34:12,766][root][ERROR] - > write_byte: [Motor ID: 15] [TxRxResult] There is no status packet!
[2024-09-19 22:34:12,766][root][ERROR] - Could not set torque enabled for IDs: [0, 1, 3, 4, 5, 6, 7, 8, 9, 10, 11, 12, 13, 14, 15]
[2024-09-19 22:34:13,051][root][ERROR] - > write_byte: [Motor ID: 0] [TxRxResult] There is no status packet!
[2024-09-19 22:34:13,085][root][ERROR] - > write_byte: [Motor ID: 1] [TxRxResult] There is no status packet!
[2024-09-19 22:34:13,119][root][ERROR] - > write_byte: [Motor ID: 3] [TxRxResult] There is no status packet!
[2024-09-19 22:34:13,153][root][ERROR] - > write_byte: [Motor ID: 4] [TxRxResult] There is no status packet!
[2024-09-19 22:34:13,188][root][ERROR] - > write_byte: [Motor ID: 5] [TxRxResult] There is no status packet!
[2024-09-19 22:34:13,222][root][ERROR] - > write_byte: [Motor ID: 6] [TxRxResult] There is no status packet!
[2024-09-19 22:34:13,256][root][ERROR] - > write_byte: [Motor ID: 7] [TxRxResult] There is no status packet!
[2024-09-19 22:34:13,290][root][ERROR] - > write_byte: [Motor ID: 8] [TxRxResult] There is no status packet!
[2024-09-19 22:34:13,324][root][ERROR] - > write_byte: [Motor ID: 9] [TxRxResult] There is no status packet!
[2024-09-19 22:34:13,358][root][ERROR] - > write_byte: [Motor ID: 10] [TxRxResult] There is no status packet!
[2024-09-19 22:34:13,393][root][ERROR] - > write_byte: [Motor ID: 11] [TxRxResult] There is no status packet!
[2024-09-19 22:34:13,427][root][ERROR] - > write_byte: [Motor ID: 12] [TxRxResult] There is no status packet!
[2024-09-19 22:34:13,461][root][ERROR] - > write_byte: [Motor ID: 13] [TxRxResult] There is no status packet!
[2024-09-19 22:34:13,495][root][ERROR] - > write_byte: [Motor ID: 14] [TxRxResult] There is no status packet!
[2024-09-19 22:34:13,529][root][ERROR] - > write_byte: [Motor ID: 15] [TxRxResult] There is no status packet!
[2024-09-19 22:34:13,529][root][ERROR] - Could not set torque enabled for IDs: [0, 1, 3, 4, 5, 6, 7, 8, 9, 10, 11, 12, 13, 14, 15]
[2024-09-19 22:34:13,814][root][ERROR] - > write_byte: [Motor ID: 0] [TxRxResult] There is no status packet!
[2024-09-19 22:34:13,848][root][ERROR] - > write_byte: [Motor ID: 1] [TxRxResult] There is no status packet!
[2024-09-19 22:34:13,882][root][ERROR] - > write_byte: [Motor ID: 3] [TxRxResult] There is no status packet!
[2024-09-19 22:34:13,917][root][ERROR] - > write_byte: [Motor ID: 4] [TxRxResult] There is no status packet!
[2024-09-19 22:34:13,951][root][ERROR] - > write_byte: [Motor ID: 5] [TxRxResult] There is no status packet!
[2024-09-19 22:34:13,985][root][ERROR] - > write_byte: [Motor ID: 6] [TxRxResult] There is no status packet!
[2024-09-19 22:34:14,019][root][ERROR] - > write_byte: [Motor ID: 7] [TxRxResult] There is no status packet!
[2024-09-19 22:34:14,054][root][ERROR] - > write_byte: [Motor ID: 8] [TxRxResult] There is no status packet!
[2024-09-19 22:34:14,088][root][ERROR] - > write_byte: [Motor ID: 9] [TxRxResult] There is no status packet!
[2024-09-19 22:34:14,122][root][ERROR] - > write_byte: [Motor ID: 10] [TxRxResult] There is no status packet!
[2024-09-19 22:34:14,156][root][ERROR] - > write_byte: [Motor ID: 11] [TxRxResult] There is no status packet!
[2024-09-19 22:34:14,190][root][ERROR] - > write_byte: [Motor ID: 12] [TxRxResult] There is no status packet!
[2024-09-19 22:34:14,224][root][ERROR] - > write_byte: [Motor ID: 13] [TxRxResult] There is no status packet!
[2024-09-19 22:34:14,258][root][ERROR] - > write_byte: [Motor ID: 14] [TxRxResult] There is no status packet!
[2024-09-19 22:34:14,293][root][ERROR] - > write_byte: [Motor ID: 15] [TxRxResult] There is no status packet!
[2024-09-19 22:34:14,293][root][ERROR] - Could not set torque enabled for IDs: [0, 1, 3, 4, 5, 6, 7, 8, 9, 10, 11, 12, 13, 14, 15]
[2024-09-19 22:34:14,577][root][ERROR] - > write_byte: [Motor ID: 0] [TxRxResult] There is no status packet!
[2024-09-19 22:34:14,612][root][ERROR] - > write_byte: [Motor ID: 1] [TxRxResult] There is no status packet!
[2024-09-19 22:34:14,646][root][ERROR] - > write_byte: [Motor ID: 3] [TxRxResult] There is no status packet!
[2024-09-19 22:34:14,680][root][ERROR] - > write_byte: [Motor ID: 4] [TxRxResult] There is no status packet!
[2024-09-19 22:34:14,715][root][ERROR] - > write_byte: [Motor ID: 5] [TxRxResult] There is no status packet!
[2024-09-19 22:34:14,749][root][ERROR] - > write_byte: [Motor ID: 6] [TxRxResult] There is no status packet!
[2024-09-19 22:34:14,783][root][ERROR] - > write_byte: [Motor ID: 7] [TxRxResult] There is no status packet!
[2024-09-19 22:34:14,817][root][ERROR] - > write_byte: [Motor ID: 8] [TxRxResult] There is no status packet!
[2024-09-19 22:34:14,851][root][ERROR] - > write_byte: [Motor ID: 9] [TxRxResult] There is no status packet!
[2024-09-19 22:34:14,885][root][ERROR] - > write_byte: [Motor ID: 10] [TxRxResult] There is no status packet!
[2024-09-19 22:34:14,919][root][ERROR] - > write_byte: [Motor ID: 11] [TxRxResult] There is no status packet!
[2024-09-19 22:34:14,954][root][ERROR] - > write_byte: [Motor ID: 12] [TxRxResult] There is no status packet!
[2024-09-19 22:34:14,988][root][ERROR] - > write_byte: [Motor ID: 13] [TxRxResult] There is no status packet!
[2024-09-19 22:34:15,022][root][ERROR] - > write_byte: [Motor ID: 14] [TxRxResult] There is no status packet!
[2024-09-19 22:34:15,056][root][ERROR] - > write_byte: [Motor ID: 15] [TxRxResult] There is no status packet!
[2024-09-19 22:34:15,056][root][ERROR] - Could not set torque enabled for IDs: [0, 1, 3, 4, 5, 6, 7, 8, 9, 10, 11, 12, 13, 14, 15]
[2024-09-19 22:34:15,341][root][ERROR] - > write_byte: [Motor ID: 0] [TxRxResult] There is no status packet!
[2024-09-19 22:34:15,375][root][ERROR] - > write_byte: [Motor ID: 1] [TxRxResult] There is no status packet!
[2024-09-19 22:34:15,409][root][ERROR] - > write_byte: [Motor ID: 3] [TxRxResult] There is no status packet!
[2024-09-19 22:34:15,444][root][ERROR] - > write_byte: [Motor ID: 4] [TxRxResult] There is no status packet!
[2024-09-19 22:34:15,478][root][ERROR] - > write_byte: [Motor ID: 5] [TxRxResult] There is no status packet!
[2024-09-19 22:34:15,512][root][ERROR] - > write_byte: [Motor ID: 6] [TxRxResult] There is no status packet!
[2024-09-19 22:34:15,547][root][ERROR] - > write_byte: [Motor ID: 7] [TxRxResult] There is no status packet!
[2024-09-19 22:34:15,581][root][ERROR] - > write_byte: [Motor ID: 8] [TxRxResult] There is no status packet!
[2024-09-19 22:34:15,615][root][ERROR] - > write_byte: [Motor ID: 9] [TxRxResult] There is no status packet!
[2024-09-19 22:34:15,650][root][ERROR] - > write_byte: [Motor ID: 10] [TxRxResult] There is no status packet!
[2024-09-19 22:34:15,684][root][ERROR] - > write_byte: [Motor ID: 11] [TxRxResult] There is no status packet!
[2024-09-19 22:34:15,718][root][ERROR] - > write_byte: [Motor ID: 12] [TxRxResult] There is no status packet!
[2024-09-19 22:34:15,753][root][ERROR] - > write_byte: [Motor ID: 13] [TxRxResult] There is no status packet!
[2024-09-19 22:34:15,787][root][ERROR] - > write_byte: [Motor ID: 14] [TxRxResult] There is no status packet!
[2024-09-19 22:34:15,821][root][ERROR] - > write_byte: [Motor ID: 15] [TxRxResult] There is no status packet!
[2024-09-19 22:34:15,821][root][ERROR] - Could not set torque enabled for IDs: [0, 1, 3, 4, 5, 6, 7, 8, 9, 10, 11, 12, 13, 14, 15]
[2024-09-19 22:34:16,106][root][ERROR] - > write_byte: [Motor ID: 0] [TxRxResult] There is no status packet!
[2024-09-19 22:34:16,140][root][ERROR] - > write_byte: [Motor ID: 1] [TxRxResult] There is no status packet!
[2024-09-19 22:34:16,175][root][ERROR] - > write_byte: [Motor ID: 3] [TxRxResult] There is no status packet!
[2024-09-19 22:34:16,209][root][ERROR] - > write_byte: [Motor ID: 4] [TxRxResult] There is no status packet!
[2024-09-19 22:34:16,243][root][ERROR] - > write_byte: [Motor ID: 5] [TxRxResult] There is no status packet!
[2024-09-19 22:34:16,277][root][ERROR] - > write_byte: [Motor ID: 6] [TxRxResult] There is no status packet!
[2024-09-19 22:34:16,311][root][ERROR] - > write_byte: [Motor ID: 7] [TxRxResult] There is no status packet!
[2024-09-19 22:34:16,346][root][ERROR] - > write_byte: [Motor ID: 8] [TxRxResult] There is no status packet!
[2024-09-19 22:34:16,380][root][ERROR] - > write_byte: [Motor ID: 9] [TxRxResult] There is no status packet!
[2024-09-19 22:34:16,414][root][ERROR] - > write_byte: [Motor ID: 10] [TxRxResult] There is no status packet!
[2024-09-19 22:34:16,448][root][ERROR] - > write_byte: [Motor ID: 11] [TxRxResult] There is no status packet!
[2024-09-19 22:34:16,482][root][ERROR] - > write_byte: [Motor ID: 12] [TxRxResult] There is no status packet!
[2024-09-19 22:34:16,516][root][ERROR] - > write_byte: [Motor ID: 13] [TxRxResult] There is no status packet!
[2024-09-19 22:34:16,551][root][ERROR] - > write_byte: [Motor ID: 14] [TxRxResult] There is no status packet!
[2024-09-19 22:34:16,585][root][ERROR] - > write_byte: [Motor ID: 15] [TxRxResult] There is no status packet!
[2024-09-19 22:34:16,585][root][ERROR] - Could not set torque enabled for IDs: [0, 1, 3, 4, 5, 6, 7, 8, 9, 10, 11, 12, 13, 14, 15]
[2024-09-19 22:34:16,870][root][ERROR] - > write_byte: [Motor ID: 0] [TxRxResult] There is no status packet!
[2024-09-19 22:34:16,904][root][ERROR] - > write_byte: [Motor ID: 1] [TxRxResult] There is no status packet!
[2024-09-19 22:34:16,938][root][ERROR] - > write_byte: [Motor ID: 3] [TxRxResult] There is no status packet!
[2024-09-19 22:34:16,973][root][ERROR] - > write_byte: [Motor ID: 4] [TxRxResult] There is no status packet!
[2024-09-19 22:34:17,007][root][ERROR] - > write_byte: [Motor ID: 5] [TxRxResult] There is no status packet!
[2024-09-19 22:34:17,041][root][ERROR] - > write_byte: [Motor ID: 6] [TxRxResult] There is no status packet!
[2024-09-19 22:34:17,075][root][ERROR] - > write_byte: [Motor ID: 7] [TxRxResult] There is no status packet!
[2024-09-19 22:34:17,110][root][ERROR] - > write_byte: [Motor ID: 8] [TxRxResult] There is no status packet!
[2024-09-19 22:34:17,144][root][ERROR] - > write_byte: [Motor ID: 9] [TxRxResult] There is no status packet!
[2024-09-19 22:34:17,178][root][ERROR] - > write_byte: [Motor ID: 10] [TxRxResult] There is no status packet!
[2024-09-19 22:34:17,212][root][ERROR] - > write_byte: [Motor ID: 11] [TxRxResult] There is no status packet!
[2024-09-19 22:34:17,246][root][ERROR] - > write_byte: [Motor ID: 12] [TxRxResult] There is no status packet!
[2024-09-19 22:34:17,280][root][ERROR] - > write_byte: [Motor ID: 13] [TxRxResult] There is no status packet!
[2024-09-19 22:34:17,314][root][ERROR] - > write_byte: [Motor ID: 14] [TxRxResult] There is no status packet!
[2024-09-19 22:34:17,348][root][ERROR] - > write_byte: [Motor ID: 15] [TxRxResult] There is no status packet!
[2024-09-19 22:34:17,348][root][ERROR] - Could not set torque enabled for IDs: [0, 1, 3, 4, 5, 6, 7, 8, 9, 10, 11, 12, 13, 14, 15]
[2024-09-19 22:34:17,633][root][ERROR] - > write_byte: [Motor ID: 0] [TxRxResult] There is no status packet!
[2024-09-19 22:34:17,667][root][ERROR] - > write_byte: [Motor ID: 1] [TxRxResult] There is no status packet!
[2024-09-19 22:34:17,701][root][ERROR] - > write_byte: [Motor ID: 3] [TxRxResult] There is no status packet!
[2024-09-19 22:34:17,736][root][ERROR] - > write_byte: [Motor ID: 4] [TxRxResult] There is no status packet!
[2024-09-19 22:34:17,770][root][ERROR] - > write_byte: [Motor ID: 5] [TxRxResult] There is no status packet!
[2024-09-19 22:34:17,804][root][ERROR] - > write_byte: [Motor ID: 6] [TxRxResult] There is no status packet!
[2024-09-19 22:34:17,838][root][ERROR] - > write_byte: [Motor ID: 7] [TxRxResult] There is no status packet!
[2024-09-19 22:34:17,872][root][ERROR] - > write_byte: [Motor ID: 8] [TxRxResult] There is no status packet!
[2024-09-19 22:34:17,906][root][ERROR] - > write_byte: [Motor ID: 9] [TxRxResult] There is no status packet!
[2024-09-19 22:34:17,941][root][ERROR] - > write_byte: [Motor ID: 10] [TxRxResult] There is no status packet!
[2024-09-19 22:34:17,975][root][ERROR] - > write_byte: [Motor ID: 11] [TxRxResult] There is no status packet!
[2024-09-19 22:34:18,009][root][ERROR] - > write_byte: [Motor ID: 12] [TxRxResult] There is no status packet!
[2024-09-19 22:34:18,043][root][ERROR] - > write_byte: [Motor ID: 13] [TxRxResult] There is no status packet!
[2024-09-19 22:34:18,077][root][ERROR] - > write_byte: [Motor ID: 14] [TxRxResult] There is no status packet!
[2024-09-19 22:34:18,111][root][ERROR] - > write_byte: [Motor ID: 15] [TxRxResult] There is no status packet!
[2024-09-19 22:34:18,112][root][ERROR] - Could not set torque enabled for IDs: [0, 1, 3, 4, 5, 6, 7, 8, 9, 10, 11, 12, 13, 14, 15]
[2024-09-19 22:34:18,396][root][ERROR] - > write_byte: [Motor ID: 0] [TxRxResult] There is no status packet!
[2024-09-19 22:34:18,431][root][ERROR] - > write_byte: [Motor ID: 1] [TxRxResult] There is no status packet!
[2024-09-19 22:34:18,627][root][ERROR] - Could not set torque enabled for IDs: [0, 1]
