[2024-09-19 20:42:53,718][root][INFO] - self.cfg: 
 lr: 0.0001
c_in: 6
zfar: 'Infinity'
debug: null
n_view: 1
run_id: 3wy8qqex
use_BN: true
exp_name: 2024-01-11-20-02-45
n_epochs: 62
save_dir: /home/bowenw/debug/2024-01-11-20-02-45/
use_mask: false
loss_type: pairwise_valid
optimizer: adam
batch_size: 64
crop_ratio: 1.1
enable_amp: true
use_normal: false
max_num_key: null
warmup_step: -1
input_resize:
- 160
- 160
max_step_val: 1000
vis_interval: 1000
weight_decay: 0
normalize_xyz: true
resume_run_id: null
clip_grad_norm: 'Infinity'
lr_epoch_decay: 500
render_backend: nvdiffrast
train_num_pair: 5
lr_decay_epochs:
- 50
n_epochs_warmup: 1
make_pair_online: false
gradient_max_norm: 'Infinity'
max_step_per_epoch: 10000
n_rendering_workers: 1
save_epoch_interval: 100
n_dataloader_workers: 100
split_objects_across_gpus: true
ckpt_dir: FoundationPose/learning/training/../../weights/2024-01-11-20-02-45/model_best.pth

[2024-09-19 20:42:53,718][root][INFO] - self.h5_file:None
[2024-09-19 20:42:53,903][root][INFO] - Using pretrained model from FoundationPose/learning/training/../../weights/2024-01-11-20-02-45/model_best.pth
[2024-09-19 20:42:53,954][root][INFO] - init done
[2024-09-19 20:42:53,954][root][INFO] - welcome
[2024-09-19 20:42:53,957][root][INFO] - self.cfg: 
 lr: 0.0001
c_in: 6
zfar: .inf
debug: null
w_rot: 0.1
n_view: 1
run_id: null
use_BN: true
rot_rep: axis_angle
ckpt_dir: FoundationPose/learning/training/../../weights/2023-10-28-18-33-37/model_best.pth
exp_name: 2023-10-28-18-33-37
save_dir: /tmp/2023-10-28-18-33-37/
loss_type: l2
optimizer: adam
trans_rep: tracknet
batch_size: 64
crop_ratio: 1.2
use_normal: false
BN_momentum: 0.1
max_num_key: null
warmup_step: -1
input_resize:
- 160
- 160
max_step_val: 1000
normal_uint8: false
vis_interval: 1000
weight_decay: 0
n_max_objects: null
normalize_xyz: true
clip_grad_norm: 'Infinity'
rot_normalizer: 0.3490658503988659
trans_normalizer:
- 0.019999999552965164
- 0.019999999552965164
- 0.05000000074505806
max_step_per_epoch: 25000
val_epoch_interval: 10
n_dataloader_workers: 60
enable_amp: true
use_mask: false

[2024-09-19 20:42:53,957][root][INFO] - self.h5_file:
[2024-09-19 20:42:54,029][root][INFO] - Using pretrained model from FoundationPose/learning/training/../../weights/2023-10-28-18-33-37/model_best.pth
[2024-09-19 20:42:54,050][root][INFO] - init done
[2024-09-19 20:42:56,273][root][INFO] - self.diameter:0.14928191682314523, vox_size:0.0074640958411572615
[2024-09-19 20:42:56,288][root][INFO] - self.pts:torch.Size([912, 3])
[2024-09-19 20:42:57,183][root][INFO] - reset done
[2024-09-19 20:42:57,184][root][INFO] - cam_in_obs:(42, 4, 4)
[2024-09-19 20:42:57,185][root][INFO] - rot_grid:(252, 4, 4)
[2024-09-19 20:42:57,186][root][INFO] - after cluster, rot_grid:(252, 4, 4)
[2024-09-19 20:42:57,187][root][INFO] - self.rot_grid: torch.Size([252, 4, 4])
[2024-09-19 20:43:05,713][root][INFO] - Welcome
[2024-09-19 20:43:05,728][root][INFO] - poses:(252, 4, 4)
[2024-09-19 20:43:05,737][root][INFO] - after viewpoint, add_errs min:-1.0
[2024-09-19 20:43:05,789][root][INFO] - ob_in_cams:(252, 4, 4)
[2024-09-19 20:43:05,794][root][INFO] - self.cfg.use_normal:False
[2024-09-19 20:43:05,795][root][INFO] - trans_normalizer:[0.019999999552965164, 0.019999999552965164, 0.05000000074505806], rot_normalizer:0.3490658503988659
[2024-09-19 20:43:05,814][root][INFO] - making cropped data
[2024-09-19 20:43:05,814][root][INFO] - Welcome make_crop_data_batch
[2024-09-19 20:43:05,818][root][INFO] - make tf_to_crops done
[2024-09-19 20:43:05,849][root][INFO] - render done
[2024-09-19 20:43:05,856][root][INFO] - warp done
[2024-09-19 20:43:05,861][root][INFO] - pose batch data done
[2024-09-19 20:43:05,861][root][INFO] - forward start
[2024-09-19 20:43:05,981][root][INFO] - forward done
[2024-09-19 20:43:05,993][root][INFO] - making cropped data
[2024-09-19 20:43:05,993][root][INFO] - Welcome make_crop_data_batch
[2024-09-19 20:43:05,993][root][INFO] - make tf_to_crops done
[2024-09-19 20:43:06,016][root][INFO] - render done
[2024-09-19 20:43:06,021][root][INFO] - warp done
[2024-09-19 20:43:06,023][root][INFO] - pose batch data done
[2024-09-19 20:43:06,024][root][INFO] - forward start
[2024-09-19 20:43:06,025][root][INFO] - forward done
[2024-09-19 20:43:06,025][root][INFO] - making cropped data
[2024-09-19 20:43:06,025][root][INFO] - Welcome make_crop_data_batch
[2024-09-19 20:43:06,127][root][INFO] - make tf_to_crops done
[2024-09-19 20:43:06,148][root][INFO] - render done
[2024-09-19 20:43:06,153][root][INFO] - warp done
[2024-09-19 20:43:06,155][root][INFO] - pose batch data done
[2024-09-19 20:43:06,155][root][INFO] - forward start
[2024-09-19 20:43:06,157][root][INFO] - forward done
[2024-09-19 20:43:06,157][root][INFO] - making cropped data
[2024-09-19 20:43:06,157][root][INFO] - Welcome make_crop_data_batch
[2024-09-19 20:43:06,256][root][INFO] - make tf_to_crops done
[2024-09-19 20:43:06,278][root][INFO] - render done
[2024-09-19 20:43:06,282][root][INFO] - warp done
[2024-09-19 20:43:06,284][root][INFO] - pose batch data done
[2024-09-19 20:43:06,284][root][INFO] - forward start
[2024-09-19 20:43:06,286][root][INFO] - forward done
[2024-09-19 20:43:06,286][root][INFO] - making cropped data
[2024-09-19 20:43:06,286][root][INFO] - Welcome make_crop_data_batch
[2024-09-19 20:43:06,385][root][INFO] - make tf_to_crops done
[2024-09-19 20:43:06,407][root][INFO] - render done
[2024-09-19 20:43:06,410][root][INFO] - warp done
[2024-09-19 20:43:06,413][root][INFO] - pose batch data done
[2024-09-19 20:43:06,413][root][INFO] - forward start
[2024-09-19 20:43:06,415][root][INFO] - forward done
[2024-09-19 20:43:06,528][root][INFO] - ob_in_cams:(252, 4, 4)
[2024-09-19 20:43:06,528][root][INFO] - self.cfg.use_normal:False
[2024-09-19 20:43:06,529][root][INFO] - making cropped data
[2024-09-19 20:43:06,541][root][INFO] - Welcome make_crop_data_batch
[2024-09-19 20:43:06,542][root][INFO] - make tf_to_crops done
[2024-09-19 20:43:06,563][root][INFO] - render done
[2024-09-19 20:43:06,690][root][INFO] - pose batch data done
[2024-09-19 20:43:06,690][root][INFO] - pose_data.rgbAs.shape[0]: 252
[2024-09-19 20:43:06,787][root][INFO] - forward done
[2024-09-19 20:43:06,804][root][INFO] - final, add_errs min:-1.0
[2024-09-19 20:43:06,814][root][INFO] - sort ids:tensor([227,  47,   5,  77, 203, 137, 101, 131,  11, 198, 102, 132,  72,   0,
          6,  42, 221,  96, 126,  32,  74,  98, 170,   2, 104,   8, 134, 103,
        133, 127, 146, 169, 145, 136,   7, 163,  73, 129,   1,   9,  97,  99,
         33,  91,  37,  75, 105, 205,   3,  13, 115, 229,  16,  85, 121, 211,
         79,  10,  19, 135,  43, 118, 230,  22,  80,  92, 178, 188,  28,  34,
         86,  26,  82,  88,  94, 206, 124, 130, 154, 184,  21,  81,  95,  14,
         23,  27, 100, 116,   4,  76, 202, 226,  41,  83,  87,  93, 106, 155,
        179, 125, 119, 122,  17, 117,  15, 123, 161,  12,  36,  78,  89,  90,
        114,  18, 107,  20, 150, 120, 164,  84, 231,  65, 212,  49, 193, 250,
         67,  50,  55, 236,  64, 111, 128, 138, 151, 219, 224, 108,  63,  70,
        173, 242, 247,  52,  61, 232, 109, 196, 204, 223,  30, 159, 199, 237,
         54,  58, 185,  46, 192, 142,  48, 171, 174, 167, 201, 216, 249, 168,
        112, 144, 139, 176, 177, 186,  59, 208, 251, 182, 156, 200,  71, 172,
        189, 245,  31,  53, 149, 215, 228, 239, 141, 207, 248, 197, 214, 233,
        234, 175, 209,  39, 166, 244,  40,  45,  68,  25,  51,  24, 218, 148,
         69, 246,  60,  57, 152, 158, 241,  56, 181,  62, 194, 153, 225, 191,
        113, 110, 162, 187, 210,  66, 147,  35,  44, 195, 180, 183, 220, 157,
        222, 143, 165, 213, 140, 240, 243, 235, 190,  29, 160, 217,  38, 238])
[2024-09-19 20:43:06,817][root][INFO] - sorted scores:tensor([91.2969, 91.2578, 91.2500, 91.2500, 91.2500, 91.2422, 91.2344, 91.2344,
        91.1953, 91.1406, 91.1328, 91.1250, 91.1172, 91.1094, 91.1094, 91.0938,
        91.0859, 91.0781, 91.0781, 90.8828, 90.8750, 90.8750, 90.8750, 90.8672,
        90.8672, 90.8594, 90.8594, 90.8516, 90.8516, 90.8359, 90.8359, 90.8281,
        90.8203, 90.8125, 90.8047, 90.7969, 90.7891, 90.7812, 90.7656, 90.7656,
        90.7656, 90.7656, 90.7578, 90.7578, 90.7500, 90.7500, 90.7500, 90.7500,
        90.7344, 90.7344, 90.7344, 90.7344, 90.7266, 90.7266, 90.7266, 90.7188,
        90.7109, 90.7031, 90.6953, 90.6953, 90.6875, 90.6875, 90.6875, 90.6797,
        90.6797, 90.6797, 90.6797, 90.6797, 90.6719, 90.6719, 90.6719, 90.6641,
        90.6641, 90.6641, 90.6641, 90.6641, 90.6562, 90.6562, 90.6562, 90.6562,
        90.6484, 90.6484, 90.6484, 90.6406, 90.6406, 90.6406, 90.6406, 90.6406,
        90.6328, 90.6328, 90.6328, 90.6328, 90.6250, 90.6250, 90.6250, 90.6250,
        90.6250, 90.6250, 90.6250, 90.6172, 90.6094, 90.6094, 90.6016, 90.6016,
        90.5938, 90.5938, 90.5859, 90.5703, 90.5703, 90.5703, 90.5703, 90.5703,
        90.5703, 90.5625, 90.5625, 90.5547, 90.5547, 90.5391, 90.5391, 90.5234,
        90.5234, 90.4297, 90.3828, 90.1172, 90.1172, 90.1172, 90.0859, 90.0078,
        89.9922, 89.9766, 89.9141, 89.9141, 89.8438, 89.8438, 89.8047, 89.8047,
        89.7969, 89.7812, 89.7734, 89.7734, 89.7734, 89.7656, 89.7656, 89.7578,
        89.7578, 89.7578, 89.7344, 89.7344, 89.7188, 89.7188, 89.7031, 89.7031,
        89.7031, 89.7031, 89.6953, 89.6953, 89.6953, 89.6875, 89.6875, 89.6797,
        89.6719, 89.6719, 89.6641, 89.6562, 89.6562, 89.6484, 89.6484, 89.6328,
        89.6250, 89.6172, 89.6094, 89.6094, 89.6094, 89.6094, 89.6016, 89.6016,
        89.6016, 89.5938, 89.5859, 89.5859, 89.5703, 89.5703, 89.5703, 89.5703,
        89.5625, 89.5625, 89.5625, 89.5547, 89.5547, 89.5547, 89.5469, 89.5391,
        89.5391, 89.5312, 89.5312, 89.5312, 89.5312, 89.5234, 89.5234, 89.5156,
        89.5156, 89.5000, 89.4922, 89.4922, 89.4922, 89.4688, 89.4688, 89.4609,
        89.4531, 89.4375, 89.4297, 89.4297, 89.4141, 89.4062, 89.4062, 89.4062,
        89.3984, 89.3828, 89.3828, 89.3750, 89.3750, 89.3594, 89.3594, 89.3516,
        89.3438, 89.3203, 89.2969, 89.2969, 89.2969, 89.2812, 89.2812, 89.2578,
        89.2578, 89.2578, 89.2344, 89.2344, 89.2344, 89.2266, 89.2188, 89.2109,
        89.2109, 89.1953, 89.1719, 89.1719, 89.1719, 89.1562, 89.1484, 89.1328,
        89.1328, 89.1328, 89.0938, 89.0469])
[2024-09-19 20:43:19,018][websockets.server][INFO] - server listening on 0.0.0.0:8080
[2024-09-19 20:43:20,915][websockets.server][INFO] - connection open
[2024-09-19 20:43:24,127][root][INFO] - Succeeded to open port: /dev/ttyUSB0
[2024-09-19 20:43:24,127][root][INFO] - Succeeded to set baudrate to 3000000
[2024-09-19 20:43:32,084][websockets.server][INFO] - connection open
