[2024-09-21 19:13:00,020][root][INFO] - self.cfg: 
 lr: 0.0001
c_in: 6
zfar: 'Infinity'
debug: null
n_view: 1
run_id: 3wy8qqex
use_BN: true
exp_name: 2024-01-11-20-02-45
n_epochs: 62
save_dir: /home/bowenw/debug/2024-01-11-20-02-45/
use_mask: false
loss_type: pairwise_valid
optimizer: adam
batch_size: 64
crop_ratio: 1.1
enable_amp: true
use_normal: false
max_num_key: null
warmup_step: -1
input_resize:
- 160
- 160
max_step_val: 1000
vis_interval: 1000
weight_decay: 0
normalize_xyz: true
resume_run_id: null
clip_grad_norm: 'Infinity'
lr_epoch_decay: 500
render_backend: nvdiffrast
train_num_pair: 5
lr_decay_epochs:
- 50
n_epochs_warmup: 1
make_pair_online: false
gradient_max_norm: 'Infinity'
max_step_per_epoch: 10000
n_rendering_workers: 1
save_epoch_interval: 100
n_dataloader_workers: 100
split_objects_across_gpus: true
ckpt_dir: FoundationPose/learning/training/../../weights/2024-01-11-20-02-45/model_best.pth

[2024-09-21 19:13:00,020][root][INFO] - self.h5_file:None
[2024-09-21 19:13:00,208][root][INFO] - Using pretrained model from FoundationPose/learning/training/../../weights/2024-01-11-20-02-45/model_best.pth
[2024-09-21 19:13:00,271][root][INFO] - init done
[2024-09-21 19:13:00,271][root][INFO] - welcome
[2024-09-21 19:13:00,275][root][INFO] - self.cfg: 
 lr: 0.0001
c_in: 6
zfar: .inf
debug: null
w_rot: 0.1
n_view: 1
run_id: null
use_BN: true
rot_rep: axis_angle
ckpt_dir: FoundationPose/learning/training/../../weights/2023-10-28-18-33-37/model_best.pth
exp_name: 2023-10-28-18-33-37
save_dir: /tmp/2023-10-28-18-33-37/
loss_type: l2
optimizer: adam
trans_rep: tracknet
batch_size: 64
crop_ratio: 1.2
use_normal: false
BN_momentum: 0.1
max_num_key: null
warmup_step: -1
input_resize:
- 160
- 160
max_step_val: 1000
normal_uint8: false
vis_interval: 1000
weight_decay: 0
n_max_objects: null
normalize_xyz: true
clip_grad_norm: 'Infinity'
rot_normalizer: 0.3490658503988659
trans_normalizer:
- 0.019999999552965164
- 0.019999999552965164
- 0.05000000074505806
max_step_per_epoch: 25000
val_epoch_interval: 10
n_dataloader_workers: 60
enable_amp: true
use_mask: false

[2024-09-21 19:13:00,275][root][INFO] - self.h5_file:
[2024-09-21 19:13:00,321][root][INFO] - Using pretrained model from FoundationPose/learning/training/../../weights/2023-10-28-18-33-37/model_best.pth
[2024-09-21 19:13:00,347][root][INFO] - init done
[2024-09-21 19:13:02,587][root][INFO] - self.diameter:0.137712368854882, vox_size:0.0068856184427441
[2024-09-21 19:13:02,602][root][INFO] - self.pts:torch.Size([807, 3])
[2024-09-21 19:13:03,579][root][INFO] - reset done
[2024-09-21 19:13:03,579][root][INFO] - cam_in_obs:(42, 4, 4)
[2024-09-21 19:13:03,581][root][INFO] - rot_grid:(252, 4, 4)
[2024-09-21 19:13:03,582][root][INFO] - after cluster, rot_grid:(252, 4, 4)
[2024-09-21 19:13:03,582][root][INFO] - self.rot_grid: torch.Size([252, 4, 4])
[2024-09-21 19:13:23,298][root][INFO] - Welcome
[2024-09-21 19:13:23,313][root][INFO] - poses:(252, 4, 4)
[2024-09-21 19:13:23,323][root][INFO] - after viewpoint, add_errs min:-1.0
[2024-09-21 19:13:23,354][root][INFO] - ob_in_cams:(252, 4, 4)
[2024-09-21 19:13:23,354][root][INFO] - self.cfg.use_normal:False
[2024-09-21 19:13:23,354][root][INFO] - trans_normalizer:[0.019999999552965164, 0.019999999552965164, 0.05000000074505806], rot_normalizer:0.3490658503988659
[2024-09-21 19:13:23,399][root][INFO] - making cropped data
[2024-09-21 19:13:23,400][root][INFO] - Welcome make_crop_data_batch
[2024-09-21 19:13:23,404][root][INFO] - make tf_to_crops done
[2024-09-21 19:13:23,434][root][INFO] - render done
[2024-09-21 19:13:23,440][root][INFO] - warp done
[2024-09-21 19:13:23,446][root][INFO] - pose batch data done
[2024-09-21 19:13:23,446][root][INFO] - forward start
[2024-09-21 19:13:23,562][root][INFO] - forward done
[2024-09-21 19:13:23,574][root][INFO] - making cropped data
[2024-09-21 19:13:23,574][root][INFO] - Welcome make_crop_data_batch
[2024-09-21 19:13:23,574][root][INFO] - make tf_to_crops done
[2024-09-21 19:13:23,594][root][INFO] - render done
[2024-09-21 19:13:23,599][root][INFO] - warp done
[2024-09-21 19:13:23,602][root][INFO] - pose batch data done
[2024-09-21 19:13:23,602][root][INFO] - forward start
[2024-09-21 19:13:23,603][root][INFO] - forward done
[2024-09-21 19:13:23,603][root][INFO] - making cropped data
[2024-09-21 19:13:23,603][root][INFO] - Welcome make_crop_data_batch
[2024-09-21 19:13:23,702][root][INFO] - make tf_to_crops done
[2024-09-21 19:13:23,721][root][INFO] - render done
[2024-09-21 19:13:23,724][root][INFO] - warp done
[2024-09-21 19:13:23,726][root][INFO] - pose batch data done
[2024-09-21 19:13:23,726][root][INFO] - forward start
[2024-09-21 19:13:23,728][root][INFO] - forward done
[2024-09-21 19:13:23,728][root][INFO] - making cropped data
[2024-09-21 19:13:23,728][root][INFO] - Welcome make_crop_data_batch
[2024-09-21 19:13:23,825][root][INFO] - make tf_to_crops done
[2024-09-21 19:13:23,844][root][INFO] - render done
[2024-09-21 19:13:23,849][root][INFO] - warp done
[2024-09-21 19:13:23,851][root][INFO] - pose batch data done
[2024-09-21 19:13:23,851][root][INFO] - forward start
[2024-09-21 19:13:23,853][root][INFO] - forward done
[2024-09-21 19:13:23,853][root][INFO] - making cropped data
[2024-09-21 19:13:23,853][root][INFO] - Welcome make_crop_data_batch
[2024-09-21 19:13:23,949][root][INFO] - make tf_to_crops done
[2024-09-21 19:13:23,968][root][INFO] - render done
[2024-09-21 19:13:23,971][root][INFO] - warp done
[2024-09-21 19:13:23,974][root][INFO] - pose batch data done
[2024-09-21 19:13:23,974][root][INFO] - forward start
[2024-09-21 19:13:23,975][root][INFO] - forward done
[2024-09-21 19:13:24,088][root][INFO] - ob_in_cams:(252, 4, 4)
[2024-09-21 19:13:24,089][root][INFO] - self.cfg.use_normal:False
[2024-09-21 19:13:24,089][root][INFO] - making cropped data
[2024-09-21 19:13:24,094][root][INFO] - Welcome make_crop_data_batch
[2024-09-21 19:13:24,095][root][INFO] - make tf_to_crops done
[2024-09-21 19:13:24,112][root][INFO] - render done
[2024-09-21 19:13:24,237][root][INFO] - pose batch data done
[2024-09-21 19:13:24,237][root][INFO] - pose_data.rgbAs.shape[0]: 252
[2024-09-21 19:13:24,331][root][INFO] - forward done
[2024-09-21 19:13:24,348][root][INFO] - final, add_errs min:-1.0
[2024-09-21 19:13:24,358][root][INFO] - sort ids:tensor([100,  76,   5, 130, 137,   4, 226, 101, 202,  77, 131, 244,  11, 105,
        136, 227,  33,  99, 134,   3,  51, 159, 195, 126,   2,  40,   9, 104,
        103,  98,  32,  74, 187, 144, 147, 246,  34, 169, 218,   0, 171, 245,
        164, 225,   7,  73, 154, 133, 145,  57,  92,  54, 243, 132,   8, 209,
        168, 102, 146, 189, 198, 165, 119, 158,  72, 160,   6, 229, 204,  75,
        152,  41, 208, 110,  21, 251, 211, 163, 192,  65, 162, 157, 216,  44,
        181, 233, 151,  47, 153, 149, 236,  61,  16, 174, 213, 138, 173, 143,
        118,  89, 206, 203, 177,  45, 207, 116,  14, 214,  97, 176,  39, 232,
         17,  49, 125, 123, 220, 122, 135,  26,  48, 190,  95, 128,  20,  64,
         81, 141,  29, 183, 210, 196, 117, 230,  83, 231, 150, 178, 193, 224,
         66, 205,  53,  36, 175, 200, 248,  88,  31,  38,  19, 250, 215, 161,
         22,  71,  55,  58,  79, 221, 235, 170,  35,  93, 156, 114,  86,  91,
        179, 212, 108,  84, 124, 155,  27, 242, 121,  60,  56,  82, 127, 228,
        129,  12,  24, 148,  18,  80,  87,  23,  78,  90,  10,  96,  85,  13,
        120,  42,  25,  70, 140, 188, 201, 222,  28, 182,   1, 238,  94, 180,
        223, 241, 191,  52, 247, 185,  62, 112,  15, 234, 239,  30, 166, 106,
        219, 142, 109, 111, 184, 197,  46,  59, 107, 113,  68, 115,  63, 139,
         37,  50, 167, 186, 217, 172, 199,  67,  43,  69, 249, 237, 240, 194])
[2024-09-21 19:13:24,361][root][INFO] - sorted scores:tensor([100.9146, 100.9141, 100.9136, 100.9136, 100.9131, 100.9121, 100.9077,
        100.9072, 100.9072, 100.9028, 100.8989, 100.8862, 100.8584, 100.7915,
        100.7178, 100.6904, 100.6377, 100.6143, 100.5264, 100.4141, 100.4082,
        100.4011, 100.3733, 100.2952, 100.2727, 100.2727, 100.2515, 100.2302,
        100.2120, 100.1870, 100.1514, 100.1479, 100.1187, 100.1064, 100.0602,
        100.0493, 100.0386, 100.0297, 100.0097, 100.0084,  99.9982,  99.9813,
         99.9495,  99.9459,  99.9445,  99.9433,  99.9219,  99.9151,  99.8864,
         99.8695,  99.8611,  99.8480,  99.8480,  99.8439,  99.8406,  99.8373,
         99.8362,  99.8217,  99.8073,  99.8058,  99.8040,  99.8002,  99.7963,
         99.7871,  99.7778,  99.7587,  99.7373,  99.7358,  99.7346,  99.7292,
         99.6924,  99.6885,  99.6829,  99.6797,  99.6790,  99.6753,  99.6729,
         99.6697,  99.6655,  99.6594,  99.6594,  99.6592,  99.6504,  99.6362,
         99.6270,  99.6218,  99.6157,  99.6138,  99.6104,  99.6094,  99.6067,
         99.6060,  99.6052,  99.6052,  99.6003,  99.5994,  99.5947,  99.5933,
         99.5920,  99.5903,  99.5903,  99.5901,  99.5898,  99.5894,  99.5891,
         99.5889,  99.5876,  99.5874,  99.5862,  99.5820,  99.5808,  99.5808,
         99.5806,  99.5801,  99.5796,  99.5791,  99.5789,  99.5781,  99.5779,
         99.5776,  99.5769,  99.5732,  99.5720,  99.5718,  99.5698,  99.5693,
         99.5688,  99.5688,  99.5647,  99.5642,  99.5632,  99.5625,  99.5610,
         99.5586,  99.5564,  99.5564,  99.5562,  99.5559,  99.5544,  99.5527,
         99.5522,  99.5498,  99.5476,  99.5469,  99.5466,  99.5459,  99.5459,
         99.5444,  99.5417,  99.5417,  99.5415,  99.5413,  99.5403,  99.5391,
         99.5386,  99.5383,  99.5381,  99.5378,  99.5374,  99.5349,  99.5327,
         99.5320,  99.5312,  99.5312,  99.5310,  99.5305,  99.5295,  99.5293,
         99.5288,  99.5286,  99.5281,  99.5276,  99.5276,  99.5276,  99.5271,
         99.5242,  99.5234,  99.5215,  99.5198,  99.5190,  99.5190,  99.5190,
         99.5188,  99.5183,  99.5183,  99.5171,  99.5168,  99.5166,  99.5164,
         99.5161,  99.5149,  99.5129,  99.5127,  99.5117,  99.5112,  99.5093,
         99.5093,  99.5090,  99.5051,  99.5046,  99.5039,  99.5029,  99.5017,
         99.4980,  99.4976,  99.4941,  99.4932,  99.4932,  99.4927,  99.4927,
         99.4917,  99.4917,  99.4912,  99.4902,  99.4902,  99.4893,  99.4878,
         99.4878,  99.4873,  99.4863,  99.4829,  99.4814,  99.4810,  99.4795,
         99.4761,  99.4751,  99.4746,  99.4736,  99.4736,  99.4717,  99.4702,
         99.4683,  99.4683,  99.4683,  99.4639,  99.4624,  99.4614,  99.4609,
         99.4595,  99.4531,  99.4526,  99.4507,  99.4502,  99.4482,  99.4463,
         99.4453,  99.4448,  99.4390,  99.4380,  99.4199,  99.4028,  99.3979])
[2024-09-21 19:13:35,791][websockets.server][INFO] - server listening on 0.0.0.0:8080
[2024-09-21 19:13:38,483][websockets.server][INFO] - connection open
[2024-09-21 19:13:42,001][root][INFO] - Succeeded to open port: /dev/ttyUSB0
[2024-09-21 19:13:42,001][root][INFO] - Succeeded to set baudrate to 3000000
