[2024-12-19 16:55:26,664][websockets.server][INFO] - server listening on 0.0.0.0:8080
[2024-12-19 16:55:26,784][websockets.server][INFO] - connection open
[2024-12-19 16:55:26,798][root][INFO] - self.cfg: 
 lr: 0.0001
c_in: 6
zfar: 'Infinity'
debug: null
n_view: 1
run_id: 3wy8qqex
use_BN: true
exp_name: 2024-01-11-20-02-45
n_epochs: 62
save_dir: /home/bowenw/debug/2024-01-11-20-02-45/
use_mask: false
loss_type: pairwise_valid
optimizer: adam
batch_size: 64
crop_ratio: 1.1
enable_amp: true
use_normal: false
max_num_key: null
warmup_step: -1
input_resize:
- 160
- 160
max_step_val: 1000
vis_interval: 1000
weight_decay: 0
normalize_xyz: true
resume_run_id: null
clip_grad_norm: 'Infinity'
lr_epoch_decay: 500
render_backend: nvdiffrast
train_num_pair: 5
lr_decay_epochs:
- 50
n_epochs_warmup: 1
make_pair_online: false
gradient_max_norm: 'Infinity'
max_step_per_epoch: 10000
n_rendering_workers: 1
save_epoch_interval: 100
n_dataloader_workers: 100
split_objects_across_gpus: true
ckpt_dir: /data/zjx/rw/third_party/FoundationPose/learning/training/../../weights/2024-01-11-20-02-45/model_best.pth

[2024-12-19 16:55:26,798][root][INFO] - self.h5_file:None
[2024-12-19 16:55:26,960][root][INFO] - Using pretrained model from /data/zjx/rw/third_party/FoundationPose/learning/training/../../weights/2024-01-11-20-02-45/model_best.pth
[2024-12-19 16:55:27,025][root][INFO] - init done
[2024-12-19 16:55:27,025][root][INFO] - welcome
[2024-12-19 16:55:27,029][root][INFO] - self.cfg: 
 lr: 0.0001
c_in: 6
zfar: .inf
debug: null
w_rot: 0.1
n_view: 1
run_id: null
use_BN: true
rot_rep: axis_angle
ckpt_dir: /data/zjx/rw/third_party/FoundationPose/learning/training/../../weights/2023-10-28-18-33-37/model_best.pth
exp_name: 2023-10-28-18-33-37
save_dir: /tmp/2023-10-28-18-33-37/
loss_type: l2
optimizer: adam
trans_rep: tracknet
batch_size: 64
crop_ratio: 1.2
use_normal: false
BN_momentum: 0.1
max_num_key: null
warmup_step: -1
input_resize:
- 160
- 160
max_step_val: 1000
normal_uint8: false
vis_interval: 1000
weight_decay: 0
n_max_objects: null
normalize_xyz: true
clip_grad_norm: 'Infinity'
rot_normalizer: 0.3490658503988659
trans_normalizer:
- 0.019999999552965164
- 0.019999999552965164
- 0.05000000074505806
max_step_per_epoch: 25000
val_epoch_interval: 10
n_dataloader_workers: 60
enable_amp: true
use_mask: false

[2024-12-19 16:55:27,029][root][INFO] - self.h5_file:
[2024-12-19 16:55:27,075][root][INFO] - Using pretrained model from /data/zjx/rw/third_party/FoundationPose/learning/training/../../weights/2023-10-28-18-33-37/model_best.pth
[2024-12-19 16:55:27,093][root][INFO] - init done
[2024-12-19 16:55:28,138][root][INFO] - self.diameter:0.15243421826573095, vox_size:0.007621710913286547
[2024-12-19 16:55:28,153][root][INFO] - self.pts:torch.Size([464, 3])
[2024-12-19 16:55:29,083][root][INFO] - reset done
[2024-12-19 16:55:29,083][root][INFO] - cam_in_obs:(42, 4, 4)
[2024-12-19 16:55:29,085][root][INFO] - rot_grid:(252, 4, 4)
[2024-12-19 16:55:29,086][root][INFO] - after cluster, rot_grid:(252, 4, 4)
[2024-12-19 16:55:29,086][root][INFO] - self.rot_grid: torch.Size([252, 4, 4])
[2024-12-19 16:55:43,706][root][INFO] - Welcome
[2024-12-19 16:55:43,721][root][INFO] - poses:(252, 4, 4)
[2024-12-19 16:55:43,731][root][INFO] - after viewpoint, add_errs min:-1.0
[2024-12-19 16:55:43,803][root][INFO] - ob_in_cams:(252, 4, 4)
[2024-12-19 16:55:43,803][root][INFO] - self.cfg.use_normal:False
[2024-12-19 16:55:43,803][root][INFO] - trans_normalizer:[0.019999999552965164, 0.019999999552965164, 0.05000000074505806], rot_normalizer:0.3490658503988659
[2024-12-19 16:55:43,813][root][INFO] - making cropped data
[2024-12-19 16:55:43,813][root][INFO] - Welcome make_crop_data_batch
[2024-12-19 16:55:43,816][root][INFO] - make tf_to_crops done
[2024-12-19 16:55:43,839][root][INFO] - render done
[2024-12-19 16:55:43,845][root][INFO] - warp done
[2024-12-19 16:55:43,850][root][INFO] - pose batch data done
[2024-12-19 16:55:43,850][root][INFO] - forward start
[2024-12-19 16:55:43,981][root][INFO] - forward done
[2024-12-19 16:55:43,991][root][INFO] - making cropped data
[2024-12-19 16:55:43,991][root][INFO] - Welcome make_crop_data_batch
[2024-12-19 16:55:43,992][root][INFO] - make tf_to_crops done
[2024-12-19 16:55:44,007][root][INFO] - render done
[2024-12-19 16:55:44,010][root][INFO] - warp done
[2024-12-19 16:55:44,013][root][INFO] - pose batch data done
[2024-12-19 16:55:44,013][root][INFO] - forward start
[2024-12-19 16:55:44,014][root][INFO] - forward done
[2024-12-19 16:55:44,015][root][INFO] - making cropped data
[2024-12-19 16:55:44,015][root][INFO] - Welcome make_crop_data_batch
[2024-12-19 16:55:44,116][root][INFO] - make tf_to_crops done
[2024-12-19 16:55:44,131][root][INFO] - render done
[2024-12-19 16:55:44,135][root][INFO] - warp done
[2024-12-19 16:55:44,138][root][INFO] - pose batch data done
[2024-12-19 16:55:44,138][root][INFO] - forward start
[2024-12-19 16:55:44,139][root][INFO] - forward done
[2024-12-19 16:55:44,139][root][INFO] - making cropped data
[2024-12-19 16:55:44,140][root][INFO] - Welcome make_crop_data_batch
[2024-12-19 16:55:44,241][root][INFO] - make tf_to_crops done
[2024-12-19 16:55:44,255][root][INFO] - render done
[2024-12-19 16:55:44,259][root][INFO] - warp done
[2024-12-19 16:55:44,262][root][INFO] - pose batch data done
[2024-12-19 16:55:44,262][root][INFO] - forward start
[2024-12-19 16:55:44,263][root][INFO] - forward done
[2024-12-19 16:55:44,263][root][INFO] - making cropped data
[2024-12-19 16:55:44,263][root][INFO] - Welcome make_crop_data_batch
[2024-12-19 16:55:44,365][root][INFO] - make tf_to_crops done
[2024-12-19 16:55:44,380][root][INFO] - render done
[2024-12-19 16:55:44,384][root][INFO] - warp done
[2024-12-19 16:55:44,387][root][INFO] - pose batch data done
[2024-12-19 16:55:44,387][root][INFO] - forward start
[2024-12-19 16:55:44,388][root][INFO] - forward done
[2024-12-19 16:55:44,505][root][INFO] - ob_in_cams:(252, 4, 4)
[2024-12-19 16:55:44,505][root][INFO] - self.cfg.use_normal:False
[2024-12-19 16:55:44,505][root][INFO] - making cropped data
[2024-12-19 16:55:44,513][root][INFO] - Welcome make_crop_data_batch
[2024-12-19 16:55:44,513][root][INFO] - make tf_to_crops done
[2024-12-19 16:55:44,527][root][INFO] - render done
[2024-12-19 16:55:44,658][root][INFO] - pose batch data done
[2024-12-19 16:55:44,658][root][INFO] - pose_data.rgbAs.shape[0]: 252
[2024-12-19 16:55:44,756][root][INFO] - forward done
[2024-12-19 16:55:44,774][root][INFO] - final, add_errs min:-1.0
[2024-12-19 16:55:44,783][root][INFO] - sort ids:tensor([  3,   9,  33,  75,  99, 105, 171, 189, 244,  34,   0,   6,  42,  72,
        102, 111, 126, 132, 226,   4,  76, 100, 106, 130, 131, 221, 245,   5,
          8,  47,  74,  77, 101, 134, 137, 146, 163, 198, 202, 203, 220, 227,
         32,  43,  73,  98, 104, 127, 133, 145, 169, 170, 188,   7, 103, 164,
        194,  27,  87,  93, 187, 236,  15,  21,  81, 231, 119,  23,  41, 125,
        155, 160,  12,  18,  20,  26,  36,  49,  78,  83,  84,  95, 114, 120,
        161, 185,  13,  19,  22,  28,  85,  86,  94, 116, 121, 124, 154, 178,
        179, 211, 229, 230,  14,  37,  79,  80,  82,  88,  91, 115, 184, 205,
        206,  17,  92, 117, 118,  61,  65,  90, 123, 237,  59,  62,  68, 156,
        197, 212, 216,  50, 108, 193, 196, 248,  53, 162, 235, 251,  64, 141,
        210,  52,  56,  71, 183, 243, 250,  70, 112, 113, 138, 109, 247,  55,
         67, 129,  96, 128, 139, 240, 200, 204, 225,  44, 107, 140, 199, 143,
        177, 217, 224, 242, 150, 173, 218, 223,  30,  45, 167, 191,  97, 110,
        241,  39, 136, 148, 172, 190, 214,   1, 149, 151, 165, 174, 180,  35,
         58, 147, 166, 208,  10,  31,  38, 144, 157, 158, 181, 222,  24, 175,
        213,  89, 176, 182, 215, 232,  11,  25,  29,  40,  46, 238,   2, 122,
        135, 209, 233, 239,  16, 152, 207, 142, 168, 186, 201,  48,  51,  54,
         60,  63,  69, 153, 192, 228, 249,  57,  66, 195, 219, 234, 246, 159])
[2024-12-19 16:55:44,787][root][INFO] - sorted scores:tensor([64.2812, 64.2812, 64.2812, 64.2812, 64.2812, 64.2812, 64.2812, 64.2812,
        64.2812, 64.2500, 63.9375, 63.9375, 63.9375, 63.9375, 63.9375, 63.9375,
        63.9375, 63.9375, 63.9375, 63.9062, 63.9062, 63.9062, 63.9062, 63.9062,
        63.9062, 63.9062, 63.9062, 63.8750, 63.8750, 63.8750, 63.8750, 63.8750,
        63.8750, 63.8750, 63.8750, 63.8750, 63.8750, 63.8750, 63.8750, 63.8750,
        63.8750, 63.8750, 63.8438, 63.8438, 63.8438, 63.8438, 63.8438, 63.8438,
        63.8438, 63.8438, 63.8438, 63.8438, 63.8438, 63.8125, 63.8125, 63.8125,
        63.7812, 63.7500, 63.7500, 63.7500, 63.7500, 63.7500, 63.7188, 63.7188,
        63.7188, 63.6875, 63.6562, 63.6250, 63.6250, 63.6250, 63.6250, 63.6250,
        63.5938, 63.5938, 63.5938, 63.5938, 63.5938, 63.5938, 63.5938, 63.5938,
        63.5938, 63.5938, 63.5938, 63.5938, 63.5938, 63.5938, 63.5625, 63.5625,
        63.5625, 63.5625, 63.5625, 63.5625, 63.5625, 63.5625, 63.5625, 63.5625,
        63.5625, 63.5625, 63.5625, 63.5625, 63.5625, 63.5625, 63.5312, 63.5312,
        63.5312, 63.5312, 63.5312, 63.5312, 63.5312, 63.5312, 63.5312, 63.5312,
        63.5312, 63.5000, 63.5000, 63.5000, 63.5000, 63.4688, 63.4688, 63.4688,
        63.4688, 63.4688, 63.4375, 63.4375, 63.4375, 63.4375, 63.4375, 63.4375,
        63.4375, 63.4062, 63.4062, 63.4062, 63.4062, 63.4062, 63.3750, 63.3750,
        63.3750, 63.3750, 63.3438, 63.3438, 63.3438, 63.3125, 63.3125, 63.3125,
        63.3125, 63.3125, 63.2812, 63.2500, 63.2500, 63.2500, 63.2188, 63.1875,
        63.1250, 63.0625, 63.0625, 63.0625, 63.0312, 63.0312, 63.0312, 63.0312,
        63.0000, 63.0000, 63.0000, 62.9688, 62.9688, 62.9688, 62.9688, 62.9375,
        62.9375, 62.9375, 62.9375, 62.9375, 62.9062, 62.9062, 62.9062, 62.9062,
        62.8750, 62.8750, 62.8750, 62.8750, 62.8438, 62.8438, 62.8438, 62.8125,
        62.8125, 62.8125, 62.8125, 62.8125, 62.8125, 62.7812, 62.7812, 62.7812,
        62.7812, 62.7812, 62.7812, 62.7500, 62.7500, 62.7500, 62.7500, 62.7500,
        62.7188, 62.7188, 62.7188, 62.7188, 62.7188, 62.7188, 62.7188, 62.7188,
        62.6875, 62.6875, 62.6875, 62.6562, 62.6562, 62.6562, 62.6562, 62.6562,
        62.6250, 62.6250, 62.6250, 62.6250, 62.6250, 62.6250, 62.5938, 62.5938,
        62.5938, 62.5938, 62.5938, 62.5938, 62.5625, 62.5625, 62.5625, 62.4375,
        62.4062, 62.4062, 62.4062, 62.3750, 62.3750, 62.3750, 62.3750, 62.3750,
        62.3750, 62.3750, 62.3750, 62.3750, 62.3750, 62.3438, 62.3438, 62.3438,
        62.3438, 62.3438, 62.3438, 62.3125])
