[2024-11-13 17:24:21,184][websockets.server][INFO] - server listening on 0.0.0.0:8080
[2024-11-13 17:24:21,339][root][INFO] - self.cfg: 
 lr: 0.0001
c_in: 6
zfar: 'Infinity'
debug: null
n_view: 1
run_id: 3wy8qqex
use_BN: true
exp_name: 2024-01-11-20-02-45
n_epochs: 62
save_dir: /home/bowenw/debug/2024-01-11-20-02-45/
use_mask: false
loss_type: pairwise_valid
optimizer: adam
batch_size: 64
crop_ratio: 1.1
enable_amp: true
use_normal: false
max_num_key: null
warmup_step: -1
input_resize:
- 160
- 160
max_step_val: 1000
vis_interval: 1000
weight_decay: 0
normalize_xyz: true
resume_run_id: null
clip_grad_norm: 'Infinity'
lr_epoch_decay: 500
render_backend: nvdiffrast
train_num_pair: 5
lr_decay_epochs:
- 50
n_epochs_warmup: 1
make_pair_online: false
gradient_max_norm: 'Infinity'
max_step_per_epoch: 10000
n_rendering_workers: 1
save_epoch_interval: 100
n_dataloader_workers: 100
split_objects_across_gpus: true
ckpt_dir: /home/shaol/gjx/rw/third_party/FoundationPose/learning/training/../../weights/2024-01-11-20-02-45/model_best.pth

[2024-11-13 17:24:21,339][root][INFO] - self.h5_file:None
[2024-11-13 17:24:21,428][websockets.server][INFO] - connection open
[2024-11-13 17:24:21,538][root][INFO] - Using pretrained model from /home/shaol/gjx/rw/third_party/FoundationPose/learning/training/../../weights/2024-01-11-20-02-45/model_best.pth
[2024-11-13 17:24:21,600][root][INFO] - init done
[2024-11-13 17:24:21,600][root][INFO] - welcome
[2024-11-13 17:24:21,603][root][INFO] - self.cfg: 
 lr: 0.0001
c_in: 6
zfar: .inf
debug: null
w_rot: 0.1
n_view: 1
run_id: null
use_BN: true
rot_rep: axis_angle
ckpt_dir: /home/shaol/gjx/rw/third_party/FoundationPose/learning/training/../../weights/2023-10-28-18-33-37/model_best.pth
exp_name: 2023-10-28-18-33-37
save_dir: /tmp/2023-10-28-18-33-37/
loss_type: l2
optimizer: adam
trans_rep: tracknet
batch_size: 64
crop_ratio: 1.2
use_normal: false
BN_momentum: 0.1
max_num_key: null
warmup_step: -1
input_resize:
- 160
- 160
max_step_val: 1000
normal_uint8: false
vis_interval: 1000
weight_decay: 0
n_max_objects: null
normalize_xyz: true
clip_grad_norm: 'Infinity'
rot_normalizer: 0.3490658503988659
trans_normalizer:
- 0.019999999552965164
- 0.019999999552965164
- 0.05000000074505806
max_step_per_epoch: 25000
val_epoch_interval: 10
n_dataloader_workers: 60
enable_amp: true
use_mask: false

[2024-11-13 17:24:21,603][root][INFO] - self.h5_file:
[2024-11-13 17:24:21,650][root][INFO] - Using pretrained model from /home/shaol/gjx/rw/third_party/FoundationPose/learning/training/../../weights/2023-10-28-18-33-37/model_best.pth
[2024-11-13 17:24:21,671][root][INFO] - init done
[2024-11-13 17:24:22,945][root][INFO] - self.diameter:0.22612456594069064, vox_size:0.011306228297034532
[2024-11-13 17:24:22,960][root][INFO] - self.pts:torch.Size([334, 3])
[2024-11-13 17:24:24,177][root][INFO] - reset done
[2024-11-13 17:24:24,178][root][INFO] - cam_in_obs:(42, 4, 4)
[2024-11-13 17:24:24,179][root][INFO] - rot_grid:(252, 4, 4)
[2024-11-13 17:24:24,180][root][INFO] - after cluster, rot_grid:(252, 4, 4)
[2024-11-13 17:24:24,180][root][INFO] - self.rot_grid: torch.Size([252, 4, 4])
[2024-11-13 17:24:34,004][root][INFO] - Welcome
[2024-11-13 17:24:34,018][root][INFO] - poses:(252, 4, 4)
[2024-11-13 17:24:34,029][root][INFO] - after viewpoint, add_errs min:-1.0
[2024-11-13 17:24:34,062][root][INFO] - ob_in_cams:(252, 4, 4)
[2024-11-13 17:24:34,063][root][INFO] - self.cfg.use_normal:False
[2024-11-13 17:24:34,063][root][INFO] - trans_normalizer:[0.019999999552965164, 0.019999999552965164, 0.05000000074505806], rot_normalizer:0.3490658503988659
[2024-11-13 17:24:34,078][root][INFO] - making cropped data
[2024-11-13 17:24:34,078][root][INFO] - Welcome make_crop_data_batch
[2024-11-13 17:24:34,082][root][INFO] - make tf_to_crops done
[2024-11-13 17:24:34,119][root][INFO] - render done
[2024-11-13 17:24:34,124][root][INFO] - warp done
[2024-11-13 17:24:34,130][root][INFO] - pose batch data done
[2024-11-13 17:24:34,130][root][INFO] - forward start
[2024-11-13 17:24:34,258][root][INFO] - forward done
[2024-11-13 17:24:34,269][root][INFO] - making cropped data
[2024-11-13 17:24:34,269][root][INFO] - Welcome make_crop_data_batch
[2024-11-13 17:24:34,270][root][INFO] - make tf_to_crops done
[2024-11-13 17:24:34,285][root][INFO] - render done
[2024-11-13 17:24:34,289][root][INFO] - warp done
[2024-11-13 17:24:34,291][root][INFO] - pose batch data done
[2024-11-13 17:24:34,291][root][INFO] - forward start
[2024-11-13 17:24:34,293][root][INFO] - forward done
[2024-11-13 17:24:34,293][root][INFO] - making cropped data
[2024-11-13 17:24:34,293][root][INFO] - Welcome make_crop_data_batch
[2024-11-13 17:24:34,392][root][INFO] - make tf_to_crops done
[2024-11-13 17:24:34,408][root][INFO] - render done
[2024-11-13 17:24:34,412][root][INFO] - warp done
[2024-11-13 17:24:34,415][root][INFO] - pose batch data done
[2024-11-13 17:24:34,415][root][INFO] - forward start
[2024-11-13 17:24:34,416][root][INFO] - forward done
[2024-11-13 17:24:34,416][root][INFO] - making cropped data
[2024-11-13 17:24:34,416][root][INFO] - Welcome make_crop_data_batch
[2024-11-13 17:24:34,516][root][INFO] - make tf_to_crops done
[2024-11-13 17:24:34,532][root][INFO] - render done
[2024-11-13 17:24:34,535][root][INFO] - warp done
[2024-11-13 17:24:34,538][root][INFO] - pose batch data done
[2024-11-13 17:24:34,538][root][INFO] - forward start
[2024-11-13 17:24:34,540][root][INFO] - forward done
[2024-11-13 17:24:34,540][root][INFO] - making cropped data
[2024-11-13 17:24:34,540][root][INFO] - Welcome make_crop_data_batch
[2024-11-13 17:24:34,640][root][INFO] - make tf_to_crops done
[2024-11-13 17:24:34,656][root][INFO] - render done
[2024-11-13 17:24:34,659][root][INFO] - warp done
[2024-11-13 17:24:34,662][root][INFO] - pose batch data done
[2024-11-13 17:24:34,662][root][INFO] - forward start
[2024-11-13 17:24:34,663][root][INFO] - forward done
[2024-11-13 17:24:34,779][root][INFO] - ob_in_cams:(252, 4, 4)
[2024-11-13 17:24:34,779][root][INFO] - self.cfg.use_normal:False
[2024-11-13 17:24:34,779][root][INFO] - making cropped data
[2024-11-13 17:24:34,785][root][INFO] - Welcome make_crop_data_batch
[2024-11-13 17:24:34,785][root][INFO] - make tf_to_crops done
[2024-11-13 17:24:34,799][root][INFO] - render done
[2024-11-13 17:24:34,929][root][INFO] - pose batch data done
[2024-11-13 17:24:34,929][root][INFO] - pose_data.rgbAs.shape[0]: 252
[2024-11-13 17:24:35,027][root][INFO] - forward done
[2024-11-13 17:24:35,044][root][INFO] - final, add_errs min:-1.0
[2024-11-13 17:24:35,054][root][INFO] - sort ids:tensor([ 44,  73, 128,   1,   7,  43, 134, 146, 164, 199, 217,   8,  50,  74,
        103, 127, 145, 224,   2,  98, 133, 169, 170,  97, 104,  31, 242,  32,
        187, 165,  55, 110, 180, 186, 237, 109, 193, 200, 209, 113,  17,  52,
         54, 153, 203,  29, 168, 162, 238,  51, 137, 147, 219,  61, 178, 118,
        143, 159, 228,  47, 119, 136, 139, 154,  49, 194, 215, 234, 160, 243,
         12,  35, 107, 112, 213,  41, 125, 223, 240,  23, 100, 142, 156, 189,
         40,  59,  65,  82,  83,  84,  88,  95, 115, 140, 179, 183, 185,  16,
         22,  28,  76,  94, 124, 167, 201, 206, 216,  26,  46,  63,  66,  86,
         89, 214, 220,  13,  77,  85,  91, 131, 227, 229, 235,   4,  60,  68,
         79, 210,   5,  25,  34,  92, 130, 150,  14,  80, 106, 155, 202, 245,
        101, 182, 190, 208,  48, 166, 211,  11, 212,  20,  62,  69, 122,  19,
         67,  71, 116, 230, 233,  37,  38, 121, 192, 198, 205, 222,  15, 196,
        171, 176,  64, 144, 157, 225, 226,  10, 152, 174, 175, 149, 151, 173,
        218,  56,  58, 148, 172, 197, 249,  53, 120, 231, 204, 244, 251, 248,
        247,  70, 207, 232, 195, 250,  57, 177, 246, 221,  18, 126, 184,   3,
         27,  30,  33,  36,  78,  87,  96,  99, 108, 141, 161, 181, 188, 191,
        236, 241,   6,  45,  75,  81,  93, 105, 111, 114, 123, 129, 132, 163,
        239,  21,  24,  42, 102,   0,   9,  39,  72, 117, 135, 138, 158,  90])
[2024-11-13 17:24:35,058][root][INFO] - sorted scores:tensor([119.6406, 119.6406, 119.6406, 119.6250, 119.6250, 119.6250, 119.6250,
        119.6250, 119.6250, 119.6250, 119.6250, 119.6094, 119.6094, 119.6094,
        119.6094, 119.6094, 119.6094, 119.6094, 119.5938, 119.5938, 119.5938,
        119.5938, 119.5938, 119.5781, 119.5625, 119.5312, 119.5000, 119.4062,
        119.4062, 119.3750, 119.3281, 119.3125, 119.3125, 119.3125, 119.2656,
        119.2500, 119.2500, 119.2188, 119.2188, 119.2031, 119.1875, 119.1875,
        119.1875, 119.1875, 119.1875, 119.1719, 119.1719, 119.1562, 119.1562,
        119.1406, 119.1406, 119.1406, 119.1406, 119.1250, 119.1250, 119.1094,
        119.1094, 119.1094, 119.1094, 119.0938, 119.0938, 119.0938, 119.0938,
        119.0938, 119.0781, 119.0781, 119.0781, 119.0781, 119.0625, 119.0625,
        119.0469, 119.0469, 119.0469, 119.0469, 119.0469, 119.0312, 119.0312,
        119.0312, 119.0312, 119.0156, 119.0156, 119.0156, 119.0156, 119.0156,
        119.0000, 119.0000, 119.0000, 119.0000, 119.0000, 119.0000, 119.0000,
        119.0000, 119.0000, 119.0000, 119.0000, 119.0000, 119.0000, 118.9844,
        118.9844, 118.9844, 118.9844, 118.9844, 118.9844, 118.9844, 118.9844,
        118.9844, 118.9844, 118.9688, 118.9688, 118.9688, 118.9688, 118.9688,
        118.9688, 118.9688, 118.9688, 118.9531, 118.9531, 118.9531, 118.9531,
        118.9531, 118.9531, 118.9531, 118.9531, 118.9375, 118.9375, 118.9375,
        118.9375, 118.9375, 118.9219, 118.9219, 118.9219, 118.9219, 118.9219,
        118.9219, 118.9062, 118.9062, 118.9062, 118.9062, 118.9062, 118.9062,
        118.8906, 118.8906, 118.8594, 118.8594, 118.8438, 118.8438, 118.8438,
        118.8281, 118.8281, 118.8125, 118.8125, 118.8125, 118.8125, 118.7969,
        118.7969, 118.7969, 118.7969, 118.7969, 118.7969, 118.7812, 118.7812,
        118.7812, 118.7812, 118.7812, 118.7812, 118.7812, 118.7500, 118.7500,
        118.7344, 118.7188, 118.7031, 118.7031, 118.7031, 118.7031, 118.7031,
        118.6875, 118.6875, 118.6875, 118.6875, 118.6719, 118.6719, 118.6719,
        118.6719, 118.6562, 118.6562, 118.6562, 118.6562, 118.6562, 118.6562,
        118.6406, 118.6406, 118.6250, 118.6094, 118.6094, 118.6094, 118.5938,
        118.5781, 118.5625, 118.5625, 118.5625, 118.5469, 118.5469, 118.5156,
        118.4688, 118.4531, 118.3750, 118.2188, 118.1406, 118.1406, 118.1250,
        118.1250, 118.1250, 118.1250, 118.1250, 118.1250, 118.1250, 118.1250,
        118.1250, 118.1250, 118.1250, 118.1250, 118.1250, 118.1250, 118.1250,
        118.1250, 118.1250, 118.1094, 118.1094, 118.1094, 118.1094, 118.1094,
        118.1094, 118.1094, 118.1094, 118.1094, 118.1094, 118.1094, 118.1094,
        118.1094, 118.0938, 118.0938, 118.0938, 118.0938, 118.0781, 118.0781,
        118.0781, 118.0781, 118.0781, 118.0781, 118.0781, 118.0781, 118.0625])
