[2024-10-25 15:45:34,932][websockets.server][INFO] - server listening on 0.0.0.0:8080
[2024-10-25 15:45:35,058][root][INFO] - self.cfg: 
 lr: 0.0001
c_in: 6
zfar: 'Infinity'
debug: null
n_view: 1
run_id: 3wy8qqex
use_BN: true
exp_name: 2024-01-11-20-02-45
n_epochs: 62
save_dir: /home/bowenw/debug/2024-01-11-20-02-45/
use_mask: false
loss_type: pairwise_valid
optimizer: adam
batch_size: 64
crop_ratio: 1.1
enable_amp: true
use_normal: false
max_num_key: null
warmup_step: -1
input_resize:
- 160
- 160
max_step_val: 1000
vis_interval: 1000
weight_decay: 0
normalize_xyz: true
resume_run_id: null
clip_grad_norm: 'Infinity'
lr_epoch_decay: 500
render_backend: nvdiffrast
train_num_pair: 5
lr_decay_epochs:
- 50
n_epochs_warmup: 1
make_pair_online: false
gradient_max_norm: 'Infinity'
max_step_per_epoch: 10000
n_rendering_workers: 1
save_epoch_interval: 100
n_dataloader_workers: 100
split_objects_across_gpus: true
ckpt_dir: /home/shaol/gjx/rw/third_party/FoundationPose/learning/training/../../weights/2024-01-11-20-02-45/model_best.pth

[2024-10-25 15:45:35,058][root][INFO] - self.h5_file:None
[2024-10-25 15:45:35,227][root][INFO] - Using pretrained model from /home/shaol/gjx/rw/third_party/FoundationPose/learning/training/../../weights/2024-01-11-20-02-45/model_best.pth
[2024-10-25 15:45:35,289][root][INFO] - init done
[2024-10-25 15:45:35,289][root][INFO] - welcome
[2024-10-25 15:45:35,293][root][INFO] - self.cfg: 
 lr: 0.0001
c_in: 6
zfar: .inf
debug: null
w_rot: 0.1
n_view: 1
run_id: null
use_BN: true
rot_rep: axis_angle
ckpt_dir: /home/shaol/gjx/rw/third_party/FoundationPose/learning/training/../../weights/2023-10-28-18-33-37/model_best.pth
exp_name: 2023-10-28-18-33-37
save_dir: /tmp/2023-10-28-18-33-37/
loss_type: l2
optimizer: adam
trans_rep: tracknet
batch_size: 64
crop_ratio: 1.2
use_normal: false
BN_momentum: 0.1
max_num_key: null
warmup_step: -1
input_resize:
- 160
- 160
max_step_val: 1000
normal_uint8: false
vis_interval: 1000
weight_decay: 0
n_max_objects: null
normalize_xyz: true
clip_grad_norm: 'Infinity'
rot_normalizer: 0.3490658503988659
trans_normalizer:
- 0.019999999552965164
- 0.019999999552965164
- 0.05000000074505806
max_step_per_epoch: 25000
val_epoch_interval: 10
n_dataloader_workers: 60
enable_amp: true
use_mask: false

[2024-10-25 15:45:35,293][root][INFO] - self.h5_file:
[2024-10-25 15:45:35,341][root][INFO] - Using pretrained model from /home/shaol/gjx/rw/third_party/FoundationPose/learning/training/../../weights/2023-10-28-18-33-37/model_best.pth
[2024-10-25 15:45:35,363][root][INFO] - init done
[2024-10-25 15:45:35,751][websockets.server][INFO] - connection open
[2024-10-25 15:45:36,399][root][INFO] - self.diameter:0.09129442543218583, vox_size:0.004564721271609291
[2024-10-25 15:45:36,414][root][INFO] - self.pts:torch.Size([825, 3])
[2024-10-25 15:45:37,399][root][INFO] - reset done
[2024-10-25 15:45:37,399][root][INFO] - cam_in_obs:(42, 4, 4)
[2024-10-25 15:45:37,400][root][INFO] - rot_grid:(252, 4, 4)
[2024-10-25 15:45:37,401][root][INFO] - after cluster, rot_grid:(252, 4, 4)
[2024-10-25 15:45:37,401][root][INFO] - self.rot_grid: torch.Size([252, 4, 4])
[2024-10-25 15:45:37,438][websockets.server][INFO] - connection open
[2024-10-25 15:45:48,380][root][INFO] - Welcome
[2024-10-25 15:45:48,395][root][INFO] - poses:(252, 4, 4)
[2024-10-25 15:45:48,407][root][INFO] - after viewpoint, add_errs min:-1.0
[2024-10-25 15:45:48,477][root][INFO] - ob_in_cams:(252, 4, 4)
[2024-10-25 15:45:48,477][root][INFO] - self.cfg.use_normal:False
[2024-10-25 15:45:48,477][root][INFO] - trans_normalizer:[0.019999999552965164, 0.019999999552965164, 0.05000000074505806], rot_normalizer:0.3490658503988659
[2024-10-25 15:45:48,486][root][INFO] - making cropped data
[2024-10-25 15:45:48,487][root][INFO] - Welcome make_crop_data_batch
[2024-10-25 15:45:48,491][root][INFO] - make tf_to_crops done
[2024-10-25 15:45:48,513][root][INFO] - render done
[2024-10-25 15:45:48,519][root][INFO] - warp done
[2024-10-25 15:45:48,524][root][INFO] - pose batch data done
[2024-10-25 15:45:48,524][root][INFO] - forward start
[2024-10-25 15:45:48,649][root][INFO] - forward done
[2024-10-25 15:45:48,660][root][INFO] - making cropped data
[2024-10-25 15:45:48,661][root][INFO] - Welcome make_crop_data_batch
[2024-10-25 15:45:48,661][root][INFO] - make tf_to_crops done
[2024-10-25 15:45:48,677][root][INFO] - render done
[2024-10-25 15:45:48,680][root][INFO] - warp done
[2024-10-25 15:45:48,683][root][INFO] - pose batch data done
[2024-10-25 15:45:48,683][root][INFO] - forward start
[2024-10-25 15:45:48,685][root][INFO] - forward done
[2024-10-25 15:45:48,685][root][INFO] - making cropped data
[2024-10-25 15:45:48,685][root][INFO] - Welcome make_crop_data_batch
[2024-10-25 15:45:48,786][root][INFO] - make tf_to_crops done
[2024-10-25 15:45:48,800][root][INFO] - render done
[2024-10-25 15:45:48,804][root][INFO] - warp done
[2024-10-25 15:45:48,807][root][INFO] - pose batch data done
[2024-10-25 15:45:48,807][root][INFO] - forward start
[2024-10-25 15:45:48,808][root][INFO] - forward done
[2024-10-25 15:45:48,808][root][INFO] - making cropped data
[2024-10-25 15:45:48,808][root][INFO] - Welcome make_crop_data_batch
[2024-10-25 15:45:48,907][root][INFO] - make tf_to_crops done
[2024-10-25 15:45:48,922][root][INFO] - render done
[2024-10-25 15:45:48,925][root][INFO] - warp done
[2024-10-25 15:45:48,928][root][INFO] - pose batch data done
[2024-10-25 15:45:48,928][root][INFO] - forward start
[2024-10-25 15:45:48,930][root][INFO] - forward done
[2024-10-25 15:45:48,930][root][INFO] - making cropped data
[2024-10-25 15:45:48,930][root][INFO] - Welcome make_crop_data_batch
[2024-10-25 15:45:49,028][root][INFO] - make tf_to_crops done
[2024-10-25 15:45:49,043][root][INFO] - render done
[2024-10-25 15:45:49,046][root][INFO] - warp done
[2024-10-25 15:45:49,049][root][INFO] - pose batch data done
[2024-10-25 15:45:49,049][root][INFO] - forward start
[2024-10-25 15:45:49,051][root][INFO] - forward done
[2024-10-25 15:45:49,164][root][INFO] - ob_in_cams:(252, 4, 4)
[2024-10-25 15:45:49,164][root][INFO] - self.cfg.use_normal:False
[2024-10-25 15:45:49,165][root][INFO] - making cropped data
[2024-10-25 15:45:49,171][root][INFO] - Welcome make_crop_data_batch
[2024-10-25 15:45:49,172][root][INFO] - make tf_to_crops done
[2024-10-25 15:45:49,185][root][INFO] - render done
[2024-10-25 15:45:49,313][root][INFO] - pose batch data done
[2024-10-25 15:45:49,313][root][INFO] - pose_data.rgbAs.shape[0]: 252
[2024-10-25 15:45:49,409][root][INFO] - forward done
[2024-10-25 15:45:49,427][root][INFO] - final, add_errs min:-1.0
[2024-10-25 15:45:49,435][root][INFO] - sort ids:tensor([156, 128, 130, 226, 100, 244,  99,  46, 129, 142, 219, 212, 201, 237,
         74,   8, 104,   4,   9,  76, 103, 105, 106, 188, 231, 134, 145, 170,
         73, 133, 185,  43, 102,  28,  31, 109, 167, 186,   7, 136, 168, 126,
        127, 150, 163,  53,  11,  59, 137,  48, 149, 173, 197,  69,  52, 200,
         68, 224,  62,  72,  97, 248, 131, 132, 221, 242, 101, 203,   5,  77,
         98, 107,  24,   2,  32, 141, 111, 174,  90, 148, 210, 243, 110, 172,
        190,  54, 196, 239,  10, 154, 180,  29, 117, 177, 187,  55, 213,  44,
        140, 147, 189, 220, 135, 165,  38, 159, 169, 207,  45,  58, 160, 164,
         41, 143, 123, 222, 247, 217,  47,  61,  96, 113, 223, 245,  84, 199,
        112, 229,   1,  25,  26,  51,  70, 234,  30,  35, 193, 235,  19,  49,
         67, 157, 232, 240,  16, 151, 238, 250,  39, 175,  64, 208, 228, 108,
        138, 202,  40, 139, 153, 216,  66, 215, 233, 119,  65, 171,  71, 251,
         17, 198,  50, 209,  56, 246, 152, 182, 191,  13,  20,  79,  92, 121,
        194, 205, 211,  85,  94, 120, 176, 115, 178,  88,  22,  37, 184,  82,
        195,   0,  93, 230, 236,  14, 116,  86,  80,  87, 155,  95,  23,  83,
        125, 161, 114, 124, 206, 122, 118,   3, 227, 162, 241,  34,  91,  89,
        146, 218,  36,  57, 179,  75,  15,  18,  81,  42, 144, 183,   6,  60,
         21, 192,  12,  78, 214, 249, 158, 225, 166,  27, 204,  33, 181,  63])
[2024-10-25 15:45:49,439][root][INFO] - sorted scores:tensor([94.6016, 94.5586, 94.5273, 94.5273, 94.5234, 94.5234, 94.5195, 94.5117,
        94.5117, 94.5117, 94.5117, 94.5078, 94.5039, 94.4922, 94.4883, 94.4844,
        94.4805, 94.4766, 94.4766, 94.4766, 94.4766, 94.4766, 94.4766, 94.4766,
        94.4766, 94.4727, 94.4727, 94.4727, 94.4688, 94.4688, 94.4688, 94.4648,
        94.4648, 94.4609, 94.4609, 94.4609, 94.4609, 94.4609, 94.4570, 94.4570,
        94.4570, 94.4531, 94.4531, 94.4492, 94.4492, 94.4453, 94.4414, 94.4414,
        94.4414, 94.4375, 94.4375, 94.4375, 94.4336, 94.4297, 94.4258, 94.4180,
        94.4141, 94.4141, 94.4102, 94.4102, 94.4102, 94.4062, 94.3984, 94.3984,
        94.3984, 94.3984, 94.3945, 94.3906, 94.3867, 94.3867, 94.3789, 94.3750,
        94.3672, 94.3594, 94.3594, 94.3594, 94.3516, 94.3438, 94.3398, 94.3398,
        94.3398, 94.3398, 94.3359, 94.3359, 94.3359, 94.3320, 94.3320, 94.3320,
        94.3281, 94.3281, 94.3281, 94.3242, 94.3242, 94.3242, 94.3242, 94.3203,
        94.3164, 94.3125, 94.3125, 94.3125, 94.3125, 94.3125, 94.3086, 94.3086,
        94.3047, 94.3047, 94.3047, 94.3047, 94.3008, 94.3008, 94.3008, 94.3008,
        94.2969, 94.2969, 94.2891, 94.2891, 94.2891, 94.2852, 94.2812, 94.2812,
        94.2812, 94.2812, 94.2812, 94.2812, 94.2773, 94.2773, 94.2695, 94.2695,
        94.2656, 94.2656, 94.2656, 94.2656, 94.2656, 94.2656, 94.2617, 94.2617,
        94.2617, 94.2617, 94.2578, 94.2578, 94.2578, 94.2578, 94.2578, 94.2578,
        94.2539, 94.2539, 94.2539, 94.2539, 94.2500, 94.2500, 94.2461, 94.2461,
        94.2461, 94.2422, 94.2383, 94.2383, 94.2188, 94.2188, 94.2188, 94.2109,
        94.2031, 94.1992, 94.1953, 94.1914, 94.1875, 94.1875, 94.1797, 94.1797,
        94.1758, 94.1758, 94.1719, 94.1602, 94.1523, 94.1484, 94.1445, 94.1445,
        94.1445, 94.1406, 94.1406, 94.1406, 94.1406, 94.1406, 94.1406, 94.1406,
        94.1406, 94.1367, 94.1367, 94.1367, 94.1367, 94.1289, 94.1250, 94.1211,
        94.1172, 94.1172, 94.1172, 94.1133, 94.1133, 94.0938, 94.0938, 94.0820,
        94.0820, 94.0742, 94.0742, 94.0664, 94.0625, 94.0508, 94.0000, 93.9961,
        93.9922, 93.9922, 93.9922, 93.9805, 93.9609, 93.9414, 93.9258, 93.8867,
        93.8633, 93.7773, 93.7695, 93.7617, 93.7188, 93.7148, 93.7070, 93.7031,
        93.7031, 93.6992, 93.6875, 93.6836, 93.6797, 93.6758, 93.6719, 93.6641,
        93.6641, 93.6602, 93.6602, 93.6602, 93.6523, 93.6523, 93.6484, 93.6445,
        93.6406, 93.6406, 93.6367, 93.6328, 93.6250, 93.6250, 93.6211, 93.6172,
        93.5703, 93.5586, 93.5508, 93.5000])
