[2024-10-25 14:28:04,110][websockets.server][INFO] - server listening on 0.0.0.0:8080
[2024-10-25 14:28:04,230][root][INFO] - self.cfg: 
 lr: 0.0001
c_in: 6
zfar: 'Infinity'
debug: null
n_view: 1
run_id: 3wy8qqex
use_BN: true
exp_name: 2024-01-11-20-02-45
n_epochs: 62
save_dir: /home/bowenw/debug/2024-01-11-20-02-45/
use_mask: false
loss_type: pairwise_valid
optimizer: adam
batch_size: 64
crop_ratio: 1.1
enable_amp: true
use_normal: false
max_num_key: null
warmup_step: -1
input_resize:
- 160
- 160
max_step_val: 1000
vis_interval: 1000
weight_decay: 0
normalize_xyz: true
resume_run_id: null
clip_grad_norm: 'Infinity'
lr_epoch_decay: 500
render_backend: nvdiffrast
train_num_pair: 5
lr_decay_epochs:
- 50
n_epochs_warmup: 1
make_pair_online: false
gradient_max_norm: 'Infinity'
max_step_per_epoch: 10000
n_rendering_workers: 1
save_epoch_interval: 100
n_dataloader_workers: 100
split_objects_across_gpus: true
ckpt_dir: /home/shaol/gjx/rw/third_party/FoundationPose/learning/training/../../weights/2024-01-11-20-02-45/model_best.pth

[2024-10-25 14:28:04,230][root][INFO] - self.h5_file:None
[2024-10-25 14:28:04,376][root][INFO] - Using pretrained model from /home/shaol/gjx/rw/third_party/FoundationPose/learning/training/../../weights/2024-01-11-20-02-45/model_best.pth
[2024-10-25 14:28:04,435][root][INFO] - init done
[2024-10-25 14:28:04,435][root][INFO] - welcome
[2024-10-25 14:28:04,439][root][INFO] - self.cfg: 
 lr: 0.0001
c_in: 6
zfar: .inf
debug: null
w_rot: 0.1
n_view: 1
run_id: null
use_BN: true
rot_rep: axis_angle
ckpt_dir: /home/shaol/gjx/rw/third_party/FoundationPose/learning/training/../../weights/2023-10-28-18-33-37/model_best.pth
exp_name: 2023-10-28-18-33-37
save_dir: /tmp/2023-10-28-18-33-37/
loss_type: l2
optimizer: adam
trans_rep: tracknet
batch_size: 64
crop_ratio: 1.2
use_normal: false
BN_momentum: 0.1
max_num_key: null
warmup_step: -1
input_resize:
- 160
- 160
max_step_val: 1000
normal_uint8: false
vis_interval: 1000
weight_decay: 0
n_max_objects: null
normalize_xyz: true
clip_grad_norm: 'Infinity'
rot_normalizer: 0.3490658503988659
trans_normalizer:
- 0.019999999552965164
- 0.019999999552965164
- 0.05000000074505806
max_step_per_epoch: 25000
val_epoch_interval: 10
n_dataloader_workers: 60
enable_amp: true
use_mask: false

[2024-10-25 14:28:04,439][root][INFO] - self.h5_file:
[2024-10-25 14:28:04,483][root][INFO] - Using pretrained model from /home/shaol/gjx/rw/third_party/FoundationPose/learning/training/../../weights/2023-10-28-18-33-37/model_best.pth
[2024-10-25 14:28:04,501][root][INFO] - init done
[2024-10-25 14:28:05,487][root][INFO] - self.diameter:0.09129442543218583, vox_size:0.004564721271609291
[2024-10-25 14:28:05,501][root][INFO] - self.pts:torch.Size([825, 3])
[2024-10-25 14:28:06,124][websockets.server][INFO] - connection open
[2024-10-25 14:28:06,487][root][INFO] - reset done
[2024-10-25 14:28:06,488][root][INFO] - cam_in_obs:(42, 4, 4)
[2024-10-25 14:28:06,490][root][INFO] - rot_grid:(252, 4, 4)
[2024-10-25 14:28:06,491][root][INFO] - after cluster, rot_grid:(252, 4, 4)
[2024-10-25 14:28:06,491][root][INFO] - self.rot_grid: torch.Size([252, 4, 4])
[2024-10-25 14:28:07,091][websockets.server][INFO] - connection open
[2024-10-25 14:28:20,812][root][INFO] - Welcome
[2024-10-25 14:28:20,833][root][INFO] - poses:(252, 4, 4)
[2024-10-25 14:28:20,844][root][INFO] - after viewpoint, add_errs min:-1.0
[2024-10-25 14:28:20,873][root][INFO] - ob_in_cams:(252, 4, 4)
[2024-10-25 14:28:20,873][root][INFO] - self.cfg.use_normal:False
[2024-10-25 14:28:20,874][root][INFO] - trans_normalizer:[0.019999999552965164, 0.019999999552965164, 0.05000000074505806], rot_normalizer:0.3490658503988659
[2024-10-25 14:28:20,894][root][INFO] - making cropped data
[2024-10-25 14:28:20,894][root][INFO] - Welcome make_crop_data_batch
[2024-10-25 14:28:20,897][root][INFO] - make tf_to_crops done
[2024-10-25 14:28:20,927][root][INFO] - render done
[2024-10-25 14:28:20,933][root][INFO] - warp done
[2024-10-25 14:28:20,937][root][INFO] - pose batch data done
[2024-10-25 14:28:20,937][root][INFO] - forward start
[2024-10-25 14:28:21,056][root][INFO] - forward done
[2024-10-25 14:28:21,068][root][INFO] - making cropped data
[2024-10-25 14:28:21,068][root][INFO] - Welcome make_crop_data_batch
[2024-10-25 14:28:21,068][root][INFO] - make tf_to_crops done
[2024-10-25 14:28:21,083][root][INFO] - render done
[2024-10-25 14:28:21,086][root][INFO] - warp done
[2024-10-25 14:28:21,089][root][INFO] - pose batch data done
[2024-10-25 14:28:21,089][root][INFO] - forward start
[2024-10-25 14:28:21,090][root][INFO] - forward done
[2024-10-25 14:28:21,091][root][INFO] - making cropped data
[2024-10-25 14:28:21,091][root][INFO] - Welcome make_crop_data_batch
[2024-10-25 14:28:21,188][root][INFO] - make tf_to_crops done
[2024-10-25 14:28:21,203][root][INFO] - render done
[2024-10-25 14:28:21,206][root][INFO] - warp done
[2024-10-25 14:28:21,209][root][INFO] - pose batch data done
[2024-10-25 14:28:21,209][root][INFO] - forward start
[2024-10-25 14:28:21,211][root][INFO] - forward done
[2024-10-25 14:28:21,211][root][INFO] - making cropped data
[2024-10-25 14:28:21,211][root][INFO] - Welcome make_crop_data_batch
[2024-10-25 14:28:21,305][root][INFO] - make tf_to_crops done
[2024-10-25 14:28:21,319][root][INFO] - render done
[2024-10-25 14:28:21,322][root][INFO] - warp done
[2024-10-25 14:28:21,325][root][INFO] - pose batch data done
[2024-10-25 14:28:21,325][root][INFO] - forward start
[2024-10-25 14:28:21,326][root][INFO] - forward done
[2024-10-25 14:28:21,327][root][INFO] - making cropped data
[2024-10-25 14:28:21,327][root][INFO] - Welcome make_crop_data_batch
[2024-10-25 14:28:21,420][root][INFO] - make tf_to_crops done
[2024-10-25 14:28:21,434][root][INFO] - render done
[2024-10-25 14:28:21,437][root][INFO] - warp done
[2024-10-25 14:28:21,440][root][INFO] - pose batch data done
[2024-10-25 14:28:21,440][root][INFO] - forward start
[2024-10-25 14:28:21,441][root][INFO] - forward done
[2024-10-25 14:28:21,551][root][INFO] - ob_in_cams:(252, 4, 4)
[2024-10-25 14:28:21,551][root][INFO] - self.cfg.use_normal:False
[2024-10-25 14:28:21,551][root][INFO] - making cropped data
[2024-10-25 14:28:21,556][root][INFO] - Welcome make_crop_data_batch
[2024-10-25 14:28:21,557][root][INFO] - make tf_to_crops done
[2024-10-25 14:28:21,571][root][INFO] - render done
[2024-10-25 14:28:21,695][root][INFO] - pose batch data done
[2024-10-25 14:28:21,695][root][INFO] - pose_data.rgbAs.shape[0]: 252
[2024-10-25 14:28:21,785][root][INFO] - forward done
[2024-10-25 14:28:21,803][root][INFO] - final, add_errs min:-1.0
[2024-10-25 14:28:21,812][root][INFO] - sort ids:tensor([ 31,  39, 109, 153, 140, 160, 214,  40,  44, 138, 139, 159, 219,  37,
         63, 116, 134, 158, 164, 171, 177, 212, 213,  38,  51, 117, 142, 143,
        165, 189, 195, 201, 211, 220,   1,   4,   5,  35,  61,  65,  66,  76,
        100, 111, 122, 123, 182, 202, 203, 250,   0,  25,  28,  29,  53,  54,
         58,  68,  95,  97, 110, 113, 126, 131, 135, 136, 172, 173, 180, 185,
        187, 199, 200, 209, 223, 224, 226, 227, 232, 234, 235, 240, 247,   7,
         10,  11,  42,  45,  46,  57,  70, 128, 129, 132, 141, 149, 166, 181,
        183, 184, 186, 190, 193, 197, 208, 218, 228, 233, 239, 245,  16,  17,
         22,  24,  72,  84,  90, 112, 133, 145, 148, 150, 156, 168, 169, 196,
        198, 204,   8,  23,  30,  75,  89,  94,  96, 101, 102, 104, 108, 125,
        144, 146, 154, 170, 174, 191, 241,   9,  33,  49,  60,  99, 105, 107,
        118, 163, 192, 194, 210, 215, 216, 246, 251,  19,  27,  34,  41,  48,
         50,  52,  56,  93, 152, 162, 175, 188, 217, 236,  20,  43,  47,  87,
         91, 151, 176, 179, 221, 238,  32,  64,  67, 207, 249,  55, 155, 225,
        231, 244,   2,  69,  85, 130, 167, 205, 230, 237,  13,  14,  73,  77,
         86, 106, 115, 147, 157, 206, 229, 242,  79, 178,   6,  36,  59, 161,
        222, 243,   3,  26,  98, 114, 120, 248, 103,  71,  74,  80, 127, 121,
         21,  62,  81,  15,  12,  18, 124,  78,  82,  83,  88, 119,  92, 137])
[2024-10-25 14:28:21,815][root][INFO] - sorted scores:tensor([124.1562, 124.1562, 124.1562, 124.1562, 124.1094, 124.1094, 124.1094,
        124.0938, 124.0938, 124.0938, 124.0938, 124.0938, 124.0938, 124.0781,
        124.0781, 124.0781, 124.0781, 124.0781, 124.0781, 124.0781, 124.0781,
        124.0781, 124.0781, 124.0625, 124.0625, 124.0625, 124.0625, 124.0625,
        124.0625, 124.0625, 124.0625, 124.0625, 124.0625, 124.0625, 124.0469,
        124.0469, 124.0469, 124.0469, 124.0469, 124.0469, 124.0469, 124.0469,
        124.0469, 124.0469, 124.0469, 124.0469, 124.0469, 124.0469, 124.0469,
        124.0469, 124.0312, 124.0312, 124.0312, 124.0312, 124.0312, 124.0312,
        124.0312, 124.0312, 124.0312, 124.0312, 124.0312, 124.0312, 124.0312,
        124.0312, 124.0312, 124.0312, 124.0312, 124.0312, 124.0312, 124.0312,
        124.0312, 124.0312, 124.0312, 124.0312, 124.0312, 124.0312, 124.0312,
        124.0312, 124.0312, 124.0312, 124.0312, 124.0312, 124.0312, 124.0156,
        124.0156, 124.0156, 124.0156, 124.0156, 124.0156, 124.0156, 124.0156,
        124.0156, 124.0156, 124.0156, 124.0156, 124.0156, 124.0156, 124.0156,
        124.0156, 124.0156, 124.0156, 124.0156, 124.0156, 124.0156, 124.0156,
        124.0156, 124.0156, 124.0156, 124.0156, 124.0156, 124.0000, 124.0000,
        124.0000, 124.0000, 124.0000, 124.0000, 124.0000, 124.0000, 124.0000,
        124.0000, 124.0000, 124.0000, 124.0000, 124.0000, 124.0000, 124.0000,
        124.0000, 124.0000, 123.9844, 123.9844, 123.9844, 123.9844, 123.9844,
        123.9844, 123.9844, 123.9844, 123.9844, 123.9844, 123.9844, 123.9844,
        123.9844, 123.9844, 123.9844, 123.9844, 123.9844, 123.9844, 123.9844,
        123.9688, 123.9688, 123.9688, 123.9688, 123.9688, 123.9688, 123.9688,
        123.9688, 123.9688, 123.9688, 123.9688, 123.9688, 123.9688, 123.9688,
        123.9688, 123.9688, 123.9531, 123.9531, 123.9531, 123.9531, 123.9531,
        123.9531, 123.9531, 123.9531, 123.9531, 123.9531, 123.9531, 123.9531,
        123.9531, 123.9531, 123.9531, 123.9375, 123.9375, 123.9375, 123.9375,
        123.9375, 123.9375, 123.9375, 123.9375, 123.9375, 123.9375, 123.9219,
        123.9219, 123.9219, 123.9219, 123.9219, 123.9062, 123.9062, 123.9062,
        123.9062, 123.9062, 123.8906, 123.8906, 123.8906, 123.8906, 123.8906,
        123.8906, 123.8906, 123.8906, 123.8750, 123.8750, 123.8750, 123.8750,
        123.8750, 123.8750, 123.8750, 123.8750, 123.8750, 123.8750, 123.8750,
        123.8750, 123.8594, 123.8594, 123.8438, 123.8438, 123.8438, 123.8438,
        123.8438, 123.8438, 123.8281, 123.8281, 123.8281, 123.8281, 123.8281,
        123.8281, 123.8125, 123.7969, 123.7969, 123.7969, 123.7969, 123.7656,
        123.7500, 123.7500, 123.7500, 123.7344, 123.7188, 123.7188, 123.7188,
        123.7031, 123.7031, 123.7031, 123.7031, 123.7031, 123.6719, 123.6250])
