[2024-09-21 19:54:17,305][root][INFO] - self.cfg: 
 lr: 0.0001
c_in: 6
zfar: 'Infinity'
debug: null
n_view: 1
run_id: 3wy8qqex
use_BN: true
exp_name: 2024-01-11-20-02-45
n_epochs: 62
save_dir: /home/bowenw/debug/2024-01-11-20-02-45/
use_mask: false
loss_type: pairwise_valid
optimizer: adam
batch_size: 64
crop_ratio: 1.1
enable_amp: true
use_normal: false
max_num_key: null
warmup_step: -1
input_resize:
- 160
- 160
max_step_val: 1000
vis_interval: 1000
weight_decay: 0
normalize_xyz: true
resume_run_id: null
clip_grad_norm: 'Infinity'
lr_epoch_decay: 500
render_backend: nvdiffrast
train_num_pair: 5
lr_decay_epochs:
- 50
n_epochs_warmup: 1
make_pair_online: false
gradient_max_norm: 'Infinity'
max_step_per_epoch: 10000
n_rendering_workers: 1
save_epoch_interval: 100
n_dataloader_workers: 100
split_objects_across_gpus: true
ckpt_dir: FoundationPose/learning/training/../../weights/2024-01-11-20-02-45/model_best.pth

[2024-09-21 19:54:17,305][root][INFO] - self.h5_file:None
[2024-09-21 19:54:17,487][root][INFO] - Using pretrained model from FoundationPose/learning/training/../../weights/2024-01-11-20-02-45/model_best.pth
[2024-09-21 19:54:17,545][root][INFO] - init done
[2024-09-21 19:54:17,545][root][INFO] - welcome
[2024-09-21 19:54:17,549][root][INFO] - self.cfg: 
 lr: 0.0001
c_in: 6
zfar: .inf
debug: null
w_rot: 0.1
n_view: 1
run_id: null
use_BN: true
rot_rep: axis_angle
ckpt_dir: FoundationPose/learning/training/../../weights/2023-10-28-18-33-37/model_best.pth
exp_name: 2023-10-28-18-33-37
save_dir: /tmp/2023-10-28-18-33-37/
loss_type: l2
optimizer: adam
trans_rep: tracknet
batch_size: 64
crop_ratio: 1.2
use_normal: false
BN_momentum: 0.1
max_num_key: null
warmup_step: -1
input_resize:
- 160
- 160
max_step_val: 1000
normal_uint8: false
vis_interval: 1000
weight_decay: 0
n_max_objects: null
normalize_xyz: true
clip_grad_norm: 'Infinity'
rot_normalizer: 0.3490658503988659
trans_normalizer:
- 0.019999999552965164
- 0.019999999552965164
- 0.05000000074505806
max_step_per_epoch: 25000
val_epoch_interval: 10
n_dataloader_workers: 60
enable_amp: true
use_mask: false

[2024-09-21 19:54:17,549][root][INFO] - self.h5_file:
[2024-09-21 19:54:17,593][root][INFO] - Using pretrained model from FoundationPose/learning/training/../../weights/2023-10-28-18-33-37/model_best.pth
[2024-09-21 19:54:17,610][root][INFO] - init done
[2024-09-21 19:54:19,777][root][INFO] - self.diameter:0.16495794476473338, vox_size:0.008247897238236669
[2024-09-21 19:54:19,793][root][INFO] - self.pts:torch.Size([947, 3])
[2024-09-21 19:54:20,633][root][INFO] - reset done
[2024-09-21 19:54:20,633][root][INFO] - cam_in_obs:(42, 4, 4)
[2024-09-21 19:54:20,644][root][INFO] - rot_grid:(252, 4, 4)
[2024-09-21 19:54:20,645][root][INFO] - after cluster, rot_grid:(252, 4, 4)
[2024-09-21 19:54:20,645][root][INFO] - self.rot_grid: torch.Size([252, 4, 4])
[2024-09-21 19:54:29,955][root][INFO] - Welcome
[2024-09-21 19:54:29,970][root][INFO] - poses:(252, 4, 4)
[2024-09-21 19:54:29,979][root][INFO] - after viewpoint, add_errs min:-1.0
[2024-09-21 19:54:30,041][root][INFO] - ob_in_cams:(252, 4, 4)
[2024-09-21 19:54:30,041][root][INFO] - self.cfg.use_normal:False
[2024-09-21 19:54:30,044][root][INFO] - trans_normalizer:[0.019999999552965164, 0.019999999552965164, 0.05000000074505806], rot_normalizer:0.3490658503988659
[2024-09-21 19:54:30,059][root][INFO] - making cropped data
[2024-09-21 19:54:30,059][root][INFO] - Welcome make_crop_data_batch
[2024-09-21 19:54:30,064][root][INFO] - make tf_to_crops done
[2024-09-21 19:54:30,098][root][INFO] - render done
[2024-09-21 19:54:30,104][root][INFO] - warp done
[2024-09-21 19:54:30,109][root][INFO] - pose batch data done
[2024-09-21 19:54:30,109][root][INFO] - forward start
[2024-09-21 19:54:30,224][root][INFO] - forward done
[2024-09-21 19:54:30,235][root][INFO] - making cropped data
[2024-09-21 19:54:30,235][root][INFO] - Welcome make_crop_data_batch
[2024-09-21 19:54:30,235][root][INFO] - make tf_to_crops done
[2024-09-21 19:54:30,257][root][INFO] - render done
[2024-09-21 19:54:30,261][root][INFO] - warp done
[2024-09-21 19:54:30,264][root][INFO] - pose batch data done
[2024-09-21 19:54:30,264][root][INFO] - forward start
[2024-09-21 19:54:30,265][root][INFO] - forward done
[2024-09-21 19:54:30,265][root][INFO] - making cropped data
[2024-09-21 19:54:30,266][root][INFO] - Welcome make_crop_data_batch
[2024-09-21 19:54:30,361][root][INFO] - make tf_to_crops done
[2024-09-21 19:54:30,381][root][INFO] - render done
[2024-09-21 19:54:30,384][root][INFO] - warp done
[2024-09-21 19:54:30,387][root][INFO] - pose batch data done
[2024-09-21 19:54:30,387][root][INFO] - forward start
[2024-09-21 19:54:30,389][root][INFO] - forward done
[2024-09-21 19:54:30,389][root][INFO] - making cropped data
[2024-09-21 19:54:30,389][root][INFO] - Welcome make_crop_data_batch
[2024-09-21 19:54:30,485][root][INFO] - make tf_to_crops done
[2024-09-21 19:54:30,505][root][INFO] - render done
[2024-09-21 19:54:30,509][root][INFO] - warp done
[2024-09-21 19:54:30,512][root][INFO] - pose batch data done
[2024-09-21 19:54:30,512][root][INFO] - forward start
[2024-09-21 19:54:30,513][root][INFO] - forward done
[2024-09-21 19:54:30,513][root][INFO] - making cropped data
[2024-09-21 19:54:30,514][root][INFO] - Welcome make_crop_data_batch
[2024-09-21 19:54:30,611][root][INFO] - make tf_to_crops done
[2024-09-21 19:54:30,630][root][INFO] - render done
[2024-09-21 19:54:30,634][root][INFO] - warp done
[2024-09-21 19:54:30,637][root][INFO] - pose batch data done
[2024-09-21 19:54:30,637][root][INFO] - forward start
[2024-09-21 19:54:30,638][root][INFO] - forward done
[2024-09-21 19:54:30,749][root][INFO] - ob_in_cams:(252, 4, 4)
[2024-09-21 19:54:30,750][root][INFO] - self.cfg.use_normal:False
[2024-09-21 19:54:30,750][root][INFO] - making cropped data
[2024-09-21 19:54:30,757][root][INFO] - Welcome make_crop_data_batch
[2024-09-21 19:54:30,758][root][INFO] - make tf_to_crops done
[2024-09-21 19:54:30,777][root][INFO] - render done
[2024-09-21 19:54:30,903][root][INFO] - pose batch data done
[2024-09-21 19:54:30,903][root][INFO] - pose_data.rgbAs.shape[0]: 252
[2024-09-21 19:54:30,999][root][INFO] - forward done
[2024-09-21 19:54:31,017][root][INFO] - final, add_errs min:-1.0
[2024-09-21 19:54:31,026][root][INFO] - sort ids:tensor([188,   8,  56,   2, 146, 104,  32,  98, 134,   9,  74,  99, 171, 187,
        128, 147, 243, 135, 170, 194,  55, 224,  44, 225, 169,   0,  72, 130,
         50,   6,   3, 163,  33, 136, 164,  71, 138, 158, 212,  76, 102, 111,
        172, 198, 214,  53,  61,  84, 206, 216,  58, 145, 244, 245,   7,  43,
         73, 127, 235,   5,  27,  34, 183,  49, 218, 236,  67,  70, 196,  10,
         25,  30, 106, 248, 103, 133, 193, 200,  14,  77, 185,  48,  86,  90,
         93, 101, 150, 228,   1, 116, 129, 139, 168, 250,  46,  59,  62, 221,
        173, 186, 230, 237,  26,  42, 131, 191, 204,  96, 105, 240,  75, 118,
        199,  78,  80, 175, 226, 247,  92, 201, 213, 217, 241,  11,  45,  66,
        108, 141, 174, 202, 203,  12,  19,  91, 100, 144,   4,  36,  47,  64,
         65, 152, 114, 126, 165,  31,  97, 161, 210, 227,  52, 113, 132, 137,
        142, 148, 162, 233,  18,  37,  68, 109, 123, 124, 220,  54, 107, 117,
        119, 125, 143, 179, 184, 211,  23, 120, 160,  21,  28,  40,  85,  94,
        153, 156, 192, 219, 231, 232,  13,  24,  83,  95, 154, 229,  17,  29,
         35,  41, 197, 234,  16,  22,  38,  79,  82,  89, 205, 238,  15, 115,
        122, 167, 178, 208,  63,  81,  88, 155, 166, 177, 181, 190, 223, 110,
        121, 242, 209, 157, 151, 222,  87, 140, 207,  20, 189, 149, 176, 239,
        246,  60, 112, 182, 249,  69,  57, 180, 215, 251,  51, 159, 195,  39])
[2024-09-21 19:54:31,029][root][INFO] - sorted scores:tensor([80.2188, 80.2031, 80.2031, 80.1875, 80.1875, 80.1562, 80.1406, 80.1406,
        80.1406, 80.1250, 80.1250, 80.1250, 80.1250, 80.1250, 80.1094, 80.1094,
        80.1094, 80.0938, 80.0938, 80.0156, 79.9219, 79.8594, 79.7656, 79.7500,
        79.5156, 79.4688, 79.4375, 79.4375, 79.4219, 79.4062, 79.3906, 79.3906,
        79.3750, 79.3594, 79.3594, 79.3438, 79.3438, 79.3438, 79.3438, 79.3281,
        79.3281, 79.3281, 79.3281, 79.3281, 79.3125, 79.2969, 79.2969, 79.2969,
        79.2969, 79.2969, 79.2812, 79.2812, 79.2812, 79.2656, 79.2500, 79.2344,
        79.2344, 79.2188, 79.2188, 79.1875, 79.1719, 79.1719, 79.1719, 79.1562,
        79.1562, 79.1562, 79.1406, 79.1406, 79.1406, 79.1250, 79.1250, 79.1250,
        79.1094, 79.1094, 79.0938, 79.0938, 79.0938, 79.0938, 79.0781, 79.0781,
        79.0781, 79.0625, 79.0625, 79.0625, 79.0625, 79.0625, 79.0625, 79.0625,
        79.0469, 79.0312, 79.0312, 79.0312, 79.0156, 79.0156, 79.0000, 79.0000,
        79.0000, 79.0000, 78.9844, 78.9844, 78.9844, 78.9844, 78.9688, 78.9688,
        78.9688, 78.9688, 78.9688, 78.9531, 78.9531, 78.9531, 78.9375, 78.9375,
        78.9375, 78.9219, 78.9219, 78.9219, 78.9219, 78.9219, 78.9062, 78.9062,
        78.9062, 78.9062, 78.9062, 78.8906, 78.8906, 78.8906, 78.8906, 78.8906,
        78.8906, 78.8906, 78.8906, 78.8750, 78.8750, 78.8750, 78.8750, 78.8750,
        78.8594, 78.8594, 78.8594, 78.8594, 78.8594, 78.8594, 78.8438, 78.8438,
        78.8438, 78.8281, 78.8281, 78.8281, 78.8281, 78.8281, 78.8125, 78.8125,
        78.8125, 78.8125, 78.8125, 78.8125, 78.8125, 78.8125, 78.7969, 78.7969,
        78.7969, 78.7969, 78.7969, 78.7969, 78.7969, 78.7656, 78.7656, 78.7656,
        78.7656, 78.7656, 78.7656, 78.7656, 78.7656, 78.7656, 78.7500, 78.7500,
        78.7500, 78.7344, 78.7344, 78.7344, 78.7344, 78.7344, 78.7344, 78.7344,
        78.7344, 78.7344, 78.7344, 78.7344, 78.7188, 78.7188, 78.7188, 78.7188,
        78.7188, 78.7188, 78.7031, 78.7031, 78.7031, 78.7031, 78.7031, 78.7031,
        78.6875, 78.6875, 78.6875, 78.6875, 78.6875, 78.6875, 78.6875, 78.6875,
        78.6719, 78.6719, 78.6719, 78.6719, 78.6719, 78.6719, 78.6562, 78.6562,
        78.6562, 78.6562, 78.6562, 78.6562, 78.6562, 78.6562, 78.6562, 78.6406,
        78.6406, 78.6406, 78.6250, 78.5938, 78.5781, 78.5781, 78.5625, 78.5625,
        78.5625, 78.5469, 78.5469, 78.5312, 78.5312, 78.5312, 78.5312, 78.4844,
        78.4844, 78.4688, 78.4688, 78.4531, 78.3906, 78.3906, 78.3906, 78.3750,
        78.3594, 78.3594, 78.3594, 78.2500])
[2024-09-21 19:54:42,429][websockets.server][INFO] - server listening on 0.0.0.0:8080
[2024-09-21 19:54:46,549][websockets.server][INFO] - connection open
[2024-09-21 19:54:52,151][root][INFO] - Succeeded to open port: /dev/ttyUSB0
[2024-09-21 19:54:52,152][root][INFO] - Succeeded to set baudrate to 3000000
