[2024-09-21 18:47:33,654][root][INFO] - self.cfg: 
 lr: 0.0001
c_in: 6
zfar: 'Infinity'
debug: null
n_view: 1
run_id: 3wy8qqex
use_BN: true
exp_name: 2024-01-11-20-02-45
n_epochs: 62
save_dir: /home/bowenw/debug/2024-01-11-20-02-45/
use_mask: false
loss_type: pairwise_valid
optimizer: adam
batch_size: 64
crop_ratio: 1.1
enable_amp: true
use_normal: false
max_num_key: null
warmup_step: -1
input_resize:
- 160
- 160
max_step_val: 1000
vis_interval: 1000
weight_decay: 0
normalize_xyz: true
resume_run_id: null
clip_grad_norm: 'Infinity'
lr_epoch_decay: 500
render_backend: nvdiffrast
train_num_pair: 5
lr_decay_epochs:
- 50
n_epochs_warmup: 1
make_pair_online: false
gradient_max_norm: 'Infinity'
max_step_per_epoch: 10000
n_rendering_workers: 1
save_epoch_interval: 100
n_dataloader_workers: 100
split_objects_across_gpus: true
ckpt_dir: FoundationPose/learning/training/../../weights/2024-01-11-20-02-45/model_best.pth

[2024-09-21 18:47:33,654][root][INFO] - self.h5_file:None
[2024-09-21 18:47:33,836][root][INFO] - Using pretrained model from FoundationPose/learning/training/../../weights/2024-01-11-20-02-45/model_best.pth
[2024-09-21 18:47:33,898][root][INFO] - init done
[2024-09-21 18:47:33,899][root][INFO] - welcome
[2024-09-21 18:47:33,902][root][INFO] - self.cfg: 
 lr: 0.0001
c_in: 6
zfar: .inf
debug: null
w_rot: 0.1
n_view: 1
run_id: null
use_BN: true
rot_rep: axis_angle
ckpt_dir: FoundationPose/learning/training/../../weights/2023-10-28-18-33-37/model_best.pth
exp_name: 2023-10-28-18-33-37
save_dir: /tmp/2023-10-28-18-33-37/
loss_type: l2
optimizer: adam
trans_rep: tracknet
batch_size: 64
crop_ratio: 1.2
use_normal: false
BN_momentum: 0.1
max_num_key: null
warmup_step: -1
input_resize:
- 160
- 160
max_step_val: 1000
normal_uint8: false
vis_interval: 1000
weight_decay: 0
n_max_objects: null
normalize_xyz: true
clip_grad_norm: 'Infinity'
rot_normalizer: 0.3490658503988659
trans_normalizer:
- 0.019999999552965164
- 0.019999999552965164
- 0.05000000074505806
max_step_per_epoch: 25000
val_epoch_interval: 10
n_dataloader_workers: 60
enable_amp: true
use_mask: false

[2024-09-21 18:47:33,902][root][INFO] - self.h5_file:
[2024-09-21 18:47:33,966][root][INFO] - Using pretrained model from FoundationPose/learning/training/../../weights/2023-10-28-18-33-37/model_best.pth
[2024-09-21 18:47:33,985][root][INFO] - init done
[2024-09-21 18:47:36,196][root][INFO] - self.diameter:0.137712368854882, vox_size:0.0068856184427441
[2024-09-21 18:47:36,210][root][INFO] - self.pts:torch.Size([807, 3])
[2024-09-21 18:47:37,210][root][INFO] - reset done
[2024-09-21 18:47:37,211][root][INFO] - cam_in_obs:(42, 4, 4)
[2024-09-21 18:47:37,213][root][INFO] - rot_grid:(252, 4, 4)
[2024-09-21 18:47:37,214][root][INFO] - after cluster, rot_grid:(252, 4, 4)
[2024-09-21 18:47:37,214][root][INFO] - self.rot_grid: torch.Size([252, 4, 4])
[2024-09-21 18:48:01,212][root][INFO] - Welcome
[2024-09-21 18:48:01,227][root][INFO] - poses:(252, 4, 4)
[2024-09-21 18:48:01,236][root][INFO] - after viewpoint, add_errs min:-1.0
[2024-09-21 18:48:01,304][root][INFO] - ob_in_cams:(252, 4, 4)
[2024-09-21 18:48:01,304][root][INFO] - self.cfg.use_normal:False
[2024-09-21 18:48:01,305][root][INFO] - trans_normalizer:[0.019999999552965164, 0.019999999552965164, 0.05000000074505806], rot_normalizer:0.3490658503988659
[2024-09-21 18:48:01,315][root][INFO] - making cropped data
[2024-09-21 18:48:01,315][root][INFO] - Welcome make_crop_data_batch
[2024-09-21 18:48:01,319][root][INFO] - make tf_to_crops done
[2024-09-21 18:48:01,352][root][INFO] - render done
[2024-09-21 18:48:01,358][root][INFO] - warp done
[2024-09-21 18:48:01,363][root][INFO] - pose batch data done
[2024-09-21 18:48:01,363][root][INFO] - forward start
[2024-09-21 18:48:01,479][root][INFO] - forward done
[2024-09-21 18:48:01,490][root][INFO] - making cropped data
[2024-09-21 18:48:01,490][root][INFO] - Welcome make_crop_data_batch
[2024-09-21 18:48:01,491][root][INFO] - make tf_to_crops done
[2024-09-21 18:48:01,511][root][INFO] - render done
[2024-09-21 18:48:01,515][root][INFO] - warp done
[2024-09-21 18:48:01,518][root][INFO] - pose batch data done
[2024-09-21 18:48:01,518][root][INFO] - forward start
[2024-09-21 18:48:01,519][root][INFO] - forward done
[2024-09-21 18:48:01,520][root][INFO] - making cropped data
[2024-09-21 18:48:01,520][root][INFO] - Welcome make_crop_data_batch
[2024-09-21 18:48:01,617][root][INFO] - make tf_to_crops done
[2024-09-21 18:48:01,636][root][INFO] - render done
[2024-09-21 18:48:01,639][root][INFO] - warp done
[2024-09-21 18:48:01,642][root][INFO] - pose batch data done
[2024-09-21 18:48:01,642][root][INFO] - forward start
[2024-09-21 18:48:01,643][root][INFO] - forward done
[2024-09-21 18:48:01,644][root][INFO] - making cropped data
[2024-09-21 18:48:01,644][root][INFO] - Welcome make_crop_data_batch
[2024-09-21 18:48:01,741][root][INFO] - make tf_to_crops done
[2024-09-21 18:48:01,760][root][INFO] - render done
[2024-09-21 18:48:01,764][root][INFO] - warp done
[2024-09-21 18:48:01,767][root][INFO] - pose batch data done
[2024-09-21 18:48:01,767][root][INFO] - forward start
[2024-09-21 18:48:01,768][root][INFO] - forward done
[2024-09-21 18:48:01,768][root][INFO] - making cropped data
[2024-09-21 18:48:01,769][root][INFO] - Welcome make_crop_data_batch
[2024-09-21 18:48:01,866][root][INFO] - make tf_to_crops done
[2024-09-21 18:48:01,885][root][INFO] - render done
[2024-09-21 18:48:01,888][root][INFO] - warp done
[2024-09-21 18:48:01,891][root][INFO] - pose batch data done
[2024-09-21 18:48:01,891][root][INFO] - forward start
[2024-09-21 18:48:01,892][root][INFO] - forward done
[2024-09-21 18:48:02,005][root][INFO] - ob_in_cams:(252, 4, 4)
[2024-09-21 18:48:02,005][root][INFO] - self.cfg.use_normal:False
[2024-09-21 18:48:02,005][root][INFO] - making cropped data
[2024-09-21 18:48:02,013][root][INFO] - Welcome make_crop_data_batch
[2024-09-21 18:48:02,014][root][INFO] - make tf_to_crops done
[2024-09-21 18:48:02,030][root][INFO] - render done
[2024-09-21 18:48:02,155][root][INFO] - pose batch data done
[2024-09-21 18:48:02,155][root][INFO] - pose_data.rgbAs.shape[0]: 252
[2024-09-21 18:48:02,250][root][INFO] - forward done
[2024-09-21 18:48:02,268][root][INFO] - final, add_errs min:-1.0
[2024-09-21 18:48:02,277][root][INFO] - sort ids:tensor([ 42, 163, 221,   6, 126,   0,  72, 102, 132, 131, 203, 120,   8,  41,
        104, 145,   5,  36,  18,  76,  96, 101, 133, 138, 161, 214,   7,  73,
         77, 148, 190,  10, 103, 111, 155, 169, 239,   4,  24, 136, 185, 197,
        227,  14,  52,  56, 149, 170, 206, 248, 251,  33,  49,  53,  62,  99,
        105, 172, 196, 223, 224, 230, 232,   1,  39,  81,  97, 100, 118, 183,
        208,  16,  19,  34,  59,  65,  71,  87, 117, 151, 158, 165, 168, 175,
        181, 188, 209, 213, 226, 245,   2,  22,  31,  50,  98, 238, 244,  23,
         25,  58,  82,  89, 113, 121, 129, 140, 141, 154, 179, 191, 204, 217,
        229, 233, 235,  28,  37,  45,  92, 123, 134, 215,  20,  29,  30,  55,
         80,  83, 228, 241,  48,  74,  79,  85,  95, 106, 107, 122, 166, 205,
        218,  38,  40,  51,  68,  75,  78,  91, 115, 116, 119, 139, 159, 173,
        177, 180, 193, 201, 207, 222,   3,   9,  17,  26,  84,  86,  94, 125,
        144, 147, 153, 164, 171, 200, 210, 212, 225, 236,  13,  15,  21,  43,
         90, 112, 128, 135, 146, 176, 184, 195, 216, 237,  46,  63, 108, 124,
        160, 182, 242, 246, 247,  12,  61,  67,  69,  88, 152, 156, 194, 198,
        249,  60,  66, 186, 199,  32,  35,  93, 109, 127, 150, 178, 187, 231,
         27,  44,  54, 114, 174, 234,  47,  57, 110, 137, 162, 189, 192, 220,
        240,  11,  64, 157, 167, 250, 143, 202, 211, 219, 130,  70, 142, 243])
[2024-09-21 18:48:02,281][root][INFO] - sorted scores:tensor([126.5000, 126.4688, 126.4688, 126.4531, 126.4531, 126.4375, 126.4219,
        126.4219, 126.4219, 126.1719, 126.1250, 126.0781, 126.0312, 126.0312,
        126.0312, 126.0312, 126.0156, 126.0156, 126.0000, 126.0000, 126.0000,
        126.0000, 126.0000, 126.0000, 126.0000, 126.0000, 125.9844, 125.9844,
        125.9844, 125.9844, 125.9844, 125.9688, 125.9688, 125.9688, 125.9688,
        125.9688, 125.9688, 125.9531, 125.9531, 125.9531, 125.9531, 125.9531,
        125.9531, 125.9375, 125.9375, 125.9375, 125.9375, 125.9375, 125.9375,
        125.9375, 125.9375, 125.9219, 125.9219, 125.9219, 125.9219, 125.9219,
        125.9219, 125.9219, 125.9219, 125.9219, 125.9219, 125.9219, 125.9219,
        125.9062, 125.9062, 125.9062, 125.9062, 125.9062, 125.9062, 125.9062,
        125.9062, 125.8906, 125.8906, 125.8906, 125.8906, 125.8906, 125.8906,
        125.8906, 125.8906, 125.8906, 125.8906, 125.8906, 125.8906, 125.8906,
        125.8906, 125.8906, 125.8906, 125.8906, 125.8906, 125.8906, 125.8750,
        125.8750, 125.8750, 125.8750, 125.8750, 125.8750, 125.8750, 125.8594,
        125.8594, 125.8594, 125.8594, 125.8594, 125.8594, 125.8594, 125.8594,
        125.8594, 125.8594, 125.8594, 125.8594, 125.8594, 125.8594, 125.8594,
        125.8594, 125.8594, 125.8594, 125.8438, 125.8438, 125.8438, 125.8438,
        125.8438, 125.8438, 125.8438, 125.8281, 125.8281, 125.8281, 125.8281,
        125.8281, 125.8281, 125.8281, 125.8281, 125.8125, 125.8125, 125.8125,
        125.8125, 125.8125, 125.8125, 125.8125, 125.8125, 125.8125, 125.8125,
        125.8125, 125.7969, 125.7969, 125.7969, 125.7969, 125.7969, 125.7969,
        125.7969, 125.7969, 125.7969, 125.7969, 125.7969, 125.7969, 125.7969,
        125.7969, 125.7969, 125.7969, 125.7969, 125.7969, 125.7969, 125.7812,
        125.7812, 125.7812, 125.7812, 125.7812, 125.7812, 125.7812, 125.7812,
        125.7812, 125.7812, 125.7812, 125.7812, 125.7812, 125.7812, 125.7812,
        125.7812, 125.7812, 125.7812, 125.7656, 125.7656, 125.7656, 125.7656,
        125.7656, 125.7656, 125.7656, 125.7656, 125.7656, 125.7656, 125.7656,
        125.7656, 125.7656, 125.7656, 125.7500, 125.7500, 125.7500, 125.7500,
        125.7500, 125.7500, 125.7500, 125.7500, 125.7500, 125.7344, 125.7344,
        125.7344, 125.7344, 125.7344, 125.7344, 125.7344, 125.7344, 125.7344,
        125.7344, 125.7188, 125.7188, 125.7188, 125.7188, 125.7031, 125.7031,
        125.7031, 125.7031, 125.7031, 125.7031, 125.7031, 125.7031, 125.7031,
        125.6875, 125.6875, 125.6875, 125.6875, 125.6875, 125.6875, 125.6719,
        125.6719, 125.6719, 125.6719, 125.6719, 125.6719, 125.6719, 125.6719,
        125.6719, 125.6562, 125.6562, 125.6562, 125.6562, 125.6562, 125.6406,
        125.6406, 125.6406, 125.6406, 125.6094, 125.5938, 125.5938, 125.5938])
[2024-09-21 18:48:13,252][websockets.server][INFO] - server listening on 0.0.0.0:8080
[2024-09-21 18:48:18,174][websockets.server][INFO] - connection open
[2024-09-21 18:48:22,172][root][INFO] - Succeeded to open port: /dev/ttyUSB0
[2024-09-21 18:48:22,173][root][INFO] - Succeeded to set baudrate to 3000000
