[2024-10-15 10:15:30,356][websockets.server][INFO] - server listening on 0.0.0.0:8080
[2024-10-15 10:15:30,503][root][INFO] - self.cfg: 
 lr: 0.0001
c_in: 6
zfar: 'Infinity'
debug: null
n_view: 1
run_id: 3wy8qqex
use_BN: true
exp_name: 2024-01-11-20-02-45
n_epochs: 62
save_dir: /home/bowenw/debug/2024-01-11-20-02-45/
use_mask: false
loss_type: pairwise_valid
optimizer: adam
batch_size: 64
crop_ratio: 1.1
enable_amp: true
use_normal: false
max_num_key: null
warmup_step: -1
input_resize:
- 160
- 160
max_step_val: 1000
vis_interval: 1000
weight_decay: 0
normalize_xyz: true
resume_run_id: null
clip_grad_norm: 'Infinity'
lr_epoch_decay: 500
render_backend: nvdiffrast
train_num_pair: 5
lr_decay_epochs:
- 50
n_epochs_warmup: 1
make_pair_online: false
gradient_max_norm: 'Infinity'
max_step_per_epoch: 10000
n_rendering_workers: 1
save_epoch_interval: 100
n_dataloader_workers: 100
split_objects_across_gpus: true
ckpt_dir: /home/shaol/gjx/rw/third_party/FoundationPose/learning/training/../../weights/2024-01-11-20-02-45/model_best.pth

[2024-10-15 10:15:30,503][root][INFO] - self.h5_file:None
[2024-10-15 10:15:30,600][websockets.server][INFO] - connection open
[2024-10-15 10:15:30,613][websockets.server][INFO] - connection open
[2024-10-15 10:15:30,824][root][INFO] - Using pretrained model from /home/shaol/gjx/rw/third_party/FoundationPose/learning/training/../../weights/2024-01-11-20-02-45/model_best.pth
[2024-10-15 10:15:30,889][root][INFO] - init done
[2024-10-15 10:15:30,889][root][INFO] - welcome
[2024-10-15 10:15:30,892][root][INFO] - self.cfg: 
 lr: 0.0001
c_in: 6
zfar: .inf
debug: null
w_rot: 0.1
n_view: 1
run_id: null
use_BN: true
rot_rep: axis_angle
ckpt_dir: /home/shaol/gjx/rw/third_party/FoundationPose/learning/training/../../weights/2023-10-28-18-33-37/model_best.pth
exp_name: 2023-10-28-18-33-37
save_dir: /tmp/2023-10-28-18-33-37/
loss_type: l2
optimizer: adam
trans_rep: tracknet
batch_size: 64
crop_ratio: 1.2
use_normal: false
BN_momentum: 0.1
max_num_key: null
warmup_step: -1
input_resize:
- 160
- 160
max_step_val: 1000
normal_uint8: false
vis_interval: 1000
weight_decay: 0
n_max_objects: null
normalize_xyz: true
clip_grad_norm: 'Infinity'
rot_normalizer: 0.3490658503988659
trans_normalizer:
- 0.019999999552965164
- 0.019999999552965164
- 0.05000000074505806
max_step_per_epoch: 25000
val_epoch_interval: 10
n_dataloader_workers: 60
enable_amp: true
use_mask: false

[2024-10-15 10:15:30,893][root][INFO] - self.h5_file:
[2024-10-15 10:15:30,943][root][INFO] - Using pretrained model from /home/shaol/gjx/rw/third_party/FoundationPose/learning/training/../../weights/2023-10-28-18-33-37/model_best.pth
[2024-10-15 10:15:30,964][root][INFO] - init done
[2024-10-15 10:15:32,225][root][INFO] - self.diameter:0.22612456594069064, vox_size:0.011306228297034532
[2024-10-15 10:15:32,240][root][INFO] - self.pts:torch.Size([334, 3])
[2024-10-15 10:15:33,435][root][INFO] - reset done
[2024-10-15 10:15:33,436][root][INFO] - cam_in_obs:(42, 4, 4)
[2024-10-15 10:15:33,438][root][INFO] - rot_grid:(252, 4, 4)
[2024-10-15 10:15:33,440][root][INFO] - after cluster, rot_grid:(252, 4, 4)
[2024-10-15 10:15:33,440][root][INFO] - self.rot_grid: torch.Size([252, 4, 4])
[2024-10-15 10:15:42,202][root][INFO] - Welcome
[2024-10-15 10:15:42,219][root][INFO] - poses:(252, 4, 4)
[2024-10-15 10:15:42,231][root][INFO] - after viewpoint, add_errs min:-1.0
[2024-10-15 10:15:42,267][root][INFO] - ob_in_cams:(252, 4, 4)
[2024-10-15 10:15:42,267][root][INFO] - self.cfg.use_normal:False
[2024-10-15 10:15:42,268][root][INFO] - trans_normalizer:[0.019999999552965164, 0.019999999552965164, 0.05000000074505806], rot_normalizer:0.3490658503988659
[2024-10-15 10:15:42,287][root][INFO] - making cropped data
[2024-10-15 10:15:42,287][root][INFO] - Welcome make_crop_data_batch
[2024-10-15 10:15:42,291][root][INFO] - make tf_to_crops done
[2024-10-15 10:15:42,315][root][INFO] - render done
[2024-10-15 10:15:42,321][root][INFO] - warp done
[2024-10-15 10:15:42,326][root][INFO] - pose batch data done
[2024-10-15 10:15:42,327][root][INFO] - forward start
[2024-10-15 10:15:42,448][root][INFO] - forward done
[2024-10-15 10:15:42,459][root][INFO] - making cropped data
[2024-10-15 10:15:42,459][root][INFO] - Welcome make_crop_data_batch
[2024-10-15 10:15:42,459][root][INFO] - make tf_to_crops done
[2024-10-15 10:15:42,474][root][INFO] - render done
[2024-10-15 10:15:42,477][root][INFO] - warp done
[2024-10-15 10:15:42,480][root][INFO] - pose batch data done
[2024-10-15 10:15:42,480][root][INFO] - forward start
[2024-10-15 10:15:42,482][root][INFO] - forward done
[2024-10-15 10:15:42,482][root][INFO] - making cropped data
[2024-10-15 10:15:42,482][root][INFO] - Welcome make_crop_data_batch
[2024-10-15 10:15:42,572][root][INFO] - make tf_to_crops done
[2024-10-15 10:15:42,586][root][INFO] - render done
[2024-10-15 10:15:42,589][root][INFO] - warp done
[2024-10-15 10:15:42,592][root][INFO] - pose batch data done
[2024-10-15 10:15:42,592][root][INFO] - forward start
[2024-10-15 10:15:42,594][root][INFO] - forward done
[2024-10-15 10:15:42,594][root][INFO] - making cropped data
[2024-10-15 10:15:42,594][root][INFO] - Welcome make_crop_data_batch
[2024-10-15 10:15:42,684][root][INFO] - make tf_to_crops done
[2024-10-15 10:15:42,698][root][INFO] - render done
[2024-10-15 10:15:42,701][root][INFO] - warp done
[2024-10-15 10:15:42,704][root][INFO] - pose batch data done
[2024-10-15 10:15:42,704][root][INFO] - forward start
[2024-10-15 10:15:42,705][root][INFO] - forward done
[2024-10-15 10:15:42,706][root][INFO] - making cropped data
[2024-10-15 10:15:42,706][root][INFO] - Welcome make_crop_data_batch
[2024-10-15 10:15:42,795][root][INFO] - make tf_to_crops done
[2024-10-15 10:15:42,810][root][INFO] - render done
[2024-10-15 10:15:42,813][root][INFO] - warp done
[2024-10-15 10:15:42,816][root][INFO] - pose batch data done
[2024-10-15 10:15:42,816][root][INFO] - forward start
[2024-10-15 10:15:42,817][root][INFO] - forward done
[2024-10-15 10:15:42,922][root][INFO] - ob_in_cams:(252, 4, 4)
[2024-10-15 10:15:42,923][root][INFO] - self.cfg.use_normal:False
[2024-10-15 10:15:42,923][root][INFO] - making cropped data
[2024-10-15 10:15:42,930][root][INFO] - Welcome make_crop_data_batch
[2024-10-15 10:15:42,931][root][INFO] - make tf_to_crops done
[2024-10-15 10:15:42,944][root][INFO] - render done
[2024-10-15 10:15:43,063][root][INFO] - pose batch data done
[2024-10-15 10:15:43,063][root][INFO] - pose_data.rgbAs.shape[0]: 252
[2024-10-15 10:15:43,151][root][INFO] - forward done
[2024-10-15 10:15:43,169][root][INFO] - final, add_errs min:-1.0
[2024-10-15 10:15:43,179][root][INFO] - sort ids:tensor([125,  61, 218, 134, 210,  44, 128, 135, 140, 147, 160, 165,  41,  52,
        217, 154, 141,  51, 187,   2, 181, 200, 166, 110, 143,  32, 238, 157,
         42, 241,  29,  55, 104, 180,  95, 113, 236, 184, 240,  27, 183, 190,
        229,  38,  69,  98,  26, 235,  35,  67, 108, 243, 111, 171,  33, 162,
        244, 174,  74, 169,   9, 163, 205,  86, 188, 100,  47,  89, 122, 230,
          8, 117, 214,  39, 124,  70, 105, 120, 138,  99, 101,  20, 129,   3,
         45, 119, 161, 225, 226, 158,   4,  24, 123, 239, 114, 211,  11,  72,
         83,  30,  75,  36, 215, 220,  77,  96, 201, 213, 219, 115, 137, 170,
         81,  90, 102, 233,   0,  62,  92, 132,  18, 177,   5, 182, 224, 232,
        173,  71,  93, 107, 131,  23,  53,  58, 155,  87, 126, 179, 191, 206,
         12, 204, 227, 228, 234, 250,  54,  60, 242, 150,  15,  78,  14, 151,
        251,  80,  84, 116, 178, 207, 209, 246,  48, 146, 152,   6,  17,  59,
        199, 197,  56, 144, 176, 148, 195, 222,   7, 216, 221,  16, 133, 136,
        168, 198, 231,  57, 149, 153, 248,  50,  88, 194, 208, 175, 192, 193,
         49,  66, 172,  10,  21,  65,  68,  94, 249, 112, 145,  13,  64, 196,
        202,  63, 223, 203,  37, 189,  97, 247,  22, 109,  34, 106,  46, 237,
        127, 156, 186,  73, 167,  31,  82,  43,  25,  28, 142, 164,   1,  91,
        245, 118, 159,  19,  79, 139, 212, 185, 103, 121,  76, 130,  85,  40])
[2024-10-15 10:15:43,184][root][INFO] - sorted scores:tensor([112.3516, 112.3359, 112.3281, 112.2969, 112.2891, 112.2812, 112.2734,
        112.2734, 112.2734, 112.2734, 112.2656, 112.2656, 112.2578, 112.2344,
        112.2266, 112.2031, 111.9609, 111.8438, 111.6953, 111.6875, 111.6875,
        111.6641, 111.6562, 111.6484, 111.6406, 111.6016, 111.5859, 111.5781,
        111.5547, 111.5469, 111.5391, 111.5391, 111.5312, 111.5312, 111.5156,
        111.5156, 111.5078, 111.5000, 111.5000, 111.4922, 111.4922, 111.4922,
        111.4922, 111.4844, 111.4844, 111.4844, 111.4766, 111.4531, 111.4375,
        111.4375, 111.4375, 111.4141, 111.4062, 111.4062, 111.3984, 111.3984,
        111.3906, 111.3750, 111.3516, 111.3516, 111.3438, 111.3438, 111.3438,
        111.3359, 111.3359, 111.3203, 111.3125, 111.2891, 111.2734, 111.2734,
        111.2656, 111.2578, 111.2500, 111.2422, 111.2422, 111.2266, 111.2266,
        111.2266, 111.2188, 111.2031, 111.1953, 111.1875, 111.1875, 111.1797,
        111.1797, 111.1797, 111.1797, 111.1797, 111.1797, 111.1719, 111.1641,
        111.1641, 111.1641, 111.1484, 111.1406, 111.1406, 111.1328, 111.1328,
        111.1328, 111.1250, 111.1250, 111.1094, 111.1094, 111.1094, 111.1016,
        111.1016, 111.1016, 111.0938, 111.0859, 111.0781, 111.0781, 111.0781,
        111.0703, 111.0703, 111.0703, 111.0703, 111.0625, 111.0625, 111.0625,
        111.0625, 111.0547, 111.0547, 111.0469, 111.0469, 111.0469, 111.0469,
        111.0391, 111.0312, 111.0312, 111.0312, 111.0312, 111.0234, 111.0234,
        111.0234, 111.0234, 111.0156, 111.0156, 111.0156, 111.0156, 111.0156,
        111.0078, 111.0078, 111.0078, 111.0078, 111.0078, 111.0078, 111.0000,
        111.0000, 111.0000, 110.9844, 110.9766, 110.9766, 110.9688, 110.9688,
        110.9688, 110.9609, 110.9609, 110.9609, 110.9609, 110.9609, 110.9609,
        110.9609, 110.9531, 110.9531, 110.9531, 110.9453, 110.9453, 110.9453,
        110.9453, 110.9375, 110.9219, 110.9219, 110.9219, 110.9141, 110.9141,
        110.9141, 110.9062, 110.9062, 110.9062, 110.8984, 110.8984, 110.8984,
        110.8984, 110.8984, 110.8984, 110.8906, 110.8906, 110.8906, 110.8906,
        110.8828, 110.8750, 110.8750, 110.8750, 110.8672, 110.8672, 110.8672,
        110.8594, 110.8594, 110.8594, 110.8516, 110.8516, 110.8516, 110.8516,
        110.8516, 110.8516, 110.8438, 110.8359, 110.8281, 110.8203, 110.8203,
        110.8047, 110.7969, 110.7891, 110.7812, 110.7578, 110.7578, 110.7344,
        110.7344, 110.7188, 110.7109, 110.6953, 110.6875, 110.6797, 110.6797,
        110.6719, 110.6719, 110.6562, 110.6484, 110.6484, 110.6406, 110.6406,
        110.6328, 110.6250, 110.6016, 110.5938, 110.5859, 110.5781, 110.5625,
        110.5625, 110.5469, 110.5391, 110.5234, 110.5234, 110.5234, 110.5234,
        110.5078, 110.5000, 110.5000, 110.4922, 110.4922, 110.4844, 110.4688])
