[2024-09-25 13:30:46,182][root][INFO] - self.cfg: 
 lr: 0.0001
c_in: 6
zfar: 'Infinity'
debug: null
n_view: 1
run_id: 3wy8qqex
use_BN: true
exp_name: 2024-01-11-20-02-45
n_epochs: 62
save_dir: /home/bowenw/debug/2024-01-11-20-02-45/
use_mask: false
loss_type: pairwise_valid
optimizer: adam
batch_size: 64
crop_ratio: 1.1
enable_amp: true
use_normal: false
max_num_key: null
warmup_step: -1
input_resize:
- 160
- 160
max_step_val: 1000
vis_interval: 1000
weight_decay: 0
normalize_xyz: true
resume_run_id: null
clip_grad_norm: 'Infinity'
lr_epoch_decay: 500
render_backend: nvdiffrast
train_num_pair: 5
lr_decay_epochs:
- 50
n_epochs_warmup: 1
make_pair_online: false
gradient_max_norm: 'Infinity'
max_step_per_epoch: 10000
n_rendering_workers: 1
save_epoch_interval: 100
n_dataloader_workers: 100
split_objects_across_gpus: true
ckpt_dir: FoundationPose/learning/training/../../weights/2024-01-11-20-02-45/model_best.pth

[2024-09-25 13:30:46,182][root][INFO] - self.h5_file:None
[2024-09-25 13:30:46,358][root][INFO] - Using pretrained model from FoundationPose/learning/training/../../weights/2024-01-11-20-02-45/model_best.pth
[2024-09-25 13:30:46,410][root][INFO] - init done
[2024-09-25 13:30:46,410][root][INFO] - welcome
[2024-09-25 13:30:46,413][root][INFO] - self.cfg: 
 lr: 0.0001
c_in: 6
zfar: .inf
debug: null
w_rot: 0.1
n_view: 1
run_id: null
use_BN: true
rot_rep: axis_angle
ckpt_dir: FoundationPose/learning/training/../../weights/2023-10-28-18-33-37/model_best.pth
exp_name: 2023-10-28-18-33-37
save_dir: /tmp/2023-10-28-18-33-37/
loss_type: l2
optimizer: adam
trans_rep: tracknet
batch_size: 64
crop_ratio: 1.2
use_normal: false
BN_momentum: 0.1
max_num_key: null
warmup_step: -1
input_resize:
- 160
- 160
max_step_val: 1000
normal_uint8: false
vis_interval: 1000
weight_decay: 0
n_max_objects: null
normalize_xyz: true
clip_grad_norm: 'Infinity'
rot_normalizer: 0.3490658503988659
trans_normalizer:
- 0.019999999552965164
- 0.019999999552965164
- 0.05000000074505806
max_step_per_epoch: 25000
val_epoch_interval: 10
n_dataloader_workers: 60
enable_amp: true
use_mask: false

[2024-09-25 13:30:46,413][root][INFO] - self.h5_file:
[2024-09-25 13:30:46,458][root][INFO] - Using pretrained model from FoundationPose/learning/training/../../weights/2023-10-28-18-33-37/model_best.pth
[2024-09-25 13:30:46,480][root][INFO] - init done
[2024-09-25 13:30:48,577][root][INFO] - self.diameter:0.137712368854882, vox_size:0.0068856184427441
[2024-09-25 13:30:48,592][root][INFO] - self.pts:torch.Size([807, 3])
[2024-09-25 13:30:49,520][root][INFO] - reset done
[2024-09-25 13:30:49,521][root][INFO] - cam_in_obs:(42, 4, 4)
[2024-09-25 13:30:49,536][root][INFO] - rot_grid:(252, 4, 4)
[2024-09-25 13:30:49,537][root][INFO] - after cluster, rot_grid:(252, 4, 4)
[2024-09-25 13:30:49,538][root][INFO] - self.rot_grid: torch.Size([252, 4, 4])
[2024-09-25 13:30:58,250][root][INFO] - Welcome
[2024-09-25 13:30:58,271][root][INFO] - poses:(252, 4, 4)
[2024-09-25 13:30:58,282][root][INFO] - after viewpoint, add_errs min:-1.0
[2024-09-25 13:30:58,311][root][INFO] - ob_in_cams:(252, 4, 4)
[2024-09-25 13:30:58,311][root][INFO] - self.cfg.use_normal:False
[2024-09-25 13:30:58,311][root][INFO] - trans_normalizer:[0.019999999552965164, 0.019999999552965164, 0.05000000074505806], rot_normalizer:0.3490658503988659
[2024-09-25 13:30:58,323][root][INFO] - making cropped data
[2024-09-25 13:30:58,323][root][INFO] - Welcome make_crop_data_batch
[2024-09-25 13:30:58,327][root][INFO] - make tf_to_crops done
[2024-09-25 13:30:58,355][root][INFO] - render done
[2024-09-25 13:30:58,361][root][INFO] - warp done
[2024-09-25 13:30:58,366][root][INFO] - pose batch data done
[2024-09-25 13:30:58,366][root][INFO] - forward start
[2024-09-25 13:30:58,476][root][INFO] - forward done
[2024-09-25 13:30:58,486][root][INFO] - making cropped data
[2024-09-25 13:30:58,486][root][INFO] - Welcome make_crop_data_batch
[2024-09-25 13:30:58,487][root][INFO] - make tf_to_crops done
[2024-09-25 13:30:58,505][root][INFO] - render done
[2024-09-25 13:30:58,508][root][INFO] - warp done
[2024-09-25 13:30:58,511][root][INFO] - pose batch data done
[2024-09-25 13:30:58,511][root][INFO] - forward start
[2024-09-25 13:30:58,512][root][INFO] - forward done
[2024-09-25 13:30:58,512][root][INFO] - making cropped data
[2024-09-25 13:30:58,512][root][INFO] - Welcome make_crop_data_batch
[2024-09-25 13:30:58,607][root][INFO] - make tf_to_crops done
[2024-09-25 13:30:58,625][root][INFO] - render done
[2024-09-25 13:30:58,629][root][INFO] - warp done
[2024-09-25 13:30:58,631][root][INFO] - pose batch data done
[2024-09-25 13:30:58,631][root][INFO] - forward start
[2024-09-25 13:30:58,633][root][INFO] - forward done
[2024-09-25 13:30:58,633][root][INFO] - making cropped data
[2024-09-25 13:30:58,633][root][INFO] - Welcome make_crop_data_batch
[2024-09-25 13:30:58,726][root][INFO] - make tf_to_crops done
[2024-09-25 13:30:58,744][root][INFO] - render done
[2024-09-25 13:30:58,747][root][INFO] - warp done
[2024-09-25 13:30:58,750][root][INFO] - pose batch data done
[2024-09-25 13:30:58,750][root][INFO] - forward start
[2024-09-25 13:30:58,752][root][INFO] - forward done
[2024-09-25 13:30:58,752][root][INFO] - making cropped data
[2024-09-25 13:30:58,752][root][INFO] - Welcome make_crop_data_batch
[2024-09-25 13:30:58,843][root][INFO] - make tf_to_crops done
[2024-09-25 13:30:58,861][root][INFO] - render done
[2024-09-25 13:30:58,865][root][INFO] - warp done
[2024-09-25 13:30:58,867][root][INFO] - pose batch data done
[2024-09-25 13:30:58,867][root][INFO] - forward start
[2024-09-25 13:30:58,869][root][INFO] - forward done
[2024-09-25 13:30:58,977][root][INFO] - ob_in_cams:(252, 4, 4)
[2024-09-25 13:30:58,977][root][INFO] - self.cfg.use_normal:False
[2024-09-25 13:30:58,977][root][INFO] - making cropped data
[2024-09-25 13:30:58,982][root][INFO] - Welcome make_crop_data_batch
[2024-09-25 13:30:58,983][root][INFO] - make tf_to_crops done
[2024-09-25 13:30:59,000][root][INFO] - render done
[2024-09-25 13:30:59,118][root][INFO] - pose batch data done
[2024-09-25 13:30:59,118][root][INFO] - pose_data.rgbAs.shape[0]: 252
[2024-09-25 13:30:59,207][root][INFO] - forward done
[2024-09-25 13:30:59,225][root][INFO] - final, add_errs min:-1.0
[2024-09-25 13:30:59,235][root][INFO] - sort ids:tensor([  0,   6,  42,  43,  72,  73,  77, 126, 132, 133, 138, 145, 163, 198,
        203, 216, 221,   5, 131,  65,  49, 227,   7, 193, 103, 166, 169, 135,
         53, 251, 218, 146,   8,  55,  45, 101, 196, 242, 197,  58, 141,  62,
        155, 200, 194, 214,  52, 104, 188,  88, 109, 142, 224,  33, 105, 170,
         27,  28,  34, 129, 244, 149,  50, 111, 191,  56, 201, 100, 112, 144,
        245,  71, 231, 122,  99, 178, 229, 189, 237,  46, 158, 184,  41,  85,
        185, 246,  93, 204, 228, 209, 233, 154, 219, 226,  96, 108, 199, 212,
        249,  29,  59,  69,  94,  16,  25,  39,  74,  83,  98, 179, 208, 239,
         19,  24, 139, 167,  23,  63, 121, 175,   2,   3,  12,  22,  26,  89,
        140, 234,   4,  84,  91, 156, 161, 207, 232,  40, 124, 168, 192, 211,
        247, 248,  11,  38,  75,  82,  95, 102, 164, 118, 150, 151, 165, 181,
        202,  13,  37,  61,  78, 125, 215, 238, 241,  14,  15,  17,  36,  81,
         90, 107, 110, 117, 148, 205, 206, 210, 222, 223,  18,  48,  57,  67,
         79,  97, 119, 123, 136, 147, 180, 236,   9,  51,  64,  68,  76,  80,
         87, 114, 115, 127, 153, 159, 162, 171, 174, 186, 230, 250,  10,  21,
         31, 106, 113, 128, 143, 152, 157, 160, 173, 213, 235, 240,  20,  32,
         54,  92, 116, 134, 172, 176, 182,  70,  86, 130, 177, 183,   1,  60,
        120, 190, 195, 243,  44,  66,  30,  35, 217, 220,  47, 187, 137, 225])
[2024-09-25 13:30:59,238][root][INFO] - sorted scores:tensor([71.8281, 71.8281, 71.8281, 71.8281, 71.8281, 71.8281, 71.8281, 71.8281,
        71.8281, 71.8281, 71.8281, 71.8281, 71.8281, 71.8281, 71.8281, 71.8281,
        71.8281, 71.8125, 71.8125, 71.7656, 71.6406, 71.5938, 71.5781, 71.3594,
        71.3281, 71.3281, 71.3125, 71.2188, 71.1875, 71.1875, 71.1406, 71.1250,
        71.1094, 71.0781, 71.0469, 70.9844, 70.9531, 70.9531, 70.9219, 70.9062,
        70.9062, 70.8906, 70.8906, 70.8906, 70.8594, 70.8281, 70.8125, 70.8125,
        70.7656, 70.7500, 70.7500, 70.7500, 70.7500, 70.7344, 70.7344, 70.7344,
        70.7031, 70.7031, 70.7031, 70.7031, 70.7031, 70.6875, 70.6719, 70.6719,
        70.6719, 70.6562, 70.6562, 70.6406, 70.6406, 70.6406, 70.6406, 70.6250,
        70.6250, 70.6094, 70.5938, 70.5625, 70.5625, 70.5469, 70.5469, 70.5312,
        70.5156, 70.5156, 70.5000, 70.5000, 70.5000, 70.5000, 70.4844, 70.4844,
        70.4688, 70.4531, 70.4531, 70.4219, 70.4219, 70.4219, 70.4062, 70.4062,
        70.4062, 70.4062, 70.4062, 70.3906, 70.3906, 70.3906, 70.3906, 70.3750,
        70.3750, 70.3750, 70.3750, 70.3750, 70.3750, 70.3750, 70.3750, 70.3750,
        70.3594, 70.3594, 70.3594, 70.3594, 70.3438, 70.3438, 70.3438, 70.3438,
        70.3281, 70.3281, 70.3281, 70.3281, 70.3281, 70.3281, 70.3281, 70.3281,
        70.3125, 70.3125, 70.3125, 70.3125, 70.3125, 70.3125, 70.3125, 70.2969,
        70.2969, 70.2969, 70.2969, 70.2969, 70.2969, 70.2969, 70.2812, 70.2812,
        70.2812, 70.2812, 70.2812, 70.2812, 70.2812, 70.2656, 70.2656, 70.2656,
        70.2656, 70.2656, 70.2656, 70.2500, 70.2500, 70.2500, 70.2500, 70.2500,
        70.2500, 70.2500, 70.2500, 70.2344, 70.2344, 70.2344, 70.2344, 70.2344,
        70.2344, 70.2344, 70.2344, 70.2344, 70.2344, 70.2344, 70.2344, 70.2344,
        70.2344, 70.2344, 70.2188, 70.2188, 70.2188, 70.2188, 70.2188, 70.2188,
        70.2188, 70.2188, 70.2188, 70.2188, 70.2188, 70.2188, 70.2031, 70.2031,
        70.2031, 70.2031, 70.2031, 70.2031, 70.2031, 70.2031, 70.2031, 70.2031,
        70.2031, 70.2031, 70.2031, 70.2031, 70.2031, 70.2031, 70.2031, 70.2031,
        70.1875, 70.1875, 70.1875, 70.1875, 70.1875, 70.1875, 70.1875, 70.1875,
        70.1875, 70.1875, 70.1875, 70.1875, 70.1875, 70.1875, 70.1719, 70.1719,
        70.1719, 70.1719, 70.1719, 70.1719, 70.1719, 70.1719, 70.1719, 70.1562,
        70.1562, 70.1562, 70.1562, 70.1562, 70.1406, 70.1406, 70.1406, 70.1406,
        70.1406, 70.1406, 70.1250, 70.1250, 70.1094, 70.1094, 70.1094, 70.1094,
        70.0938, 70.0938, 70.0625, 70.0625])
[2024-09-25 13:31:10,183][websockets.server][INFO] - server listening on 0.0.0.0:8080
[2024-09-25 13:31:10,594][websockets.server][INFO] - connection open
[2024-09-25 13:31:13,472][root][INFO] - Succeeded to open port: /dev/ttyUSB0
[2024-09-25 13:31:13,472][root][INFO] - Succeeded to set baudrate to 3000000
