[2024-09-19 23:09:33,688][root][INFO] - self.cfg: 
 lr: 0.0001
c_in: 6
zfar: 'Infinity'
debug: null
n_view: 1
run_id: 3wy8qqex
use_BN: true
exp_name: 2024-01-11-20-02-45
n_epochs: 62
save_dir: /home/bowenw/debug/2024-01-11-20-02-45/
use_mask: false
loss_type: pairwise_valid
optimizer: adam
batch_size: 64
crop_ratio: 1.1
enable_amp: true
use_normal: false
max_num_key: null
warmup_step: -1
input_resize:
- 160
- 160
max_step_val: 1000
vis_interval: 1000
weight_decay: 0
normalize_xyz: true
resume_run_id: null
clip_grad_norm: 'Infinity'
lr_epoch_decay: 500
render_backend: nvdiffrast
train_num_pair: 5
lr_decay_epochs:
- 50
n_epochs_warmup: 1
make_pair_online: false
gradient_max_norm: 'Infinity'
max_step_per_epoch: 10000
n_rendering_workers: 1
save_epoch_interval: 100
n_dataloader_workers: 100
split_objects_across_gpus: true
ckpt_dir: FoundationPose/learning/training/../../weights/2024-01-11-20-02-45/model_best.pth

[2024-09-19 23:09:33,688][root][INFO] - self.h5_file:None
[2024-09-19 23:09:33,871][root][INFO] - Using pretrained model from FoundationPose/learning/training/../../weights/2024-01-11-20-02-45/model_best.pth
[2024-09-19 23:09:33,932][root][INFO] - init done
[2024-09-19 23:09:33,933][root][INFO] - welcome
[2024-09-19 23:09:33,936][root][INFO] - self.cfg: 
 lr: 0.0001
c_in: 6
zfar: .inf
debug: null
w_rot: 0.1
n_view: 1
run_id: null
use_BN: true
rot_rep: axis_angle
ckpt_dir: FoundationPose/learning/training/../../weights/2023-10-28-18-33-37/model_best.pth
exp_name: 2023-10-28-18-33-37
save_dir: /tmp/2023-10-28-18-33-37/
loss_type: l2
optimizer: adam
trans_rep: tracknet
batch_size: 64
crop_ratio: 1.2
use_normal: false
BN_momentum: 0.1
max_num_key: null
warmup_step: -1
input_resize:
- 160
- 160
max_step_val: 1000
normal_uint8: false
vis_interval: 1000
weight_decay: 0
n_max_objects: null
normalize_xyz: true
clip_grad_norm: 'Infinity'
rot_normalizer: 0.3490658503988659
trans_normalizer:
- 0.019999999552965164
- 0.019999999552965164
- 0.05000000074505806
max_step_per_epoch: 25000
val_epoch_interval: 10
n_dataloader_workers: 60
enable_amp: true
use_mask: false

[2024-09-19 23:09:33,936][root][INFO] - self.h5_file:
[2024-09-19 23:09:33,983][root][INFO] - Using pretrained model from FoundationPose/learning/training/../../weights/2023-10-28-18-33-37/model_best.pth
[2024-09-19 23:09:34,000][root][INFO] - init done
[2024-09-19 23:09:36,183][root][INFO] - self.diameter:0.2170614748829212, vox_size:0.01085307374414606
[2024-09-19 23:09:36,198][root][INFO] - self.pts:torch.Size([492, 3])
[2024-09-19 23:09:36,993][root][INFO] - reset done
[2024-09-19 23:09:37,003][root][INFO] - cam_in_obs:(42, 4, 4)
[2024-09-19 23:09:37,005][root][INFO] - rot_grid:(252, 4, 4)
[2024-09-19 23:09:37,006][root][INFO] - after cluster, rot_grid:(252, 4, 4)
[2024-09-19 23:09:37,006][root][INFO] - self.rot_grid: torch.Size([252, 4, 4])
[2024-09-19 23:09:47,679][root][INFO] - Welcome
[2024-09-19 23:09:47,694][root][INFO] - poses:(252, 4, 4)
[2024-09-19 23:09:47,705][root][INFO] - after viewpoint, add_errs min:-1.0
[2024-09-19 23:09:47,743][root][INFO] - ob_in_cams:(252, 4, 4)
[2024-09-19 23:09:47,744][root][INFO] - self.cfg.use_normal:False
[2024-09-19 23:09:47,744][root][INFO] - trans_normalizer:[0.019999999552965164, 0.019999999552965164, 0.05000000074505806], rot_normalizer:0.3490658503988659
[2024-09-19 23:09:47,781][root][INFO] - making cropped data
[2024-09-19 23:09:47,781][root][INFO] - Welcome make_crop_data_batch
[2024-09-19 23:09:47,786][root][INFO] - make tf_to_crops done
[2024-09-19 23:09:47,814][root][INFO] - render done
[2024-09-19 23:09:47,820][root][INFO] - warp done
[2024-09-19 23:09:47,826][root][INFO] - pose batch data done
[2024-09-19 23:09:47,826][root][INFO] - forward start
[2024-09-19 23:09:47,949][root][INFO] - forward done
[2024-09-19 23:09:47,960][root][INFO] - making cropped data
[2024-09-19 23:09:47,960][root][INFO] - Welcome make_crop_data_batch
[2024-09-19 23:09:47,961][root][INFO] - make tf_to_crops done
[2024-09-19 23:09:47,981][root][INFO] - render done
[2024-09-19 23:09:47,984][root][INFO] - warp done
[2024-09-19 23:09:47,987][root][INFO] - pose batch data done
[2024-09-19 23:09:47,987][root][INFO] - forward start
[2024-09-19 23:09:47,989][root][INFO] - forward done
[2024-09-19 23:09:47,989][root][INFO] - making cropped data
[2024-09-19 23:09:47,989][root][INFO] - Welcome make_crop_data_batch
[2024-09-19 23:09:48,092][root][INFO] - make tf_to_crops done
[2024-09-19 23:09:48,111][root][INFO] - render done
[2024-09-19 23:09:48,115][root][INFO] - warp done
[2024-09-19 23:09:48,117][root][INFO] - pose batch data done
[2024-09-19 23:09:48,118][root][INFO] - forward start
[2024-09-19 23:09:48,119][root][INFO] - forward done
[2024-09-19 23:09:48,119][root][INFO] - making cropped data
[2024-09-19 23:09:48,119][root][INFO] - Welcome make_crop_data_batch
[2024-09-19 23:09:48,221][root][INFO] - make tf_to_crops done
[2024-09-19 23:09:48,240][root][INFO] - render done
[2024-09-19 23:09:48,245][root][INFO] - warp done
[2024-09-19 23:09:48,247][root][INFO] - pose batch data done
[2024-09-19 23:09:48,247][root][INFO] - forward start
[2024-09-19 23:09:48,249][root][INFO] - forward done
[2024-09-19 23:09:48,249][root][INFO] - making cropped data
[2024-09-19 23:09:48,249][root][INFO] - Welcome make_crop_data_batch
[2024-09-19 23:09:48,349][root][INFO] - make tf_to_crops done
[2024-09-19 23:09:48,368][root][INFO] - render done
[2024-09-19 23:09:48,372][root][INFO] - warp done
[2024-09-19 23:09:48,374][root][INFO] - pose batch data done
[2024-09-19 23:09:48,374][root][INFO] - forward start
[2024-09-19 23:09:48,376][root][INFO] - forward done
[2024-09-19 23:09:48,491][root][INFO] - ob_in_cams:(252, 4, 4)
[2024-09-19 23:09:48,492][root][INFO] - self.cfg.use_normal:False
[2024-09-19 23:09:48,492][root][INFO] - making cropped data
[2024-09-19 23:09:48,500][root][INFO] - Welcome make_crop_data_batch
[2024-09-19 23:09:48,501][root][INFO] - make tf_to_crops done
[2024-09-19 23:09:48,519][root][INFO] - render done
[2024-09-19 23:09:48,648][root][INFO] - pose batch data done
[2024-09-19 23:09:48,648][root][INFO] - pose_data.rgbAs.shape[0]: 252
[2024-09-19 23:09:48,745][root][INFO] - forward done
[2024-09-19 23:09:48,762][root][INFO] - final, add_errs min:-1.0
[2024-09-19 23:09:48,772][root][INFO] - sort ids:tensor([ 43, 133, 163,   7,  73, 216, 100, 126, 145,  97,   0, 102, 132,  72,
         96, 225,   1,  42, 144,   6,  76,   4, 198, 244,  34, 106, 127, 169,
        137, 189, 227,  11,  32, 103, 162, 243,   5,  74,  77, 101,  33, 105,
        131, 134, 168, 187, 203, 226,  75,  98, 130,   2,   3,   8,  10,  99,
        129, 146, 136, 170, 220, 221, 104, 135, 164, 188, 202,  47, 245, 128,
        107, 154,  22,  82, 185,  88, 124, 178, 222,  16,  49,  28,  94, 184,
          9,  27, 118, 171, 206, 212, 229,  19,  21,  84,  13,  79,  85,  87,
         90, 210, 231,  81,  93, 121, 156, 183,  15, 177, 236, 237,  36,  91,
        114, 115, 204, 205,  12,  78, 120, 174, 228,  37, 116, 117, 179,  14,
         23,  26,  20,  70,  80,  95, 123, 235,  92, 230,  41,  83, 119, 150,
        196,  86, 160,  18, 122, 161,  17, 125, 211, 155,  61,  59,  71, 153,
         89, 247,  64, 251,  55, 108,  53, 147,  58,  65, 197, 207, 193,  67,
        248, 194, 139, 143, 201, 110, 250,  56, 113,  68,  50,  62, 141, 111,
        109, 112,  52, 138, 140, 142, 172,  60,  66, 192,  48,  57,  51,  54,
         69, 195, 246, 249,  63, 186, 215, 219, 242,  29,  38,  40,  44, 151,
        158, 165, 173, 175, 176, 182, 190, 208, 209, 214, 217, 239, 240,  25,
         31,  39,  45, 149, 152, 157, 166, 167, 180, 191, 199, 200, 218, 224,
        232, 233, 238, 241,  24,  30,  46, 181,  35, 148, 159, 213, 223, 234])
[2024-09-19 23:09:48,775][root][INFO] - sorted scores:tensor([75.4062, 75.4062, 75.3906, 75.3750, 75.3750, 75.3594, 75.3438, 75.3438,
        75.3438, 75.3281, 75.3125, 75.3125, 75.2969, 75.2812, 75.2812, 75.2812,
        75.2656, 75.2500, 75.2500, 75.2344, 75.2344, 75.2188, 75.2188, 75.2188,
        75.1875, 75.1875, 75.1875, 75.1875, 75.1406, 75.1406, 75.1250, 75.1094,
        75.1094, 75.1094, 75.1094, 75.1094, 75.0938, 75.0938, 75.0938, 75.0938,
        75.0781, 75.0781, 75.0781, 75.0781, 75.0781, 75.0781, 75.0781, 75.0781,
        75.0625, 75.0625, 75.0625, 75.0469, 75.0469, 75.0469, 75.0469, 75.0469,
        75.0469, 75.0469, 75.0312, 75.0312, 75.0312, 75.0312, 75.0156, 75.0156,
        75.0156, 75.0156, 75.0156, 75.0000, 75.0000, 74.9688, 74.9531, 74.9531,
        74.9375, 74.9375, 74.9375, 74.9219, 74.9219, 74.9062, 74.9062, 74.8906,
        74.8750, 74.8594, 74.8438, 74.8438, 74.8125, 74.7812, 74.7812, 74.7812,
        74.7812, 74.7812, 74.7812, 74.7656, 74.7500, 74.7500, 74.7344, 74.7344,
        74.7344, 74.7344, 74.7344, 74.7344, 74.7344, 74.7188, 74.7188, 74.7188,
        74.7188, 74.7188, 74.7031, 74.7031, 74.7031, 74.7031, 74.6875, 74.6875,
        74.6875, 74.6875, 74.6875, 74.6875, 74.6719, 74.6719, 74.6719, 74.6719,
        74.6719, 74.6562, 74.6562, 74.6562, 74.6562, 74.6406, 74.6406, 74.6406,
        74.6250, 74.6250, 74.6250, 74.6250, 74.6250, 74.6250, 74.6094, 74.6094,
        74.5938, 74.5938, 74.5938, 74.5938, 74.5938, 74.5781, 74.5781, 74.5625,
        74.5625, 74.5625, 74.5469, 74.5469, 74.5469, 74.5312, 74.5156, 74.5000,
        74.4688, 74.4688, 74.4375, 74.4219, 74.3594, 74.3438, 74.2969, 74.2812,
        74.2500, 74.2500, 74.2188, 74.2031, 74.1406, 74.1406, 74.1250, 74.1094,
        74.1094, 74.0469, 74.0000, 74.0000, 74.0000, 73.9844, 73.9844, 73.9688,
        73.9688, 73.9219, 73.8906, 73.8906, 73.8594, 73.8438, 73.8281, 73.8125,
        73.7812, 73.7344, 73.7031, 73.5938, 73.1406, 72.9688, 72.9688, 72.9688,
        72.9531, 72.9531, 72.9375, 72.9375, 72.9375, 72.9375, 72.9375, 72.9375,
        72.9219, 72.9219, 72.9062, 72.9062, 72.9062, 72.8906, 72.8906, 72.8906,
        72.8906, 72.8906, 72.8906, 72.8906, 72.8906, 72.8906, 72.8906, 72.8906,
        72.8906, 72.8906, 72.8906, 72.8906, 72.8906, 72.8906, 72.8906, 72.8750,
        72.8750, 72.8750, 72.8750, 72.8750, 72.8750, 72.8750, 72.8750, 72.8750,
        72.8750, 72.8750, 72.8750, 72.8750, 72.8750, 72.8750, 72.8750, 72.8750,
        72.8750, 72.8750, 72.8594, 72.8594, 72.8594, 72.8594, 72.8438, 72.8438,
        72.8438, 72.8438, 72.8438, 72.8281])
[2024-09-19 23:09:54,624][websockets.server][INFO] - server listening on 0.0.0.0:8080
[2024-09-19 23:09:55,201][websockets.server][INFO] - connection open
[2024-09-19 23:10:02,738][root][INFO] - Succeeded to open port: /dev/ttyUSB0
[2024-09-19 23:10:02,739][root][INFO] - Succeeded to set baudrate to 3000000
[2024-09-19 23:10:06,560][websockets.server][INFO] - connection open
[2024-09-19 23:10:27,024][root][ERROR] - > write_byte: [Motor ID: 11] [RxPacketError] Hardware error occurred. Check the error at Control Table (Hardware Error Status)!
[2024-09-19 23:10:27,040][root][ERROR] - > write_byte: [Motor ID: 12] [RxPacketError] Hardware error occurred. Check the error at Control Table (Hardware Error Status)!
[2024-09-19 23:10:27,056][root][ERROR] - > write_byte: [Motor ID: 13] [RxPacketError] Hardware error occurred. Check the error at Control Table (Hardware Error Status)!
[2024-09-19 23:10:27,088][root][ERROR] - Could not set torque disabled for IDs: [11, 12, 13]
