[2024-09-20 15:09:30,860][root][INFO] - self.cfg: 
 lr: 0.0001
c_in: 6
zfar: 'Infinity'
debug: null
n_view: 1
run_id: 3wy8qqex
use_BN: true
exp_name: 2024-01-11-20-02-45
n_epochs: 62
save_dir: /home/bowenw/debug/2024-01-11-20-02-45/
use_mask: false
loss_type: pairwise_valid
optimizer: adam
batch_size: 64
crop_ratio: 1.1
enable_amp: true
use_normal: false
max_num_key: null
warmup_step: -1
input_resize:
- 160
- 160
max_step_val: 1000
vis_interval: 1000
weight_decay: 0
normalize_xyz: true
resume_run_id: null
clip_grad_norm: 'Infinity'
lr_epoch_decay: 500
render_backend: nvdiffrast
train_num_pair: 5
lr_decay_epochs:
- 50
n_epochs_warmup: 1
make_pair_online: false
gradient_max_norm: 'Infinity'
max_step_per_epoch: 10000
n_rendering_workers: 1
save_epoch_interval: 100
n_dataloader_workers: 100
split_objects_across_gpus: true
ckpt_dir: FoundationPose/learning/training/../../weights/2024-01-11-20-02-45/model_best.pth

[2024-09-20 15:09:30,860][root][INFO] - self.h5_file:None
[2024-09-20 15:09:31,041][root][INFO] - Using pretrained model from FoundationPose/learning/training/../../weights/2024-01-11-20-02-45/model_best.pth
[2024-09-20 15:09:31,098][root][INFO] - init done
[2024-09-20 15:09:31,099][root][INFO] - welcome
[2024-09-20 15:09:31,102][root][INFO] - self.cfg: 
 lr: 0.0001
c_in: 6
zfar: .inf
debug: null
w_rot: 0.1
n_view: 1
run_id: null
use_BN: true
rot_rep: axis_angle
ckpt_dir: FoundationPose/learning/training/../../weights/2023-10-28-18-33-37/model_best.pth
exp_name: 2023-10-28-18-33-37
save_dir: /tmp/2023-10-28-18-33-37/
loss_type: l2
optimizer: adam
trans_rep: tracknet
batch_size: 64
crop_ratio: 1.2
use_normal: false
BN_momentum: 0.1
max_num_key: null
warmup_step: -1
input_resize:
- 160
- 160
max_step_val: 1000
normal_uint8: false
vis_interval: 1000
weight_decay: 0
n_max_objects: null
normalize_xyz: true
clip_grad_norm: 'Infinity'
rot_normalizer: 0.3490658503988659
trans_normalizer:
- 0.019999999552965164
- 0.019999999552965164
- 0.05000000074505806
max_step_per_epoch: 25000
val_epoch_interval: 10
n_dataloader_workers: 60
enable_amp: true
use_mask: false

[2024-09-20 15:09:31,102][root][INFO] - self.h5_file:
[2024-09-20 15:09:31,148][root][INFO] - Using pretrained model from FoundationPose/learning/training/../../weights/2023-10-28-18-33-37/model_best.pth
[2024-09-20 15:09:31,174][root][INFO] - init done
[2024-09-20 15:09:33,362][root][INFO] - self.diameter:0.137712368854882, vox_size:0.0068856184427441
[2024-09-20 15:09:33,377][root][INFO] - self.pts:torch.Size([807, 3])
[2024-09-20 15:09:34,368][root][INFO] - reset done
[2024-09-20 15:09:34,369][root][INFO] - cam_in_obs:(42, 4, 4)
[2024-09-20 15:09:34,371][root][INFO] - rot_grid:(252, 4, 4)
[2024-09-20 15:09:34,372][root][INFO] - after cluster, rot_grid:(252, 4, 4)
[2024-09-20 15:09:34,372][root][INFO] - self.rot_grid: torch.Size([252, 4, 4])
[2024-09-20 15:09:44,683][root][INFO] - Welcome
[2024-09-20 15:09:44,698][root][INFO] - poses:(252, 4, 4)
[2024-09-20 15:09:44,708][root][INFO] - after viewpoint, add_errs min:-1.0
[2024-09-20 15:09:44,740][root][INFO] - ob_in_cams:(252, 4, 4)
[2024-09-20 15:09:44,741][root][INFO] - self.cfg.use_normal:False
[2024-09-20 15:09:44,741][root][INFO] - trans_normalizer:[0.019999999552965164, 0.019999999552965164, 0.05000000074505806], rot_normalizer:0.3490658503988659
[2024-09-20 15:09:44,774][root][INFO] - making cropped data
[2024-09-20 15:09:44,775][root][INFO] - Welcome make_crop_data_batch
[2024-09-20 15:09:44,778][root][INFO] - make tf_to_crops done
[2024-09-20 15:09:44,812][root][INFO] - render done
[2024-09-20 15:09:44,819][root][INFO] - warp done
[2024-09-20 15:09:44,825][root][INFO] - pose batch data done
[2024-09-20 15:09:44,825][root][INFO] - forward start
[2024-09-20 15:09:44,951][root][INFO] - forward done
[2024-09-20 15:09:44,964][root][INFO] - making cropped data
[2024-09-20 15:09:44,964][root][INFO] - Welcome make_crop_data_batch
[2024-09-20 15:09:44,965][root][INFO] - make tf_to_crops done
[2024-09-20 15:09:44,987][root][INFO] - render done
[2024-09-20 15:09:44,992][root][INFO] - warp done
[2024-09-20 15:09:44,995][root][INFO] - pose batch data done
[2024-09-20 15:09:44,995][root][INFO] - forward start
[2024-09-20 15:09:44,996][root][INFO] - forward done
[2024-09-20 15:09:44,997][root][INFO] - making cropped data
[2024-09-20 15:09:44,997][root][INFO] - Welcome make_crop_data_batch
[2024-09-20 15:09:45,106][root][INFO] - make tf_to_crops done
[2024-09-20 15:09:45,127][root][INFO] - render done
[2024-09-20 15:09:45,131][root][INFO] - warp done
[2024-09-20 15:09:45,134][root][INFO] - pose batch data done
[2024-09-20 15:09:45,134][root][INFO] - forward start
[2024-09-20 15:09:45,135][root][INFO] - forward done
[2024-09-20 15:09:45,135][root][INFO] - making cropped data
[2024-09-20 15:09:45,136][root][INFO] - Welcome make_crop_data_batch
[2024-09-20 15:09:45,245][root][INFO] - make tf_to_crops done
[2024-09-20 15:09:45,266][root][INFO] - render done
[2024-09-20 15:09:45,271][root][INFO] - warp done
[2024-09-20 15:09:45,274][root][INFO] - pose batch data done
[2024-09-20 15:09:45,274][root][INFO] - forward start
[2024-09-20 15:09:45,276][root][INFO] - forward done
[2024-09-20 15:09:45,276][root][INFO] - making cropped data
[2024-09-20 15:09:45,276][root][INFO] - Welcome make_crop_data_batch
[2024-09-20 15:09:45,384][root][INFO] - make tf_to_crops done
[2024-09-20 15:09:45,406][root][INFO] - render done
[2024-09-20 15:09:45,410][root][INFO] - warp done
[2024-09-20 15:09:45,412][root][INFO] - pose batch data done
[2024-09-20 15:09:45,412][root][INFO] - forward start
[2024-09-20 15:09:45,413][root][INFO] - forward done
[2024-09-20 15:09:45,538][root][INFO] - ob_in_cams:(252, 4, 4)
[2024-09-20 15:09:45,538][root][INFO] - self.cfg.use_normal:False
[2024-09-20 15:09:45,538][root][INFO] - making cropped data
[2024-09-20 15:09:45,547][root][INFO] - Welcome make_crop_data_batch
[2024-09-20 15:09:45,548][root][INFO] - make tf_to_crops done
[2024-09-20 15:09:45,568][root][INFO] - render done
[2024-09-20 15:09:45,708][root][INFO] - pose batch data done
[2024-09-20 15:09:45,709][root][INFO] - pose_data.rgbAs.shape[0]: 252
[2024-09-20 15:09:45,813][root][INFO] - forward done
[2024-09-20 15:09:45,831][root][INFO] - final, add_errs min:-1.0
[2024-09-20 15:09:45,841][root][INFO] - sort ids:tensor([  3,   9,  34,  75, 100, 129, 135, 226, 244, 105, 189, 104,  99, 188,
          8,  33,   4,  76, 136,  10, 147, 130, 170,  32, 106, 134, 172, 101,
        123,  74,   2,   5,  98,  40, 209, 227,  77, 171,   0,  11, 107, 137,
          6,  30,  72, 102,   7, 132, 176,   1,  35,  96,  97, 131,  31,  73,
        103, 152, 148, 133, 169, 122, 151,  64,  91, 124, 159, 112, 139, 126,
        221, 222, 153,  79, 182,  65, 214, 127,  39,  20,  36, 138, 118, 128,
        158, 190, 211, 166, 198, 224,  57, 168, 215,  42,  17,  46, 149, 207,
        216,  50, 141, 225,  43,  60,  80, 164, 204, 117, 121, 175, 228, 233,
         84, 145,  85, 163, 186,  62,  71, 167, 191,  19, 142, 218, 223,  37,
         56, 219, 232, 234,  48, 212,  25, 140, 156, 192, 208, 116, 239,  24,
         78, 143, 150, 165, 174, 235,  45,  86, 162, 195, 213,  26,  49, 144,
        157, 220, 250,  12,  18, 173, 229,  90,  92, 115,  47, 245,  38,  83,
        180,  23, 194,  44, 201, 217, 238, 246,  16, 119, 203, 243,  53,  69,
         95, 177, 200, 240, 249,  61,  68,  82, 146, 161, 206, 237, 251,  29,
        231,  15,  52,  63,  89,  94, 185, 248,  28,  88, 125, 179, 181, 210,
        230,  13,  22,  27,  41,  70, 154, 160, 178, 184,  58,  67,  81,  87,
        108, 120, 236, 242,  14,  93, 114, 183, 196, 205, 241,  59, 155,  21,
         55, 109, 110, 113, 199, 247,  51, 111, 197, 187, 193, 202,  54,  66])
[2024-09-20 15:09:45,844][root][INFO] - sorted scores:tensor([90.9688, 90.9688, 90.9688, 90.9688, 90.9688, 90.9688, 90.9688, 90.9688,
        90.9688, 90.9609, 90.9453, 90.7734, 90.7656, 90.7656, 90.7578, 90.7500,
        90.6406, 90.6328, 90.6328, 90.6250, 90.6016, 90.5859, 90.5859, 90.5781,
        90.5547, 90.5469, 90.4141, 90.3281, 90.2188, 90.2031, 90.1875, 90.1719,
        90.1641, 90.1484, 90.1328, 90.1328, 90.1016, 90.0938, 90.0781, 90.0781,
        90.0781, 90.0781, 90.0703, 90.0703, 90.0703, 90.0703, 90.0625, 90.0625,
        90.0625, 90.0547, 90.0547, 90.0547, 90.0547, 90.0547, 90.0469, 90.0469,
        90.0469, 90.0469, 90.0391, 90.0312, 90.0312, 90.0234, 89.9766, 89.9688,
        89.9688, 89.9531, 89.9531, 89.9453, 89.9375, 89.9297, 89.9062, 89.8984,
        89.8828, 89.8750, 89.8672, 89.8516, 89.8516, 89.8359, 89.8281, 89.8203,
        89.8203, 89.8203, 89.8125, 89.8125, 89.8125, 89.7891, 89.7891, 89.7656,
        89.7578, 89.7578, 89.7500, 89.7422, 89.7422, 89.7344, 89.7266, 89.7266,
        89.7266, 89.7266, 89.7266, 89.7188, 89.7188, 89.7188, 89.7109, 89.7109,
        89.7109, 89.7109, 89.7109, 89.7031, 89.7031, 89.7031, 89.7031, 89.7031,
        89.6875, 89.6875, 89.6797, 89.6797, 89.6797, 89.6719, 89.6719, 89.6719,
        89.6719, 89.6641, 89.6641, 89.6641, 89.6641, 89.6562, 89.6562, 89.6562,
        89.6562, 89.6562, 89.6484, 89.6484, 89.6406, 89.6406, 89.6406, 89.6406,
        89.6406, 89.6328, 89.6328, 89.6250, 89.6250, 89.6250, 89.6250, 89.6250,
        89.6250, 89.6250, 89.6172, 89.6172, 89.6172, 89.6172, 89.6172, 89.6094,
        89.6094, 89.6094, 89.6094, 89.6094, 89.6094, 89.6016, 89.6016, 89.6016,
        89.6016, 89.5938, 89.5938, 89.5938, 89.5859, 89.5859, 89.5781, 89.5781,
        89.5781, 89.5703, 89.5703, 89.5625, 89.5625, 89.5625, 89.5625, 89.5625,
        89.5547, 89.5547, 89.5547, 89.5547, 89.5469, 89.5469, 89.5469, 89.5469,
        89.5469, 89.5469, 89.5469, 89.5391, 89.5391, 89.5391, 89.5391, 89.5391,
        89.5391, 89.5391, 89.5391, 89.5312, 89.5312, 89.5234, 89.5234, 89.5234,
        89.5234, 89.5234, 89.5234, 89.5234, 89.5156, 89.5156, 89.5156, 89.5156,
        89.5156, 89.5156, 89.5156, 89.5078, 89.5078, 89.5078, 89.5078, 89.5078,
        89.5078, 89.5078, 89.5078, 89.5078, 89.5000, 89.5000, 89.5000, 89.5000,
        89.5000, 89.5000, 89.5000, 89.5000, 89.4922, 89.4922, 89.4922, 89.4922,
        89.4922, 89.4922, 89.4922, 89.4844, 89.4844, 89.4766, 89.4766, 89.4766,
        89.4766, 89.4766, 89.4766, 89.4766, 89.4688, 89.4609, 89.4609, 89.4531,
        89.4531, 89.4453, 89.4375, 89.4297])
[2024-09-20 15:09:50,423][websockets.server][INFO] - server listening on 0.0.0.0:8080
[2024-09-20 15:09:51,155][websockets.server][INFO] - connection open
[2024-09-20 15:09:51,623][websockets.server][INFO] - connection open
[2024-09-20 15:10:05,360][root][INFO] - Succeeded to open port: /dev/ttyUSB0
[2024-09-20 15:10:05,361][root][INFO] - Succeeded to set baudrate to 3000000
[2024-09-20 15:10:06,215][root][ERROR] - > read: [TxRxResult] Incorrect status packet!
