[2024-09-20 10:52:01,195][root][INFO] - self.cfg: 
 lr: 0.0001
c_in: 6
zfar: 'Infinity'
debug: null
n_view: 1
run_id: 3wy8qqex
use_BN: true
exp_name: 2024-01-11-20-02-45
n_epochs: 62
save_dir: /home/bowenw/debug/2024-01-11-20-02-45/
use_mask: false
loss_type: pairwise_valid
optimizer: adam
batch_size: 64
crop_ratio: 1.1
enable_amp: true
use_normal: false
max_num_key: null
warmup_step: -1
input_resize:
- 160
- 160
max_step_val: 1000
vis_interval: 1000
weight_decay: 0
normalize_xyz: true
resume_run_id: null
clip_grad_norm: 'Infinity'
lr_epoch_decay: 500
render_backend: nvdiffrast
train_num_pair: 5
lr_decay_epochs:
- 50
n_epochs_warmup: 1
make_pair_online: false
gradient_max_norm: 'Infinity'
max_step_per_epoch: 10000
n_rendering_workers: 1
save_epoch_interval: 100
n_dataloader_workers: 100
split_objects_across_gpus: true
ckpt_dir: FoundationPose/learning/training/../../weights/2024-01-11-20-02-45/model_best.pth

[2024-09-20 10:52:01,195][root][INFO] - self.h5_file:None
[2024-09-20 10:52:01,379][root][INFO] - Using pretrained model from FoundationPose/learning/training/../../weights/2024-01-11-20-02-45/model_best.pth
[2024-09-20 10:52:01,439][root][INFO] - init done
[2024-09-20 10:52:01,440][root][INFO] - welcome
[2024-09-20 10:52:01,443][root][INFO] - self.cfg: 
 lr: 0.0001
c_in: 6
zfar: .inf
debug: null
w_rot: 0.1
n_view: 1
run_id: null
use_BN: true
rot_rep: axis_angle
ckpt_dir: FoundationPose/learning/training/../../weights/2023-10-28-18-33-37/model_best.pth
exp_name: 2023-10-28-18-33-37
save_dir: /tmp/2023-10-28-18-33-37/
loss_type: l2
optimizer: adam
trans_rep: tracknet
batch_size: 64
crop_ratio: 1.2
use_normal: false
BN_momentum: 0.1
max_num_key: null
warmup_step: -1
input_resize:
- 160
- 160
max_step_val: 1000
normal_uint8: false
vis_interval: 1000
weight_decay: 0
n_max_objects: null
normalize_xyz: true
clip_grad_norm: 'Infinity'
rot_normalizer: 0.3490658503988659
trans_normalizer:
- 0.019999999552965164
- 0.019999999552965164
- 0.05000000074505806
max_step_per_epoch: 25000
val_epoch_interval: 10
n_dataloader_workers: 60
enable_amp: true
use_mask: false

[2024-09-20 10:52:01,443][root][INFO] - self.h5_file:
[2024-09-20 10:52:01,493][root][INFO] - Using pretrained model from FoundationPose/learning/training/../../weights/2023-10-28-18-33-37/model_best.pth
[2024-09-20 10:52:01,515][root][INFO] - init done
[2024-09-20 10:52:03,692][root][INFO] - self.diameter:0.137712368854882, vox_size:0.0068856184427441
[2024-09-20 10:52:03,707][root][INFO] - self.pts:torch.Size([807, 3])
[2024-09-20 10:52:04,698][root][INFO] - reset done
[2024-09-20 10:52:04,698][root][INFO] - cam_in_obs:(42, 4, 4)
[2024-09-20 10:52:04,700][root][INFO] - rot_grid:(252, 4, 4)
[2024-09-20 10:52:04,701][root][INFO] - after cluster, rot_grid:(252, 4, 4)
[2024-09-20 10:52:04,701][root][INFO] - self.rot_grid: torch.Size([252, 4, 4])
[2024-09-20 10:52:15,102][root][INFO] - Welcome
[2024-09-20 10:52:15,124][root][INFO] - poses:(252, 4, 4)
[2024-09-20 10:52:15,135][root][INFO] - after viewpoint, add_errs min:-1.0
[2024-09-20 10:52:15,200][root][INFO] - ob_in_cams:(252, 4, 4)
[2024-09-20 10:52:15,201][root][INFO] - self.cfg.use_normal:False
[2024-09-20 10:52:15,201][root][INFO] - trans_normalizer:[0.019999999552965164, 0.019999999552965164, 0.05000000074505806], rot_normalizer:0.3490658503988659
[2024-09-20 10:52:15,210][root][INFO] - making cropped data
[2024-09-20 10:52:15,210][root][INFO] - Welcome make_crop_data_batch
[2024-09-20 10:52:15,214][root][INFO] - make tf_to_crops done
[2024-09-20 10:52:15,244][root][INFO] - render done
[2024-09-20 10:52:15,249][root][INFO] - warp done
[2024-09-20 10:52:15,255][root][INFO] - pose batch data done
[2024-09-20 10:52:15,255][root][INFO] - forward start
[2024-09-20 10:52:15,371][root][INFO] - forward done
[2024-09-20 10:52:15,382][root][INFO] - making cropped data
[2024-09-20 10:52:15,382][root][INFO] - Welcome make_crop_data_batch
[2024-09-20 10:52:15,382][root][INFO] - make tf_to_crops done
[2024-09-20 10:52:15,402][root][INFO] - render done
[2024-09-20 10:52:15,406][root][INFO] - warp done
[2024-09-20 10:52:15,409][root][INFO] - pose batch data done
[2024-09-20 10:52:15,409][root][INFO] - forward start
[2024-09-20 10:52:15,410][root][INFO] - forward done
[2024-09-20 10:52:15,411][root][INFO] - making cropped data
[2024-09-20 10:52:15,411][root][INFO] - Welcome make_crop_data_batch
[2024-09-20 10:52:15,511][root][INFO] - make tf_to_crops done
[2024-09-20 10:52:15,531][root][INFO] - render done
[2024-09-20 10:52:15,536][root][INFO] - warp done
[2024-09-20 10:52:15,539][root][INFO] - pose batch data done
[2024-09-20 10:52:15,539][root][INFO] - forward start
[2024-09-20 10:52:15,540][root][INFO] - forward done
[2024-09-20 10:52:15,540][root][INFO] - making cropped data
[2024-09-20 10:52:15,540][root][INFO] - Welcome make_crop_data_batch
[2024-09-20 10:52:15,642][root][INFO] - make tf_to_crops done
[2024-09-20 10:52:15,662][root][INFO] - render done
[2024-09-20 10:52:15,665][root][INFO] - warp done
[2024-09-20 10:52:15,681][root][INFO] - pose batch data done
[2024-09-20 10:52:15,681][root][INFO] - forward start
[2024-09-20 10:52:15,682][root][INFO] - forward done
[2024-09-20 10:52:15,682][root][INFO] - making cropped data
[2024-09-20 10:52:15,682][root][INFO] - Welcome make_crop_data_batch
[2024-09-20 10:52:15,783][root][INFO] - make tf_to_crops done
[2024-09-20 10:52:15,803][root][INFO] - render done
[2024-09-20 10:52:15,807][root][INFO] - warp done
[2024-09-20 10:52:15,810][root][INFO] - pose batch data done
[2024-09-20 10:52:15,810][root][INFO] - forward start
[2024-09-20 10:52:15,811][root][INFO] - forward done
[2024-09-20 10:52:15,928][root][INFO] - ob_in_cams:(252, 4, 4)
[2024-09-20 10:52:15,928][root][INFO] - self.cfg.use_normal:False
[2024-09-20 10:52:15,928][root][INFO] - making cropped data
[2024-09-20 10:52:15,941][root][INFO] - Welcome make_crop_data_batch
[2024-09-20 10:52:15,941][root][INFO] - make tf_to_crops done
[2024-09-20 10:52:15,959][root][INFO] - render done
[2024-09-20 10:52:16,089][root][INFO] - pose batch data done
[2024-09-20 10:52:16,089][root][INFO] - pose_data.rgbAs.shape[0]: 252
[2024-09-20 10:52:16,187][root][INFO] - forward done
[2024-09-20 10:52:16,204][root][INFO] - final, add_errs min:-1.0
[2024-09-20 10:52:16,214][root][INFO] - sort ids:tensor([  0,  60,  96, 198, 199, 216, 217, 223,  43,  66, 127, 222, 246, 240,
          1, 133,  67, 140,  73, 204, 101, 227,  76, 247,  35,  41,  44, 119,
        139, 162,  40, 183, 210, 215,  21, 126, 160,  51,  65, 106, 113, 166,
        190, 226, 235, 245,  50, 134, 146, 153, 228, 149, 197,  26, 145, 164,
        234,   8,  57,  85, 152,  11,  46, 123, 161,  10,  61, 104, 144, 159,
        229,  72,  77, 147, 173, 186, 191,  58,  84, 100, 112, 131, 137, 156,
        167, 177, 214,  52, 136, 154, 182, 195,   4,   5,   6,  30,  39,  53,
        102, 108, 114, 125, 138, 148, 165, 170, 196, 219, 248,   9,  19,  25,
         34,  47,  49,  92, 107, 121, 151, 172, 211, 212, 221, 238, 241,   7,
         33,  86, 117, 142, 157, 163, 175, 239,   2,  15,  17,  20,  27,  37,
         45,  78,  81,  90,  97, 128, 176, 178, 193, 200, 205, 218, 232, 244,
        250,  12,  13,  42,  55,  59,  83,  87,  89,  93,  98, 103, 111, 115,
        120, 158, 208, 236,  36,  38,  48,  64,  68,  70,  74,  75,  80, 105,
        129, 130, 132, 135, 150, 181, 184, 201, 202, 203, 209, 220, 224, 225,
        233,   3,  18,  22,  24,  71,  79,  99, 141, 168, 169, 174, 188, 213,
        230,  14,  29,  31,  32,  56,  62,  95, 143, 171, 185, 189, 194, 243,
        249, 251,  16,  23,  69,  82,  91,  94, 118, 124, 192, 207, 231,  28,
        155, 187, 206, 237,  54,  88, 116, 122, 179, 242, 109, 110,  63, 180])
[2024-09-20 10:52:16,218][root][INFO] - sorted scores:tensor([122.2500, 122.2500, 122.2500, 122.2500, 122.2500, 122.2500, 122.2500,
        122.2500, 122.2344, 122.2344, 122.2344, 122.2344, 122.2344, 122.2188,
        122.1875, 122.1562, 122.0312, 121.9219, 121.9062, 121.7500, 121.7344,
        121.7344, 121.7031, 121.7031, 121.6719, 121.6719, 121.6719, 121.6719,
        121.6719, 121.6719, 121.6562, 121.6562, 121.6562, 121.6406, 121.6250,
        121.6250, 121.6250, 121.6094, 121.6094, 121.6094, 121.6094, 121.6094,
        121.6094, 121.6094, 121.6094, 121.6094, 121.5938, 121.5938, 121.5938,
        121.5938, 121.5938, 121.5781, 121.5781, 121.5625, 121.5625, 121.5625,
        121.5625, 121.5469, 121.5469, 121.5469, 121.5469, 121.5312, 121.5312,
        121.5312, 121.5312, 121.5156, 121.5156, 121.5156, 121.5156, 121.5156,
        121.5156, 121.5000, 121.5000, 121.5000, 121.5000, 121.5000, 121.5000,
        121.4844, 121.4844, 121.4844, 121.4844, 121.4844, 121.4844, 121.4844,
        121.4844, 121.4844, 121.4844, 121.4688, 121.4688, 121.4688, 121.4688,
        121.4688, 121.4531, 121.4531, 121.4531, 121.4531, 121.4531, 121.4531,
        121.4531, 121.4531, 121.4531, 121.4531, 121.4531, 121.4531, 121.4531,
        121.4531, 121.4531, 121.4531, 121.4531, 121.4375, 121.4375, 121.4375,
        121.4375, 121.4375, 121.4375, 121.4375, 121.4375, 121.4375, 121.4375,
        121.4375, 121.4375, 121.4375, 121.4375, 121.4375, 121.4375, 121.4219,
        121.4219, 121.4219, 121.4219, 121.4219, 121.4219, 121.4219, 121.4219,
        121.4219, 121.4062, 121.4062, 121.4062, 121.4062, 121.4062, 121.4062,
        121.4062, 121.4062, 121.4062, 121.4062, 121.4062, 121.4062, 121.4062,
        121.4062, 121.4062, 121.4062, 121.4062, 121.4062, 121.4062, 121.4062,
        121.4062, 121.3906, 121.3906, 121.3906, 121.3906, 121.3906, 121.3906,
        121.3906, 121.3906, 121.3906, 121.3906, 121.3906, 121.3906, 121.3906,
        121.3906, 121.3906, 121.3906, 121.3906, 121.3750, 121.3750, 121.3750,
        121.3750, 121.3750, 121.3750, 121.3750, 121.3750, 121.3750, 121.3750,
        121.3750, 121.3750, 121.3750, 121.3750, 121.3750, 121.3750, 121.3750,
        121.3750, 121.3750, 121.3750, 121.3750, 121.3750, 121.3750, 121.3750,
        121.3750, 121.3594, 121.3594, 121.3594, 121.3594, 121.3594, 121.3594,
        121.3594, 121.3594, 121.3594, 121.3594, 121.3594, 121.3594, 121.3594,
        121.3594, 121.3438, 121.3438, 121.3438, 121.3438, 121.3438, 121.3438,
        121.3438, 121.3438, 121.3438, 121.3438, 121.3438, 121.3438, 121.3438,
        121.3438, 121.3438, 121.3281, 121.3281, 121.3281, 121.3281, 121.3281,
        121.3281, 121.3281, 121.3281, 121.3281, 121.3281, 121.3281, 121.3125,
        121.3125, 121.3125, 121.3125, 121.3125, 121.2969, 121.2969, 121.2969,
        121.2969, 121.2969, 121.2969, 121.2812, 121.2812, 121.2500, 121.2500])
[2024-09-20 10:52:21,652][websockets.server][INFO] - server listening on 0.0.0.0:8080
[2024-09-20 10:52:26,682][websockets.server][INFO] - connection open
[2024-09-20 10:52:30,823][websockets.server][INFO] - connection open
[2024-09-20 10:52:31,100][root][INFO] - Succeeded to open port: /dev/ttyUSB0
[2024-09-20 10:52:31,101][root][INFO] - Succeeded to set baudrate to 3000000
[2024-09-20 10:52:52,483][root][ERROR] - > read: [TxRxResult] Incorrect status packet!
[2024-09-20 10:52:52,518][root][ERROR] - > read: [TxRxResult] Incorrect status packet!
