[2024-09-19 17:47:47,650][root][INFO] - self.cfg: 
 lr: 0.0001
c_in: 6
zfar: 'Infinity'
debug: null
n_view: 1
run_id: 3wy8qqex
use_BN: true
exp_name: 2024-01-11-20-02-45
n_epochs: 62
save_dir: /home/bowenw/debug/2024-01-11-20-02-45/
use_mask: false
loss_type: pairwise_valid
optimizer: adam
batch_size: 64
crop_ratio: 1.1
enable_amp: true
use_normal: false
max_num_key: null
warmup_step: -1
input_resize:
- 160
- 160
max_step_val: 1000
vis_interval: 1000
weight_decay: 0
normalize_xyz: true
resume_run_id: null
clip_grad_norm: 'Infinity'
lr_epoch_decay: 500
render_backend: nvdiffrast
train_num_pair: 5
lr_decay_epochs:
- 50
n_epochs_warmup: 1
make_pair_online: false
gradient_max_norm: 'Infinity'
max_step_per_epoch: 10000
n_rendering_workers: 1
save_epoch_interval: 100
n_dataloader_workers: 100
split_objects_across_gpus: true
ckpt_dir: FoundationPose/learning/training/../../weights/2024-01-11-20-02-45/model_best.pth

[2024-09-19 17:47:47,650][root][INFO] - self.h5_file:None
[2024-09-19 17:47:47,873][root][INFO] - Using pretrained model from FoundationPose/learning/training/../../weights/2024-01-11-20-02-45/model_best.pth
[2024-09-19 17:47:47,940][root][INFO] - init done
[2024-09-19 17:47:47,940][root][INFO] - welcome
[2024-09-19 17:47:47,944][root][INFO] - self.cfg: 
 lr: 0.0001
c_in: 6
zfar: .inf
debug: null
w_rot: 0.1
n_view: 1
run_id: null
use_BN: true
rot_rep: axis_angle
ckpt_dir: FoundationPose/learning/training/../../weights/2023-10-28-18-33-37/model_best.pth
exp_name: 2023-10-28-18-33-37
save_dir: /tmp/2023-10-28-18-33-37/
loss_type: l2
optimizer: adam
trans_rep: tracknet
batch_size: 64
crop_ratio: 1.2
use_normal: false
BN_momentum: 0.1
max_num_key: null
warmup_step: -1
input_resize:
- 160
- 160
max_step_val: 1000
normal_uint8: false
vis_interval: 1000
weight_decay: 0
n_max_objects: null
normalize_xyz: true
clip_grad_norm: 'Infinity'
rot_normalizer: 0.3490658503988659
trans_normalizer:
- 0.019999999552965164
- 0.019999999552965164
- 0.05000000074505806
max_step_per_epoch: 25000
val_epoch_interval: 10
n_dataloader_workers: 60
enable_amp: true
use_mask: false

[2024-09-19 17:47:47,944][root][INFO] - self.h5_file:
[2024-09-19 17:47:48,001][root][INFO] - Using pretrained model from FoundationPose/learning/training/../../weights/2023-10-28-18-33-37/model_best.pth
[2024-09-19 17:47:48,036][root][INFO] - init done
[2024-09-19 17:47:50,251][root][INFO] - self.diameter:0.14523516687604437, vox_size:0.007261758343802219
[2024-09-19 17:47:50,266][root][INFO] - self.pts:torch.Size([858, 3])
[2024-09-19 17:47:51,102][root][INFO] - reset done
[2024-09-19 17:47:51,103][root][INFO] - cam_in_obs:(42, 4, 4)
[2024-09-19 17:47:51,113][root][INFO] - rot_grid:(252, 4, 4)
[2024-09-19 17:47:51,114][root][INFO] - after cluster, rot_grid:(252, 4, 4)
[2024-09-19 17:47:51,115][root][INFO] - self.rot_grid: torch.Size([252, 4, 4])
[2024-09-19 17:48:27,509][root][INFO] - Welcome
[2024-09-19 17:48:27,525][root][INFO] - poses:(252, 4, 4)
[2024-09-19 17:48:27,539][root][INFO] - after viewpoint, add_errs min:-1.0
[2024-09-19 17:48:27,570][root][INFO] - ob_in_cams:(252, 4, 4)
[2024-09-19 17:48:27,571][root][INFO] - self.cfg.use_normal:False
[2024-09-19 17:48:27,571][root][INFO] - trans_normalizer:[0.019999999552965164, 0.019999999552965164, 0.05000000074505806], rot_normalizer:0.3490658503988659
[2024-09-19 17:48:27,611][root][INFO] - making cropped data
[2024-09-19 17:48:27,611][root][INFO] - Welcome make_crop_data_batch
[2024-09-19 17:48:27,614][root][INFO] - make tf_to_crops done
[2024-09-19 17:48:27,646][root][INFO] - render done
[2024-09-19 17:48:27,654][root][INFO] - warp done
[2024-09-19 17:48:27,660][root][INFO] - pose batch data done
[2024-09-19 17:48:27,660][root][INFO] - forward start
[2024-09-19 17:48:27,790][root][INFO] - forward done
[2024-09-19 17:48:27,803][root][INFO] - making cropped data
[2024-09-19 17:48:27,803][root][INFO] - Welcome make_crop_data_batch
[2024-09-19 17:48:27,804][root][INFO] - make tf_to_crops done
[2024-09-19 17:48:27,824][root][INFO] - render done
[2024-09-19 17:48:27,828][root][INFO] - warp done
[2024-09-19 17:48:27,832][root][INFO] - pose batch data done
[2024-09-19 17:48:27,832][root][INFO] - forward start
[2024-09-19 17:48:27,833][root][INFO] - forward done
[2024-09-19 17:48:27,833][root][INFO] - making cropped data
[2024-09-19 17:48:27,833][root][INFO] - Welcome make_crop_data_batch
[2024-09-19 17:48:27,940][root][INFO] - make tf_to_crops done
[2024-09-19 17:48:27,960][root][INFO] - render done
[2024-09-19 17:48:27,965][root][INFO] - warp done
[2024-09-19 17:48:27,968][root][INFO] - pose batch data done
[2024-09-19 17:48:27,968][root][INFO] - forward start
[2024-09-19 17:48:27,970][root][INFO] - forward done
[2024-09-19 17:48:27,970][root][INFO] - making cropped data
[2024-09-19 17:48:27,970][root][INFO] - Welcome make_crop_data_batch
[2024-09-19 17:48:28,076][root][INFO] - make tf_to_crops done
[2024-09-19 17:48:28,095][root][INFO] - render done
[2024-09-19 17:48:28,101][root][INFO] - warp done
[2024-09-19 17:48:28,104][root][INFO] - pose batch data done
[2024-09-19 17:48:28,104][root][INFO] - forward start
[2024-09-19 17:48:28,106][root][INFO] - forward done
[2024-09-19 17:48:28,106][root][INFO] - making cropped data
[2024-09-19 17:48:28,106][root][INFO] - Welcome make_crop_data_batch
[2024-09-19 17:48:28,213][root][INFO] - make tf_to_crops done
[2024-09-19 17:48:28,234][root][INFO] - render done
[2024-09-19 17:48:28,239][root][INFO] - warp done
[2024-09-19 17:48:28,242][root][INFO] - pose batch data done
[2024-09-19 17:48:28,242][root][INFO] - forward start
[2024-09-19 17:48:28,243][root][INFO] - forward done
[2024-09-19 17:48:28,365][root][INFO] - ob_in_cams:(252, 4, 4)
[2024-09-19 17:48:28,366][root][INFO] - self.cfg.use_normal:False
[2024-09-19 17:48:28,366][root][INFO] - making cropped data
[2024-09-19 17:48:28,380][root][INFO] - Welcome make_crop_data_batch
[2024-09-19 17:48:28,380][root][INFO] - make tf_to_crops done
[2024-09-19 17:48:28,400][root][INFO] - render done
[2024-09-19 17:48:28,539][root][INFO] - pose batch data done
[2024-09-19 17:48:28,539][root][INFO] - pose_data.rgbAs.shape[0]: 252
[2024-09-19 17:48:28,640][root][INFO] - forward done
[2024-09-19 17:48:28,658][root][INFO] - final, add_errs min:-1.0
[2024-09-19 17:48:28,668][root][INFO] - sort ids:tensor([ 40, 215,  39, 123, 138, 158, 163, 214, 152, 139, 180,  92,  45, 197,
         29,  20,  72,  42, 109, 237, 132,   0,  94,  82,   6,  69,  28, 126,
         50,  96, 133, 184, 191,  30, 108, 241, 102, 185,  77,  88, 232,  23,
        187,  95, 141, 207, 211, 221, 231,  83,  49, 125, 166, 194, 120, 175,
          3,  47,  14,  58, 161,  36,  18,  16, 181,  12, 209, 137, 235, 153,
        186,  35, 233,  15,  51,  91, 146, 204, 240, 251,  52, 179,  78, 124,
        183, 225,  93, 106, 114, 147, 171, 208,  64,  87, 210, 223, 246, 248,
         89, 118, 193,  21,  26,  34,  65, 113, 172, 230,  56,  67,  68, 205,
         17,  81, 117, 156, 176, 190, 195, 105, 131, 236, 239, 242,  11,  62,
        247,   5,  61, 157, 162, 203, 212, 249,  66,  85,  98, 129, 148, 182,
        198, 122, 200,  59, 136, 142, 145, 196, 217, 224,  55,  90, 177, 192,
        199,  63, 101, 115, 189, 218,  57,  97,  99, 104, 167, 173,  25,  48,
          4,   8,  13,  22,  38,  53,  79, 128, 155, 164, 178, 226, 227, 228,
          2,  10, 119, 170, 220,   1,  86, 149, 229,  31,  46, 107, 112, 174,
        243,  37,  60,  76, 188,   9,  75,  84, 127,  19,  41, 238,   7, 143,
        160,  74, 100, 135, 150, 219,  44,  73, 222,  33, 103, 244,  80,  27,
        111, 201, 206, 216,  24, 130, 140, 151, 154, 159, 165,  54, 116, 169,
         32,  43, 110, 168, 250, 213, 121, 144,  71, 234, 245, 202,  70, 134])
[2024-09-19 17:48:28,671][root][INFO] - sorted scores:tensor([116.0938, 116.0938, 116.0625, 116.0469, 116.0469, 116.0469, 116.0469,
        116.0469, 115.8750, 115.5859, 115.5391, 115.5312, 115.4141, 115.4141,
        115.3906, 115.3750, 115.3594, 115.3516, 115.3516, 115.3438, 115.3359,
        115.3281, 115.3281, 115.3203, 115.3125, 115.3125, 115.3047, 115.3047,
        115.2969, 115.2812, 115.2734, 115.2734, 115.2734, 115.2656, 115.2656,
        115.2656, 115.2578, 115.2578, 115.2422, 115.2422, 115.2344, 115.2266,
        115.2266, 115.2188, 115.2188, 115.2188, 115.2109, 115.2109, 115.2109,
        115.2031, 115.1797, 115.1719, 115.1719, 115.1719, 115.1484, 115.1484,
        115.1250, 115.1172, 115.1094, 115.1016, 115.1016, 115.0938, 115.0781,
        115.0703, 115.0703, 115.0625, 115.0625, 115.0547, 115.0547, 115.0469,
        115.0391, 115.0312, 115.0312, 115.0234, 115.0234, 115.0234, 115.0234,
        115.0234, 115.0234, 115.0234, 115.0156, 115.0156, 115.0078, 115.0078,
        115.0078, 115.0078, 115.0000, 115.0000, 114.9922, 114.9922, 114.9922,
        114.9922, 114.9844, 114.9766, 114.9766, 114.9766, 114.9766, 114.9766,
        114.9688, 114.9688, 114.9688, 114.9609, 114.9609, 114.9609, 114.9609,
        114.9609, 114.9609, 114.9609, 114.9531, 114.9531, 114.9531, 114.9531,
        114.9453, 114.9453, 114.9453, 114.9453, 114.9453, 114.9453, 114.9453,
        114.9375, 114.9375, 114.9375, 114.9375, 114.9375, 114.9297, 114.9297,
        114.9297, 114.9219, 114.9219, 114.9219, 114.9219, 114.9219, 114.9219,
        114.9219, 114.9141, 114.9141, 114.9141, 114.9141, 114.9141, 114.9141,
        114.9141, 114.9062, 114.9062, 114.8984, 114.8984, 114.8984, 114.8984,
        114.8984, 114.8984, 114.8984, 114.8906, 114.8906, 114.8906, 114.8906,
        114.8906, 114.8828, 114.8828, 114.8828, 114.8828, 114.8828, 114.8750,
        114.8750, 114.8750, 114.8750, 114.8750, 114.8750, 114.8672, 114.8672,
        114.8594, 114.8594, 114.8594, 114.8594, 114.8594, 114.8594, 114.8594,
        114.8594, 114.8594, 114.8594, 114.8594, 114.8594, 114.8594, 114.8594,
        114.8516, 114.8516, 114.8516, 114.8516, 114.8516, 114.8438, 114.8438,
        114.8438, 114.8438, 114.8359, 114.8359, 114.8359, 114.8359, 114.8359,
        114.8359, 114.8281, 114.8281, 114.8281, 114.8281, 114.8203, 114.8203,
        114.8203, 114.8203, 114.8125, 114.8125, 114.8125, 114.8047, 114.8047,
        114.8047, 114.7969, 114.7969, 114.7969, 114.7969, 114.7969, 114.7891,
        114.7891, 114.7891, 114.7812, 114.7812, 114.7812, 114.7734, 114.7656,
        114.7656, 114.7656, 114.7656, 114.7656, 114.7578, 114.7578, 114.7578,
        114.7578, 114.7578, 114.7578, 114.7578, 114.7500, 114.7500, 114.7500,
        114.7422, 114.7422, 114.7422, 114.7422, 114.7422, 114.7109, 114.7031,
        114.7031, 114.6875, 114.6875, 114.6875, 114.6641, 114.6484, 114.6172])
[2024-09-19 17:48:28,681][websockets.server][INFO] - server listening on 127.0.0.1:8080
[2024-09-19 17:48:29,783][websockets.server][INFO] - connection open
[2024-09-19 17:48:31,640][websockets.server][INFO] - connection open
[2024-09-19 17:48:47,400][websockets.server][INFO] - connection open
